early_stop enabled: mode=cycle_mean, min_episodes=30, max_episodes=500, patience=3, min_delta=0.0500, abs_floor=1.00, cycle_len=10, metric=wait
episode:0/500, train_demand:raw_data/ingolstadt21/od_hubs/demand_set/train_00.rou.xml
step:1800/1800, q_loss:0, rewards:-75.06333923339844, queue:7.394444465637207, delay:0.1880732923746109, throughput:1352
episode:0/500, real avg travel time:337.5473372781065
episode:0/500, median wait:88.0 (n=1352)
HELDOUT episode:0/500, demand:raw_data/ingolstadt21/od_hubs/demand_set/hold_00.rou.xml, travel time:334.66315789473686, rewards:-125.67389678955078, queue:11.256349563598633, delay:0.30142900347709656, throughput:665
HELDOUT episode:0/500, demand:raw_data/ingolstadt21/od_hubs/demand_set/hold_00.rou.xml, median wait:49.0
HELDOUT episode:0/500, demand:raw_data/ingolstadt21/od_hubs/demand_set/hold_01.rou.xml, travel time:364.6484490398818, rewards:-129.4127960205078, queue:11.289682388305664, delay:0.3120996952056885, throughput:677
HELDOUT episode:0/500, demand:raw_data/ingolstadt21/od_hubs/demand_set/hold_01.rou.xml, median wait:69.0
HELDOUT episode:0/500, demand:raw_data/ingolstadt21/od_hubs/demand_set/hold_02.rou.xml, travel time:353.02186588921285, rewards:-129.81777954101562, queue:11.643651008605957, delay:0.3111262917518616, throughput:686
HELDOUT episode:0/500, demand:raw_data/ingolstadt21/od_hubs/demand_set/hold_02.rou.xml, median wait:59.0
HELDOUT_MEAN episode:0/500, travel time:350.7778242746105 (n=3)
New best heldout ATT=350.7778 at episode 0 (saved model/best_*.pt)
episode:1/500, train_demand:raw_data/ingolstadt21/od_hubs/demand_set/train_01.rou.xml
step:1800/1800, q_loss:0, rewards:-76.23168182373047, queue:7.52063512802124, delay:0.1901881992816925, throughput:1259
episode:1/500, real avg travel time:346.1564733915806
episode:1/500, median wait:87.0 (n=1259)
episode:2/500, train_demand:raw_data/ingolstadt21/od_hubs/demand_set/train_02.rou.xml
step:1800/1800, q_loss:0, rewards:-76.61389923095703, queue:7.6164021492004395, delay:0.1936427652835846, throughput:1307
episode:2/500, real avg travel time:345.7911247130834
episode:2/500, median wait:86.0 (n=1307)
episode:3/500, train_demand:raw_data/ingolstadt21/od_hubs/demand_set/train_03.rou.xml
step:1800/1800, q_loss:0, rewards:-73.11444854736328, queue:7.307936668395996, delay:0.18670272827148438, throughput:1486
episode:3/500, real avg travel time:327.757065948856
episode:3/500, median wait:82.0 (n=1486)
episode:4/500, train_demand:raw_data/ingolstadt21/od_hubs/demand_set/train_04.rou.xml
step:1800/1800, q_loss:0, rewards:-76.72167205810547, queue:7.601587295532227, delay:0.19472473859786987, throughput:1260
episode:4/500, real avg travel time:345.03015873015875
episode:4/500, median wait:82.0 (n=1260)
episode:5/500, train_demand:raw_data/ingolstadt21/od_hubs/demand_set/train_05.rou.xml
step:1800/1800, q_loss:9.034467697143555, rewards:-98.55888366699219, queue:9.247090339660645, delay:0.2387198954820633, throughput:995
episode:5/500, real avg travel time:321.39095477386934
episode:5/500, median wait:63.0 (n=995)
episode:6/500, train_demand:raw_data/ingolstadt21/od_hubs/demand_set/train_06.rou.xml
step:1800/1800, q_loss:18.497783660888672, rewards:-90.45111083984375, queue:8.273015975952148, delay:0.2416011244058609, throughput:632
episode:6/500, real avg travel time:395.00474683544303
episode:6/500, median wait:85.5 (n=632)
episode:7/500, train_demand:raw_data/ingolstadt21/od_hubs/demand_set/train_07.rou.xml
step:1800/1800, q_loss:36.02030563354492, rewards:-96.24444580078125, queue:8.555026054382324, delay:0.2513987720012665, throughput:634
episode:7/500, real avg travel time:318.6451104100946
episode:7/500, median wait:45.5 (n=634)
episode:8/500, train_demand:raw_data/ingolstadt21/od_hubs/demand_set/train_08.rou.xml
step:1800/1800, q_loss:46.80945587158203, rewards:-84.77665710449219, queue:8.051587104797363, delay:0.21924112737178802, throughput:794
episode:8/500, real avg travel time:316.3463476070529
episode:8/500, median wait:58.5 (n=794)
episode:9/500, train_demand:raw_data/ingolstadt21/od_hubs/demand_set/train_09.rou.xml
step:1800/1800, q_loss:49.806270599365234, rewards:-90.48722076416016, queue:8.311904907226562, delay:0.20238357782363892, throughput:748
episode:9/500, real avg travel time:296.2901069518717
episode:9/500, median wait:36.5 (n=748)
episode:10/500, train_demand:raw_data/ingolstadt21/od_hubs/demand_set/train_00.rou.xml
step:1800/1800, q_loss:50.616249084472656, rewards:-82.49723052978516, queue:7.813227653503418, delay:0.1920686811208725, throughput:689
episode:10/500, real avg travel time:371.0899854862119
episode:10/500, median wait:83.0 (n=689)
HELDOUT episode:10/500, demand:raw_data/ingolstadt21/od_hubs/demand_set/hold_00.rou.xml, travel time:324.21487603305786, rewards:-100.97889709472656, queue:9.01269817352295, delay:0.2493787705898285, throughput:484
HELDOUT episode:10/500, demand:raw_data/ingolstadt21/od_hubs/demand_set/hold_00.rou.xml, median wait:18.0
HELDOUT episode:10/500, demand:raw_data/ingolstadt21/od_hubs/demand_set/hold_01.rou.xml, travel time:363.93835616438355, rewards:-112.5966796875, queue:9.496561050415039, delay:0.25645968317985535, throughput:438
HELDOUT episode:10/500, demand:raw_data/ingolstadt21/od_hubs/demand_set/hold_01.rou.xml, median wait:23.0
HELDOUT episode:10/500, demand:raw_data/ingolstadt21/od_hubs/demand_set/hold_02.rou.xml, travel time:342.2, rewards:-97.40443420410156, queue:8.797618865966797, delay:0.2529159486293793, throughput:510
HELDOUT episode:10/500, demand:raw_data/ingolstadt21/od_hubs/demand_set/hold_02.rou.xml, median wait:23.0
HELDOUT_MEAN episode:10/500, travel time:343.45107739914715 (n=3)
New best heldout ATT=343.4511 at episode 10 (saved model/best_*.pt)
episode:11/500, train_demand:raw_data/ingolstadt21/od_hubs/demand_set/train_01.rou.xml
step:1800/1800, q_loss:47.36704635620117, rewards:-76.48778533935547, queue:7.531217098236084, delay:0.19304758310317993, throughput:836
episode:11/500, real avg travel time:379.7511961722488
episode:11/500, median wait:86.0 (n=836)
episode:12/500, train_demand:raw_data/ingolstadt21/od_hubs/demand_set/train_02.rou.xml
step:1800/1800, q_loss:45.09023666381836, rewards:-70.38443756103516, queue:7.267989635467529, delay:0.18693114817142487, throughput:926
episode:12/500, real avg travel time:384.87365010799135
episode:12/500, median wait:79.0 (n=926)
episode:13/500, train_demand:raw_data/ingolstadt21/od_hubs/demand_set/train_03.rou.xml
step:1800/1800, q_loss:38.468658447265625, rewards:-77.2572250366211, queue:7.710317611694336, delay:0.18250474333763123, throughput:870
episode:13/500, real avg travel time:360.29540229885055
episode:13/500, median wait:51.5 (n=870)
episode:14/500, train_demand:raw_data/ingolstadt21/od_hubs/demand_set/train_04.rou.xml
step:1800/1800, q_loss:36.04585647583008, rewards:-72.66499328613281, queue:7.2978835105896, delay:0.17188209295272827, throughput:1046
episode:14/500, real avg travel time:339.70841300191205
episode:14/500, median wait:71.0 (n=1046)
episode:15/500, train_demand:raw_data/ingolstadt21/od_hubs/demand_set/train_05.rou.xml
step:1800/1800, q_loss:32.51631546020508, rewards:-68.06722259521484, queue:7.0920634269714355, delay:0.16574949026107788, throughput:1089
episode:15/500, real avg travel time:321.63269054178147
episode:15/500, median wait:55.0 (n=1089)
episode:16/500, train_demand:raw_data/ingolstadt21/od_hubs/demand_set/train_06.rou.xml
step:1800/1800, q_loss:29.547292709350586, rewards:-63.03889465332031, queue:6.85449743270874, delay:0.15593507885932922, throughput:1233
episode:16/500, real avg travel time:325.8961881589619
episode:16/500, median wait:40.0 (n=1233)
episode:17/500, train_demand:raw_data/ingolstadt21/od_hubs/demand_set/train_07.rou.xml
step:1800/1800, q_loss:28.314512252807617, rewards:-65.34333038330078, queue:6.9658732414245605, delay:0.15090949833393097, throughput:1242
episode:17/500, real avg travel time:319.6207729468599
episode:17/500, median wait:45.0 (n=1242)
episode:18/500, train_demand:raw_data/ingolstadt21/od_hubs/demand_set/train_08.rou.xml
step:1800/1800, q_loss:25.608190536499023, rewards:-67.20555877685547, queue:7.056878089904785, delay:0.14925146102905273, throughput:1195
episode:18/500, real avg travel time:301.34979079497907
episode:18/500, median wait:33.0 (n=1195)
episode:19/500, train_demand:raw_data/ingolstadt21/od_hubs/demand_set/train_09.rou.xml
step:1800/1800, q_loss:22.964365005493164, rewards:-62.70277786254883, queue:6.819841384887695, delay:0.1474134624004364, throughput:1277
episode:19/500, real avg travel time:306.55677368833204
episode:19/500, median wait:43.0 (n=1277)
cycle_mean cycle=1 m_prev=71.40 m_curr=58.65 rel=-0.1786 delta=-12.75 flat=False improved=True patience=0/3
episode:20/500, train_demand:raw_data/ingolstadt21/od_hubs/demand_set/train_00.rou.xml
step:1800/1800, q_loss:21.61392593383789, rewards:-61.23721694946289, queue:6.773809432983398, delay:0.14154966175556183, throughput:1271
episode:20/500, real avg travel time:321.3422501966955
episode:20/500, median wait:57.0 (n=1271)
HELDOUT episode:20/500, demand:raw_data/ingolstadt21/od_hubs/demand_set/hold_00.rou.xml, travel time:314.933969769292, rewards:-63.36944580078125, queue:6.86904764175415, delay:0.14774289727210999, throughput:1257
HELDOUT episode:20/500, demand:raw_data/ingolstadt21/od_hubs/demand_set/hold_00.rou.xml, median wait:48.0
HELDOUT episode:20/500, demand:raw_data/ingolstadt21/od_hubs/demand_set/hold_01.rou.xml, travel time:315.80265486725665, rewards:-70.79055786132812, queue:7.269047737121582, delay:0.15092799067497253, throughput:1130
HELDOUT episode:20/500, demand:raw_data/ingolstadt21/od_hubs/demand_set/hold_01.rou.xml, median wait:45.0
HELDOUT episode:20/500, demand:raw_data/ingolstadt21/od_hubs/demand_set/hold_02.rou.xml, travel time:311.21714743589746, rewards:-64.397216796875, queue:6.927513122558594, delay:0.15178243815898895, throughput:1248
HELDOUT episode:20/500, demand:raw_data/ingolstadt21/od_hubs/demand_set/hold_02.rou.xml, median wait:45.0
HELDOUT_MEAN episode:20/500, travel time:313.98459069081537 (n=3)
New best heldout ATT=313.9846 at episode 20 (saved model/best_*.pt)
episode:21/500, train_demand:raw_data/ingolstadt21/od_hubs/demand_set/train_01.rou.xml
step:1800/1800, q_loss:21.9639835357666, rewards:-60.13944625854492, queue:6.72089958190918, delay:0.14278970658779144, throughput:1207
episode:21/500, real avg travel time:286.0049710024855
episode:21/500, median wait:30.0 (n=1207)
episode:22/500, train_demand:raw_data/ingolstadt21/od_hubs/demand_set/train_02.rou.xml
step:1800/1800, q_loss:22.088586807250977, rewards:-63.817771911621094, queue:6.882275104522705, delay:0.14585565030574799, throughput:1171
episode:22/500, real avg travel time:298.0290350128096
episode:22/500, median wait:37.0 (n=1171)
episode:23/500, train_demand:raw_data/ingolstadt21/od_hubs/demand_set/train_03.rou.xml
step:1800/1800, q_loss:19.54610252380371, rewards:-62.383880615234375, queue:6.804232597351074, delay:0.13900847733020782, throughput:1288
episode:23/500, real avg travel time:301.3074534161491
episode:23/500, median wait:39.0 (n=1288)
episode:24/500, train_demand:raw_data/ingolstadt21/od_hubs/demand_set/train_04.rou.xml
step:1800/1800, q_loss:19.685047149658203, rewards:-64.44556427001953, queue:6.926719665527344, delay:0.14381034672260284, throughput:1199
episode:24/500, real avg travel time:287.14428690575477
episode:24/500, median wait:34.0 (n=1199)
episode:25/500, train_demand:raw_data/ingolstadt21/od_hubs/demand_set/train_05.rou.xml
step:1800/1800, q_loss:18.268383026123047, rewards:-69.31499481201172, queue:7.163227558135986, delay:0.153281107544899, throughput:1207
episode:25/500, real avg travel time:343.5045567522784
episode:25/500, median wait:50.0 (n=1207)
episode:26/500, train_demand:raw_data/ingolstadt21/od_hubs/demand_set/train_06.rou.xml
step:1800/1800, q_loss:18.01439094543457, rewards:-61.71388244628906, queue:6.780158519744873, delay:0.14056570827960968, throughput:1395
episode:26/500, real avg travel time:304.7247311827957
episode:26/500, median wait:41.0 (n=1395)
episode:27/500, train_demand:raw_data/ingolstadt21/od_hubs/demand_set/train_07.rou.xml
step:1800/1800, q_loss:17.0179386138916, rewards:-62.69889450073242, queue:6.82539701461792, delay:0.13899457454681396, throughput:1245
episode:27/500, real avg travel time:312.3285140562249
episode:27/500, median wait:37.0 (n=1245)
episode:28/500, train_demand:raw_data/ingolstadt21/od_hubs/demand_set/train_08.rou.xml
step:1800/1800, q_loss:16.793859481811523, rewards:-61.742225646972656, queue:6.792327880859375, delay:0.14126203954219818, throughput:1195
episode:28/500, real avg travel time:312.2845188284519
episode:28/500, median wait:36.0 (n=1195)
episode:29/500, train_demand:raw_data/ingolstadt21/od_hubs/demand_set/train_09.rou.xml
step:1800/1800, q_loss:16.83797264099121, rewards:-64.41889953613281, queue:6.908994674682617, delay:0.13859282433986664, throughput:1226
episode:29/500, real avg travel time:299.4037520391517
episode:29/500, median wait:32.0 (n=1226)
cycle_mean cycle=2 m_prev=58.65 m_curr=39.30 rel=-0.3299 delta=-19.35 flat=False improved=True patience=0/3
episode:30/500, train_demand:raw_data/ingolstadt21/od_hubs/demand_set/train_00.rou.xml
step:1800/1800, q_loss:17.36760711669922, rewards:-61.26390075683594, queue:6.774867534637451, delay:0.13689281046390533, throughput:1148
episode:30/500, real avg travel time:316.35714285714283
episode:30/500, median wait:40.0 (n=1148)
HELDOUT episode:30/500, demand:raw_data/ingolstadt21/od_hubs/demand_set/hold_00.rou.xml, travel time:299.24399615754083, rewards:-69.43000030517578, queue:7.364285945892334, delay:0.1504703164100647, throughput:1041
HELDOUT episode:30/500, demand:raw_data/ingolstadt21/od_hubs/demand_set/hold_00.rou.xml, median wait:33.0
HELDOUT episode:30/500, demand:raw_data/ingolstadt21/od_hubs/demand_set/hold_01.rou.xml, travel time:295.2879078694818, rewards:-70.06720733642578, queue:7.2920637130737305, delay:0.14388373494148254, throughput:1042
HELDOUT episode:30/500, demand:raw_data/ingolstadt21/od_hubs/demand_set/hold_01.rou.xml, median wait:30.0
HELDOUT episode:30/500, demand:raw_data/ingolstadt21/od_hubs/demand_set/hold_02.rou.xml, travel time:299.68137782561894, rewards:-76.84333801269531, queue:7.701058387756348, delay:0.16464956104755402, throughput:929
HELDOUT episode:30/500, demand:raw_data/ingolstadt21/od_hubs/demand_set/hold_02.rou.xml, median wait:28.0
HELDOUT_MEAN episode:30/500, travel time:298.07109395088054 (n=3)
New best heldout ATT=298.0711 at episode 30 (saved model/best_*.pt)
episode:31/500, train_demand:raw_data/ingolstadt21/od_hubs/demand_set/train_01.rou.xml
step:1800/1800, q_loss:18.000661849975586, rewards:-61.423892974853516, queue:6.7798943519592285, delay:0.1390620321035385, throughput:1260
episode:31/500, real avg travel time:311.24920634920636
episode:31/500, median wait:39.0 (n=1260)
episode:32/500, train_demand:raw_data/ingolstadt21/od_hubs/demand_set/train_02.rou.xml
step:1800/1800, q_loss:18.34860610961914, rewards:-63.65278244018555, queue:6.8843913078308105, delay:0.1422615945339203, throughput:1290
episode:32/500, real avg travel time:337.46356589147285
episode:32/500, median wait:45.0 (n=1290)
episode:33/500, train_demand:raw_data/ingolstadt21/od_hubs/demand_set/train_03.rou.xml
step:1800/1800, q_loss:16.666278839111328, rewards:-58.67110824584961, queue:6.622751235961914, delay:0.1284744292497635, throughput:1312
episode:33/500, real avg travel time:306.09375
episode:33/500, median wait:37.0 (n=1312)
episode:34/500, train_demand:raw_data/ingolstadt21/od_hubs/demand_set/train_04.rou.xml
step:1800/1800, q_loss:15.33461856842041, rewards:-59.31999969482422, queue:6.692857265472412, delay:0.13689324259757996, throughput:1231
episode:34/500, real avg travel time:294.3907392363932
episode:34/500, median wait:34.0 (n=1231)
episode:35/500, train_demand:raw_data/ingolstadt21/od_hubs/demand_set/train_05.rou.xml
step:1800/1800, q_loss:15.102529525756836, rewards:-58.042232513427734, queue:6.60449743270874, delay:0.1309238225221634, throughput:1371
episode:35/500, real avg travel time:293.6710430342815
episode:35/500, median wait:37.0 (n=1371)
episode:36/500, train_demand:raw_data/ingolstadt21/od_hubs/demand_set/train_06.rou.xml
step:1800/1800, q_loss:13.921422958374023, rewards:-57.76832580566406, queue:6.599999904632568, delay:0.13106481730937958, throughput:1270
episode:36/500, real avg travel time:285.2551181102362
episode:36/500, median wait:29.0 (n=1270)
episode:37/500, train_demand:raw_data/ingolstadt21/od_hubs/demand_set/train_07.rou.xml
step:1800/1800, q_loss:12.321124076843262, rewards:-62.83167266845703, queue:6.821164131164551, delay:0.13984009623527527, throughput:1340
episode:37/500, real avg travel time:315.06641791044774
episode:37/500, median wait:36.5 (n=1340)
episode:38/500, train_demand:raw_data/ingolstadt21/od_hubs/demand_set/train_08.rou.xml
step:1800/1800, q_loss:11.7106294631958, rewards:-62.4072265625, queue:6.814285755157471, delay:0.13299795985221863, throughput:1223
episode:38/500, real avg travel time:295.6999182338512
episode:38/500, median wait:31.0 (n=1223)
episode:39/500, train_demand:raw_data/ingolstadt21/od_hubs/demand_set/train_09.rou.xml
step:1800/1800, q_loss:11.71771240234375, rewards:-66.11666870117188, queue:6.995767116546631, delay:0.1424378603696823, throughput:1293
episode:39/500, real avg travel time:305.6233565351895
episode:39/500, median wait:38.0 (n=1293)
cycle_mean cycle=3 m_prev=39.30 m_curr=36.65 rel=-0.0674 delta=-2.65 flat=False improved=True patience=0/3
episode:40/500, train_demand:raw_data/ingolstadt21/od_hubs/demand_set/train_00.rou.xml
step:1800/1800, q_loss:11.308589935302734, rewards:-66.21444702148438, queue:7.03518533706665, delay:0.13124504685401917, throughput:1065
episode:40/500, real avg travel time:282.1586854460094
episode:40/500, median wait:26.0 (n=1065)
HELDOUT episode:40/500, demand:raw_data/ingolstadt21/od_hubs/demand_set/hold_00.rou.xml, travel time:272.22264150943397, rewards:-61.956119537353516, queue:6.771957874298096, delay:0.1274878978729248, throughput:1325
HELDOUT episode:40/500, demand:raw_data/ingolstadt21/od_hubs/demand_set/hold_00.rou.xml, median wait:28.0
HELDOUT episode:40/500, demand:raw_data/ingolstadt21/od_hubs/demand_set/hold_01.rou.xml, travel time:289.6083650190114, rewards:-61.22721481323242, queue:6.74312162399292, delay:0.1289462149143219, throughput:1315
HELDOUT episode:40/500, demand:raw_data/ingolstadt21/od_hubs/demand_set/hold_01.rou.xml, median wait:32.0
HELDOUT episode:40/500, demand:raw_data/ingolstadt21/od_hubs/demand_set/hold_02.rou.xml, travel time:282.9375939849624, rewards:-63.42499923706055, queue:6.845502853393555, delay:0.1339452713727951, throughput:1330
HELDOUT episode:40/500, demand:raw_data/ingolstadt21/od_hubs/demand_set/hold_02.rou.xml, median wait:32.0
HELDOUT_MEAN episode:40/500, travel time:281.5895335044693 (n=3)
New best heldout ATT=281.5895 at episode 40 (saved model/best_*.pt)
episode:41/500, train_demand:raw_data/ingolstadt21/od_hubs/demand_set/train_01.rou.xml
step:1800/1800, q_loss:12.0172119140625, rewards:-61.561668395996094, queue:6.760317325592041, delay:0.13436853885650635, throughput:1252
episode:41/500, real avg travel time:328.2979233226837
episode:41/500, median wait:30.0 (n=1252)
episode:42/500, train_demand:raw_data/ingolstadt21/od_hubs/demand_set/train_02.rou.xml
step:1800/1800, q_loss:11.846273422241211, rewards:-61.91889572143555, queue:6.771957874298096, delay:0.1412150263786316, throughput:1323
episode:42/500, real avg travel time:300.1541950113379
episode:42/500, median wait:36.0 (n=1323)
episode:43/500, train_demand:raw_data/ingolstadt21/od_hubs/demand_set/train_03.rou.xml
step:1800/1800, q_loss:12.233613967895508, rewards:-68.31222534179688, queue:7.129894256591797, delay:0.14381365478038788, throughput:1226
episode:43/500, real avg travel time:314.6084828711256
episode:43/500, median wait:35.0 (n=1226)
episode:44/500, train_demand:raw_data/ingolstadt21/od_hubs/demand_set/train_04.rou.xml
step:1800/1800, q_loss:12.736536979675293, rewards:-56.39889907836914, queue:6.5341267585754395, delay:0.12408779561519623, throughput:1285
episode:44/500, real avg travel time:280.9992217898833
episode:44/500, median wait:28.0 (n=1285)
episode:45/500, train_demand:raw_data/ingolstadt21/od_hubs/demand_set/train_05.rou.xml
step:1800/1800, q_loss:12.724142074584961, rewards:-62.94333267211914, queue:6.84761905670166, delay:0.13597558438777924, throughput:1215
episode:45/500, real avg travel time:279.35473251028804
episode:45/500, median wait:27.0 (n=1215)
episode:46/500, train_demand:raw_data/ingolstadt21/od_hubs/demand_set/train_06.rou.xml
step:1800/1800, q_loss:12.186576843261719, rewards:-66.51222229003906, queue:7.008729934692383, delay:0.1365918070077896, throughput:1373
episode:46/500, real avg travel time:315.993445010925
episode:46/500, median wait:40.0 (n=1373)
episode:47/500, train_demand:raw_data/ingolstadt21/od_hubs/demand_set/train_07.rou.xml
step:1800/1800, q_loss:12.359219551086426, rewards:-57.65943908691406, queue:6.5740742683410645, delay:0.12600578367710114, throughput:1354
episode:47/500, real avg travel time:313.89881831610046
episode:47/500, median wait:40.0 (n=1354)
episode:48/500, train_demand:raw_data/ingolstadt21/od_hubs/demand_set/train_08.rou.xml
step:1800/1800, q_loss:12.3204984664917, rewards:-64.66944885253906, queue:6.941269874572754, delay:0.1312791109085083, throughput:1155
episode:48/500, real avg travel time:301.26666666666665
episode:48/500, median wait:28.0 (n=1155)
episode:49/500, train_demand:raw_data/ingolstadt21/od_hubs/demand_set/train_09.rou.xml
step:1800/1800, q_loss:13.571725845336914, rewards:-57.429996490478516, queue:6.545238018035889, delay:0.12934227287769318, throughput:1278
episode:49/500, real avg travel time:297.6111111111111
episode:49/500, median wait:29.0 (n=1278)
cycle_mean cycle=4 m_prev=36.65 m_curr=31.90 rel=-0.1296 delta=-4.75 flat=False improved=True patience=0/3
episode:50/500, train_demand:raw_data/ingolstadt21/od_hubs/demand_set/train_00.rou.xml
step:1800/1800, q_loss:12.985027313232422, rewards:-56.16722106933594, queue:6.51375675201416, delay:0.12241632491350174, throughput:1239
episode:50/500, real avg travel time:299.09927360774816
episode:50/500, median wait:33.0 (n=1239)
HELDOUT episode:50/500, demand:raw_data/ingolstadt21/od_hubs/demand_set/hold_00.rou.xml, travel time:272.6035548686244, rewards:-63.025001525878906, queue:6.82539701461792, delay:0.1300228238105774, throughput:1294
HELDOUT episode:50/500, demand:raw_data/ingolstadt21/od_hubs/demand_set/hold_00.rou.xml, median wait:26.0
HELDOUT episode:50/500, demand:raw_data/ingolstadt21/od_hubs/demand_set/hold_01.rou.xml, travel time:304.0309033280507, rewards:-62.01388931274414, queue:6.792592525482178, delay:0.12718859314918518, throughput:1262
HELDOUT episode:50/500, demand:raw_data/ingolstadt21/od_hubs/demand_set/hold_01.rou.xml, median wait:36.0
HELDOUT episode:50/500, demand:raw_data/ingolstadt21/od_hubs/demand_set/hold_02.rou.xml, travel time:316.41265060240966, rewards:-63.4716682434082, queue:6.846031665802002, delay:0.13322384655475616, throughput:1328
HELDOUT episode:50/500, demand:raw_data/ingolstadt21/od_hubs/demand_set/hold_02.rou.xml, median wait:33.0
HELDOUT_MEAN episode:50/500, travel time:297.68236959969494 (n=3)
episode:51/500, train_demand:raw_data/ingolstadt21/od_hubs/demand_set/train_01.rou.xml
step:1800/1800, q_loss:12.781867027282715, rewards:-60.83610534667969, queue:6.737565994262695, delay:0.1358022689819336, throughput:1278
episode:51/500, real avg travel time:318.7691705790297
episode:51/500, median wait:35.0 (n=1278)
episode:52/500, train_demand:raw_data/ingolstadt21/od_hubs/demand_set/train_02.rou.xml
step:1800/1800, q_loss:13.330975532531738, rewards:-55.48777770996094, queue:6.454761981964111, delay:0.12609222531318665, throughput:1413
episode:52/500, real avg travel time:297.72186836518046
episode:52/500, median wait:36.0 (n=1413)
episode:53/500, train_demand:raw_data/ingolstadt21/od_hubs/demand_set/train_03.rou.xml
step:1800/1800, q_loss:12.75259780883789, rewards:-59.66722106933594, queue:6.674074172973633, delay:0.1402033120393753, throughput:1387
episode:53/500, real avg travel time:322.05407354001443
episode:53/500, median wait:41.0 (n=1387)
episode:54/500, train_demand:raw_data/ingolstadt21/od_hubs/demand_set/train_04.rou.xml
step:1800/1800, q_loss:11.196259498596191, rewards:-57.59333801269531, queue:6.572486877441406, delay:0.12088260054588318, throughput:1329
episode:54/500, real avg travel time:301.2663656884876
episode:54/500, median wait:33.0 (n=1329)
episode:55/500, train_demand:raw_data/ingolstadt21/od_hubs/demand_set/train_05.rou.xml
step:1800/1800, q_loss:11.038535118103027, rewards:-68.58611297607422, queue:7.1240739822387695, delay:0.13481839001178741, throughput:1095
episode:55/500, real avg travel time:294.3296803652968
episode:55/500, median wait:32.0 (n=1095)
episode:56/500, train_demand:raw_data/ingolstadt21/od_hubs/demand_set/train_06.rou.xml
step:1800/1800, q_loss:12.543105125427246, rewards:-61.39221954345703, queue:6.7711639404296875, delay:0.12839919328689575, throughput:1269
episode:56/500, real avg travel time:283.39952718676125
episode:56/500, median wait:30.0 (n=1269)
episode:57/500, train_demand:raw_data/ingolstadt21/od_hubs/demand_set/train_07.rou.xml
step:1800/1800, q_loss:12.857305526733398, rewards:-62.23445129394531, queue:6.790476322174072, delay:0.13350439071655273, throughput:1309
episode:57/500, real avg travel time:302.26661573720395
episode:57/500, median wait:30.0 (n=1309)
episode:58/500, train_demand:raw_data/ingolstadt21/od_hubs/demand_set/train_08.rou.xml
step:1800/1800, q_loss:12.749393463134766, rewards:-68.56555938720703, queue:7.106613636016846, delay:0.1331612765789032, throughput:1270
episode:58/500, real avg travel time:303.43779527559053
episode:58/500, median wait:33.0 (n=1270)
episode:59/500, train_demand:raw_data/ingolstadt21/od_hubs/demand_set/train_09.rou.xml
step:1800/1800, q_loss:13.740689277648926, rewards:-58.74222183227539, queue:6.625132083892822, delay:0.12708434462547302, throughput:1275
episode:59/500, real avg travel time:319.8070588235294
episode:59/500, median wait:37.0 (n=1275)
cycle_mean cycle=5 m_prev=31.90 m_curr=34.00 rel=+0.0658 delta=+2.10 flat=False improved=False patience=1/3
episode:60/500, train_demand:raw_data/ingolstadt21/od_hubs/demand_set/train_00.rou.xml
step:1800/1800, q_loss:14.53129768371582, rewards:-55.52721405029297, queue:6.481746196746826, delay:0.12310995161533356, throughput:1275
episode:60/500, real avg travel time:306.95450980392155
episode:60/500, median wait:32.0 (n=1275)
HELDOUT episode:60/500, demand:raw_data/ingolstadt21/od_hubs/demand_set/hold_00.rou.xml, travel time:290.1780104712042, rewards:-59.24221420288086, queue:6.648941993713379, delay:0.12684845924377441, throughput:1337
HELDOUT episode:60/500, demand:raw_data/ingolstadt21/od_hubs/demand_set/hold_00.rou.xml, median wait:28.0
HELDOUT episode:60/500, demand:raw_data/ingolstadt21/od_hubs/demand_set/hold_01.rou.xml, travel time:299.1411192214112, rewards:-60.29777526855469, queue:6.7071428298950195, delay:0.13121265172958374, throughput:1233
HELDOUT episode:60/500, demand:raw_data/ingolstadt21/od_hubs/demand_set/hold_01.rou.xml, median wait:36.0
HELDOUT episode:60/500, demand:raw_data/ingolstadt21/od_hubs/demand_set/hold_02.rou.xml, travel time:300.60103626943004, rewards:-66.98944091796875, queue:7.058994770050049, delay:0.14840036630630493, throughput:1158
HELDOUT episode:60/500, demand:raw_data/ingolstadt21/od_hubs/demand_set/hold_02.rou.xml, median wait:28.0
HELDOUT_MEAN episode:60/500, travel time:296.6400553206818 (n=3)
episode:61/500, train_demand:raw_data/ingolstadt21/od_hubs/demand_set/train_01.rou.xml
step:1800/1800, q_loss:13.988032341003418, rewards:-60.067771911621094, queue:6.703439235687256, delay:0.1340724229812622, throughput:1304
episode:61/500, real avg travel time:296.1065950920245
episode:61/500, median wait:35.0 (n=1304)
episode:62/500, train_demand:raw_data/ingolstadt21/od_hubs/demand_set/train_02.rou.xml
step:1800/1800, q_loss:14.268020629882812, rewards:-61.27054977416992, queue:6.742592811584473, delay:0.13476428389549255, throughput:1274
episode:62/500, real avg travel time:308.3037676609105
episode:62/500, median wait:33.0 (n=1274)
episode:63/500, train_demand:raw_data/ingolstadt21/od_hubs/demand_set/train_03.rou.xml
step:1800/1800, q_loss:13.950478553771973, rewards:-65.54611206054688, queue:6.950793743133545, delay:0.14003828167915344, throughput:1314
episode:63/500, real avg travel time:335.26103500761036
episode:63/500, median wait:45.0 (n=1314)
episode:64/500, train_demand:raw_data/ingolstadt21/od_hubs/demand_set/train_04.rou.xml
step:1800/1800, q_loss:13.905244827270508, rewards:-58.191654205322266, queue:6.607936382293701, delay:0.12490469962358475, throughput:1296
episode:64/500, real avg travel time:286.36265432098764
episode:64/500, median wait:32.5 (n=1296)
episode:65/500, train_demand:raw_data/ingolstadt21/od_hubs/demand_set/train_05.rou.xml
step:1800/1800, q_loss:13.101911544799805, rewards:-54.874446868896484, queue:6.436772346496582, delay:0.11995327472686768, throughput:1300
episode:65/500, real avg travel time:284.85692307692307
episode:65/500, median wait:28.5 (n=1300)
episode:66/500, train_demand:raw_data/ingolstadt21/od_hubs/demand_set/train_06.rou.xml
step:1800/1800, q_loss:12.396875381469727, rewards:-63.019439697265625, queue:6.832274913787842, delay:0.12567239999771118, throughput:1354
episode:66/500, real avg travel time:309.58493353028064
episode:66/500, median wait:36.0 (n=1354)
episode:67/500, train_demand:raw_data/ingolstadt21/od_hubs/demand_set/train_07.rou.xml
step:1800/1800, q_loss:12.453969955444336, rewards:-57.023887634277344, queue:6.526454925537109, delay:0.12352383881807327, throughput:1384
episode:67/500, real avg travel time:301.0065028901734
episode:67/500, median wait:38.0 (n=1384)
episode:68/500, train_demand:raw_data/ingolstadt21/od_hubs/demand_set/train_08.rou.xml
step:1800/1800, q_loss:11.697771072387695, rewards:-66.88666534423828, queue:7.0523810386657715, delay:0.13617487251758575, throughput:1182
episode:68/500, real avg travel time:324.5719120135364
episode:68/500, median wait:34.0 (n=1182)
episode:69/500, train_demand:raw_data/ingolstadt21/od_hubs/demand_set/train_09.rou.xml
step:1800/1800, q_loss:12.318303108215332, rewards:-61.91666793823242, queue:6.779365062713623, delay:0.1311032921075821, throughput:1230
episode:69/500, real avg travel time:314.78536585365856
episode:69/500, median wait:37.0 (n=1230)
cycle_mean cycle=6 m_prev=34.00 m_curr=35.10 rel=+0.0324 delta=+1.10 flat=True improved=False patience=2/3
episode:70/500, train_demand:raw_data/ingolstadt21/od_hubs/demand_set/train_00.rou.xml
step:1800/1800, q_loss:11.444791793823242, rewards:-58.86666488647461, queue:6.6465606689453125, delay:0.1257799118757248, throughput:1295
episode:70/500, real avg travel time:306.8710424710425
episode:70/500, median wait:37.0 (n=1295)
HELDOUT episode:70/500, demand:raw_data/ingolstadt21/od_hubs/demand_set/hold_00.rou.xml, travel time:317.46606704824205, rewards:-58.66389465332031, queue:6.617989540100098, delay:0.12042774260044098, throughput:1223
HELDOUT episode:70/500, demand:raw_data/ingolstadt21/od_hubs/demand_set/hold_00.rou.xml, median wait:29.0
HELDOUT episode:70/500, demand:raw_data/ingolstadt21/od_hubs/demand_set/hold_01.rou.xml, travel time:303.5479219677693, rewards:-57.81166458129883, queue:6.580423355102539, delay:0.1178559809923172, throughput:1179
HELDOUT episode:70/500, demand:raw_data/ingolstadt21/od_hubs/demand_set/hold_01.rou.xml, median wait:32.0
HELDOUT episode:70/500, demand:raw_data/ingolstadt21/od_hubs/demand_set/hold_02.rou.xml, travel time:294.63754646840147, rewards:-65.07666778564453, queue:6.944708824157715, delay:0.13617229461669922, throughput:1076
HELDOUT episode:70/500, demand:raw_data/ingolstadt21/od_hubs/demand_set/hold_02.rou.xml, median wait:24.0
HELDOUT_MEAN episode:70/500, travel time:305.2171784948043 (n=3)
episode:71/500, train_demand:raw_data/ingolstadt21/od_hubs/demand_set/train_01.rou.xml
step:1800/1800, q_loss:10.172693252563477, rewards:-55.94334411621094, queue:6.497619152069092, delay:0.11964907497167587, throughput:1388
episode:71/500, real avg travel time:300.0021613832853
episode:71/500, median wait:34.0 (n=1388)
episode:72/500, train_demand:raw_data/ingolstadt21/od_hubs/demand_set/train_02.rou.xml
step:1800/1800, q_loss:9.56096363067627, rewards:-63.84222412109375, queue:6.884920597076416, delay:0.13741344213485718, throughput:1166
episode:72/500, real avg travel time:282.30960548885076
episode:72/500, median wait:26.0 (n=1166)
episode:73/500, train_demand:raw_data/ingolstadt21/od_hubs/demand_set/train_03.rou.xml
step:1800/1800, q_loss:9.54997444152832, rewards:-61.948333740234375, queue:6.783862590789795, delay:0.13791801035404205, throughput:1277
episode:73/500, real avg travel time:299.1025841816758
episode:73/500, median wait:34.0 (n=1277)
episode:74/500, train_demand:raw_data/ingolstadt21/od_hubs/demand_set/train_04.rou.xml
step:1800/1800, q_loss:8.96914291381836, rewards:-54.28666305541992, queue:6.432804107666016, delay:0.12142118066549301, throughput:1312
episode:74/500, real avg travel time:285.8528963414634
episode:74/500, median wait:26.0 (n=1312)
episode:75/500, train_demand:raw_data/ingolstadt21/od_hubs/demand_set/train_05.rou.xml
step:1800/1800, q_loss:9.296635627746582, rewards:-57.522216796875, queue:6.570370197296143, delay:0.11977013200521469, throughput:1308
episode:75/500, real avg travel time:302.56880733944956
episode:75/500, median wait:29.0 (n=1308)
episode:76/500, train_demand:raw_data/ingolstadt21/od_hubs/demand_set/train_06.rou.xml
step:1800/1800, q_loss:10.066493034362793, rewards:-66.04833221435547, queue:7.005290985107422, delay:0.1350698471069336, throughput:1268
episode:76/500, real avg travel time:309.6482649842271
episode:76/500, median wait:32.0 (n=1268)
episode:77/500, train_demand:raw_data/ingolstadt21/od_hubs/demand_set/train_07.rou.xml
step:1800/1800, q_loss:9.965262413024902, rewards:-57.01833724975586, queue:6.543386459350586, delay:0.12453053146600723, throughput:1372
episode:77/500, real avg travel time:296.2106413994169
episode:77/500, median wait:39.0 (n=1372)
episode:78/500, train_demand:raw_data/ingolstadt21/od_hubs/demand_set/train_08.rou.xml
step:1800/1800, q_loss:10.681923866271973, rewards:-62.717220306396484, queue:6.822486877441406, delay:0.13065998256206512, throughput:1178
episode:78/500, real avg travel time:302.7402376910017
episode:78/500, median wait:30.0 (n=1178)
episode:79/500, train_demand:raw_data/ingolstadt21/od_hubs/demand_set/train_09.rou.xml
step:1800/1800, q_loss:11.389695167541504, rewards:-68.99444580078125, queue:7.147354602813721, delay:0.1430720090866089, throughput:1214
episode:79/500, real avg travel time:298.5181219110379
episode:79/500, median wait:33.0 (n=1214)
cycle_mean cycle=7 m_prev=35.10 m_curr=32.00 rel=-0.0883 delta=-3.10 flat=False improved=True patience=0/3
episode:80/500, train_demand:raw_data/ingolstadt21/od_hubs/demand_set/train_00.rou.xml
step:1800/1800, q_loss:12.047101020812988, rewards:-55.28166198730469, queue:6.467195987701416, delay:0.1217571571469307, throughput:1351
episode:80/500, real avg travel time:302.7179866765359
episode:80/500, median wait:40.0 (n=1351)
HELDOUT episode:80/500, demand:raw_data/ingolstadt21/od_hubs/demand_set/hold_00.rou.xml, travel time:277.0874053682037, rewards:-57.34944534301758, queue:6.5341267585754395, delay:0.12551456689834595, throughput:1453
HELDOUT episode:80/500, demand:raw_data/ingolstadt21/od_hubs/demand_set/hold_00.rou.xml, median wait:29.0
HELDOUT episode:80/500, demand:raw_data/ingolstadt21/od_hubs/demand_set/hold_01.rou.xml, travel time:299.0116618075802, rewards:-57.45833206176758, queue:6.5497355461120605, delay:0.1255895346403122, throughput:1372
HELDOUT episode:80/500, demand:raw_data/ingolstadt21/od_hubs/demand_set/hold_01.rou.xml, median wait:37.0
HELDOUT episode:80/500, demand:raw_data/ingolstadt21/od_hubs/demand_set/hold_02.rou.xml, travel time:291.82557331480194, rewards:-61.840553283691406, queue:6.766402244567871, delay:0.13546587526798248, throughput:1439
HELDOUT episode:80/500, demand:raw_data/ingolstadt21/od_hubs/demand_set/hold_02.rou.xml, median wait:33.0
HELDOUT_MEAN episode:80/500, travel time:289.3082134968619 (n=3)
episode:81/500, train_demand:raw_data/ingolstadt21/od_hubs/demand_set/train_01.rou.xml
step:1800/1800, q_loss:11.227459907531738, rewards:-60.23944091796875, queue:6.766137599945068, delay:0.1320260763168335, throughput:1261
episode:81/500, real avg travel time:326.9095955590801
episode:81/500, median wait:37.0 (n=1261)
episode:82/500, train_demand:raw_data/ingolstadt21/od_hubs/demand_set/train_02.rou.xml
step:1800/1800, q_loss:12.085419654846191, rewards:-61.415550231933594, queue:6.754232883453369, delay:0.12734967470169067, throughput:1280
episode:82/500, real avg travel time:308.07109375
episode:82/500, median wait:29.5 (n=1280)
episode:83/500, train_demand:raw_data/ingolstadt21/od_hubs/demand_set/train_03.rou.xml
step:1800/1800, q_loss:12.477662086486816, rewards:-68.19277954101562, queue:7.09841251373291, delay:0.14198151230812073, throughput:1229
episode:83/500, real avg travel time:301.3303498779496
episode:83/500, median wait:34.0 (n=1229)
episode:84/500, train_demand:raw_data/ingolstadt21/od_hubs/demand_set/train_04.rou.xml
step:1800/1800, q_loss:12.130123138427734, rewards:-56.88166809082031, queue:6.552909851074219, delay:0.12099850177764893, throughput:1373
episode:84/500, real avg travel time:286.05098324836126
episode:84/500, median wait:31.0 (n=1373)
episode:85/500, train_demand:raw_data/ingolstadt21/od_hubs/demand_set/train_05.rou.xml
step:1800/1800, q_loss:11.663126945495605, rewards:-57.02278137207031, queue:6.544179916381836, delay:0.1249222382903099, throughput:1377
episode:85/500, real avg travel time:302.44444444444446
episode:85/500, median wait:31.0 (n=1377)
episode:86/500, train_demand:raw_data/ingolstadt21/od_hubs/demand_set/train_06.rou.xml
step:1800/1800, q_loss:10.33961009979248, rewards:-59.01945114135742, queue:6.651851654052734, delay:0.12976619601249695, throughput:1412
episode:86/500, real avg travel time:288.7245042492918
episode:86/500, median wait:32.0 (n=1412)
episode:87/500, train_demand:raw_data/ingolstadt21/od_hubs/demand_set/train_07.rou.xml
step:1800/1800, q_loss:10.443992614746094, rewards:-55.62444305419922, queue:6.466137409210205, delay:0.11805000901222229, throughput:1380
episode:87/500, real avg travel time:298.4210144927536
episode:87/500, median wait:33.0 (n=1380)
episode:88/500, train_demand:raw_data/ingolstadt21/od_hubs/demand_set/train_08.rou.xml
step:1800/1800, q_loss:10.547895431518555, rewards:-57.40889358520508, queue:6.557936668395996, delay:0.12495943903923035, throughput:1427
episode:88/500, real avg travel time:291.1520672740014
episode:88/500, median wait:33.0 (n=1427)
episode:89/500, train_demand:raw_data/ingolstadt21/od_hubs/demand_set/train_09.rou.xml
step:1800/1800, q_loss:11.302447319030762, rewards:-58.64666748046875, queue:6.599471092224121, delay:0.12869802117347717, throughput:1376
episode:89/500, real avg travel time:303.3793604651163
episode:89/500, median wait:37.0 (n=1376)
cycle_mean cycle=8 m_prev=32.00 m_curr=33.75 rel=+0.0547 delta=+1.75 flat=False improved=False patience=1/3
episode:90/500, train_demand:raw_data/ingolstadt21/od_hubs/demand_set/train_00.rou.xml
step:1800/1800, q_loss:9.886629104614258, rewards:-63.246673583984375, queue:6.860317230224609, delay:0.13125166296958923, throughput:1132
episode:90/500, real avg travel time:309.08657243816253
episode:90/500, median wait:29.0 (n=1132)
HELDOUT episode:90/500, demand:raw_data/ingolstadt21/od_hubs/demand_set/hold_00.rou.xml, travel time:266.44780635400906, rewards:-63.10221862792969, queue:6.849735260009766, delay:0.13246500492095947, throughput:1322
HELDOUT episode:90/500, demand:raw_data/ingolstadt21/od_hubs/demand_set/hold_00.rou.xml, median wait:23.0
HELDOUT episode:90/500, demand:raw_data/ingolstadt21/od_hubs/demand_set/hold_01.rou.xml, travel time:289.64888248017303, rewards:-57.76777267456055, queue:6.573544979095459, delay:0.12484471499919891, throughput:1387
HELDOUT episode:90/500, demand:raw_data/ingolstadt21/od_hubs/demand_set/hold_01.rou.xml, median wait:30.0
HELDOUT episode:90/500, demand:raw_data/ingolstadt21/od_hubs/demand_set/hold_02.rou.xml, travel time:294.98227474150667, rewards:-61.054443359375, queue:6.744444370269775, delay:0.13407739996910095, throughput:1354
HELDOUT episode:90/500, demand:raw_data/ingolstadt21/od_hubs/demand_set/hold_02.rou.xml, median wait:27.0
HELDOUT_MEAN episode:90/500, travel time:283.6929878585629 (n=3)
episode:91/500, train_demand:raw_data/ingolstadt21/od_hubs/demand_set/train_01.rou.xml
step:1800/1800, q_loss:10.87014102935791, rewards:-56.211666107177734, queue:6.500264644622803, delay:0.1215066909790039, throughput:1383
episode:91/500, real avg travel time:305.7418655097614
episode:91/500, median wait:29.0 (n=1383)
episode:92/500, train_demand:raw_data/ingolstadt21/od_hubs/demand_set/train_02.rou.xml
step:1800/1800, q_loss:10.871191024780273, rewards:-58.529449462890625, queue:6.601587295532227, delay:0.1290140151977539, throughput:1380
episode:92/500, real avg travel time:281.79782608695655
episode:92/500, median wait:28.0 (n=1380)
episode:93/500, train_demand:raw_data/ingolstadt21/od_hubs/demand_set/train_03.rou.xml
step:1800/1800, q_loss:10.816858291625977, rewards:-57.02667236328125, queue:6.543386459350586, delay:0.12387146800756454, throughput:1465
episode:93/500, real avg travel time:299.44914675767916
episode:93/500, median wait:35.0 (n=1465)
episode:94/500, train_demand:raw_data/ingolstadt21/od_hubs/demand_set/train_04.rou.xml
step:1800/1800, q_loss:10.009135246276855, rewards:-55.75833511352539, queue:6.482539653778076, delay:0.12161729484796524, throughput:1322
episode:94/500, real avg travel time:310.16111951588505
episode:94/500, median wait:31.0 (n=1322)
episode:95/500, train_demand:raw_data/ingolstadt21/od_hubs/demand_set/train_05.rou.xml
step:1800/1800, q_loss:9.828509330749512, rewards:-63.71055603027344, queue:6.8732805252075195, delay:0.13484948873519897, throughput:1267
episode:95/500, real avg travel time:301.06235201262825
episode:95/500, median wait:34.0 (n=1267)
episode:96/500, train_demand:raw_data/ingolstadt21/od_hubs/demand_set/train_06.rou.xml
step:1800/1800, q_loss:9.778621673583984, rewards:-64.04778289794922, queue:6.886772632598877, delay:0.132633775472641, throughput:1333
episode:96/500, real avg travel time:286.16729182295575
episode:96/500, median wait:31.0 (n=1333)
episode:97/500, train_demand:raw_data/ingolstadt21/od_hubs/demand_set/train_07.rou.xml
step:1800/1800, q_loss:9.071126937866211, rewards:-54.627777099609375, queue:6.420634746551514, delay:0.11604388803243637, throughput:1440
episode:97/500, real avg travel time:291.0236111111111
episode:97/500, median wait:30.0 (n=1440)
episode:98/500, train_demand:raw_data/ingolstadt21/od_hubs/demand_set/train_08.rou.xml
step:1800/1800, q_loss:8.599299430847168, rewards:-55.230560302734375, queue:6.4521164894104, delay:0.1168694719672203, throughput:1357
episode:98/500, real avg travel time:280.6403831982314
episode:98/500, median wait:27.0 (n=1357)
episode:99/500, train_demand:raw_data/ingolstadt21/od_hubs/demand_set/train_09.rou.xml
step:1800/1800, q_loss:8.897884368896484, rewards:-58.37833023071289, queue:6.617989540100098, delay:0.12870773673057556, throughput:1395
episode:99/500, real avg travel time:285.59498207885304
episode:99/500, median wait:33.0 (n=1395)
cycle_mean cycle=9 m_prev=33.75 m_curr=30.70 rel=-0.0904 delta=-3.05 flat=False improved=True patience=0/3
episode:100/500, train_demand:raw_data/ingolstadt21/od_hubs/demand_set/train_00.rou.xml
step:1800/1800, q_loss:8.584360122680664, rewards:-66.80777740478516, queue:7.047618865966797, delay:0.1383865475654602, throughput:1073
episode:100/500, real avg travel time:314.29636533084806
episode:100/500, median wait:32.0 (n=1073)
HELDOUT episode:100/500, demand:raw_data/ingolstadt21/od_hubs/demand_set/hold_00.rou.xml, travel time:278.88563458856345, rewards:-56.836669921875, queue:6.516666889190674, delay:0.12400605529546738, throughput:1434
HELDOUT episode:100/500, demand:raw_data/ingolstadt21/od_hubs/demand_set/hold_00.rou.xml, median wait:30.0
HELDOUT episode:100/500, demand:raw_data/ingolstadt21/od_hubs/demand_set/hold_01.rou.xml, travel time:287.2583333333333, rewards:-55.50666809082031, queue:6.4666666984558105, delay:0.11706197261810303, throughput:1320
HELDOUT episode:100/500, demand:raw_data/ingolstadt21/od_hubs/demand_set/hold_01.rou.xml, median wait:32.5
HELDOUT episode:100/500, demand:raw_data/ingolstadt21/od_hubs/demand_set/hold_02.rou.xml, travel time:292.6311239193084, rewards:-55.52888488769531, queue:6.467724800109863, delay:0.12348274141550064, throughput:1388
HELDOUT episode:100/500, demand:raw_data/ingolstadt21/od_hubs/demand_set/hold_02.rou.xml, median wait:35.0
HELDOUT_MEAN episode:100/500, travel time:286.2583639470684 (n=3)
episode:101/500, train_demand:raw_data/ingolstadt21/od_hubs/demand_set/train_01.rou.xml
step:1800/1800, q_loss:8.377251625061035, rewards:-56.62944793701172, queue:6.535449504852295, delay:0.12593713402748108, throughput:1447
episode:101/500, real avg travel time:301.83344851416723
episode:101/500, median wait:34.0 (n=1447)
episode:102/500, train_demand:raw_data/ingolstadt21/od_hubs/demand_set/train_02.rou.xml
step:1800/1800, q_loss:8.029609680175781, rewards:-55.192779541015625, queue:6.444180011749268, delay:0.12311204522848129, throughput:1395
episode:102/500, real avg travel time:273.4716845878136
episode:102/500, median wait:24.0 (n=1395)
episode:103/500, train_demand:raw_data/ingolstadt21/od_hubs/demand_set/train_03.rou.xml
step:1800/1800, q_loss:8.599065780639648, rewards:-57.822776794433594, queue:6.576455116271973, delay:0.12366782128810883, throughput:1372
episode:103/500, real avg travel time:294.33454810495624
episode:103/500, median wait:32.0 (n=1372)
episode:104/500, train_demand:raw_data/ingolstadt21/od_hubs/demand_set/train_04.rou.xml
step:1800/1800, q_loss:7.848171710968018, rewards:-58.32888412475586, queue:6.610581874847412, delay:0.12831951677799225, throughput:1283
episode:104/500, real avg travel time:292.792673421668
episode:104/500, median wait:31.0 (n=1283)
episode:105/500, train_demand:raw_data/ingolstadt21/od_hubs/demand_set/train_05.rou.xml
step:1800/1800, q_loss:7.784082412719727, rewards:-55.98111343383789, queue:6.483068943023682, delay:0.11931048333644867, throughput:1374
episode:105/500, real avg travel time:289.18558951965065
episode:105/500, median wait:28.0 (n=1374)
episode:106/500, train_demand:raw_data/ingolstadt21/od_hubs/demand_set/train_06.rou.xml
step:1800/1800, q_loss:7.888710975646973, rewards:-60.78333282470703, queue:6.766666889190674, delay:0.13168418407440186, throughput:1275
episode:106/500, real avg travel time:288.9301960784314
episode:106/500, median wait:32.0 (n=1275)
episode:107/500, train_demand:raw_data/ingolstadt21/od_hubs/demand_set/train_07.rou.xml
step:1800/1800, q_loss:7.402795791625977, rewards:-57.5222282409668, queue:6.55476188659668, delay:0.1239074170589447, throughput:1353
episode:107/500, real avg travel time:286.0310421286031
episode:107/500, median wait:26.0 (n=1353)
episode:108/500, train_demand:raw_data/ingolstadt21/od_hubs/demand_set/train_08.rou.xml
step:1800/1800, q_loss:7.277250289916992, rewards:-56.46332931518555, queue:6.496031761169434, delay:0.1180645003914833, throughput:1441
episode:108/500, real avg travel time:295.1207494795281
episode:108/500, median wait:35.0 (n=1441)
episode:109/500, train_demand:raw_data/ingolstadt21/od_hubs/demand_set/train_09.rou.xml
step:1800/1800, q_loss:6.857195854187012, rewards:-58.42388916015625, queue:6.5912699699401855, delay:0.12627862393856049, throughput:1464
episode:109/500, real avg travel time:301.7090163934426
episode:109/500, median wait:35.0 (n=1464)
cycle_mean cycle=10 m_prev=30.70 m_curr=30.90 rel=+0.0065 delta=+0.20 flat=True improved=False patience=1/3
episode:110/500, train_demand:raw_data/ingolstadt21/od_hubs/demand_set/train_00.rou.xml
step:1800/1800, q_loss:6.479258060455322, rewards:-63.29667282104492, queue:6.878042221069336, delay:0.13286805152893066, throughput:1243
episode:110/500, real avg travel time:314.75221238938053
episode:110/500, median wait:35.0 (n=1243)
HELDOUT episode:110/500, demand:raw_data/ingolstadt21/od_hubs/demand_set/hold_00.rou.xml, travel time:276.4768263943441, rewards:-62.83333206176758, queue:6.825925827026367, delay:0.1231490820646286, throughput:1273
HELDOUT episode:110/500, demand:raw_data/ingolstadt21/od_hubs/demand_set/hold_00.rou.xml, median wait:25.0
HELDOUT episode:110/500, demand:raw_data/ingolstadt21/od_hubs/demand_set/hold_01.rou.xml, travel time:281.7873015873016, rewards:-58.41388702392578, queue:6.613227367401123, delay:0.11511925607919693, throughput:1260
HELDOUT episode:110/500, demand:raw_data/ingolstadt21/od_hubs/demand_set/hold_01.rou.xml, median wait:23.5
HELDOUT episode:110/500, demand:raw_data/ingolstadt21/od_hubs/demand_set/hold_02.rou.xml, travel time:274.0990566037736, rewards:-58.794437408447266, queue:6.639153480529785, delay:0.12093277275562286, throughput:1272
HELDOUT episode:110/500, demand:raw_data/ingolstadt21/od_hubs/demand_set/hold_02.rou.xml, median wait:21.0
HELDOUT_MEAN episode:110/500, travel time:277.4543948618064 (n=3)
New best heldout ATT=277.4544 at episode 110 (saved model/best_*.pt)
episode:111/500, train_demand:raw_data/ingolstadt21/od_hubs/demand_set/train_01.rou.xml
step:1800/1800, q_loss:6.500628471374512, rewards:-57.13166809082031, queue:6.561110973358154, delay:0.12260275334119797, throughput:1413
episode:111/500, real avg travel time:303.24062278839347
episode:111/500, median wait:32.0 (n=1413)
episode:112/500, train_demand:raw_data/ingolstadt21/od_hubs/demand_set/train_02.rou.xml
step:1800/1800, q_loss:6.58683967590332, rewards:-61.56999206542969, queue:6.7798943519592285, delay:0.13494755327701569, throughput:1258
episode:112/500, real avg travel time:277.879173290938
episode:112/500, median wait:25.0 (n=1258)
episode:113/500, train_demand:raw_data/ingolstadt21/od_hubs/demand_set/train_03.rou.xml
step:1800/1800, q_loss:6.9625725746154785, rewards:-66.51166534423828, queue:6.992592811584473, delay:0.13350044190883636, throughput:1330
episode:113/500, real avg travel time:309.0187969924812
episode:113/500, median wait:37.0 (n=1330)
episode:114/500, train_demand:raw_data/ingolstadt21/od_hubs/demand_set/train_04.rou.xml
step:1800/1800, q_loss:7.122401237487793, rewards:-57.80833435058594, queue:6.587037086486816, delay:0.12481457740068436, throughput:1329
episode:114/500, real avg travel time:278.3401053423627
episode:114/500, median wait:26.0 (n=1329)
episode:115/500, train_demand:raw_data/ingolstadt21/od_hubs/demand_set/train_05.rou.xml
step:1800/1800, q_loss:7.335842609405518, rewards:-61.78722381591797, queue:6.760052680969238, delay:0.1223224475979805, throughput:1375
episode:115/500, real avg travel time:289.5447272727273
episode:115/500, median wait:28.0 (n=1375)
episode:116/500, train_demand:raw_data/ingolstadt21/od_hubs/demand_set/train_06.rou.xml
step:1800/1800, q_loss:7.817781925201416, rewards:-55.05666732788086, queue:6.451058387756348, delay:0.11807804554700851, throughput:1406
episode:116/500, real avg travel time:288.0583214793741
episode:116/500, median wait:30.0 (n=1406)
episode:117/500, train_demand:raw_data/ingolstadt21/od_hubs/demand_set/train_07.rou.xml
step:1800/1800, q_loss:7.937893867492676, rewards:-57.72889709472656, queue:6.553703784942627, delay:0.12432271987199783, throughput:1403
episode:117/500, real avg travel time:309.9743406985032
episode:117/500, median wait:30.0 (n=1403)
episode:118/500, train_demand:raw_data/ingolstadt21/od_hubs/demand_set/train_08.rou.xml
step:1800/1800, q_loss:8.033053398132324, rewards:-61.61500549316406, queue:6.757407188415527, delay:0.12750588357448578, throughput:1308
episode:118/500, real avg travel time:310.9579510703364
episode:118/500, median wait:34.0 (n=1308)
episode:119/500, train_demand:raw_data/ingolstadt21/od_hubs/demand_set/train_09.rou.xml
step:1800/1800, q_loss:7.921863555908203, rewards:-58.39221954345703, queue:6.596560955047607, delay:0.12279438972473145, throughput:1377
episode:119/500, real avg travel time:311.5671750181554
episode:119/500, median wait:30.0 (n=1377)
cycle_mean cycle=11 m_prev=30.90 m_curr=30.70 rel=-0.0065 delta=-0.20 flat=True improved=False patience=2/3
episode:120/500, train_demand:raw_data/ingolstadt21/od_hubs/demand_set/train_00.rou.xml
step:1800/1800, q_loss:7.624074935913086, rewards:-59.0666618347168, queue:6.645237922668457, delay:0.1256910264492035, throughput:1371
episode:120/500, real avg travel time:300.4099197665937
episode:120/500, median wait:32.0 (n=1371)
HELDOUT episode:120/500, demand:raw_data/ingolstadt21/od_hubs/demand_set/hold_00.rou.xml, travel time:284.8524458700882, rewards:-65.26000213623047, queue:6.947090148925781, delay:0.13118766248226166, throughput:1247
HELDOUT episode:120/500, demand:raw_data/ingolstadt21/od_hubs/demand_set/hold_00.rou.xml, median wait:25.0
HELDOUT episode:120/500, demand:raw_data/ingolstadt21/od_hubs/demand_set/hold_01.rou.xml, travel time:284.9088803088803, rewards:-62.21944046020508, queue:6.806349277496338, delay:0.13021758198738098, throughput:1295
HELDOUT episode:120/500, demand:raw_data/ingolstadt21/od_hubs/demand_set/hold_01.rou.xml, median wait:25.0
HELDOUT episode:120/500, demand:raw_data/ingolstadt21/od_hubs/demand_set/hold_02.rou.xml, travel time:290.653791130186, rewards:-61.5483283996582, queue:6.762169361114502, delay:0.13167378306388855, throughput:1398
HELDOUT episode:120/500, demand:raw_data/ingolstadt21/od_hubs/demand_set/hold_02.rou.xml, median wait:30.0
HELDOUT_MEAN episode:120/500, travel time:286.8050391030515 (n=3)
episode:121/500, train_demand:raw_data/ingolstadt21/od_hubs/demand_set/train_01.rou.xml
step:1800/1800, q_loss:8.345943450927734, rewards:-58.61444854736328, queue:6.624867916107178, delay:0.12103710323572159, throughput:1369
episode:121/500, real avg travel time:309.1826150474799
episode:121/500, median wait:28.0 (n=1369)
episode:122/500, train_demand:raw_data/ingolstadt21/od_hubs/demand_set/train_02.rou.xml
step:1800/1800, q_loss:8.46349811553955, rewards:-56.30611038208008, queue:6.491534233093262, delay:0.12820519506931305, throughput:1469
episode:122/500, real avg travel time:278.74540503744043
episode:122/500, median wait:31.0 (n=1469)
episode:123/500, train_demand:raw_data/ingolstadt21/od_hubs/demand_set/train_03.rou.xml
step:1800/1800, q_loss:8.26868724822998, rewards:-62.38054656982422, queue:6.801587104797363, delay:0.12793618440628052, throughput:1395
episode:123/500, real avg travel time:303.32186379928316
episode:123/500, median wait:35.0 (n=1395)
episode:124/500, train_demand:raw_data/ingolstadt21/od_hubs/demand_set/train_04.rou.xml
step:1800/1800, q_loss:8.5723237991333, rewards:-55.65388488769531, queue:6.475661277770996, delay:0.12148786336183548, throughput:1396
episode:124/500, real avg travel time:293.6912607449857
episode:124/500, median wait:32.0 (n=1396)
episode:125/500, train_demand:raw_data/ingolstadt21/od_hubs/demand_set/train_05.rou.xml
step:1800/1800, q_loss:7.944484710693359, rewards:-57.29999923706055, queue:6.55396842956543, delay:0.1207304522395134, throughput:1352
episode:125/500, real avg travel time:296.4341715976331
episode:125/500, median wait:31.0 (n=1352)
episode:126/500, train_demand:raw_data/ingolstadt21/od_hubs/demand_set/train_06.rou.xml
step:1800/1800, q_loss:8.224644660949707, rewards:-59.53445053100586, queue:6.689947128295898, delay:0.13050881028175354, throughput:1314
episode:126/500, real avg travel time:303.1019786910198
episode:126/500, median wait:30.0 (n=1314)
episode:127/500, train_demand:raw_data/ingolstadt21/od_hubs/demand_set/train_07.rou.xml
step:1800/1800, q_loss:8.133389472961426, rewards:-55.83944320678711, queue:6.478042125701904, delay:0.11727666109800339, throughput:1318
episode:127/500, real avg travel time:283.56676783004553
episode:127/500, median wait:27.0 (n=1318)
episode:128/500, train_demand:raw_data/ingolstadt21/od_hubs/demand_set/train_08.rou.xml
step:1800/1800, q_loss:8.040820121765137, rewards:-61.0927734375, queue:6.746825218200684, delay:0.12615399062633514, throughput:1274
episode:128/500, real avg travel time:303.8791208791209
episode:128/500, median wait:31.5 (n=1274)
episode:129/500, train_demand:raw_data/ingolstadt21/od_hubs/demand_set/train_09.rou.xml
step:1800/1800, q_loss:7.904962062835693, rewards:-56.881107330322266, queue:6.531217098236084, delay:0.12111606448888779, throughput:1394
episode:129/500, real avg travel time:295.14562410329984
episode:129/500, median wait:31.5 (n=1394)
cycle_mean cycle=12 m_prev=30.70 m_curr=30.90 rel=+0.0065 delta=+0.20 flat=True improved=False patience=3/3
early_stop at episode 129/500 (cycle_mean wait, m=30.90, best ATT=277.45 at episode 110, source=heldout)
reloaded best checkpoint from episode 110 (ATT=277.45, source=heldout)
HELDOUT episode:500/500, demand:raw_data/ingolstadt21/od_hubs/demand_set/hold_00.rou.xml, travel time:266.3664881407804, rewards:-59.925559997558594, queue:6.679893970489502, delay:0.11921896040439606, throughput:1307
HELDOUT episode:500/500, demand:raw_data/ingolstadt21/od_hubs/demand_set/hold_00.rou.xml, median wait:24.0
Saved 1962 vehicle trip records to data/output_data/tsc/sumo_presslight_rich_odh_l2_1x21/sumo1x21/l2_odh/logger/new_metrics_hold_00.csv (ATT=266.37s, completion=66.6%)
HELDOUT episode:500/500, demand:raw_data/ingolstadt21/od_hubs/demand_set/hold_01.rou.xml, travel time:277.11319281811086, rewards:-59.25389099121094, queue:6.65158748626709, delay:0.1144140288233757, throughput:1281
HELDOUT episode:500/500, demand:raw_data/ingolstadt21/od_hubs/demand_set/hold_01.rou.xml, median wait:26.0
Saved 1986 vehicle trip records to data/output_data/tsc/sumo_presslight_rich_odh_l2_1x21/sumo1x21/l2_odh/logger/new_metrics_hold_01.csv (ATT=277.11s, completion=64.5%)
HELDOUT episode:500/500, demand:raw_data/ingolstadt21/od_hubs/demand_set/hold_02.rou.xml, travel time:274.9805900621118, rewards:-59.86833190917969, queue:6.688624382019043, delay:0.1231866106390953, throughput:1288
HELDOUT episode:500/500, demand:raw_data/ingolstadt21/od_hubs/demand_set/hold_02.rou.xml, median wait:23.5
Saved 1981 vehicle trip records to data/output_data/tsc/sumo_presslight_rich_odh_l2_1x21/sumo1x21/l2_odh/logger/new_metrics_hold_02.csv (ATT=274.98s, completion=65.0%)
HELDOUT_MEAN episode:500/500, travel time:272.8200903403344 (n=3)
HELDOUT episode:110/500, demand:raw_data/ingolstadt21/od_hubs/demand_set/hold_00.rou.xml, travel time:269.04485049833886, rewards:-64.06110382080078, queue:6.8801589012146, delay:0.1284969449043274, throughput:1204
HELDOUT episode:110/500, demand:raw_data/ingolstadt21/od_hubs/demand_set/hold_00.rou.xml, median wait:23.0
Saved 1967 vehicle trip records to data/output_data/tsc/sumo_presslight_rich_odh_l2_1x21/sumo1x21/l2_odh/logger/new_metrics_best_hold_00.csv (ATT=269.04s, completion=61.2%)
HELDOUT episode:110/500, demand:raw_data/ingolstadt21/od_hubs/demand_set/hold_01.rou.xml, travel time:298.8920265780731, rewards:-61.47889709472656, queue:6.764285564422607, delay:0.1251051276922226, throughput:1204
HELDOUT episode:110/500, demand:raw_data/ingolstadt21/od_hubs/demand_set/hold_01.rou.xml, median wait:28.0
Saved 1971 vehicle trip records to data/output_data/tsc/sumo_presslight_rich_odh_l2_1x21/sumo1x21/l2_odh/logger/new_metrics_best_hold_01.csv (ATT=298.89s, completion=61.1%)
HELDOUT episode:110/500, demand:raw_data/ingolstadt21/od_hubs/demand_set/hold_02.rou.xml, travel time:284.48992747784047, rewards:-60.26556396484375, queue:6.704232692718506, delay:0.12233916670084, throughput:1241
HELDOUT episode:110/500, demand:raw_data/ingolstadt21/od_hubs/demand_set/hold_02.rou.xml, median wait:23.0
Saved 1980 vehicle trip records to data/output_data/tsc/sumo_presslight_rich_odh_l2_1x21/sumo1x21/l2_odh/logger/new_metrics_best_hold_02.csv (ATT=284.49s, completion=62.7%)
HELDOUT_MEAN episode:110/500, travel time:284.1422681847508 (n=3)
Total time taken: 12691.944737195969
