presslight	TRAIN	0	235.9	0.0	-5.39	5.71	0.05	673
presslight	HELDOUT	0	416.1	100.0	-65.57	9.92	0.10	280
presslight	HELDOUT	0	410.1	100.0	-62.36	9.73	0.11	304
presslight	HELDOUT	0	442.5	100.0	-63.13	9.97	0.11	299
presslight	HELDOUT_MEAN	0	422.9	100.0	0.00	0.00	0.00	0
presslight	TRAIN	1	253.6	0.0	-4.74	5.89	0.06	701
presslight	TRAIN	2	239.5	0.0	-5.76	5.81	0.05	723
presslight	TRAIN	3	253.3	0.0	-6.23	5.98	0.06	766
presslight	TRAIN	4	237.0	0.0	-4.46	5.75	0.05	677
presslight	TRAIN	5	257.5	0.8	-10.45	6.44	0.07	595
presslight	TRAIN	6	377.5	1.1	-15.14	7.68	0.10	536
presslight	TRAIN	7	342.8	1.9	-18.96	7.35	0.09	569
presslight	TRAIN	8	339.8	2.5	-19.11	7.72	0.09	537
presslight	TRAIN	9	328.1	3.4	-11.71	6.92	0.08	597
presslight	TRAIN	10	310.0	3.7	-7.87	6.43	0.07	615
presslight	HELDOUT	10	289.0	100.0	-13.47	7.04	0.08	546
presslight	HELDOUT	10	298.2	100.0	-17.75	7.64	0.09	518
presslight	HELDOUT	10	293.4	100.0	-15.35	7.34	0.08	519
presslight	HELDOUT_MEAN	10	293.5	100.0	0.00	0.00	0.00	0
presslight	TRAIN	11	283.2	3.8	-7.97	6.43	0.07	637
presslight	TRAIN	12	282.8	3.5	-9.88	6.35	0.07	658
presslight	TRAIN	13	286.4	3.4	-8.74	6.65	0.07	692
presslight	TRAIN	14	251.3	3.3	-6.23	5.94	0.06	658
presslight	TRAIN	15	260.9	3.1	-6.16	6.01	0.06	702
presslight	TRAIN	16	238.2	2.9	-4.75	5.84	0.06	693
presslight	TRAIN	17	244.3	2.9	-5.33	6.03	0.06	698
presslight	TRAIN	18	233.3	2.7	-5.04	5.80	0.06	731
presslight	TRAIN	19	236.8	2.7	-4.32	5.81	0.06	694
presslight	TRAIN	20	225.7	2.6	-5.83	5.71	0.05	655
presslight	HELDOUT	20	244.4	100.0	-6.95	5.99	0.06	665
presslight	HELDOUT	20	227.8	100.0	-4.91	5.87	0.06	709
presslight	HELDOUT	20	231.0	100.0	-4.42	5.82	0.06	697
presslight	HELDOUT_MEAN	20	234.4	100.0	0.00	0.00	0.00	0
presslight	TRAIN	21	241.3	2.5	-4.15	5.84	0.06	695
presslight	TRAIN	22	240.0	2.5	-6.44	5.83	0.06	712
presslight	TRAIN	23	233.0	2.4	-4.90	5.78	0.06	773
presslight	TRAIN	24	227.1	2.3	-4.61	5.66	0.05	682
presslight	TRAIN	25	233.3	2.3	-4.15	5.76	0.06	710
presslight	TRAIN	26	225.3	2.2	-5.78	5.67	0.05	717
presslight	TRAIN	27	229.3	2.2	-4.83	5.83	0.06	716
presslight	TRAIN	28	225.0	2.2	-4.86	5.67	0.05	747
presslight	TRAIN	29	232.4	2.1	-4.01	5.76	0.06	705
presslight	TRAIN	30	232.5	2.1	-4.00	5.67	0.05	666
presslight	HELDOUT	30	241.5	100.0	-9.13	6.07	0.06	660
presslight	HELDOUT	30	228.3	100.0	-4.49	5.70	0.05	743
presslight	HELDOUT	30	230.2	100.0	-5.38	5.71	0.05	718
presslight	HELDOUT_MEAN	30	233.3	100.0	0.00	0.00	0.00	0
presslight	TRAIN	31	244.4	2.1	-4.64	5.80	0.06	705
presslight	TRAIN	32	229.8	2.1	-5.84	5.76	0.06	708
presslight	TRAIN	33	222.8	2.0	-4.66	5.71	0.06	774
presslight	TRAIN	34	223.2	2.0	-3.50	5.60	0.05	692
presslight	TRAIN	35	224.5	1.9	-4.08	5.64	0.05	724
presslight	TRAIN	36	215.8	1.6	-3.49	5.57	0.05	721
presslight	TRAIN	37	224.7	1.3	-6.14	5.69	0.05	736
presslight	TRAIN	38	214.7	1.2	-4.01	5.59	0.05	747
presslight	TRAIN	39	221.9	1.1	-3.80	5.61	0.05	717
presslight	TRAIN	40	220.5	1.1	-4.01	5.61	0.05	676
presslight	HELDOUT	40	222.4	100.0	-5.76	5.62	0.05	710
presslight	HELDOUT	40	220.3	100.0	-5.82	5.67	0.05	731
presslight	HELDOUT	40	219.9	100.0	-5.72	5.65	0.05	710
presslight	HELDOUT_MEAN	40	220.8	100.0	0.00	0.00	0.00	0
presslight	TRAIN	41	221.9	1.0	-3.98	5.61	0.05	707
presslight	TRAIN	42	216.4	0.9	-4.84	5.61	0.05	729
presslight	TRAIN	43	218.3	0.9	-5.54	5.68	0.05	769
presslight	TRAIN	44	214.4	0.9	-3.64	5.53	0.05	689
presslight	TRAIN	45	216.9	0.8	-4.00	5.60	0.05	728
presslight	TRAIN	46	218.8	0.8	-3.80	5.61	0.05	721
presslight	TRAIN	47	217.3	0.8	-4.26	5.60	0.05	742
presslight	TRAIN	48	208.6	0.8	-3.97	5.56	0.05	747
presslight	TRAIN	49	226.1	0.8	-3.79	5.64	0.05	716
presslight	TRAIN	50	214.3	0.8	-4.56	5.55	0.05	678
presslight	HELDOUT	50	216.9	100.0	-4.43	5.58	0.05	711
presslight	HELDOUT	50	212.1	100.0	-4.03	5.56	0.05	755
presslight	HELDOUT	50	213.7	100.0	-4.11	5.59	0.05	728
presslight	HELDOUT_MEAN	50	214.2	100.0	0.00	0.00	0.00	0
presslight	TRAIN	51	216.3	0.7	-3.53	5.57	0.05	719
presslight	TRAIN	52	218.4	0.7	-3.71	5.63	0.05	725
presslight	TRAIN	53	216.5	0.7	-4.51	5.62	0.05	783
presslight	TRAIN	54	208.2	0.7	-3.76	5.51	0.04	686
presslight	TRAIN	55	213.4	0.7	-3.77	5.57	0.05	726
presslight	TRAIN	56	214.4	0.7	-3.21	5.57	0.05	723
presslight	TRAIN	57	210.8	0.7	-3.94	5.54	0.05	741
presslight	TRAIN	58	208.2	0.7	-4.05	5.56	0.05	748
presslight	TRAIN	59	213.4	0.7	-3.71	5.54	0.05	718
presslight	TRAIN	60	205.2	0.7	-3.52	5.50	0.04	680
presslight	HELDOUT	60	206.7	100.0	-4.00	5.51	0.04	712
presslight	HELDOUT	60	210.8	100.0	-4.06	5.56	0.05	748
presslight	HELDOUT	60	206.5	100.0	-3.72	5.55	0.05	722
presslight	HELDOUT_MEAN	60	208.0	100.0	0.00	0.00	0.00	0
presslight	TRAIN	61	212.4	0.7	-3.88	5.55	0.05	710
presslight	TRAIN	62	208.2	0.7	-3.39	5.54	0.05	732
presslight	TRAIN	63	214.9	0.7	-4.42	5.63	0.05	778
presslight	TRAIN	64	211.5	0.6	-3.20	5.53	0.04	689
presslight	TRAIN	65	215.5	0.6	-3.52	5.60	0.05	722
presslight	TRAIN	66	210.2	0.6	-3.48	5.54	0.05	722
presslight	TRAIN	67	213.2	0.6	-3.59	5.61	0.05	736
presslight	TRAIN	68	207.9	0.6	-3.88	5.56	0.05	749
presslight	TRAIN	69	216.1	0.6	-3.61	5.58	0.05	714
presslight	TRAIN	70	208.6	0.6	-3.37	5.52	0.04	677
presslight	HELDOUT	70	209.8	100.0	-3.83	5.54	0.05	711
presslight	HELDOUT	70	211.2	100.0	-4.17	5.56	0.05	750
presslight	HELDOUT	70	206.1	100.0	-4.08	5.54	0.05	728
presslight	HELDOUT_MEAN	70	209.0	100.0	0.00	0.00	0.00	0
presslight	TRAIN	71	205.9	0.6	-3.19	5.54	0.05	707
presslight	TRAIN	72	212.5	0.6	-3.67	5.58	0.05	728
presslight	TRAIN	73	211.4	0.6	-3.84	5.60	0.05	786
presslight	TRAIN	74	209.1	0.6	-3.65	5.49	0.04	699
presslight	TRAIN	75	215.4	0.6	-3.46	5.59	0.05	727
presslight	TRAIN	76	209.6	0.6	-3.33	5.53	0.05	727
presslight	TRAIN	77	211.7	0.6	-3.85	5.57	0.05	739
presslight	TRAIN	78	206.1	0.6	-3.58	5.52	0.05	749
presslight	TRAIN	79	211.4	0.6	-3.39	5.54	0.05	718
presslight	TRAIN	80	205.1	0.6	-3.32	5.48	0.04	678
presslight	HELDOUT	80	207.4	100.0	-3.75	5.52	0.04	716
presslight	HELDOUT	80	213.0	100.0	-4.13	5.58	0.05	750
presslight	HELDOUT	80	211.9	100.0	-3.91	5.56	0.05	729
presslight	HELDOUT_MEAN	80	210.7	100.0	0.00	0.00	0.00	0
presslight	TRAIN	81	213.8	0.6	-3.78	5.57	0.05	716
presslight	TRAIN	82	212.1	0.6	-3.58	5.56	0.05	725
presslight	TRAIN	83	212.0	0.6	-3.74	5.59	0.05	781
presslight	TRAIN	84	205.1	0.6	-2.98	5.48	0.04	696
presslight	TRAIN	85	213.9	0.6	-3.21	5.56	0.05	734
presslight	TRAIN	86	214.0	0.6	-3.86	5.57	0.05	724
presslight	TRAIN	87	206.4	0.6	-3.76	5.52	0.04	742
presslight	TRAIN	88	202.2	0.6	-4.22	5.54	0.04	746
presslight	TRAIN	89	211.9	0.6	-3.33	5.54	0.05	721
presslight	TRAIN	90	209.7	0.6	-3.41	5.52	0.04	680
presslight	HELDOUT	90	211.3	100.0	-3.62	5.55	0.05	713
presslight	HELDOUT	90	211.4	100.0	-3.51	5.55	0.05	749
presslight	HELDOUT	90	210.4	100.0	-3.41	5.56	0.05	726
presslight	HELDOUT_MEAN	90	211.0	100.0	0.00	0.00	0.00	0
presslight	TRAIN	91	210.4	0.6	-3.05	5.54	0.04	715
presslight	TRAIN	92	206.5	0.6	-3.63	5.52	0.04	733
presslight	TRAIN	93	213.7	0.6	-3.64	5.61	0.05	780
presslight	TRAIN	94	209.8	0.6	-3.05	5.51	0.04	695
presslight	TRAIN	95	211.2	0.6	-3.01	5.57	0.05	727
presslight	TRAIN	96	210.9	0.6	-3.29	5.55	0.05	726
presslight	TRAIN	97	216.4	0.6	-3.64	5.61	0.05	735
presslight	TRAIN	98	210.4	0.6	-3.59	5.57	0.05	754
presslight	TRAIN	99	211.0	0.6	-3.32	5.53	0.04	718
presslight	HELDOUT	500	210.1	100.0	-3.90	5.52	0.04	719
presslight	HELDOUT	500	207.8	100.0	-4.13	5.55	0.05	747
presslight	HELDOUT	500	211.0	100.0	-3.85	5.57	0.05	724
presslight	HELDOUT_MEAN	500	209.6	100.0	0.00	0.00	0.00	0
presslight	HELDOUT	60	211.6	100.0	-4.02	5.54	0.04	715
presslight	HELDOUT	60	211.2	100.0	-4.09	5.57	0.05	748
presslight	HELDOUT	60	207.2	100.0	-3.82	5.57	0.05	720
presslight	HELDOUT_MEAN	60	210.0	100.0	0.00	0.00	0.00	0
