early_stop enabled: min_episodes=20, max_episodes=2000, patience=20, min_delta=0.0100, metric=test
step:3600/3600, q_loss:nan, rewards:-9.349875217013889, queue:4.6715277777777775, delay:0.07463271882798937, throughput:1131
episode:0/2000, real avg travel time:304.39345711759506
intersection:0, mean_episode_reward:-0.08811375498771667, mean_queue:2.2722222805023193
intersection:1, mean_episode_reward:-0.041548844426870346, mean_queue:2.6277778148651123
intersection:2, mean_episode_reward:-0.04826263338327408, mean_queue:2.5527777671813965
intersection:3, mean_episode_reward:-0.03142516314983368, mean_queue:2.375
intersection:4, mean_episode_reward:-2.221693992614746, mean_queue:42.161109924316406
intersection:5, mean_episode_reward:-1.5004321336746216, mean_queue:15.41944408416748
intersection:6, mean_episode_reward:-1.4493364095687866, mean_queue:12.755555152893066
intersection:7, mean_episode_reward:-0.046735700219869614, mean_queue:2.366666555404663
intersection:8, mean_episode_reward:-0.13880349695682526, mean_queue:2.5333333015441895
intersection:9, mean_episode_reward:-1.6789337396621704, mean_queue:19.73055648803711
intersection:10, mean_episode_reward:-0.06139526888728142, mean_queue:2.691666603088379
intersection:11, mean_episode_reward:-0.06447193771600723, mean_queue:3.1194443702697754
intersection:12, mean_episode_reward:-1.7077568769454956, mean_queue:28.95833396911621
intersection:13, mean_episode_reward:-0.1152263954281807, mean_queue:4.066666603088379
intersection:14, mean_episode_reward:-0.1347980499267578, mean_queue:3.905555486679077
intersection:15, mean_episode_reward:-0.020941011607646942, mean_queue:1.9527777433395386
intersection:16, mean_episode_reward:0.0, mean_queue:0.0
intersection:17, mean_episode_reward:0.0, mean_queue:0.0
intersection:18, mean_episode_reward:0.0, mean_queue:0.0
intersection:19, mean_episode_reward:0.0, mean_queue:0.0
intersection:20, mean_episode_reward:0.0, mean_queue:0.0
intersection:21, mean_episode_reward:0.0, mean_queue:0.0
intersection:22, mean_episode_reward:0.0, mean_queue:0.0
intersection:23, mean_episode_reward:0.0, mean_queue:0.0
intersection:24, mean_episode_reward:0.0, mean_queue:0.0
intersection:25, mean_episode_reward:0.0, mean_queue:0.0
intersection:26, mean_episode_reward:0.0, mean_queue:0.0
intersection:27, mean_episode_reward:0.0, mean_queue:0.0
intersection:28, mean_episode_reward:0.0, mean_queue:0.0
intersection:29, mean_episode_reward:0.0, mean_queue:0.0
intersection:30, mean_episode_reward:0.0, mean_queue:0.0
intersection:31, mean_episode_reward:0.0, mean_queue:0.0
Test step:0/2000, travel time :303.5457746478873, rewards:-9.01013929578993, queue:4.63125, delay:0.0743303140004476, throughput:1136
new best ATT=303.55 at episode 0 (metric=test)
step:3600/3600, q_loss:-0.00042079922707358034, rewards:-8.585668267144097, queue:4.465277777777778, delay:0.07868766784667969, throughput:1143
episode:1/2000, real avg travel time:300.17497812773405
intersection:0, mean_episode_reward:-0.07217489928007126, mean_queue:2.405555486679077
intersection:1, mean_episode_reward:-0.0476529486477375, mean_queue:2.6666667461395264
intersection:2, mean_episode_reward:-0.06953085958957672, mean_queue:3.38611102104187
intersection:3, mean_episode_reward:-0.04644440487027168, mean_queue:2.9277777671813965
intersection:4, mean_episode_reward:-1.7357232570648193, mean_queue:34.04999923706055
intersection:5, mean_episode_reward:-0.046742115169763565, mean_queue:2.424999952316284
intersection:6, mean_episode_reward:-1.407882809638977, mean_queue:12.188888549804688
intersection:7, mean_episode_reward:-0.09465929865837097, mean_queue:2.6388888359069824
intersection:8, mean_episode_reward:-0.07750661671161652, mean_queue:3.3305554389953613
intersection:9, mean_episode_reward:-0.11277491599321365, mean_queue:3.424999952316284
intersection:10, mean_episode_reward:-0.09826305508613586, mean_queue:2.98888897895813
intersection:11, mean_episode_reward:-1.810010313987732, mean_queue:25.2277774810791
intersection:12, mean_episode_reward:-0.055054787546396255, mean_queue:2.8611111640930176
intersection:13, mean_episode_reward:-1.567638635635376, mean_queue:30.40277862548828
intersection:14, mean_episode_reward:-1.3074491024017334, mean_queue:9.494444847106934
intersection:15, mean_episode_reward:-0.03616070747375488, mean_queue:2.469444513320923
intersection:16, mean_episode_reward:0.0, mean_queue:0.0
intersection:17, mean_episode_reward:0.0, mean_queue:0.0
intersection:18, mean_episode_reward:0.0, mean_queue:0.0
intersection:19, mean_episode_reward:0.0, mean_queue:0.0
intersection:20, mean_episode_reward:0.0, mean_queue:0.0
intersection:21, mean_episode_reward:0.0, mean_queue:0.0
intersection:22, mean_episode_reward:0.0, mean_queue:0.0
intersection:23, mean_episode_reward:0.0, mean_queue:0.0
intersection:24, mean_episode_reward:0.0, mean_queue:0.0
intersection:25, mean_episode_reward:0.0, mean_queue:0.0
intersection:26, mean_episode_reward:0.0, mean_queue:0.0
intersection:27, mean_episode_reward:0.0, mean_queue:0.0
intersection:28, mean_episode_reward:0.0, mean_queue:0.0
intersection:29, mean_episode_reward:0.0, mean_queue:0.0
intersection:30, mean_episode_reward:0.0, mean_queue:0.0
intersection:31, mean_episode_reward:0.0, mean_queue:0.0
Test step:1/2000, travel time :322.8106712564544, rewards:-10.139261881510416, queue:4.462847222222222, delay:0.07821901109483508, throughput:1162
step:3600/3600, q_loss:-0.000296266689600184, rewards:-7.638707139756945, queue:4.191927083333334, delay:0.07353037728203668, throughput:1145
episode:2/2000, real avg travel time:280.2296943231441
intersection:0, mean_episode_reward:-0.06767599284648895, mean_queue:2.6472222805023193
intersection:1, mean_episode_reward:-0.04403821751475334, mean_queue:2.700000047683716
intersection:2, mean_episode_reward:-0.057731278240680695, mean_queue:3.1666667461395264
intersection:3, mean_episode_reward:-0.04359157755970955, mean_queue:2.6416666507720947
intersection:4, mean_episode_reward:-0.14347988367080688, mean_queue:4.480555534362793
intersection:5, mean_episode_reward:-0.06516341120004654, mean_queue:2.8416666984558105
intersection:6, mean_episode_reward:-0.034004319459199905, mean_queue:2.1500000953674316
intersection:7, mean_episode_reward:-0.04599195718765259, mean_queue:2.4111111164093018
intersection:8, mean_episode_reward:-1.4031436443328857, mean_queue:15.76111125946045
intersection:9, mean_episode_reward:-1.4931848049163818, mean_queue:13.941666603088379
intersection:10, mean_episode_reward:-0.12489845603704453, mean_queue:3.527777671813965
intersection:11, mean_episode_reward:-0.18860816955566406, mean_queue:4.130555629730225
intersection:12, mean_episode_reward:-1.852469563484192, mean_queue:30.580554962158203
intersection:13, mean_episode_reward:-1.7622309923171997, mean_queue:34.733333587646484
intersection:14, mean_episode_reward:-0.26944032311439514, mean_queue:5.563889026641846
intersection:15, mean_episode_reward:-0.043054405599832535, mean_queue:2.86388897895813
intersection:16, mean_episode_reward:0.0, mean_queue:0.0
intersection:17, mean_episode_reward:0.0, mean_queue:0.0
intersection:18, mean_episode_reward:0.0, mean_queue:0.0
intersection:19, mean_episode_reward:0.0, mean_queue:0.0
intersection:20, mean_episode_reward:0.0, mean_queue:0.0
intersection:21, mean_episode_reward:0.0, mean_queue:0.0
intersection:22, mean_episode_reward:0.0, mean_queue:0.0
intersection:23, mean_episode_reward:0.0, mean_queue:0.0
intersection:24, mean_episode_reward:0.0, mean_queue:0.0
intersection:25, mean_episode_reward:0.0, mean_queue:0.0
intersection:26, mean_episode_reward:0.0, mean_queue:0.0
intersection:27, mean_episode_reward:0.0, mean_queue:0.0
intersection:28, mean_episode_reward:0.0, mean_queue:0.0
intersection:29, mean_episode_reward:0.0, mean_queue:0.0
intersection:30, mean_episode_reward:0.0, mean_queue:0.0
intersection:31, mean_episode_reward:0.0, mean_queue:0.0
Test step:2/2000, travel time :297.0513489991297, rewards:-6.491515435112847, queue:4.39453125, delay:0.07478160858154297, throughput:1149
new best ATT=297.05 at episode 2 (metric=test)
step:3600/3600, q_loss:-0.00026105723646767794, rewards:-9.764109971788194, queue:5.307638888888889, delay:0.07722920311821832, throughput:1070
episode:3/2000, real avg travel time:313.496261682243
intersection:0, mean_episode_reward:-0.06457860767841339, mean_queue:2.25
intersection:1, mean_episode_reward:-0.05296989530324936, mean_queue:2.875
intersection:2, mean_episode_reward:-0.07587148994207382, mean_queue:3.038888931274414
intersection:3, mean_episode_reward:-0.042414963245391846, mean_queue:2.7555556297302246
intersection:4, mean_episode_reward:-1.8878363370895386, mean_queue:40.58611297607422
intersection:5, mean_episode_reward:-0.07674004137516022, mean_queue:3.0638887882232666
intersection:6, mean_episode_reward:-1.7233113050460815, mean_queue:15.880555152893066
intersection:7, mean_episode_reward:-0.05380021780729294, mean_queue:2.1277778148651123
intersection:8, mean_episode_reward:-0.10320433229207993, mean_queue:2.269444465637207
intersection:9, mean_episode_reward:-0.15232431888580322, mean_queue:3.930555582046509
intersection:10, mean_episode_reward:-0.06212220713496208, mean_queue:2.5722222328186035
intersection:11, mean_episode_reward:-0.4089450538158417, mean_queue:6.255555629730225
intersection:12, mean_episode_reward:-1.7432206869125366, mean_queue:32.247222900390625
intersection:13, mean_episode_reward:-1.6842999458312988, mean_queue:32.27777862548828
intersection:14, mean_episode_reward:-0.05732690542936325, mean_queue:2.8333332538604736
intersection:15, mean_episode_reward:-1.5751440525054932, mean_queue:14.880555152893066
intersection:16, mean_episode_reward:0.0, mean_queue:0.0
intersection:17, mean_episode_reward:0.0, mean_queue:0.0
intersection:18, mean_episode_reward:0.0, mean_queue:0.0
intersection:19, mean_episode_reward:0.0, mean_queue:0.0
intersection:20, mean_episode_reward:0.0, mean_queue:0.0
intersection:21, mean_episode_reward:0.0, mean_queue:0.0
intersection:22, mean_episode_reward:0.0, mean_queue:0.0
intersection:23, mean_episode_reward:0.0, mean_queue:0.0
intersection:24, mean_episode_reward:0.0, mean_queue:0.0
intersection:25, mean_episode_reward:0.0, mean_queue:0.0
intersection:26, mean_episode_reward:0.0, mean_queue:0.0
intersection:27, mean_episode_reward:0.0, mean_queue:0.0
intersection:28, mean_episode_reward:0.0, mean_queue:0.0
intersection:29, mean_episode_reward:0.0, mean_queue:0.0
intersection:30, mean_episode_reward:0.0, mean_queue:0.0
intersection:31, mean_episode_reward:0.0, mean_queue:0.0
Test step:3/2000, travel time :296.5086355785838, rewards:-8.313081868489583, queue:4.356684027777778, delay:0.076874574025472, throughput:1158
step:3600/3600, q_loss:-0.0002178512298791603, rewards:-10.277516004774306, queue:5.312239583333334, delay:0.08136784235636393, throughput:1073
episode:4/2000, real avg travel time:320.9878844361603
intersection:0, mean_episode_reward:-0.06686890125274658, mean_queue:2.8222222328186035
intersection:1, mean_episode_reward:-0.06861957907676697, mean_queue:3.055555582046509
intersection:2, mean_episode_reward:-0.11318417638540268, mean_queue:4.361111164093018
intersection:3, mean_episode_reward:-0.0559360608458519, mean_queue:3.1083333492279053
intersection:4, mean_episode_reward:-0.7309054732322693, mean_queue:7.213889122009277
intersection:5, mean_episode_reward:-1.9083733558654785, mean_queue:32.70277786254883
intersection:6, mean_episode_reward:-0.059959691017866135, mean_queue:2.680555582046509
intersection:7, mean_episode_reward:-0.02862256020307541, mean_queue:2.1583333015441895
intersection:8, mean_episode_reward:-0.11895990371704102, mean_queue:2.972222328186035
intersection:9, mean_episode_reward:-2.0239903926849365, mean_queue:25.663888931274414
intersection:10, mean_episode_reward:-0.5869298577308655, mean_queue:6.380555629730225
intersection:11, mean_episode_reward:-0.03676246106624603, mean_queue:2.472222328186035
intersection:12, mean_episode_reward:-1.7334272861480713, mean_queue:31.31944465637207
intersection:13, mean_episode_reward:-1.8370344638824463, mean_queue:32.147220611572266
intersection:14, mean_episode_reward:-0.3587537407875061, mean_queue:5.138888835906982
intersection:15, mean_episode_reward:-0.5491883158683777, mean_queue:5.794444561004639
intersection:16, mean_episode_reward:0.0, mean_queue:0.0
intersection:17, mean_episode_reward:0.0, mean_queue:0.0
intersection:18, mean_episode_reward:0.0, mean_queue:0.0
intersection:19, mean_episode_reward:0.0, mean_queue:0.0
intersection:20, mean_episode_reward:0.0, mean_queue:0.0
intersection:21, mean_episode_reward:0.0, mean_queue:0.0
intersection:22, mean_episode_reward:0.0, mean_queue:0.0
intersection:23, mean_episode_reward:0.0, mean_queue:0.0
intersection:24, mean_episode_reward:0.0, mean_queue:0.0
intersection:25, mean_episode_reward:0.0, mean_queue:0.0
intersection:26, mean_episode_reward:0.0, mean_queue:0.0
intersection:27, mean_episode_reward:0.0, mean_queue:0.0
intersection:28, mean_episode_reward:0.0, mean_queue:0.0
intersection:29, mean_episode_reward:0.0, mean_queue:0.0
intersection:30, mean_episode_reward:0.0, mean_queue:0.0
intersection:31, mean_episode_reward:0.0, mean_queue:0.0
Test step:4/2000, travel time :288.62369337979095, rewards:-8.84691433376736, queue:4.400520833333333, delay:0.07511271370781793, throughput:1148
new best ATT=288.62 at episode 4 (metric=test)
step:3600/3600, q_loss:-0.00020513427497362134, rewards:-9.299434407552083, queue:4.768402777777778, delay:0.07608484692043728, throughput:1140
episode:5/2000, real avg travel time:317.5877192982456
intersection:0, mean_episode_reward:-0.07733973115682602, mean_queue:2.8138887882232666
intersection:1, mean_episode_reward:-0.04744059592485428, mean_queue:2.597222328186035
intersection:2, mean_episode_reward:-0.0697707086801529, mean_queue:3.2750000953674316
intersection:3, mean_episode_reward:-0.046969491988420486, mean_queue:3.0805554389953613
intersection:4, mean_episode_reward:-1.8863111734390259, mean_queue:39.786109924316406
intersection:5, mean_episode_reward:-0.3060694932937622, mean_queue:4.191666603088379
intersection:6, mean_episode_reward:-0.08479703217744827, mean_queue:3.0444445610046387
intersection:7, mean_episode_reward:-0.04373551532626152, mean_queue:2.6083333492279053
intersection:8, mean_episode_reward:-0.07930111140012741, mean_queue:1.8111110925674438
intersection:9, mean_episode_reward:-2.477079391479492, mean_queue:29.183332443237305
intersection:10, mean_episode_reward:-0.4707479774951935, mean_queue:5.416666507720947
intersection:11, mean_episode_reward:-0.049558304250240326, mean_queue:2.538888931274414
intersection:12, mean_episode_reward:-1.770355224609375, mean_queue:31.58888816833496
intersection:13, mean_episode_reward:-0.0662054643034935, mean_queue:3.1861112117767334
intersection:14, mean_episode_reward:-1.6678069829940796, mean_queue:13.291666984558105
intersection:15, mean_episode_reward:-0.15594621002674103, mean_queue:4.175000190734863
intersection:16, mean_episode_reward:0.0, mean_queue:0.0
intersection:17, mean_episode_reward:0.0, mean_queue:0.0
intersection:18, mean_episode_reward:0.0, mean_queue:0.0
intersection:19, mean_episode_reward:0.0, mean_queue:0.0
intersection:20, mean_episode_reward:0.0, mean_queue:0.0
intersection:21, mean_episode_reward:0.0, mean_queue:0.0
intersection:22, mean_episode_reward:0.0, mean_queue:0.0
intersection:23, mean_episode_reward:0.0, mean_queue:0.0
intersection:24, mean_episode_reward:0.0, mean_queue:0.0
intersection:25, mean_episode_reward:0.0, mean_queue:0.0
intersection:26, mean_episode_reward:0.0, mean_queue:0.0
intersection:27, mean_episode_reward:0.0, mean_queue:0.0
intersection:28, mean_episode_reward:0.0, mean_queue:0.0
intersection:29, mean_episode_reward:0.0, mean_queue:0.0
intersection:30, mean_episode_reward:0.0, mean_queue:0.0
intersection:31, mean_episode_reward:0.0, mean_queue:0.0
Test step:5/2000, travel time :308.15439219165927, rewards:-7.844088406032986, queue:4.708159722222222, delay:0.0765867551167806, throughput:1127
step:3600/3600, q_loss:-0.0001947268125790027, rewards:-9.058954535590278, queue:4.985416666666667, delay:0.07818564838833279, throughput:1082
episode:6/2000, real avg travel time:301.1173752310536
intersection:0, mean_episode_reward:-0.08504756540060043, mean_queue:2.6666667461395264
intersection:1, mean_episode_reward:-0.04049220308661461, mean_queue:2.555555582046509
intersection:2, mean_episode_reward:-0.07992064952850342, mean_queue:3.538888931274414
intersection:3, mean_episode_reward:-0.038367751985788345, mean_queue:2.7166666984558105
intersection:4, mean_episode_reward:-1.6297247409820557, mean_queue:28.130556106567383
intersection:5, mean_episode_reward:-0.049068011343479156, mean_queue:2.519444465637207
intersection:6, mean_episode_reward:-1.432191252708435, mean_queue:13.269444465637207
intersection:7, mean_episode_reward:-0.045737866312265396, mean_queue:2.3499999046325684
intersection:8, mean_episode_reward:-1.810179352760315, mean_queue:27.391666412353516
intersection:9, mean_episode_reward:-0.08154833316802979, mean_queue:2.9666666984558105
intersection:10, mean_episode_reward:-0.10791097581386566, mean_queue:3.472222328186035
intersection:11, mean_episode_reward:-0.09048131108283997, mean_queue:3.241666555404663
intersection:12, mean_episode_reward:-1.8797467947006226, mean_queue:33.04722213745117
intersection:13, mean_episode_reward:-1.562587857246399, mean_queue:25.794445037841797
intersection:14, mean_episode_reward:-0.08331949263811111, mean_queue:3.2361111640930176
intersection:15, mean_episode_reward:-0.04263020679354668, mean_queue:2.63611102104187
intersection:16, mean_episode_reward:0.0, mean_queue:0.0
intersection:17, mean_episode_reward:0.0, mean_queue:0.0
intersection:18, mean_episode_reward:0.0, mean_queue:0.0
intersection:19, mean_episode_reward:0.0, mean_queue:0.0
intersection:20, mean_episode_reward:0.0, mean_queue:0.0
intersection:21, mean_episode_reward:0.0, mean_queue:0.0
intersection:22, mean_episode_reward:0.0, mean_queue:0.0
intersection:23, mean_episode_reward:0.0, mean_queue:0.0
intersection:24, mean_episode_reward:0.0, mean_queue:0.0
intersection:25, mean_episode_reward:0.0, mean_queue:0.0
intersection:26, mean_episode_reward:0.0, mean_queue:0.0
intersection:27, mean_episode_reward:0.0, mean_queue:0.0
intersection:28, mean_episode_reward:0.0, mean_queue:0.0
intersection:29, mean_episode_reward:0.0, mean_queue:0.0
intersection:30, mean_episode_reward:0.0, mean_queue:0.0
intersection:31, mean_episode_reward:0.0, mean_queue:0.0
Test step:6/2000, travel time :311.766092475068, rewards:-7.366796196831597, queue:4.991753472222222, delay:0.07610477871365018, throughput:1103
step:3600/3600, q_loss:-0.00018760615337540308, rewards:-7.47895982530382, queue:4.497048611111111, delay:0.07452722125583225, throughput:1126
episode:7/2000, real avg travel time:290.8747779751332
intersection:0, mean_episode_reward:-0.06604529172182083, mean_queue:2.63611102104187
intersection:1, mean_episode_reward:-0.06548115611076355, mean_queue:3.0
intersection:2, mean_episode_reward:-0.05821799114346504, mean_queue:2.7138888835906982
intersection:3, mean_episode_reward:-0.03603968769311905, mean_queue:2.577777862548828
intersection:4, mean_episode_reward:-1.717012882232666, mean_queue:32.08333206176758
intersection:5, mean_episode_reward:-0.04723574221134186, mean_queue:2.4833333492279053
intersection:6, mean_episode_reward:-0.11429998278617859, mean_queue:3.625
intersection:7, mean_episode_reward:-0.03967902809381485, mean_queue:2.444444417953491
intersection:8, mean_episode_reward:-0.09868739545345306, mean_queue:2.730555534362793
intersection:9, mean_episode_reward:-1.334542989730835, mean_queue:13.922222137451172
intersection:10, mean_episode_reward:-0.04904710873961449, mean_queue:2.616666555404663
intersection:11, mean_episode_reward:-0.05141575634479523, mean_queue:2.8388888835906982
intersection:12, mean_episode_reward:-1.8424791097640991, mean_queue:35.69166564941406
intersection:13, mean_episode_reward:-1.5171525478363037, mean_queue:25.95833396911621
intersection:14, mean_episode_reward:-0.040125563740730286, mean_queue:2.3138887882232666
intersection:15, mean_episode_reward:-0.4014972150325775, mean_queue:6.269444465637207
intersection:16, mean_episode_reward:0.0, mean_queue:0.0
intersection:17, mean_episode_reward:0.0, mean_queue:0.0
intersection:18, mean_episode_reward:0.0, mean_queue:0.0
intersection:19, mean_episode_reward:0.0, mean_queue:0.0
intersection:20, mean_episode_reward:0.0, mean_queue:0.0
intersection:21, mean_episode_reward:0.0, mean_queue:0.0
intersection:22, mean_episode_reward:0.0, mean_queue:0.0
intersection:23, mean_episode_reward:0.0, mean_queue:0.0
intersection:24, mean_episode_reward:0.0, mean_queue:0.0
intersection:25, mean_episode_reward:0.0, mean_queue:0.0
intersection:26, mean_episode_reward:0.0, mean_queue:0.0
intersection:27, mean_episode_reward:0.0, mean_queue:0.0
intersection:28, mean_episode_reward:0.0, mean_queue:0.0
intersection:29, mean_episode_reward:0.0, mean_queue:0.0
intersection:30, mean_episode_reward:0.0, mean_queue:0.0
intersection:31, mean_episode_reward:0.0, mean_queue:0.0
Test step:7/2000, travel time :292.2377495462795, rewards:-6.527291531032986, queue:4.823350694444445, delay:0.07585148281521267, throughput:1102
step:3600/3600, q_loss:-0.00018384999253148266, rewards:-6.926377360026041, queue:4.696267361111111, delay:0.07480519082811143, throughput:1120
episode:8/2000, real avg travel time:295.29821428571427
intersection:0, mean_episode_reward:-0.06237022578716278, mean_queue:2.288888931274414
intersection:1, mean_episode_reward:-0.05672319233417511, mean_queue:2.7249999046325684
intersection:2, mean_episode_reward:-0.060026343911886215, mean_queue:3.180555582046509
intersection:3, mean_episode_reward:-0.046609099954366684, mean_queue:3.0722222328186035
intersection:4, mean_episode_reward:-1.7191004753112793, mean_queue:33.54722213745117
intersection:5, mean_episode_reward:-0.1269892156124115, mean_queue:3.7666666507720947
intersection:6, mean_episode_reward:-0.13087786734104156, mean_queue:3.6972222328186035
intersection:7, mean_episode_reward:-0.06439833343029022, mean_queue:2.8722221851348877
intersection:8, mean_episode_reward:-0.05760824307799339, mean_queue:2.2249999046325684
intersection:9, mean_episode_reward:-0.10186536610126495, mean_queue:2.8416666984558105
intersection:10, mean_episode_reward:-0.06518474966287613, mean_queue:3.0833332538604736
intersection:11, mean_episode_reward:-0.11183886229991913, mean_queue:4.013888835906982
intersection:12, mean_episode_reward:-1.7653049230575562, mean_queue:32.81944274902344
intersection:13, mean_episode_reward:-1.8101067543029785, mean_queue:39.338890075683594
intersection:14, mean_episode_reward:-0.34265777468681335, mean_queue:4.830555438995361
intersection:15, mean_episode_reward:-0.40471577644348145, mean_queue:5.97777795791626
intersection:16, mean_episode_reward:0.0, mean_queue:0.0
intersection:17, mean_episode_reward:0.0, mean_queue:0.0
intersection:18, mean_episode_reward:0.0, mean_queue:0.0
intersection:19, mean_episode_reward:0.0, mean_queue:0.0
intersection:20, mean_episode_reward:0.0, mean_queue:0.0
intersection:21, mean_episode_reward:0.0, mean_queue:0.0
intersection:22, mean_episode_reward:0.0, mean_queue:0.0
intersection:23, mean_episode_reward:0.0, mean_queue:0.0
intersection:24, mean_episode_reward:0.0, mean_queue:0.0
intersection:25, mean_episode_reward:0.0, mean_queue:0.0
intersection:26, mean_episode_reward:0.0, mean_queue:0.0
intersection:27, mean_episode_reward:0.0, mean_queue:0.0
intersection:28, mean_episode_reward:0.0, mean_queue:0.0
intersection:29, mean_episode_reward:0.0, mean_queue:0.0
intersection:30, mean_episode_reward:0.0, mean_queue:0.0
intersection:31, mean_episode_reward:0.0, mean_queue:0.0
Test step:8/2000, travel time :292.03003533568904, rewards:-8.603507486979167, queue:4.316232638888889, delay:0.07588365342881945, throughput:1132
step:3600/3600, q_loss:-0.000191061162978043, rewards:-5.207638210720486, queue:3.7953993055555557, delay:0.07104919751485189, throughput:1214
episode:9/2000, real avg travel time:290.45304777594725
intersection:0, mean_episode_reward:-0.057479970157146454, mean_queue:2.144444465637207
intersection:1, mean_episode_reward:-0.06526713818311691, mean_queue:3.13611102104187
intersection:2, mean_episode_reward:-0.05998948588967323, mean_queue:3.097222328186035
intersection:3, mean_episode_reward:-0.09053513407707214, mean_queue:3.8305554389953613
intersection:4, mean_episode_reward:-1.8868086338043213, mean_queue:45.04166793823242
intersection:5, mean_episode_reward:-0.09672314673662186, mean_queue:3.3916666507720947
intersection:6, mean_episode_reward:-0.08021450787782669, mean_queue:2.969444513320923
intersection:7, mean_episode_reward:-0.07796657085418701, mean_queue:2.969444513320923
intersection:8, mean_episode_reward:-0.06060051918029785, mean_queue:1.9527777433395386
intersection:9, mean_episode_reward:-0.09608035534620285, mean_queue:3.633333444595337
intersection:10, mean_episode_reward:-0.0476408414542675, mean_queue:2.6277778148651123
intersection:11, mean_episode_reward:-0.06602316349744797, mean_queue:3.2055554389953613
intersection:12, mean_episode_reward:-1.6943613290786743, mean_queue:29.91666603088379
intersection:13, mean_episode_reward:-0.053057316690683365, mean_queue:2.9555554389953613
intersection:14, mean_episode_reward:-0.05330183357000351, mean_queue:2.549999952316284
intersection:15, mean_episode_reward:-0.7215883135795593, mean_queue:8.030555725097656
intersection:16, mean_episode_reward:0.0, mean_queue:0.0
intersection:17, mean_episode_reward:0.0, mean_queue:0.0
intersection:18, mean_episode_reward:0.0, mean_queue:0.0
intersection:19, mean_episode_reward:0.0, mean_queue:0.0
intersection:20, mean_episode_reward:0.0, mean_queue:0.0
intersection:21, mean_episode_reward:0.0, mean_queue:0.0
intersection:22, mean_episode_reward:0.0, mean_queue:0.0
intersection:23, mean_episode_reward:0.0, mean_queue:0.0
intersection:24, mean_episode_reward:0.0, mean_queue:0.0
intersection:25, mean_episode_reward:0.0, mean_queue:0.0
intersection:26, mean_episode_reward:0.0, mean_queue:0.0
intersection:27, mean_episode_reward:0.0, mean_queue:0.0
intersection:28, mean_episode_reward:0.0, mean_queue:0.0
intersection:29, mean_episode_reward:0.0, mean_queue:0.0
intersection:30, mean_episode_reward:0.0, mean_queue:0.0
intersection:31, mean_episode_reward:0.0, mean_queue:0.0
Test step:9/2000, travel time :315.36510962821734, rewards:-9.720646837022569, queue:5.460503472222222, delay:0.07910056644015842, throughput:1049
step:3600/3600, q_loss:-0.00018840317095203594, rewards:-8.845722113715278, queue:5.091666666666667, delay:0.07971493403116862, throughput:1073
episode:10/2000, real avg travel time:305.022367194781
intersection:0, mean_episode_reward:-0.07403326779603958, mean_queue:2.4277777671813965
intersection:1, mean_episode_reward:-0.0550885871052742, mean_queue:3.144444465637207
intersection:2, mean_episode_reward:-0.06070571020245552, mean_queue:3.11388897895813
intersection:3, mean_episode_reward:-0.035279836505651474, mean_queue:2.6888887882232666
intersection:4, mean_episode_reward:-2.0772294998168945, mean_queue:44.372222900390625
intersection:5, mean_episode_reward:-0.05132059380412102, mean_queue:2.4194445610046387
intersection:6, mean_episode_reward:-0.2618579566478729, mean_queue:4.816666603088379
intersection:7, mean_episode_reward:-0.0390252061188221, mean_queue:2.230555534362793
intersection:8, mean_episode_reward:-0.102645643055439, mean_queue:2.3222222328186035
intersection:9, mean_episode_reward:-1.1811190843582153, mean_queue:11.272222518920898
intersection:10, mean_episode_reward:-0.03318772464990616, mean_queue:2.325000047683716
intersection:11, mean_episode_reward:-0.08906839042901993, mean_queue:3.3972222805023193
intersection:12, mean_episode_reward:-1.7278825044631958, mean_queue:32.272220611572266
intersection:13, mean_episode_reward:-1.5918338298797607, mean_queue:26.677778244018555
intersection:14, mean_episode_reward:-0.07973399013280869, mean_queue:3.219444513320923
intersection:15, mean_episode_reward:-1.3857102394104004, mean_queue:16.233333587646484
intersection:16, mean_episode_reward:0.0, mean_queue:0.0
intersection:17, mean_episode_reward:0.0, mean_queue:0.0
intersection:18, mean_episode_reward:0.0, mean_queue:0.0
intersection:19, mean_episode_reward:0.0, mean_queue:0.0
intersection:20, mean_episode_reward:0.0, mean_queue:0.0
intersection:21, mean_episode_reward:0.0, mean_queue:0.0
intersection:22, mean_episode_reward:0.0, mean_queue:0.0
intersection:23, mean_episode_reward:0.0, mean_queue:0.0
intersection:24, mean_episode_reward:0.0, mean_queue:0.0
intersection:25, mean_episode_reward:0.0, mean_queue:0.0
intersection:26, mean_episode_reward:0.0, mean_queue:0.0
intersection:27, mean_episode_reward:0.0, mean_queue:0.0
intersection:28, mean_episode_reward:0.0, mean_queue:0.0
intersection:29, mean_episode_reward:0.0, mean_queue:0.0
intersection:30, mean_episode_reward:0.0, mean_queue:0.0
intersection:31, mean_episode_reward:0.0, mean_queue:0.0
Test step:10/2000, travel time :292.2282309807516, rewards:-9.255684407552083, queue:4.988368055555555, delay:0.07729991806877984, throughput:1091
step:3600/3600, q_loss:-0.00018715779739800255, rewards:-8.791599527994792, queue:4.5608506944444445, delay:0.07619584931267633, throughput:1147
episode:11/2000, real avg travel time:306.67829119442024
intersection:0, mean_episode_reward:-0.06364364922046661, mean_queue:2.3583333492279053
intersection:1, mean_episode_reward:-0.04030504822731018, mean_queue:2.4555554389953613
intersection:2, mean_episode_reward:-0.08507752418518066, mean_queue:3.2527778148651123
intersection:3, mean_episode_reward:-0.055851131677627563, mean_queue:3.277777671813965
intersection:4, mean_episode_reward:-1.8930507898330688, mean_queue:45.0805549621582
intersection:5, mean_episode_reward:-0.033222947269678116, mean_queue:2.105555534362793
intersection:6, mean_episode_reward:-1.5301588773727417, mean_queue:15.36388874053955
intersection:7, mean_episode_reward:-0.03019530512392521, mean_queue:2.2166666984558105
intersection:8, mean_episode_reward:-0.10683587193489075, mean_queue:2.336111068725586
intersection:9, mean_episode_reward:-1.352271556854248, mean_queue:13.097222328186035
intersection:10, mean_episode_reward:-0.05816095322370529, mean_queue:2.680555582046509
intersection:11, mean_episode_reward:-0.05630393698811531, mean_queue:3.0333333015441895
intersection:12, mean_episode_reward:-1.7254396677017212, mean_queue:30.1027774810791
intersection:13, mean_episode_reward:-0.06860242784023285, mean_queue:3.075000047683716
intersection:14, mean_episode_reward:-1.3225634098052979, mean_queue:9.883333206176758
intersection:15, mean_episode_reward:-0.3699174225330353, mean_queue:5.627777576446533
intersection:16, mean_episode_reward:0.0, mean_queue:0.0
intersection:17, mean_episode_reward:0.0, mean_queue:0.0
intersection:18, mean_episode_reward:0.0, mean_queue:0.0
intersection:19, mean_episode_reward:0.0, mean_queue:0.0
intersection:20, mean_episode_reward:0.0, mean_queue:0.0
intersection:21, mean_episode_reward:0.0, mean_queue:0.0
intersection:22, mean_episode_reward:0.0, mean_queue:0.0
intersection:23, mean_episode_reward:0.0, mean_queue:0.0
intersection:24, mean_episode_reward:0.0, mean_queue:0.0
intersection:25, mean_episode_reward:0.0, mean_queue:0.0
intersection:26, mean_episode_reward:0.0, mean_queue:0.0
intersection:27, mean_episode_reward:0.0, mean_queue:0.0
intersection:28, mean_episode_reward:0.0, mean_queue:0.0
intersection:29, mean_episode_reward:0.0, mean_queue:0.0
intersection:30, mean_episode_reward:0.0, mean_queue:0.0
intersection:31, mean_episode_reward:0.0, mean_queue:0.0
Test step:11/2000, travel time :287.5994623655914, rewards:-7.19550035264757, queue:4.593229166666666, delay:0.07515300644768609, throughput:1116
step:3600/3600, q_loss:-0.00017812722173438602, rewards:-11.44405788845486, queue:5.594965277777778, delay:0.08220063315497504, throughput:1034
episode:12/2000, real avg travel time:317.7998065764023
intersection:0, mean_episode_reward:-0.03936445340514183, mean_queue:2.327777862548828
intersection:1, mean_episode_reward:-0.04521278291940689, mean_queue:2.6194443702697754
intersection:2, mean_episode_reward:-0.07162013649940491, mean_queue:2.6694445610046387
intersection:3, mean_episode_reward:-0.04392598569393158, mean_queue:2.780555486679077
intersection:4, mean_episode_reward:-1.413977026939392, mean_queue:13.491666793823242
intersection:5, mean_episode_reward:-1.604909896850586, mean_queue:18.244443893432617
intersection:6, mean_episode_reward:-1.81355619430542, mean_queue:23.65833282470703
intersection:7, mean_episode_reward:-0.033380765467882156, mean_queue:2.1222221851348877
intersection:8, mean_episode_reward:-0.12876754999160767, mean_queue:2.058333396911621
intersection:9, mean_episode_reward:-1.8606082201004028, mean_queue:18.52777862548828
intersection:10, mean_episode_reward:-0.29041096568107605, mean_queue:4.488888740539551
intersection:11, mean_episode_reward:-0.056707609444856644, mean_queue:2.9944443702697754
intersection:12, mean_episode_reward:-2.04343318939209, mean_queue:39.655555725097656
intersection:13, mean_episode_reward:-1.8861405849456787, mean_queue:37.963890075683594
intersection:14, mean_episode_reward:-0.07300535589456558, mean_queue:3.0333333015441895
intersection:15, mean_episode_reward:-0.03903738409280777, mean_queue:2.402777671813965
intersection:16, mean_episode_reward:0.0, mean_queue:0.0
intersection:17, mean_episode_reward:0.0, mean_queue:0.0
intersection:18, mean_episode_reward:0.0, mean_queue:0.0
intersection:19, mean_episode_reward:0.0, mean_queue:0.0
intersection:20, mean_episode_reward:0.0, mean_queue:0.0
intersection:21, mean_episode_reward:0.0, mean_queue:0.0
intersection:22, mean_episode_reward:0.0, mean_queue:0.0
intersection:23, mean_episode_reward:0.0, mean_queue:0.0
intersection:24, mean_episode_reward:0.0, mean_queue:0.0
intersection:25, mean_episode_reward:0.0, mean_queue:0.0
intersection:26, mean_episode_reward:0.0, mean_queue:0.0
intersection:27, mean_episode_reward:0.0, mean_queue:0.0
intersection:28, mean_episode_reward:0.0, mean_queue:0.0
intersection:29, mean_episode_reward:0.0, mean_queue:0.0
intersection:30, mean_episode_reward:0.0, mean_queue:0.0
intersection:31, mean_episode_reward:0.0, mean_queue:0.0
Test step:12/2000, travel time :291.9558117195005, rewards:-10.682623291015625, queue:5.221527777777778, delay:0.07965966860453287, throughput:1041
step:3600/3600, q_loss:-0.00017883002114129072, rewards:-10.753787570529514, queue:5.544270833333333, delay:0.07786008516947428, throughput:1044
episode:13/2000, real avg travel time:317.1130268199234
intersection:0, mean_episode_reward:-0.07303965091705322, mean_queue:2.5333333015441895
intersection:1, mean_episode_reward:-0.10019560158252716, mean_queue:2.9972221851348877
intersection:2, mean_episode_reward:-0.04061931371688843, mean_queue:2.422222137451172
intersection:3, mean_episode_reward:-0.034312281757593155, mean_queue:2.575000047683716
intersection:4, mean_episode_reward:-2.012786865234375, mean_queue:39.68888854980469
intersection:5, mean_episode_reward:-0.6913487911224365, mean_queue:5.413888931274414
intersection:6, mean_episode_reward:-0.03837777301669121, mean_queue:2.3138887882232666
intersection:7, mean_episode_reward:-0.03013361059129238, mean_queue:1.975000023841858
intersection:8, mean_episode_reward:-0.12298373132944107, mean_queue:1.8527777194976807
intersection:9, mean_episode_reward:-2.230133295059204, mean_queue:19.619443893432617
intersection:10, mean_episode_reward:-0.040776513516902924, mean_queue:2.280555486679077
intersection:11, mean_episode_reward:-0.06836891174316406, mean_queue:3.2750000953674316
intersection:12, mean_episode_reward:-1.8074568510055542, mean_queue:33.06111145019531
intersection:13, mean_episode_reward:-1.8873467445373535, mean_queue:42.31666564941406
intersection:14, mean_episode_reward:-0.3528636693954468, mean_queue:5.025000095367432
intersection:15, mean_episode_reward:-1.22304368019104, mean_queue:10.066666603088379
intersection:16, mean_episode_reward:0.0, mean_queue:0.0
intersection:17, mean_episode_reward:0.0, mean_queue:0.0
intersection:18, mean_episode_reward:0.0, mean_queue:0.0
intersection:19, mean_episode_reward:0.0, mean_queue:0.0
intersection:20, mean_episode_reward:0.0, mean_queue:0.0
intersection:21, mean_episode_reward:0.0, mean_queue:0.0
intersection:22, mean_episode_reward:0.0, mean_queue:0.0
intersection:23, mean_episode_reward:0.0, mean_queue:0.0
intersection:24, mean_episode_reward:0.0, mean_queue:0.0
intersection:25, mean_episode_reward:0.0, mean_queue:0.0
intersection:26, mean_episode_reward:0.0, mean_queue:0.0
intersection:27, mean_episode_reward:0.0, mean_queue:0.0
intersection:28, mean_episode_reward:0.0, mean_queue:0.0
intersection:29, mean_episode_reward:0.0, mean_queue:0.0
intersection:30, mean_episode_reward:0.0, mean_queue:0.0
intersection:31, mean_episode_reward:0.0, mean_queue:0.0
Test step:13/2000, travel time :302.404016064257, rewards:-6.1329766167534725, queue:3.561284722222222, delay:0.0730077478620741, throughput:1245
step:3600/3600, q_loss:-0.00018312544204242474, rewards:-7.5728644476996525, queue:4.319444444444445, delay:0.0748973634507921, throughput:1189
episode:14/2000, real avg travel time:332.5836837678722
intersection:0, mean_episode_reward:-0.04594223201274872, mean_queue:2.4583332538604736
intersection:1, mean_episode_reward:-0.05589791759848595, mean_queue:2.7555556297302246
intersection:2, mean_episode_reward:-0.07310072332620621, mean_queue:3.3333332538604736
intersection:3, mean_episode_reward:-0.11107086390256882, mean_queue:3.969444513320923
intersection:4, mean_episode_reward:-1.4407870769500732, mean_queue:17.78611183166504
intersection:5, mean_episode_reward:-0.5328763127326965, mean_queue:3.9944443702697754
intersection:6, mean_episode_reward:-0.1042795181274414, mean_queue:3.172222137451172
intersection:7, mean_episode_reward:-0.06046987697482109, mean_queue:2.1111111640930176
intersection:8, mean_episode_reward:-0.12962116301059723, mean_queue:2.316666603088379
intersection:9, mean_episode_reward:-2.3789455890655518, mean_queue:36.8305549621582
intersection:10, mean_episode_reward:-0.18988670408725739, mean_queue:4.291666507720947
intersection:11, mean_episode_reward:-0.42466065287590027, mean_queue:7.155555725097656
intersection:12, mean_episode_reward:-1.8139339685440063, mean_queue:38.28888702392578
intersection:13, mean_episode_reward:-0.08015207946300507, mean_queue:3.4972221851348877
intersection:14, mean_episode_reward:-0.051831379532814026, mean_queue:2.8416666984558105
intersection:15, mean_episode_reward:-0.07940869778394699, mean_queue:3.4194445610046387
intersection:16, mean_episode_reward:0.0, mean_queue:0.0
intersection:17, mean_episode_reward:0.0, mean_queue:0.0
intersection:18, mean_episode_reward:0.0, mean_queue:0.0
intersection:19, mean_episode_reward:0.0, mean_queue:0.0
intersection:20, mean_episode_reward:0.0, mean_queue:0.0
intersection:21, mean_episode_reward:0.0, mean_queue:0.0
intersection:22, mean_episode_reward:0.0, mean_queue:0.0
intersection:23, mean_episode_reward:0.0, mean_queue:0.0
intersection:24, mean_episode_reward:0.0, mean_queue:0.0
intersection:25, mean_episode_reward:0.0, mean_queue:0.0
intersection:26, mean_episode_reward:0.0, mean_queue:0.0
intersection:27, mean_episode_reward:0.0, mean_queue:0.0
intersection:28, mean_episode_reward:0.0, mean_queue:0.0
intersection:29, mean_episode_reward:0.0, mean_queue:0.0
intersection:30, mean_episode_reward:0.0, mean_queue:0.0
intersection:31, mean_episode_reward:0.0, mean_queue:0.0
Test step:14/2000, travel time :289.2464854732896, rewards:-7.726569959852431, queue:5.096614583333333, delay:0.07582265006171332, throughput:1067
step:3600/3600, q_loss:-0.00018444221752503303, rewards:-10.656727430555556, queue:5.053732638888889, delay:0.07857768270704481, throughput:1088
episode:15/2000, real avg travel time:302.98069852941177
intersection:0, mean_episode_reward:-0.04519984871149063, mean_queue:2.1500000953674316
intersection:1, mean_episode_reward:-0.04415106400847435, mean_queue:2.461111068725586
intersection:2, mean_episode_reward:-0.06239679083228111, mean_queue:2.933333396911621
intersection:3, mean_episode_reward:-0.06814805418252945, mean_queue:3.549999952316284
intersection:4, mean_episode_reward:-1.9952913522720337, mean_queue:40.094444274902344
intersection:5, mean_episode_reward:-1.6732232570648193, mean_queue:22.5
intersection:6, mean_episode_reward:-0.030379947274923325, mean_queue:2.0527777671813965
intersection:7, mean_episode_reward:-0.029095657169818878, mean_queue:1.9555555582046509
intersection:8, mean_episode_reward:-0.076537124812603, mean_queue:1.8250000476837158
intersection:9, mean_episode_reward:-1.8197879791259766, mean_queue:17.552778244018555
intersection:10, mean_episode_reward:-0.37300267815589905, mean_queue:4.724999904632568
intersection:11, mean_episode_reward:-0.1172637939453125, mean_queue:3.1777777671813965
intersection:12, mean_episode_reward:-1.4056313037872314, mean_queue:20.73055648803711
intersection:13, mean_episode_reward:-1.399623990058899, mean_queue:20.438888549804688
intersection:14, mean_episode_reward:-0.08698361366987228, mean_queue:3.194444417953491
intersection:15, mean_episode_reward:-1.43001127243042, mean_queue:12.377778053283691
intersection:16, mean_episode_reward:0.0, mean_queue:0.0
intersection:17, mean_episode_reward:0.0, mean_queue:0.0
intersection:18, mean_episode_reward:0.0, mean_queue:0.0
intersection:19, mean_episode_reward:0.0, mean_queue:0.0
intersection:20, mean_episode_reward:0.0, mean_queue:0.0
intersection:21, mean_episode_reward:0.0, mean_queue:0.0
intersection:22, mean_episode_reward:0.0, mean_queue:0.0
intersection:23, mean_episode_reward:0.0, mean_queue:0.0
intersection:24, mean_episode_reward:0.0, mean_queue:0.0
intersection:25, mean_episode_reward:0.0, mean_queue:0.0
intersection:26, mean_episode_reward:0.0, mean_queue:0.0
intersection:27, mean_episode_reward:0.0, mean_queue:0.0
intersection:28, mean_episode_reward:0.0, mean_queue:0.0
intersection:29, mean_episode_reward:0.0, mean_queue:0.0
intersection:30, mean_episode_reward:0.0, mean_queue:0.0
intersection:31, mean_episode_reward:0.0, mean_queue:0.0
Test step:15/2000, travel time :299.3314393939394, rewards:-9.01800537109375, queue:5.394357638888889, delay:0.07744161817762586, throughput:1056
step:3600/3600, q_loss:-0.00019024953164661616, rewards:-10.394247775607639, queue:5.138194444444444, delay:0.07987140019734701, throughput:1066
episode:16/2000, real avg travel time:306.093808630394
intersection:0, mean_episode_reward:-0.04915986582636833, mean_queue:2.5027778148651123
intersection:1, mean_episode_reward:-0.057816408574581146, mean_queue:2.6666667461395264
intersection:2, mean_episode_reward:-0.1466490626335144, mean_queue:3.6888887882232666
intersection:3, mean_episode_reward:-0.03896154463291168, mean_queue:2.7277777194976807
intersection:4, mean_episode_reward:-0.06065011024475098, mean_queue:2.3694443702697754
intersection:5, mean_episode_reward:-1.7179088592529297, mean_queue:28.25
intersection:6, mean_episode_reward:-1.5318851470947266, mean_queue:14.94444465637207
intersection:7, mean_episode_reward:-0.030781449750065804, mean_queue:2.183333396911621
intersection:8, mean_episode_reward:-0.13655927777290344, mean_queue:2.1888887882232666
intersection:9, mean_episode_reward:-1.653944730758667, mean_queue:15.61111068725586
intersection:10, mean_episode_reward:-0.03054128959774971, mean_queue:1.9555555582046509
intersection:11, mean_episode_reward:-0.06329210847616196, mean_queue:2.8777778148651123
intersection:12, mean_episode_reward:-1.8124802112579346, mean_queue:36.95833206176758
intersection:13, mean_episode_reward:-1.618996024131775, mean_queue:26.72222137451172
intersection:14, mean_episode_reward:-0.06392379105091095, mean_queue:2.780555486679077
intersection:15, mean_episode_reward:-1.380698323249817, mean_queue:15.994444847106934
intersection:16, mean_episode_reward:0.0, mean_queue:0.0
intersection:17, mean_episode_reward:0.0, mean_queue:0.0
intersection:18, mean_episode_reward:0.0, mean_queue:0.0
intersection:19, mean_episode_reward:0.0, mean_queue:0.0
intersection:20, mean_episode_reward:0.0, mean_queue:0.0
intersection:21, mean_episode_reward:0.0, mean_queue:0.0
intersection:22, mean_episode_reward:0.0, mean_queue:0.0
intersection:23, mean_episode_reward:0.0, mean_queue:0.0
intersection:24, mean_episode_reward:0.0, mean_queue:0.0
intersection:25, mean_episode_reward:0.0, mean_queue:0.0
intersection:26, mean_episode_reward:0.0, mean_queue:0.0
intersection:27, mean_episode_reward:0.0, mean_queue:0.0
intersection:28, mean_episode_reward:0.0, mean_queue:0.0
intersection:29, mean_episode_reward:0.0, mean_queue:0.0
intersection:30, mean_episode_reward:0.0, mean_queue:0.0
intersection:31, mean_episode_reward:0.0, mean_queue:0.0
Test step:16/2000, travel time :306.632945389436, rewards:-7.152976481119792, queue:4.794444444444444, delay:0.07844061851501465, throughput:1117
step:3600/3600, q_loss:-0.00019379398755227224, rewards:-9.818098958333334, queue:5.305208333333334, delay:0.07896415922376844, throughput:1068
episode:17/2000, real avg travel time:305.65168539325845
intersection:0, mean_episode_reward:-0.04557747393846512, mean_queue:2.3694443702697754
intersection:1, mean_episode_reward:-0.04546823352575302, mean_queue:2.674999952316284
intersection:2, mean_episode_reward:-0.061146046966314316, mean_queue:2.952777862548828
intersection:3, mean_episode_reward:-0.04010354354977608, mean_queue:2.6111111640930176
intersection:4, mean_episode_reward:-1.0650800466537476, mean_queue:9.600000381469727
intersection:5, mean_episode_reward:-1.8252702951431274, mean_queue:31.947221755981445
intersection:6, mean_episode_reward:-0.06528294086456299, mean_queue:2.7361111640930176
intersection:7, mean_episode_reward:-0.030301639810204506, mean_queue:1.788888931274414
intersection:8, mean_episode_reward:-0.11365430802106857, mean_queue:2.452777862548828
intersection:9, mean_episode_reward:-0.7953137755393982, mean_queue:8.202777862548828
intersection:10, mean_episode_reward:-0.05120484530925751, mean_queue:2.719444513320923
intersection:11, mean_episode_reward:-0.08943824470043182, mean_queue:3.2722222805023193
intersection:12, mean_episode_reward:-1.685950756072998, mean_queue:33.588890075683594
intersection:13, mean_episode_reward:-2.0184478759765625, mean_queue:41.14444351196289
intersection:14, mean_episode_reward:-0.40597566962242126, mean_queue:5.083333492279053
intersection:15, mean_episode_reward:-1.4798829555511475, mean_queue:16.622222900390625
intersection:16, mean_episode_reward:0.0, mean_queue:0.0
intersection:17, mean_episode_reward:0.0, mean_queue:0.0
intersection:18, mean_episode_reward:0.0, mean_queue:0.0
intersection:19, mean_episode_reward:0.0, mean_queue:0.0
intersection:20, mean_episode_reward:0.0, mean_queue:0.0
intersection:21, mean_episode_reward:0.0, mean_queue:0.0
intersection:22, mean_episode_reward:0.0, mean_queue:0.0
intersection:23, mean_episode_reward:0.0, mean_queue:0.0
intersection:24, mean_episode_reward:0.0, mean_queue:0.0
intersection:25, mean_episode_reward:0.0, mean_queue:0.0
intersection:26, mean_episode_reward:0.0, mean_queue:0.0
intersection:27, mean_episode_reward:0.0, mean_queue:0.0
intersection:28, mean_episode_reward:0.0, mean_queue:0.0
intersection:29, mean_episode_reward:0.0, mean_queue:0.0
intersection:30, mean_episode_reward:0.0, mean_queue:0.0
intersection:31, mean_episode_reward:0.0, mean_queue:0.0
Test step:17/2000, travel time :310.92979297929793, rewards:-8.768674045138889, queue:4.840017361111111, delay:0.07580650117662217, throughput:1111
step:3600/3600, q_loss:-0.00019561516214651394, rewards:-8.429139539930556, queue:4.589756944444445, delay:0.07473283343844944, throughput:1151
episode:18/2000, real avg travel time:306.03475238922675
intersection:0, mean_episode_reward:-0.10399863123893738, mean_queue:3.155555486679077
intersection:1, mean_episode_reward:-0.05778377875685692, mean_queue:2.944444417953491
intersection:2, mean_episode_reward:-0.04593708738684654, mean_queue:2.7277777194976807
intersection:3, mean_episode_reward:-0.03471653535962105, mean_queue:2.5416667461395264
intersection:4, mean_episode_reward:-2.005437135696411, mean_queue:41.16388702392578
intersection:5, mean_episode_reward:-1.4256491661071777, mean_queue:16.19444465637207
intersection:6, mean_episode_reward:-0.16065914928913116, mean_queue:3.9000000953674316
intersection:7, mean_episode_reward:-0.041979894042015076, mean_queue:2.297222137451172
intersection:8, mean_episode_reward:-0.15004633367061615, mean_queue:2.4194445610046387
intersection:9, mean_episode_reward:-0.9507752060890198, mean_queue:10.641666412353516
intersection:10, mean_episode_reward:-0.03867560625076294, mean_queue:2.1666667461395264
intersection:11, mean_episode_reward:-0.0684821829199791, mean_queue:3.13611102104187
intersection:12, mean_episode_reward:-1.6810847520828247, mean_queue:30.73611068725586
intersection:13, mean_episode_reward:-0.04223432391881943, mean_queue:2.8027777671813965
intersection:14, mean_episode_reward:-0.06485521793365479, mean_queue:2.519444465637207
intersection:15, mean_episode_reward:-1.5568244457244873, mean_queue:17.524999618530273
intersection:16, mean_episode_reward:0.0, mean_queue:0.0
intersection:17, mean_episode_reward:0.0, mean_queue:0.0
intersection:18, mean_episode_reward:0.0, mean_queue:0.0
intersection:19, mean_episode_reward:0.0, mean_queue:0.0
intersection:20, mean_episode_reward:0.0, mean_queue:0.0
intersection:21, mean_episode_reward:0.0, mean_queue:0.0
intersection:22, mean_episode_reward:0.0, mean_queue:0.0
intersection:23, mean_episode_reward:0.0, mean_queue:0.0
intersection:24, mean_episode_reward:0.0, mean_queue:0.0
intersection:25, mean_episode_reward:0.0, mean_queue:0.0
intersection:26, mean_episode_reward:0.0, mean_queue:0.0
intersection:27, mean_episode_reward:0.0, mean_queue:0.0
intersection:28, mean_episode_reward:0.0, mean_queue:0.0
intersection:29, mean_episode_reward:0.0, mean_queue:0.0
intersection:30, mean_episode_reward:0.0, mean_queue:0.0
intersection:31, mean_episode_reward:0.0, mean_queue:0.0
Test step:18/2000, travel time :318.2202268431002, rewards:-9.729595269097222, queue:5.350520833333333, delay:0.07865150239732531, throughput:1058
step:3600/3600, q_loss:-0.0001927604904685276, rewards:-7.003575303819445, queue:4.256423611111111, delay:0.07253078354729546, throughput:1143
episode:19/2000, real avg travel time:286.5678040244969
intersection:0, mean_episode_reward:-0.04930700361728668, mean_queue:2.480555534362793
intersection:1, mean_episode_reward:-0.05201408639550209, mean_queue:2.680555582046509
intersection:2, mean_episode_reward:-0.05366475135087967, mean_queue:2.777777671813965
intersection:3, mean_episode_reward:-0.03756560757756233, mean_queue:2.5722222328186035
intersection:4, mean_episode_reward:-1.1894569396972656, mean_queue:12.202777862548828
intersection:5, mean_episode_reward:-0.06054377555847168, mean_queue:2.76111102104187
intersection:6, mean_episode_reward:-0.030116762965917587, mean_queue:2.030555486679077
intersection:7, mean_episode_reward:-0.029306480661034584, mean_queue:2.0444445610046387
intersection:8, mean_episode_reward:-0.10840318351984024, mean_queue:2.605555534362793
intersection:9, mean_episode_reward:-0.12551915645599365, mean_queue:3.3111112117767334
intersection:10, mean_episode_reward:-0.050898224115371704, mean_queue:2.7555556297302246
intersection:11, mean_episode_reward:-0.0658404529094696, mean_queue:2.7444443702697754
intersection:12, mean_episode_reward:-1.7692769765853882, mean_queue:38.42499923706055
intersection:13, mean_episode_reward:-1.7206084728240967, mean_queue:35.17777633666992
intersection:14, mean_episode_reward:-0.09412595629692078, mean_queue:2.9638888835906982
intersection:15, mean_episode_reward:-1.5669279098510742, mean_queue:18.672222137451172
intersection:16, mean_episode_reward:0.0, mean_queue:0.0
intersection:17, mean_episode_reward:0.0, mean_queue:0.0
intersection:18, mean_episode_reward:0.0, mean_queue:0.0
intersection:19, mean_episode_reward:0.0, mean_queue:0.0
intersection:20, mean_episode_reward:0.0, mean_queue:0.0
intersection:21, mean_episode_reward:0.0, mean_queue:0.0
intersection:22, mean_episode_reward:0.0, mean_queue:0.0
intersection:23, mean_episode_reward:0.0, mean_queue:0.0
intersection:24, mean_episode_reward:0.0, mean_queue:0.0
intersection:25, mean_episode_reward:0.0, mean_queue:0.0
intersection:26, mean_episode_reward:0.0, mean_queue:0.0
intersection:27, mean_episode_reward:0.0, mean_queue:0.0
intersection:28, mean_episode_reward:0.0, mean_queue:0.0
intersection:29, mean_episode_reward:0.0, mean_queue:0.0
intersection:30, mean_episode_reward:0.0, mean_queue:0.0
intersection:31, mean_episode_reward:0.0, mean_queue:0.0
Test step:19/2000, travel time :341.23579545454544, rewards:-12.207244194878472, queue:5.735763888888889, delay:0.08054268095228408, throughput:1056
step:3600/3600, q_loss:-0.00020322702290551133, rewards:-8.206929524739584, queue:5.366579861111111, delay:0.07653990851508247, throughput:1036
episode:20/2000, real avg travel time:296.08976833976834
intersection:0, mean_episode_reward:-0.09413006156682968, mean_queue:2.952777862548828
intersection:1, mean_episode_reward:-0.03938666358590126, mean_queue:2.5722222328186035
intersection:2, mean_episode_reward:-0.06529735773801804, mean_queue:3.1694445610046387
intersection:3, mean_episode_reward:-0.04080894589424133, mean_queue:2.680555582046509
intersection:4, mean_episode_reward:-2.011431932449341, mean_queue:40.95000076293945
intersection:5, mean_episode_reward:-0.04865213483572006, mean_queue:2.375
intersection:6, mean_episode_reward:-0.040431346744298935, mean_queue:2.269444465637207
intersection:7, mean_episode_reward:-0.028752991929650307, mean_queue:2.0833332538604736
intersection:8, mean_episode_reward:-0.09826221317052841, mean_queue:2.11388897895813
intersection:9, mean_episode_reward:-0.13115252554416656, mean_queue:2.902777671813965
intersection:10, mean_episode_reward:-0.032473430037498474, mean_queue:2.1888887882232666
intersection:11, mean_episode_reward:-0.05633192136883736, mean_queue:2.461111068725586
intersection:12, mean_episode_reward:-1.8499491214752197, mean_queue:36.233333587646484
intersection:13, mean_episode_reward:-2.0010743141174316, mean_queue:40.81388854980469
intersection:14, mean_episode_reward:-0.13437242805957794, mean_queue:3.25
intersection:15, mean_episode_reward:-1.5344221591949463, mean_queue:22.71388816833496
intersection:16, mean_episode_reward:0.0, mean_queue:0.0
intersection:17, mean_episode_reward:0.0, mean_queue:0.0
intersection:18, mean_episode_reward:0.0, mean_queue:0.0
intersection:19, mean_episode_reward:0.0, mean_queue:0.0
intersection:20, mean_episode_reward:0.0, mean_queue:0.0
intersection:21, mean_episode_reward:0.0, mean_queue:0.0
intersection:22, mean_episode_reward:0.0, mean_queue:0.0
intersection:23, mean_episode_reward:0.0, mean_queue:0.0
intersection:24, mean_episode_reward:0.0, mean_queue:0.0
intersection:25, mean_episode_reward:0.0, mean_queue:0.0
intersection:26, mean_episode_reward:0.0, mean_queue:0.0
intersection:27, mean_episode_reward:0.0, mean_queue:0.0
intersection:28, mean_episode_reward:0.0, mean_queue:0.0
intersection:29, mean_episode_reward:0.0, mean_queue:0.0
intersection:30, mean_episode_reward:0.0, mean_queue:0.0
intersection:31, mean_episode_reward:0.0, mean_queue:0.0
Test step:20/2000, travel time :317.80075901328274, rewards:-9.913260904947917, queue:5.506336805555556, delay:0.07777020666334364, throughput:1054
step:3600/3600, q_loss:-0.0002078613024348122, rewards:-10.943686930338542, queue:5.7515625, delay:0.08183751636081271, throughput:1021
episode:21/2000, real avg travel time:328.38197845249755
intersection:0, mean_episode_reward:-0.08465784788131714, mean_queue:2.1611111164093018
intersection:1, mean_episode_reward:-0.037919264286756516, mean_queue:2.230555534362793
intersection:2, mean_episode_reward:-0.08874566107988358, mean_queue:3.3138887882232666
intersection:3, mean_episode_reward:-0.04401475563645363, mean_queue:2.4555554389953613
intersection:4, mean_episode_reward:-1.8992736339569092, mean_queue:38.09166717529297
intersection:5, mean_episode_reward:-0.18420423567295074, mean_queue:3.2944445610046387
intersection:6, mean_episode_reward:-0.04424789920449257, mean_queue:2.4666666984558105
intersection:7, mean_episode_reward:-0.03484624996781349, mean_queue:2.0250000953674316
intersection:8, mean_episode_reward:-0.1133515015244484, mean_queue:2.116666555404663
intersection:9, mean_episode_reward:-2.446269989013672, mean_queue:20.797222137451172
intersection:10, mean_episode_reward:-0.053582265973091125, mean_queue:2.394444465637207
intersection:11, mean_episode_reward:-0.07978133857250214, mean_queue:2.883333444595337
intersection:12, mean_episode_reward:-1.8640486001968384, mean_queue:33.983333587646484
intersection:13, mean_episode_reward:-1.9197005033493042, mean_queue:43.40277862548828
intersection:14, mean_episode_reward:-0.5865601301193237, mean_queue:6.108333110809326
intersection:15, mean_episode_reward:-1.4624826908111572, mean_queue:16.325000762939453
intersection:16, mean_episode_reward:0.0, mean_queue:0.0
intersection:17, mean_episode_reward:0.0, mean_queue:0.0
intersection:18, mean_episode_reward:0.0, mean_queue:0.0
intersection:19, mean_episode_reward:0.0, mean_queue:0.0
intersection:20, mean_episode_reward:0.0, mean_queue:0.0
intersection:21, mean_episode_reward:0.0, mean_queue:0.0
intersection:22, mean_episode_reward:0.0, mean_queue:0.0
intersection:23, mean_episode_reward:0.0, mean_queue:0.0
intersection:24, mean_episode_reward:0.0, mean_queue:0.0
intersection:25, mean_episode_reward:0.0, mean_queue:0.0
intersection:26, mean_episode_reward:0.0, mean_queue:0.0
intersection:27, mean_episode_reward:0.0, mean_queue:0.0
intersection:28, mean_episode_reward:0.0, mean_queue:0.0
intersection:29, mean_episode_reward:0.0, mean_queue:0.0
intersection:30, mean_episode_reward:0.0, mean_queue:0.0
intersection:31, mean_episode_reward:0.0, mean_queue:0.0
Test step:21/2000, travel time :337.15384615384613, rewards:-12.225344509548611, queue:5.878385416666666, delay:0.08279992209540474, throughput:1027
step:3600/3600, q_loss:-0.00021030250981924462, rewards:-7.7347093370225695, queue:4.590798611111111, delay:0.07603164248996311, throughput:1128
episode:22/2000, real avg travel time:296.00443262411346
intersection:0, mean_episode_reward:-0.03865586221218109, mean_queue:2.2916667461395264
intersection:1, mean_episode_reward:-0.05543362721800804, mean_queue:2.633333444595337
intersection:2, mean_episode_reward:-0.05462382733821869, mean_queue:2.674999952316284
intersection:3, mean_episode_reward:-0.025402717292308807, mean_queue:2.11388897895813
intersection:4, mean_episode_reward:-1.918177604675293, mean_queue:26.76944351196289
intersection:5, mean_episode_reward:-0.052058976143598557, mean_queue:2.51111102104187
intersection:6, mean_episode_reward:-0.04608248174190521, mean_queue:2.3499999046325684
intersection:7, mean_episode_reward:-0.026761112734675407, mean_queue:1.855555534362793
intersection:8, mean_episode_reward:-0.12317552417516708, mean_queue:2.7333333492279053
intersection:9, mean_episode_reward:-0.21130496263504028, mean_queue:4.208333492279053
intersection:10, mean_episode_reward:-0.10664741694927216, mean_queue:3.605555534362793
intersection:11, mean_episode_reward:-0.05685681104660034, mean_queue:2.8972222805023193
intersection:12, mean_episode_reward:-1.7874494791030884, mean_queue:38.627777099609375
intersection:13, mean_episode_reward:-1.761620044708252, mean_queue:36.102779388427734
intersection:14, mean_episode_reward:-0.12016379833221436, mean_queue:3.422222137451172
intersection:15, mean_episode_reward:-1.350294828414917, mean_queue:12.108333587646484
intersection:16, mean_episode_reward:0.0, mean_queue:0.0
intersection:17, mean_episode_reward:0.0, mean_queue:0.0
intersection:18, mean_episode_reward:0.0, mean_queue:0.0
intersection:19, mean_episode_reward:0.0, mean_queue:0.0
intersection:20, mean_episode_reward:0.0, mean_queue:0.0
intersection:21, mean_episode_reward:0.0, mean_queue:0.0
intersection:22, mean_episode_reward:0.0, mean_queue:0.0
intersection:23, mean_episode_reward:0.0, mean_queue:0.0
intersection:24, mean_episode_reward:0.0, mean_queue:0.0
intersection:25, mean_episode_reward:0.0, mean_queue:0.0
intersection:26, mean_episode_reward:0.0, mean_queue:0.0
intersection:27, mean_episode_reward:0.0, mean_queue:0.0
intersection:28, mean_episode_reward:0.0, mean_queue:0.0
intersection:29, mean_episode_reward:0.0, mean_queue:0.0
intersection:30, mean_episode_reward:0.0, mean_queue:0.0
intersection:31, mean_episode_reward:0.0, mean_queue:0.0
Test step:22/2000, travel time :329.80782918149464, rewards:-8.956296793619792, queue:4.906423611111111, delay:0.0779985851711697, throughput:1124
step:3600/3600, q_loss:-0.00021847450498758798, rewards:-7.327575005425347, queue:4.054513888888889, delay:0.07321770985921223, throughput:1196
episode:23/2000, real avg travel time:297.79347826086956
intersection:0, mean_episode_reward:-0.06865337491035461, mean_queue:2.4472222328186035
intersection:1, mean_episode_reward:-0.054499827325344086, mean_queue:2.972222328186035
intersection:2, mean_episode_reward:-0.05730448663234711, mean_queue:2.808333396911621
intersection:3, mean_episode_reward:-0.03981904685497284, mean_queue:2.7055554389953613
intersection:4, mean_episode_reward:-1.691771388053894, mean_queue:21.51388931274414
intersection:5, mean_episode_reward:-0.04126651585102081, mean_queue:2.075000047683716
intersection:6, mean_episode_reward:-0.06693360954523087, mean_queue:3.01111102104187
intersection:7, mean_episode_reward:-0.038505494594573975, mean_queue:2.305555582046509
intersection:8, mean_episode_reward:-0.07606294006109238, mean_queue:2.441666603088379
intersection:9, mean_episode_reward:-0.1260741502046585, mean_queue:4.138888835906982
intersection:10, mean_episode_reward:-0.03518082946538925, mean_queue:2.2277777194976807
intersection:11, mean_episode_reward:-0.08476150035858154, mean_queue:2.7444443702697754
intersection:12, mean_episode_reward:-1.6414878368377686, mean_queue:34.24444580078125
intersection:13, mean_episode_reward:-0.09719186276197433, mean_queue:3.394444465637207
intersection:14, mean_episode_reward:-1.5372138023376465, mean_queue:14.58055591583252
intersection:15, mean_episode_reward:-1.670847773551941, mean_queue:26.133333206176758
intersection:16, mean_episode_reward:0.0, mean_queue:0.0
intersection:17, mean_episode_reward:0.0, mean_queue:0.0
intersection:18, mean_episode_reward:0.0, mean_queue:0.0
intersection:19, mean_episode_reward:0.0, mean_queue:0.0
intersection:20, mean_episode_reward:0.0, mean_queue:0.0
intersection:21, mean_episode_reward:0.0, mean_queue:0.0
intersection:22, mean_episode_reward:0.0, mean_queue:0.0
intersection:23, mean_episode_reward:0.0, mean_queue:0.0
intersection:24, mean_episode_reward:0.0, mean_queue:0.0
intersection:25, mean_episode_reward:0.0, mean_queue:0.0
intersection:26, mean_episode_reward:0.0, mean_queue:0.0
intersection:27, mean_episode_reward:0.0, mean_queue:0.0
intersection:28, mean_episode_reward:0.0, mean_queue:0.0
intersection:29, mean_episode_reward:0.0, mean_queue:0.0
intersection:30, mean_episode_reward:0.0, mean_queue:0.0
intersection:31, mean_episode_reward:0.0, mean_queue:0.0
Test step:23/2000, travel time :297.13555194805195, rewards:-5.9029045952690975, queue:3.5370659722222224, delay:0.07252018186781141, throughput:1232
step:3600/3600, q_loss:-0.00021975018520772906, rewards:-10.419803873697917, queue:4.906857638888889, delay:0.07605297830369738, throughput:1110
episode:24/2000, real avg travel time:312.6954954954955
intersection:0, mean_episode_reward:-0.046562500298023224, mean_queue:2.4972221851348877
intersection:1, mean_episode_reward:-0.03453124687075615, mean_queue:2.327777862548828
intersection:2, mean_episode_reward:-0.0646384134888649, mean_queue:2.7277777194976807
intersection:3, mean_episode_reward:-0.027429010719060898, mean_queue:2.163888931274414
intersection:4, mean_episode_reward:-1.7894673347473145, mean_queue:22.508333206176758
intersection:5, mean_episode_reward:-1.3416166305541992, mean_queue:10.81944465637207
intersection:6, mean_episode_reward:-1.717389464378357, mean_queue:21.88888931274414
intersection:7, mean_episode_reward:-0.03269665688276291, mean_queue:1.788888931274414
intersection:8, mean_episode_reward:-0.10315743833780289, mean_queue:2.8388888835906982
intersection:9, mean_episode_reward:-0.14269420504570007, mean_queue:2.7333333492279053
intersection:10, mean_episode_reward:-0.049048326909542084, mean_queue:2.241666555404663
intersection:11, mean_episode_reward:-0.10347645729780197, mean_queue:2.7361111640930176
intersection:12, mean_episode_reward:-1.7127200365066528, mean_queue:36.852779388427734
intersection:13, mean_episode_reward:-1.5325286388397217, mean_queue:14.102777481079102
intersection:14, mean_episode_reward:-0.05427413433790207, mean_queue:2.155555486679077
intersection:15, mean_episode_reward:-1.66757333278656, mean_queue:26.636110305786133
intersection:16, mean_episode_reward:0.0, mean_queue:0.0
intersection:17, mean_episode_reward:0.0, mean_queue:0.0
intersection:18, mean_episode_reward:0.0, mean_queue:0.0
intersection:19, mean_episode_reward:0.0, mean_queue:0.0
intersection:20, mean_episode_reward:0.0, mean_queue:0.0
intersection:21, mean_episode_reward:0.0, mean_queue:0.0
intersection:22, mean_episode_reward:0.0, mean_queue:0.0
intersection:23, mean_episode_reward:0.0, mean_queue:0.0
intersection:24, mean_episode_reward:0.0, mean_queue:0.0
intersection:25, mean_episode_reward:0.0, mean_queue:0.0
intersection:26, mean_episode_reward:0.0, mean_queue:0.0
intersection:27, mean_episode_reward:0.0, mean_queue:0.0
intersection:28, mean_episode_reward:0.0, mean_queue:0.0
intersection:29, mean_episode_reward:0.0, mean_queue:0.0
intersection:30, mean_episode_reward:0.0, mean_queue:0.0
intersection:31, mean_episode_reward:0.0, mean_queue:0.0
Test step:24/2000, travel time :305.3102541630149, rewards:-8.610264756944444, queue:4.66484375, delay:0.07371109856499566, throughput:1141
early_stop at episode 24/2000 (best ATT=288.62 at episode 4, patience=20)
saved final checkpoint from best episode 4 (ATT=288.62) as episode 2000
Final Travel Time is 312.2193, mean rewards: -9.8739, queue: 5.1929, delay: 0.0779, throughput: 1090
Total time taken: 772.5517635345459
