dqn	TRAIN	0	253.3	0.0	-36.01	1.18	0.05	1432
dqn	TEST	0	876.6	100.0	-392.45	12.29	0.16	397
dqn	TRAIN	1	257.1	0.0	-37.88	1.24	0.06	1427
dqn	TEST	1	876.6	100.0	-392.45	12.29	0.16	397
dqn	TRAIN	2	260.6	0.6	-46.82	1.51	0.07	1333
dqn	TEST	2	824.9	100.0	-390.64	12.24	0.16	423
dqn	TRAIN	3	600.9	1.7	-151.31	4.75	0.12	1340
dqn	TEST	3	811.2	100.0	-363.96	11.40	0.15	529
dqn	TRAIN	4	534.6	6.6	-133.90	4.21	0.11	1337
dqn	TEST	4	649.0	100.0	-321.95	10.09	0.14	583
dqn	TRAIN	5	398.1	8.9	-84.47	2.67	0.09	1400
dqn	TEST	5	601.1	100.0	-300.64	9.43	0.14	659
dqn	TRAIN	6	338.0	8.1	-61.63	1.96	0.08	1418
dqn	TEST	6	430.9	100.0	-160.41	5.05	0.11	1065
dqn	TRAIN	7	299.3	6.3	-53.69	1.72	0.07	1397
dqn	TEST	7	348.7	100.0	-92.80	2.94	0.09	1268
dqn	TRAIN	8	268.6	4.7	-41.28	1.33	0.06	1404
dqn	TEST	8	300.8	100.0	-92.32	2.93	0.07	1232
dqn	TRAIN	9	257.1	3.7	-34.32	1.12	0.06	1425
dqn	TEST	9	347.2	100.0	-135.70	4.28	0.08	1082
dqn	TRAIN	10	244.4	2.8	-28.69	0.94	0.05	1435
dqn	TEST	10	288.1	100.0	-72.14	2.30	0.07	1295
dqn	TRAIN	11	225.8	2.3	-23.08	0.76	0.05	1435
dqn	TEST	11	270.4	100.0	-63.59	2.03	0.06	1319
dqn	TRAIN	12	219.5	1.8	-20.69	0.69	0.04	1443
dqn	TEST	12	235.7	100.0	-43.90	1.42	0.05	1337
dqn	TRAIN	13	208.5	1.5	-17.87	0.60	0.04	1434
dqn	TEST	13	220.0	100.0	-36.52	1.18	0.04	1345
dqn	TRAIN	14	199.1	1.3	-14.43	0.49	0.03	1439
dqn	TEST	14	202.6	100.0	-16.12	0.54	0.03	1438
dqn	TRAIN	15	198.0	1.0	-12.81	0.44	0.03	1444
dqn	TEST	15	206.8	100.0	-17.77	0.60	0.03	1426
dqn	TRAIN	16	196.0	0.9	-11.91	0.41	0.03	1447
dqn	TEST	16	209.2	100.0	-16.91	0.57	0.03	1442
dqn	TRAIN	17	193.2	0.8	-10.95	0.38	0.03	1445
dqn	TEST	17	218.2	100.0	-23.11	0.76	0.03	1415
dqn	TRAIN	18	192.5	0.6	-10.77	0.38	0.03	1443
dqn	TEST	18	198.2	100.0	-13.67	0.47	0.03	1440
dqn	TRAIN	19	195.2	0.5	-11.12	0.39	0.03	1446
dqn	TEST	19	195.4	100.0	-11.26	0.39	0.03	1444
dqn	TRAIN	20	193.9	0.5	-10.64	0.37	0.03	1447
dqn	TEST	20	201.2	100.0	-13.18	0.45	0.03	1441
dqn	TRAIN	21	191.6	0.4	-9.69	0.34	0.02	1442
dqn	TEST	21	187.7	100.0	-8.19	0.29	0.02	1448
dqn	TRAIN	22	191.8	0.4	-9.58	0.34	0.02	1446
dqn	TEST	22	188.0	100.0	-8.37	0.30	0.02	1445
dqn	TRAIN	23	188.0	0.3	-8.18	0.29	0.02	1445
dqn	TEST	23	189.4	100.0	-8.65	0.31	0.02	1444
dqn	TRAIN	24	187.6	0.3	-8.31	0.30	0.02	1447
dqn	TEST	24	189.0	100.0	-8.09	0.29	0.02	1447
dqn	TRAIN	25	187.6	0.3	-7.88	0.28	0.02	1445
dqn	TEST	25	188.8	100.0	-8.52	0.30	0.02	1442
dqn	TRAIN	26	187.2	0.2	-7.84	0.28	0.02	1444
dqn	TEST	26	185.8	100.0	-7.67	0.27	0.02	1446
dqn	TRAIN	27	186.5	0.2	-7.76	0.28	0.02	1444
dqn	TEST	27	185.4	100.0	-7.31	0.27	0.02	1447
dqn	TRAIN	28	187.2	0.2	-7.59	0.27	0.02	1447
dqn	TEST	28	185.7	100.0	-7.02	0.25	0.02	1447
dqn	TRAIN	29	185.9	0.2	-7.45	0.27	0.02	1447
dqn	TEST	29	186.6	100.0	-7.18	0.26	0.02	1446
dqn	TRAIN	30	186.5	0.2	-7.38	0.27	0.02	1448
dqn	TEST	30	185.8	100.0	-7.22	0.26	0.02	1446
dqn	TRAIN	31	185.6	0.2	-7.06	0.26	0.02	1447
dqn	TEST	31	186.2	100.0	-6.85	0.25	0.02	1446
dqn	TRAIN	32	186.0	0.2	-7.32	0.26	0.02	1446
dqn	TEST	32	186.5	100.0	-7.66	0.28	0.02	1444
dqn	TRAIN	33	185.7	0.2	-7.44	0.27	0.02	1445
dqn	TEST	33	185.8	100.0	-6.93	0.25	0.02	1445
dqn	TRAIN	34	185.4	0.2	-7.05	0.26	0.02	1447
dqn	TEST	34	187.1	100.0	-7.28	0.26	0.02	1449
dqn	TRAIN	35	185.8	0.2	-7.08	0.25	0.02	1448
dqn	TEST	35	183.9	100.0	-6.79	0.25	0.02	1446
dqn	TRAIN	36	185.5	0.2	-7.15	0.26	0.02	1445
dqn	TEST	36	184.9	100.0	-7.25	0.26	0.02	1445
dqn	TRAIN	37	183.5	0.2	-6.90	0.25	0.02	1447
dqn	TEST	37	184.5	100.0	-6.96	0.25	0.02	1445
dqn	TRAIN	38	184.5	0.1	-6.84	0.25	0.02	1451
dqn	TEST	38	184.7	100.0	-6.93	0.25	0.02	1449
dqn	TRAIN	39	186.3	0.1	-7.24	0.26	0.02	1447
dqn	TEST	39	184.5	100.0	-7.07	0.25	0.02	1445
dqn	TRAIN	40	185.3	0.1	-7.17	0.26	0.02	1450
dqn	TEST	40	184.9	100.0	-7.10	0.26	0.02	1442
dqn	TRAIN	41	184.1	0.1	-6.66	0.24	0.02	1443
dqn	TEST	41	186.2	100.0	-6.99	0.25	0.02	1443
dqn	TRAIN	42	184.9	0.1	-6.60	0.24	0.02	1447
dqn	TEST	42	185.0	100.0	-6.70	0.24	0.02	1446
dqn	TRAIN	43	185.1	0.1	-7.09	0.26	0.02	1446
dqn	TEST	43	185.7	100.0	-7.02	0.25	0.02	1446
dqn	TRAIN	44	184.2	0.1	-7.00	0.25	0.02	1446
dqn	TEST	44	184.9	100.0	-6.97	0.25	0.02	1447
dqn	TRAIN	45	184.3	0.1	-7.01	0.25	0.02	1446
dqn	TEST	45	185.8	100.0	-7.04	0.25	0.02	1446
dqn	TRAIN	46	184.8	0.1	-6.92	0.25	0.02	1442
dqn	TEST	46	184.9	100.0	-7.03	0.26	0.02	1443
dqn	TRAIN	47	184.8	0.1	-6.85	0.25	0.02	1445
dqn	TEST	47	184.1	100.0	-6.57	0.24	0.02	1444
dqn	TRAIN	48	185.4	0.1	-6.89	0.25	0.02	1444
dqn	TEST	48	185.9	100.0	-6.73	0.24	0.02	1444
dqn	TRAIN	49	184.6	0.1	-6.73	0.24	0.02	1447
dqn	TEST	49	185.9	100.0	-6.99	0.25	0.02	1446
dqn	TRAIN	50	184.7	0.1	-6.85	0.25	0.02	1448
dqn	TEST	50	184.6	100.0	-6.77	0.24	0.02	1444
dqn	TRAIN	51	186.3	0.1	-7.16	0.26	0.02	1442
dqn	TEST	51	185.5	100.0	-6.99	0.25	0.02	1443
dqn	TRAIN	52	184.7	0.1	-7.18	0.26	0.02	1442
dqn	TEST	52	184.1	100.0	-6.87	0.25	0.02	1445
dqn	TRAIN	53	185.4	0.1	-6.89	0.25	0.02	1444
dqn	TEST	53	185.7	100.0	-6.83	0.25	0.02	1445
dqn	TRAIN	54	184.3	0.1	-6.97	0.25	0.02	1446
dqn	TEST	54	184.7	100.0	-6.90	0.25	0.02	1447
dqn	TRAIN	55	184.1	0.1	-6.94	0.25	0.02	1443
dqn	TEST	55	184.4	100.0	-7.00	0.25	0.02	1446
dqn	TRAIN	56	184.8	0.1	-6.91	0.25	0.02	1442
dqn	TEST	56	185.1	100.0	-6.96	0.25	0.02	1447
dqn	TRAIN	57	184.1	0.1	-6.66	0.24	0.02	1443
dqn	TEST	57	183.4	100.0	-6.69	0.24	0.02	1444
dqn	TRAIN	58	184.7	0.1	-6.93	0.25	0.02	1445
dqn	TEST	58	184.0	100.0	-6.60	0.24	0.02	1443
dqn	TRAIN	59	183.5	0.1	-6.65	0.24	0.02	1444
dqn	TEST	59	184.1	100.0	-6.73	0.24	0.02	1443
dqn	TRAIN	60	185.4	0.1	-7.31	0.26	0.02	1444
dqn	TEST	60	183.8	100.0	-6.26	0.23	0.02	1445
dqn	TRAIN	61	184.7	0.1	-6.78	0.24	0.02	1443
dqn	TEST	61	184.0	100.0	-6.76	0.25	0.02	1445
dqn	TRAIN	62	183.3	0.1	-6.37	0.23	0.02	1444
dqn	TEST	62	183.5	100.0	-7.09	0.26	0.02	1443
dqn	TRAIN	63	185.9	0.1	-7.35	0.26	0.02	1445
dqn	TEST	63	184.2	100.0	-6.82	0.25	0.02	1442
dqn	TRAIN	64	185.2	0.1	-6.88	0.25	0.02	1446
dqn	TEST	64	184.2	100.0	-6.47	0.24	0.02	1441
dqn	TRAIN	65	185.2	0.1	-6.67	0.24	0.02	1444
dqn	TEST	65	184.4	100.0	-6.60	0.24	0.02	1445
dqn	TRAIN	66	184.5	0.1	-6.79	0.24	0.02	1444
dqn	TEST	66	184.1	100.0	-6.50	0.24	0.02	1445
dqn	TRAIN	67	184.0	0.1	-6.70	0.24	0.02	1447
dqn	TEST	67	183.1	100.0	-6.42	0.24	0.02	1442
dqn	TRAIN	68	183.0	0.1	-6.52	0.24	0.02	1448
dqn	TEST	68	183.4	100.0	-6.41	0.23	0.02	1443
dqn	TRAIN	69	183.5	0.1	-6.88	0.25	0.02	1443
dqn	TEST	69	182.9	100.0	-6.56	0.24	0.02	1444
dqn	TRAIN	70	183.1	0.1	-6.98	0.25	0.02	1443
dqn	TEST	70	181.3	100.0	-6.48	0.24	0.02	1442
dqn	TRAIN	71	183.4	0.1	-6.90	0.25	0.02	1447
dqn	TEST	71	183.2	100.0	-6.24	0.23	0.02	1445
dqn	TRAIN	72	182.4	0.1	-6.68	0.24	0.02	1447
dqn	TEST	72	182.6	100.0	-6.41	0.23	0.02	1446
dqn	TRAIN	73	184.1	0.1	-6.94	0.25	0.02	1445
dqn	TEST	73	184.5	100.0	-6.66	0.24	0.02	1444
dqn	TRAIN	74	183.0	0.1	-6.67	0.24	0.02	1446
dqn	TEST	74	183.1	100.0	-6.51	0.24	0.02	1445
dqn	TRAIN	75	182.3	0.1	-6.69	0.24	0.02	1443
dqn	TEST	75	183.6	100.0	-6.52	0.24	0.02	1447
dqn	TRAIN	76	182.6	0.1	-6.28	0.23	0.02	1444
dqn	TEST	76	182.0	100.0	-6.32	0.23	0.02	1446
dqn	TRAIN	77	183.0	0.1	-6.80	0.25	0.02	1444
dqn	TEST	77	182.5	100.0	-6.31	0.23	0.02	1444
dqn	TRAIN	78	184.0	0.1	-6.86	0.25	0.02	1444
dqn	TEST	78	183.0	100.0	-6.43	0.24	0.02	1445
dqn	TRAIN	79	185.0	0.1	-6.71	0.24	0.02	1445
dqn	TEST	79	183.2	100.0	-6.41	0.23	0.02	1444
dqn	TRAIN	80	182.8	0.1	-6.48	0.24	0.02	1446
dqn	TEST	80	183.8	100.0	-6.44	0.23	0.02	1448
dqn	TRAIN	81	183.3	0.1	-6.69	0.24	0.02	1447
dqn	TEST	81	184.6	100.0	-6.66	0.24	0.02	1443
dqn	TRAIN	82	182.6	0.1	-6.78	0.25	0.02	1446
dqn	TEST	82	183.4	100.0	-6.50	0.24	0.02	1446
dqn	TRAIN	83	182.9	0.1	-6.80	0.25	0.02	1447
dqn	TEST	83	183.3	100.0	-6.72	0.24	0.02	1444
dqn	TRAIN	84	183.6	0.1	-6.44	0.23	0.02	1445
dqn	TEST	84	182.5	100.0	-6.57	0.24	0.02	1445
dqn	TRAIN	85	183.7	0.1	-6.89	0.25	0.02	1444
dqn	TEST	85	183.5	100.0	-6.13	0.22	0.02	1445
dqn	TRAIN	86	185.0	0.1	-7.02	0.25	0.02	1444
dqn	TEST	86	184.4	100.0	-6.71	0.24	0.02	1442
dqn	TRAIN	87	183.3	0.1	-6.60	0.24	0.02	1445
dqn	TEST	87	184.6	100.0	-6.65	0.24	0.02	1445
dqn	TRAIN	88	184.6	0.1	-6.84	0.25	0.02	1445
dqn	TEST	88	184.8	100.0	-6.62	0.24	0.02	1446
dqn	TRAIN	89	184.3	0.1	-6.83	0.25	0.02	1446
dqn	TEST	89	184.1	100.0	-6.50	0.24	0.02	1445
dqn	TRAIN	90	184.4	0.1	-6.41	0.23	0.02	1445
dqn	TEST	90	183.8	100.0	-6.16	0.23	0.02	1446
dqn	TRAIN	91	182.7	0.1	-6.44	0.24	0.02	1447
dqn	TEST	91	182.1	100.0	-6.34	0.23	0.02	1448
dqn	TRAIN	92	182.9	0.1	-6.46	0.24	0.02	1443
dqn	TEST	92	184.5	100.0	-6.65	0.24	0.02	1445
dqn	TRAIN	93	184.7	0.1	-6.77	0.25	0.02	1445
dqn	TEST	93	183.7	100.0	-6.44	0.24	0.02	1446
dqn	TRAIN	94	182.9	0.1	-6.31	0.23	0.02	1444
dqn	TEST	94	184.5	100.0	-6.51	0.24	0.02	1447
dqn	TRAIN	95	184.5	0.1	-6.78	0.25	0.02	1446
dqn	TEST	95	183.7	100.0	-6.68	0.24	0.02	1445
dqn	TRAIN	96	185.0	0.1	-6.82	0.25	0.02	1446
dqn	TEST	96	184.2	100.0	-6.44	0.23	0.02	1445
dqn	TRAIN	97	183.5	0.1	-6.51	0.24	0.02	1445
dqn	TEST	97	184.9	100.0	-6.97	0.25	0.02	1447
dqn	TRAIN	98	184.5	0.1	-6.56	0.24	0.02	1445
dqn	TEST	98	184.4	100.0	-6.63	0.24	0.02	1444
dqn	TRAIN	99	183.2	0.1	-6.68	0.24	0.02	1446
dqn	TEST	99	185.2	100.0	-6.57	0.24	0.02	1444
dqn	TRAIN	100	183.1	0.1	-6.53	0.24	0.02	1443
dqn	TEST	100	184.4	100.0	-6.43	0.23	0.02	1443
dqn	TRAIN	101	184.3	0.1	-6.68	0.24	0.02	1444
dqn	TEST	101	184.3	100.0	-6.41	0.23	0.02	1446
dqn	TRAIN	102	182.9	0.1	-6.08	0.22	0.02	1445
dqn	TEST	102	184.2	100.0	-6.69	0.24	0.02	1443
dqn	TRAIN	103	182.3	0.1	-6.56	0.24	0.02	1447
dqn	TEST	103	183.6	100.0	-6.39	0.23	0.02	1444
dqn	TRAIN	104	182.8	0.1	-6.29	0.23	0.02	1445
dqn	TEST	104	183.3	100.0	-6.21	0.23	0.02	1443
dqn	TRAIN	105	184.8	0.1	-6.87	0.25	0.02	1445
dqn	TEST	105	183.8	100.0	-6.41	0.23	0.02	1447
dqn	TRAIN	106	183.7	0.1	-6.94	0.25	0.02	1444
dqn	TEST	106	183.3	100.0	-6.81	0.25	0.02	1443
dqn	TRAIN	107	183.0	0.1	-6.38	0.23	0.02	1444
dqn	TEST	107	183.2	100.0	-6.20	0.23	0.02	1443
dqn	TRAIN	108	183.9	0.1	-6.49	0.23	0.02	1444
dqn	TEST	108	183.4	100.0	-6.41	0.23	0.02	1444
dqn	TRAIN	109	183.5	0.1	-6.65	0.24	0.02	1444
dqn	TEST	109	183.3	100.0	-6.72	0.24	0.02	1443
dqn	TRAIN	110	184.4	0.1	-6.79	0.25	0.02	1445
dqn	TEST	110	184.0	100.0	-6.54	0.24	0.02	1443
dqn	TRAIN	111	183.6	0.1	-6.54	0.24	0.02	1447
dqn	TEST	111	184.9	100.0	-6.67	0.24	0.02	1444
dqn	TRAIN	112	184.0	0.1	-6.48	0.23	0.02	1446
dqn	TEST	112	182.4	100.0	-6.08	0.22	0.02	1447
dqn	TRAIN	113	183.0	0.1	-6.36	0.23	0.02	1447
dqn	TEST	113	182.9	100.0	-6.18	0.23	0.02	1445
dqn	TRAIN	114	183.7	0.1	-6.58	0.24	0.02	1446
dqn	TEST	114	184.9	100.0	-6.42	0.23	0.02	1445
dqn	TRAIN	115	185.5	0.1	-6.74	0.24	0.02	1443
dqn	TEST	115	183.8	100.0	-6.57	0.24	0.02	1447
dqn	TRAIN	116	182.5	0.1	-6.52	0.24	0.02	1444
dqn	TEST	116	183.6	100.0	-6.33	0.23	0.02	1444
dqn	TRAIN	117	182.9	0.1	-6.53	0.24	0.02	1446
dqn	TEST	117	182.6	100.0	-6.48	0.24	0.02	1443
dqn	TRAIN	118	183.0	0.1	-6.67	0.24	0.02	1446
dqn	TEST	118	184.2	100.0	-6.50	0.24	0.02	1444
dqn	TRAIN	119	183.2	0.1	-6.70	0.24	0.02	1444
dqn	TEST	119	182.4	100.0	-6.40	0.23	0.02	1446
dqn	TRAIN	120	183.2	0.1	-6.59	0.24	0.02	1444
dqn	TEST	120	183.3	100.0	-6.45	0.24	0.02	1445
dqn	TRAIN	121	184.7	0.1	-6.59	0.24	0.02	1445
dqn	TEST	121	183.5	100.0	-6.44	0.23	0.02	1442
dqn	TRAIN	122	184.9	0.1	-6.71	0.24	0.02	1445
dqn	TEST	122	182.3	100.0	-6.79	0.25	0.02	1444
dqn	TRAIN	123	184.8	0.1	-6.93	0.25	0.02	1446
dqn	TEST	123	182.2	100.0	-6.05	0.22	0.02	1446
dqn	TRAIN	124	183.8	0.1	-6.85	0.25	0.02	1444
dqn	TEST	124	184.0	100.0	-6.59	0.24	0.02	1441
dqn	TRAIN	125	184.7	0.1	-7.02	0.25	0.02	1445
dqn	TEST	125	183.2	100.0	-6.37	0.23	0.02	1443
dqn	TRAIN	126	184.6	0.1	-6.60	0.24	0.02	1446
dqn	TEST	126	184.5	100.0	-6.45	0.23	0.02	1442
dqn	TRAIN	127	184.4	0.1	-6.50	0.24	0.02	1446
dqn	TEST	127	183.3	100.0	-6.20	0.23	0.02	1445
dqn	TRAIN	128	183.0	0.1	-6.23	0.23	0.02	1443
dqn	TEST	128	184.2	100.0	-6.64	0.24	0.02	1444
dqn	TRAIN	129	182.6	0.1	-6.51	0.24	0.02	1443
dqn	TEST	129	182.8	100.0	-6.32	0.23	0.02	1444
dqn	TRAIN	130	183.5	0.1	-6.19	0.23	0.02	1443
dqn	TEST	130	183.9	100.0	-6.53	0.24	0.02	1443
dqn	TRAIN	131	184.0	0.1	-6.75	0.25	0.02	1445
dqn	TEST	131	183.5	100.0	-6.66	0.24	0.02	1445
dqn	TRAIN	132	183.9	0.1	-6.61	0.24	0.02	1444
dqn	TEST	132	183.5	100.0	-6.55	0.24	0.02	1444
dqn	TRAIN	133	183.3	0.1	-6.37	0.23	0.02	1444
dqn	TEST	133	183.5	100.0	-6.66	0.24	0.02	1445
dqn	TRAIN	134	184.3	0.1	-6.72	0.24	0.02	1445
dqn	TEST	134	184.7	100.0	-6.27	0.23	0.02	1446
dqn	TRAIN	135	184.3	0.1	-6.32	0.23	0.02	1445
dqn	TEST	135	185.1	100.0	-6.44	0.24	0.02	1443
dqn	TRAIN	136	183.8	0.1	-6.60	0.24	0.02	1444
dqn	TEST	136	183.4	100.0	-6.45	0.23	0.02	1445
dqn	TRAIN	137	184.0	0.1	-6.55	0.24	0.02	1446
dqn	TEST	137	183.3	100.0	-6.41	0.24	0.02	1446
dqn	TRAIN	138	182.3	0.1	-6.23	0.23	0.02	1447
dqn	TEST	138	182.9	100.0	-6.38	0.23	0.02	1448
dqn	TRAIN	139	183.6	0.1	-6.31	0.23	0.02	1444
dqn	TEST	139	184.3	100.0	-6.50	0.23	0.02	1445
dqn	TRAIN	140	183.2	0.1	-6.67	0.24	0.02	1446
dqn	TEST	140	182.2	100.0	-6.20	0.23	0.02	1445
dqn	TRAIN	141	184.8	0.1	-6.82	0.25	0.02	1447
dqn	TEST	141	182.6	100.0	-6.32	0.23	0.02	1446
dqn	TRAIN	142	184.2	0.1	-6.81	0.25	0.02	1446
dqn	TEST	142	182.9	100.0	-6.36	0.23	0.02	1445
dqn	TRAIN	143	182.7	0.1	-6.03	0.22	0.02	1450
dqn	TEST	143	183.2	100.0	-6.68	0.24	0.02	1444
dqn	TRAIN	144	183.1	0.1	-6.50	0.24	0.02	1449
dqn	TEST	144	184.1	100.0	-6.52	0.24	0.02	1445
dqn	TRAIN	145	182.7	0.1	-6.25	0.23	0.02	1444
dqn	TEST	145	184.2	100.0	-6.35	0.23	0.02	1445
dqn	TRAIN	146	183.9	0.1	-7.00	0.25	0.02	1448
dqn	TEST	146	182.6	100.0	-6.34	0.23	0.02	1447
dqn	TRAIN	147	183.0	0.1	-6.76	0.25	0.02	1445
dqn	TEST	147	184.2	100.0	-6.33	0.23	0.02	1447
dqn	TRAIN	148	182.3	0.1	-6.58	0.24	0.02	1447
dqn	TEST	148	185.0	100.0	-7.00	0.25	0.02	1448
dqn	TRAIN	149	182.9	0.1	-6.64	0.24	0.02	1447
dqn	TEST	149	183.9	100.0	-6.49	0.24	0.02	1446
dqn	TRAIN	150	182.6	0.1	-6.49	0.23	0.02	1447
dqn	TEST	150	183.5	100.0	-6.34	0.23	0.02	1447
dqn	TRAIN	151	184.1	0.1	-6.54	0.24	0.02	1445
dqn	TEST	151	184.2	100.0	-6.30	0.23	0.02	1446
dqn	TRAIN	152	183.5	0.1	-6.57	0.24	0.02	1446
dqn	TEST	152	182.4	100.0	-6.46	0.23	0.02	1446
dqn	TRAIN	153	184.6	0.1	-6.77	0.24	0.02	1444
dqn	TEST	153	182.9	100.0	-6.38	0.23	0.02	1447
dqn	TRAIN	154	183.7	0.1	-6.38	0.23	0.02	1445
dqn	TEST	154	183.4	100.0	-6.39	0.23	0.02	1445
dqn	TRAIN	155	184.4	0.1	-6.89	0.25	0.02	1444
dqn	TEST	155	183.2	100.0	-6.46	0.23	0.02	1446
dqn	TRAIN	156	182.0	0.1	-6.29	0.23	0.02	1442
dqn	TEST	156	183.4	100.0	-6.67	0.24	0.02	1443
dqn	TRAIN	157	182.7	0.1	-6.52	0.24	0.02	1446
dqn	TEST	157	183.1	100.0	-6.44	0.23	0.02	1446
dqn	TRAIN	158	183.7	0.1	-6.69	0.24	0.02	1446
dqn	TEST	158	183.4	100.0	-6.30	0.23	0.02	1442
dqn	TRAIN	159	183.1	0.1	-6.60	0.24	0.02	1445
dqn	TEST	159	183.4	100.0	-6.48	0.24	0.02	1446
dqn	TRAIN	160	182.3	0.1	-6.50	0.24	0.02	1446
dqn	TEST	160	182.7	100.0	-6.39	0.23	0.02	1446
dqn	TRAIN	161	183.0	0.1	-6.42	0.23	0.02	1448
dqn	TEST	161	182.0	100.0	-6.23	0.23	0.02	1446
dqn	TRAIN	162	183.6	0.1	-6.51	0.24	0.02	1447
dqn	TEST	162	181.3	100.0	-6.00	0.22	0.02	1443
dqn	TRAIN	163	184.1	0.1	-6.56	0.24	0.02	1446
dqn	TEST	163	184.1	100.0	-6.54	0.24	0.02	1445
dqn	TRAIN	164	182.5	0.1	-6.31	0.23	0.02	1445
dqn	TEST	164	183.1	100.0	-6.45	0.23	0.02	1444
dqn	TRAIN	165	183.8	0.1	-6.57	0.24	0.02	1445
dqn	TEST	165	183.4	100.0	-6.52	0.24	0.02	1445
dqn	TRAIN	166	184.5	0.1	-6.76	0.24	0.02	1448
dqn	TEST	166	183.2	100.0	-6.38	0.23	0.02	1445
dqn	TRAIN	167	183.0	0.1	-6.60	0.24	0.02	1448
dqn	TEST	167	184.1	100.0	-6.84	0.25	0.02	1446
dqn	TRAIN	168	183.6	0.1	-6.63	0.24	0.02	1444
dqn	TEST	168	182.2	100.0	-6.46	0.23	0.02	1445
dqn	TRAIN	169	182.7	0.1	-6.51	0.24	0.02	1445
dqn	TEST	169	182.9	100.0	-6.54	0.24	0.02	1445
dqn	TRAIN	170	183.3	0.1	-6.61	0.24	0.02	1446
dqn	TEST	170	182.3	100.0	-6.26	0.23	0.02	1445
dqn	TRAIN	171	182.3	0.1	-6.88	0.25	0.02	1445
dqn	TEST	171	182.9	100.0	-6.43	0.23	0.02	1446
dqn	TRAIN	172	183.0	0.1	-6.52	0.24	0.02	1446
dqn	TEST	172	183.9	100.0	-6.69	0.24	0.02	1446
dqn	TRAIN	173	182.7	0.1	-6.68	0.24	0.02	1444
dqn	TEST	173	183.5	100.0	-6.71	0.24	0.02	1444
dqn	TRAIN	174	183.0	0.1	-6.57	0.24	0.02	1446
dqn	TEST	174	182.8	100.0	-6.56	0.24	0.02	1445
dqn	TRAIN	175	182.5	0.1	-6.30	0.23	0.02	1445
dqn	TEST	175	184.8	100.0	-6.71	0.24	0.02	1445
dqn	TRAIN	176	181.9	0.1	-6.24	0.23	0.02	1445
dqn	TEST	176	183.1	100.0	-6.83	0.25	0.02	1444
dqn	TRAIN	177	182.5	0.1	-6.49	0.24	0.02	1444
dqn	TEST	177	183.1	100.0	-6.40	0.23	0.02	1443
dqn	TRAIN	178	184.0	0.1	-6.76	0.25	0.02	1445
dqn	TEST	178	182.5	100.0	-6.44	0.24	0.02	1444
dqn	TRAIN	179	183.7	0.1	-6.96	0.25	0.02	1448
dqn	TEST	179	182.5	100.0	-6.77	0.24	0.02	1446
dqn	TRAIN	180	184.0	0.1	-6.87	0.25	0.02	1445
dqn	TEST	180	182.3	100.0	-6.15	0.23	0.02	1444
dqn	TRAIN	181	183.3	0.1	-6.88	0.25	0.02	1445
dqn	TEST	181	182.7	100.0	-6.64	0.24	0.02	1443
dqn	TRAIN	182	183.0	0.1	-6.69	0.24	0.02	1446
dqn	TEST	182	182.7	100.0	-6.18	0.23	0.02	1442
dqn	TRAIN	183	183.0	0.1	-6.42	0.23	0.02	1448
dqn	TEST	183	183.2	100.0	-6.36	0.23	0.02	1444
dqn	TRAIN	184	183.9	0.1	-6.79	0.25	0.02	1444
dqn	TEST	184	183.6	100.0	-6.59	0.24	0.02	1446
dqn	TRAIN	185	182.9	0.1	-6.53	0.24	0.02	1449
dqn	TEST	185	184.7	100.0	-6.86	0.25	0.02	1444
dqn	TRAIN	186	184.0	0.1	-6.77	0.25	0.02	1446
dqn	TEST	186	183.3	100.0	-6.51	0.24	0.02	1447
dqn	TRAIN	187	182.7	0.1	-6.79	0.25	0.02	1445
dqn	TEST	187	182.3	100.0	-6.66	0.24	0.02	1446
dqn	TRAIN	188	184.0	0.1	-6.87	0.25	0.02	1447
dqn	TEST	188	182.2	100.0	-6.63	0.24	0.02	1445
dqn	TRAIN	189	181.8	0.1	-6.51	0.24	0.02	1446
dqn	TEST	189	181.9	100.0	-6.14	0.22	0.02	1446
dqn	TRAIN	190	182.6	0.1	-6.31	0.23	0.02	1445
dqn	TEST	190	182.2	100.0	-6.31	0.23	0.02	1442
dqn	TRAIN	191	182.8	0.1	-6.39	0.23	0.02	1446
dqn	TEST	191	183.4	100.0	-6.22	0.23	0.02	1443
dqn	TRAIN	192	183.9	0.1	-6.78	0.25	0.02	1445
dqn	TEST	192	183.8	100.0	-6.77	0.24	0.02	1446
dqn	TRAIN	193	182.8	0.1	-6.25	0.23	0.02	1445
dqn	TEST	193	183.5	100.0	-6.66	0.24	0.02	1444
dqn	TRAIN	194	182.6	0.1	-6.26	0.23	0.02	1446
dqn	TEST	194	182.2	100.0	-5.97	0.22	0.02	1444
dqn	TRAIN	195	182.6	0.1	-6.48	0.23	0.02	1447
dqn	TEST	195	182.8	100.0	-6.38	0.23	0.02	1445
dqn	TRAIN	196	183.1	0.1	-6.56	0.24	0.02	1445
dqn	TEST	196	183.0	100.0	-6.24	0.23	0.02	1444
dqn	TRAIN	197	182.3	0.1	-6.37	0.23	0.02	1445
dqn	TEST	197	183.5	100.0	-6.32	0.23	0.02	1442
dqn	TRAIN	198	182.7	0.1	-6.38	0.23	0.02	1445
dqn	TEST	198	182.3	100.0	-6.20	0.23	0.02	1446
dqn	TRAIN	199	182.6	0.1	-6.51	0.24	0.02	1445
dqn	TEST	199	183.3	100.0	-6.62	0.24	0.02	1442
