early_stop enabled: mode=cycle_mean, min_episodes=30, max_episodes=500, patience=3, min_delta=0.0500, abs_floor=1.00, cycle_len=10, metric=wait
episode:0/500, train_demand:raw_data/grid4x4/od_hubs/demand_set/train_00.rou.xml
step:1800/1800, q_loss:0, rewards:-321.15887586805553, queue:5.656076388888889, delay:0.04537178145514594, throughput:682
episode:0/500, real avg travel time:212.93108504398828
episode:0/500, median wait:45.0 (n=682)
HELDOUT episode:0/500, demand:raw_data/grid4x4/od_hubs/demand_set/hold_00.rou.xml, travel time:482.65277777777777, rewards:-478.68611111111113, queue:10.57204861111111, delay:0.11281723446316189, throughput:216
HELDOUT episode:0/500, demand:raw_data/grid4x4/od_hubs/demand_set/hold_00.rou.xml, median wait:300.0
HELDOUT episode:0/500, demand:raw_data/grid4x4/od_hubs/demand_set/hold_01.rou.xml, travel time:538.4471544715448, rewards:-488.1677951388889, queue:10.8640625, delay:0.12235179477267795, throughput:246
HELDOUT episode:0/500, demand:raw_data/grid4x4/od_hubs/demand_set/hold_01.rou.xml, median wait:300.0
HELDOUT episode:0/500, demand:raw_data/grid4x4/od_hubs/demand_set/hold_02.rou.xml, travel time:510.45021645021643, rewards:-486.7921875, queue:10.819965277777778, delay:0.12589180204603406, throughput:231
HELDOUT episode:0/500, demand:raw_data/grid4x4/od_hubs/demand_set/hold_02.rou.xml, median wait:300.0
HELDOUT_MEAN episode:0/500, travel time:510.5167162331797 (n=3)
New best heldout ATT=510.5167 at episode 0 (saved model/best_*.pt)
episode:1/500, train_demand:raw_data/grid4x4/od_hubs/demand_set/train_01.rou.xml
step:1800/1800, q_loss:0, rewards:-321.9516710069444, queue:5.6741319444444445, delay:0.046615049574110244, throughput:714
episode:1/500, real avg travel time:211.64005602240897
episode:1/500, median wait:47.0 (n=714)
episode:2/500, train_demand:raw_data/grid4x4/od_hubs/demand_set/train_02.rou.xml
step:1800/1800, q_loss:0, rewards:-322.62443576388887, queue:5.703298611111111, delay:0.047014872233072914, throughput:727
episode:2/500, real avg travel time:213.52819807427787
episode:2/500, median wait:50.0 (n=727)
episode:3/500, train_demand:raw_data/grid4x4/od_hubs/demand_set/train_03.rou.xml
step:1800/1800, q_loss:0, rewards:-324.2877604166667, queue:5.7546875, delay:0.051959991455078125, throughput:778
episode:3/500, real avg travel time:214.87917737789203
episode:3/500, median wait:48.0 (n=778)
episode:4/500, train_demand:raw_data/grid4x4/od_hubs/demand_set/train_04.rou.xml
step:1800/1800, q_loss:0, rewards:-321.5227864583333, queue:5.662152777777778, delay:0.045218578974405926, throughput:683
episode:4/500, real avg travel time:210.32357247437776
episode:4/500, median wait:46.0 (n=683)
episode:5/500, train_demand:raw_data/grid4x4/od_hubs/demand_set/train_05.rou.xml
step:1800/1800, q_loss:6.237034320831299, rewards:-324.27999131944443, queue:5.7425347222222225, delay:0.049657249450683595, throughput:720
episode:5/500, real avg travel time:219.84027777777777
episode:5/500, median wait:50.0 (n=720)
episode:6/500, train_demand:raw_data/grid4x4/od_hubs/demand_set/train_06.rou.xml
step:1800/1800, q_loss:3.8385636806488037, rewards:-327.99943576388887, queue:5.865625, delay:0.0517174932691786, throughput:714
episode:6/500, real avg travel time:232.13725490196077
episode:6/500, median wait:56.5 (n=714)
episode:7/500, train_demand:raw_data/grid4x4/od_hubs/demand_set/train_07.rou.xml
step:1800/1800, q_loss:3.529520034790039, rewards:-331.22387152777776, queue:5.953645833333334, delay:0.05381942325168186, throughput:731
episode:7/500, real avg travel time:241.18878248974008
episode:7/500, median wait:60.0 (n=731)
episode:8/500, train_demand:raw_data/grid4x4/od_hubs/demand_set/train_08.rou.xml
step:1800/1800, q_loss:4.289971828460693, rewards:-335.9494357638889, queue:6.111979166666667, delay:0.06126243273417155, throughput:710
episode:8/500, real avg travel time:253.31971830985916
episode:8/500, median wait:73.5 (n=710)
episode:9/500, train_demand:raw_data/grid4x4/od_hubs/demand_set/train_09.rou.xml
step:1800/1800, q_loss:6.442041873931885, rewards:-335.26831597222224, queue:6.089756944444445, delay:0.06100196838378906, throughput:705
episode:9/500, real avg travel time:259.7063829787234
episode:9/500, median wait:75.0 (n=705)
episode:10/500, train_demand:raw_data/grid4x4/od_hubs/demand_set/train_00.rou.xml
step:1800/1800, q_loss:15.063459396362305, rewards:-323.2649739583333, queue:5.703819444444444, delay:0.0479640007019043, throughput:684
episode:10/500, real avg travel time:222.9093567251462
episode:10/500, median wait:56.0 (n=684)
HELDOUT episode:10/500, demand:raw_data/grid4x4/od_hubs/demand_set/hold_00.rou.xml, travel time:393.9, rewards:-472.18333333333334, queue:10.36111111111111, delay:0.10948844485812717, throughput:230
HELDOUT episode:10/500, demand:raw_data/grid4x4/od_hubs/demand_set/hold_00.rou.xml, median wait:8.5
HELDOUT episode:10/500, demand:raw_data/grid4x4/od_hubs/demand_set/hold_01.rou.xml, travel time:423.27272727272725, rewards:-480.34166666666664, queue:10.610590277777778, delay:0.11961164474487304, throughput:231
HELDOUT episode:10/500, demand:raw_data/grid4x4/od_hubs/demand_set/hold_01.rou.xml, median wait:8.0
HELDOUT episode:10/500, demand:raw_data/grid4x4/od_hubs/demand_set/hold_02.rou.xml, travel time:431.60538116591925, rewards:-479.4544270833333, queue:10.586458333333333, delay:0.1224625587463379, throughput:223
HELDOUT episode:10/500, demand:raw_data/grid4x4/od_hubs/demand_set/hold_02.rou.xml, median wait:10.0
HELDOUT_MEAN episode:10/500, travel time:416.25936947954887 (n=3)
New best heldout ATT=416.2594 at episode 10 (saved model/best_*.pt)
episode:11/500, train_demand:raw_data/grid4x4/od_hubs/demand_set/train_01.rou.xml
step:1800/1800, q_loss:12.594368934631348, rewards:-327.7822482638889, queue:5.856076388888889, delay:0.05292517344156901, throughput:697
episode:11/500, real avg travel time:231.64992826398853
episode:11/500, median wait:56.0 (n=697)
episode:12/500, train_demand:raw_data/grid4x4/od_hubs/demand_set/train_02.rou.xml
step:1800/1800, q_loss:7.11644172668457, rewards:-327.96944444444443, queue:5.856076388888889, delay:0.05504992273118761, throughput:719
episode:12/500, real avg travel time:231.67454798331016
episode:12/500, median wait:54.0 (n=719)
episode:13/500, train_demand:raw_data/grid4x4/od_hubs/demand_set/train_03.rou.xml
step:1800/1800, q_loss:6.090041160583496, rewards:-333.1505642361111, queue:6.027777777777778, delay:0.05731527540418837, throughput:763
episode:13/500, real avg travel time:238.87155963302752
episode:13/500, median wait:57.0 (n=763)
episode:14/500, train_demand:raw_data/grid4x4/od_hubs/demand_set/train_04.rou.xml
step:1800/1800, q_loss:6.1819987297058105, rewards:-326.7272135416667, queue:5.819791666666666, delay:0.0515877193874783, throughput:686
episode:14/500, real avg travel time:236.15597667638485
episode:14/500, median wait:57.0 (n=686)
episode:15/500, train_demand:raw_data/grid4x4/od_hubs/demand_set/train_05.rou.xml
step:1800/1800, q_loss:5.8707966804504395, rewards:-329.825, queue:5.914930555555555, delay:0.05556751887003581, throughput:719
episode:15/500, real avg travel time:239.35605006954103
episode:15/500, median wait:63.0 (n=719)
episode:16/500, train_demand:raw_data/grid4x4/od_hubs/demand_set/train_06.rou.xml
step:1800/1800, q_loss:5.489680767059326, rewards:-331.57109375, queue:5.9769097222222225, delay:0.0614045778910319, throughput:708
episode:16/500, real avg travel time:248.635593220339
episode:16/500, median wait:71.5 (n=708)
episode:17/500, train_demand:raw_data/grid4x4/od_hubs/demand_set/train_07.rou.xml
step:1800/1800, q_loss:5.792716026306152, rewards:-327.7249782986111, queue:5.849479166666667, delay:0.05564063390096029, throughput:736
episode:17/500, real avg travel time:231.80978260869566
episode:17/500, median wait:57.5 (n=736)
episode:18/500, train_demand:raw_data/grid4x4/od_hubs/demand_set/train_08.rou.xml
step:1800/1800, q_loss:5.816726207733154, rewards:-327.71833767361113, queue:5.855034722222222, delay:0.052512274848090276, throughput:738
episode:18/500, real avg travel time:225.84552845528455
episode:18/500, median wait:53.0 (n=738)
episode:19/500, train_demand:raw_data/grid4x4/od_hubs/demand_set/train_09.rou.xml
step:1800/1800, q_loss:5.600638389587402, rewards:-333.2688802083333, queue:6.019270833333334, delay:0.05698082182142469, throughput:706
episode:19/500, real avg travel time:249.1558073654391
episode:19/500, median wait:60.0 (n=706)
cycle_mean cycle=1 m_prev=55.10 m_curr=58.50 rel=+0.0617 delta=+3.40 flat=False improved=False patience=1/3
episode:20/500, train_demand:raw_data/grid4x4/od_hubs/demand_set/train_00.rou.xml
step:1800/1800, q_loss:5.617877006530762, rewards:-332.4811197916667, queue:5.984895833333334, delay:0.05830472310384115, throughput:674
episode:20/500, real avg travel time:258.8946587537092
episode:20/500, median wait:77.5 (n=674)
HELDOUT episode:20/500, demand:raw_data/grid4x4/od_hubs/demand_set/hold_00.rou.xml, travel time:392.8492063492063, rewards:-465.5566840277778, queue:10.159375, delay:0.106601439581977, throughput:252
HELDOUT episode:20/500, demand:raw_data/grid4x4/od_hubs/demand_set/hold_00.rou.xml, median wait:51.0
HELDOUT episode:20/500, demand:raw_data/grid4x4/od_hubs/demand_set/hold_01.rou.xml, travel time:398.07421875, rewards:-471.3611111111111, queue:10.332638888888889, delay:0.11493702994452583, throughput:256
HELDOUT episode:20/500, demand:raw_data/grid4x4/od_hubs/demand_set/hold_01.rou.xml, median wait:85.0
HELDOUT episode:20/500, demand:raw_data/grid4x4/od_hubs/demand_set/hold_02.rou.xml, travel time:401.95604395604397, rewards:-464.56223958333334, queue:10.124652777777778, delay:0.11587127049763997, throughput:273
HELDOUT episode:20/500, demand:raw_data/grid4x4/od_hubs/demand_set/hold_02.rou.xml, median wait:57.0
HELDOUT_MEAN episode:20/500, travel time:397.6264896850834 (n=3)
New best heldout ATT=397.6265 at episode 20 (saved model/best_*.pt)
episode:21/500, train_demand:raw_data/grid4x4/od_hubs/demand_set/train_01.rou.xml
step:1800/1800, q_loss:5.9162917137146, rewards:-329.2138888888889, queue:5.901909722222222, delay:0.05808743900722928, throughput:704
episode:21/500, real avg travel time:239.59801136363637
episode:21/500, median wait:67.0 (n=704)
episode:22/500, train_demand:raw_data/grid4x4/od_hubs/demand_set/train_02.rou.xml
step:1800/1800, q_loss:5.639729976654053, rewards:-333.5066623263889, queue:6.020486111111111, delay:0.061266114976671004, throughput:711
episode:22/500, real avg travel time:250.30379746835442
episode:22/500, median wait:69.0 (n=711)
episode:23/500, train_demand:raw_data/grid4x4/od_hubs/demand_set/train_03.rou.xml
step:1800/1800, q_loss:5.491900444030762, rewards:-329.1322048611111, queue:5.896875, delay:0.059229707717895506, throughput:783
episode:23/500, real avg travel time:234.5389527458493
episode:23/500, median wait:56.0 (n=783)
episode:24/500, train_demand:raw_data/grid4x4/od_hubs/demand_set/train_04.rou.xml
step:1800/1800, q_loss:5.7171759605407715, rewards:-331.3, queue:5.970138888888889, delay:0.05609980689154731, throughput:686
episode:24/500, real avg travel time:255.68950437317784
episode:24/500, median wait:78.0 (n=686)
episode:25/500, train_demand:raw_data/grid4x4/od_hubs/demand_set/train_05.rou.xml
step:1800/1800, q_loss:5.486420154571533, rewards:-331.43109809027777, queue:5.963020833333333, delay:0.061481205622355144, throughput:708
episode:25/500, real avg travel time:248.1228813559322
episode:25/500, median wait:66.0 (n=708)
episode:26/500, train_demand:raw_data/grid4x4/od_hubs/demand_set/train_06.rou.xml
step:1800/1800, q_loss:5.92401647567749, rewards:-333.9177734375, queue:6.045833333333333, delay:0.0634366300370958, throughput:716
episode:26/500, real avg travel time:257.127094972067
episode:26/500, median wait:68.0 (n=716)
episode:27/500, train_demand:raw_data/grid4x4/od_hubs/demand_set/train_07.rou.xml
step:1800/1800, q_loss:5.402284622192383, rewards:-333.2416666666667, queue:6.0125, delay:0.06108649571736654, throughput:730
episode:27/500, real avg travel time:248.05753424657533
episode:27/500, median wait:75.0 (n=730)
episode:28/500, train_demand:raw_data/grid4x4/od_hubs/demand_set/train_08.rou.xml
step:1800/1800, q_loss:5.545912742614746, rewards:-329.3532986111111, queue:5.893576388888889, delay:0.055917978286743164, throughput:734
episode:28/500, real avg travel time:231.78065395095368
episode:28/500, median wait:61.0 (n=734)
episode:29/500, train_demand:raw_data/grid4x4/od_hubs/demand_set/train_09.rou.xml
step:1800/1800, q_loss:6.295285224914551, rewards:-331.9594401041667, queue:5.986458333333333, delay:0.059571033053927955, throughput:714
episode:29/500, real avg travel time:252.93417366946778
episode:29/500, median wait:74.5 (n=714)
cycle_mean cycle=2 m_prev=58.50 m_curr=69.20 rel=+0.1829 delta=+10.70 flat=False improved=False patience=2/3
episode:30/500, train_demand:raw_data/grid4x4/od_hubs/demand_set/train_00.rou.xml
step:1800/1800, q_loss:5.646088123321533, rewards:-328.4477864583333, queue:5.875173611111111, delay:0.05580016771952311, throughput:670
episode:30/500, real avg travel time:242.08955223880596
episode:30/500, median wait:67.0 (n=670)
HELDOUT episode:30/500, demand:raw_data/grid4x4/od_hubs/demand_set/hold_00.rou.xml, travel time:317.89144736842104, rewards:-435.8294270833333, queue:9.227777777777778, delay:0.09663545820448134, throughput:304
HELDOUT episode:30/500, demand:raw_data/grid4x4/od_hubs/demand_set/hold_00.rou.xml, median wait:30.5
HELDOUT episode:30/500, demand:raw_data/grid4x4/od_hubs/demand_set/hold_01.rou.xml, travel time:335.86503067484665, rewards:-443.1372395833333, queue:9.467881944444445, delay:0.10124823252360025, throughput:326
HELDOUT episode:30/500, demand:raw_data/grid4x4/od_hubs/demand_set/hold_01.rou.xml, median wait:42.5
HELDOUT episode:30/500, demand:raw_data/grid4x4/od_hubs/demand_set/hold_02.rou.xml, travel time:335.1152647975078, rewards:-438.0816840277778, queue:9.301909722222222, delay:0.10575294494628906, throughput:321
HELDOUT episode:30/500, demand:raw_data/grid4x4/od_hubs/demand_set/hold_02.rou.xml, median wait:35.0
HELDOUT_MEAN episode:30/500, travel time:329.6239142802585 (n=3)
New best heldout ATT=329.6239 at episode 30 (saved model/best_*.pt)
episode:31/500, train_demand:raw_data/grid4x4/od_hubs/demand_set/train_01.rou.xml
step:1800/1800, q_loss:5.452054023742676, rewards:-325.5172309027778, queue:5.780555555555556, delay:0.05260617997911241, throughput:707
episode:31/500, real avg travel time:230.65063649222066
episode:31/500, median wait:58.0 (n=707)
episode:32/500, train_demand:raw_data/grid4x4/od_hubs/demand_set/train_02.rou.xml
step:1800/1800, q_loss:5.613646984100342, rewards:-333.3638888888889, queue:6.034201388888889, delay:0.06281153361002605, throughput:712
episode:32/500, real avg travel time:251.79073033707866
episode:32/500, median wait:74.0 (n=712)
episode:33/500, train_demand:raw_data/grid4x4/od_hubs/demand_set/train_03.rou.xml
step:1800/1800, q_loss:5.544445037841797, rewards:-334.53719618055555, queue:6.055381944444444, delay:0.0642602178785536, throughput:756
episode:33/500, real avg travel time:242.74338624338625
episode:33/500, median wait:72.5 (n=756)
episode:34/500, train_demand:raw_data/grid4x4/od_hubs/demand_set/train_04.rou.xml
step:1800/1800, q_loss:6.093192100524902, rewards:-332.3077690972222, queue:6.000694444444444, delay:0.06025939517550998, throughput:671
episode:34/500, real avg travel time:253.3532041728763
episode:34/500, median wait:66.0 (n=671)
episode:35/500, train_demand:raw_data/grid4x4/od_hubs/demand_set/train_05.rou.xml
step:1800/1800, q_loss:5.785849571228027, rewards:-330.5138671875, queue:5.938715277777778, delay:0.06046920882331001, throughput:718
episode:35/500, real avg travel time:245.82311977715878
episode:35/500, median wait:71.5 (n=718)
episode:36/500, train_demand:raw_data/grid4x4/od_hubs/demand_set/train_06.rou.xml
step:1800/1800, q_loss:5.773691177368164, rewards:-335.0172309027778, queue:6.071701388888889, delay:0.06380907694498698, throughput:703
episode:36/500, real avg travel time:259.04409672830724
episode:36/500, median wait:81.0 (n=703)
episode:37/500, train_demand:raw_data/grid4x4/od_hubs/demand_set/train_07.rou.xml
step:1800/1800, q_loss:5.915935516357422, rewards:-336.37834201388887, queue:6.119270833333333, delay:0.06441320843166776, throughput:674
episode:37/500, real avg travel time:236.55192878338278
episode:37/500, median wait:61.0 (n=674)
episode:38/500, train_demand:raw_data/grid4x4/od_hubs/demand_set/train_08.rou.xml
step:1800/1800, q_loss:5.924599647521973, rewards:-331.3966579861111, queue:5.963368055555556, delay:0.06145470937093099, throughput:740
episode:38/500, real avg travel time:243.27297297297298
episode:38/500, median wait:67.0 (n=740)
episode:39/500, train_demand:raw_data/grid4x4/od_hubs/demand_set/train_09.rou.xml
step:1800/1800, q_loss:5.753599166870117, rewards:-331.33111979166665, queue:5.961458333333334, delay:0.06136341094970703, throughput:710
episode:39/500, real avg travel time:248.93521126760564
episode:39/500, median wait:76.5 (n=710)
cycle_mean cycle=3 m_prev=69.20 m_curr=69.45 rel=+0.0036 delta=+0.25 flat=True improved=False patience=3/3
early_stop at episode 39/500 (cycle_mean wait, m=69.45, best ATT=329.62 at episode 30, source=heldout)
reloaded best checkpoint from episode 30 (ATT=329.62, source=heldout)
HELDOUT episode:500/500, demand:raw_data/grid4x4/od_hubs/demand_set/hold_00.rou.xml, travel time:373.8879056047198, rewards:-442.99778645833334, queue:9.444618055555555, delay:0.10161916944715711, throughput:339
HELDOUT episode:500/500, demand:raw_data/grid4x4/od_hubs/demand_set/hold_00.rou.xml, median wait:82.0
Saved 780 vehicle trip records to data/output_data/tsc/sumo_colight_odh_l2/sumo4x4/l2_odh/logger/new_metrics_hold_00.csv (ATT=373.89s, completion=43.5%)
HELDOUT episode:500/500, demand:raw_data/grid4x4/od_hubs/demand_set/hold_01.rou.xml, travel time:423.1193181818182, rewards:-452.91332465277776, queue:9.752083333333333, delay:0.11609713236490886, throughput:352
HELDOUT episode:500/500, demand:raw_data/grid4x4/od_hubs/demand_set/hold_01.rou.xml, median wait:166.5
Saved 817 vehicle trip records to data/output_data/tsc/sumo_colight_odh_l2/sumo4x4/l2_odh/logger/new_metrics_hold_01.csv (ATT=423.12s, completion=43.1%)
HELDOUT episode:500/500, demand:raw_data/grid4x4/od_hubs/demand_set/hold_02.rou.xml, travel time:384.70338983050846, rewards:-445.5244357638889, queue:9.519270833333334, delay:0.11104147169325086, throughput:354
HELDOUT episode:500/500, demand:raw_data/grid4x4/od_hubs/demand_set/hold_02.rou.xml, median wait:72.5
Saved 795 vehicle trip records to data/output_data/tsc/sumo_colight_odh_l2/sumo4x4/l2_odh/logger/new_metrics_hold_02.csv (ATT=384.70s, completion=44.5%)
HELDOUT_MEAN episode:500/500, travel time:393.9035378723488 (n=3)
HELDOUT episode:30/500, demand:raw_data/grid4x4/od_hubs/demand_set/hold_00.rou.xml, travel time:380.02089552238806, rewards:-443.41332465277776, queue:9.45920138888889, delay:0.10217322243584527, throughput:335
HELDOUT episode:30/500, demand:raw_data/grid4x4/od_hubs/demand_set/hold_00.rou.xml, median wait:85.0
Saved 780 vehicle trip records to data/output_data/tsc/sumo_colight_odh_l2/sumo4x4/l2_odh/logger/new_metrics_best_hold_00.csv (ATT=380.02s, completion=42.9%)
HELDOUT episode:30/500, demand:raw_data/grid4x4/od_hubs/demand_set/hold_01.rou.xml, travel time:423.20963172804534, rewards:-452.89835069444445, queue:9.752083333333333, delay:0.11612334781222873, throughput:353
HELDOUT episode:30/500, demand:raw_data/grid4x4/od_hubs/demand_set/hold_01.rou.xml, median wait:166.0
Saved 817 vehicle trip records to data/output_data/tsc/sumo_colight_odh_l2/sumo4x4/l2_odh/logger/new_metrics_best_hold_01.csv (ATT=423.21s, completion=43.2%)
HELDOUT episode:30/500, demand:raw_data/grid4x4/od_hubs/demand_set/hold_02.rou.xml, travel time:384.89830508474574, rewards:-445.514453125, queue:9.521180555555556, delay:0.11080413394504124, throughput:354
HELDOUT episode:30/500, demand:raw_data/grid4x4/od_hubs/demand_set/hold_02.rou.xml, median wait:68.0
Saved 795 vehicle trip records to data/output_data/tsc/sumo_colight_odh_l2/sumo4x4/l2_odh/logger/new_metrics_best_hold_02.csv (ATT=384.90s, completion=44.5%)
HELDOUT_MEAN episode:30/500, travel time:396.0429441117264 (n=3)
Total time taken: 661.331885099411
