colight	TRAIN	0	370.2	0.0	-391.28	10.65	0.25	3653
colight	TEST	0	1257.6	100.0	-724.78	17.47	0.52	332
colight	TRAIN	1	371.7	0.0	-387.73	10.65	0.25	3639
colight	TEST	1	1257.6	100.0	-724.78	17.47	0.52	332
colight	TRAIN	2	386.6	64.4	-391.55	10.69	0.25	3671
colight	TEST	2	985.7	100.0	-682.33	18.55	0.44	471
colight	TRAIN	3	432.2	74.3	-412.49	10.82	0.23	3569
colight	TEST	3	634.9	100.0	-672.60	16.70	0.36	1018
colight	TRAIN	4	329.2	98.3	-340.28	8.81	0.20	3588
colight	TEST	4	634.9	100.0	-672.60	16.70	0.36	1018
colight	TRAIN	5	345.2	83.5	-358.56	9.12	0.20	3398
colight	TEST	5	640.1	100.0	-675.09	16.74	0.35	1019
colight	TRAIN	6	372.7	111.7	-367.80	9.54	0.21	3630
colight	TEST	6	651.4	100.0	-669.02	16.60	0.34	1071
colight	TRAIN	7	381.5	78.5	-408.43	10.70	0.25	3344
colight	TEST	7	647.3	100.0	-661.78	16.06	0.37	766
colight	TRAIN	8	473.1	57.7	-482.47	12.80	0.29	2656
colight	TEST	8	625.8	100.0	-604.82	14.91	0.40	867
colight	TRAIN	9	514.1	56.7	-507.09	13.53	0.31	2518
colight	TEST	9	675.3	100.0	-602.70	15.48	0.39	971
colight	TRAIN	10	528.1	58.5	-545.26	14.53	0.31	2467
colight	TEST	10	602.1	100.0	-682.34	18.25	0.36	1047
colight	TRAIN	11	660.8	75.9	-613.07	16.24	0.33	2298
colight	TEST	11	606.2	100.0	-704.81	18.27	0.39	950
colight	TRAIN	12	507.0	81.1	-478.03	12.28	0.25	2629
colight	TEST	12	579.3	100.0	-640.52	16.73	0.34	1166
colight	TRAIN	13	486.1	84.5	-435.56	11.64	0.23	2983
colight	TEST	13	547.1	100.0	-553.90	14.83	0.27	1659
colight	TRAIN	14	511.1	97.9	-437.07	11.61	0.23	2831
colight	TEST	14	480.0	100.0	-618.63	16.27	0.31	1250
colight	TRAIN	15	470.3	88.7	-429.96	11.90	0.23	2890
colight	TEST	15	506.6	100.0	-544.25	14.62	0.28	1808
colight	TRAIN	16	473.6	90.4	-451.65	12.48	0.24	2804
colight	TEST	16	537.8	100.0	-518.19	14.40	0.28	1743
colight	TRAIN	17	554.4	73.4	-460.51	12.74	0.25	2531
colight	TEST	17	514.0	100.0	-571.72	15.57	0.29	1592
colight	TRAIN	18	548.4	72.6	-525.09	14.25	0.30	2217
colight	TEST	18	552.5	100.0	-576.38	15.45	0.32	1555
colight	TRAIN	19	555.5	90.2	-444.75	12.56	0.24	2720
colight	TEST	19	512.9	100.0	-556.90	15.16	0.29	1718
colight	TRAIN	20	427.1	91.3	-564.10	15.16	0.31	1970
colight	TEST	20	536.9	100.0	-674.92	18.02	0.36	1162
colight	TRAIN	21	634.2	102.0	-613.80	16.56	0.33	2381
colight	TEST	21	455.5	100.0	-569.58	15.38	0.27	1719
colight	TRAIN	22	483.3	101.1	-513.92	13.82	0.27	2139
colight	TEST	22	557.7	100.0	-539.49	14.56	0.31	1715
colight	TRAIN	23	455.6	103.6	-519.31	13.85	0.32	1779
colight	TEST	23	587.1	100.0	-600.24	15.33	0.38	1082
colight	TRAIN	24	553.6	133.5	-556.58	14.50	0.35	1467
colight	TEST	24	633.7	100.0	-609.40	15.51	0.40	981
colight	TRAIN	25	652.3	113.7	-570.84	15.23	0.33	2035
colight	TEST	25	487.9	100.0	-539.24	14.66	0.30	1777
colight	TRAIN	26	490.1	155.7	-503.58	14.00	0.28	2091
colight	TEST	26	475.8	100.0	-520.43	14.28	0.28	1927
colight	TRAIN	27	458.9	125.0	-458.26	12.27	0.25	2387
colight	TEST	27	484.1	100.0	-515.06	13.32	0.27	1894
colight	TRAIN	28	482.2	159.3	-530.96	14.24	0.29	1794
colight	TEST	28	527.0	100.0	-468.76	13.12	0.26	1821
colight	TRAIN	29	489.2	141.1	-526.17	14.70	0.28	1958
colight	TEST	29	526.7	100.0	-531.22	14.82	0.28	1814
colight	TRAIN	30	559.8	133.5	-528.05	14.62	0.29	1895
colight	TEST	30	515.8	100.0	-578.72	15.44	0.30	1599
colight	TRAIN	31	463.5	146.4	-497.58	13.93	0.27	2063
colight	TEST	31	498.5	100.0	-567.48	15.10	0.30	1626
colight	TRAIN	32	464.1	135.7	-484.26	12.91	0.27	2134
colight	TEST	32	583.8	100.0	-572.51	15.51	0.32	1637
colight	TRAIN	33	494.5	150.4	-463.42	12.81	0.26	2272
colight	TEST	33	449.4	100.0	-551.68	14.96	0.28	1898
colight	TRAIN	34	504.4	125.1	-547.91	14.77	0.30	1925
colight	TEST	34	471.2	100.0	-547.09	14.77	0.30	1749
colight	TRAIN	35	632.5	164.7	-571.34	15.55	0.32	1961
colight	TEST	35	587.1	100.0	-669.15	17.97	0.38	1307
colight	TRAIN	36	544.1	143.1	-676.51	17.92	0.37	1403
colight	TEST	36	489.7	100.0	-678.79	18.02	0.38	1357
colight	TRAIN	37	600.3	129.6	-625.50	16.52	0.33	2242
colight	TEST	37	530.0	100.0	-586.93	15.37	0.32	1709
colight	TRAIN	38	515.1	119.4	-525.25	14.25	0.29	2084
colight	TEST	38	441.9	100.0	-511.20	14.15	0.28	2045
colight	TRAIN	39	508.4	136.6	-538.15	14.65	0.29	1983
colight	TEST	39	441.6	100.0	-565.97	15.21	0.29	1862
colight	TRAIN	40	467.1	162.2	-501.75	13.67	0.27	2171
colight	TEST	40	459.1	100.0	-531.29	14.50	0.29	1820
colight	TRAIN	41	447.8	155.8	-533.45	14.59	0.29	2008
colight	TEST	41	473.9	100.0	-551.08	15.09	0.30	1889
colight	TRAIN	42	421.8	163.2	-521.55	14.25	0.29	2036
colight	TEST	42	448.0	100.0	-539.77	14.78	0.29	1839
colight	TRAIN	43	442.7	132.2	-524.74	14.53	0.29	2039
colight	TEST	43	428.3	100.0	-560.46	15.32	0.30	1854
colight	TRAIN	44	441.1	139.0	-505.55	14.06	0.28	2066
colight	TEST	44	528.8	100.0	-621.59	16.80	0.30	1605
colight	TRAIN	45	453.9	177.2	-543.62	14.66	0.29	2053
colight	TEST	45	457.0	100.0	-595.02	15.75	0.30	1716
colight	TRAIN	46	500.0	165.2	-537.21	14.54	0.28	2008
colight	TEST	46	445.3	100.0	-566.07	15.53	0.29	1943
colight	TRAIN	47	457.5	124.4	-515.27	14.16	0.28	2029
colight	TEST	47	430.6	100.0	-552.70	14.86	0.29	1929
colight	TRAIN	48	428.3	138.2	-530.48	14.76	0.29	1919
colight	TEST	48	477.9	100.0	-571.32	15.26	0.31	1754
colight	TRAIN	49	410.0	175.2	-508.89	13.50	0.32	1580
colight	TEST	49	604.0	100.0	-596.64	15.36	0.38	1020
colight	TRAIN	50	549.2	134.1	-561.06	15.12	0.30	1985
colight	TEST	50	507.1	100.0	-566.38	15.17	0.32	1667
colight	TRAIN	51	441.2	162.9	-512.44	14.27	0.28	2078
colight	TEST	51	467.9	100.0	-598.75	16.00	0.30	1655
colight	TRAIN	52	436.1	108.1	-536.98	14.51	0.27	2037
colight	TEST	52	431.6	100.0	-535.94	14.54	0.28	1907
colight	TRAIN	53	446.8	86.0	-515.58	14.08	0.27	2033
colight	TEST	53	538.3	100.0	-604.05	16.28	0.29	1599
colight	TRAIN	54	441.2	111.4	-526.57	14.17	0.27	2019
colight	TEST	54	491.0	100.0	-551.88	15.04	0.28	1774
colight	TRAIN	55	459.1	123.8	-516.21	13.91	0.27	2113
colight	TEST	55	404.0	100.0	-568.11	15.19	0.28	1820
colight	TRAIN	56	445.0	159.6	-486.04	12.98	0.26	2212
colight	TEST	56	389.1	100.0	-485.59	12.84	0.25	2090
colight	TRAIN	57	409.9	147.0	-515.04	13.66	0.27	2034
colight	TEST	57	439.7	100.0	-548.04	14.96	0.30	1800
colight	TRAIN	58	485.6	130.1	-529.93	14.46	0.28	1895
colight	TEST	58	457.2	100.0	-554.53	15.00	0.28	1836
colight	TRAIN	59	470.2	114.7	-540.05	14.68	0.28	1958
colight	TEST	59	495.6	100.0	-537.27	14.62	0.31	1804
colight	TRAIN	60	461.6	118.7	-532.06	14.46	0.28	2080
colight	TEST	60	451.3	100.0	-542.93	14.71	0.28	1909
colight	TRAIN	61	423.1	118.1	-484.74	13.65	0.26	2164
colight	TEST	61	453.5	100.0	-546.62	14.89	0.27	1933
colight	TRAIN	62	474.5	122.1	-529.16	14.20	0.28	2009
colight	TEST	62	435.1	100.0	-550.53	14.92	0.28	1869
colight	TRAIN	63	439.9	146.6	-496.14	13.76	0.27	2202
colight	TEST	63	419.8	100.0	-508.09	13.73	0.28	2205
colight	TRAIN	64	451.6	106.1	-525.64	14.43	0.27	1974
colight	TEST	64	427.3	100.0	-537.31	14.62	0.28	1843
colight	TRAIN	65	458.4	95.8	-520.17	14.23	0.28	2067
colight	TEST	65	459.6	100.0	-518.61	14.15	0.26	2004
colight	TRAIN	66	461.3	105.5	-548.44	14.63	0.28	1895
colight	TEST	66	451.4	100.0	-559.31	14.91	0.31	1773
colight	TRAIN	67	408.0	124.8	-449.92	12.66	0.25	2448
colight	TEST	67	457.3	100.0	-487.36	13.50	0.27	2161
colight	TRAIN	68	519.1	123.8	-498.87	13.83	0.30	2065
colight	TEST	68	487.4	100.0	-576.26	14.93	0.35	1123
colight	TRAIN	69	611.4	107.9	-573.07	15.06	0.35	1255
colight	TEST	69	508.8	100.0	-579.12	15.02	0.35	1132
colight	TRAIN	70	499.5	133.8	-468.60	13.37	0.26	2373
colight	TEST	70	463.9	100.0	-552.41	14.90	0.28	1891
colight	TRAIN	71	454.9	130.0	-496.03	13.45	0.26	2265
colight	TEST	71	578.2	100.0	-587.73	15.35	0.31	1589
colight	TRAIN	72	449.6	107.1	-497.05	13.63	0.25	2245
colight	TEST	72	429.7	100.0	-497.85	13.61	0.26	2132
colight	TRAIN	73	438.5	114.2	-497.91	13.51	0.26	2288
colight	TEST	73	464.2	100.0	-540.92	14.86	0.28	1794
colight	TRAIN	74	475.0	88.3	-496.30	13.59	0.25	2322
colight	TEST	74	427.9	100.0	-536.97	14.51	0.27	1854
colight	TRAIN	75	432.2	86.6	-448.32	12.81	0.24	2414
colight	TEST	75	421.2	100.0	-506.75	13.98	0.26	2133
colight	TRAIN	76	423.5	99.7	-497.74	13.68	0.26	2253
colight	TEST	76	434.4	100.0	-487.04	13.74	0.27	2008
