early_stop enabled: mode=cycle_mean, min_episodes=30, max_episodes=500, patience=3, min_delta=0.0500, abs_floor=1.00, cycle_len=10, metric=wait
episode:0/500, train_demand:raw_data/ingolstadt21/od_hubs/demand_set/train_00.rou.xml
step:1800/1800, q_loss:0, rewards:-114.33639322916666, queue:2.820899470899471, delay:0.22401345873635914, throughput:1231
episode:0/500, real avg travel time:354.2233956133225
episode:0/500, median wait:88.0 (n=1231)
HELDOUT episode:0/500, demand:raw_data/ingolstadt21/od_hubs/demand_set/hold_00.rou.xml, travel time:397.9255663430421, rewards:-358.67120225694447, queue:8.462962962962964, delay:0.4084378035610946, throughput:309
HELDOUT episode:0/500, demand:raw_data/ingolstadt21/od_hubs/demand_set/hold_00.rou.xml, median wait:98.0
HELDOUT episode:0/500, demand:raw_data/ingolstadt21/od_hubs/demand_set/hold_01.rou.xml, travel time:383.4915824915825, rewards:-378.6724826388889, queue:8.804761904761905, delay:0.4073418511284722, throughput:297
HELDOUT episode:0/500, demand:raw_data/ingolstadt21/od_hubs/demand_set/hold_01.rou.xml, median wait:51.0
HELDOUT episode:0/500, demand:raw_data/ingolstadt21/od_hubs/demand_set/hold_02.rou.xml, travel time:339.9006849315069, rewards:-388.5744357638889, queue:9.062698412698413, delay:0.4231217964616402, throughput:292
HELDOUT episode:0/500, demand:raw_data/ingolstadt21/od_hubs/demand_set/hold_02.rou.xml, median wait:13.0
HELDOUT_MEAN episode:0/500, travel time:373.77261125537717 (n=3)
New best heldout ATT=373.7726 at episode 0 (saved model/best_*.pt)
episode:1/500, train_demand:raw_data/ingolstadt21/od_hubs/demand_set/train_01.rou.xml
step:1800/1800, q_loss:0, rewards:-123.00845269097222, queue:3.14021164021164, delay:0.22238417529555224, throughput:1149
episode:1/500, real avg travel time:352.95300261096605
episode:1/500, median wait:86.0 (n=1149)
episode:2/500, train_demand:raw_data/ingolstadt21/od_hubs/demand_set/train_02.rou.xml
step:1800/1800, q_loss:0, rewards:-119.93357204861111, queue:2.9412698412698415, delay:0.2236543201264881, throughput:1170
episode:2/500, real avg travel time:344.6700854700855
episode:2/500, median wait:77.0 (n=1170)
episode:3/500, train_demand:raw_data/ingolstadt21/od_hubs/demand_set/train_03.rou.xml
step:1800/1800, q_loss:0, rewards:-120.39339192708333, queue:2.9743386243386243, delay:0.2242178134817295, throughput:1260
episode:3/500, real avg travel time:338.61507936507934
episode:3/500, median wait:85.0 (n=1260)
episode:4/500, train_demand:raw_data/ingolstadt21/od_hubs/demand_set/train_04.rou.xml
step:1800/1800, q_loss:0, rewards:-119.36002604166667, queue:2.9256613756613756, delay:0.22421040206989915, throughput:1164
episode:4/500, real avg travel time:351.7396907216495
episode:4/500, median wait:83.0 (n=1164)
episode:5/500, train_demand:raw_data/ingolstadt21/od_hubs/demand_set/train_05.rou.xml
step:1800/1800, q_loss:49.531002044677734, rewards:-163.8176323784722, queue:3.952116402116402, delay:0.24362612123842592, throughput:970
episode:5/500, real avg travel time:331.5237113402062
episode:5/500, median wait:65.0 (n=970)
episode:6/500, train_demand:raw_data/ingolstadt21/od_hubs/demand_set/train_06.rou.xml
step:1800/1800, q_loss:44.18128204345703, rewards:-218.41028645833333, queue:5.6156084656084655, delay:0.29213957609953706, throughput:665
episode:6/500, real avg travel time:429.4045112781955
episode:6/500, median wait:134.0 (n=665)
episode:7/500, train_demand:raw_data/ingolstadt21/od_hubs/demand_set/train_07.rou.xml
step:1800/1800, q_loss:46.885093688964844, rewards:-221.27265625, queue:5.204497354497354, delay:0.29238820555348877, throughput:444
episode:7/500, real avg travel time:346.740990990991
episode:7/500, median wait:13.0 (n=444)
episode:8/500, train_demand:raw_data/ingolstadt21/od_hubs/demand_set/train_08.rou.xml
step:1800/1800, q_loss:89.52294921875, rewards:-178.79268663194443, queue:4.124867724867725, delay:0.2584383525545635, throughput:749
episode:8/500, real avg travel time:341.3805073431242
episode:8/500, median wait:36.0 (n=749)
episode:9/500, train_demand:raw_data/ingolstadt21/od_hubs/demand_set/train_09.rou.xml
step:1800/1800, q_loss:133.3931427001953, rewards:-148.9439236111111, queue:3.4296296296296296, delay:0.21997283451140873, throughput:720
episode:9/500, real avg travel time:314.5152777777778
episode:9/500, median wait:14.0 (n=720)
episode:10/500, train_demand:raw_data/ingolstadt21/od_hubs/demand_set/train_00.rou.xml
step:1800/1800, q_loss:157.9879913330078, rewards:-107.58528645833333, queue:2.585978835978836, delay:0.19315732925657242, throughput:881
episode:10/500, real avg travel time:299.950056753689
episode:10/500, median wait:12.0 (n=881)
HELDOUT episode:10/500, demand:raw_data/ingolstadt21/od_hubs/demand_set/hold_00.rou.xml, travel time:267.6909090909091, rewards:-129.80690104166666, queue:3.1253968253968254, delay:0.1946976596085483, throughput:825
HELDOUT episode:10/500, demand:raw_data/ingolstadt21/od_hubs/demand_set/hold_00.rou.xml, median wait:8.0
HELDOUT episode:10/500, demand:raw_data/ingolstadt21/od_hubs/demand_set/hold_01.rou.xml, travel time:273.04599056603774, rewards:-121.2640625, queue:3.066666666666667, delay:0.19248964017030423, throughput:848
HELDOUT episode:10/500, demand:raw_data/ingolstadt21/od_hubs/demand_set/hold_01.rou.xml, median wait:9.0
HELDOUT episode:10/500, demand:raw_data/ingolstadt21/od_hubs/demand_set/hold_02.rou.xml, travel time:283.3653017241379, rewards:-108.04319661458334, queue:2.7164021164021164, delay:0.19512296807829035, throughput:928
HELDOUT episode:10/500, demand:raw_data/ingolstadt21/od_hubs/demand_set/hold_02.rou.xml, median wait:10.5
HELDOUT_MEAN episode:10/500, travel time:274.70073379369495 (n=3)
New best heldout ATT=274.7007 at episode 10 (saved model/best_*.pt)
episode:11/500, train_demand:raw_data/ingolstadt21/od_hubs/demand_set/train_01.rou.xml
step:1800/1800, q_loss:170.19247436523438, rewards:-126.04703776041667, queue:2.8621693121693124, delay:0.20096109380166996, throughput:815
episode:11/500, real avg travel time:303.80122699386504
episode:11/500, median wait:13.0 (n=815)
episode:12/500, train_demand:raw_data/ingolstadt21/od_hubs/demand_set/train_02.rou.xml
step:1800/1800, q_loss:175.12158203125, rewards:-107.60043402777778, queue:2.5243386243386245, delay:0.19187974072007274, throughput:935
episode:12/500, real avg travel time:310.2331550802139
episode:12/500, median wait:15.0 (n=935)
episode:13/500, train_demand:raw_data/ingolstadt21/od_hubs/demand_set/train_03.rou.xml
step:1800/1800, q_loss:169.01776123046875, rewards:-103.13001302083333, queue:2.407671957671958, delay:0.17828637178612763, throughput:982
episode:13/500, real avg travel time:311.4877800407332
episode:13/500, median wait:21.0 (n=982)
episode:14/500, train_demand:raw_data/ingolstadt21/od_hubs/demand_set/train_04.rou.xml
step:1800/1800, q_loss:168.0245819091797, rewards:-123.56532118055556, queue:2.704761904761905, delay:0.17849098488136575, throughput:953
episode:14/500, real avg travel time:331.05771248688353
episode:14/500, median wait:20.0 (n=953)
episode:15/500, train_demand:raw_data/ingolstadt21/od_hubs/demand_set/train_05.rou.xml
step:1800/1800, q_loss:161.5937042236328, rewards:-99.32074652777777, queue:2.204232804232804, delay:0.1635530986483135, throughput:1088
episode:15/500, real avg travel time:322.23253676470586
episode:15/500, median wait:26.0 (n=1088)
episode:16/500, train_demand:raw_data/ingolstadt21/od_hubs/demand_set/train_06.rou.xml
step:1800/1800, q_loss:154.94546508789062, rewards:-115.85226779513889, queue:2.6677248677248677, delay:0.18165900013434194, throughput:943
episode:16/500, real avg travel time:306.5493107104984
episode:16/500, median wait:12.0 (n=943)
episode:17/500, train_demand:raw_data/ingolstadt21/od_hubs/demand_set/train_07.rou.xml
step:1800/1800, q_loss:149.20269775390625, rewards:-108.85987413194445, queue:2.3, delay:0.16795223175533233, throughput:1060
episode:17/500, real avg travel time:354.2122641509434
episode:17/500, median wait:33.0 (n=1060)
episode:18/500, train_demand:raw_data/ingolstadt21/od_hubs/demand_set/train_08.rou.xml
step:1800/1800, q_loss:150.09922790527344, rewards:-98.95027126736112, queue:2.2063492063492065, delay:0.1551777027271412, throughput:1074
episode:18/500, real avg travel time:313.28212290502796
episode:18/500, median wait:19.0 (n=1074)
episode:19/500, train_demand:raw_data/ingolstadt21/od_hubs/demand_set/train_09.rou.xml
step:1800/1800, q_loss:152.56851196289062, rewards:-100.48773871527777, queue:2.203968253968254, delay:0.16523332545366237, throughput:1042
episode:19/500, real avg travel time:323.76487523992324
episode:19/500, median wait:27.5 (n=1042)
cycle_mean cycle=1 m_prev=68.10 m_curr=19.85 rel=-0.7085 delta=-48.25 flat=False improved=True patience=0/3
episode:20/500, train_demand:raw_data/ingolstadt21/od_hubs/demand_set/train_00.rou.xml
step:1800/1800, q_loss:149.5773468017578, rewards:-76.05328776041667, queue:1.751058201058201, delay:0.14795755053323412, throughput:1046
episode:20/500, real avg travel time:308.131931166348
episode:20/500, median wait:17.0 (n=1046)
HELDOUT episode:20/500, demand:raw_data/ingolstadt21/od_hubs/demand_set/hold_00.rou.xml, travel time:287.3259085580305, rewards:-128.74397786458334, queue:2.815873015873016, delay:0.17840387253534226, throughput:853
HELDOUT episode:20/500, demand:raw_data/ingolstadt21/od_hubs/demand_set/hold_00.rou.xml, median wait:10.0
HELDOUT episode:20/500, demand:raw_data/ingolstadt21/od_hubs/demand_set/hold_01.rou.xml, travel time:283.4871794871795, rewards:-128.5490668402778, queue:2.856613756613757, delay:0.1839790142402447, throughput:780
HELDOUT episode:20/500, demand:raw_data/ingolstadt21/od_hubs/demand_set/hold_01.rou.xml, median wait:8.0
HELDOUT episode:20/500, demand:raw_data/ingolstadt21/od_hubs/demand_set/hold_02.rou.xml, travel time:281.9007352941176, rewards:-124.06245659722222, queue:2.7706349206349206, delay:0.1888985931557953, throughput:816
HELDOUT episode:20/500, demand:raw_data/ingolstadt21/od_hubs/demand_set/hold_02.rou.xml, median wait:8.0
HELDOUT_MEAN episode:20/500, travel time:284.2379411131092 (n=3)
episode:21/500, train_demand:raw_data/ingolstadt21/od_hubs/demand_set/train_01.rou.xml
step:1800/1800, q_loss:147.12338256835938, rewards:-84.97165798611111, queue:1.8896825396825396, delay:0.154496660182085, throughput:1083
episode:21/500, real avg travel time:299.5383194829178
episode:21/500, median wait:15.0 (n=1083)
episode:22/500, train_demand:raw_data/ingolstadt21/od_hubs/demand_set/train_02.rou.xml
step:1800/1800, q_loss:142.34608459472656, rewards:-68.70582682291666, queue:1.5711640211640212, delay:0.14938687117642196, throughput:1211
episode:22/500, real avg travel time:289.9735755573906
episode:22/500, median wait:18.0 (n=1211)
episode:23/500, train_demand:raw_data/ingolstadt21/od_hubs/demand_set/train_03.rou.xml
step:1800/1800, q_loss:136.7930908203125, rewards:-83.2982421875, queue:2.019047619047619, delay:0.15004997455253802, throughput:1190
episode:23/500, real avg travel time:291.38823529411764
episode:23/500, median wait:21.0 (n=1190)
episode:24/500, train_demand:raw_data/ingolstadt21/od_hubs/demand_set/train_04.rou.xml
step:1800/1800, q_loss:139.1029815673828, rewards:-82.57536349826388, queue:1.893915343915344, delay:0.1497510799024471, throughput:1108
episode:24/500, real avg travel time:294.0676895306859
episode:24/500, median wait:17.0 (n=1108)
episode:25/500, train_demand:raw_data/ingolstadt21/od_hubs/demand_set/train_05.rou.xml
step:1800/1800, q_loss:140.12860107421875, rewards:-75.94083116319445, queue:1.6785714285714286, delay:0.14949353737805887, throughput:1238
episode:25/500, real avg travel time:296.38529886914375
episode:25/500, median wait:19.0 (n=1238)
episode:26/500, train_demand:raw_data/ingolstadt21/od_hubs/demand_set/train_06.rou.xml
step:1800/1800, q_loss:139.1636962890625, rewards:-65.57671440972223, queue:1.5166666666666666, delay:0.1408375412068039, throughput:1245
episode:26/500, real avg travel time:282.54859437751
episode:26/500, median wait:18.0 (n=1245)
episode:27/500, train_demand:raw_data/ingolstadt21/od_hubs/demand_set/train_07.rou.xml
step:1800/1800, q_loss:136.57603454589844, rewards:-85.28370225694445, queue:1.9425925925925926, delay:0.15363175326554232, throughput:1208
episode:27/500, real avg travel time:288.29387417218544
episode:27/500, median wait:18.0 (n=1208)
episode:28/500, train_demand:raw_data/ingolstadt21/od_hubs/demand_set/train_08.rou.xml
step:1800/1800, q_loss:137.7332000732422, rewards:-61.74092881944444, queue:1.4526455026455027, delay:0.1388562076306217, throughput:1254
episode:28/500, real avg travel time:294.622009569378
episode:28/500, median wait:23.0 (n=1254)
episode:29/500, train_demand:raw_data/ingolstadt21/od_hubs/demand_set/train_09.rou.xml
step:1800/1800, q_loss:130.26231384277344, rewards:-74.90013563368055, queue:1.728042328042328, delay:0.14302645890170304, throughput:1234
episode:29/500, real avg travel time:288.93030794165315
episode:29/500, median wait:18.0 (n=1234)
cycle_mean cycle=2 m_prev=19.85 m_curr=18.40 rel=-0.0730 delta=-1.45 flat=False improved=True patience=0/3
episode:30/500, train_demand:raw_data/ingolstadt21/od_hubs/demand_set/train_00.rou.xml
step:1800/1800, q_loss:131.7434539794922, rewards:-73.14518229166667, queue:1.6253968253968254, delay:0.1407086246228092, throughput:1199
episode:30/500, real avg travel time:306.4003336113428
episode:30/500, median wait:23.0 (n=1199)
HELDOUT episode:30/500, demand:raw_data/ingolstadt21/od_hubs/demand_set/hold_00.rou.xml, travel time:281.39951377633713, rewards:-55.911892361111114, queue:1.4150793650793652, delay:0.14282811079075727, throughput:1234
HELDOUT episode:30/500, demand:raw_data/ingolstadt21/od_hubs/demand_set/hold_00.rou.xml, median wait:21.0
HELDOUT episode:30/500, demand:raw_data/ingolstadt21/od_hubs/demand_set/hold_01.rou.xml, travel time:301.2362728785358, rewards:-71.78703342013888, queue:1.7656084656084656, delay:0.1509814872943535, throughput:1202
HELDOUT episode:30/500, demand:raw_data/ingolstadt21/od_hubs/demand_set/hold_01.rou.xml, median wait:17.0
HELDOUT episode:30/500, demand:raw_data/ingolstadt21/od_hubs/demand_set/hold_02.rou.xml, travel time:283.4979009235936, rewards:-93.90912543402777, queue:2.096825396825397, delay:0.15531637201864254, throughput:1191
HELDOUT episode:30/500, demand:raw_data/ingolstadt21/od_hubs/demand_set/hold_02.rou.xml, median wait:17.0
HELDOUT_MEAN episode:30/500, travel time:288.71122919282215 (n=3)
episode:31/500, train_demand:raw_data/ingolstadt21/od_hubs/demand_set/train_01.rou.xml
step:1800/1800, q_loss:131.1848602294922, rewards:-51.24449327256944, queue:1.226984126984127, delay:0.13991479621362435, throughput:1253
episode:31/500, real avg travel time:290.0558659217877
episode:31/500, median wait:20.0 (n=1253)
episode:32/500, train_demand:raw_data/ingolstadt21/od_hubs/demand_set/train_02.rou.xml
step:1800/1800, q_loss:131.0478057861328, rewards:-81.34347873263889, queue:1.7298941798941798, delay:0.14529265550078538, throughput:1298
episode:32/500, real avg travel time:297.76348228043145
episode:32/500, median wait:24.0 (n=1298)
episode:33/500, train_demand:raw_data/ingolstadt21/od_hubs/demand_set/train_03.rou.xml
step:1800/1800, q_loss:128.56683349609375, rewards:-88.55416666666666, queue:2.03994708994709, delay:0.15315689006179728, throughput:1152
episode:33/500, real avg travel time:287.92621527777777
episode:33/500, median wait:17.0 (n=1152)
episode:34/500, train_demand:raw_data/ingolstadt21/od_hubs/demand_set/train_04.rou.xml
step:1800/1800, q_loss:130.70082092285156, rewards:-96.47083333333333, queue:1.9724867724867725, delay:0.15386853091931216, throughput:1070
episode:34/500, real avg travel time:304.25514018691587
episode:34/500, median wait:18.0 (n=1070)
episode:35/500, train_demand:raw_data/ingolstadt21/od_hubs/demand_set/train_05.rou.xml
step:1800/1800, q_loss:133.56373596191406, rewards:-57.69110785590278, queue:1.3677248677248677, delay:0.13999780725549768, throughput:1327
episode:35/500, real avg travel time:308.9020346646571
episode:35/500, median wait:24.0 (n=1327)
episode:36/500, train_demand:raw_data/ingolstadt21/od_hubs/demand_set/train_06.rou.xml
step:1800/1800, q_loss:134.7939910888672, rewards:-93.50393880208334, queue:1.9568783068783069, delay:0.14724689463458995, throughput:1268
episode:36/500, real avg travel time:294.2216088328076
episode:36/500, median wait:21.0 (n=1268)
episode:37/500, train_demand:raw_data/ingolstadt21/od_hubs/demand_set/train_07.rou.xml
step:1800/1800, q_loss:134.00010681152344, rewards:-74.65495334201388, queue:1.626984126984127, delay:0.14555002040963955, throughput:1313
episode:37/500, real avg travel time:287.9078446306169
episode:37/500, median wait:21.0 (n=1313)
episode:38/500, train_demand:raw_data/ingolstadt21/od_hubs/demand_set/train_08.rou.xml
step:1800/1800, q_loss:138.84420776367188, rewards:-76.15684678819444, queue:1.6984126984126984, delay:0.137837081989914, throughput:1225
episode:38/500, real avg travel time:285.0775510204082
episode:38/500, median wait:17.0 (n=1225)
episode:39/500, train_demand:raw_data/ingolstadt21/od_hubs/demand_set/train_09.rou.xml
step:1800/1800, q_loss:136.38906860351562, rewards:-72.71787109375, queue:1.652116402116402, delay:0.1367134861214451, throughput:1261
episode:39/500, real avg travel time:312.85329103885806
episode:39/500, median wait:22.0 (n=1261)
cycle_mean cycle=3 m_prev=18.40 m_curr=20.70 rel=+0.1250 delta=+2.30 flat=False improved=False patience=1/3
episode:40/500, train_demand:raw_data/ingolstadt21/od_hubs/demand_set/train_00.rou.xml
step:1800/1800, q_loss:133.84251403808594, rewards:-66.58184678819444, queue:1.62989417989418, delay:0.13836476159474206, throughput:1233
episode:40/500, real avg travel time:307.48661800486616
episode:40/500, median wait:22.0 (n=1233)
HELDOUT episode:40/500, demand:raw_data/ingolstadt21/od_hubs/demand_set/hold_00.rou.xml, travel time:271.6271306818182, rewards:-56.68810763888889, queue:1.2775132275132275, delay:0.1306116982111855, throughput:1408
HELDOUT episode:40/500, demand:raw_data/ingolstadt21/od_hubs/demand_set/hold_00.rou.xml, median wait:21.0
HELDOUT episode:40/500, demand:raw_data/ingolstadt21/od_hubs/demand_set/hold_01.rou.xml, travel time:325.42784256559764, rewards:-61.60958116319444, queue:1.4166666666666667, delay:0.1347323463076637, throughput:1372
HELDOUT episode:40/500, demand:raw_data/ingolstadt21/od_hubs/demand_set/hold_01.rou.xml, median wait:26.0
HELDOUT episode:40/500, demand:raw_data/ingolstadt21/od_hubs/demand_set/hold_02.rou.xml, travel time:284.878107457899, rewards:-83.4522732204861, queue:1.7896825396825398, delay:0.14229029095362103, throughput:1247
HELDOUT episode:40/500, demand:raw_data/ingolstadt21/od_hubs/demand_set/hold_02.rou.xml, median wait:20.0
HELDOUT_MEAN episode:40/500, travel time:293.97769356843827 (n=3)
episode:41/500, train_demand:raw_data/ingolstadt21/od_hubs/demand_set/train_01.rou.xml
step:1800/1800, q_loss:134.62026977539062, rewards:-66.18199327256944, queue:1.501058201058201, delay:0.1351635806774967, throughput:1306
episode:41/500, real avg travel time:297.08805513016847
episode:41/500, median wait:20.0 (n=1306)
episode:42/500, train_demand:raw_data/ingolstadt21/od_hubs/demand_set/train_02.rou.xml
step:1800/1800, q_loss:135.16937255859375, rewards:-88.15799696180555, queue:1.7952380952380953, delay:0.1378525829819775, throughput:1248
episode:42/500, real avg travel time:299.1826923076923
episode:42/500, median wait:22.0 (n=1248)
episode:43/500, train_demand:raw_data/ingolstadt21/od_hubs/demand_set/train_03.rou.xml
step:1800/1800, q_loss:138.14979553222656, rewards:-80.91871744791666, queue:1.87989417989418, delay:0.1422882080078125, throughput:1325
episode:43/500, real avg travel time:290.5109433962264
episode:43/500, median wait:21.0 (n=1325)
episode:44/500, train_demand:raw_data/ingolstadt21/od_hubs/demand_set/train_04.rou.xml
step:1800/1800, q_loss:144.69578552246094, rewards:-60.79898003472222, queue:1.5325396825396826, delay:0.1335129591523024, throughput:1282
episode:44/500, real avg travel time:288.30577223088926
episode:44/500, median wait:19.0 (n=1282)
episode:45/500, train_demand:raw_data/ingolstadt21/od_hubs/demand_set/train_05.rou.xml
step:1800/1800, q_loss:145.26637268066406, rewards:-55.92930772569444, queue:1.2925925925925925, delay:0.12790485361896495, throughput:1407
episode:45/500, real avg travel time:278.21535181236675
episode:45/500, median wait:20.0 (n=1407)
episode:46/500, train_demand:raw_data/ingolstadt21/od_hubs/demand_set/train_06.rou.xml
step:1800/1800, q_loss:139.2528076171875, rewards:-69.085009765625, queue:1.575925925925926, delay:0.1329182781239666, throughput:1320
episode:46/500, real avg travel time:291.70075757575756
episode:46/500, median wait:18.5 (n=1320)
episode:47/500, train_demand:raw_data/ingolstadt21/od_hubs/demand_set/train_07.rou.xml
step:1800/1800, q_loss:126.08513641357422, rewards:-112.91684027777778, queue:2.5656084656084657, delay:0.15544872788525133, throughput:1179
episode:47/500, real avg travel time:298.83630195080576
episode:47/500, median wait:19.0 (n=1179)
episode:48/500, train_demand:raw_data/ingolstadt21/od_hubs/demand_set/train_08.rou.xml
step:1800/1800, q_loss:126.47129821777344, rewards:-59.46846788194444, queue:1.3153439153439153, delay:0.12843463231646826, throughput:1321
episode:48/500, real avg travel time:286.59500378501133
episode:48/500, median wait:19.0 (n=1321)
episode:49/500, train_demand:raw_data/ingolstadt21/od_hubs/demand_set/train_09.rou.xml
step:1800/1800, q_loss:125.30367279052734, rewards:-58.79499782986111, queue:1.3582010582010582, delay:0.12900950921275628, throughput:1337
episode:49/500, real avg travel time:288.91548242333585
episode:49/500, median wait:20.0 (n=1337)
cycle_mean cycle=4 m_prev=20.70 m_curr=20.05 rel=-0.0314 delta=-0.65 flat=True improved=False patience=2/3
episode:50/500, train_demand:raw_data/ingolstadt21/od_hubs/demand_set/train_00.rou.xml
step:1800/1800, q_loss:122.93245697021484, rewards:-71.49601779513888, queue:1.6243386243386244, delay:0.13136985011832425, throughput:1250
episode:50/500, real avg travel time:283.3336
episode:50/500, median wait:18.0 (n=1250)
HELDOUT episode:50/500, demand:raw_data/ingolstadt21/od_hubs/demand_set/hold_00.rou.xml, travel time:310.6698943661972, rewards:-108.95023871527778, queue:2.324074074074074, delay:0.1525899089833416, throughput:1136
HELDOUT episode:50/500, demand:raw_data/ingolstadt21/od_hubs/demand_set/hold_00.rou.xml, median wait:19.0
HELDOUT episode:50/500, demand:raw_data/ingolstadt21/od_hubs/demand_set/hold_01.rou.xml, travel time:324.7108190091001, rewards:-127.62782118055556, queue:2.6984126984126986, delay:0.15892224185681217, throughput:989
HELDOUT episode:50/500, demand:raw_data/ingolstadt21/od_hubs/demand_set/hold_01.rou.xml, median wait:18.0
HELDOUT episode:50/500, demand:raw_data/ingolstadt21/od_hubs/demand_set/hold_02.rou.xml, travel time:312.44599627560524, rewards:-107.0267578125, queue:2.2354497354497354, delay:0.15866495768229166, throughput:1074
HELDOUT episode:50/500, demand:raw_data/ingolstadt21/od_hubs/demand_set/hold_02.rou.xml, median wait:18.0
HELDOUT_MEAN episode:50/500, travel time:315.94223655030083 (n=3)
episode:51/500, train_demand:raw_data/ingolstadt21/od_hubs/demand_set/train_01.rou.xml
step:1800/1800, q_loss:123.2449722290039, rewards:-89.45106336805556, queue:1.8722222222222222, delay:0.14902656999214617, throughput:1166
episode:51/500, real avg travel time:321.92195540308745
episode:51/500, median wait:18.0 (n=1166)
episode:52/500, train_demand:raw_data/ingolstadt21/od_hubs/demand_set/train_02.rou.xml
step:1800/1800, q_loss:125.4464111328125, rewards:-66.46754557291666, queue:1.4981481481481482, delay:0.13583774465732473, throughput:1317
episode:52/500, real avg travel time:272.1518602885345
episode:52/500, median wait:17.0 (n=1317)
episode:53/500, train_demand:raw_data/ingolstadt21/od_hubs/demand_set/train_03.rou.xml
step:1800/1800, q_loss:124.21707916259766, rewards:-87.21976996527778, queue:2.0843915343915342, delay:0.14492736493468916, throughput:1220
episode:53/500, real avg travel time:302.77213114754096
episode:53/500, median wait:16.0 (n=1220)
episode:54/500, train_demand:raw_data/ingolstadt21/od_hubs/demand_set/train_04.rou.xml
step:1800/1800, q_loss:126.91764068603516, rewards:-78.36671006944445, queue:1.6568783068783068, delay:0.13394001955708498, throughput:1289
episode:54/500, real avg travel time:305.5159038013964
episode:54/500, median wait:20.0 (n=1289)
episode:55/500, train_demand:raw_data/ingolstadt21/od_hubs/demand_set/train_05.rou.xml
step:1800/1800, q_loss:124.94371032714844, rewards:-96.70198567708333, queue:2.0939153439153437, delay:0.14906238374255953, throughput:1174
episode:55/500, real avg travel time:308.0587734241908
episode:55/500, median wait:22.0 (n=1174)
episode:56/500, train_demand:raw_data/ingolstadt21/od_hubs/demand_set/train_06.rou.xml
step:1800/1800, q_loss:125.10787200927734, rewards:-58.07004665798611, queue:1.424074074074074, delay:0.13210165033895502, throughput:1374
episode:56/500, real avg travel time:286.2940320232897
episode:56/500, median wait:20.0 (n=1374)
episode:57/500, train_demand:raw_data/ingolstadt21/od_hubs/demand_set/train_07.rou.xml
step:1800/1800, q_loss:128.85784912109375, rewards:-81.35745442708334, queue:1.7944444444444445, delay:0.13806909631799769, throughput:1327
episode:57/500, real avg travel time:302.82290881688016
episode:57/500, median wait:21.0 (n=1327)
episode:58/500, train_demand:raw_data/ingolstadt21/od_hubs/demand_set/train_08.rou.xml
step:1800/1800, q_loss:132.4351043701172, rewards:-69.48360460069445, queue:1.561904761904762, delay:0.1306529373088211, throughput:1288
episode:58/500, real avg travel time:305.9899068322981
episode:58/500, median wait:22.0 (n=1288)
episode:59/500, train_demand:raw_data/ingolstadt21/od_hubs/demand_set/train_09.rou.xml
step:1800/1800, q_loss:129.27638244628906, rewards:-70.34716796875, queue:1.7243386243386243, delay:0.13933242717117228, throughput:1308
episode:59/500, real avg travel time:300.0038226299694
episode:59/500, median wait:17.0 (n=1308)
cycle_mean cycle=5 m_prev=20.05 m_curr=19.10 rel=-0.0474 delta=-0.95 flat=True improved=False patience=3/3
early_stop at episode 59/500 (cycle_mean wait, m=19.10, best ATT=274.70 at episode 10, source=heldout)
reloaded best checkpoint from episode 10 (ATT=274.70, source=heldout)
HELDOUT episode:500/500, demand:raw_data/ingolstadt21/od_hubs/demand_set/hold_00.rou.xml, travel time:256.09561304836893, rewards:-96.11824001736112, queue:2.373809523809524, delay:0.17649931731047452, throughput:889
HELDOUT episode:500/500, demand:raw_data/ingolstadt21/od_hubs/demand_set/hold_00.rou.xml, median wait:8.0
Saved 1923 vehicle trip records to data/output_data/tsc/sumo_dqn_odh_l2_hetero_1x21/sumo1x21/l2_axis_hetero/logger/new_metrics_hold_00.csv (ATT=256.10s, completion=46.2%)
HELDOUT episode:500/500, demand:raw_data/ingolstadt21/od_hubs/demand_set/hold_01.rou.xml, travel time:266.9836779107726, rewards:-98.82903645833333, queue:2.4854497354497354, delay:0.18657627004794974, throughput:919
HELDOUT episode:500/500, demand:raw_data/ingolstadt21/od_hubs/demand_set/hold_01.rou.xml, median wait:12.0
Saved 1921 vehicle trip records to data/output_data/tsc/sumo_dqn_odh_l2_hetero_1x21/sumo1x21/l2_axis_hetero/logger/new_metrics_hold_01.csv (ATT=266.98s, completion=47.8%)
HELDOUT episode:500/500, demand:raw_data/ingolstadt21/od_hubs/demand_set/hold_02.rou.xml, travel time:271.25611052072264, rewards:-81.76695421006944, queue:2.014021164021164, delay:0.1854932189618469, throughput:941
HELDOUT episode:500/500, demand:raw_data/ingolstadt21/od_hubs/demand_set/hold_02.rou.xml, median wait:12.0
Saved 1941 vehicle trip records to data/output_data/tsc/sumo_dqn_odh_l2_hetero_1x21/sumo1x21/l2_axis_hetero/logger/new_metrics_hold_02.csv (ATT=271.26s, completion=48.5%)
HELDOUT_MEAN episode:500/500, travel time:264.77846715995474 (n=3)
HELDOUT episode:10/500, demand:raw_data/ingolstadt21/od_hubs/demand_set/hold_00.rou.xml, travel time:256.09561304836893, rewards:-96.11824001736112, queue:2.373809523809524, delay:0.17649931731047452, throughput:889
HELDOUT episode:10/500, demand:raw_data/ingolstadt21/od_hubs/demand_set/hold_00.rou.xml, median wait:8.0
Saved 1923 vehicle trip records to data/output_data/tsc/sumo_dqn_odh_l2_hetero_1x21/sumo1x21/l2_axis_hetero/logger/new_metrics_best_hold_00.csv (ATT=256.10s, completion=46.2%)
HELDOUT episode:10/500, demand:raw_data/ingolstadt21/od_hubs/demand_set/hold_01.rou.xml, travel time:266.9836779107726, rewards:-98.82903645833333, queue:2.4854497354497354, delay:0.18657627004794974, throughput:919
HELDOUT episode:10/500, demand:raw_data/ingolstadt21/od_hubs/demand_set/hold_01.rou.xml, median wait:12.0
Saved 1921 vehicle trip records to data/output_data/tsc/sumo_dqn_odh_l2_hetero_1x21/sumo1x21/l2_axis_hetero/logger/new_metrics_best_hold_01.csv (ATT=266.98s, completion=47.8%)
HELDOUT episode:10/500, demand:raw_data/ingolstadt21/od_hubs/demand_set/hold_02.rou.xml, travel time:271.25611052072264, rewards:-81.76695421006944, queue:2.014021164021164, delay:0.1854932189618469, throughput:941
HELDOUT episode:10/500, demand:raw_data/ingolstadt21/od_hubs/demand_set/hold_02.rou.xml, median wait:12.0
Saved 1941 vehicle trip records to data/output_data/tsc/sumo_dqn_odh_l2_hetero_1x21/sumo1x21/l2_axis_hetero/logger/new_metrics_best_hold_02.csv (ATT=271.26s, completion=48.5%)
HELDOUT_MEAN episode:10/500, travel time:264.77846715995474 (n=3)
Total time taken: 909.4628403186798
