dqn	TRAIN	0	354.2	0.0	-114.34	2.82	0.22	1231
dqn	HELDOUT	0	397.9	100.0	-358.67	8.46	0.41	309
dqn	HELDOUT	0	383.5	100.0	-378.67	8.80	0.41	297
dqn	HELDOUT	0	339.9	100.0	-388.57	9.06	0.42	292
dqn	HELDOUT_MEAN	0	373.8	100.0	0.00	0.00	0.00	0
dqn	TRAIN	1	353.0	0.0	-123.01	3.14	0.22	1149
dqn	TRAIN	2	344.7	0.0	-119.93	2.94	0.22	1170
dqn	TRAIN	3	338.6	0.0	-120.39	2.97	0.22	1260
dqn	TRAIN	4	351.7	0.0	-119.36	2.93	0.22	1164
dqn	TRAIN	5	331.5	49.5	-163.82	3.95	0.24	970
dqn	TRAIN	6	429.4	44.2	-218.41	5.62	0.29	665
dqn	TRAIN	7	346.7	46.9	-221.27	5.20	0.29	444
dqn	TRAIN	8	341.4	89.5	-178.79	4.12	0.26	749
dqn	TRAIN	9	314.5	133.4	-148.94	3.43	0.22	720
dqn	TRAIN	10	300.0	158.0	-107.59	2.59	0.19	881
dqn	HELDOUT	10	267.7	100.0	-129.81	3.13	0.19	825
dqn	HELDOUT	10	273.0	100.0	-121.26	3.07	0.19	848
dqn	HELDOUT	10	283.4	100.0	-108.04	2.72	0.20	928
dqn	HELDOUT_MEAN	10	274.7	100.0	0.00	0.00	0.00	0
dqn	TRAIN	11	303.8	170.2	-126.05	2.86	0.20	815
dqn	TRAIN	12	310.2	175.1	-107.60	2.52	0.19	935
dqn	TRAIN	13	311.5	169.0	-103.13	2.41	0.18	982
dqn	TRAIN	14	331.1	168.0	-123.57	2.70	0.18	953
dqn	TRAIN	15	322.2	161.6	-99.32	2.20	0.16	1088
dqn	TRAIN	16	306.5	154.9	-115.85	2.67	0.18	943
dqn	TRAIN	17	354.2	149.2	-108.86	2.30	0.17	1060
dqn	TRAIN	18	313.3	150.1	-98.95	2.21	0.16	1074
dqn	TRAIN	19	323.8	152.6	-100.49	2.20	0.17	1042
dqn	TRAIN	20	308.1	149.6	-76.05	1.75	0.15	1046
dqn	HELDOUT	20	287.3	100.0	-128.74	2.82	0.18	853
dqn	HELDOUT	20	283.5	100.0	-128.55	2.86	0.18	780
dqn	HELDOUT	20	281.9	100.0	-124.06	2.77	0.19	816
dqn	HELDOUT_MEAN	20	284.2	100.0	0.00	0.00	0.00	0
dqn	TRAIN	21	299.5	147.1	-84.97	1.89	0.15	1083
dqn	TRAIN	22	290.0	142.3	-68.71	1.57	0.15	1211
dqn	TRAIN	23	291.4	136.8	-83.30	2.02	0.15	1190
dqn	TRAIN	24	294.1	139.1	-82.58	1.89	0.15	1108
dqn	TRAIN	25	296.4	140.1	-75.94	1.68	0.15	1238
dqn	TRAIN	26	282.5	139.2	-65.58	1.52	0.14	1245
dqn	TRAIN	27	288.3	136.6	-85.28	1.94	0.15	1208
dqn	TRAIN	28	294.6	137.7	-61.74	1.45	0.14	1254
dqn	TRAIN	29	288.9	130.3	-74.90	1.73	0.14	1234
dqn	TRAIN	30	306.4	131.7	-73.15	1.63	0.14	1199
dqn	HELDOUT	30	281.4	100.0	-55.91	1.42	0.14	1234
dqn	HELDOUT	30	301.2	100.0	-71.79	1.77	0.15	1202
dqn	HELDOUT	30	283.5	100.0	-93.91	2.10	0.16	1191
dqn	HELDOUT_MEAN	30	288.7	100.0	0.00	0.00	0.00	0
dqn	TRAIN	31	290.1	131.2	-51.24	1.23	0.14	1253
dqn	TRAIN	32	297.8	131.0	-81.34	1.73	0.15	1298
dqn	TRAIN	33	287.9	128.6	-88.55	2.04	0.15	1152
dqn	TRAIN	34	304.3	130.7	-96.47	1.97	0.15	1070
dqn	TRAIN	35	308.9	133.6	-57.69	1.37	0.14	1327
dqn	TRAIN	36	294.2	134.8	-93.50	1.96	0.15	1268
dqn	TRAIN	37	287.9	134.0	-74.65	1.63	0.15	1313
dqn	TRAIN	38	285.1	138.8	-76.16	1.70	0.14	1225
dqn	TRAIN	39	312.9	136.4	-72.72	1.65	0.14	1261
dqn	TRAIN	40	307.5	133.8	-66.58	1.63	0.14	1233
dqn	HELDOUT	40	271.6	100.0	-56.69	1.28	0.13	1408
dqn	HELDOUT	40	325.4	100.0	-61.61	1.42	0.13	1372
dqn	HELDOUT	40	284.9	100.0	-83.45	1.79	0.14	1247
dqn	HELDOUT_MEAN	40	294.0	100.0	0.00	0.00	0.00	0
dqn	TRAIN	41	297.1	134.6	-66.18	1.50	0.14	1306
dqn	TRAIN	42	299.2	135.2	-88.16	1.80	0.14	1248
dqn	TRAIN	43	290.5	138.1	-80.92	1.88	0.14	1325
dqn	TRAIN	44	288.3	144.7	-60.80	1.53	0.13	1282
dqn	TRAIN	45	278.2	145.3	-55.93	1.29	0.13	1407
dqn	TRAIN	46	291.7	139.3	-69.09	1.58	0.13	1320
dqn	TRAIN	47	298.8	126.1	-112.92	2.57	0.16	1179
dqn	TRAIN	48	286.6	126.5	-59.47	1.32	0.13	1321
dqn	TRAIN	49	288.9	125.3	-58.79	1.36	0.13	1337
dqn	TRAIN	50	283.3	122.9	-71.50	1.62	0.13	1250
dqn	HELDOUT	50	310.7	100.0	-108.95	2.32	0.15	1136
dqn	HELDOUT	50	324.7	100.0	-127.63	2.70	0.16	989
dqn	HELDOUT	50	312.4	100.0	-107.03	2.24	0.16	1074
dqn	HELDOUT_MEAN	50	315.9	100.0	0.00	0.00	0.00	0
dqn	TRAIN	51	321.9	123.2	-89.45	1.87	0.15	1166
dqn	TRAIN	52	272.2	125.4	-66.47	1.50	0.14	1317
dqn	TRAIN	53	302.8	124.2	-87.22	2.08	0.14	1220
dqn	TRAIN	54	305.5	126.9	-78.37	1.66	0.13	1289
dqn	TRAIN	55	308.1	124.9	-96.70	2.09	0.15	1174
dqn	TRAIN	56	286.3	125.1	-58.07	1.42	0.13	1374
dqn	TRAIN	57	302.8	128.9	-81.36	1.79	0.14	1327
dqn	TRAIN	58	306.0	132.4	-69.48	1.56	0.13	1288
dqn	TRAIN	59	300.0	129.3	-70.35	1.72	0.14	1308
dqn	HELDOUT	500	256.1	100.0	-96.12	2.37	0.18	889
dqn	HELDOUT	500	267.0	100.0	-98.83	2.49	0.19	919
dqn	HELDOUT	500	271.3	100.0	-81.77	2.01	0.19	941
dqn	HELDOUT_MEAN	500	264.8	100.0	0.00	0.00	0.00	0
dqn	HELDOUT	10	256.1	100.0	-96.12	2.37	0.18	889
dqn	HELDOUT	10	267.0	100.0	-98.83	2.49	0.19	919
dqn	HELDOUT	10	271.3	100.0	-81.77	2.01	0.19	941
dqn	HELDOUT_MEAN	10	264.8	100.0	0.00	0.00	0.00	0
