colight	TRAIN	0	256.5	0.0	-37.73	1.23	0.05	1429
colight	TEST	0	807.0	100.0	-351.04	10.99	0.16	586
colight	TRAIN	1	253.3	0.0	-36.58	1.20	0.05	1427
colight	TEST	1	807.0	100.0	-351.04	10.99	0.16	586
colight	TRAIN	2	254.2	0.4	-36.03	1.18	0.05	1431
colight	TEST	2	707.4	100.0	-356.33	11.16	0.17	524
colight	TRAIN	3	238.1	0.8	-30.62	1.01	0.05	1434
colight	TEST	3	511.5	100.0	-223.38	7.01	0.14	903
colight	TRAIN	4	225.7	0.7	-25.82	0.86	0.05	1435
colight	TEST	4	467.2	100.0	-182.66	5.74	0.13	1007
colight	TRAIN	5	207.0	0.9	-17.91	0.61	0.04	1446
colight	TEST	5	230.5	100.0	-43.66	1.40	0.04	1348
colight	TRAIN	6	195.3	0.4	-13.05	0.45	0.03	1447
colight	TEST	6	191.3	100.0	-8.57	0.30	0.02	1445
colight	TRAIN	7	192.9	0.3	-11.93	0.42	0.03	1443
colight	TEST	7	187.1	100.0	-7.04	0.25	0.02	1442
colight	TRAIN	8	188.4	0.3	-10.33	0.37	0.03	1446
colight	TEST	8	184.5	100.0	-6.61	0.24	0.02	1445
colight	TRAIN	9	188.2	0.2	-9.32	0.33	0.02	1444
colight	TEST	9	185.0	100.0	-6.71	0.24	0.02	1444
colight	TRAIN	10	185.5	0.3	-8.57	0.31	0.02	1446
colight	TEST	10	185.6	100.0	-6.79	0.24	0.02	1444
colight	TRAIN	11	185.9	0.2	-8.09	0.29	0.02	1444
colight	TEST	11	187.4	100.0	-6.66	0.24	0.02	1445
colight	TRAIN	12	186.0	0.3	-7.99	0.29	0.02	1443
colight	TEST	12	184.2	100.0	-6.65	0.24	0.02	1443
colight	TRAIN	13	185.6	0.2	-7.72	0.28	0.02	1446
colight	TEST	13	186.8	100.0	-6.88	0.25	0.02	1444
colight	TRAIN	14	184.1	0.2	-7.30	0.27	0.02	1444
colight	TEST	14	185.6	100.0	-6.62	0.24	0.02	1444
colight	TRAIN	15	186.1	0.2	-7.67	0.28	0.02	1447
colight	TEST	15	183.7	100.0	-6.44	0.23	0.02	1443
colight	TRAIN	16	185.7	0.2	-7.55	0.27	0.02	1445
colight	TEST	16	185.3	100.0	-6.81	0.25	0.02	1443
colight	TRAIN	17	183.7	0.2	-6.88	0.25	0.02	1447
colight	TEST	17	183.6	100.0	-6.45	0.23	0.02	1445
colight	TRAIN	18	183.4	0.2	-6.81	0.25	0.02	1440
colight	TEST	18	184.0	100.0	-6.56	0.24	0.02	1444
colight	TRAIN	19	184.6	0.2	-7.11	0.26	0.02	1443
colight	TEST	19	184.3	100.0	-6.79	0.24	0.02	1443
colight	TRAIN	20	184.1	0.3	-7.06	0.26	0.02	1441
colight	TEST	20	185.1	100.0	-6.86	0.25	0.02	1446
colight	TRAIN	21	183.7	0.2	-7.09	0.26	0.02	1444
colight	TEST	21	184.3	100.0	-6.62	0.24	0.02	1445
colight	TRAIN	22	184.7	0.2	-6.96	0.25	0.02	1442
colight	TEST	22	184.6	100.0	-6.96	0.25	0.02	1442
colight	TRAIN	23	183.9	0.2	-6.95	0.25	0.02	1444
colight	TEST	23	184.4	100.0	-6.90	0.25	0.02	1443
colight	TRAIN	24	182.7	0.2	-6.82	0.25	0.02	1443
colight	TEST	24	184.4	100.0	-6.80	0.24	0.02	1443
colight	TRAIN	25	185.1	0.2	-7.66	0.27	0.02	1443
colight	TEST	25	184.9	100.0	-6.68	0.24	0.02	1447
colight	TRAIN	26	183.6	0.2	-6.76	0.24	0.02	1445
colight	TEST	26	184.9	100.0	-6.87	0.25	0.02	1447
colight	TRAIN	27	183.4	0.2	-7.08	0.26	0.02	1445
colight	TEST	27	185.2	100.0	-7.24	0.26	0.02	1444
colight	TRAIN	28	182.5	0.2	-6.49	0.23	0.02	1444
colight	TEST	28	184.2	100.0	-7.30	0.26	0.02	1445
colight	TRAIN	29	183.3	0.2	-7.09	0.25	0.02	1445
colight	TEST	29	183.9	100.0	-6.97	0.25	0.02	1445
colight	TRAIN	30	183.3	0.2	-6.79	0.25	0.02	1445
colight	TEST	30	183.7	100.0	-7.14	0.26	0.02	1444
colight	TRAIN	31	182.6	0.2	-6.89	0.25	0.02	1443
colight	TEST	31	185.0	100.0	-7.23	0.26	0.02	1443
colight	TRAIN	32	183.6	0.2	-7.03	0.25	0.02	1445
colight	TEST	32	183.9	100.0	-6.77	0.25	0.02	1442
colight	TRAIN	33	184.5	0.2	-7.19	0.26	0.02	1446
colight	TEST	33	181.7	100.0	-6.63	0.24	0.02	1442
colight	TRAIN	34	184.0	0.2	-6.73	0.25	0.02	1445
colight	TEST	34	183.6	100.0	-6.58	0.24	0.02	1444
colight	TRAIN	35	183.7	0.2	-6.91	0.25	0.02	1444
colight	TEST	35	183.6	100.0	-6.89	0.25	0.02	1443
colight	TRAIN	36	184.1	0.2	-7.19	0.26	0.02	1444
colight	TEST	36	185.2	100.0	-6.84	0.25	0.02	1444
colight	TRAIN	37	184.5	0.2	-6.78	0.25	0.02	1445
colight	TEST	37	184.5	100.0	-6.90	0.25	0.02	1444
colight	TRAIN	38	184.1	0.2	-7.16	0.26	0.02	1445
colight	TEST	38	183.5	100.0	-6.90	0.25	0.02	1444
colight	TRAIN	39	184.0	0.2	-7.20	0.26	0.02	1446
colight	TEST	39	184.8	100.0	-7.15	0.26	0.02	1444
colight	TRAIN	40	184.4	0.2	-7.13	0.26	0.02	1444
colight	TEST	40	184.3	100.0	-7.09	0.26	0.02	1445
colight	TRAIN	41	183.5	0.2	-6.97	0.25	0.02	1444
colight	TEST	41	186.1	100.0	-7.70	0.28	0.02	1443
colight	TRAIN	42	183.6	0.3	-7.04	0.25	0.02	1443
colight	TEST	42	185.2	100.0	-7.20	0.26	0.02	1444
colight	TRAIN	43	184.8	0.2	-7.04	0.25	0.02	1443
colight	TEST	43	185.1	100.0	-7.15	0.26	0.02	1445
colight	TRAIN	44	182.9	0.2	-6.91	0.25	0.02	1444
colight	TEST	44	182.9	100.0	-6.94	0.25	0.02	1443
colight	TRAIN	45	184.0	0.2	-6.95	0.25	0.02	1445
colight	TEST	45	184.8	100.0	-7.29	0.26	0.02	1444
colight	TRAIN	46	183.4	0.2	-7.05	0.26	0.02	1446
colight	TEST	46	183.6	100.0	-6.90	0.25	0.02	1443
colight	TRAIN	47	183.3	0.2	-6.92	0.25	0.02	1446
colight	TEST	47	182.3	100.0	-6.75	0.24	0.02	1444
colight	TRAIN	48	185.0	0.2	-7.38	0.26	0.02	1445
colight	TEST	48	184.5	100.0	-7.46	0.27	0.02	1443
colight	TRAIN	49	183.4	0.2	-7.17	0.26	0.02	1446
colight	TEST	49	183.4	100.0	-6.90	0.25	0.02	1443
colight	TRAIN	50	182.3	0.2	-6.68	0.24	0.02	1445
colight	TEST	50	184.6	100.0	-7.02	0.25	0.02	1444
colight	TRAIN	51	182.9	0.2	-6.95	0.25	0.02	1443
colight	TEST	51	183.8	100.0	-6.77	0.24	0.02	1445
colight	TRAIN	52	181.6	0.2	-6.74	0.24	0.02	1446
colight	TEST	52	183.6	100.0	-6.81	0.24	0.02	1442
colight	TRAIN	53	184.5	0.2	-7.16	0.26	0.02	1444
colight	TEST	53	184.1	100.0	-6.97	0.25	0.02	1445
colight	TRAIN	54	183.0	0.2	-6.83	0.25	0.02	1445
colight	TEST	54	183.3	100.0	-6.96	0.25	0.02	1447
colight	TRAIN	55	183.3	0.2	-6.72	0.24	0.02	1443
colight	TEST	55	184.1	100.0	-7.22	0.26	0.02	1444
colight	TRAIN	56	185.6	0.2	-7.48	0.27	0.02	1444
colight	TEST	56	183.3	100.0	-6.61	0.24	0.02	1444
colight	TRAIN	57	183.3	0.2	-6.66	0.24	0.02	1443
colight	TEST	57	182.5	100.0	-6.78	0.25	0.02	1444
colight	TRAIN	58	184.4	0.2	-6.71	0.24	0.02	1443
colight	TEST	58	185.1	100.0	-7.06	0.25	0.02	1442
colight	TRAIN	59	183.4	0.2	-7.22	0.26	0.02	1445
colight	TEST	59	183.6	100.0	-6.37	0.23	0.02	1445
colight	TRAIN	60	183.2	0.2	-6.65	0.24	0.02	1445
colight	TEST	60	183.4	100.0	-6.76	0.24	0.02	1447
colight	TRAIN	61	182.9	0.2	-6.74	0.24	0.02	1443
colight	TEST	61	182.2	100.0	-6.64	0.24	0.02	1444
colight	TRAIN	62	182.2	0.2	-6.64	0.24	0.02	1445
colight	TEST	62	183.8	100.0	-6.96	0.25	0.02	1446
colight	TRAIN	63	182.9	0.1	-7.01	0.25	0.02	1444
colight	TEST	63	182.5	100.0	-6.67	0.24	0.02	1444
colight	TRAIN	64	184.0	0.2	-7.01	0.25	0.02	1443
colight	TEST	64	183.8	100.0	-7.25	0.26	0.02	1444
colight	TRAIN	65	183.8	0.2	-6.55	0.24	0.02	1444
colight	TEST	65	183.4	100.0	-6.91	0.25	0.02	1444
colight	TRAIN	66	182.6	0.2	-6.87	0.25	0.02	1445
colight	TEST	66	183.7	100.0	-6.81	0.24	0.02	1443
colight	TRAIN	67	182.0	0.2	-6.47	0.23	0.02	1444
colight	TEST	67	183.8	100.0	-7.59	0.27	0.02	1445
colight	TRAIN	68	184.4	0.2	-6.85	0.25	0.02	1442
colight	TEST	68	182.9	100.0	-6.98	0.25	0.02	1442
colight	TRAIN	69	183.1	0.2	-6.58	0.24	0.02	1446
colight	TEST	69	183.4	100.0	-6.77	0.24	0.02	1444
colight	TRAIN	70	183.7	0.2	-7.20	0.26	0.02	1442
colight	TEST	70	183.4	100.0	-6.87	0.25	0.02	1444
colight	TRAIN	71	182.5	0.2	-6.56	0.24	0.02	1442
colight	TEST	71	183.4	100.0	-6.85	0.24	0.02	1445
colight	TRAIN	72	183.4	0.2	-7.01	0.25	0.02	1443
colight	TEST	72	183.9	100.0	-7.16	0.26	0.02	1445
colight	TRAIN	73	184.8	0.2	-7.41	0.26	0.02	1446
colight	TEST	73	185.0	100.0	-7.28	0.26	0.02	1446
colight	TRAIN	74	182.6	0.2	-6.76	0.25	0.02	1447
colight	TEST	74	183.4	100.0	-7.05	0.26	0.02	1443
colight	TRAIN	75	184.7	0.2	-7.31	0.26	0.02	1445
colight	TEST	75	181.9	100.0	-6.35	0.23	0.02	1443
colight	TRAIN	76	185.1	0.2	-7.21	0.26	0.02	1444
colight	TEST	76	183.5	100.0	-6.78	0.24	0.02	1446
colight	TRAIN	77	185.0	0.2	-7.69	0.27	0.02	1445
colight	TEST	77	185.1	100.0	-7.10	0.25	0.02	1444
colight	TRAIN	78	183.3	0.2	-6.79	0.24	0.02	1445
colight	TEST	78	182.9	100.0	-6.80	0.24	0.02	1443
colight	TRAIN	79	184.2	0.2	-7.10	0.25	0.02	1442
colight	TEST	79	183.7	100.0	-6.80	0.24	0.02	1445
colight	TRAIN	80	184.1	0.2	-6.88	0.25	0.02	1446
colight	TEST	80	183.4	100.0	-7.15	0.26	0.02	1443
colight	TRAIN	81	183.5	0.2	-7.27	0.26	0.02	1443
colight	TEST	81	182.8	100.0	-6.73	0.24	0.02	1444
colight	TRAIN	82	183.4	0.2	-6.77	0.25	0.02	1444
colight	TEST	82	182.6	100.0	-6.71	0.24	0.02	1443
colight	TRAIN	83	183.1	0.2	-6.96	0.25	0.02	1441
colight	TEST	83	183.2	100.0	-7.02	0.25	0.02	1444
colight	TRAIN	84	183.0	0.2	-7.19	0.26	0.02	1442
colight	TEST	84	184.8	100.0	-7.25	0.26	0.02	1444
colight	TRAIN	85	184.5	0.2	-7.16	0.26	0.02	1447
colight	TEST	85	184.2	100.0	-7.46	0.27	0.02	1444
colight	TRAIN	86	183.4	0.2	-6.97	0.25	0.02	1447
colight	TEST	86	183.9	100.0	-7.28	0.26	0.02	1446
colight	TRAIN	87	185.1	0.2	-7.33	0.26	0.02	1444
colight	TEST	87	183.8	100.0	-7.28	0.26	0.02	1444
colight	TRAIN	88	184.4	0.2	-7.05	0.25	0.02	1444
colight	TEST	88	184.3	100.0	-7.12	0.25	0.02	1444
colight	TRAIN	89	183.5	0.2	-7.42	0.27	0.02	1446
colight	TEST	89	184.1	100.0	-7.22	0.26	0.02	1448
colight	TRAIN	90	183.3	0.2	-7.56	0.27	0.02	1446
colight	TEST	90	183.5	100.0	-6.95	0.25	0.02	1444
colight	TRAIN	91	183.9	0.2	-7.47	0.27	0.02	1447
colight	TEST	91	183.9	100.0	-7.27	0.26	0.02	1445
colight	TRAIN	92	181.3	0.2	-6.85	0.25	0.02	1445
colight	TEST	92	183.8	100.0	-7.48	0.27	0.02	1446
colight	TRAIN	93	183.7	0.2	-7.42	0.27	0.02	1448
colight	TEST	93	182.5	100.0	-7.03	0.25	0.02	1446
colight	TRAIN	94	181.6	0.2	-6.48	0.24	0.02	1446
colight	TEST	94	183.1	100.0	-7.20	0.26	0.02	1445
colight	TRAIN	95	183.7	0.1	-7.15	0.26	0.02	1444
colight	TEST	95	185.2	100.0	-7.37	0.26	0.02	1447
colight	TRAIN	96	183.7	0.2	-7.59	0.27	0.02	1444
colight	TEST	96	181.5	100.0	-7.00	0.25	0.02	1445
colight	TRAIN	97	184.7	0.2	-7.53	0.27	0.02	1443
colight	TEST	97	182.5	100.0	-6.97	0.25	0.02	1443
colight	TRAIN	98	183.4	0.2	-7.19	0.26	0.02	1447
colight	TEST	98	184.8	100.0	-7.40	0.26	0.02	1446
colight	TRAIN	99	185.3	0.2	-7.62	0.27	0.02	1446
colight	TEST	99	183.2	100.0	-6.89	0.25	0.02	1442
colight	TRAIN	100	183.7	0.2	-7.31	0.26	0.02	1447
colight	TEST	100	182.7	100.0	-7.21	0.26	0.02	1446
colight	TRAIN	101	184.0	0.2	-7.35	0.26	0.02	1443
colight	TEST	101	183.8	100.0	-7.21	0.26	0.02	1445
colight	TRAIN	102	183.0	0.1	-7.25	0.26	0.02	1444
colight	TEST	102	184.7	100.0	-7.74	0.28	0.02	1443
colight	TRAIN	103	183.4	0.2	-7.10	0.25	0.02	1446
colight	TEST	103	184.3	100.0	-7.23	0.26	0.02	1447
colight	TRAIN	104	183.7	0.2	-7.14	0.26	0.02	1445
colight	TEST	104	183.2	100.0	-7.31	0.26	0.02	1444
colight	TRAIN	105	183.3	0.2	-7.37	0.27	0.02	1447
colight	TEST	105	183.7	100.0	-7.06	0.25	0.02	1444
colight	TRAIN	106	183.4	0.2	-7.52	0.27	0.02	1446
colight	TEST	106	184.5	100.0	-7.78	0.27	0.02	1443
colight	TRAIN	107	184.9	0.2	-7.43	0.27	0.02	1445
colight	TEST	107	184.6	100.0	-7.44	0.27	0.02	1443
colight	TRAIN	108	184.8	0.2	-7.37	0.27	0.02	1443
colight	TEST	108	184.4	100.0	-7.62	0.27	0.02	1445
colight	TRAIN	109	183.1	0.2	-7.36	0.26	0.02	1442
colight	TEST	109	183.4	100.0	-7.03	0.25	0.02	1445
colight	TRAIN	110	183.7	0.2	-7.24	0.26	0.02	1445
colight	TEST	110	184.4	100.0	-7.08	0.26	0.02	1445
colight	TRAIN	111	184.9	0.2	-7.66	0.28	0.02	1446
colight	TEST	111	183.6	100.0	-7.15	0.26	0.02	1444
colight	TRAIN	112	184.1	0.2	-7.35	0.26	0.02	1443
colight	TEST	112	185.1	100.0	-7.51	0.27	0.02	1445
colight	TRAIN	113	183.4	0.2	-7.42	0.27	0.02	1442
colight	TEST	113	184.8	100.0	-7.18	0.26	0.02	1444
colight	TRAIN	114	183.9	0.2	-7.55	0.27	0.02	1447
colight	TEST	114	183.3	100.0	-6.86	0.25	0.02	1445
colight	TRAIN	115	183.9	0.2	-7.71	0.28	0.02	1445
colight	TEST	115	184.0	100.0	-6.91	0.25	0.02	1443
colight	TRAIN	116	184.0	0.2	-7.68	0.27	0.02	1445
colight	TEST	116	184.0	100.0	-7.35	0.26	0.02	1443
colight	TRAIN	117	183.4	0.2	-6.90	0.25	0.02	1446
colight	TEST	117	183.7	100.0	-7.48	0.27	0.02	1444
colight	TRAIN	118	183.8	0.2	-7.37	0.26	0.02	1447
colight	TEST	118	183.6	100.0	-6.98	0.25	0.02	1441
colight	TRAIN	119	184.7	0.2	-7.29	0.26	0.02	1445
colight	TEST	119	183.7	100.0	-7.38	0.26	0.02	1446
colight	TRAIN	120	182.5	0.2	-6.72	0.24	0.02	1444
colight	TEST	120	184.6	100.0	-7.74	0.28	0.02	1444
colight	TRAIN	121	184.1	0.2	-7.21	0.26	0.02	1446
colight	TEST	121	184.1	100.0	-7.29	0.26	0.02	1446
colight	TRAIN	122	184.3	0.2	-7.23	0.26	0.02	1443
colight	TEST	122	184.3	100.0	-7.39	0.27	0.02	1444
colight	TRAIN	123	184.1	0.2	-7.38	0.27	0.02	1445
colight	TEST	123	184.3	100.0	-7.46	0.27	0.02	1443
colight	TRAIN	124	185.0	0.2	-7.54	0.27	0.02	1442
colight	TEST	124	183.7	100.0	-7.44	0.27	0.02	1442
colight	TRAIN	125	184.2	0.2	-7.45	0.27	0.02	1445
colight	TEST	125	184.6	100.0	-7.25	0.26	0.02	1446
colight	TRAIN	126	185.4	0.2	-7.91	0.28	0.02	1442
colight	TEST	126	183.3	100.0	-6.89	0.25	0.02	1444
colight	TRAIN	127	183.6	0.2	-7.15	0.26	0.02	1442
colight	TEST	127	184.8	100.0	-7.53	0.27	0.02	1447
colight	TRAIN	128	183.3	0.2	-7.06	0.25	0.02	1444
colight	TEST	128	185.0	100.0	-7.65	0.27	0.02	1444
colight	TRAIN	129	185.0	0.2	-7.32	0.26	0.02	1444
colight	TEST	129	182.7	100.0	-7.09	0.25	0.02	1443
colight	TRAIN	130	184.2	0.2	-7.67	0.27	0.02	1448
colight	TEST	130	183.0	100.0	-7.00	0.25	0.02	1443
colight	TRAIN	131	184.0	0.2	-6.88	0.25	0.02	1443
colight	TEST	131	183.4	100.0	-7.21	0.26	0.02	1446
colight	TRAIN	132	184.0	0.2	-7.23	0.26	0.02	1445
colight	TEST	132	182.6	100.0	-7.37	0.26	0.02	1445
colight	TRAIN	133	183.1	0.2	-7.35	0.26	0.02	1443
colight	TEST	133	184.1	100.0	-7.34	0.26	0.02	1442
colight	TRAIN	134	183.6	0.2	-7.22	0.26	0.02	1443
colight	TEST	134	184.0	100.0	-7.20	0.26	0.02	1443
colight	TRAIN	135	182.7	0.2	-6.98	0.25	0.02	1444
colight	TEST	135	184.5	100.0	-7.36	0.26	0.02	1443
colight	TRAIN	136	183.9	0.2	-7.69	0.27	0.02	1446
colight	TEST	136	184.3	100.0	-7.63	0.27	0.02	1443
colight	TRAIN	137	183.5	0.2	-6.90	0.25	0.02	1446
colight	TEST	137	183.2	100.0	-7.08	0.26	0.02	1445
colight	TRAIN	138	184.0	0.2	-7.60	0.27	0.02	1444
colight	TEST	138	183.0	100.0	-7.14	0.26	0.02	1445
colight	TRAIN	139	183.3	0.2	-7.49	0.27	0.02	1445
colight	TEST	139	183.1	100.0	-6.94	0.25	0.02	1445
colight	TRAIN	140	183.1	0.2	-7.38	0.26	0.02	1443
colight	TEST	140	183.2	100.0	-7.42	0.26	0.02	1447
colight	TRAIN	141	184.1	0.2	-7.51	0.27	0.02	1444
colight	TEST	141	184.0	100.0	-7.32	0.26	0.02	1442
colight	TRAIN	142	183.3	0.1	-7.43	0.27	0.02	1444
colight	TEST	142	183.5	100.0	-7.35	0.26	0.02	1446
colight	TRAIN	143	183.6	0.2	-7.24	0.26	0.02	1446
colight	TEST	143	183.7	100.0	-7.54	0.27	0.02	1446
colight	TRAIN	144	184.5	0.2	-7.68	0.28	0.02	1444
colight	TEST	144	184.2	100.0	-7.22	0.26	0.02	1447
colight	TRAIN	145	183.2	0.2	-7.33	0.27	0.02	1447
colight	TEST	145	185.2	100.0	-7.47	0.27	0.02	1443
colight	TRAIN	146	183.9	0.1	-7.31	0.26	0.02	1446
colight	TEST	146	183.6	100.0	-7.31	0.26	0.02	1445
colight	TRAIN	147	184.3	0.1	-7.63	0.27	0.02	1443
colight	TEST	147	184.1	100.0	-7.12	0.26	0.02	1444
colight	TRAIN	148	184.0	0.2	-7.72	0.28	0.02	1447
colight	TEST	148	184.1	100.0	-7.05	0.26	0.02	1443
colight	TRAIN	149	183.3	0.2	-7.19	0.26	0.02	1443
colight	TEST	149	184.2	100.0	-7.09	0.25	0.02	1442
colight	TRAIN	150	183.0	0.2	-7.37	0.26	0.02	1447
colight	TEST	150	185.3	100.0	-7.67	0.27	0.02	1442
colight	TRAIN	151	183.9	0.2	-7.26	0.26	0.02	1448
colight	TEST	151	183.6	100.0	-7.41	0.27	0.02	1445
colight	TRAIN	152	183.6	0.2	-7.35	0.26	0.02	1446
colight	TEST	152	183.2	100.0	-6.78	0.24	0.02	1446
colight	TRAIN	153	184.1	0.2	-7.54	0.27	0.02	1443
colight	TEST	153	184.9	100.0	-7.31	0.26	0.02	1443
colight	TRAIN	154	183.8	0.2	-7.56	0.27	0.02	1445
colight	TEST	154	183.6	100.0	-7.21	0.26	0.02	1444
colight	TRAIN	155	183.2	0.2	-7.14	0.26	0.02	1443
colight	TEST	155	183.9	100.0	-7.70	0.28	0.02	1447
colight	TRAIN	156	183.2	0.2	-7.28	0.26	0.02	1446
colight	TEST	156	182.4	100.0	-7.06	0.26	0.02	1444
colight	TRAIN	157	184.2	0.2	-7.64	0.27	0.02	1447
colight	TEST	157	182.7	100.0	-7.36	0.26	0.02	1444
colight	TRAIN	158	182.8	0.2	-7.53	0.27	0.02	1448
colight	TEST	158	182.9	100.0	-7.38	0.26	0.02	1448
colight	TRAIN	159	184.1	0.2	-7.61	0.27	0.02	1445
colight	TEST	159	184.4	100.0	-7.47	0.27	0.02	1444
colight	TRAIN	160	183.8	0.2	-7.50	0.27	0.02	1444
colight	TEST	160	183.5	100.0	-7.03	0.25	0.02	1445
colight	TRAIN	161	183.0	0.2	-7.32	0.26	0.02	1446
colight	TEST	161	184.1	100.0	-7.28	0.26	0.02	1446
colight	TRAIN	162	184.8	0.1	-7.67	0.28	0.02	1446
colight	TEST	162	183.9	100.0	-7.29	0.26	0.02	1448
colight	TRAIN	163	184.1	0.2	-7.55	0.27	0.02	1444
colight	TEST	163	183.5	100.0	-7.23	0.26	0.02	1448
colight	TRAIN	164	182.9	0.2	-7.27	0.26	0.02	1446
colight	TEST	164	184.9	100.0	-7.50	0.27	0.02	1444
colight	TRAIN	165	184.0	0.2	-7.66	0.27	0.02	1444
colight	TEST	165	186.0	100.0	-7.64	0.28	0.02	1445
colight	TRAIN	166	182.2	0.2	-7.09	0.26	0.02	1448
colight	TEST	166	184.1	100.0	-7.61	0.27	0.02	1445
colight	TRAIN	167	183.9	0.2	-7.14	0.26	0.02	1448
colight	TEST	167	184.7	100.0	-7.59	0.27	0.02	1445
colight	TRAIN	168	183.9	0.2	-7.48	0.27	0.02	1447
colight	TEST	168	182.9	100.0	-7.14	0.25	0.02	1446
colight	TRAIN	169	183.1	0.2	-7.11	0.26	0.02	1444
colight	TEST	169	185.0	100.0	-7.75	0.28	0.02	1445
colight	TRAIN	170	185.1	0.2	-7.69	0.27	0.02	1446
colight	TEST	170	183.4	100.0	-7.08	0.25	0.02	1446
colight	TRAIN	171	182.8	0.1	-7.42	0.27	0.02	1447
colight	TEST	171	184.3	100.0	-7.37	0.26	0.02	1446
colight	TRAIN	172	183.1	0.1	-7.14	0.25	0.02	1444
colight	TEST	172	182.8	100.0	-7.20	0.26	0.02	1445
colight	TRAIN	173	184.4	0.2	-7.46	0.27	0.02	1445
colight	TEST	173	182.8	100.0	-7.02	0.25	0.02	1448
colight	TRAIN	174	182.1	0.2	-7.54	0.27	0.02	1443
colight	TEST	174	182.9	100.0	-7.07	0.26	0.02	1445
colight	TRAIN	175	183.5	0.2	-7.39	0.27	0.02	1446
colight	TEST	175	183.9	100.0	-7.87	0.28	0.02	1443
colight	TRAIN	176	184.0	0.2	-7.59	0.27	0.02	1446
colight	TEST	176	183.2	100.0	-7.34	0.26	0.02	1444
colight	TRAIN	177	183.5	0.1	-7.30	0.27	0.02	1446
colight	TEST	177	184.3	100.0	-7.60	0.27	0.02	1447
colight	TRAIN	178	184.3	0.2	-7.69	0.28	0.02	1447
colight	TEST	178	181.8	100.0	-7.33	0.26	0.02	1444
colight	TRAIN	179	185.1	0.2	-7.62	0.27	0.02	1444
colight	TEST	179	183.6	100.0	-7.20	0.26	0.02	1444
colight	TRAIN	180	184.4	0.1	-7.61	0.27	0.02	1446
colight	TEST	180	184.2	100.0	-7.57	0.27	0.02	1443
colight	TRAIN	181	185.9	0.1	-7.65	0.27	0.02	1444
colight	TEST	181	183.5	100.0	-7.31	0.26	0.02	1448
colight	TRAIN	182	184.8	0.2	-7.99	0.28	0.02	1444
colight	TEST	182	184.5	100.0	-7.84	0.28	0.02	1449
colight	TRAIN	183	184.6	0.2	-7.48	0.27	0.02	1443
colight	TEST	183	184.9	100.0	-7.68	0.28	0.02	1445
colight	TRAIN	184	183.9	0.2	-7.49	0.27	0.02	1445
colight	TEST	184	184.1	100.0	-7.34	0.27	0.02	1445
colight	TRAIN	185	182.7	0.2	-7.29	0.26	0.02	1446
colight	TEST	185	182.7	100.0	-7.19	0.26	0.02	1443
colight	TRAIN	186	184.3	0.2	-7.11	0.26	0.02	1444
colight	TEST	186	183.0	100.0	-7.46	0.27	0.02	1445
colight	TRAIN	187	184.2	0.2	-7.60	0.27	0.02	1445
colight	TEST	187	185.6	100.0	-7.38	0.27	0.02	1445
colight	TRAIN	188	182.9	0.2	-7.60	0.27	0.02	1445
colight	TEST	188	183.6	100.0	-7.41	0.27	0.02	1444
colight	TRAIN	189	184.4	0.2	-7.86	0.28	0.02	1444
colight	TEST	189	182.9	100.0	-7.01	0.25	0.02	1445
colight	TRAIN	190	185.6	0.1	-7.81	0.28	0.02	1442
colight	TEST	190	184.5	100.0	-7.45	0.27	0.02	1445
colight	TRAIN	191	182.6	0.1	-7.08	0.26	0.02	1446
colight	TEST	191	183.9	100.0	-7.40	0.27	0.02	1446
colight	TRAIN	192	183.9	0.1	-7.49	0.27	0.02	1443
colight	TEST	192	184.8	100.0	-7.40	0.27	0.02	1442
colight	TRAIN	193	183.2	0.1	-7.45	0.27	0.02	1444
colight	TEST	193	184.0	100.0	-7.33	0.27	0.02	1442
colight	TRAIN	194	184.8	0.1	-7.51	0.27	0.02	1445
colight	TEST	194	183.8	100.0	-7.52	0.27	0.02	1447
colight	TRAIN	195	183.6	0.2	-7.59	0.27	0.02	1444
colight	TEST	195	185.3	100.0	-7.58	0.27	0.02	1444
colight	TRAIN	196	182.5	0.2	-7.49	0.27	0.02	1448
colight	TEST	196	184.3	100.0	-7.69	0.28	0.02	1445
colight	TRAIN	197	182.7	0.2	-7.54	0.27	0.02	1441
colight	TEST	197	183.9	100.0	-7.54	0.27	0.02	1444
colight	TRAIN	198	184.4	0.1	-7.65	0.27	0.02	1444
colight	TEST	198	184.2	100.0	-7.23	0.26	0.02	1444
colight	TRAIN	199	184.2	0.1	-8.13	0.29	0.02	1445
colight	TEST	199	185.1	100.0	-7.58	0.27	0.02	1446
