step:3600/3600, q_loss:0, rewards:-45.751117621527776, queue:1.4943576388888888, delay:0.06191900571187337, throughput:1430
episode:0/200, real avg travel time:251.1083916083916
Test step:0/200, travel time :867.7634146341463, rewards:-467.8650173611111, queue:14.65451388888889, delay:0.16166326734754774, throughput:410
New best test ATT=867.7634 at episode 0 (saved model/best_*.pt)
step:3600/3600, q_loss:0, rewards:-48.118891059027774, queue:1.5689236111111111, delay:0.06376210318671333, throughput:1429
episode:1/200, real avg travel time:255.99160251924422
Test step:1/200, travel time :867.7634146341463, rewards:-467.8650173611111, queue:14.65451388888889, delay:0.16166326734754774, throughput:410
step:3600/3600, q_loss:0.9933027029037476, rewards:-60.06944444444444, queue:1.9387152777777779, delay:0.0755636003282335, throughput:1328
episode:2/200, real avg travel time:257.90060240963857
Test step:2/200, travel time :866.7367088607594, rewards:-469.72109375, queue:14.711545138888889, delay:0.1611085679796007, throughput:395
New best test ATT=866.7367 at episode 2 (saved model/best_*.pt)
step:3600/3600, q_loss:2.60652232170105, rewards:-206.01111111111112, queue:6.465017361111111, delay:0.13749252955118815, throughput:1279
episode:3/200, real avg travel time:619.7724784988272
Test step:3/200, travel time :787.5618221258135, rewards:-444.74110243055554, queue:13.933940972222222, delay:0.15648355484008789, throughput:461
New best test ATT=787.5618 at episode 3 (saved model/best_*.pt)
step:3600/3600, q_loss:10.496305465698242, rewards:-158.1752712673611, queue:4.976475694444445, delay:0.11715805265638564, throughput:1330
episode:4/200, real avg travel time:500.3541353383459
Test step:4/200, travel time :738.1844660194175, rewards:-411.6986111111111, queue:12.898524305555556, delay:0.1457617547776964, throughput:515
New best test ATT=738.1845 at episode 4 (saved model/best_*.pt)
step:3600/3600, q_loss:13.819609642028809, rewards:-127.24778645833334, queue:4.015625, delay:0.10803796980116102, throughput:1378
episode:5/200, real avg travel time:441.1298984034833
Test step:5/200, travel time :625.1532846715329, rewards:-377.3608506944444, queue:11.835677083333334, delay:0.1418372048272027, throughput:685
New best test ATT=625.1533 at episode 5 (saved model/best_*.pt)
step:3600/3600, q_loss:12.966479301452637, rewards:-93.69360894097223, queue:2.9730902777777777, delay:0.09804683261447483, throughput:1398
episode:6/200, real avg travel time:357.44349070100145
Test step:6/200, travel time :459.4821782178218, rewards:-229.47723524305556, queue:7.216840277777778, delay:0.1277022255791558, throughput:1010
New best test ATT=459.4822 at episode 6 (saved model/best_*.pt)
step:3600/3600, q_loss:10.676867485046387, rewards:-75.00944552951388, queue:2.3934027777777778, delay:0.09149364895290799, throughput:1414
episode:7/200, real avg travel time:317.7461103253182
Test step:7/200, travel time :424.04788732394366, rewards:-207.23415798611111, queue:6.523263888888889, delay:0.1207839224073622, throughput:1065
New best test ATT=424.0479 at episode 7 (saved model/best_*.pt)
step:3600/3600, q_loss:8.08227825164795, rewards:-61.99278428819444, queue:1.9907118055555555, delay:0.08407087326049804, throughput:1408
episode:8/200, real avg travel time:282.83735795454544
Test step:8/200, travel time :405.080615942029, rewards:-182.42890625, queue:5.7503472222222225, delay:0.10750971900092231, throughput:1104
New best test ATT=405.0806 at episode 8 (saved model/best_*.pt)
step:3600/3600, q_loss:6.021430015563965, rewards:-47.640559895833334, queue:1.5434027777777777, delay:0.07103507783677843, throughput:1437
episode:9/200, real avg travel time:259.4279749478079
Test step:9/200, travel time :331.7575039494471, rewards:-117.65972222222223, queue:3.728125, delay:0.08976399103800456, throughput:1266
New best test ATT=331.7575 at episode 9 (saved model/best_*.pt)
step:3600/3600, q_loss:4.549015522003174, rewards:-39.73416883680556, queue:1.2963541666666667, delay:0.06330214606391059, throughput:1442
episode:10/200, real avg travel time:241.0603328710125
Test step:10/200, travel time :268.00958702064895, rewards:-67.958056640625, queue:2.1792534722222223, delay:0.07839118109809028, throughput:1356
New best test ATT=268.0096 at episode 10 (saved model/best_*.pt)
step:3600/3600, q_loss:3.4993486404418945, rewards:-41.99305555555556, queue:1.371875, delay:0.061506292555067274, throughput:1426
episode:11/200, real avg travel time:231.55820476858344
Test step:11/200, travel time :262.8242424242424, rewards:-79.58805881076388, queue:2.545659722222222, delay:0.07171860800849067, throughput:1320
New best test ATT=262.8242 at episode 11 (saved model/best_*.pt)
step:3600/3600, q_loss:2.768120050430298, rewards:-34.423611111111114, queue:1.1369791666666667, delay:0.0551170031229655, throughput:1439
episode:12/200, real avg travel time:224.1014593467686
Test step:12/200, travel time :214.36643356643356, rewards:-34.540554470486114, queue:1.1375, delay:0.055543104807535805, throughput:1430
New best test ATT=214.3664 at episode 12 (saved model/best_*.pt)
step:3600/3600, q_loss:2.383201837539673, rewards:-31.879443359375, queue:1.0561631944444445, delay:0.050698476367526585, throughput:1433
episode:13/200, real avg travel time:211.59874389392883
Test step:13/200, travel time :217.67042253521126, rewards:-37.217220052083334, queue:1.2227430555555556, delay:0.054579607645670575, throughput:1420
step:3600/3600, q_loss:2.095284938812256, rewards:-26.65972222222222, queue:0.8932291666666666, delay:0.049162398444281684, throughput:1446
episode:14/200, real avg travel time:208.26763485477179
Test step:14/200, travel time :236.4185156847743, rewards:-74.12777235243055, queue:2.375607638888889, delay:0.05720809830559625, throughput:1307
step:3600/3600, q_loss:1.9931868314743042, rewards:-25.193055555555556, queue:0.8481770833333333, delay:0.04442010720570882, throughput:1449
episode:15/200, real avg travel time:205.78467908902692
Test step:15/200, travel time :202.17263157894737, rewards:-29.412776692708334, queue:0.9785590277777778, delay:0.046961005528767905, throughput:1425
New best test ATT=202.1726 at episode 15 (saved model/best_*.pt)
step:3600/3600, q_loss:1.794492483139038, rewards:-21.813054741753472, queue:0.7410590277777778, delay:0.041747811105516223, throughput:1445
episode:16/200, real avg travel time:195.41314878892734
Test step:16/200, travel time :244.64193083573488, rewards:-50.16221788194444, queue:1.6241319444444444, delay:0.0522627141740587, throughput:1388
step:3600/3600, q_loss:1.5318713188171387, rewards:-18.381108940972222, queue:0.6332465277777778, delay:0.03969084951612684, throughput:1452
episode:17/200, real avg travel time:190.48898071625345
Test step:17/200, travel time :187.9405255878285, rewards:-18.09583197699653, queue:0.6256076388888889, delay:0.03872051768832736, throughput:1446
New best test ATT=187.9405 at episode 17 (saved model/best_*.pt)
step:3600/3600, q_loss:1.1962761878967285, rewards:-17.172220865885418, queue:0.5933159722222222, delay:0.03907283147176107, throughput:1451
episode:18/200, real avg travel time:187.55754651964162
Test step:18/200, travel time :187.03241379310344, rewards:-16.901944986979167, queue:0.5847222222222223, delay:0.03911761972639296, throughput:1450
New best test ATT=187.0324 at episode 18 (saved model/best_*.pt)
step:3600/3600, q_loss:1.0100644826889038, rewards:-15.471663411458334, queue:0.5421006944444444, delay:0.03694941732618544, throughput:1451
episode:19/200, real avg travel time:183.27153687112337
Test step:19/200, travel time :182.88628532046863, rewards:-15.025275336371529, queue:0.5254340277777778, delay:0.036564270655314125, throughput:1451
New best test ATT=182.8863 at episode 19 (saved model/best_*.pt)
step:3600/3600, q_loss:0.7979872226715088, rewards:-15.676942274305556, queue:0.5461805555555556, delay:0.036857954661051434, throughput:1452
episode:20/200, real avg travel time:183.9042699724518
Test step:20/200, travel time :182.13733609385784, rewards:-15.051387532552083, queue:0.5269965277777777, delay:0.035560051600138344, throughput:1449
New best test ATT=182.1373 at episode 20 (saved model/best_*.pt)
step:3600/3600, q_loss:0.6698716282844543, rewards:-13.876665581597223, queue:0.49201388888888886, delay:0.03384180598788791, throughput:1451
episode:21/200, real avg travel time:179.91109579600277
Test step:21/200, travel time :183.21349862258953, rewards:-15.022222222222222, queue:0.5239583333333333, delay:0.03476398256089952, throughput:1452
step:3600/3600, q_loss:0.5862336158752441, rewards:-13.24222140842014, queue:0.46875, delay:0.03175219959682889, throughput:1453
episode:22/200, real avg travel time:178.2023399862354
Test step:22/200, travel time :176.59159779614325, rewards:-12.258610026041667, queue:0.43732638888888886, delay:0.030911217795477973, throughput:1452
New best test ATT=176.5916 at episode 22 (saved model/best_*.pt)
step:3600/3600, q_loss:0.5448271632194519, rewards:-13.529999457465278, queue:0.4790798611111111, delay:0.03274300628238254, throughput:1452
episode:23/200, real avg travel time:178.52685950413223
Test step:23/200, travel time :176.6646005509642, rewards:-12.242498101128472, queue:0.43723958333333335, delay:0.030349975162082248, throughput:1452
step:3600/3600, q_loss:0.5067746043205261, rewards:-11.418888346354167, queue:0.4107638888888889, delay:0.028513643476698134, throughput:1452
episode:24/200, real avg travel time:174.52134986225894
Test step:24/200, travel time :176.29456297315897, rewards:-12.03305392795139, queue:0.43046875, delay:0.030340056949191622, throughput:1453
New best test ATT=176.2946 at episode 24 (saved model/best_*.pt)
step:3600/3600, q_loss:0.4513553977012634, rewards:-11.909444173177084, queue:0.42734375, delay:0.02946378654903836, throughput:1453
episode:25/200, real avg travel time:175.82794218857535
Test step:25/200, travel time :174.9194214876033, rewards:-11.672222222222222, queue:0.4158854166666667, delay:0.029419528113471136, throughput:1452
New best test ATT=174.9194 at episode 25 (saved model/best_*.pt)
step:3600/3600, q_loss:0.43222731351852417, rewards:-11.500554741753472, queue:0.4149305555555556, delay:0.028778049680921767, throughput:1451
episode:26/200, real avg travel time:174.57684355616817
Test step:26/200, travel time :174.78236914600552, rewards:-11.48666720920139, queue:0.4126736111111111, delay:0.02932949595981174, throughput:1452
New best test ATT=174.7824 at episode 26 (saved model/best_*.pt)
step:3600/3600, q_loss:0.40745002031326294, rewards:-11.20749986436632, queue:0.4056423611111111, delay:0.02849034203423394, throughput:1452
episode:27/200, real avg travel time:174.01997245179064
Test step:27/200, travel time :174.29703652653342, rewards:-11.388054741753471, queue:0.4105034722222222, delay:0.028341680102878148, throughput:1451
New best test ATT=174.2970 at episode 27 (saved model/best_*.pt)
step:3600/3600, q_loss:0.3805231750011444, rewards:-11.124165852864584, queue:0.3998263888888889, delay:0.028065668212042913, throughput:1452
episode:28/200, real avg travel time:173.73209366391185
Test step:28/200, travel time :172.2888583218707, rewards:-10.481944444444444, queue:0.37881944444444443, delay:0.026189756393432618, throughput:1454
New best test ATT=172.2889 at episode 28 (saved model/best_*.pt)
step:3600/3600, q_loss:0.35942015051841736, rewards:-11.27916531032986, queue:0.40572916666666664, delay:0.027428807152642145, throughput:1452
episode:29/200, real avg travel time:173.67906336088154
Test step:29/200, travel time :172.6643741403026, rewards:-10.358888753255208, queue:0.37552083333333336, delay:0.026651732126871743, throughput:1454
step:3600/3600, q_loss:0.3361109793186188, rewards:-10.773333062065973, queue:0.38993055555555556, delay:0.027353631125556097, throughput:1453
episode:30/200, real avg travel time:173.11699931176875
Test step:30/200, travel time :172.64903846153845, rewards:-10.568888346354166, queue:0.3831597222222222, delay:0.026470809512668187, throughput:1456
step:3600/3600, q_loss:0.3272683322429657, rewards:-11.047777642144098, queue:0.39835069444444443, delay:0.027642991807725694, throughput:1453
episode:31/200, real avg travel time:173.43014452856158
Test step:31/200, travel time :173.41488628532048, rewards:-10.84166531032986, queue:0.38871527777777776, delay:0.027113344934251573, throughput:1451
step:3600/3600, q_loss:0.31566157937049866, rewards:-10.808334011501737, queue:0.38993055555555556, delay:0.026694994502597384, throughput:1454
episode:32/200, real avg travel time:172.94222833562586
Test step:32/200, travel time :172.72283356258598, rewards:-10.54083251953125, queue:0.37960069444444444, delay:0.026793249448140464, throughput:1454
step:3600/3600, q_loss:0.3133337199687958, rewards:-10.524721950954861, queue:0.37994791666666666, delay:0.026258820957607693, throughput:1455
episode:33/200, real avg travel time:172.47903780068728
Test step:33/200, travel time :172.03922918100483, rewards:-10.426388210720486, queue:0.3767361111111111, delay:0.02616932921939426, throughput:1453
New best test ATT=172.0392 at episode 33 (saved model/best_*.pt)
step:3600/3600, q_loss:0.31120046973228455, rewards:-10.879443359375, queue:0.39175347222222223, delay:0.02660458352830675, throughput:1453
episode:34/200, real avg travel time:173.01169993117688
Test step:34/200, travel time :172.95326460481098, rewards:-10.791943359375, queue:0.39010416666666664, delay:0.026280034912957086, throughput:1455
step:3600/3600, q_loss:0.2996356189250946, rewards:-10.526111518012153, queue:0.3815104166666667, delay:0.02691388660007053, throughput:1454
episode:35/200, real avg travel time:172.671939477304
Test step:35/200, travel time :171.85871812543073, rewards:-10.290000406901042, queue:0.37274305555555554, delay:0.025885205798678926, throughput:1451
New best test ATT=171.8587 at episode 35 (saved model/best_*.pt)
step:3600/3600, q_loss:0.28633588552474976, rewards:-10.181110297309028, queue:0.37213541666666666, delay:0.025682457288106284, throughput:1452
episode:36/200, real avg travel time:171.79063360881543
Test step:36/200, travel time :172.45730027548208, rewards:-10.788611518012154, queue:0.3885416666666667, delay:0.026592466566297743, throughput:1452
step:3600/3600, q_loss:0.2895139157772064, rewards:-10.099998643663195, queue:0.3668402777777778, delay:0.025994073020087348, throughput:1451
episode:37/200, real avg travel time:171.5237767057202
Test step:37/200, travel time :171.856159669649, rewards:-10.423333062065971, queue:0.37517361111111114, delay:0.0256223201751709, throughput:1453
New best test ATT=171.8562 at episode 37 (saved model/best_*.pt)
step:3600/3600, q_loss:0.28174257278442383, rewards:-10.800554741753473, queue:0.38828125, delay:0.026424029138353136, throughput:1455
episode:38/200, real avg travel time:172.92027491408933
Test step:38/200, travel time :171.59463179628355, rewards:-10.210555691189237, queue:0.3701388888888889, delay:0.025339137183295356, throughput:1453
New best test ATT=171.5946 at episode 38 (saved model/best_*.pt)
step:3600/3600, q_loss:0.2901970446109772, rewards:-10.292221408420138, queue:0.37057291666666664, delay:0.026119785838656956, throughput:1453
episode:39/200, real avg travel time:172.01995870612527
Test step:39/200, travel time :172.15977961432506, rewards:-10.278610568576388, queue:0.37395833333333334, delay:0.0260722107357449, throughput:1452
step:3600/3600, q_loss:0.2820206880569458, rewards:-9.690277099609375, queue:0.35442708333333334, delay:0.025302995575798883, throughput:1450
episode:40/200, real avg travel time:170.76620689655172
Test step:40/200, travel time :171.4295532646048, rewards:-9.925278049045138, queue:0.3584201388888889, delay:0.02533911599053277, throughput:1455
New best test ATT=171.4296 at episode 40 (saved model/best_*.pt)
step:3600/3600, q_loss:0.2776707410812378, rewards:-10.224721272786459, queue:0.3681423611111111, delay:0.026235183080037434, throughput:1452
episode:41/200, real avg travel time:172.2568870523416
Test step:41/200, travel time :171.1360824742268, rewards:-10.109999593098959, queue:0.36527777777777776, delay:0.025177367528279624, throughput:1455
New best test ATT=171.1361 at episode 41 (saved model/best_*.pt)
step:3600/3600, q_loss:0.27707892656326294, rewards:-10.077499728732638, queue:0.36171875, delay:0.025795518027411566, throughput:1455
episode:42/200, real avg travel time:171.90721649484536
Test step:42/200, travel time :171.18487972508592, rewards:-10.097777642144097, queue:0.3641493055555556, delay:0.02489734490712484, throughput:1455
step:3600/3600, q_loss:0.2717190980911255, rewards:-10.133888075086805, queue:0.36605902777777777, delay:0.02567246225145128, throughput:1456
episode:43/200, real avg travel time:171.73695054945054
Test step:43/200, travel time :171.26152787336545, rewards:-9.941388617621527, queue:0.3581597222222222, delay:0.024906354480319554, throughput:1453
step:3600/3600, q_loss:0.26621896028518677, rewards:-9.778888617621528, queue:0.35520833333333335, delay:0.0253071043226454, throughput:1454
episode:44/200, real avg travel time:171.13617606602475
Test step:44/200, travel time :171.6728650137741, rewards:-10.20111083984375, queue:0.37213541666666666, delay:0.02615308231777615, throughput:1452
step:3600/3600, q_loss:0.26358434557914734, rewards:-9.70694308810764, queue:0.3509548611111111, delay:0.024752550654941134, throughput:1454
episode:45/200, real avg travel time:170.6994497936726
Test step:45/200, travel time :170.6703372333104, rewards:-9.858332655164931, queue:0.3572048611111111, delay:0.025070283148023818, throughput:1453
New best test ATT=170.6703 at episode 45 (saved model/best_*.pt)
step:3600/3600, q_loss:0.2558804750442505, rewards:-9.87611083984375, queue:0.3578125, delay:0.025103211402893066, throughput:1453
episode:46/200, real avg travel time:170.9050240880936
Test step:46/200, travel time :170.13204951856946, rewards:-9.434166124131945, queue:0.34392361111111114, delay:0.024387264251708986, throughput:1454
New best test ATT=170.1320 at episode 46 (saved model/best_*.pt)
step:3600/3600, q_loss:0.25169211626052856, rewards:-9.954999457465277, queue:0.3603298611111111, delay:0.025108014212714302, throughput:1453
episode:47/200, real avg travel time:171.32622161046112
Test step:47/200, travel time :171.06331727460426, rewards:-9.864443630642361, queue:0.3585069444444444, delay:0.025545226203070745, throughput:1453
step:3600/3600, q_loss:0.2474464476108551, rewards:-10.33333265516493, queue:0.3723958333333333, delay:0.025417251057094997, throughput:1454
episode:48/200, real avg travel time:171.67537826685006
Test step:48/200, travel time :171.54132231404958, rewards:-10.10749986436632, queue:0.36380208333333336, delay:0.02520792219373915, throughput:1452
step:3600/3600, q_loss:0.24309615790843964, rewards:-9.863611518012153, queue:0.35598958333333336, delay:0.024621608522203235, throughput:1450
episode:49/200, real avg travel time:171.0158620689655
Test step:49/200, travel time :171.59518900343642, rewards:-10.12694363064236, queue:0.36484375, delay:0.02540583610534668, throughput:1455
step:3600/3600, q_loss:0.24710388481616974, rewards:-9.893888346354167, queue:0.3589409722222222, delay:0.025171624289618597, throughput:1455
episode:50/200, real avg travel time:171.35463917525774
Test step:50/200, travel time :171.65151515151516, rewards:-10.333333333333334, queue:0.37126736111111114, delay:0.02537065347035726, throughput:1452
step:3600/3600, q_loss:0.25547510385513306, rewards:-9.769999186197916, queue:0.3545138888888889, delay:0.024706273608737523, throughput:1451
episode:51/200, real avg travel time:170.22467263955892
Test step:51/200, travel time :171.9393521709166, rewards:-10.402777099609375, queue:0.37309027777777776, delay:0.025890972879197862, throughput:1451
step:3600/3600, q_loss:0.25372934341430664, rewards:-10.39250013563368, queue:0.3746527777777778, delay:0.02520437240600586, throughput:1454
episode:52/200, real avg travel time:171.88170563961486
Test step:52/200, travel time :171.93259972489685, rewards:-10.21666531032986, queue:0.36875, delay:0.02567512459225125, throughput:1454
step:3600/3600, q_loss:0.2537796199321747, rewards:-9.981944444444444, queue:0.3606770833333333, delay:0.025580803553263348, throughput:1453
episode:53/200, real avg travel time:171.4790089470062
Test step:53/200, travel time :170.75722145804676, rewards:-9.717777506510417, queue:0.3519097222222222, delay:0.02493533028496636, throughput:1454
step:3600/3600, q_loss:0.25283780694007874, rewards:-9.870000542534722, queue:0.35789930555555555, delay:0.025084450509813096, throughput:1456
episode:54/200, real avg travel time:171.1710164835165
Test step:54/200, travel time :170.28256374913852, rewards:-9.544721137152777, queue:0.3446180555555556, delay:0.024765666325887045, throughput:1451
step:3600/3600, q_loss:0.2492961436510086, rewards:-9.793055555555556, queue:0.35529513888888886, delay:0.0250309149424235, throughput:1452
episode:55/200, real avg travel time:170.75757575757575
Test step:55/200, travel time :170.65268225584595, rewards:-9.537777370876736, queue:0.3453125, delay:0.02441163592868381, throughput:1454
step:3600/3600, q_loss:0.25071465969085693, rewards:-9.850278049045139, queue:0.3551215277777778, delay:0.024849107530381945, throughput:1453
episode:56/200, real avg travel time:170.97453544390916
Test step:56/200, travel time :170.69442532690985, rewards:-9.627777099609375, queue:0.34878472222222223, delay:0.024536673227945963, throughput:1453
step:3600/3600, q_loss:0.24512864649295807, rewards:-10.166944715711805, queue:0.36875, delay:0.025138772858513726, throughput:1453
episode:57/200, real avg travel time:171.4686854783207
Test step:57/200, travel time :169.84710743801654, rewards:-9.428610568576389, queue:0.3424479166666667, delay:0.024454538027445474, throughput:1452
New best test ATT=169.8471 at episode 57 (saved model/best_*.pt)
step:3600/3600, q_loss:0.25008293986320496, rewards:-10.258610026041667, queue:0.36961805555555555, delay:0.025373130374484593, throughput:1452
episode:58/200, real avg travel time:171.45179063360882
Test step:58/200, travel time :171.4810736407433, rewards:-10.023055013020834, queue:0.3626736111111111, delay:0.02538720766703288, throughput:1453
step:3600/3600, q_loss:0.2519189417362213, rewards:-9.793610297309028, queue:0.35477430555555556, delay:0.024454212188720702, throughput:1453
episode:59/200, real avg travel time:170.96214728148658
Test step:59/200, travel time :170.68294360385144, rewards:-9.564999728732639, queue:0.34713541666666664, delay:0.02412786218855116, throughput:1454
step:3600/3600, q_loss:0.2508718967437744, rewards:-10.054166666666667, queue:0.3654513888888889, delay:0.025480418735080296, throughput:1453
episode:60/200, real avg travel time:171.34480385409498
Test step:60/200, travel time :172.1547455295736, rewards:-10.394444444444444, queue:0.3743923611111111, delay:0.025831333796183267, throughput:1454
step:3600/3600, q_loss:0.2463308721780777, rewards:-9.648333062065973, queue:0.3503472222222222, delay:0.024016642570495607, throughput:1455
episode:61/200, real avg travel time:170.34158075601374
Test step:61/200, travel time :171.25360824742268, rewards:-9.768055555555556, queue:0.3528645833333333, delay:0.02472787963019477, throughput:1455
step:3600/3600, q_loss:0.248129740357399, rewards:-9.262221950954862, queue:0.33671875, delay:0.024041581153869628, throughput:1453
episode:62/200, real avg travel time:169.91878871300756
Test step:62/200, travel time :170.8149931224209, rewards:-9.694722493489584, queue:0.3502604166666667, delay:0.024427567587958443, throughput:1454
step:3600/3600, q_loss:0.24245058000087738, rewards:-9.688888210720487, queue:0.35043402777777777, delay:0.02453369829389784, throughput:1455
episode:63/200, real avg travel time:170.51340206185566
Test step:63/200, travel time :169.57800687285223, rewards:-9.233611382378472, queue:0.3362847222222222, delay:0.023579774962531195, throughput:1455
New best test ATT=169.5780 at episode 63 (saved model/best_*.pt)
step:3600/3600, q_loss:0.24273745715618134, rewards:-10.176665581597222, queue:0.36710069444444443, delay:0.024849661191304526, throughput:1454
episode:64/200, real avg travel time:171.77028885832186
Test step:64/200, travel time :169.77403846153845, rewards:-9.287499321831596, queue:0.3355902777777778, delay:0.02386904822455512, throughput:1456
step:3600/3600, q_loss:0.24940946698188782, rewards:-9.969165717230903, queue:0.3611111111111111, delay:0.024900049633449977, throughput:1456
episode:65/200, real avg travel time:171.17032967032966
Test step:65/200, travel time :170.48626373626374, rewards:-9.622776963975694, queue:0.3490451388888889, delay:0.024141544765896267, throughput:1456
step:3600/3600, q_loss:0.2532605826854706, rewards:-9.586666531032986, queue:0.34956597222222224, delay:0.02443153593275282, throughput:1455
episode:66/200, real avg travel time:170.48178694158076
Test step:66/200, travel time :169.57800687285223, rewards:-9.208055284288195, queue:0.33611111111111114, delay:0.023346694310506184, throughput:1455
step:3600/3600, q_loss:0.2463168054819107, rewards:-9.858055962456596, queue:0.3572916666666667, delay:0.024749014112684462, throughput:1451
episode:67/200, real avg travel time:170.85044796691938
Test step:67/200, travel time :171.8005502063274, rewards:-10.035555013020833, queue:0.3597222222222222, delay:0.025103182262844508, throughput:1454
step:3600/3600, q_loss:0.2425079345703125, rewards:-9.446388753255208, queue:0.3421875, delay:0.02430133819580078, throughput:1453
episode:68/200, real avg travel time:170.3372333103923
Test step:68/200, travel time :170.83000688231246, rewards:-9.85944349500868, queue:0.3563368055555556, delay:0.024976931677924263, throughput:1453
step:3600/3600, q_loss:0.24740107357501984, rewards:-9.902776421440972, queue:0.3589409722222222, delay:0.02476925849914551, throughput:1455
episode:69/200, real avg travel time:170.83092783505154
Test step:69/200, travel time :170.23124569855472, rewards:-9.548055013020834, queue:0.34574652777777776, delay:0.023817446496751573, throughput:1453
step:3600/3600, q_loss:0.23968321084976196, rewards:-9.827499050564237, queue:0.3541666666666667, delay:0.024927722083197698, throughput:1452
episode:70/200, real avg travel time:170.61501377410468
Test step:70/200, travel time :170.4810736407433, rewards:-9.518888346354167, queue:0.3459201388888889, delay:0.024850270483228895, throughput:1453
step:3600/3600, q_loss:0.25045111775398254, rewards:-9.419166395399305, queue:0.34375, delay:0.024608408080206978, throughput:1454
episode:71/200, real avg travel time:170.26134800550207
Test step:71/200, travel time :170.1045392022008, rewards:-9.38027615017361, queue:0.34296875, delay:0.02418563101026747, throughput:1454
step:3600/3600, q_loss:0.24559105932712555, rewards:-9.462776692708333, queue:0.3447048611111111, delay:0.024104860093858507, throughput:1456
episode:72/200, real avg travel time:169.98076923076923
Test step:72/200, travel time :170.73557692307693, rewards:-9.857777235243056, queue:0.3558159722222222, delay:0.024785065650939943, throughput:1456
step:3600/3600, q_loss:0.24164170026779175, rewards:-9.597499593098958, queue:0.35, delay:0.024469794167412653, throughput:1454
episode:73/200, real avg travel time:170.25240715268225
Test step:73/200, travel time :170.81086657496562, rewards:-9.706387668185764, queue:0.3502604166666667, delay:0.0243816163804796, throughput:1454
step:3600/3600, q_loss:0.2353212982416153, rewards:-10.015833197699653, queue:0.3590277777777778, delay:0.0247765408621894, throughput:1456
episode:74/200, real avg travel time:171.08997252747253
Test step:74/200, travel time :169.8506538196834, rewards:-9.439444986979167, queue:0.34305555555555556, delay:0.024128670162624783, throughput:1453
step:3600/3600, q_loss:0.24101172387599945, rewards:-9.62861056857639, queue:0.35008680555555555, delay:0.024218373828464083, throughput:1453
episode:75/200, real avg travel time:170.2931865106676
Test step:75/200, travel time :171.08596973865198, rewards:-9.833333333333334, queue:0.35772569444444446, delay:0.024804353713989258, throughput:1454
step:3600/3600, q_loss:0.23612390458583832, rewards:-9.893054877387153, queue:0.3575520833333333, delay:0.02474051316579183, throughput:1452
episode:76/200, real avg travel time:170.69903581267218
Test step:76/200, travel time :170.1969696969697, rewards:-9.611943901909722, queue:0.3490451388888889, delay:0.02419596513112386, throughput:1452
step:3600/3600, q_loss:0.2402830719947815, rewards:-9.68111097547743, queue:0.35321180555555554, delay:0.0250761349995931, throughput:1452
episode:77/200, real avg travel time:170.44421487603304
Test step:77/200, travel time :171.78610729023384, rewards:-10.14805433485243, queue:0.36649305555555556, delay:0.025264565149943033, throughput:1454
step:3600/3600, q_loss:0.24249416589736938, rewards:-9.28083224826389, queue:0.3371527777777778, delay:0.023742893007066515, throughput:1454
episode:78/200, real avg travel time:169.82943603851444
Test step:78/200, travel time :170.42699724517905, rewards:-9.573055013020833, queue:0.34652777777777777, delay:0.02433602280086941, throughput:1452
step:3600/3600, q_loss:0.24983587861061096, rewards:-9.608055284288195, queue:0.3488715277777778, delay:0.024148334397210015, throughput:1452
episode:79/200, real avg travel time:170.11363636363637
Test step:79/200, travel time :170.66185567010308, rewards:-9.768054877387153, queue:0.35442708333333334, delay:0.024625889460245767, throughput:1455
step:3600/3600, q_loss:0.25067588686943054, rewards:-9.71444363064236, queue:0.3521701388888889, delay:0.02476522922515869, throughput:1453
episode:80/200, real avg travel time:170.5134205092911
Test step:80/200, travel time :169.73691460055096, rewards:-9.400277370876736, queue:0.3401909722222222, delay:0.02387729220920139, throughput:1452
step:3600/3600, q_loss:0.24861477315425873, rewards:-10.169999186197916, queue:0.3689236111111111, delay:0.025402667787339954, throughput:1452
episode:81/200, real avg travel time:171.70730027548208
Test step:81/200, travel time :170.79421885753612, rewards:-9.963888888888889, queue:0.3605902777777778, delay:0.02469477653503418, throughput:1453
step:3600/3600, q_loss:0.251935750246048, rewards:-9.731944444444444, queue:0.3541666666666667, delay:0.024049372143215602, throughput:1453
episode:82/200, real avg travel time:170.4803854094976
Test step:82/200, travel time :170.18406593406593, rewards:-9.51000027126736, queue:0.3472222222222222, delay:0.023974588182237414, throughput:1456
step:3600/3600, q_loss:0.2453845590353012, rewards:-10.26999986436632, queue:0.37161458333333336, delay:0.025180843141343858, throughput:1454
episode:83/200, real avg travel time:171.9009628610729
Test step:83/200, travel time :169.8844566712517, rewards:-9.423333062065971, queue:0.34010416666666665, delay:0.023378115230136446, throughput:1454
step:3600/3600, q_loss:0.24602198600769043, rewards:-9.521388075086806, queue:0.3467013888888889, delay:0.024170311292012532, throughput:1454
episode:84/200, real avg travel time:170.31774415405778
Test step:84/200, travel time :170.6875, rewards:-9.74166531032986, queue:0.35260416666666666, delay:0.024285939004686143, throughput:1456
step:3600/3600, q_loss:0.2403462678194046, rewards:-9.600832790798611, queue:0.3490451388888889, delay:0.024126662148369685, throughput:1452
episode:85/200, real avg travel time:170.35812672176309
Test step:85/200, travel time :170.0584996558844, rewards:-9.467221408420139, queue:0.34453125, delay:0.02401696311102973, throughput:1453
step:3600/3600, q_loss:0.24056023359298706, rewards:-9.28472154405382, queue:0.34088541666666666, delay:0.023921993043687608, throughput:1456
episode:86/200, real avg travel time:169.95467032967034
Test step:86/200, travel time :169.73727647867952, rewards:-9.441944037543403, queue:0.34383680555555557, delay:0.024193681610955132, throughput:1454
step:3600/3600, q_loss:0.24183909595012665, rewards:-9.325554741753471, queue:0.3384548611111111, delay:0.02377326488494873, throughput:1452
episode:87/200, real avg travel time:169.94903581267218
Test step:87/200, travel time :170.5213204951857, rewards:-9.574166531032986, queue:0.35138888888888886, delay:0.02464940283033583, throughput:1454
step:3600/3600, q_loss:0.239470973610878, rewards:-9.688332790798611, queue:0.353125, delay:0.02451201015048557, throughput:1453
episode:88/200, real avg travel time:170.5705437026841
Test step:88/200, travel time :170.27716643741402, rewards:-9.493054877387152, queue:0.3450520833333333, delay:0.024113451109992134, throughput:1454
step:3600/3600, q_loss:0.23930735886096954, rewards:-9.782777235243056, queue:0.3575520833333333, delay:0.024965731302897136, throughput:1454
episode:89/200, real avg travel time:170.86107290233838
Test step:89/200, travel time :170.07496561210453, rewards:-9.610000271267362, queue:0.34956597222222224, delay:0.024249039755927192, throughput:1454
step:3600/3600, q_loss:0.2329608052968979, rewards:-9.726110161675347, queue:0.3551215277777778, delay:0.024335993660820857, throughput:1454
episode:90/200, real avg travel time:170.60178817056396
Test step:90/200, travel time :169.54370268410185, rewards:-9.31222195095486, queue:0.3376736111111111, delay:0.024007966783311633, throughput:1453
New best test ATT=169.5437 at episode 90 (saved model/best_*.pt)
step:3600/3600, q_loss:0.23738649487495422, rewards:-9.45083279079861, queue:0.3440972222222222, delay:0.024160454008314344, throughput:1453
episode:91/200, real avg travel time:170.31658637302132
Test step:91/200, travel time :169.5230557467309, rewards:-9.06194322374132, queue:0.32916666666666666, delay:0.023409936163160536, throughput:1453
New best test ATT=169.5231 at episode 91 (saved model/best_*.pt)
step:3600/3600, q_loss:0.23295998573303223, rewards:-9.861944580078125, queue:0.36006944444444444, delay:0.02501345740424262, throughput:1455
episode:92/200, real avg travel time:171.26048109965635
Test step:92/200, travel time :170.27922971114168, rewards:-9.700554741753471, queue:0.3512152777777778, delay:0.024067176712883845, throughput:1454
step:3600/3600, q_loss:0.23080043494701385, rewards:-9.258055284288194, queue:0.3368923611111111, delay:0.023623034689161514, throughput:1456
episode:93/200, real avg travel time:169.5364010989011
Test step:93/200, travel time :169.69813921433493, rewards:-9.323888481987847, queue:0.3425347222222222, delay:0.024117989010281032, throughput:1451
step:3600/3600, q_loss:0.23512618243694305, rewards:-9.444444444444445, queue:0.34383680555555557, delay:0.023532819747924805, throughput:1455
episode:94/200, real avg travel time:169.83711340206185
Test step:94/200, travel time :170.55364511691886, rewards:-9.52888929578993, queue:0.346875, delay:0.024338857332865397, throughput:1454
step:3600/3600, q_loss:0.2317417562007904, rewards:-9.92749972873264, queue:0.36258680555555556, delay:0.02480619748433431, throughput:1454
episode:95/200, real avg travel time:170.818431911967
Test step:95/200, travel time :170.6996563573883, rewards:-9.707499186197916, queue:0.3519965277777778, delay:0.02425846258799235, throughput:1455
step:3600/3600, q_loss:0.23725439608097076, rewards:-9.778055826822916, queue:0.35520833333333335, delay:0.02421961360507541, throughput:1452
episode:96/200, real avg travel time:170.099173553719
Test step:96/200, travel time :170.71320495185694, rewards:-9.93722195095486, queue:0.3606770833333333, delay:0.02475017441643609, throughput:1454
step:3600/3600, q_loss:0.23404011130332947, rewards:-9.344999186197917, queue:0.3410590277777778, delay:0.024045308430989582, throughput:1454
episode:97/200, real avg travel time:169.9869325997249
Test step:97/200, travel time :170.54982817869416, rewards:-9.64499986436632, queue:0.35008680555555555, delay:0.024498158031039767, throughput:1455
step:3600/3600, q_loss:0.2357417196035385, rewards:-9.876388888888888, queue:0.3572048611111111, delay:0.024259392420450845, throughput:1451
episode:98/200, real avg travel time:170.6567884217781
Test step:98/200, travel time :170.51513067400276, rewards:-9.725832790798611, queue:0.35347222222222224, delay:0.024681578742133246, throughput:1454
step:3600/3600, q_loss:0.2346320003271103, rewards:-9.911111111111111, queue:0.35885416666666664, delay:0.02448650466071235, throughput:1454
episode:99/200, real avg travel time:170.82668500687757
Test step:99/200, travel time :170.41431520991054, rewards:-9.843332926432291, queue:0.35885416666666664, delay:0.02477569580078125, throughput:1453
step:3600/3600, q_loss:0.23963452875614166, rewards:-9.637221950954862, queue:0.35225694444444444, delay:0.024142254723442926, throughput:1453
episode:100/200, real avg travel time:170.050240880936
Test step:100/200, travel time :169.91947694425326, rewards:-9.503611246744791, queue:0.3441840277777778, delay:0.023846978611416287, throughput:1453
step:3600/3600, q_loss:0.23925283551216125, rewards:-9.996666124131945, queue:0.36223958333333334, delay:0.02427903281317817, throughput:1453
episode:101/200, real avg travel time:170.75430144528562
Test step:101/200, travel time :170.19545767377838, rewards:-9.558888075086806, queue:0.346875, delay:0.024028613832261826, throughput:1453
step:3600/3600, q_loss:0.2357017993927002, rewards:-10.205555555555556, queue:0.3701388888888889, delay:0.025160039795769584, throughput:1453
episode:102/200, real avg travel time:171.55127322780453
Test step:102/200, travel time :169.5588437715072, rewards:-9.50111083984375, queue:0.3446180555555556, delay:0.02383969095018175, throughput:1453
step:3600/3600, q_loss:0.24158643186092377, rewards:-9.878888617621527, queue:0.35651041666666666, delay:0.024149060249328613, throughput:1453
episode:103/200, real avg travel time:170.49277357192017
Test step:103/200, travel time :170.35601374570447, rewards:-9.60361056857639, queue:0.3506076388888889, delay:0.02432374159495036, throughput:1455
step:3600/3600, q_loss:0.24124205112457275, rewards:-10.14472181532118, queue:0.36571180555555555, delay:0.02469834221733941, throughput:1453
episode:104/200, real avg travel time:171.07708189951825
Test step:104/200, travel time :170.16357388316152, rewards:-9.391944715711805, queue:0.34392361111111114, delay:0.023996321360270183, throughput:1455
step:3600/3600, q_loss:0.24233952164649963, rewards:-9.560555013020833, queue:0.34835069444444444, delay:0.024212201436360676, throughput:1455
episode:105/200, real avg travel time:170.19037800687286
Test step:105/200, travel time :170.5206327372765, rewards:-9.61583251953125, queue:0.34878472222222223, delay:0.02421015633477105, throughput:1454
step:3600/3600, q_loss:0.2450866550207138, rewards:-9.548056369357639, queue:0.34696180555555556, delay:0.023932607968648274, throughput:1453
episode:106/200, real avg travel time:170.29387474191327
Test step:106/200, travel time :170.32255845942228, rewards:-9.573055691189236, queue:0.34913194444444445, delay:0.024091068903605142, throughput:1454
step:3600/3600, q_loss:0.2399086207151413, rewards:-9.151666937934028, queue:0.3332465277777778, delay:0.02350363466474745, throughput:1452
episode:107/200, real avg travel time:169.30922865013775
Test step:107/200, travel time :169.57113402061856, rewards:-9.166665310329861, queue:0.33611111111111114, delay:0.023753611246744792, throughput:1455
step:3600/3600, q_loss:0.23508799076080322, rewards:-10.244166395399306, queue:0.37178819444444444, delay:0.024592208862304687, throughput:1454
episode:108/200, real avg travel time:171.1643741403026
Test step:108/200, travel time :169.70721649484537, rewards:-9.457500542534722, queue:0.34357638888888886, delay:0.023432800504896375, throughput:1455
step:3600/3600, q_loss:0.2379513829946518, rewards:-9.360277642144098, queue:0.3407118055555556, delay:0.023293272654215495, throughput:1455
episode:109/200, real avg travel time:169.64604810996565
Test step:109/200, travel time :169.05918788713007, rewards:-9.073888481987847, queue:0.3323784722222222, delay:0.02309205796983507, throughput:1453
New best test ATT=169.0592 at episode 109 (saved model/best_*.pt)
step:3600/3600, q_loss:0.24267569184303284, rewards:-9.44361097547743, queue:0.34479166666666666, delay:0.023876084221733943, throughput:1455
episode:110/200, real avg travel time:169.94432989690722
Test step:110/200, travel time :170.03228021978023, rewards:-9.512221950954862, queue:0.34661458333333334, delay:0.023605889744228788, throughput:1456
step:3600/3600, q_loss:0.23448127508163452, rewards:-9.791388617621529, queue:0.3546875, delay:0.02420435216691759, throughput:1454
episode:111/200, real avg travel time:170.58253094910592
Test step:111/200, travel time :170.56387362637363, rewards:-9.655277506510417, queue:0.3506076388888889, delay:0.024534659915500218, throughput:1456
step:3600/3600, q_loss:0.2387744039297104, rewards:-9.475277370876736, queue:0.34479166666666666, delay:0.024064103762308758, throughput:1455
episode:112/200, real avg travel time:170.07560137457045
Test step:112/200, travel time :169.3927097661623, rewards:-9.191388617621527, queue:0.33489583333333334, delay:0.023225302166408963, throughput:1454
step:3600/3600, q_loss:0.23491016030311584, rewards:-9.513054741753471, queue:0.34791666666666665, delay:0.024121835496690537, throughput:1455
episode:113/200, real avg travel time:170.26254295532647
Test step:113/200, travel time :168.9422680412371, rewards:-8.934166124131945, queue:0.3271701388888889, delay:0.022837201754252117, throughput:1455
New best test ATT=168.9423 at episode 113 (saved model/best_*.pt)
step:3600/3600, q_loss:0.23717312514781952, rewards:-9.348333062065972, queue:0.34088541666666666, delay:0.023310965961880155, throughput:1456
episode:114/200, real avg travel time:169.62637362637363
Test step:114/200, travel time :169.58350515463917, rewards:-9.193888346354166, queue:0.33446180555555555, delay:0.023253907097710504, throughput:1455
step:3600/3600, q_loss:0.23215273022651672, rewards:-9.268332926432292, queue:0.33663194444444444, delay:0.023532067404852974, throughput:1453
episode:115/200, real avg travel time:169.70130763936683
Test step:115/200, travel time :169.7298969072165, rewards:-9.308055284288194, queue:0.33975694444444443, delay:0.023622674412197536, throughput:1455
step:3600/3600, q_loss:0.2314043492078781, rewards:-9.286111111111111, queue:0.3388888888888889, delay:0.023521015379163953, throughput:1455
episode:116/200, real avg travel time:169.8233676975945
Test step:116/200, travel time :169.618719889883, rewards:-9.307499864366319, queue:0.3407986111111111, delay:0.023602724075317383, throughput:1453
step:3600/3600, q_loss:0.23369883000850677, rewards:-9.642222086588541, queue:0.3529513888888889, delay:0.02435469627380371, throughput:1455
episode:117/200, real avg travel time:170.33676975945016
Test step:117/200, travel time :169.81374570446735, rewards:-9.339166259765625, queue:0.34262152777777777, delay:0.02381111780802409, throughput:1455
step:3600/3600, q_loss:0.22964006662368774, rewards:-9.671388753255208, queue:0.35303819444444445, delay:0.0242601924472385, throughput:1455
episode:118/200, real avg travel time:170.82886597938145
Test step:118/200, travel time :170.92567102546457, rewards:-9.778610568576388, queue:0.3559027777777778, delay:0.024854135513305665, throughput:1453
step:3600/3600, q_loss:0.2261892557144165, rewards:-9.331111653645833, queue:0.34210069444444446, delay:0.023638327916463215, throughput:1455
episode:119/200, real avg travel time:169.6639175257732
Test step:119/200, travel time :169.0612104539202, rewards:-9.161387803819444, queue:0.3346354166666667, delay:0.02324043114980062, throughput:1454
step:3600/3600, q_loss:0.22557686269283295, rewards:-8.968332926432291, queue:0.3277777777777778, delay:0.022978109783596462, throughput:1453
episode:120/200, real avg travel time:168.72608396421197
Test step:120/200, travel time :169.73984858912596, rewards:-9.455277506510416, queue:0.34661458333333334, delay:0.023890214496188694, throughput:1453
step:3600/3600, q_loss:0.2209494709968567, rewards:-9.515833197699653, queue:0.3464409722222222, delay:0.023839902877807618, throughput:1454
episode:121/200, real avg travel time:170.11072902338378
Test step:121/200, travel time :169.16907216494846, rewards:-8.970277913411458, queue:0.32786458333333335, delay:0.023419968287150063, throughput:1455
step:3600/3600, q_loss:0.22422721982002258, rewards:-9.571944173177084, queue:0.34991319444444446, delay:0.02462967766655816, throughput:1451
episode:122/200, real avg travel time:170.29910406616128
Test step:122/200, travel time :169.28748280605228, rewards:-9.158889431423612, queue:0.33619791666666665, delay:0.023201809989081487, throughput:1454
step:3600/3600, q_loss:0.22014543414115906, rewards:-9.467777506510417, queue:0.34869791666666666, delay:0.02386634349822998, throughput:1453
episode:123/200, real avg travel time:169.88368891947695
Test step:123/200, travel time :170.37577426015142, rewards:-9.772500271267361, queue:0.35711805555555554, delay:0.02401919894748264, throughput:1453
step:3600/3600, q_loss:0.22508426010608673, rewards:-9.182222493489583, queue:0.33758680555555554, delay:0.023587401707967123, throughput:1453
episode:124/200, real avg travel time:169.84377150722642
Test step:124/200, travel time :170.4264099037139, rewards:-9.546666124131944, queue:0.34756944444444443, delay:0.024782493379380967, throughput:1454
step:3600/3600, q_loss:0.2213299423456192, rewards:-9.373611111111112, queue:0.34270833333333334, delay:0.023996061748928495, throughput:1453
episode:125/200, real avg travel time:169.9511355815554
Test step:125/200, travel time :168.8554714384033, rewards:-8.983610704210069, queue:0.3302951388888889, delay:0.023192161983913846, throughput:1453
New best test ATT=168.8555 at episode 125 (saved model/best_*.pt)
step:3600/3600, q_loss:0.21831753849983215, rewards:-9.833611382378471, queue:0.3560763888888889, delay:0.02479458385043674, throughput:1452
episode:126/200, real avg travel time:170.57575757575756
Test step:126/200, travel time :170.2455295735901, rewards:-9.415277099609375, queue:0.3446180555555556, delay:0.024244941605461968, throughput:1454
step:3600/3600, q_loss:0.21909035742282867, rewards:-9.36777818467882, queue:0.34270833333333334, delay:0.024163291189405654, throughput:1455
episode:127/200, real avg travel time:170.22061855670103
Test step:127/200, travel time :170.46969696969697, rewards:-9.706389024522569, queue:0.35355902777777776, delay:0.024594269858466255, throughput:1452
step:3600/3600, q_loss:0.21674850583076477, rewards:-9.570277913411458, queue:0.35182291666666665, delay:0.024206225077311197, throughput:1454
episode:128/200, real avg travel time:170.1643741403026
Test step:128/200, travel time :169.7147766323024, rewards:-9.455832248263889, queue:0.34574652777777776, delay:0.02408578395843506, throughput:1455
step:3600/3600, q_loss:0.22164882719516754, rewards:-9.636109754774306, queue:0.35138888888888886, delay:0.024295973777770995, throughput:1453
episode:129/200, real avg travel time:170.37302133516863
Test step:129/200, travel time :169.84033035099793, rewards:-9.415833875868056, queue:0.3455729166666667, delay:0.023648198445638022, throughput:1453
step:3600/3600, q_loss:0.22100120782852173, rewards:-9.426944308810764, queue:0.34652777777777777, delay:0.024120370546976726, throughput:1453
episode:130/200, real avg travel time:169.9015829318651
Test step:130/200, travel time :169.3324156916724, rewards:-9.10333251953125, queue:0.3362847222222222, delay:0.023761844635009764, throughput:1453
step:3600/3600, q_loss:0.21687142550945282, rewards:-9.478888617621529, queue:0.34609375, delay:0.024303269386291505, throughput:1454
episode:131/200, real avg travel time:170.31911966987622
Test step:131/200, travel time :170.2924982794219, rewards:-9.589999050564236, queue:0.3497395833333333, delay:0.024331161710951062, throughput:1453
step:3600/3600, q_loss:0.21603462100028992, rewards:-10.078888617621528, queue:0.36796875, delay:0.02484371927049425, throughput:1455
episode:132/200, real avg travel time:171.29965635738833
Test step:132/200, travel time :169.51928374655648, rewards:-9.153611246744791, queue:0.3368923611111111, delay:0.023322068320380317, throughput:1452
step:3600/3600, q_loss:0.22155947983264923, rewards:-9.241110568576389, queue:0.3384548611111111, delay:0.023410206370883518, throughput:1454
episode:133/200, real avg travel time:169.32462173314994
Test step:133/200, travel time :170.0041265474553, rewards:-9.529999457465278, queue:0.3497395833333333, delay:0.02401164107852512, throughput:1454
step:3600/3600, q_loss:0.2131349742412567, rewards:-9.580277506510416, queue:0.3493923611111111, delay:0.023989152908325196, throughput:1455
episode:134/200, real avg travel time:170.25910652920962
Test step:134/200, travel time :169.17881705639616, rewards:-9.058054606119791, queue:0.3328125, delay:0.02351586553785536, throughput:1454
step:3600/3600, q_loss:0.218275785446167, rewards:-9.030832926432291, queue:0.33307291666666666, delay:0.023518604702419704, throughput:1453
episode:135/200, real avg travel time:169.6132140399174
Test step:135/200, travel time :170.12603305785123, rewards:-9.316666666666666, queue:0.34149305555555554, delay:0.023935084872775608, throughput:1452
step:3600/3600, q_loss:0.21844527125358582, rewards:-9.383888075086805, queue:0.3423611111111111, delay:0.023686104350619845, throughput:1452
episode:136/200, real avg travel time:170.04889807162533
Test step:136/200, travel time :170.14068965517242, rewards:-9.620277235243055, queue:0.35086805555555556, delay:0.024267061551411947, throughput:1450
step:3600/3600, q_loss:0.2102281004190445, rewards:-9.315555148654514, queue:0.3411458333333333, delay:0.023430601755777995, throughput:1456
episode:137/200, real avg travel time:169.6243131868132
Test step:137/200, travel time :170.37689133425033, rewards:-9.588332790798612, queue:0.3488715277777778, delay:0.023742845323350695, throughput:1454
step:3600/3600, q_loss:0.2172202616930008, rewards:-9.519167073567708, queue:0.3450520833333333, delay:0.02389764255947537, throughput:1455
episode:138/200, real avg travel time:170.29209621993127
Test step:138/200, travel time :169.8960770818995, rewards:-9.30638902452257, queue:0.33967013888888886, delay:0.024064228269788955, throughput:1453
step:3600/3600, q_loss:0.2235403209924698, rewards:-9.260276963975695, queue:0.34227430555555555, delay:0.02377978695763482, throughput:1455
episode:139/200, real avg travel time:169.62199312714776
Test step:139/200, travel time :170.60206185567012, rewards:-9.609722222222222, queue:0.35182291666666665, delay:0.024323527018229166, throughput:1455
step:3600/3600, q_loss:0.21616804599761963, rewards:-9.337777370876736, queue:0.34131944444444445, delay:0.024055608113606772, throughput:1455
episode:140/200, real avg travel time:169.9512027491409
Test step:140/200, travel time :170.71202749140895, rewards:-9.748610432942709, queue:0.3521701388888889, delay:0.024193644523620605, throughput:1455
step:3600/3600, q_loss:0.2138855755329132, rewards:-9.300554741753473, queue:0.3412326388888889, delay:0.024018035994635686, throughput:1454
episode:141/200, real avg travel time:169.70976616231087
Test step:141/200, travel time :169.51925722145805, rewards:-9.172222222222222, queue:0.33489583333333334, delay:0.02313996950785319, throughput:1454
step:3600/3600, q_loss:0.21775291860103607, rewards:-8.942499457465278, queue:0.328125, delay:0.023263181580437553, throughput:1456
episode:142/200, real avg travel time:168.9993131868132
Test step:142/200, travel time :169.4277854195323, rewards:-9.11083238389757, queue:0.3346354166666667, delay:0.023885668648613825, throughput:1454
step:3600/3600, q_loss:0.2151729166507721, rewards:-9.273055691189237, queue:0.3407118055555556, delay:0.02388356261783176, throughput:1455
episode:143/200, real avg travel time:169.83092783505154
Test step:143/200, travel time :169.59821428571428, rewards:-8.980277506510417, queue:0.3333333333333333, delay:0.023650145530700682, throughput:1456
step:3600/3600, q_loss:0.21108287572860718, rewards:-9.803888617621528, queue:0.35824652777777777, delay:0.02476341724395752, throughput:1454
episode:144/200, real avg travel time:171.13548830811555
Test step:144/200, travel time :169.71134020618555, rewards:-9.20111083984375, queue:0.33758680555555554, delay:0.0238859044180976, throughput:1455
step:3600/3600, q_loss:0.21676839888095856, rewards:-9.293333604600694, queue:0.34322916666666664, delay:0.023802338706122503, throughput:1456
episode:145/200, real avg travel time:170.19986263736263
Test step:145/200, travel time :169.8653846153846, rewards:-9.351944986979166, queue:0.3431423611111111, delay:0.023931312561035156, throughput:1456
step:3600/3600, q_loss:0.2148880660533905, rewards:-9.808333333333334, queue:0.3578125, delay:0.02430828677283393, throughput:1452
episode:146/200, real avg travel time:170.64462809917356
Test step:146/200, travel time :169.09834938101787, rewards:-8.95861070421007, queue:0.3290798611111111, delay:0.023491753472222224, throughput:1454
step:3600/3600, q_loss:0.2178994119167328, rewards:-9.359165445963542, queue:0.3441840277777778, delay:0.024133067660861544, throughput:1453
episode:147/200, real avg travel time:169.89951823812802
Test step:147/200, travel time :168.5938144329897, rewards:-8.719722493489583, queue:0.32005208333333335, delay:0.023148115475972494, throughput:1455
New best test ATT=168.5938 at episode 147 (saved model/best_*.pt)
step:3600/3600, q_loss:0.21780234575271606, rewards:-9.437221272786458, queue:0.3453125, delay:0.024108187357584635, throughput:1455
episode:148/200, real avg travel time:170.39931271477664
Test step:148/200, travel time :170.38350515463918, rewards:-9.595833333333333, queue:0.3493923611111111, delay:0.024422385957505968, throughput:1455
step:3600/3600, q_loss:0.21846157312393188, rewards:-9.164166259765626, queue:0.3368055555555556, delay:0.02373154428270128, throughput:1456
episode:149/200, real avg travel time:169.5473901098901
Test step:149/200, travel time :169.70632737276478, rewards:-9.219722493489583, queue:0.33984375, delay:0.02356114387512207, throughput:1454
step:3600/3600, q_loss:0.2232089787721634, rewards:-9.924722629123265, queue:0.3625, delay:0.024658478630913628, throughput:1456
episode:150/200, real avg travel time:171.32486263736263
Test step:150/200, travel time :169.24828060522697, rewards:-9.089444308810764, queue:0.3324652777777778, delay:0.022933485772874622, throughput:1454
step:3600/3600, q_loss:0.22430117428302765, rewards:-9.042499457465278, queue:0.33185763888888886, delay:0.02358620431688097, throughput:1454
episode:151/200, real avg travel time:169.58872077028886
Test step:151/200, travel time :170.18475274725276, rewards:-9.491666666666667, queue:0.3472222222222222, delay:0.023960982428656685, throughput:1456
step:3600/3600, q_loss:0.22108781337738037, rewards:-9.448887803819444, queue:0.34756944444444443, delay:0.02436589929792616, throughput:1454
episode:152/200, real avg travel time:170.3486932599725
Test step:152/200, travel time :169.11393273850376, rewards:-8.858610704210069, queue:0.3256076388888889, delay:0.023136581314934623, throughput:1457
step:3600/3600, q_loss:0.2181456834077835, rewards:-9.479722086588541, queue:0.34817708333333336, delay:0.023885342809889052, throughput:1453
episode:153/200, real avg travel time:170.01376462491396
Test step:153/200, travel time :169.92582417582418, rewards:-9.440555826822917, queue:0.34427083333333336, delay:0.023627010981241862, throughput:1456
step:3600/3600, q_loss:0.2209455966949463, rewards:-9.285833062065972, queue:0.34097222222222223, delay:0.024027045567830405, throughput:1454
episode:154/200, real avg travel time:169.8700137551582
Test step:154/200, travel time :170.22711631108052, rewards:-9.522500271267361, queue:0.3494791666666667, delay:0.024267816543579103, throughput:1453
step:3600/3600, q_loss:0.22256620228290558, rewards:-9.541944715711805, queue:0.34930555555555554, delay:0.02407036887274848, throughput:1455
episode:155/200, real avg travel time:170.4
Test step:155/200, travel time :171.30171821305842, rewards:-9.895833333333334, queue:0.35746527777777776, delay:0.024978780746459962, throughput:1455
step:3600/3600, q_loss:0.22472889721393585, rewards:-9.664166259765626, queue:0.3536458333333333, delay:0.024208034409417045, throughput:1453
episode:156/200, real avg travel time:170.50516173434275
Test step:156/200, travel time :170.1424638678596, rewards:-9.472222222222221, queue:0.34748263888888886, delay:0.023939363161722817, throughput:1453
step:3600/3600, q_loss:0.22309735417366028, rewards:-9.6441650390625, queue:0.3502604166666667, delay:0.02445753680335151, throughput:1455
episode:157/200, real avg travel time:170.78487972508591
Test step:157/200, travel time :169.55189003436425, rewards:-9.185277642144097, queue:0.3372395833333333, delay:0.023231707678900825, throughput:1455
step:3600/3600, q_loss:0.22479048371315002, rewards:-9.56222195095486, queue:0.34878472222222223, delay:0.02374916606479221, throughput:1454
episode:158/200, real avg travel time:170.33356258596973
Test step:158/200, travel time :170.13745704467354, rewards:-9.398055013020834, queue:0.34175347222222224, delay:0.0233379152086046, throughput:1455
step:3600/3600, q_loss:0.22637301683425903, rewards:-9.433888753255209, queue:0.3472222222222222, delay:0.023839781019422742, throughput:1454
episode:159/200, real avg travel time:169.95116918844568
Test step:159/200, travel time :170.3920220082531, rewards:-9.61333279079861, queue:0.34835069444444444, delay:0.023927357461717393, throughput:1454
step:3600/3600, q_loss:0.22011812031269073, rewards:-9.735833740234375, queue:0.35520833333333335, delay:0.02428461710611979, throughput:1455
episode:160/200, real avg travel time:170.41168384879725
Test step:160/200, travel time :170.58459422283357, rewards:-9.570555284288194, queue:0.34696180555555556, delay:0.02422105736202664, throughput:1454
step:3600/3600, q_loss:0.22405649721622467, rewards:-9.538055419921875, queue:0.3497395833333333, delay:0.024069280094570582, throughput:1455
episode:161/200, real avg travel time:170.33883161512028
Test step:161/200, travel time :170.76288659793815, rewards:-9.737778049045138, queue:0.3559027777777778, delay:0.02426365746392144, throughput:1455
step:3600/3600, q_loss:0.22426089644432068, rewards:-9.661387803819444, queue:0.3521701388888889, delay:0.024482321739196778, throughput:1454
episode:162/200, real avg travel time:170.31224209078405
Test step:162/200, travel time :169.6790378006873, rewards:-9.0875, queue:0.334375, delay:0.02363368140326606, throughput:1455
step:3600/3600, q_loss:0.22523121535778046, rewards:-9.402777777777779, queue:0.34227430555555555, delay:0.023819375038146972, throughput:1451
episode:163/200, real avg travel time:169.74638180565128
Test step:163/200, travel time :169.16735537190084, rewards:-9.17611083984375, queue:0.3338541666666667, delay:0.02326131926642524, throughput:1452
step:3600/3600, q_loss:0.2248653769493103, rewards:-9.619999186197917, queue:0.3529513888888889, delay:0.02466599941253662, throughput:1456
episode:164/200, real avg travel time:170.75343406593407
Test step:164/200, travel time :169.8602890571232, rewards:-9.347777642144097, queue:0.3423611111111111, delay:0.02373981475830078, throughput:1453
step:3600/3600, q_loss:0.22949041426181793, rewards:-9.561665852864584, queue:0.3486111111111111, delay:0.023898431989881726, throughput:1455
episode:165/200, real avg travel time:170.17869415807561
Test step:165/200, travel time :169.10598761183758, rewards:-8.978611246744792, queue:0.3311631944444444, delay:0.023454401228162978, throughput:1453
step:3600/3600, q_loss:0.2286066710948944, rewards:-9.16583251953125, queue:0.33402777777777776, delay:0.023257700602213542, throughput:1453
episode:166/200, real avg travel time:169.0984170681349
Test step:166/200, travel time :169.18006872852234, rewards:-9.093054877387154, queue:0.3328993055555556, delay:0.023330733511182998, throughput:1455
step:3600/3600, q_loss:0.2269294559955597, rewards:-9.234999593098959, queue:0.33741319444444445, delay:0.02343613041771783, throughput:1455
episode:167/200, real avg travel time:169.57113402061856
Test step:167/200, travel time :170.31727460426703, rewards:-9.746388075086806, queue:0.3550347222222222, delay:0.024192651112874348, throughput:1453
step:3600/3600, q_loss:0.22349458932876587, rewards:-9.556944444444444, queue:0.3489583333333333, delay:0.02387636767493354, throughput:1455
episode:168/200, real avg travel time:170.11546391752577
Test step:168/200, travel time :169.73695054945054, rewards:-9.386944580078126, queue:0.3423611111111111, delay:0.02330315907796224, throughput:1456
step:3600/3600, q_loss:0.22346466779708862, rewards:-8.8647216796875, queue:0.32699652777777777, delay:0.022739929623074, throughput:1454
episode:169/200, real avg travel time:168.84594222833562
Test step:169/200, travel time :168.38900343642612, rewards:-8.622776963975694, queue:0.31753472222222223, delay:0.022777099079555937, throughput:1455
New best test ATT=168.3890 at episode 169 (saved model/best_*.pt)
step:3600/3600, q_loss:0.2209155559539795, rewards:-9.355554877387153, queue:0.3440972222222222, delay:0.023888150850931805, throughput:1455
episode:170/200, real avg travel time:170.05223367697596
Test step:170/200, travel time :169.5735900962861, rewards:-9.155277506510417, queue:0.3345486111111111, delay:0.02387526035308838, throughput:1454
step:3600/3600, q_loss:0.21860864758491516, rewards:-9.516666666666667, queue:0.3449652777777778, delay:0.02365382777320014, throughput:1455
episode:171/200, real avg travel time:169.7635738831615
Test step:171/200, travel time :169.37113402061857, rewards:-9.093055555555555, queue:0.3329861111111111, delay:0.023370941480000813, throughput:1455
step:3600/3600, q_loss:0.2197122424840927, rewards:-9.350833468967014, queue:0.34401041666666665, delay:0.023632232348124185, throughput:1454
episode:172/200, real avg travel time:169.87551581843192
Test step:172/200, travel time :169.82874828060523, rewards:-9.253888617621527, queue:0.3388888888888889, delay:0.023620594872368707, throughput:1454
step:3600/3600, q_loss:0.22141329944133759, rewards:-9.20138888888889, queue:0.3359375, delay:0.023560571670532226, throughput:1453
episode:173/200, real avg travel time:169.73778389538884
Test step:173/200, travel time :169.95804676753784, rewards:-9.361388481987847, queue:0.34322916666666664, delay:0.024177161852518718, throughput:1454
step:3600/3600, q_loss:0.22442199289798737, rewards:-9.641388617621528, queue:0.35208333333333336, delay:0.024215838644239637, throughput:1455
episode:174/200, real avg travel time:170.39656357388316
Test step:174/200, travel time :169.21168384879726, rewards:-8.931111653645834, queue:0.32925347222222223, delay:0.023334746890597873, throughput:1455
step:3600/3600, q_loss:0.22102171182632446, rewards:-9.556666395399306, queue:0.34878472222222223, delay:0.024072260326809352, throughput:1455
episode:175/200, real avg travel time:170.17319587628867
Test step:175/200, travel time :169.66254295532647, rewards:-9.196666124131944, queue:0.33741319444444445, delay:0.023693781428866915, throughput:1455
step:3600/3600, q_loss:0.2191006988286972, rewards:-8.83000013563368, queue:0.3256076388888889, delay:0.02293743822309706, throughput:1454
episode:176/200, real avg travel time:168.8019257221458
Test step:176/200, travel time :169.3495879120879, rewards:-9.095833333333333, queue:0.33185763888888886, delay:0.02326577239566379, throughput:1456
step:3600/3600, q_loss:0.2165001928806305, rewards:-9.520277235243055, queue:0.3473090277777778, delay:0.02395229869418674, throughput:1455
episode:177/200, real avg travel time:170.55257731958764
Test step:177/200, travel time :170.0041265474553, rewards:-9.485833062065971, queue:0.34791666666666665, delay:0.02387515703837077, throughput:1454
step:3600/3600, q_loss:0.21400943398475647, rewards:-9.988888888888889, queue:0.36223958333333334, delay:0.024229812622070312, throughput:1454
episode:178/200, real avg travel time:170.7895460797799
Test step:178/200, travel time :169.2233676975945, rewards:-9.01138916015625, queue:0.3287326388888889, delay:0.02286196814643012, throughput:1455
step:3600/3600, q_loss:0.21820518374443054, rewards:-9.431388346354167, queue:0.34444444444444444, delay:0.023792004585266112, throughput:1454
episode:179/200, real avg travel time:169.9401650618982
Test step:179/200, travel time :170.0171939477304, rewards:-9.417777506510417, queue:0.3459201388888889, delay:0.023675192726982965, throughput:1454
step:3600/3600, q_loss:0.22561629116535187, rewards:-9.813332790798611, queue:0.35772569444444446, delay:0.024549224641588, throughput:1453
episode:180/200, real avg travel time:170.88093599449414
Test step:180/200, travel time :171.05910652920963, rewards:-9.855832926432292, queue:0.3599826388888889, delay:0.024270025889078777, throughput:1455
step:3600/3600, q_loss:0.2295352965593338, rewards:-9.45111083984375, queue:0.346875, delay:0.023826736874050566, throughput:1453
episode:181/200, real avg travel time:169.9139710942877
Test step:181/200, travel time :170.40165061898213, rewards:-9.39472181532118, queue:0.3421875, delay:0.024278794394599068, throughput:1454
step:3600/3600, q_loss:0.2303258627653122, rewards:-9.65333251953125, queue:0.35555555555555557, delay:0.02446692254808214, throughput:1452
episode:182/200, real avg travel time:170.4214876033058
Test step:182/200, travel time :170.13333333333333, rewards:-9.609166124131944, queue:0.3497395833333333, delay:0.023915706740485296, throughput:1455
step:3600/3600, q_loss:0.22588524222373962, rewards:-9.603888617621529, queue:0.35303819444444445, delay:0.023730489942762587, throughput:1453
episode:183/200, real avg travel time:170.32622161046112
Test step:183/200, travel time :170.62947658402203, rewards:-9.848055691189236, queue:0.3578125, delay:0.02438122961256239, throughput:1452
step:3600/3600, q_loss:0.22912782430648804, rewards:-9.546111382378472, queue:0.35078125, delay:0.02437613010406494, throughput:1454
episode:184/200, real avg travel time:170.33218707015132
Test step:184/200, travel time :170.34821428571428, rewards:-9.367777506510416, queue:0.34383680555555557, delay:0.02398258845011393, throughput:1456
step:3600/3600, q_loss:0.2244667261838913, rewards:-8.95138888888889, queue:0.33133680555555556, delay:0.022985008027818467, throughput:1454
episode:185/200, real avg travel time:169.07015130674003
Test step:185/200, travel time :170.7807560137457, rewards:-9.604722764756945, queue:0.3515625, delay:0.023916596836513943, throughput:1455
step:3600/3600, q_loss:0.2196626216173172, rewards:-10.073610432942708, queue:0.36519097222222224, delay:0.02479756408267551, throughput:1454
episode:186/200, real avg travel time:171.34800550206327
Test step:186/200, travel time :169.78610729023384, rewards:-9.41222195095486, queue:0.3458333333333333, delay:0.023784263928731283, throughput:1454
step:3600/3600, q_loss:0.21888507902622223, rewards:-9.630277506510417, queue:0.353125, delay:0.023897178967793784, throughput:1453
episode:187/200, real avg travel time:170.37026841018582
Test step:187/200, travel time :170.10935350756534, rewards:-9.435000271267361, queue:0.34661458333333334, delay:0.023912172847323946, throughput:1454
step:3600/3600, q_loss:0.22333261370658875, rewards:-9.43638916015625, queue:0.3467881944444444, delay:0.02348394923739963, throughput:1453
episode:188/200, real avg travel time:169.949759119064
Test step:188/200, travel time :169.24638678596008, rewards:-9.068054877387153, queue:0.33359375, delay:0.02344574398464627, throughput:1453
step:3600/3600, q_loss:0.22375161945819855, rewards:-9.01166720920139, queue:0.3315972222222222, delay:0.0228567017449273, throughput:1454
episode:189/200, real avg travel time:169.4264099037139
Test step:189/200, travel time :170.46254295532646, rewards:-9.20749986436632, queue:0.3388888888888889, delay:0.02398743099636502, throughput:1455
step:3600/3600, q_loss:0.22378915548324585, rewards:-9.512776692708334, queue:0.34991319444444446, delay:0.024127599928114148, throughput:1454
episode:190/200, real avg travel time:170.53232462173315
Test step:190/200, travel time :170.31408934707903, rewards:-9.503055148654514, queue:0.3473090277777778, delay:0.023953098720974394, throughput:1455
step:3600/3600, q_loss:0.2199651300907135, rewards:-9.128333197699654, queue:0.33585069444444443, delay:0.02335648536682129, throughput:1454
episode:191/200, real avg travel time:169.4793672627235
Test step:191/200, travel time :168.7967032967033, rewards:-8.65861070421007, queue:0.3194444444444444, delay:0.02288801934983995, throughput:1456
step:3600/3600, q_loss:0.22304441034793854, rewards:-9.405000135633681, queue:0.34427083333333336, delay:0.023935129907396106, throughput:1455
episode:192/200, real avg travel time:170.30790378006873
Test step:192/200, travel time :170.05433287482805, rewards:-9.148610432942709, queue:0.33619791666666665, delay:0.023723453945583766, throughput:1454
step:3600/3600, q_loss:0.22596344351768494, rewards:-9.110000271267362, queue:0.33402777777777776, delay:0.023068001535203723, throughput:1454
episode:193/200, real avg travel time:169.57909215955985
Test step:193/200, travel time :169.4099037138927, rewards:-8.881111653645833, queue:0.3276909722222222, delay:0.02345128059387207, throughput:1454
step:3600/3600, q_loss:0.2201688587665558, rewards:-9.4375, queue:0.346875, delay:0.02357176144917806, throughput:1454
episode:194/200, real avg travel time:170.05914718019258
Test step:194/200, travel time :169.30144528561596, rewards:-9.063332790798611, queue:0.3329861111111111, delay:0.02332520220014784, throughput:1453
step:3600/3600, q_loss:0.2270209789276123, rewards:-9.552222357855904, queue:0.3480034722222222, delay:0.023846321635776095, throughput:1452
episode:195/200, real avg travel time:170.29338842975207
Test step:195/200, travel time :169.83757742601514, rewards:-9.29111056857639, queue:0.3407118055555556, delay:0.023374319076538086, throughput:1453
step:3600/3600, q_loss:0.23016272485256195, rewards:-9.706110975477431, queue:0.3533854166666667, delay:0.023771394623650445, throughput:1454
episode:196/200, real avg travel time:170.41884456671252
Test step:196/200, travel time :169.70054945054946, rewards:-9.140833875868056, queue:0.33541666666666664, delay:0.023568005032009547, throughput:1456
step:3600/3600, q_loss:0.22709596157073975, rewards:-9.704999457465277, queue:0.3551215277777778, delay:0.023930303255716958, throughput:1453
episode:197/200, real avg travel time:170.35099793530625
Test step:197/200, travel time :169.9993131868132, rewards:-9.3397216796875, queue:0.34322916666666664, delay:0.02369964917500814, throughput:1456
step:3600/3600, q_loss:0.2290145456790924, rewards:-9.384444173177084, queue:0.3449652777777778, delay:0.02351739936404758, throughput:1454
episode:198/200, real avg travel time:169.7104539202201
Test step:198/200, travel time :170.74845360824742, rewards:-9.681943766276042, queue:0.35164930555555557, delay:0.024247487386067707, throughput:1455
step:3600/3600, q_loss:0.2298172265291214, rewards:-9.091110568576388, queue:0.3346354166666667, delay:0.0238260375128852, throughput:1453
episode:199/200, real avg travel time:169.69580178940123
Test step:199/200, travel time :169.0996563573883, rewards:-9.008333333333333, queue:0.33350694444444445, delay:0.023104837205674914, throughput:1455
Final Travel Time is 169.0997, mean rewards: -9.0083, queue: 0.3335, delay: 0.0231, throughput: 1455
Saved 1473 vehicle trip records to data/output_data/tsc/sumo_dqn/sumo4x4/m0_homo/logger/new_metrics.csv (ATT=169.10s, completion=98.8%)
Best-checkpoint Travel Time is 169.5928 (episode 169, source=test)
Saved 1473 vehicle trip records to data/output_data/tsc/sumo_dqn/sumo4x4/m0_homo/logger/new_metrics_best.csv (ATT=169.59s, completion=98.7%)
Total time taken: 9082.914610862732
