colight	TRAIN	0	256.5	0.0	-337.10	6.23	0.06	1429
colight	TEST	0	701.7	100.0	-682.63	17.02	0.17	619
colight	TRAIN	1	253.3	0.0	-336.24	6.21	0.06	1427
colight	TEST	1	701.7	100.0	-682.63	17.02	0.17	619
colight	TRAIN	2	254.1	6.7	-336.21	6.20	0.06	1432
colight	TEST	2	707.4	100.0	-709.22	17.84	0.17	524
colight	TRAIN	3	266.5	4.0	-340.39	6.33	0.07	1432
colight	TEST	3	707.4	100.0	-709.22	17.84	0.17	524
colight	TRAIN	4	290.6	6.7	-348.50	6.58	0.07	1433
colight	TEST	4	589.0	100.0	-609.14	14.73	0.16	767
colight	TRAIN	5	248.8	13.6	-333.92	6.12	0.06	1430
colight	TEST	5	637.5	100.0	-654.62	16.14	0.16	646
colight	TRAIN	6	256.7	12.2	-336.46	6.21	0.07	1428
colight	TEST	6	706.0	100.0	-719.37	18.14	0.16	470
colight	TRAIN	7	259.8	7.2	-337.18	6.23	0.07	1435
colight	TEST	7	675.2	100.0	-693.68	17.35	0.16	522
colight	TRAIN	8	278.4	7.0	-344.05	6.45	0.07	1428
colight	TEST	8	626.9	100.0	-691.14	17.28	0.15	527
colight	TRAIN	9	310.9	6.8	-355.87	6.82	0.07	1432
colight	TEST	9	785.3	100.0	-734.34	18.63	0.16	441
colight	TRAIN	10	292.1	7.0	-348.39	6.58	0.07	1428
colight	TEST	10	863.0	100.0	-751.74	19.16	0.18	367
colight	TRAIN	11	306.1	7.4	-353.45	6.74	0.08	1425
colight	TEST	11	593.1	100.0	-619.12	15.03	0.15	761
colight	TRAIN	12	276.3	7.3	-341.94	6.38	0.08	1428
colight	TEST	12	769.4	100.0	-672.94	16.71	0.17	680
colight	TRAIN	13	264.5	7.8	-338.65	6.28	0.07	1423
colight	TEST	13	709.1	100.0	-716.46	18.08	0.15	512
colight	TRAIN	14	260.3	7.8	-336.69	6.21	0.07	1429
colight	TEST	14	698.7	100.0	-679.71	16.92	0.17	635
colight	TRAIN	15	265.8	7.4	-338.58	6.27	0.07	1431
colight	TEST	15	514.0	100.0	-532.42	12.33	0.15	971
colight	TRAIN	16	276.5	7.8	-342.34	6.40	0.08	1420
colight	TEST	16	506.3	100.0	-529.15	12.23	0.15	968
colight	TRAIN	17	276.8	7.6	-342.76	6.41	0.08	1416
colight	TEST	17	559.9	100.0	-543.91	12.70	0.15	959
colight	TRAIN	18	296.5	7.5	-350.60	6.64	0.07	1425
colight	TEST	18	652.0	100.0	-611.04	14.79	0.16	790
colight	TRAIN	19	263.8	7.7	-338.30	6.27	0.07	1420
colight	TEST	19	725.7	100.0	-707.66	17.80	0.17	524
colight	TRAIN	20	274.3	8.0	-340.93	6.36	0.08	1426
colight	TEST	20	593.3	100.0	-562.43	13.26	0.16	923
colight	TRAIN	21	285.0	7.8	-345.61	6.49	0.08	1426
colight	TEST	21	445.5	100.0	-573.14	13.61	0.14	776
colight	TRAIN	22	265.3	8.0	-344.64	6.46	0.07	1378
colight	TEST	22	726.1	100.0	-706.12	17.75	0.16	516
colight	TRAIN	23	269.5	8.5	-339.75	6.31	0.07	1427
colight	TEST	23	677.4	100.0	-665.82	16.48	0.16	648
colight	TRAIN	24	267.0	8.1	-338.99	6.29	0.07	1429
colight	TEST	24	721.9	100.0	-709.67	17.87	0.16	487
colight	TRAIN	25	288.4	7.5	-346.27	6.51	0.08	1424
colight	TEST	25	592.9	100.0	-594.73	14.28	0.15	806
colight	TRAIN	26	273.3	7.6	-341.67	6.37	0.08	1415
colight	TEST	26	510.2	100.0	-527.41	12.18	0.15	990
colight	TRAIN	27	278.3	7.9	-343.01	6.41	0.07	1427
colight	TEST	27	595.5	100.0	-576.73	13.71	0.14	855
colight	TRAIN	28	287.2	7.8	-345.50	6.48	0.08	1423
colight	TEST	28	523.3	100.0	-567.53	13.42	0.15	843
colight	TRAIN	29	273.0	7.7	-340.88	6.34	0.08	1417
colight	TEST	29	566.2	100.0	-540.37	12.57	0.13	987
colight	TRAIN	30	259.1	7.7	-336.14	6.21	0.07	1427
colight	TEST	30	525.0	100.0	-530.83	12.29	0.15	991
colight	TRAIN	31	266.4	7.5	-338.64	6.28	0.07	1423
colight	TEST	31	497.3	100.0	-548.91	12.84	0.14	884
colight	TRAIN	32	262.8	7.5	-338.38	6.27	0.07	1423
colight	TEST	32	603.9	100.0	-602.35	14.52	0.15	800
colight	TRAIN	33	265.7	7.1	-338.93	6.28	0.07	1424
colight	TEST	33	618.2	100.0	-571.76	13.55	0.15	941
colight	TRAIN	34	276.4	7.0	-342.40	6.38	0.07	1431
colight	TEST	34	589.0	100.0	-592.88	14.22	0.16	828
colight	TRAIN	35	267.1	7.2	-338.91	6.28	0.07	1428
colight	TEST	35	538.2	100.0	-529.65	12.24	0.14	1011
colight	TRAIN	36	274.0	7.0	-342.00	6.38	0.08	1414
colight	TEST	36	535.0	100.0	-522.97	12.03	0.14	1023
colight	TRAIN	37	263.3	6.8	-337.78	6.24	0.07	1429
colight	TEST	37	591.5	100.0	-526.60	12.14	0.14	1089
colight	TRAIN	38	271.2	6.5	-340.51	6.34	0.08	1416
colight	TEST	38	350.1	100.0	-386.12	7.75	0.10	1317
colight	TRAIN	39	268.7	7.0	-339.59	6.31	0.07	1420
colight	TEST	39	560.5	100.0	-543.54	12.68	0.15	974
colight	TRAIN	40	285.3	6.6	-350.04	6.64	0.08	1413
colight	TEST	40	492.9	100.0	-478.12	10.63	0.13	1158
colight	TRAIN	41	261.0	6.5	-337.38	6.24	0.07	1418
colight	TEST	41	616.3	100.0	-579.68	13.79	0.15	905
colight	TRAIN	42	273.7	6.7	-341.37	6.36	0.08	1432
colight	TEST	42	464.8	100.0	-506.94	11.54	0.14	1003
colight	TRAIN	43	290.4	6.5	-350.09	6.64	0.08	1404
colight	TEST	43	468.5	100.0	-486.59	10.90	0.13	1091
colight	TRAIN	44	270.9	6.3	-340.05	6.32	0.07	1430
colight	TEST	44	621.6	100.0	-530.46	12.27	0.15	1068
colight	TRAIN	45	265.1	6.5	-338.30	6.27	0.08	1420
colight	TEST	45	413.0	100.0	-468.19	10.32	0.13	1056
colight	TRAIN	46	263.8	5.7	-337.78	6.25	0.07	1423
colight	TEST	46	651.8	100.0	-617.82	14.99	0.15	835
colight	TRAIN	47	269.8	6.0	-340.35	6.33	0.07	1420
colight	TEST	47	638.1	100.0	-685.96	17.11	0.16	559
colight	TRAIN	48	274.7	5.8	-341.48	6.36	0.07	1425
colight	TEST	48	630.9	100.0	-703.88	17.67	0.15	489
colight	TRAIN	49	260.6	5.6	-337.40	6.23	0.07	1418
colight	TEST	49	602.0	100.0	-504.09	11.43	0.15	1163
colight	TRAIN	50	266.9	5.6	-339.33	6.30	0.07	1428
colight	TEST	50	509.0	100.0	-483.76	10.81	0.14	1128
colight	TRAIN	51	259.8	5.6	-336.69	6.22	0.07	1432
colight	TEST	51	704.1	100.0	-726.53	18.38	0.16	455
colight	TRAIN	52	265.7	5.6	-338.39	6.28	0.07	1423
colight	TEST	52	756.9	100.0	-721.87	18.24	0.16	482
colight	TRAIN	53	263.4	5.6	-338.11	6.25	0.07	1431
colight	TEST	53	498.7	100.0	-538.43	12.52	0.14	911
colight	TRAIN	54	264.7	5.6	-338.57	6.27	0.07	1416
colight	TEST	54	608.3	100.0	-536.47	12.45	0.16	1029
colight	TRAIN	55	251.4	5.7	-333.89	6.13	0.07	1425
colight	TEST	55	645.7	100.0	-525.67	12.11	0.15	1103
colight	TRAIN	56	262.9	5.4	-337.17	6.23	0.07	1430
colight	TEST	56	333.4	100.0	-385.81	7.76	0.08	1304
colight	TRAIN	57	276.8	5.5	-343.00	6.42	0.08	1419
colight	TEST	57	569.9	100.0	-547.96	12.82	0.14	981
colight	TRAIN	58	265.3	5.3	-338.64	6.28	0.08	1414
colight	TEST	58	531.6	100.0	-493.69	11.11	0.13	1130
colight	TRAIN	59	273.8	5.4	-347.39	6.54	0.08	1399
colight	TEST	59	546.2	100.0	-527.29	12.17	0.14	1031
colight	TRAIN	60	308.6	5.7	-364.40	7.09	0.08	1394
colight	TEST	60	725.6	100.0	-678.20	16.87	0.17	644
colight	TRAIN	61	263.5	7.9	-338.37	6.28	0.07	1421
colight	TEST	61	752.8	100.0	-685.22	17.09	0.15	632
colight	TRAIN	62	296.7	7.5	-354.24	6.76	0.08	1405
colight	TEST	62	681.1	100.0	-620.32	15.07	0.15	798
colight	TRAIN	63	258.5	6.5	-336.75	6.22	0.07	1413
colight	TEST	63	710.7	100.0	-669.81	16.61	0.15	704
colight	TRAIN	64	260.0	6.3	-336.85	6.22	0.07	1427
colight	TEST	64	704.3	100.0	-666.51	16.52	0.17	661
colight	TRAIN	65	277.3	6.7	-342.73	6.41	0.07	1432
colight	TEST	65	696.8	100.0	-664.18	16.44	0.14	691
colight	TRAIN	66	263.2	6.5	-337.35	6.25	0.08	1412
colight	TEST	66	637.6	100.0	-592.33	14.20	0.14	886
colight	TRAIN	67	268.8	6.5	-340.00	6.32	0.07	1424
colight	TEST	67	668.8	100.0	-609.47	14.74	0.15	836
colight	TRAIN	68	259.1	6.3	-336.33	6.21	0.07	1425
colight	TEST	68	699.5	100.0	-610.56	14.76	0.14	874
colight	TRAIN	69	269.8	6.4	-340.04	6.31	0.07	1424
colight	TEST	69	512.3	100.0	-549.10	12.85	0.15	904
colight	TRAIN	70	266.5	6.0	-338.35	6.27	0.07	1423
colight	TEST	70	746.4	100.0	-609.86	14.74	0.15	879
colight	TRAIN	71	263.4	6.2	-337.72	6.25	0.07	1424
colight	TEST	71	526.3	100.0	-498.52	11.26	0.14	1093
colight	TRAIN	72	275.2	6.5	-341.78	6.38	0.08	1431
colight	TEST	72	545.4	100.0	-526.85	12.15	0.14	988
colight	TRAIN	73	255.8	6.0	-335.25	6.17	0.07	1420
colight	TEST	73	765.2	100.0	-625.15	15.22	0.14	868
colight	TRAIN	74	264.3	6.1	-337.95	6.25	0.07	1435
colight	TEST	74	443.3	100.0	-480.44	10.71	0.12	1100
colight	TRAIN	75	257.0	5.6	-335.70	6.18	0.07	1420
colight	TEST	75	471.7	100.0	-464.96	10.21	0.12	1158
colight	TRAIN	76	255.9	5.6	-335.64	6.19	0.07	1415
colight	TEST	76	465.2	100.0	-452.22	9.82	0.12	1198
colight	TRAIN	77	262.4	5.0	-336.71	6.22	0.08	1432
colight	TEST	77	423.8	100.0	-415.60	8.68	0.11	1298
colight	TRAIN	78	248.6	5.0	-332.89	6.09	0.07	1430
colight	TEST	78	415.0	100.0	-453.65	9.87	0.11	1159
colight	TRAIN	79	256.5	4.7	-335.92	6.20	0.07	1425
colight	TEST	79	322.3	100.0	-376.95	7.48	0.09	1331
colight	TRAIN	80	262.3	5.1	-337.34	6.24	0.07	1427
colight	TEST	80	407.1	100.0	-432.37	9.20	0.11	1222
colight	TRAIN	81	257.4	4.7	-335.71	6.19	0.07	1425
colight	TEST	81	419.2	100.0	-398.33	8.12	0.12	1340
colight	TRAIN	82	251.3	4.4	-334.10	6.13	0.07	1422
colight	TEST	82	520.1	100.0	-472.88	10.46	0.14	1178
colight	TRAIN	83	261.4	4.5	-337.25	6.24	0.07	1429
colight	TEST	83	382.6	100.0	-423.69	8.93	0.11	1231
colight	TRAIN	84	251.9	4.8	-334.31	6.14	0.07	1425
colight	TEST	84	536.2	100.0	-511.15	11.65	0.13	1053
colight	TRAIN	85	250.4	4.4	-333.39	6.12	0.07	1433
colight	TEST	85	451.6	100.0	-502.02	11.39	0.11	1019
colight	TRAIN	86	269.8	4.5	-340.43	6.33	0.07	1423
colight	TEST	86	553.2	100.0	-558.24	13.13	0.13	910
colight	TRAIN	87	248.5	4.5	-332.56	6.09	0.07	1435
colight	TEST	87	514.0	100.0	-466.35	10.26	0.13	1194
colight	TRAIN	88	253.7	4.4	-334.57	6.15	0.07	1431
colight	TEST	88	548.8	100.0	-543.22	12.65	0.15	953
colight	TRAIN	89	252.6	4.4	-334.57	6.15	0.07	1424
colight	TEST	89	492.1	100.0	-520.18	11.94	0.13	976
colight	TRAIN	90	258.9	4.4	-335.95	6.20	0.07	1430
colight	TEST	90	357.9	100.0	-384.44	7.71	0.10	1342
colight	TRAIN	91	253.5	4.5	-334.67	6.16	0.07	1429
colight	TEST	91	433.5	100.0	-428.76	9.08	0.11	1230
colight	TRAIN	92	257.0	4.4	-335.57	6.19	0.07	1428
colight	TEST	92	516.0	100.0	-536.63	12.45	0.14	966
colight	TRAIN	93	257.4	4.5	-335.74	6.19	0.08	1409
colight	TEST	93	452.6	100.0	-444.37	9.58	0.12	1224
colight	TRAIN	94	251.0	4.6	-333.83	6.13	0.07	1427
colight	TEST	94	414.7	100.0	-411.16	8.54	0.11	1318
colight	TRAIN	95	261.2	4.3	-337.44	6.25	0.07	1415
colight	TEST	95	386.1	100.0	-398.70	8.15	0.11	1317
colight	TRAIN	96	248.9	4.6	-333.19	6.12	0.07	1427
colight	TEST	96	562.9	100.0	-467.61	10.29	0.13	1247
colight	TRAIN	97	248.4	4.9	-333.16	6.11	0.07	1423
colight	TEST	97	446.2	100.0	-487.52	10.92	0.13	1027
colight	TRAIN	98	255.0	4.8	-334.59	6.15	0.07	1427
colight	TEST	98	371.1	100.0	-387.65	7.80	0.10	1351
colight	TRAIN	99	252.8	4.5	-334.10	6.14	0.07	1431
colight	TEST	99	420.2	100.0	-402.30	8.26	0.11	1338
colight	TRAIN	100	262.9	4.6	-337.52	6.24	0.07	1427
colight	TEST	100	385.0	100.0	-446.90	9.65	0.11	1112
colight	TRAIN	101	258.6	4.9	-335.62	6.19	0.07	1426
colight	TEST	101	439.6	100.0	-415.03	8.65	0.12	1303
colight	TRAIN	102	246.1	4.6	-332.16	6.09	0.07	1429
colight	TEST	102	391.5	100.0	-399.85	8.19	0.11	1330
colight	TRAIN	103	255.4	4.3	-335.21	6.17	0.07	1420
colight	TEST	103	423.4	100.0	-404.01	8.30	0.12	1333
colight	TRAIN	104	253.8	4.4	-334.60	6.15	0.07	1428
colight	TEST	104	386.6	100.0	-395.12	8.04	0.10	1340
colight	TRAIN	105	250.2	4.0	-332.78	6.09	0.07	1421
colight	TEST	105	391.1	100.0	-387.85	7.80	0.12	1356
colight	TRAIN	106	257.6	4.4	-335.61	6.18	0.07	1428
colight	TEST	106	326.4	100.0	-361.45	6.99	0.10	1396
colight	TRAIN	107	249.0	4.3	-332.47	6.09	0.07	1429
colight	TEST	107	376.3	100.0	-379.33	7.53	0.11	1374
colight	TRAIN	108	243.9	4.2	-331.41	6.05	0.07	1423
colight	TEST	108	434.4	100.0	-415.32	8.66	0.10	1318
colight	TRAIN	109	243.2	4.3	-331.02	6.05	0.07	1424
colight	TEST	109	346.9	100.0	-420.93	8.84	0.10	1166
colight	TRAIN	110	249.6	4.3	-333.60	6.12	0.07	1426
colight	TEST	110	529.3	100.0	-621.41	15.11	0.12	706
colight	TRAIN	111	250.3	4.2	-333.27	6.11	0.07	1426
colight	TEST	111	378.2	100.0	-395.60	8.05	0.10	1289
colight	TRAIN	112	250.7	4.6	-333.30	6.11	0.07	1434
colight	TEST	112	306.5	100.0	-352.87	6.72	0.09	1412
colight	TRAIN	113	253.4	4.1	-334.53	6.15	0.07	1424
colight	TEST	113	340.5	100.0	-418.65	8.77	0.10	1163
colight	TRAIN	114	247.9	3.9	-332.72	6.09	0.07	1428
colight	TEST	114	838.3	100.0	-742.92	18.89	0.16	405
colight	TRAIN	115	245.9	4.2	-332.44	6.08	0.07	1425
colight	TEST	115	375.2	100.0	-452.54	9.83	0.11	1081
colight	TRAIN	116	238.2	4.4	-329.60	6.00	0.06	1434
colight	TEST	116	310.3	100.0	-407.59	8.43	0.09	1169
colight	TRAIN	117	248.4	4.7	-332.67	6.09	0.07	1432
colight	TEST	117	307.2	100.0	-394.03	8.01	0.09	1215
colight	TRAIN	118	242.1	4.1	-330.90	6.04	0.07	1431
colight	TEST	118	308.9	100.0	-354.52	6.78	0.08	1408
colight	TRAIN	119	245.0	3.9	-332.11	6.07	0.07	1425
colight	TEST	119	323.5	100.0	-358.49	6.89	0.10	1402
colight	TRAIN	120	250.0	4.0	-333.25	6.10	0.07	1429
colight	TEST	120	430.1	100.0	-399.58	8.16	0.12	1355
colight	TRAIN	121	241.2	4.1	-330.71	6.03	0.07	1426
colight	TEST	121	285.6	100.0	-343.63	6.43	0.09	1416
colight	TRAIN	122	249.3	4.0	-333.20	6.11	0.07	1435
colight	TEST	122	348.5	100.0	-412.62	8.58	0.09	1198
colight	TRAIN	123	240.4	4.0	-330.83	6.04	0.06	1424
colight	TEST	123	461.1	100.0	-425.31	8.98	0.11	1303
colight	TRAIN	124	244.1	4.3	-331.42	6.06	0.07	1432
colight	TEST	124	358.9	100.0	-376.83	7.46	0.10	1373
colight	TRAIN	125	248.2	4.0	-332.59	6.09	0.07	1426
colight	TEST	125	364.4	100.0	-375.80	7.43	0.11	1370
colight	TRAIN	126	241.5	3.9	-330.42	6.02	0.07	1424
colight	TEST	126	333.9	100.0	-366.40	7.15	0.09	1384
colight	TRAIN	127	242.2	4.3	-330.49	6.02	0.07	1426
colight	TEST	127	372.8	100.0	-380.19	7.58	0.11	1368
colight	TRAIN	128	240.5	4.4	-330.53	6.03	0.06	1431
colight	TEST	128	310.1	100.0	-355.16	6.79	0.09	1398
colight	TRAIN	129	247.2	4.5	-332.33	6.08	0.07	1427
colight	TEST	129	354.2	100.0	-371.04	7.28	0.10	1385
colight	TRAIN	130	249.3	4.5	-333.22	6.10	0.07	1427
colight	TEST	130	371.1	100.0	-380.37	7.57	0.11	1364
colight	TRAIN	131	252.7	4.9	-334.04	6.13	0.07	1435
colight	TEST	131	347.8	100.0	-368.03	7.18	0.10	1389
colight	TRAIN	132	240.2	5.1	-330.08	6.01	0.07	1430
colight	TEST	132	427.7	100.0	-408.40	8.44	0.11	1335
colight	TRAIN	133	247.5	5.2	-332.49	6.09	0.07	1427
colight	TEST	133	494.7	100.0	-437.70	9.36	0.12	1284
colight	TRAIN	134	243.6	4.9	-331.79	6.06	0.07	1425
colight	TEST	134	451.0	100.0	-413.67	8.60	0.11	1339
colight	TRAIN	135	252.9	5.1	-334.09	6.14	0.07	1429
colight	TEST	135	406.2	100.0	-388.91	7.84	0.10	1395
colight	TRAIN	136	241.3	5.2	-330.58	6.02	0.07	1425
colight	TEST	136	391.3	100.0	-422.17	8.88	0.11	1202
colight	TRAIN	137	249.8	5.0	-333.03	6.10	0.07	1430
colight	TEST	137	630.1	100.0	-556.16	13.05	0.14	962
colight	TRAIN	138	249.5	4.8	-333.42	6.12	0.07	1428
colight	TEST	138	380.5	100.0	-381.26	7.60	0.10	1374
colight	TRAIN	139	244.2	4.6	-332.21	6.08	0.07	1424
colight	TEST	139	498.3	100.0	-455.64	9.92	0.13	1219
colight	TRAIN	140	242.3	4.5	-330.40	6.02	0.07	1436
colight	TEST	140	402.0	100.0	-397.32	8.09	0.11	1331
colight	TRAIN	141	241.7	4.5	-330.57	6.02	0.07	1427
colight	TEST	141	350.8	100.0	-375.44	7.42	0.09	1371
colight	TRAIN	142	249.6	4.8	-333.13	6.11	0.07	1426
colight	TEST	142	306.9	100.0	-361.91	7.00	0.09	1366
colight	TRAIN	143	249.1	4.6	-332.97	6.10	0.07	1428
colight	TEST	143	428.2	100.0	-425.34	8.97	0.11	1267
colight	TRAIN	144	235.7	4.5	-329.32	5.99	0.06	1419
colight	TEST	144	316.0	100.0	-361.47	6.99	0.09	1386
colight	TRAIN	145	245.9	4.5	-332.23	6.08	0.07	1428
colight	TEST	145	372.8	100.0	-383.04	7.66	0.10	1361
colight	TRAIN	146	245.0	4.7	-331.71	6.07	0.07	1424
colight	TEST	146	276.2	100.0	-344.84	6.48	0.08	1408
colight	TRAIN	147	252.0	4.7	-334.71	6.16	0.07	1422
colight	TEST	147	331.3	100.0	-361.10	6.97	0.09	1407
colight	TRAIN	148	244.0	4.8	-331.66	6.06	0.07	1428
colight	TEST	148	313.7	100.0	-360.10	6.94	0.09	1398
colight	TRAIN	149	244.7	4.7	-331.68	6.06	0.07	1434
colight	TEST	149	294.9	100.0	-348.99	6.60	0.08	1408
colight	TRAIN	150	248.3	4.3	-332.84	6.09	0.07	1431
colight	TEST	150	384.3	100.0	-421.75	8.87	0.11	1212
colight	TRAIN	151	241.9	4.7	-331.18	6.04	0.06	1424
colight	TEST	151	330.6	100.0	-364.14	7.07	0.10	1388
colight	TRAIN	152	246.6	5.3	-332.20	6.07	0.07	1430
colight	TEST	152	465.9	100.0	-453.68	9.85	0.12	1206
colight	TRAIN	153	241.6	5.0	-330.69	6.04	0.07	1425
colight	TEST	153	352.4	100.0	-369.92	7.25	0.10	1392
colight	TRAIN	154	240.1	4.4	-330.22	6.02	0.07	1428
colight	TEST	154	382.2	100.0	-425.65	8.99	0.11	1192
colight	TRAIN	155	250.3	4.3	-333.64	6.12	0.07	1429
colight	TEST	155	332.8	100.0	-369.09	7.22	0.10	1369
colight	TRAIN	156	249.1	4.7	-332.92	6.10	0.07	1428
colight	TEST	156	497.8	100.0	-439.30	9.41	0.13	1272
colight	TRAIN	157	252.4	4.2	-334.38	6.13	0.07	1426
colight	TEST	157	371.6	100.0	-380.41	7.58	0.11	1365
colight	TRAIN	158	243.0	4.4	-330.93	6.04	0.07	1430
colight	TEST	158	435.8	100.0	-452.82	9.84	0.12	1168
colight	TRAIN	159	248.6	4.4	-332.82	6.10	0.07	1426
colight	TEST	159	401.8	100.0	-395.39	8.04	0.11	1339
colight	TRAIN	160	248.2	4.1	-332.79	6.09	0.07	1426
colight	TEST	160	453.1	100.0	-445.27	9.59	0.12	1202
colight	TRAIN	161	244.4	4.3	-331.76	6.08	0.07	1429
colight	TEST	161	511.1	100.0	-448.96	9.70	0.11	1265
colight	TRAIN	162	246.5	4.5	-332.12	6.08	0.07	1431
colight	TEST	162	422.6	100.0	-402.45	8.27	0.11	1343
colight	TRAIN	163	247.8	4.2	-332.32	6.08	0.07	1432
colight	TEST	163	324.1	100.0	-356.29	6.82	0.10	1406
colight	TRAIN	164	246.1	4.1	-332.33	6.09	0.07	1424
colight	TEST	164	293.5	100.0	-347.38	6.55	0.09	1414
colight	TRAIN	165	246.6	4.1	-332.36	6.09	0.07	1421
colight	TEST	165	390.1	100.0	-394.49	8.03	0.11	1325
colight	TRAIN	166	242.8	4.0	-331.23	6.05	0.06	1435
colight	TEST	166	420.8	100.0	-414.80	8.64	0.12	1288
colight	TRAIN	167	243.8	4.2	-331.49	6.05	0.07	1433
colight	TEST	167	415.9	100.0	-449.46	9.73	0.11	1157
colight	TRAIN	168	244.3	4.1	-331.56	6.06	0.07	1421
colight	TEST	168	317.7	100.0	-358.82	6.90	0.09	1395
colight	TRAIN	169	253.8	4.3	-334.31	6.15	0.07	1425
colight	TEST	169	336.6	100.0	-371.90	7.32	0.09	1369
colight	TRAIN	170	250.3	4.6	-333.43	6.12	0.07	1425
colight	TEST	170	309.0	100.0	-355.45	6.79	0.09	1388
colight	TRAIN	171	249.3	4.5	-333.20	6.11	0.07	1427
colight	TEST	171	340.0	100.0	-368.86	7.21	0.10	1376
colight	TRAIN	172	249.3	4.8	-332.89	6.10	0.07	1427
colight	TEST	172	406.9	100.0	-415.21	8.65	0.12	1271
colight	TRAIN	173	244.5	5.6	-331.85	6.06	0.07	1416
colight	TEST	173	310.6	100.0	-356.17	6.82	0.08	1392
colight	TRAIN	174	245.1	5.1	-332.16	6.07	0.07	1420
colight	TEST	174	345.4	100.0	-369.15	7.23	0.10	1384
colight	TRAIN	175	246.5	5.0	-332.21	6.08	0.07	1428
colight	TEST	175	320.8	100.0	-356.80	6.84	0.09	1401
colight	TRAIN	176	252.9	4.9	-334.75	6.16	0.07	1422
colight	TEST	176	413.0	100.0	-511.47	11.68	0.11	1001
colight	TRAIN	177	247.2	4.9	-332.68	6.08	0.07	1425
colight	TEST	177	400.2	100.0	-477.79	10.63	0.11	1094
colight	TRAIN	178	244.2	5.1	-331.93	6.07	0.07	1428
colight	TEST	178	403.4	100.0	-429.04	9.09	0.11	1222
colight	TRAIN	179	253.1	4.9	-334.44	6.15	0.07	1431
colight	TEST	179	351.0	100.0	-407.82	8.43	0.11	1241
colight	TRAIN	180	246.7	5.1	-332.78	6.10	0.07	1421
colight	TEST	180	290.6	100.0	-346.09	6.51	0.08	1417
colight	TRAIN	181	249.8	5.1	-333.51	6.12	0.07	1433
colight	TEST	181	420.7	100.0	-434.03	9.24	0.11	1220
colight	TRAIN	182	255.0	5.1	-335.10	6.16	0.07	1424
colight	TEST	182	297.5	100.0	-367.25	7.17	0.09	1357
colight	TRAIN	183	244.3	5.0	-331.38	6.05	0.07	1429
colight	TEST	183	322.7	100.0	-362.87	7.02	0.09	1389
colight	TRAIN	184	245.6	4.8	-331.64	6.06	0.07	1433
colight	TEST	184	273.1	100.0	-340.12	6.33	0.08	1425
colight	TRAIN	185	241.1	5.5	-330.42	6.02	0.07	1426
colight	TEST	185	372.3	100.0	-387.58	7.80	0.11	1338
colight	TRAIN	186	243.2	5.3	-330.91	6.04	0.07	1423
colight	TEST	186	364.7	100.0	-379.74	7.55	0.10	1366
colight	TRAIN	187	240.6	4.9	-330.57	6.02	0.07	1418
colight	TEST	187	334.2	100.0	-367.63	7.19	0.10	1373
colight	TRAIN	188	247.7	5.1	-332.44	6.08	0.07	1431
colight	TEST	188	337.6	100.0	-392.92	7.98	0.10	1282
colight	TRAIN	189	242.1	5.2	-330.70	6.03	0.07	1432
colight	TEST	189	425.1	100.0	-416.12	8.69	0.12	1285
colight	TRAIN	190	249.2	5.2	-333.02	6.10	0.07	1427
colight	TEST	190	429.7	100.0	-419.42	8.80	0.12	1280
colight	TRAIN	191	245.8	5.0	-331.64	6.06	0.07	1425
colight	TEST	191	310.9	100.0	-359.39	6.92	0.08	1402
colight	TRAIN	192	247.0	4.8	-332.24	6.08	0.07	1434
colight	TEST	192	279.4	100.0	-343.74	6.44	0.08	1412
colight	TRAIN	193	247.8	5.1	-332.48	6.10	0.07	1428
colight	TEST	193	296.1	100.0	-356.27	6.82	0.08	1383
colight	TRAIN	194	246.5	4.3	-332.00	6.07	0.07	1425
colight	TEST	194	256.6	100.0	-335.83	6.19	0.07	1420
colight	TRAIN	195	247.9	4.7	-332.56	6.08	0.07	1434
colight	TEST	195	410.9	100.0	-422.55	8.89	0.12	1229
colight	TRAIN	196	241.9	4.6	-331.01	6.04	0.07	1419
colight	TEST	196	345.7	100.0	-367.63	7.17	0.10	1403
colight	TRAIN	197	244.5	4.5	-331.58	6.06	0.07	1426
colight	TEST	197	315.0	100.0	-354.96	6.77	0.10	1398
colight	TRAIN	198	250.1	4.4	-333.03	6.11	0.07	1429
colight	TEST	198	367.1	100.0	-405.45	8.35	0.10	1278
colight	TRAIN	199	247.2	4.4	-333.07	6.11	0.07	1422
colight	TEST	199	312.2	100.0	-358.77	6.90	0.09	1386
