colight	TRAIN	0	416.6	0.0	-296.81	8.30	0.22	858
colight	HELDOUT	0	527.4	100.0	-457.37	11.78	0.43	107
colight	HELDOUT	0	549.9	100.0	-460.39	11.92	0.43	117
colight	HELDOUT	0	558.3	100.0	-475.49	12.13	0.43	97
colight	HELDOUT_MEAN	0	545.2	100.0	0.00	0.00	0.00	0
colight	TRAIN	1	381.3	0.0	-296.55	8.40	0.23	913
colight	TRAIN	2	432.1	0.0	-327.75	8.83	0.25	846
colight	TRAIN	3	419.9	0.0	-299.21	8.29	0.25	849
colight	TRAIN	4	395.2	0.0	-287.91	8.10	0.22	914
colight	TRAIN	5	411.4	28.2	-293.66	8.18	0.23	895
colight	TRAIN	6	413.4	20.9	-320.39	8.77	0.25	910
colight	TRAIN	7	403.5	25.3	-328.71	9.02	0.27	832
colight	TRAIN	8	453.0	32.7	-342.70	9.45	0.29	848
colight	TRAIN	9	400.4	26.9	-307.77	8.43	0.24	721
colight	TRAIN	10	422.8	41.0	-300.53	8.18	0.23	736
colight	HELDOUT	10	355.9	100.0	-392.87	10.79	0.27	353
colight	HELDOUT	10	331.8	100.0	-392.03	10.85	0.27	352
colight	HELDOUT	10	383.0	100.0	-416.57	11.11	0.28	284
colight	HELDOUT_MEAN	10	356.9	100.0	0.00	0.00	0.00	0
colight	TRAIN	11	405.4	43.3	-309.98	8.55	0.25	676
colight	TRAIN	12	419.6	41.6	-318.18	8.86	0.25	784
colight	TRAIN	13	404.6	45.0	-352.10	9.78	0.31	750
colight	TRAIN	14	417.9	53.9	-344.35	9.38	0.27	749
colight	TRAIN	15	490.9	52.9	-351.69	9.51	0.28	710
colight	TRAIN	16	430.1	48.3	-348.29	9.40	0.27	728
colight	TRAIN	17	423.4	44.2	-380.49	10.31	0.30	616
colight	TRAIN	18	401.1	44.9	-375.91	10.19	0.29	662
colight	TRAIN	19	437.1	59.1	-357.58	9.76	0.29	633
colight	TRAIN	20	405.6	46.0	-326.25	9.18	0.25	703
colight	HELDOUT	20	362.6	100.0	-386.87	10.76	0.29	347
colight	HELDOUT	20	346.8	100.0	-384.67	10.71	0.28	336
colight	HELDOUT	20	358.7	100.0	-385.68	10.70	0.28	359
colight	HELDOUT_MEAN	20	356.0	100.0	0.00	0.00	0.00	0
colight	TRAIN	21	368.9	52.2	-344.35	9.65	0.25	607
colight	TRAIN	22	363.4	61.7	-359.37	10.02	0.27	573
colight	TRAIN	23	407.0	53.8	-341.99	9.62	0.29	639
colight	TRAIN	24	421.6	64.5	-356.13	10.01	0.27	639
colight	TRAIN	25	379.9	65.5	-351.55	9.92	0.27	513
colight	TRAIN	26	360.4	60.4	-360.15	10.09	0.27	508
colight	TRAIN	27	347.3	52.8	-365.93	10.23	0.27	463
colight	TRAIN	28	392.4	52.6	-343.42	9.54	0.28	663
colight	TRAIN	29	349.7	51.0	-359.85	10.02	0.27	486
colight	TRAIN	30	413.2	77.3	-364.54	9.88	0.28	532
colight	HELDOUT	30	424.4	100.0	-416.87	11.60	0.34	347
colight	HELDOUT	30	377.2	100.0	-424.61	11.72	0.35	406
colight	HELDOUT	30	406.6	100.0	-424.61	11.68	0.35	359
colight	HELDOUT_MEAN	30	402.7	100.0	0.00	0.00	0.00	0
colight	TRAIN	31	471.0	59.3	-393.80	10.84	0.31	465
colight	TRAIN	32	460.9	51.1	-407.44	11.12	0.34	444
colight	TRAIN	33	463.6	51.8	-391.83	10.90	0.33	560
colight	TRAIN	34	369.4	50.5	-391.47	10.80	0.29	387
colight	TRAIN	35	405.1	51.9	-376.24	10.43	0.29	461
colight	TRAIN	36	362.9	64.4	-370.92	10.34	0.28	451
colight	TRAIN	37	388.3	68.9	-389.00	10.75	0.30	402
colight	TRAIN	38	355.2	61.0	-378.51	10.52	0.28	378
colight	TRAIN	39	391.8	45.9	-375.01	10.15	0.28	399
colight	TRAIN	40	416.3	44.2	-380.78	10.42	0.29	381
colight	HELDOUT	40	330.2	100.0	-388.73	10.75	0.29	342
colight	HELDOUT	40	336.1	100.0	-382.21	10.65	0.28	347
colight	HELDOUT	40	340.5	100.0	-396.20	10.87	0.29	334
colight	HELDOUT_MEAN	40	335.6	100.0	0.00	0.00	0.00	0
colight	TRAIN	41	342.2	42.0	-387.85	10.75	0.28	356
colight	TRAIN	42	340.6	44.9	-393.92	10.85	0.29	347
colight	TRAIN	43	512.3	41.5	-402.42	10.89	0.37	248
colight	TRAIN	44	380.4	54.1	-389.72	10.50	0.34	317
colight	TRAIN	45	365.0	47.3	-384.68	10.68	0.30	406
colight	TRAIN	46	341.5	52.9	-386.62	10.84	0.28	375
colight	TRAIN	47	344.1	47.1	-381.70	10.68	0.28	389
colight	TRAIN	48	409.0	56.0	-403.42	10.98	0.28	331
colight	TRAIN	49	368.1	42.7	-387.26	10.65	0.28	361
colight	TRAIN	50	377.7	56.1	-388.57	10.63	0.29	358
colight	HELDOUT	50	441.0	100.0	-385.72	10.44	0.36	253
colight	HELDOUT	50	427.1	100.0	-396.98	10.74	0.37	283
colight	HELDOUT	50	503.4	100.0	-426.47	10.93	0.38	193
colight	HELDOUT_MEAN	50	457.2	100.0	0.00	0.00	0.00	0
colight	TRAIN	51	342.3	44.8	-382.05	10.60	0.30	374
colight	TRAIN	52	358.9	54.5	-389.89	10.72	0.31	387
colight	TRAIN	53	575.6	63.4	-410.84	11.08	0.37	337
colight	TRAIN	54	449.7	56.3	-417.51	11.38	0.34	335
colight	TRAIN	55	390.1	46.5	-359.57	9.91	0.32	487
colight	TRAIN	56	484.3	51.1	-423.48	11.29	0.35	372
colight	TRAIN	57	506.4	56.1	-407.39	11.03	0.33	447
colight	TRAIN	58	321.1	50.8	-388.74	10.77	0.27	369
colight	TRAIN	59	382.0	54.7	-387.79	10.66	0.28	328
colight	TRAIN	60	342.7	42.7	-394.40	10.80	0.28	329
colight	HELDOUT	60	369.4	100.0	-387.70	10.74	0.29	344
colight	HELDOUT	60	353.0	100.0	-388.91	10.78	0.28	348
colight	HELDOUT	60	377.4	100.0	-395.32	10.84	0.29	332
colight	HELDOUT_MEAN	60	366.6	100.0	0.00	0.00	0.00	0
colight	TRAIN	61	380.2	40.6	-390.04	10.82	0.30	343
colight	TRAIN	62	345.9	43.3	-400.52	10.97	0.29	363
colight	TRAIN	63	373.3	47.7	-392.29	10.84	0.29	331
colight	TRAIN	64	348.5	39.9	-390.46	10.76	0.28	362
colight	TRAIN	65	341.8	42.0	-387.98	10.69	0.28	371
colight	TRAIN	66	316.0	39.5	-392.39	10.84	0.28	351
colight	TRAIN	67	340.3	32.4	-377.06	10.53	0.28	359
colight	TRAIN	68	338.3	37.9	-376.96	10.52	0.27	376
colight	TRAIN	69	401.1	45.8	-356.74	9.84	0.30	550
colight	TRAIN	70	494.1	49.2	-396.12	10.81	0.33	417
colight	HELDOUT	70	397.9	100.0	-409.07	11.30	0.32	340
colight	HELDOUT	70	369.8	100.0	-417.97	11.39	0.34	407
colight	HELDOUT	70	407.1	100.0	-427.23	11.62	0.35	362
colight	HELDOUT_MEAN	70	391.6	100.0	0.00	0.00	0.00	0
colight	TRAIN	71	369.9	38.5	-348.54	9.58	0.29	607
colight	TRAIN	72	441.3	37.9	-398.24	10.91	0.31	468
colight	TRAIN	73	425.0	39.6	-370.82	10.41	0.28	431
colight	TRAIN	74	328.7	44.9	-393.39	10.82	0.28	362
colight	TRAIN	75	338.4	51.9	-369.05	10.34	0.28	388
colight	TRAIN	76	388.0	52.4	-374.46	10.48	0.28	394
colight	TRAIN	77	335.8	42.9	-385.21	10.76	0.28	359
colight	TRAIN	78	343.1	47.8	-381.81	10.67	0.28	361
colight	TRAIN	79	401.6	46.8	-386.28	10.61	0.28	352
colight	TRAIN	80	346.4	41.9	-379.78	10.55	0.27	358
colight	HELDOUT	80	350.4	100.0	-385.47	10.72	0.27	389
colight	HELDOUT	80	336.5	100.0	-382.92	10.70	0.27	365
colight	HELDOUT	80	366.9	100.0	-394.26	10.90	0.29	349
colight	HELDOUT_MEAN	80	351.3	100.0	0.00	0.00	0.00	0
colight	TRAIN	81	308.2	40.1	-377.80	10.52	0.27	379
colight	TRAIN	82	346.8	46.8	-399.85	11.07	0.29	385
colight	TRAIN	83	348.7	56.2	-389.71	10.79	0.28	361
colight	TRAIN	84	333.8	49.5	-388.75	10.79	0.28	381
colight	TRAIN	85	312.7	44.2	-389.34	10.81	0.28	346
colight	TRAIN	86	334.1	39.2	-376.60	10.50	0.28	381
colight	TRAIN	87	340.5	37.8	-386.40	10.80	0.29	372
colight	TRAIN	88	322.1	39.1	-379.41	10.61	0.27	366
colight	TRAIN	89	416.0	38.4	-386.01	10.55	0.28	368
colight	TRAIN	90	353.3	34.9	-392.42	10.80	0.27	375
colight	HELDOUT	90	350.7	100.0	-384.92	10.69	0.28	368
colight	HELDOUT	90	339.0	100.0	-381.40	10.70	0.28	352
colight	HELDOUT	90	356.5	100.0	-390.36	10.78	0.29	340
colight	HELDOUT_MEAN	90	348.7	100.0	0.00	0.00	0.00	0
colight	TRAIN	91	334.2	33.3	-382.70	10.71	0.28	365
colight	TRAIN	92	366.7	39.2	-387.61	10.75	0.29	405
colight	TRAIN	93	351.6	42.2	-386.05	10.71	0.29	353
colight	TRAIN	94	356.8	29.7	-388.98	10.77	0.28	349
colight	TRAIN	95	354.7	37.7	-406.45	10.97	0.27	283
colight	TRAIN	96	344.3	37.1	-378.50	10.55	0.28	373
colight	TRAIN	97	353.2	33.0	-384.11	10.72	0.29	374
colight	TRAIN	98	345.9	32.0	-377.45	10.55	0.27	403
colight	TRAIN	99	371.6	29.2	-385.89	10.64	0.28	349
colight	TRAIN	100	327.0	27.7	-395.18	10.90	0.28	368
colight	HELDOUT	100	351.4	100.0	-384.01	10.67	0.28	385
colight	HELDOUT	100	335.7	100.0	-384.81	10.74	0.28	358
colight	HELDOUT	100	370.6	100.0	-411.40	11.04	0.29	289
colight	HELDOUT_MEAN	100	352.6	100.0	0.00	0.00	0.00	0
colight	TRAIN	101	341.4	30.0	-383.33	10.74	0.28	365
colight	TRAIN	102	331.9	27.9	-386.39	10.75	0.29	424
colight	TRAIN	103	344.2	25.1	-387.22	10.76	0.29	352
colight	TRAIN	104	344.1	23.9	-378.28	10.45	0.28	389
colight	TRAIN	105	320.8	25.4	-380.69	10.55	0.28	363
colight	TRAIN	106	357.1	22.1	-376.31	10.53	0.29	386
colight	TRAIN	107	343.1	23.1	-384.73	10.74	0.29	370
colight	TRAIN	108	320.6	20.0	-382.37	10.73	0.28	373
colight	TRAIN	109	370.1	20.5	-388.58	10.72	0.27	363
colight	TRAIN	110	355.9	20.2	-385.63	10.68	0.26	377
colight	HELDOUT	110	363.3	100.0	-383.29	10.68	0.28	372
colight	HELDOUT	110	342.2	100.0	-379.52	10.62	0.27	371
colight	HELDOUT	110	342.2	100.0	-393.64	10.89	0.28	335
colight	HELDOUT_MEAN	110	349.2	100.0	0.00	0.00	0.00	0
colight	TRAIN	111	355.6	17.1	-382.34	10.69	0.28	372
colight	TRAIN	112	348.7	20.6	-395.43	11.01	0.29	391
colight	TRAIN	113	341.5	19.5	-389.20	10.85	0.28	351
colight	TRAIN	114	347.9	16.2	-386.50	10.72	0.28	359
colight	TRAIN	115	317.0	18.2	-379.36	10.54	0.27	372
colight	TRAIN	116	359.8	17.9	-378.81	10.58	0.28	385
colight	TRAIN	117	346.4	21.4	-381.90	10.72	0.29	393
colight	TRAIN	118	337.4	21.0	-386.65	10.83	0.28	377
colight	TRAIN	119	381.3	22.8	-387.38	10.67	0.28	379
colight	TRAIN	120	344.7	22.4	-394.70	10.93	0.27	348
colight	HELDOUT	120	353.7	100.0	-382.59	10.66	0.28	389
colight	HELDOUT	120	369.0	100.0	-402.75	10.91	0.27	308
colight	HELDOUT	120	348.0	100.0	-391.04	10.84	0.28	348
colight	HELDOUT_MEAN	120	356.9	100.0	0.00	0.00	0.00	0
colight	TRAIN	121	335.8	22.2	-379.05	10.63	0.29	354
colight	TRAIN	122	336.9	24.5	-385.71	10.77	0.28	431
colight	TRAIN	123	346.6	23.6	-393.45	10.91	0.29	344
colight	TRAIN	124	338.9	22.8	-389.03	10.78	0.28	383
colight	TRAIN	125	316.7	20.2	-381.22	10.62	0.28	363
colight	TRAIN	126	347.9	20.7	-377.86	10.58	0.28	378
colight	TRAIN	127	333.7	22.3	-377.23	10.56	0.29	393
colight	TRAIN	128	334.3	25.1	-384.34	10.79	0.28	388
colight	TRAIN	129	387.5	23.0	-398.94	10.79	0.28	306
colight	TRAIN	130	347.7	22.7	-385.84	10.70	0.27	373
colight	HELDOUT	130	366.1	100.0	-383.44	10.71	0.27	398
colight	HELDOUT	130	341.4	100.0	-384.83	10.77	0.28	358
colight	HELDOUT	130	341.4	100.0	-388.87	10.78	0.28	363
colight	HELDOUT_MEAN	130	349.6	100.0	0.00	0.00	0.00	0
colight	TRAIN	131	340.8	22.9	-380.69	10.71	0.28	383
colight	TRAIN	132	360.4	22.2	-389.04	10.86	0.28	412
colight	TRAIN	133	356.4	24.0	-392.28	10.88	0.28	353
colight	TRAIN	134	345.0	24.3	-382.47	10.55	0.27	422
colight	TRAIN	135	344.5	25.9	-384.83	10.70	0.28	369
colight	TRAIN	136	375.7	23.6	-400.37	10.89	0.28	313
colight	TRAIN	137	348.2	22.3	-390.16	10.90	0.29	360
colight	TRAIN	138	323.4	23.7	-381.62	10.62	0.27	381
colight	TRAIN	139	368.6	24.2	-382.66	10.54	0.27	387
colight	TRAIN	140	343.5	23.5	-390.25	10.80	0.28	346
colight	HELDOUT	140	335.7	100.0	-382.83	10.69	0.27	363
colight	HELDOUT	140	345.9	100.0	-387.28	10.79	0.28	364
colight	HELDOUT	140	352.6	100.0	-389.30	10.78	0.28	365
colight	HELDOUT_MEAN	140	344.7	100.0	0.00	0.00	0.00	0
colight	TRAIN	141	334.5	24.9	-378.16	10.58	0.28	385
colight	TRAIN	142	371.0	23.9	-388.55	10.83	0.28	412
colight	TRAIN	143	358.3	23.1	-389.50	10.82	0.28	368
colight	TRAIN	144	324.3	20.9	-392.28	10.82	0.28	370
colight	TRAIN	145	338.0	23.7	-384.68	10.67	0.27	374
colight	TRAIN	146	340.3	24.1	-384.17	10.68	0.28	368
colight	TRAIN	147	344.0	25.3	-383.44	10.75	0.29	377
colight	TRAIN	148	326.7	22.8	-382.64	10.69	0.28	378
colight	TRAIN	149	395.1	24.1	-375.54	10.34	0.27	402
colight	TRAIN	150	382.8	25.4	-408.09	10.96	0.28	287
colight	HELDOUT	150	361.5	100.0	-396.14	10.86	0.28	344
colight	HELDOUT	150	339.4	100.0	-379.43	10.59	0.27	372
colight	HELDOUT	150	380.6	100.0	-405.53	10.95	0.28	306
colight	HELDOUT_MEAN	150	360.5	100.0	0.00	0.00	0.00	0
colight	TRAIN	151	338.0	22.6	-380.48	10.67	0.28	377
colight	TRAIN	152	364.1	21.7	-392.49	10.92	0.29	409
colight	TRAIN	153	348.6	21.4	-387.41	10.77	0.28	376
colight	TRAIN	154	323.6	21.9	-378.93	10.58	0.27	377
colight	TRAIN	155	339.1	20.6	-382.04	10.66	0.27	386
colight	TRAIN	156	356.8	19.1	-378.20	10.57	0.28	402
colight	TRAIN	157	349.8	21.0	-379.25	10.58	0.29	391
colight	TRAIN	158	357.3	18.4	-383.77	10.74	0.27	386
colight	TRAIN	159	378.2	20.9	-389.89	10.73	0.29	332
colight	TRAIN	160	328.4	20.1	-389.32	10.75	0.27	348
colight	HELDOUT	160	359.0	100.0	-387.25	10.73	0.27	375
colight	HELDOUT	160	351.1	100.0	-376.75	10.57	0.28	376
colight	HELDOUT	160	355.8	100.0	-389.91	10.79	0.28	363
colight	HELDOUT_MEAN	160	355.3	100.0	0.00	0.00	0.00	0
colight	TRAIN	161	374.4	18.5	-383.78	10.73	0.28	384
colight	TRAIN	162	336.3	18.7	-393.30	10.96	0.29	380
colight	TRAIN	163	377.9	18.7	-382.47	10.63	0.28	369
colight	TRAIN	164	340.0	18.9	-389.67	10.78	0.28	392
colight	TRAIN	165	328.6	20.5	-381.74	10.63	0.27	365
colight	TRAIN	166	316.5	19.0	-385.51	10.70	0.28	375
colight	TRAIN	167	370.3	21.0	-380.06	10.66	0.29	411
colight	TRAIN	168	339.7	20.2	-389.53	10.77	0.28	371
colight	TRAIN	169	364.4	17.1	-381.15	10.56	0.27	374
colight	TRAIN	170	372.9	18.8	-385.20	10.66	0.28	387
colight	HELDOUT	170	372.6	100.0	-385.23	10.72	0.28	390
colight	HELDOUT	170	336.6	100.0	-379.00	10.64	0.27	385
colight	HELDOUT	170	340.4	100.0	-388.39	10.78	0.29	371
colight	HELDOUT_MEAN	170	349.9	100.0	0.00	0.00	0.00	0
colight	TRAIN	171	349.4	18.2	-383.76	10.75	0.29	363
colight	TRAIN	172	364.9	18.7	-388.71	10.84	0.29	394
colight	TRAIN	173	348.0	16.6	-389.26	10.79	0.28	391
colight	TRAIN	174	348.5	19.9	-388.25	10.77	0.28	393
colight	TRAIN	175	330.5	18.0	-395.40	10.76	0.27	301
colight	TRAIN	176	348.1	18.7	-387.12	10.76	0.28	370
colight	TRAIN	177	343.5	19.2	-382.93	10.74	0.29	361
colight	TRAIN	178	351.0	21.9	-379.26	10.60	0.27	402
colight	TRAIN	179	361.7	21.6	-385.60	10.63	0.28	335
colight	TRAIN	180	369.1	19.8	-386.29	10.67	0.27	374
colight	HELDOUT	180	368.7	100.0	-384.36	10.70	0.28	389
colight	HELDOUT	180	341.6	100.0	-376.63	10.57	0.28	373
colight	HELDOUT	180	400.1	100.0	-421.44	11.20	0.28	291
colight	HELDOUT_MEAN	180	370.1	100.0	0.00	0.00	0.00	0
colight	TRAIN	181	368.7	21.5	-387.30	10.83	0.29	379
colight	TRAIN	182	358.3	19.3	-391.63	10.86	0.28	419
colight	TRAIN	183	337.2	19.7	-388.25	10.81	0.28	380
colight	TRAIN	184	318.4	19.2	-389.44	10.78	0.28	366
colight	TRAIN	185	284.6	21.7	-383.36	10.64	0.28	340
colight	TRAIN	186	336.2	17.2	-384.09	10.69	0.28	364
colight	TRAIN	187	342.7	18.3	-381.75	10.67	0.29	377
colight	TRAIN	188	315.6	20.2	-383.03	10.74	0.28	352
colight	TRAIN	189	387.6	18.4	-379.46	10.48	0.28	366
colight	HELDOUT	500	348.3	100.0	-386.41	10.74	0.28	361
colight	HELDOUT	500	347.2	100.0	-386.15	10.78	0.28	346
colight	HELDOUT	500	352.0	100.0	-395.88	10.91	0.28	348
colight	HELDOUT_MEAN	500	349.2	100.0	0.00	0.00	0.00	0
colight	HELDOUT	40	339.2	100.0	-386.38	10.70	0.28	363
colight	HELDOUT	40	322.8	100.0	-382.90	10.68	0.28	336
colight	HELDOUT	40	342.4	100.0	-395.62	10.90	0.29	341
colight	HELDOUT_MEAN	40	334.8	100.0	0.00	0.00	0.00	0
