dqn	TRAIN	0	235.9	0.0	-322.93	5.71	0.05	673
dqn	HELDOUT	0	434.0	100.0	-453.40	9.80	0.10	282
dqn	HELDOUT	0	438.2	100.0	-459.36	9.99	0.11	296
dqn	HELDOUT	0	445.8	100.0	-460.46	10.02	0.11	288
dqn	HELDOUT_MEAN	0	439.3	100.0	0.00	0.00	0.00	0
dqn	TRAIN	1	252.6	0.0	-328.94	5.89	0.05	702
dqn	TRAIN	2	233.8	0.0	-324.65	5.76	0.05	725
dqn	TRAIN	3	252.0	0.0	-331.84	5.98	0.06	768
dqn	TRAIN	4	238.3	0.0	-324.50	5.76	0.05	677
dqn	TRAIN	5	267.4	61.6	-363.18	6.97	0.07	525
dqn	TRAIN	6	446.6	67.1	-423.45	8.84	0.11	398
dqn	TRAIN	7	417.7	111.0	-419.03	8.71	0.11	456
dqn	TRAIN	8	432.0	120.6	-418.90	8.69	0.11	459
dqn	TRAIN	9	451.3	93.6	-409.01	8.39	0.10	486
dqn	TRAIN	10	448.2	77.0	-400.00	8.10	0.10	474
dqn	HELDOUT	10	449.6	100.0	-467.21	10.21	0.11	250
dqn	HELDOUT	10	476.9	100.0	-477.23	10.53	0.12	253
dqn	HELDOUT	10	453.7	100.0	-470.61	10.32	0.12	257
dqn	HELDOUT_MEAN	10	460.1	100.0	0.00	0.00	0.00	0
dqn	TRAIN	11	401.8	68.8	-413.25	8.52	0.10	414
dqn	TRAIN	12	391.4	60.6	-393.89	7.91	0.10	506
dqn	TRAIN	13	407.5	51.8	-404.77	8.25	0.10	567
dqn	TRAIN	14	418.0	44.7	-383.52	7.60	0.09	536
dqn	TRAIN	15	349.2	38.3	-378.97	7.46	0.09	550
dqn	TRAIN	16	362.9	33.7	-378.72	7.44	0.09	573
dqn	TRAIN	17	339.7	30.8	-374.78	7.34	0.09	585
dqn	TRAIN	18	352.3	27.9	-374.00	7.30	0.08	615
dqn	TRAIN	19	342.2	25.9	-359.39	6.84	0.09	645
dqn	TRAIN	20	335.2	24.7	-353.99	6.67	0.08	622
dqn	HELDOUT	20	335.0	100.0	-419.04	8.71	0.09	386
dqn	HELDOUT	20	345.8	100.0	-420.09	8.75	0.10	418
dqn	HELDOUT	20	321.5	100.0	-419.50	8.73	0.10	399
dqn	HELDOUT_MEAN	20	334.1	100.0	0.00	0.00	0.00	0
dqn	TRAIN	21	315.5	22.3	-352.17	6.62	0.08	643
dqn	TRAIN	22	322.6	21.8	-365.46	7.03	0.08	629
dqn	TRAIN	23	292.4	21.6	-357.86	6.80	0.08	674
dqn	TRAIN	24	293.7	20.9	-342.01	6.30	0.07	636
dqn	TRAIN	25	283.7	20.5	-345.55	6.41	0.08	647
dqn	TRAIN	26	289.3	20.1	-347.82	6.48	0.07	648
dqn	TRAIN	27	279.4	19.9	-340.15	6.24	0.07	695
dqn	TRAIN	28	283.7	19.6	-345.86	6.41	0.07	692
dqn	TRAIN	29	295.9	19.4	-344.64	6.37	0.08	670
dqn	TRAIN	30	296.6	19.5	-345.50	6.40	0.07	605
dqn	HELDOUT	30	329.2	100.0	-391.69	7.85	0.08	488
dqn	HELDOUT	30	318.2	100.0	-400.91	8.13	0.09	499
dqn	HELDOUT	30	317.1	100.0	-395.20	7.96	0.09	488
dqn	HELDOUT_MEAN	30	321.5	100.0	0.00	0.00	0.00	0
dqn	TRAIN	31	286.2	19.2	-339.52	6.23	0.07	668
dqn	TRAIN	32	288.4	19.0	-343.76	6.36	0.08	666
dqn	TRAIN	33	280.9	18.8	-346.53	6.43	0.08	724
dqn	TRAIN	34	284.9	18.3	-340.74	6.26	0.07	633
dqn	TRAIN	35	299.4	17.6	-344.52	6.38	0.08	672
dqn	TRAIN	36	280.8	17.0	-339.33	6.20	0.07	683
dqn	TRAIN	37	276.5	16.3	-338.83	6.19	0.07	698
dqn	TRAIN	38	253.1	15.8	-331.98	5.98	0.07	724
dqn	TRAIN	39	269.9	15.3	-336.24	6.12	0.07	685
dqn	TRAIN	40	259.0	14.7	-329.42	5.90	0.06	644
dqn	HELDOUT	40	289.3	100.0	-370.73	7.20	0.09	532
dqn	HELDOUT	40	305.9	100.0	-380.65	7.51	0.09	563
dqn	HELDOUT	40	299.3	100.0	-376.17	7.37	0.09	548
dqn	HELDOUT_MEAN	40	298.2	100.0	0.00	0.00	0.00	0
dqn	TRAIN	41	259.4	14.4	-334.01	6.05	0.06	685
dqn	TRAIN	42	253.8	14.0	-330.81	5.94	0.06	703
dqn	TRAIN	43	250.9	13.6	-332.41	6.01	0.07	756
dqn	TRAIN	44	260.3	13.4	-329.38	5.91	0.06	663
dqn	TRAIN	45	249.9	13.0	-328.90	5.89	0.06	700
dqn	TRAIN	46	252.0	12.6	-333.69	6.04	0.06	687
dqn	TRAIN	47	243.2	12.3	-328.31	5.86	0.06	724
dqn	TRAIN	48	239.5	12.2	-326.90	5.84	0.06	739
dqn	TRAIN	49	245.8	12.2	-325.83	5.80	0.06	709
dqn	TRAIN	50	250.1	11.9	-328.23	5.87	0.06	651
dqn	HELDOUT	50	273.7	100.0	-347.29	6.46	0.07	622
dqn	HELDOUT	50	272.4	100.0	-344.99	6.39	0.08	660
dqn	HELDOUT	50	279.2	100.0	-346.57	6.44	0.08	645
dqn	HELDOUT_MEAN	50	275.1	100.0	0.00	0.00	0.00	0
dqn	TRAIN	51	247.8	11.7	-327.08	5.83	0.06	701
dqn	TRAIN	52	252.7	11.6	-330.51	5.94	0.06	693
dqn	TRAIN	53	239.3	11.5	-328.06	5.86	0.06	766
dqn	TRAIN	54	236.9	11.6	-322.16	5.68	0.05	671
dqn	TRAIN	55	236.6	11.4	-324.09	5.74	0.06	713
dqn	TRAIN	56	231.4	11.4	-322.86	5.70	0.06	713
dqn	TRAIN	57	245.7	11.3	-327.33	5.83	0.06	722
dqn	TRAIN	58	231.4	11.2	-324.50	5.74	0.06	731
dqn	TRAIN	59	238.2	11.1	-324.44	5.75	0.05	714
dqn	TRAIN	60	246.8	11.0	-325.49	5.78	0.06	669
dqn	HELDOUT	60	284.7	100.0	-361.92	6.91	0.07	559
dqn	HELDOUT	60	290.4	100.0	-361.41	6.88	0.07	611
dqn	HELDOUT	60	295.4	100.0	-365.49	7.02	0.08	579
dqn	HELDOUT_MEAN	60	290.2	100.0	0.00	0.00	0.00	0
dqn	TRAIN	61	235.1	11.0	-322.93	5.69	0.05	702
dqn	TRAIN	62	233.1	11.0	-322.91	5.70	0.05	722
dqn	TRAIN	63	231.4	10.9	-325.20	5.78	0.06	770
dqn	TRAIN	64	227.5	10.9	-321.06	5.65	0.05	682
dqn	TRAIN	65	226.1	10.8	-321.54	5.65	0.05	718
dqn	TRAIN	66	230.5	10.8	-322.65	5.69	0.05	721
dqn	TRAIN	67	223.9	10.8	-321.38	5.64	0.05	736
dqn	TRAIN	68	220.6	10.8	-320.83	5.63	0.05	747
dqn	TRAIN	69	225.2	10.8	-320.83	5.65	0.05	718
dqn	TRAIN	70	222.0	10.7	-319.16	5.58	0.05	678
dqn	HELDOUT	70	241.1	100.0	-334.34	6.05	0.06	654
dqn	HELDOUT	70	248.2	100.0	-338.20	6.17	0.07	678
dqn	HELDOUT	70	246.4	100.0	-337.12	6.12	0.06	657
dqn	HELDOUT_MEAN	70	245.2	100.0	0.00	0.00	0.00	0
dqn	TRAIN	71	225.3	10.7	-320.82	5.64	0.05	710
dqn	TRAIN	72	223.8	10.6	-321.54	5.65	0.05	725
dqn	TRAIN	73	219.0	10.6	-320.91	5.65	0.05	779
dqn	TRAIN	74	221.8	10.7	-318.62	5.57	0.05	687
dqn	TRAIN	75	221.1	10.5	-319.74	5.60	0.05	724
dqn	TRAIN	76	221.5	10.5	-321.03	5.63	0.05	712
dqn	TRAIN	77	222.0	10.5	-321.07	5.64	0.05	737
dqn	TRAIN	78	218.1	10.5	-321.13	5.65	0.05	738
dqn	TRAIN	79	220.6	10.4	-320.14	5.62	0.05	715
dqn	TRAIN	80	231.3	10.5	-321.47	5.66	0.05	674
dqn	HELDOUT	80	271.6	100.0	-358.82	6.83	0.07	588
dqn	HELDOUT	80	275.7	100.0	-344.76	6.39	0.07	657
dqn	HELDOUT	80	291.0	100.0	-349.24	6.53	0.07	641
dqn	HELDOUT_MEAN	80	279.4	100.0	0.00	0.00	0.00	0
dqn	TRAIN	81	224.7	10.5	-320.62	5.63	0.05	713
dqn	TRAIN	82	219.0	10.4	-320.30	5.62	0.05	719
dqn	TRAIN	83	222.9	10.5	-322.85	5.70	0.05	777
dqn	TRAIN	84	224.1	10.4	-319.83	5.61	0.05	690
dqn	TRAIN	85	221.7	10.4	-319.92	5.60	0.05	724
dqn	TRAIN	86	221.3	10.5	-320.28	5.63	0.05	719
dqn	TRAIN	87	221.3	10.4	-320.42	5.63	0.05	734
dqn	TRAIN	88	221.4	10.4	-321.20	5.65	0.05	745
dqn	TRAIN	89	225.3	10.5	-321.29	5.65	0.05	714
dqn	TRAIN	90	220.1	10.4	-319.47	5.58	0.05	661
dqn	HELDOUT	90	276.8	100.0	-340.63	6.25	0.07	661
dqn	HELDOUT	90	273.1	100.0	-338.78	6.19	0.07	695
dqn	HELDOUT	90	268.7	100.0	-336.29	6.12	0.07	683
dqn	HELDOUT_MEAN	90	272.9	100.0	0.00	0.00	0.00	0
dqn	TRAIN	91	229.9	10.4	-321.75	5.66	0.05	710
dqn	TRAIN	92	221.5	10.4	-320.31	5.62	0.05	724
dqn	TRAIN	93	223.7	10.4	-322.36	5.69	0.05	769
dqn	TRAIN	94	226.6	10.4	-319.47	5.59	0.05	685
dqn	TRAIN	95	217.3	10.4	-318.98	5.58	0.05	725
dqn	TRAIN	96	224.9	10.3	-319.97	5.60	0.05	729
dqn	TRAIN	97	221.9	10.4	-320.04	5.61	0.05	738
dqn	TRAIN	98	218.8	10.4	-320.07	5.62	0.05	751
dqn	TRAIN	99	221.3	10.5	-320.13	5.61	0.05	721
dqn	TRAIN	100	220.0	10.4	-319.44	5.59	0.05	676
dqn	HELDOUT	100	262.6	100.0	-336.60	6.12	0.07	653
dqn	HELDOUT	100	271.0	100.0	-342.09	6.29	0.07	676
dqn	HELDOUT	100	276.2	100.0	-346.26	6.42	0.07	641
dqn	HELDOUT_MEAN	100	270.0	100.0	0.00	0.00	0.00	0
dqn	TRAIN	101	222.4	10.3	-319.58	5.59	0.05	712
dqn	TRAIN	102	220.3	10.3	-319.84	5.61	0.05	726
dqn	TRAIN	103	218.4	10.4	-320.84	5.64	0.05	771
dqn	TRAIN	104	222.1	10.4	-319.12	5.58	0.05	681
dqn	TRAIN	105	223.8	10.4	-319.97	5.62	0.05	728
dqn	TRAIN	106	218.6	10.4	-319.69	5.60	0.05	719
dqn	TRAIN	107	222.6	10.4	-320.90	5.64	0.05	731
dqn	TRAIN	108	217.8	10.3	-319.99	5.61	0.05	749
dqn	TRAIN	109	216.7	10.4	-319.03	5.58	0.05	711
dqn	HELDOUT	500	243.6	100.0	-333.97	6.04	0.06	653
dqn	HELDOUT	500	247.8	100.0	-341.06	6.26	0.07	674
dqn	HELDOUT	500	258.4	100.0	-341.07	6.26	0.07	657
dqn	HELDOUT_MEAN	500	249.9	100.0	0.00	0.00	0.00	0
dqn	HELDOUT	70	244.9	100.0	-334.15	6.04	0.06	652
dqn	HELDOUT	70	249.5	100.0	-340.79	6.26	0.07	673
dqn	HELDOUT	70	259.2	100.0	-339.75	6.22	0.07	662
dqn	HELDOUT_MEAN	70	251.2	100.0	0.00	0.00	0.00	0
