colight	TRAIN	0	222.5	0.0	-24.08	0.80	0.04	247
colight	HELDOUT	0	327.1	100.0	-98.21	3.10	0.10	85
colight	HELDOUT	0	304.1	100.0	-90.28	2.85	0.10	105
colight	HELDOUT	0	335.5	100.0	-101.30	3.19	0.10	93
colight	HELDOUT_MEAN	0	322.2	100.0	0.00	0.00	0.00	0
colight	TRAIN	1	226.1	0.0	-24.28	0.81	0.04	245
colight	TRAIN	2	222.2	0.0	-24.73	0.82	0.05	243
colight	TRAIN	3	219.2	0.0	-23.12	0.77	0.04	251
colight	TRAIN	4	218.9	0.0	-24.43	0.81	0.04	244
colight	TRAIN	5	221.4	0.0	-23.81	0.80	0.04	246
colight	TRAIN	6	211.5	0.0	-22.74	0.77	0.04	239
colight	TRAIN	7	212.3	0.0	-21.89	0.73	0.04	250
colight	TRAIN	8	227.0	0.2	-25.67	0.85	0.04	245
colight	TRAIN	9	218.0	0.3	-23.26	0.78	0.04	245
colight	TRAIN	10	219.9	0.4	-22.08	0.74	0.04	254
colight	HELDOUT	10	324.0	100.0	-61.02	1.94	0.09	166
colight	HELDOUT	10	283.5	100.0	-57.61	1.83	0.09	172
colight	HELDOUT	10	324.7	100.0	-63.72	2.02	0.10	168
colight	HELDOUT_MEAN	10	310.7	100.0	0.00	0.00	0.00	0
colight	TRAIN	11	198.8	0.4	-17.49	0.60	0.04	252
colight	TRAIN	12	203.3	0.3	-18.12	0.62	0.04	255
colight	TRAIN	13	188.5	0.3	-14.37	0.49	0.03	262
colight	TRAIN	14	184.5	0.4	-12.49	0.44	0.03	270
colight	TRAIN	15	175.9	0.3	-11.15	0.40	0.03	265
colight	TRAIN	16	172.6	0.2	-9.33	0.33	0.02	271
colight	TRAIN	17	166.4	0.2	-8.21	0.30	0.02	268
colight	TRAIN	18	164.0	0.1	-6.96	0.26	0.02	274
colight	TRAIN	19	162.8	0.1	-6.76	0.25	0.02	275
colight	TRAIN	20	161.2	0.1	-5.88	0.22	0.02	277
colight	HELDOUT	20	153.7	100.0	-3.79	0.14	0.01	267
colight	HELDOUT	20	152.9	100.0	-3.12	0.12	0.01	272
colight	HELDOUT	20	157.5	100.0	-3.65	0.14	0.01	278
colight	HELDOUT_MEAN	20	154.7	100.0	0.00	0.00	0.00	0
colight	TRAIN	21	164.8	0.1	-7.35	0.27	0.02	274
colight	TRAIN	22	161.2	0.1	-6.57	0.24	0.02	269
colight	TRAIN	23	159.9	0.1	-5.98	0.22	0.02	271
colight	TRAIN	24	162.6	0.1	-6.49	0.24	0.02	275
colight	TRAIN	25	158.3	0.1	-5.32	0.20	0.01	276
colight	TRAIN	26	159.5	0.1	-6.00	0.22	0.02	273
colight	TRAIN	27	160.9	0.1	-6.20	0.23	0.02	274
colight	TRAIN	28	157.7	0.1	-4.79	0.18	0.01	277
colight	TRAIN	29	156.3	0.1	-4.80	0.18	0.01	274
colight	TRAIN	30	157.1	0.1	-4.51	0.17	0.01	275
colight	HELDOUT	30	151.9	100.0	-3.23	0.13	0.01	268
colight	HELDOUT	30	152.8	100.0	-3.09	0.12	0.01	271
colight	HELDOUT	30	155.5	100.0	-3.21	0.12	0.01	278
colight	HELDOUT_MEAN	30	153.4	100.0	0.00	0.00	0.00	0
colight	TRAIN	31	155.7	0.1	-4.31	0.16	0.01	276
colight	TRAIN	32	158.7	0.1	-5.49	0.20	0.02	275
colight	TRAIN	33	157.9	0.1	-5.00	0.18	0.01	278
colight	TRAIN	34	153.9	0.1	-4.09	0.15	0.01	275
colight	TRAIN	35	154.1	0.1	-3.98	0.15	0.01	273
colight	TRAIN	36	156.0	0.1	-4.68	0.17	0.01	274
colight	TRAIN	37	153.7	0.1	-3.85	0.15	0.01	277
colight	TRAIN	38	153.6	0.1	-3.76	0.14	0.01	273
colight	TRAIN	39	153.5	0.1	-3.94	0.15	0.01	279
colight	TRAIN	40	154.1	0.1	-4.10	0.15	0.01	277
colight	HELDOUT	40	153.2	100.0	-3.38	0.13	0.01	268
colight	HELDOUT	40	153.2	100.0	-3.07	0.12	0.01	273
colight	HELDOUT	40	156.6	100.0	-3.51	0.13	0.01	277
colight	HELDOUT_MEAN	40	154.3	100.0	0.00	0.00	0.00	0
colight	TRAIN	41	155.4	0.1	-4.25	0.16	0.01	277
colight	TRAIN	42	152.2	0.1	-3.61	0.14	0.01	275
colight	TRAIN	43	153.2	0.1	-3.77	0.14	0.01	278
colight	TRAIN	44	152.3	0.1	-3.47	0.13	0.01	278
colight	TRAIN	45	152.4	0.1	-3.64	0.14	0.01	276
colight	TRAIN	46	152.8	0.1	-3.77	0.14	0.01	275
colight	TRAIN	47	153.3	0.1	-3.68	0.14	0.01	277
colight	TRAIN	48	152.4	0.1	-3.59	0.14	0.01	276
colight	TRAIN	49	153.7	0.1	-3.95	0.15	0.01	277
colight	TRAIN	50	151.6	0.1	-3.59	0.14	0.01	274
colight	HELDOUT	50	152.8	100.0	-3.42	0.13	0.01	268
colight	HELDOUT	50	152.7	100.0	-3.16	0.12	0.01	271
colight	HELDOUT	50	157.2	100.0	-3.60	0.14	0.01	276
colight	HELDOUT_MEAN	50	154.3	100.0	0.00	0.00	0.00	0
colight	TRAIN	51	151.9	0.1	-3.70	0.14	0.01	277
colight	TRAIN	52	152.0	0.1	-3.46	0.13	0.01	278
colight	TRAIN	53	152.9	0.1	-3.61	0.14	0.01	279
colight	TRAIN	54	152.7	0.1	-3.60	0.13	0.01	278
colight	TRAIN	55	150.6	0.0	-2.85	0.11	0.01	278
colight	TRAIN	56	151.4	0.0	-3.27	0.13	0.01	277
colight	TRAIN	57	151.9	0.0	-3.26	0.12	0.01	277
colight	TRAIN	58	151.8	0.0	-3.53	0.13	0.01	278
colight	TRAIN	59	152.6	0.1	-3.56	0.14	0.01	279
colight	TRAIN	60	151.8	0.0	-3.03	0.12	0.01	277
colight	HELDOUT	60	153.7	100.0	-3.84	0.14	0.01	268
colight	HELDOUT	60	155.4	100.0	-3.82	0.14	0.01	272
colight	HELDOUT	60	158.6	100.0	-4.22	0.16	0.01	280
colight	HELDOUT_MEAN	60	155.9	100.0	0.00	0.00	0.00	0
colight	TRAIN	61	150.7	0.1	-3.09	0.12	0.01	277
colight	TRAIN	62	152.3	0.1	-3.22	0.12	0.01	278
colight	TRAIN	63	152.3	0.1	-3.30	0.13	0.01	276
colight	TRAIN	64	151.4	0.0	-3.19	0.12	0.01	276
colight	TRAIN	65	150.6	0.0	-2.95	0.12	0.01	279
colight	TRAIN	66	150.4	0.0	-2.86	0.11	0.01	275
colight	TRAIN	67	150.8	0.0	-3.24	0.12	0.01	277
colight	TRAIN	68	150.6	0.0	-3.09	0.12	0.01	276
colight	TRAIN	69	150.5	0.0	-3.00	0.12	0.01	275
colight	TRAIN	70	149.7	0.0	-2.98	0.11	0.01	277
colight	HELDOUT	70	152.9	100.0	-3.58	0.14	0.01	268
colight	HELDOUT	70	155.9	100.0	-4.11	0.15	0.01	273
colight	HELDOUT	70	156.7	100.0	-4.08	0.15	0.01	275
colight	HELDOUT_MEAN	70	155.1	100.0	0.00	0.00	0.00	0
colight	TRAIN	71	150.9	0.0	-3.41	0.13	0.01	276
colight	TRAIN	72	149.8	0.0	-2.84	0.11	0.01	279
colight	TRAIN	73	151.2	0.0	-3.15	0.12	0.01	278
colight	TRAIN	74	150.1	0.0	-2.84	0.11	0.01	278
colight	TRAIN	75	149.8	0.0	-2.67	0.11	0.01	280
colight	TRAIN	76	151.1	0.0	-3.55	0.14	0.01	273
colight	TRAIN	77	150.7	0.0	-3.10	0.12	0.01	279
colight	TRAIN	78	149.9	0.0	-2.64	0.10	0.01	278
colight	TRAIN	79	149.0	0.0	-2.68	0.11	0.01	277
colight	TRAIN	80	148.8	0.0	-2.54	0.10	0.01	278
colight	HELDOUT	80	154.6	100.0	-3.88	0.15	0.01	269
colight	HELDOUT	80	154.2	100.0	-3.76	0.14	0.01	272
colight	HELDOUT	80	157.9	100.0	-4.23	0.16	0.01	274
colight	HELDOUT_MEAN	80	155.6	100.0	0.00	0.00	0.00	0
colight	TRAIN	81	150.1	0.0	-2.87	0.11	0.01	276
colight	TRAIN	82	149.9	0.0	-2.96	0.12	0.01	276
colight	TRAIN	83	149.7	0.0	-2.75	0.11	0.01	277
colight	TRAIN	84	150.7	0.0	-3.00	0.12	0.01	277
colight	TRAIN	85	149.5	0.0	-2.64	0.10	0.01	278
colight	TRAIN	86	149.0	0.0	-2.35	0.09	0.01	280
colight	TRAIN	87	150.5	0.0	-2.86	0.11	0.01	278
colight	TRAIN	88	148.4	0.0	-2.35	0.09	0.01	278
colight	TRAIN	89	147.9	0.0	-2.25	0.09	0.01	277
colight	TRAIN	90	148.9	0.0	-2.30	0.09	0.01	280
colight	HELDOUT	90	153.2	100.0	-3.87	0.15	0.01	267
colight	HELDOUT	90	154.6	100.0	-3.43	0.13	0.01	272
colight	HELDOUT	90	158.3	100.0	-4.09	0.15	0.01	277
colight	HELDOUT_MEAN	90	155.3	100.0	0.00	0.00	0.00	0
colight	TRAIN	91	150.4	0.0	-2.90	0.12	0.01	278
colight	TRAIN	92	148.4	0.0	-2.57	0.10	0.01	278
colight	TRAIN	93	149.7	0.0	-2.78	0.11	0.01	275
colight	TRAIN	94	147.9	0.0	-2.16	0.08	0.01	279
colight	TRAIN	95	150.4	0.0	-2.77	0.11	0.01	279
colight	TRAIN	96	149.3	0.0	-2.50	0.10	0.01	279
colight	TRAIN	97	148.8	0.0	-2.51	0.10	0.01	280
colight	TRAIN	98	150.1	0.0	-2.72	0.11	0.01	279
colight	TRAIN	99	148.4	0.0	-2.49	0.10	0.01	277
colight	HELDOUT	100	153.3	100.0	-3.63	0.14	0.01	268
colight	HELDOUT	100	155.7	100.0	-3.95	0.15	0.01	271
colight	HELDOUT	100	156.9	100.0	-4.22	0.16	0.01	276
colight	HELDOUT_MEAN	100	155.3	100.0	0.00	0.00	0.00	0
