colight	TRAIN	0	349.6	0.0	-128.94	3.25	0.21	1177
colight	HELDOUT	0	564.9	100.0	-435.24	10.09	0.47	111
colight	HELDOUT	0	526.2	100.0	-452.37	10.37	0.47	116
colight	HELDOUT	0	572.6	100.0	-456.63	10.56	0.48	106
colight	HELDOUT_MEAN	0	554.6	100.0	0.00	0.00	0.00	0
colight	TRAIN	1	328.7	0.0	-143.08	3.65	0.22	1189
colight	TRAIN	2	344.4	0.0	-137.18	3.46	0.23	1211
colight	TRAIN	3	368.4	0.0	-141.32	3.51	0.23	1176
colight	TRAIN	4	358.9	0.0	-120.56	3.09	0.21	1202
colight	TRAIN	5	342.3	12.8	-132.42	3.34	0.22	1225
colight	TRAIN	6	323.9	4.0	-100.96	2.64	0.20	1343
colight	TRAIN	7	333.2	4.2	-126.88	3.21	0.21	1182
colight	TRAIN	8	360.1	9.5	-109.70	2.89	0.20	1170
colight	TRAIN	9	342.4	7.1	-97.36	2.63	0.20	1209
colight	TRAIN	10	361.5	6.4	-104.20	2.71	0.19	1178
colight	HELDOUT	10	348.2	100.0	-321.90	8.34	0.30	324
colight	HELDOUT	10	347.4	100.0	-330.77	8.32	0.29	344
colight	HELDOUT	10	355.5	100.0	-323.83	8.39	0.30	367
colight	HELDOUT_MEAN	10	350.4	100.0	0.00	0.00	0.00	0
colight	TRAIN	11	336.2	6.5	-110.38	2.94	0.20	1192
colight	TRAIN	12	342.7	7.1	-143.59	3.51	0.21	1113
colight	TRAIN	13	353.5	5.9	-91.50	2.54	0.19	1297
colight	TRAIN	14	314.0	7.2	-134.80	3.13	0.20	1143
colight	TRAIN	15	345.9	6.1	-111.50	2.71	0.19	1246
colight	TRAIN	16	328.8	5.9	-115.62	2.98	0.18	1271
colight	TRAIN	17	321.2	6.5	-127.29	3.29	0.19	1188
colight	TRAIN	18	329.3	9.3	-106.57	2.82	0.19	1209
colight	TRAIN	19	334.8	6.5	-136.18	3.64	0.19	1070
colight	TRAIN	20	331.8	6.4	-132.39	3.49	0.19	1091
colight	HELDOUT	20	310.0	100.0	-257.68	6.23	0.25	506
colight	HELDOUT	20	276.7	100.0	-207.84	5.44	0.23	577
colight	HELDOUT	20	300.3	100.0	-205.71	5.69	0.24	617
colight	HELDOUT_MEAN	20	295.7	100.0	0.00	0.00	0.00	0
colight	TRAIN	21	339.7	7.1	-126.90	3.34	0.19	1185
colight	TRAIN	22	332.8	5.4	-142.35	3.90	0.21	982
colight	TRAIN	23	297.2	6.1	-143.34	3.92	0.20	1011
colight	TRAIN	24	331.7	6.7	-124.71	3.37	0.19	1113
colight	TRAIN	25	315.5	6.1	-130.11	3.47	0.20	1019
colight	TRAIN	26	311.5	5.7	-140.96	3.88	0.21	907
colight	TRAIN	27	290.2	6.5	-134.49	3.66	0.20	996
colight	TRAIN	28	304.5	7.3	-167.01	4.51	0.20	842
colight	TRAIN	29	290.1	8.4	-156.96	4.42	0.21	903
colight	TRAIN	30	313.0	10.4	-128.00	3.51	0.19	930
colight	HELDOUT	30	328.6	100.0	-237.06	6.63	0.26	622
colight	HELDOUT	30	289.8	100.0	-206.86	5.76	0.22	658
colight	HELDOUT	30	319.2	100.0	-232.92	6.54	0.25	635
colight	HELDOUT_MEAN	30	312.5	100.0	0.00	0.00	0.00	0
colight	TRAIN	31	342.1	8.8	-153.13	4.23	0.21	912
colight	TRAIN	32	452.5	9.1	-214.32	5.23	0.26	745
colight	TRAIN	33	396.4	11.6	-207.80	5.03	0.27	777
colight	TRAIN	34	353.3	8.9	-204.67	4.71	0.26	821
colight	TRAIN	35	410.9	8.0	-174.40	4.02	0.25	1100
colight	TRAIN	36	334.6	9.6	-175.27	4.10	0.26	976
colight	TRAIN	37	360.1	8.5	-216.44	4.76	0.26	875
colight	TRAIN	38	308.0	6.9	-189.15	4.30	0.26	845
colight	TRAIN	39	365.2	7.7	-245.45	5.49	0.27	767
colight	TRAIN	40	376.1	9.1	-242.20	5.52	0.28	731
colight	HELDOUT	40	357.2	100.0	-264.74	6.01	0.30	607
colight	HELDOUT	40	376.4	100.0	-248.68	5.61	0.29	617
colight	HELDOUT	40	396.4	100.0	-252.93	5.79	0.30	588
colight	HELDOUT_MEAN	40	376.7	100.0	0.00	0.00	0.00	0
colight	TRAIN	41	346.6	8.8	-245.86	5.57	0.28	742
colight	TRAIN	42	345.8	9.4	-243.88	5.48	0.29	748
colight	TRAIN	43	427.9	8.6	-208.18	4.93	0.27	859
colight	TRAIN	44	425.1	8.0	-190.30	4.65	0.26	1039
colight	TRAIN	45	433.2	9.5	-229.95	5.44	0.27	648
colight	TRAIN	46	383.0	11.6	-217.92	5.21	0.26	707
colight	TRAIN	47	330.0	10.4	-216.94	5.09	0.25	647
colight	TRAIN	48	464.8	11.4	-205.31	4.62	0.27	960
colight	TRAIN	49	340.6	13.0	-218.84	5.96	0.25	739
colight	TRAIN	50	317.6	12.5	-206.64	5.82	0.22	605
colight	HELDOUT	50	323.1	100.0	-238.94	6.86	0.23	612
colight	HELDOUT	50	301.0	100.0	-238.00	6.89	0.24	553
colight	HELDOUT	50	327.4	100.0	-237.77	6.90	0.24	545
colight	HELDOUT_MEAN	50	317.1	100.0	0.00	0.00	0.00	0
colight	TRAIN	51	364.5	9.4	-225.90	6.15	0.24	773
colight	TRAIN	52	339.9	7.4	-279.01	6.25	0.29	636
colight	TRAIN	53	335.3	9.2	-267.41	6.12	0.29	695
colight	TRAIN	54	324.0	12.9	-256.07	5.84	0.28	652
colight	TRAIN	55	347.1	13.6	-266.89	6.01	0.29	647
colight	TRAIN	56	338.0	10.3	-282.32	6.18	0.30	575
colight	TRAIN	57	291.5	11.8	-321.99	7.18	0.31	546
colight	TRAIN	58	323.6	12.5	-298.73	6.77	0.31	546
colight	TRAIN	59	341.1	11.3	-284.03	6.31	0.29	595
colight	TRAIN	60	352.6	11.0	-298.37	6.58	0.28	548
colight	HELDOUT	60	353.7	100.0	-289.27	6.39	0.29	578
colight	HELDOUT	60	378.8	100.0	-260.79	5.85	0.29	669
colight	HELDOUT	60	339.6	100.0	-293.82	6.54	0.31	607
colight	HELDOUT_MEAN	60	357.4	100.0	0.00	0.00	0.00	0
colight	TRAIN	61	322.3	12.7	-284.37	6.41	0.28	523
colight	TRAIN	62	336.1	14.7	-291.79	6.58	0.29	607
colight	TRAIN	63	368.2	11.0	-294.90	6.60	0.29	679
colight	TRAIN	64	343.5	11.4	-271.26	5.96	0.28	605
colight	TRAIN	65	351.5	13.4	-279.74	6.20	0.29	622
colight	TRAIN	66	361.7	16.0	-285.31	6.60	0.28	717
colight	TRAIN	67	329.6	14.1	-206.76	5.39	0.24	922
colight	TRAIN	68	309.6	12.2	-180.56	4.54	0.24	950
colight	TRAIN	69	287.8	13.4	-217.11	6.10	0.24	719
colight	TRAIN	70	360.4	15.4	-219.75	6.25	0.23	621
colight	HELDOUT	70	285.1	100.0	-249.20	7.06	0.22	596
colight	HELDOUT	70	296.5	100.0	-235.43	6.82	0.23	555
colight	HELDOUT	70	305.6	100.0	-248.52	7.19	0.23	600
colight	HELDOUT_MEAN	70	295.8	100.0	0.00	0.00	0.00	0
colight	TRAIN	71	386.8	15.6	-276.38	6.40	0.28	734
colight	TRAIN	72	354.5	16.4	-196.63	4.91	0.26	872
colight	TRAIN	73	323.8	16.5	-275.54	6.29	0.30	696
colight	TRAIN	74	341.3	17.9	-290.60	6.45	0.30	575
colight	TRAIN	75	331.4	18.5	-276.39	6.37	0.30	727
colight	TRAIN	76	412.7	13.5	-236.61	5.81	0.27	755
colight	TRAIN	77	351.2	14.8	-206.99	5.27	0.26	860
colight	TRAIN	78	356.0	18.4	-254.95	7.33	0.25	608
colight	TRAIN	79	312.2	20.5	-212.03	6.00	0.24	801
colight	TRAIN	80	364.4	18.0	-232.54	6.68	0.22	595
colight	HELDOUT	80	317.8	100.0	-279.18	8.04	0.25	589
colight	HELDOUT	80	277.1	100.0	-266.09	7.66	0.26	548
colight	HELDOUT	80	322.7	100.0	-258.08	7.44	0.25	616
colight	HELDOUT_MEAN	80	305.9	100.0	0.00	0.00	0.00	0
colight	TRAIN	81	316.2	17.7	-232.86	6.65	0.24	694
colight	TRAIN	82	369.6	15.9	-246.23	7.12	0.24	745
colight	TRAIN	83	341.4	19.5	-244.76	6.84	0.26	597
colight	TRAIN	84	384.6	19.9	-196.44	5.35	0.24	862
colight	TRAIN	85	394.5	19.5	-279.46	6.73	0.31	726
colight	TRAIN	86	364.4	18.2	-204.60	4.99	0.27	947
colight	TRAIN	87	324.9	16.0	-223.53	5.86	0.27	818
colight	TRAIN	88	439.3	17.1	-241.63	6.93	0.25	671
colight	TRAIN	89	325.3	19.5	-246.52	6.30	0.28	787
colight	HELDOUT	500	292.4	100.0	-211.78	5.80	0.25	609
colight	HELDOUT	500	270.5	100.0	-206.90	5.56	0.24	584
colight	HELDOUT	500	301.0	100.0	-202.19	5.63	0.24	630
colight	HELDOUT_MEAN	500	287.9	100.0	0.00	0.00	0.00	0
colight	HELDOUT	20	292.4	100.0	-211.78	5.80	0.25	609
colight	HELDOUT	20	270.5	100.0	-206.90	5.56	0.24	584
colight	HELDOUT	20	301.0	100.0	-202.19	5.63	0.24	630
colight	HELDOUT_MEAN	20	287.9	100.0	0.00	0.00	0.00	0
