colight	TRAIN	0	349.6	0.0	-128.94	3.25	0.21	1177
colight	HELDOUT	0	564.9	100.0	-435.24	10.09	0.47	111
colight	HELDOUT	0	526.2	100.0	-452.37	10.37	0.47	116
colight	HELDOUT	0	572.6	100.0	-456.63	10.56	0.48	106
colight	HELDOUT_MEAN	0	554.6	100.0	0.00	0.00	0.00	0
colight	TRAIN	1	328.7	0.0	-143.08	3.65	0.22	1189
colight	TRAIN	2	344.4	0.0	-137.18	3.46	0.23	1211
colight	TRAIN	3	368.4	0.0	-141.32	3.51	0.23	1176
colight	TRAIN	4	358.9	0.0	-120.56	3.09	0.21	1202
colight	TRAIN	5	342.6	13.2	-148.06	3.74	0.23	1166
colight	TRAIN	6	332.6	4.7	-109.19	2.86	0.21	1366
colight	TRAIN	7	327.9	4.9	-111.37	2.92	0.21	1257
colight	TRAIN	8	368.3	6.5	-142.06	3.35	0.21	1125
colight	TRAIN	9	374.4	5.6	-147.41	3.63	0.23	1234
colight	TRAIN	10	402.9	4.8	-178.75	4.30	0.25	1191
colight	HELDOUT	10	395.8	100.0	-405.24	10.02	0.38	329
colight	HELDOUT	10	381.4	100.0	-407.94	10.15	0.38	394
colight	HELDOUT	10	405.1	100.0	-400.50	9.93	0.39	346
colight	HELDOUT_MEAN	10	394.1	100.0	0.00	0.00	0.00	0
colight	TRAIN	11	336.3	5.9	-152.83	3.60	0.25	1231
colight	TRAIN	12	395.9	6.7	-202.89	4.57	0.27	1189
colight	TRAIN	13	365.4	5.9	-206.37	4.91	0.27	1062
colight	TRAIN	14	358.2	6.4	-201.22	4.71	0.28	1082
colight	TRAIN	15	437.7	5.1	-215.53	5.14	0.27	1109
colight	TRAIN	16	333.5	5.7	-136.31	3.41	0.21	1098
colight	TRAIN	17	334.9	5.4	-159.68	3.82	0.23	990
colight	TRAIN	18	355.4	7.8	-173.06	3.98	0.24	964
colight	TRAIN	19	348.4	6.9	-191.25	4.67	0.24	918
colight	TRAIN	20	370.8	6.1	-173.87	4.25	0.23	947
colight	HELDOUT	20	359.9	100.0	-259.52	6.42	0.29	429
colight	HELDOUT	20	346.6	100.0	-262.20	6.45	0.30	438
colight	HELDOUT	20	361.8	100.0	-258.35	6.39	0.30	435
colight	HELDOUT_MEAN	20	356.1	100.0	0.00	0.00	0.00	0
colight	TRAIN	21	371.8	6.6	-199.70	4.92	0.24	775
colight	TRAIN	22	352.2	8.9	-208.70	5.20	0.25	727
colight	TRAIN	23	385.1	10.4	-201.57	5.20	0.24	791
colight	TRAIN	24	436.8	6.7	-268.09	6.64	0.31	778
colight	TRAIN	25	396.4	6.5	-299.04	7.14	0.33	658
colight	TRAIN	26	401.6	6.3	-285.68	6.91	0.32	607
colight	TRAIN	27	376.3	5.4	-209.00	5.59	0.26	812
colight	TRAIN	28	336.8	7.2	-178.63	4.74	0.25	871
colight	TRAIN	29	393.6	9.5	-216.32	5.63	0.28	817
colight	TRAIN	30	372.2	12.9	-252.78	6.20	0.29	690
colight	HELDOUT	30	390.8	100.0	-357.71	9.14	0.37	356
colight	HELDOUT	30	383.9	100.0	-348.04	8.99	0.36	435
colight	HELDOUT	30	429.8	100.0	-344.68	8.63	0.36	392
colight	HELDOUT_MEAN	30	401.5	100.0	0.00	0.00	0.00	0
colight	TRAIN	31	439.4	10.8	-315.01	7.75	0.31	624
colight	TRAIN	32	465.1	11.8	-333.26	8.26	0.35	521
colight	TRAIN	33	354.8	12.2	-203.40	5.12	0.27	736
colight	TRAIN	34	381.3	12.2	-310.19	8.00	0.29	437
colight	TRAIN	35	454.0	16.1	-239.79	6.23	0.29	735
colight	TRAIN	36	399.3	15.8	-323.62	7.75	0.32	500
colight	TRAIN	37	435.9	16.9	-262.87	6.91	0.28	601
colight	TRAIN	38	332.1	16.9	-220.68	5.69	0.27	803
colight	TRAIN	39	366.1	19.3	-209.19	5.36	0.27	727
colight	TRAIN	40	432.5	16.6	-312.07	7.65	0.35	443
colight	HELDOUT	40	332.4	100.0	-298.55	7.72	0.29	416
colight	HELDOUT	40	293.4	100.0	-301.07	7.59	0.29	392
colight	HELDOUT	40	343.2	100.0	-290.75	7.53	0.30	382
colight	HELDOUT_MEAN	40	323.0	100.0	0.00	0.00	0.00	0
colight	TRAIN	41	297.6	16.7	-249.91	6.46	0.27	611
colight	TRAIN	42	316.7	10.9	-292.40	7.47	0.29	453
colight	TRAIN	43	490.0	8.5	-304.99	7.59	0.32	638
colight	TRAIN	44	354.7	8.3	-282.69	7.25	0.28	486
colight	TRAIN	45	425.3	8.5	-297.94	7.74	0.31	547
colight	TRAIN	46	481.0	9.4	-284.57	7.43	0.32	657
colight	TRAIN	47	373.4	9.9	-344.98	8.57	0.34	475
colight	TRAIN	48	465.0	8.3	-356.46	9.14	0.37	385
colight	TRAIN	49	447.1	9.2	-360.37	9.06	0.37	384
colight	TRAIN	50	377.9	11.4	-346.42	8.73	0.35	386
colight	HELDOUT	50	383.9	100.0	-363.25	9.10	0.35	347
colight	HELDOUT	50	391.8	100.0	-377.54	9.46	0.36	412
colight	HELDOUT	50	398.3	100.0	-366.53	9.13	0.37	362
colight	HELDOUT_MEAN	50	391.3	100.0	0.00	0.00	0.00	0
colight	TRAIN	51	491.8	11.7	-300.57	7.78	0.33	612
colight	TRAIN	52	452.6	9.6	-353.06	8.92	0.36	410
colight	TRAIN	53	344.9	10.8	-289.32	7.49	0.30	524
colight	TRAIN	54	373.3	11.4	-298.65	7.69	0.28	487
colight	TRAIN	55	304.2	12.1	-279.94	7.21	0.29	455
colight	TRAIN	56	325.3	14.6	-296.92	7.71	0.30	407
colight	TRAIN	57	312.3	16.1	-295.48	7.74	0.29	395
colight	TRAIN	58	317.7	15.0	-291.36	7.66	0.29	429
colight	TRAIN	59	364.8	12.3	-287.77	7.53	0.30	391
colight	TRAIN	60	317.1	12.2	-274.94	7.26	0.29	384
colight	HELDOUT	60	323.3	100.0	-296.94	7.75	0.30	413
colight	HELDOUT	60	288.0	100.0	-300.50	7.67	0.31	390
colight	HELDOUT	60	332.4	100.0	-287.46	7.51	0.30	398
colight	HELDOUT_MEAN	60	314.6	100.0	0.00	0.00	0.00	0
colight	TRAIN	61	387.5	10.8	-306.32	7.80	0.30	412
colight	TRAIN	62	302.2	8.4	-298.19	7.73	0.30	420
colight	TRAIN	63	334.1	6.6	-304.73	7.95	0.30	370
colight	TRAIN	64	339.1	6.4	-289.72	7.54	0.28	419
colight	TRAIN	65	332.1	6.7	-284.41	7.54	0.29	424
colight	TRAIN	66	333.6	6.4	-304.04	7.83	0.29	405
colight	TRAIN	67	339.1	6.3	-277.80	7.30	0.28	450
colight	TRAIN	68	322.4	5.7	-290.88	7.59	0.29	442
colight	TRAIN	69	327.9	5.7	-283.95	7.42	0.29	411
colight	TRAIN	70	333.0	5.2	-285.69	7.39	0.29	373
colight	HELDOUT	70	326.2	100.0	-298.64	7.86	0.29	405
colight	HELDOUT	70	314.1	100.0	-298.14	7.71	0.29	405
colight	HELDOUT	70	350.5	100.0	-308.64	7.92	0.30	354
colight	HELDOUT_MEAN	70	330.3	100.0	0.00	0.00	0.00	0
colight	TRAIN	71	331.3	5.5	-296.98	7.73	0.30	390
colight	TRAIN	72	334.8	5.7	-285.87	7.35	0.29	485
colight	TRAIN	73	332.2	5.3	-305.39	7.94	0.30	381
colight	TRAIN	74	316.3	5.0	-301.40	7.81	0.29	404
colight	TRAIN	75	338.8	5.1	-265.38	7.12	0.28	440
colight	TRAIN	76	331.1	4.9	-291.07	7.62	0.31	412
colight	TRAIN	77	333.6	5.3	-303.31	8.00	0.30	415
colight	TRAIN	78	327.8	5.4	-285.91	7.56	0.29	427
colight	TRAIN	79	358.7	5.5	-280.19	7.41	0.29	401
colight	TRAIN	80	339.4	4.7	-261.46	6.89	0.27	443
colight	HELDOUT	80	322.6	100.0	-290.41	7.69	0.29	412
colight	HELDOUT	80	292.1	100.0	-290.61	7.43	0.29	404
colight	HELDOUT	80	344.2	100.0	-291.21	7.60	0.30	362
colight	HELDOUT_MEAN	80	319.6	100.0	0.00	0.00	0.00	0
colight	TRAIN	81	295.6	4.4	-293.82	7.70	0.30	404
colight	TRAIN	82	323.3	5.5	-296.37	7.63	0.30	418
colight	TRAIN	83	313.6	5.1	-296.42	7.79	0.29	383
colight	TRAIN	84	303.8	5.6	-301.80	7.93	0.28	415
colight	TRAIN	85	321.3	5.6	-286.35	7.50	0.28	411
colight	TRAIN	86	305.1	5.7	-283.18	7.48	0.30	431
colight	TRAIN	87	301.7	5.5	-294.07	7.79	0.29	402
colight	TRAIN	88	301.5	5.1	-271.35	7.22	0.28	432
colight	TRAIN	89	336.3	5.7	-281.03	7.42	0.29	387
colight	TRAIN	90	344.0	5.3	-277.22	7.34	0.29	403
colight	HELDOUT	90	325.3	100.0	-289.70	7.71	0.30	372
colight	HELDOUT	90	298.7	100.0	-288.78	7.49	0.29	382
colight	HELDOUT	90	347.3	100.0	-281.33	7.43	0.29	401
colight	HELDOUT_MEAN	90	323.8	100.0	0.00	0.00	0.00	0
colight	TRAIN	91	314.5	5.1	-301.94	7.98	0.29	407
colight	TRAIN	92	326.2	5.6	-280.27	7.31	0.29	461
colight	TRAIN	93	324.2	4.9	-284.04	7.45	0.29	449
colight	TRAIN	94	340.5	4.9	-295.13	7.73	0.29	427
colight	TRAIN	95	320.9	5.0	-283.13	7.58	0.28	409
colight	TRAIN	96	329.8	4.6	-279.69	7.34	0.29	444
colight	TRAIN	97	319.5	4.5	-299.55	7.91	0.30	361
colight	TRAIN	98	317.7	4.5	-285.26	7.54	0.29	450
colight	TRAIN	99	334.6	5.1	-285.64	7.53	0.30	367
colight	TRAIN	100	427.1	5.5	-290.94	7.34	0.36	359
colight	HELDOUT	100	321.6	100.0	-286.77	7.63	0.28	407
colight	HELDOUT	100	289.9	100.0	-287.07	7.45	0.29	382
colight	HELDOUT	100	321.6	100.0	-294.41	7.73	0.30	374
colight	HELDOUT_MEAN	100	311.0	100.0	0.00	0.00	0.00	0
colight	TRAIN	101	323.1	5.8	-296.63	7.77	0.29	419
colight	TRAIN	102	316.4	5.5	-268.55	7.00	0.28	467
colight	TRAIN	103	313.6	5.1	-309.78	7.97	0.31	355
colight	TRAIN	104	330.9	5.3	-272.26	7.23	0.28	447
colight	TRAIN	105	316.3	5.3	-275.96	7.21	0.28	419
colight	TRAIN	106	329.1	6.0	-289.88	7.64	0.30	407
colight	TRAIN	107	316.4	5.6	-278.08	7.37	0.29	428
colight	TRAIN	108	314.1	7.3	-281.36	7.57	0.28	438
colight	TRAIN	109	329.1	6.1	-275.77	7.29	0.28	404
colight	TRAIN	110	332.4	6.8	-265.70	6.99	0.27	446
colight	HELDOUT	110	306.6	100.0	-287.84	7.59	0.28	415
colight	HELDOUT	110	272.8	100.0	-287.83	7.40	0.28	408
colight	HELDOUT	110	325.4	100.0	-285.83	7.52	0.29	381
colight	HELDOUT_MEAN	110	301.6	100.0	0.00	0.00	0.00	0
colight	TRAIN	111	319.4	6.6	-287.44	7.54	0.29	425
colight	TRAIN	112	330.5	6.7	-292.52	7.64	0.29	401
colight	TRAIN	113	323.5	6.8	-294.15	7.77	0.30	380
colight	TRAIN	114	325.7	7.5	-284.46	7.42	0.29	431
colight	TRAIN	115	303.9	7.6	-286.66	7.52	0.28	408
colight	TRAIN	116	305.0	8.2	-283.61	7.46	0.29	421
colight	TRAIN	117	334.5	8.8	-281.80	7.50	0.30	436
colight	TRAIN	118	312.1	7.2	-286.56	7.65	0.29	400
colight	TRAIN	119	353.5	8.0	-289.95	7.70	0.30	366
colight	TRAIN	120	333.3	7.2	-277.40	7.34	0.29	360
colight	HELDOUT	120	335.9	100.0	-285.95	7.60	0.29	387
colight	HELDOUT	120	292.1	100.0	-289.88	7.52	0.28	414
colight	HELDOUT	120	332.7	100.0	-285.69	7.51	0.29	389
colight	HELDOUT_MEAN	120	320.2	100.0	0.00	0.00	0.00	0
colight	TRAIN	121	316.7	7.0	-273.75	7.20	0.28	424
colight	TRAIN	122	317.8	6.7	-288.63	7.58	0.29	464
colight	TRAIN	123	309.1	5.4	-304.57	7.94	0.29	388
colight	TRAIN	124	362.2	5.9	-291.77	7.62	0.28	417
colight	TRAIN	125	320.1	6.5	-290.63	7.65	0.29	400
colight	TRAIN	126	312.9	4.7	-283.70	7.45	0.29	438
colight	TRAIN	127	310.3	4.6	-287.46	7.66	0.28	443
colight	TRAIN	128	298.2	4.2	-283.68	7.64	0.28	421
colight	TRAIN	129	346.2	5.0	-279.18	7.40	0.30	371
colight	TRAIN	130	331.5	6.1	-266.48	7.07	0.28	412
colight	HELDOUT	130	311.6	100.0	-292.21	7.78	0.28	418
colight	HELDOUT	130	293.7	100.0	-294.32	7.50	0.28	395
colight	HELDOUT	130	348.0	100.0	-291.99	7.59	0.29	387
colight	HELDOUT_MEAN	130	317.7	100.0	0.00	0.00	0.00	0
colight	TRAIN	131	324.1	6.2	-294.12	7.75	0.30	402
colight	TRAIN	132	340.7	7.7	-282.07	7.46	0.29	450
colight	TRAIN	133	310.3	7.3	-308.98	7.99	0.30	379
colight	TRAIN	134	324.8	6.7	-292.73	7.53	0.28	498
colight	TRAIN	135	302.0	6.8	-268.12	7.06	0.27	417
colight	TRAIN	136	342.1	5.5	-282.58	7.50	0.29	457
colight	TRAIN	137	309.5	5.1	-289.44	7.63	0.28	410
colight	TRAIN	138	299.8	4.7	-282.65	7.47	0.29	429
colight	TRAIN	139	360.7	4.5	-275.62	7.20	0.28	430
colight	TRAIN	140	310.6	5.2	-271.40	7.14	0.28	396
colight	HELDOUT	140	293.9	100.0	-286.75	7.64	0.28	413
colight	HELDOUT	140	282.4	100.0	-283.53	7.34	0.27	414
colight	HELDOUT	140	334.0	100.0	-284.45	7.50	0.29	384
colight	HELDOUT_MEAN	140	303.4	100.0	0.00	0.00	0.00	0
colight	TRAIN	141	281.2	5.1	-285.06	7.37	0.28	421
colight	TRAIN	142	317.0	5.5	-269.27	7.04	0.29	479
colight	TRAIN	143	318.3	4.9	-303.85	7.94	0.29	399
colight	TRAIN	144	310.6	4.3	-289.96	7.57	0.28	419
colight	TRAIN	145	316.7	4.6	-274.55	7.30	0.27	417
colight	TRAIN	146	297.1	4.4	-298.85	7.72	0.29	387
colight	TRAIN	147	309.3	5.1	-282.60	7.49	0.29	402
colight	TRAIN	148	319.5	5.0	-281.25	7.39	0.28	405
colight	TRAIN	149	375.2	5.4	-265.41	7.02	0.28	457
colight	TRAIN	150	322.2	6.3	-269.97	7.10	0.28	421
colight	HELDOUT	150	320.5	100.0	-288.94	7.65	0.28	392
colight	HELDOUT	150	290.3	100.0	-283.45	7.32	0.28	389
colight	HELDOUT	150	332.0	100.0	-286.76	7.53	0.29	362
colight	HELDOUT_MEAN	150	314.3	100.0	0.00	0.00	0.00	0
colight	TRAIN	151	323.8	5.1	-283.83	7.46	0.28	437
colight	TRAIN	152	336.8	6.2	-292.44	7.62	0.29	431
colight	TRAIN	153	366.8	6.5	-292.94	7.68	0.29	400
colight	TRAIN	154	331.5	6.1	-276.82	7.28	0.28	442
colight	TRAIN	155	316.3	6.1	-278.53	7.42	0.28	406
colight	TRAIN	156	347.4	6.0	-280.08	7.39	0.29	442
colight	TRAIN	157	357.3	5.8	-277.69	7.45	0.27	450
colight	TRAIN	158	338.7	5.5	-212.44	5.32	0.27	733
colight	TRAIN	159	314.7	5.1	-264.02	6.98	0.29	493
colight	TRAIN	160	354.0	6.1	-272.12	7.12	0.28	395
colight	HELDOUT	160	341.5	100.0	-304.46	7.85	0.29	360
colight	HELDOUT	160	307.7	100.0	-300.16	7.57	0.28	380
colight	HELDOUT	160	341.2	100.0	-290.27	7.51	0.29	376
colight	HELDOUT_MEAN	160	330.1	100.0	0.00	0.00	0.00	0
colight	TRAIN	161	390.8	6.3	-262.09	6.94	0.31	615
colight	TRAIN	162	413.4	7.0	-371.45	9.27	0.36	384
colight	TRAIN	163	409.0	6.1	-359.10	9.04	0.36	454
colight	TRAIN	164	410.6	7.0	-347.16	8.81	0.35	426
colight	TRAIN	165	400.8	7.2	-345.09	8.76	0.35	415
colight	TRAIN	166	318.8	7.2	-273.52	7.09	0.28	480
colight	TRAIN	167	367.2	6.5	-288.36	7.55	0.29	436
colight	TRAIN	168	328.2	7.0	-288.77	7.50	0.28	416
colight	TRAIN	169	371.5	7.1	-305.38	7.84	0.30	359
colight	TRAIN	170	384.6	7.3	-280.62	7.19	0.28	410
colight	HELDOUT	170	320.6	100.0	-286.66	7.61	0.28	390
colight	HELDOUT	170	296.7	100.0	-296.55	7.54	0.28	398
colight	HELDOUT	170	358.2	100.0	-288.82	7.48	0.29	375
colight	HELDOUT_MEAN	170	325.1	100.0	0.00	0.00	0.00	0
colight	TRAIN	171	324.0	7.0	-295.90	7.61	0.28	426
colight	TRAIN	172	363.5	5.7	-290.93	7.55	0.29	466
colight	TRAIN	173	321.1	5.2	-304.10	7.89	0.29	405
colight	TRAIN	174	316.2	6.5	-299.99	7.81	0.28	417
colight	TRAIN	175	306.8	9.3	-281.78	7.42	0.28	399
colight	TRAIN	176	311.2	7.7	-287.62	7.48	0.28	423
colight	TRAIN	177	338.6	6.8	-289.31	7.62	0.28	415
colight	TRAIN	178	349.9	7.0	-281.47	7.43	0.28	465
colight	TRAIN	179	322.3	6.9	-293.86	7.69	0.30	360
colight	TRAIN	180	361.9	7.7	-269.63	7.06	0.27	432
colight	HELDOUT	180	343.3	100.0	-290.28	7.64	0.28	389
colight	HELDOUT	180	316.1	100.0	-302.00	7.69	0.29	400
colight	HELDOUT	180	347.4	100.0	-284.28	7.45	0.29	377
colight	HELDOUT_MEAN	180	335.6	100.0	0.00	0.00	0.00	0
colight	TRAIN	181	317.8	6.8	-288.65	7.59	0.29	408
colight	TRAIN	182	355.2	6.5	-287.62	7.41	0.28	480
colight	TRAIN	183	320.7	6.4	-299.12	7.73	0.29	390
colight	TRAIN	184	294.8	7.5	-284.65	7.44	0.28	425
colight	TRAIN	185	317.5	7.1	-279.69	7.34	0.28	410
colight	TRAIN	186	304.4	6.4	-292.24	7.58	0.29	414
colight	TRAIN	187	315.7	6.2	-297.53	7.80	0.29	403
colight	TRAIN	188	313.9	6.9	-289.11	7.64	0.29	416
colight	TRAIN	189	363.6	7.2	-282.70	7.47	0.29	402
colight	TRAIN	190	294.1	6.5	-275.40	7.18	0.28	387
colight	HELDOUT	190	341.6	100.0	-285.59	7.54	0.28	390
colight	HELDOUT	190	317.3	100.0	-287.32	7.40	0.28	411
colight	HELDOUT	190	356.4	100.0	-282.16	7.45	0.30	365
colight	HELDOUT_MEAN	190	338.4	100.0	0.00	0.00	0.00	0
colight	TRAIN	191	318.8	6.5	-299.77	7.82	0.29	403
colight	TRAIN	192	360.3	6.4	-258.36	6.70	0.28	523
colight	TRAIN	193	313.1	6.5	-294.97	7.71	0.29	402
colight	TRAIN	194	300.2	7.0	-293.54	7.67	0.28	418
colight	TRAIN	195	285.4	7.5	-287.71	7.55	0.28	367
colight	TRAIN	196	306.6	7.2	-287.35	7.55	0.28	406
colight	TRAIN	197	316.6	7.7	-293.87	7.71	0.28	387
colight	TRAIN	198	313.0	6.4	-284.08	7.52	0.28	428
colight	TRAIN	199	368.1	6.9	-284.76	7.57	0.30	392
colight	TRAIN	200	356.0	7.8	-268.74	7.11	0.28	420
colight	HELDOUT	200	346.3	100.0	-291.67	7.71	0.28	417
colight	HELDOUT	200	292.4	100.0	-294.01	7.58	0.28	403
colight	HELDOUT	200	338.2	100.0	-288.29	7.59	0.29	391
colight	HELDOUT_MEAN	200	325.6	100.0	0.00	0.00	0.00	0
colight	TRAIN	201	323.0	6.8	-299.17	7.85	0.29	401
colight	TRAIN	202	312.0	7.1	-283.71	7.29	0.28	447
colight	TRAIN	203	320.3	6.2	-294.83	7.76	0.30	386
colight	TRAIN	204	317.0	6.0	-291.16	7.51	0.28	420
colight	TRAIN	205	304.1	7.0	-282.90	7.53	0.27	411
colight	TRAIN	206	318.8	7.5	-293.64	7.67	0.29	399
colight	TRAIN	207	324.2	7.2	-297.94	7.82	0.30	384
colight	TRAIN	208	336.1	7.5	-282.65	7.54	0.28	450
colight	TRAIN	209	337.2	7.1	-274.19	7.31	0.28	403
colight	TRAIN	210	328.6	7.7	-269.46	7.09	0.28	389
colight	HELDOUT	210	337.2	100.0	-292.23	7.66	0.28	407
colight	HELDOUT	210	289.2	100.0	-297.80	7.62	0.28	418
colight	HELDOUT	210	335.6	100.0	-289.59	7.57	0.29	397
colight	HELDOUT_MEAN	210	320.7	100.0	0.00	0.00	0.00	0
colight	TRAIN	211	321.1	8.4	-283.67	7.45	0.29	405
colight	TRAIN	212	340.4	8.4	-284.34	7.47	0.28	488
colight	TRAIN	213	338.5	7.7	-300.45	7.86	0.30	411
colight	TRAIN	214	331.0	8.9	-287.88	7.63	0.28	413
colight	TRAIN	215	295.5	8.0	-282.51	7.47	0.27	391
colight	TRAIN	216	300.1	8.6	-277.92	7.30	0.29	446
colight	TRAIN	217	339.7	7.6	-289.30	7.68	0.28	419
colight	TRAIN	218	325.8	7.7	-282.16	7.66	0.28	435
colight	TRAIN	219	380.7	9.2	-276.45	7.28	0.28	430
colight	TRAIN	220	321.5	8.0	-273.70	7.19	0.28	388
colight	HELDOUT	220	322.7	100.0	-289.93	7.74	0.28	378
colight	HELDOUT	220	278.3	100.0	-293.21	7.59	0.29	396
colight	HELDOUT	220	329.2	100.0	-285.03	7.52	0.29	391
colight	HELDOUT_MEAN	220	310.1	100.0	0.00	0.00	0.00	0
colight	TRAIN	221	327.2	7.9	-295.40	7.81	0.29	417
colight	TRAIN	222	326.8	8.0	-296.01	7.73	0.30	422
colight	TRAIN	223	304.6	7.1	-299.12	7.88	0.29	365
colight	TRAIN	224	315.5	8.4	-283.83	7.40	0.27	406
colight	TRAIN	225	291.0	9.4	-285.30	7.63	0.28	391
colight	TRAIN	226	308.4	8.4	-284.54	7.48	0.29	398
colight	TRAIN	227	344.6	8.3	-291.24	7.69	0.28	468
colight	TRAIN	228	336.7	7.4	-273.58	7.25	0.28	463
colight	TRAIN	229	373.5	7.2	-276.34	7.29	0.28	393
colight	TRAIN	230	337.5	7.0	-262.15	6.94	0.28	414
colight	HELDOUT	230	332.2	100.0	-286.75	7.59	0.28	413
colight	HELDOUT	230	296.0	100.0	-296.02	7.66	0.29	385
colight	HELDOUT	230	336.3	100.0	-283.87	7.48	0.29	371
colight	HELDOUT_MEAN	230	321.5	100.0	0.00	0.00	0.00	0
colight	TRAIN	231	318.4	7.0	-294.40	7.75	0.29	388
colight	TRAIN	232	326.8	8.2	-274.41	7.21	0.28	440
colight	TRAIN	233	310.5	7.9	-290.00	7.55	0.28	412
colight	TRAIN	234	301.3	7.2	-300.02	7.83	0.27	425
colight	TRAIN	235	338.7	8.0	-293.67	7.64	0.29	364
colight	TRAIN	236	330.8	7.6	-275.98	7.34	0.29	404
colight	TRAIN	237	348.0	7.0	-301.76	7.95	0.30	377
colight	TRAIN	238	309.3	7.7	-268.88	7.26	0.28	455
colight	TRAIN	239	350.6	8.7	-278.77	7.35	0.29	382
colight	HELDOUT	500	307.7	100.0	-286.31	7.55	0.28	411
colight	HELDOUT	500	299.5	100.0	-289.28	7.39	0.28	408
colight	HELDOUT	500	324.2	100.0	-284.52	7.46	0.29	387
colight	HELDOUT_MEAN	500	310.5	100.0	0.00	0.00	0.00	0
colight	HELDOUT	110	307.7	100.0	-286.31	7.55	0.28	411
colight	HELDOUT	110	299.5	100.0	-289.28	7.39	0.28	408
colight	HELDOUT	110	324.2	100.0	-284.52	7.46	0.29	387
colight	HELDOUT_MEAN	110	310.5	100.0	0.00	0.00	0.00	0
