colight	TRAIN	0	369.9	0.0	-127.60	3.33	0.22	1066
colight	HELDOUT	0	554.9	100.0	-414.67	9.62	0.48	107
colight	HELDOUT	0	553.2	100.0	-419.98	9.72	0.47	113
colight	HELDOUT	0	552.4	100.0	-421.65	9.75	0.48	95
colight	HELDOUT_MEAN	0	553.5	100.0	0.00	0.00	0.00	0
colight	TRAIN	1	379.6	0.0	-183.31	4.61	0.25	1009
colight	TRAIN	2	359.8	0.0	-149.99	3.72	0.24	1040
colight	TRAIN	3	392.5	0.0	-152.91	3.88	0.24	1019
colight	TRAIN	4	359.0	0.0	-149.73	3.76	0.23	1010
colight	TRAIN	5	374.2	16.2	-149.32	3.76	0.24	1081
colight	TRAIN	6	339.4	6.5	-108.30	2.85	0.22	1217
colight	TRAIN	7	329.0	7.3	-128.99	3.29	0.23	987
colight	TRAIN	8	356.2	12.0	-125.95	3.25	0.22	950
colight	TRAIN	9	343.8	13.8	-147.24	3.78	0.23	937
colight	TRAIN	10	366.1	14.0	-125.65	3.09	0.21	946
colight	HELDOUT	10	386.7	100.0	-326.97	8.09	0.31	311
colight	HELDOUT	10	382.1	100.0	-343.98	8.43	0.31	292
colight	HELDOUT	10	388.6	100.0	-330.98	8.27	0.33	288
colight	HELDOUT_MEAN	10	385.8	100.0	0.00	0.00	0.00	0
colight	TRAIN	11	355.0	16.1	-133.18	3.51	0.23	910
colight	TRAIN	12	367.1	12.7	-160.92	3.91	0.24	837
colight	TRAIN	13	362.9	13.4	-161.09	4.29	0.25	768
colight	TRAIN	14	366.5	14.0	-165.56	4.00	0.23	787
colight	TRAIN	15	393.9	14.7	-171.77	4.12	0.23	739
colight	TRAIN	16	363.6	12.8	-161.94	3.88	0.24	940
colight	TRAIN	17	352.6	14.4	-169.09	4.05	0.25	878
colight	TRAIN	18	357.8	15.1	-190.27	4.58	0.28	830
colight	TRAIN	19	361.8	18.4	-187.14	4.43	0.25	812
colight	TRAIN	20	370.4	18.7	-169.60	4.17	0.25	852
colight	HELDOUT	20	369.6	100.0	-233.77	5.91	0.32	399
colight	HELDOUT	20	348.9	100.0	-250.63	6.17	0.31	420
colight	HELDOUT	20	397.1	100.0	-256.92	6.29	0.32	393
colight	HELDOUT_MEAN	20	371.9	100.0	0.00	0.00	0.00	0
colight	TRAIN	21	364.6	17.1	-179.95	4.32	0.26	915
colight	TRAIN	22	376.2	13.2	-214.53	5.26	0.28	765
colight	TRAIN	23	444.1	14.4	-275.84	6.88	0.33	674
colight	TRAIN	24	439.0	15.9	-214.06	5.30	0.27	799
colight	TRAIN	25	425.0	13.9	-193.81	5.11	0.27	678
colight	TRAIN	26	437.4	10.7	-233.38	5.74	0.31	689
colight	TRAIN	27	366.0	11.3	-220.19	5.62	0.29	778
colight	TRAIN	28	334.3	13.8	-199.75	5.06	0.26	749
colight	TRAIN	29	308.4	13.9	-226.18	5.88	0.27	561
colight	TRAIN	30	397.1	13.3	-192.39	4.76	0.27	577
colight	HELDOUT	30	343.3	100.0	-277.05	7.24	0.30	399
colight	HELDOUT	30	327.5	100.0	-292.64	7.44	0.30	363
colight	HELDOUT	30	369.9	100.0	-289.63	7.56	0.32	346
colight	HELDOUT_MEAN	30	346.9	100.0	0.00	0.00	0.00	0
colight	TRAIN	31	408.8	13.3	-294.80	7.44	0.30	448
colight	TRAIN	32	356.3	12.3	-260.59	6.84	0.29	505
colight	TRAIN	33	380.2	14.7	-276.27	7.26	0.30	439
colight	TRAIN	34	385.9	14.6	-295.62	7.75	0.30	414
colight	TRAIN	35	384.7	14.8	-257.64	6.74	0.28	472
colight	TRAIN	36	414.3	23.2	-231.77	6.04	0.30	660
colight	TRAIN	37	471.5	25.4	-306.68	7.64	0.35	531
colight	TRAIN	38	457.0	26.8	-266.34	6.87	0.33	685
colight	TRAIN	39	354.3	25.3	-241.69	6.24	0.27	484
colight	TRAIN	40	377.4	25.8	-265.45	6.82	0.28	412
colight	HELDOUT	40	338.1	100.0	-291.46	7.54	0.30	369
colight	HELDOUT	40	350.2	100.0	-305.26	7.48	0.31	323
colight	HELDOUT	40	358.5	100.0	-296.99	7.56	0.32	339
colight	HELDOUT_MEAN	40	348.9	100.0	0.00	0.00	0.00	0
colight	TRAIN	41	339.9	20.6	-246.80	6.14	0.30	512
colight	TRAIN	42	398.1	17.9	-305.27	7.70	0.35	310
colight	TRAIN	43	495.2	20.0	-293.23	7.37	0.35	407
colight	TRAIN	44	366.0	20.9	-265.68	6.87	0.28	495
colight	TRAIN	45	374.3	23.1	-290.13	7.54	0.29	348
colight	TRAIN	46	433.0	21.2	-229.91	5.91	0.29	639
colight	TRAIN	47	376.2	19.2	-212.10	5.30	0.29	655
colight	TRAIN	48	361.8	21.5	-236.32	5.92	0.30	577
colight	TRAIN	49	487.1	21.4	-347.65	8.87	0.39	334
colight	TRAIN	50	426.2	18.7	-288.98	7.11	0.34	371
colight	HELDOUT	50	453.2	100.0	-320.55	7.80	0.40	191
colight	HELDOUT	50	437.9	100.0	-341.48	8.07	0.41	196
colight	HELDOUT	50	485.8	100.0	-327.84	7.88	0.42	201
colight	HELDOUT_MEAN	50	459.0	100.0	0.00	0.00	0.00	0
colight	TRAIN	51	558.1	18.0	-335.09	7.95	0.41	250
colight	TRAIN	52	448.5	17.6	-305.98	7.50	0.38	272
colight	TRAIN	53	394.8	17.8	-216.62	5.55	0.29	736
colight	TRAIN	54	401.8	15.8	-294.69	7.66	0.29	445
colight	TRAIN	55	369.1	15.4	-284.73	7.19	0.30	336
colight	TRAIN	56	377.7	14.0	-211.01	5.36	0.31	648
colight	TRAIN	57	303.1	12.8	-255.51	6.65	0.29	437
colight	TRAIN	58	366.4	16.4	-269.87	6.89	0.29	452
colight	TRAIN	59	415.0	15.5	-285.82	7.33	0.30	304
colight	TRAIN	60	355.9	12.1	-289.89	7.41	0.29	347
colight	HELDOUT	60	371.5	100.0	-309.83	7.77	0.30	331
colight	HELDOUT	60	328.1	100.0	-299.98	7.46	0.29	358
colight	HELDOUT	60	442.0	100.0	-320.83	7.75	0.30	303
colight	HELDOUT_MEAN	60	380.5	100.0	0.00	0.00	0.00	0
colight	TRAIN	61	417.6	11.8	-316.55	7.89	0.31	329
colight	TRAIN	62	326.6	13.0	-294.03	7.49	0.29	397
colight	TRAIN	63	413.3	10.3	-308.17	7.78	0.31	357
colight	TRAIN	64	361.4	9.2	-300.37	7.73	0.29	379
colight	TRAIN	65	375.0	8.3	-295.13	7.57	0.30	384
colight	TRAIN	66	354.5	7.6	-292.34	7.56	0.31	365
colight	TRAIN	67	363.3	7.0	-273.46	7.15	0.29	448
colight	TRAIN	68	322.4	7.1	-277.71	7.21	0.29	388
colight	TRAIN	69	370.0	6.7	-277.63	7.13	0.29	397
colight	TRAIN	70	326.8	7.0	-282.24	7.27	0.30	345
colight	HELDOUT	70	354.4	100.0	-291.45	7.55	0.30	374
colight	HELDOUT	70	334.4	100.0	-291.05	7.33	0.29	372
colight	HELDOUT	70	373.0	100.0	-285.15	7.40	0.30	361
colight	HELDOUT_MEAN	70	354.0	100.0	0.00	0.00	0.00	0
colight	TRAIN	71	371.0	6.9	-296.67	7.58	0.30	380
colight	TRAIN	72	335.0	6.2	-276.41	7.14	0.29	422
colight	TRAIN	73	346.6	7.0	-287.28	7.42	0.30	377
colight	TRAIN	74	304.0	6.5	-303.90	7.84	0.29	348
colight	TRAIN	75	345.8	7.9	-268.11	7.07	0.30	427
colight	TRAIN	76	364.7	7.3	-286.15	7.41	0.30	404
colight	TRAIN	77	372.8	7.1	-292.76	7.73	0.31	396
colight	TRAIN	78	355.0	6.9	-284.98	7.42	0.31	374
colight	TRAIN	79	430.4	6.9	-285.27	7.43	0.31	408
colight	TRAIN	80	371.1	8.1	-269.36	6.95	0.28	396
colight	HELDOUT	80	341.5	100.0	-292.76	7.61	0.30	375
colight	HELDOUT	80	335.0	100.0	-286.73	7.35	0.29	384
colight	HELDOUT	80	342.7	100.0	-281.82	7.30	0.30	367
colight	HELDOUT_MEAN	80	339.7	100.0	0.00	0.00	0.00	0
colight	TRAIN	81	385.9	6.4	-285.97	7.41	0.30	387
colight	TRAIN	82	343.5	6.5	-292.82	7.58	0.31	385
colight	TRAIN	83	327.1	6.9	-289.89	7.59	0.31	355
colight	TRAIN	84	340.1	7.8	-303.37	7.96	0.30	363
colight	TRAIN	85	319.3	8.2	-286.60	7.53	0.30	373
colight	TRAIN	86	363.2	6.7	-276.98	7.27	0.31	383
colight	TRAIN	87	334.5	7.2	-282.98	7.51	0.30	380
colight	TRAIN	88	321.8	6.7	-271.91	7.07	0.28	416
colight	TRAIN	89	394.0	6.8	-287.34	7.47	0.31	373
colight	TRAIN	90	341.5	7.0	-282.63	7.42	0.30	347
colight	HELDOUT	90	334.5	100.0	-281.87	7.39	0.29	387
colight	HELDOUT	90	324.9	100.0	-289.40	7.45	0.29	379
colight	HELDOUT	90	342.2	100.0	-282.74	7.39	0.31	361
colight	HELDOUT_MEAN	90	333.9	100.0	0.00	0.00	0.00	0
colight	TRAIN	91	334.5	6.9	-288.86	7.57	0.30	382
colight	TRAIN	92	349.6	7.6	-283.34	7.27	0.30	428
colight	TRAIN	93	331.9	8.4	-285.26	7.44	0.30	396
colight	TRAIN	94	327.4	9.0	-294.96	7.78	0.30	379
colight	TRAIN	95	332.7	9.9	-284.99	7.46	0.29	378
colight	TRAIN	96	335.7	9.4	-273.11	7.20	0.31	374
colight	TRAIN	97	325.6	10.7	-283.26	7.45	0.30	356
colight	TRAIN	98	336.7	10.2	-277.46	7.25	0.29	421
colight	TRAIN	99	363.1	9.9	-283.01	7.37	0.31	338
colight	TRAIN	100	329.4	10.1	-281.14	7.30	0.29	394
colight	HELDOUT	100	350.5	100.0	-294.04	7.69	0.31	396
colight	HELDOUT	100	339.4	100.0	-296.64	7.58	0.30	362
colight	HELDOUT	100	352.8	100.0	-295.88	7.67	0.32	330
colight	HELDOUT_MEAN	100	347.6	100.0	0.00	0.00	0.00	0
colight	TRAIN	101	356.4	8.6	-299.21	7.74	0.30	374
colight	TRAIN	102	303.8	8.0	-262.84	6.82	0.28	429
colight	TRAIN	103	351.7	6.6	-290.25	7.52	0.31	349
colight	TRAIN	104	334.7	7.3	-280.32	7.43	0.30	360
colight	TRAIN	105	340.0	7.7	-271.70	7.05	0.29	387
colight	TRAIN	106	348.3	8.4	-281.56	7.34	0.30	384
colight	TRAIN	107	334.8	7.7	-273.90	7.28	0.30	403
colight	TRAIN	108	337.8	7.6	-280.98	7.46	0.30	392
colight	TRAIN	109	374.3	8.3	-275.85	7.30	0.30	368
colight	TRAIN	110	356.1	9.1	-264.04	7.01	0.29	378
colight	HELDOUT	110	339.6	100.0	-284.54	7.47	0.29	375
colight	HELDOUT	110	343.0	100.0	-285.94	7.41	0.30	375
colight	HELDOUT	110	346.9	100.0	-279.81	7.33	0.31	346
colight	HELDOUT_MEAN	110	343.2	100.0	0.00	0.00	0.00	0
colight	TRAIN	111	335.1	9.4	-278.77	7.31	0.29	395
colight	TRAIN	112	337.3	9.0	-284.31	7.40	0.30	379
colight	TRAIN	113	322.5	10.3	-274.40	7.23	0.30	381
colight	TRAIN	114	353.0	9.6	-281.73	7.38	0.29	409
colight	TRAIN	115	291.4	9.9	-279.60	7.38	0.30	359
colight	TRAIN	116	332.5	10.0	-279.08	7.31	0.30	349
colight	TRAIN	117	348.9	12.6	-278.95	7.40	0.30	403
colight	TRAIN	118	327.1	14.5	-295.75	7.62	0.30	361
colight	TRAIN	119	380.3	17.0	-285.16	7.44	0.31	345
colight	TRAIN	120	335.6	15.0	-284.88	7.50	0.30	334
colight	HELDOUT	120	335.6	100.0	-287.28	7.57	0.30	370
colight	HELDOUT	120	321.1	100.0	-275.20	7.13	0.29	363
colight	HELDOUT	120	343.1	100.0	-273.45	7.17	0.30	378
colight	HELDOUT_MEAN	120	333.3	100.0	0.00	0.00	0.00	0
colight	TRAIN	121	330.4	13.4	-265.45	7.02	0.29	401
colight	TRAIN	122	355.9	13.5	-272.19	7.11	0.30	415
colight	TRAIN	123	311.1	14.8	-287.87	7.48	0.30	356
colight	TRAIN	124	348.4	12.4	-298.58	7.83	0.30	381
colight	TRAIN	125	300.9	13.5	-283.67	7.47	0.29	389
colight	TRAIN	126	328.8	13.8	-270.88	7.15	0.30	386
colight	TRAIN	127	317.7	13.7	-281.98	7.38	0.30	407
colight	TRAIN	128	303.6	11.7	-273.31	7.24	0.29	388
colight	TRAIN	129	355.8	14.2	-281.85	7.40	0.31	355
colight	TRAIN	130	374.4	11.7	-295.20	7.47	0.30	320
colight	HELDOUT	130	357.5	100.0	-314.95	7.82	0.30	310
colight	HELDOUT	130	314.3	100.0	-281.80	7.29	0.29	359
colight	HELDOUT	130	347.9	100.0	-281.78	7.39	0.31	351
colight	HELDOUT_MEAN	130	339.9	100.0	0.00	0.00	0.00	0
colight	TRAIN	131	342.2	13.2	-286.76	7.52	0.30	393
colight	TRAIN	132	354.9	10.7	-267.52	7.09	0.29	432
colight	TRAIN	133	328.4	11.4	-297.55	7.70	0.31	370
colight	TRAIN	134	327.0	12.3	-283.93	7.35	0.28	427
colight	TRAIN	135	320.1	14.9	-274.55	7.26	0.29	390
colight	TRAIN	136	343.1	16.5	-277.52	7.41	0.30	394
colight	TRAIN	137	323.2	15.7	-282.45	7.43	0.29	372
colight	TRAIN	138	310.7	16.4	-291.52	7.37	0.31	353
colight	TRAIN	139	381.2	13.3	-276.10	7.22	0.29	400
colight	TRAIN	140	307.2	11.4	-282.02	7.35	0.30	330
colight	HELDOUT	140	326.3	100.0	-286.78	7.54	0.30	371
colight	HELDOUT	140	326.8	100.0	-283.40	7.33	0.29	364
colight	HELDOUT	140	355.8	100.0	-283.88	7.39	0.31	353
colight	HELDOUT_MEAN	140	336.3	100.0	0.00	0.00	0.00	0
colight	TRAIN	141	302.3	13.0	-281.10	7.38	0.30	371
colight	TRAIN	142	350.8	16.6	-273.36	7.11	0.30	416
colight	TRAIN	143	334.4	11.8	-289.91	7.59	0.31	362
colight	TRAIN	144	321.5	12.2	-300.82	7.87	0.29	351
colight	TRAIN	145	343.4	9.2	-274.71	7.30	0.29	376
colight	TRAIN	146	339.0	7.4	-287.69	7.51	0.31	352
colight	TRAIN	147	348.5	5.9	-280.25	7.41	0.30	386
colight	TRAIN	148	342.0	7.4	-278.68	7.36	0.29	386
colight	TRAIN	149	413.4	7.3	-282.44	7.14	0.30	349
colight	TRAIN	150	352.5	9.4	-277.39	7.24	0.29	365
colight	HELDOUT	150	350.6	100.0	-285.86	7.53	0.30	367
colight	HELDOUT	150	301.7	100.0	-282.38	7.27	0.29	355
colight	HELDOUT	150	347.7	100.0	-281.14	7.37	0.31	345
colight	HELDOUT_MEAN	150	333.3	100.0	0.00	0.00	0.00	0
colight	TRAIN	151	355.5	8.7	-277.72	7.33	0.29	406
colight	TRAIN	152	363.0	8.2	-286.58	7.46	0.31	371
colight	TRAIN	153	355.1	6.2	-279.44	7.34	0.30	380
colight	TRAIN	154	350.2	5.7	-282.54	7.51	0.30	397
colight	TRAIN	155	325.2	7.7	-271.72	7.27	0.29	387
colight	TRAIN	156	372.1	8.3	-278.41	7.29	0.31	420
colight	TRAIN	157	325.1	8.3	-279.06	7.36	0.30	413
colight	TRAIN	158	322.8	10.0	-271.00	7.20	0.29	429
colight	TRAIN	159	407.0	10.3	-282.68	7.43	0.31	344
colight	HELDOUT	500	335.7	100.0	-282.80	7.38	0.30	348
colight	HELDOUT	500	311.8	100.0	-277.36	7.19	0.29	381
colight	HELDOUT	500	357.4	100.0	-277.53	7.29	0.30	381
colight	HELDOUT_MEAN	500	335.0	100.0	0.00	0.00	0.00	0
colight	HELDOUT	120	335.7	100.0	-282.80	7.38	0.30	348
colight	HELDOUT	120	311.8	100.0	-277.36	7.19	0.29	381
colight	HELDOUT	120	357.4	100.0	-277.53	7.29	0.30	381
colight	HELDOUT_MEAN	120	335.0	100.0	0.00	0.00	0.00	0
