dqn	TRAIN	0	231.3	0.0	-24.90	0.83	0.04	250
dqn	HELDOUT	0	348.6	100.0	-109.15	3.44	0.10	65
dqn	HELDOUT	0	377.9	100.0	-104.48	3.30	0.10	77
dqn	HELDOUT	0	338.7	100.0	-107.41	3.39	0.10	70
dqn	HELDOUT_MEAN	0	355.1	100.0	0.00	0.00	0.00	0
dqn	TRAIN	1	223.3	0.0	-22.95	0.77	0.04	247
dqn	TRAIN	2	229.4	0.0	-24.77	0.82	0.04	251
dqn	TRAIN	3	232.2	0.0	-25.10	0.83	0.04	252
dqn	TRAIN	4	226.1	0.0	-24.14	0.80	0.04	245
dqn	TRAIN	5	242.1	0.0	-26.80	0.89	0.05	247
dqn	TRAIN	6	221.6	0.0	-22.86	0.76	0.04	243
dqn	TRAIN	7	229.9	0.0	-23.57	0.79	0.04	250
dqn	TRAIN	8	275.2	0.3	-61.07	1.95	0.08	139
dqn	TRAIN	9	429.8	0.4	-87.33	2.77	0.09	143
dqn	TRAIN	10	358.0	0.6	-72.78	2.31	0.09	153
dqn	HELDOUT	10	387.0	100.0	-101.39	3.20	0.10	82
dqn	HELDOUT	10	385.8	100.0	-98.38	3.11	0.09	92
dqn	HELDOUT	10	336.6	100.0	-95.65	3.02	0.10	92
dqn	HELDOUT_MEAN	10	369.8	100.0	0.00	0.00	0.00	0
dqn	TRAIN	11	355.0	1.2	-68.56	2.17	0.08	174
dqn	TRAIN	12	297.3	1.9	-49.80	1.59	0.08	200
dqn	TRAIN	13	305.8	2.5	-46.74	1.49	0.07	208
dqn	TRAIN	14	284.5	2.7	-47.07	1.51	0.07	192
dqn	TRAIN	15	270.6	2.8	-40.01	1.29	0.06	206
dqn	TRAIN	16	248.3	2.8	-34.04	1.10	0.06	220
dqn	TRAIN	17	253.1	2.6	-32.70	1.06	0.06	223
dqn	TRAIN	18	233.7	2.4	-25.63	0.84	0.05	237
dqn	TRAIN	19	227.1	2.2	-24.30	0.80	0.05	244
dqn	TRAIN	20	207.5	1.9	-17.99	0.60	0.04	254
dqn	HELDOUT	20	215.9	100.0	-27.37	0.89	0.05	223
dqn	HELDOUT	20	224.6	100.0	-26.23	0.85	0.05	238
dqn	HELDOUT	20	254.5	100.0	-39.69	1.27	0.06	214
dqn	HELDOUT_MEAN	20	231.7	100.0	0.00	0.00	0.00	0
dqn	TRAIN	21	199.1	1.7	-16.89	0.56	0.04	254
dqn	TRAIN	22	192.3	1.5	-14.11	0.48	0.03	263
dqn	TRAIN	23	195.7	1.3	-16.13	0.54	0.03	258
dqn	TRAIN	24	206.7	1.1	-20.55	0.68	0.04	251
dqn	TRAIN	25	202.4	1.0	-15.84	0.53	0.04	256
dqn	TRAIN	26	177.9	0.9	-13.06	0.44	0.03	250
dqn	TRAIN	27	193.2	0.8	-15.09	0.50	0.03	253
dqn	TRAIN	28	180.2	0.7	-11.27	0.39	0.03	256
dqn	TRAIN	29	182.4	0.7	-11.08	0.38	0.03	259
dqn	TRAIN	30	181.9	0.6	-10.94	0.38	0.03	272
dqn	HELDOUT	30	171.8	100.0	-9.21	0.32	0.02	263
dqn	HELDOUT	30	170.4	100.0	-9.63	0.33	0.02	261
dqn	HELDOUT	30	165.8	100.0	-9.49	0.33	0.02	260
dqn	HELDOUT_MEAN	30	169.4	100.0	0.00	0.00	0.00	0
dqn	TRAIN	31	164.9	0.6	-7.44	0.26	0.02	271
dqn	TRAIN	32	159.2	0.5	-6.15	0.22	0.02	266
dqn	TRAIN	33	169.4	0.5	-6.94	0.25	0.02	268
dqn	TRAIN	34	171.2	0.4	-9.75	0.33	0.02	264
dqn	TRAIN	35	168.0	0.4	-7.55	0.27	0.02	264
dqn	TRAIN	36	158.6	0.4	-6.45	0.23	0.02	265
dqn	TRAIN	37	172.2	0.4	-7.98	0.28	0.02	271
dqn	TRAIN	38	164.1	0.3	-6.15	0.23	0.02	269
dqn	TRAIN	39	166.6	0.3	-6.19	0.22	0.02	272
dqn	TRAIN	40	165.0	0.3	-6.18	0.23	0.02	275
dqn	HELDOUT	40	160.3	100.0	-5.83	0.21	0.02	265
dqn	HELDOUT	40	157.5	100.0	-5.10	0.19	0.01	271
dqn	HELDOUT	40	163.2	100.0	-6.14	0.22	0.02	272
dqn	HELDOUT_MEAN	40	160.3	100.0	0.00	0.00	0.00	0
dqn	TRAIN	41	155.9	0.3	-4.42	0.17	0.01	273
dqn	TRAIN	42	155.9	0.2	-4.58	0.17	0.01	271
dqn	TRAIN	43	162.0	0.2	-5.09	0.19	0.02	270
dqn	TRAIN	44	158.3	0.2	-5.32	0.19	0.02	270
dqn	TRAIN	45	162.8	0.2	-5.15	0.19	0.02	268
dqn	TRAIN	46	153.3	0.2	-3.92	0.15	0.01	272
dqn	TRAIN	47	159.2	0.2	-4.41	0.17	0.01	271
dqn	TRAIN	48	160.4	0.2	-4.51	0.17	0.01	271
dqn	TRAIN	49	159.8	0.1	-4.74	0.18	0.01	269
dqn	TRAIN	50	159.0	0.1	-4.56	0.17	0.01	275
dqn	HELDOUT	50	160.1	100.0	-5.47	0.20	0.02	265
dqn	HELDOUT	50	158.0	100.0	-4.90	0.18	0.01	272
dqn	HELDOUT	50	156.6	100.0	-5.40	0.20	0.02	265
dqn	HELDOUT_MEAN	50	158.3	100.0	0.00	0.00	0.00	0
dqn	TRAIN	51	154.5	0.1	-3.98	0.15	0.01	276
dqn	TRAIN	52	153.5	0.1	-4.23	0.16	0.01	273
dqn	TRAIN	53	161.1	0.1	-4.75	0.17	0.01	272
dqn	TRAIN	54	156.0	0.1	-4.64	0.17	0.01	272
dqn	TRAIN	55	159.9	0.1	-4.23	0.16	0.01	270
dqn	TRAIN	56	155.4	0.1	-4.26	0.16	0.01	273
dqn	TRAIN	57	157.2	0.1	-4.30	0.16	0.01	268
dqn	TRAIN	58	158.7	0.1	-4.03	0.15	0.01	270
dqn	TRAIN	59	161.4	0.1	-4.43	0.16	0.01	272
dqn	TRAIN	60	160.4	0.1	-4.74	0.18	0.01	271
dqn	HELDOUT	60	154.3	100.0	-3.65	0.14	0.01	267
dqn	HELDOUT	60	153.8	100.0	-3.68	0.14	0.01	270
dqn	HELDOUT	60	156.5	100.0	-3.87	0.14	0.01	276
dqn	HELDOUT_MEAN	60	154.9	100.0	0.00	0.00	0.00	0
dqn	TRAIN	61	155.4	0.1	-4.08	0.16	0.01	273
dqn	TRAIN	62	152.7	0.1	-3.46	0.13	0.01	273
dqn	TRAIN	63	158.6	0.1	-4.34	0.16	0.01	270
dqn	TRAIN	64	154.7	0.1	-4.13	0.15	0.01	271
dqn	TRAIN	65	159.0	0.1	-3.82	0.15	0.01	271
dqn	TRAIN	66	151.3	0.1	-3.51	0.14	0.01	268
dqn	TRAIN	67	157.7	0.1	-3.89	0.15	0.01	271
dqn	TRAIN	68	156.6	0.1	-3.78	0.15	0.01	272
dqn	TRAIN	69	159.2	0.1	-4.08	0.15	0.01	271
dqn	TRAIN	70	158.7	0.0	-4.00	0.15	0.01	277
dqn	HELDOUT	70	154.1	100.0	-3.96	0.15	0.01	267
dqn	HELDOUT	70	154.2	100.0	-3.77	0.14	0.01	267
dqn	HELDOUT	70	155.6	100.0	-3.82	0.15	0.01	274
dqn	HELDOUT_MEAN	70	154.6	100.0	0.00	0.00	0.00	0
dqn	TRAIN	71	153.8	0.0	-3.41	0.13	0.01	277
dqn	TRAIN	72	150.7	0.0	-3.17	0.12	0.01	273
dqn	TRAIN	73	156.9	0.0	-3.79	0.14	0.01	271
dqn	TRAIN	74	155.5	0.0	-4.35	0.16	0.01	272
dqn	TRAIN	75	158.9	0.0	-3.92	0.15	0.01	273
dqn	TRAIN	76	153.0	0.0	-4.16	0.16	0.01	273
dqn	TRAIN	77	154.8	0.0	-3.43	0.13	0.01	268
dqn	TRAIN	78	157.9	0.0	-3.92	0.15	0.01	274
dqn	TRAIN	79	158.7	0.0	-3.90	0.15	0.01	270
dqn	TRAIN	80	158.5	0.0	-3.98	0.15	0.01	277
dqn	HELDOUT	80	152.5	100.0	-3.53	0.14	0.01	267
dqn	HELDOUT	80	154.3	100.0	-3.57	0.14	0.01	269
dqn	HELDOUT	80	153.7	100.0	-3.28	0.12	0.01	275
dqn	HELDOUT_MEAN	80	153.5	100.0	0.00	0.00	0.00	0
dqn	TRAIN	81	152.4	0.0	-3.34	0.13	0.01	274
dqn	TRAIN	82	151.2	0.0	-3.35	0.13	0.01	272
dqn	TRAIN	83	155.9	0.0	-3.31	0.13	0.01	273
dqn	TRAIN	84	154.8	0.0	-4.17	0.15	0.01	269
dqn	TRAIN	85	159.4	0.0	-3.75	0.15	0.01	275
dqn	TRAIN	86	152.0	0.0	-3.46	0.13	0.01	271
dqn	TRAIN	87	155.8	0.0	-3.46	0.13	0.01	269
dqn	TRAIN	88	156.1	0.0	-3.58	0.14	0.01	269
dqn	TRAIN	89	158.6	0.0	-3.90	0.15	0.01	270
dqn	TRAIN	90	158.1	0.0	-3.69	0.14	0.01	279
dqn	HELDOUT	90	154.2	100.0	-3.86	0.15	0.01	267
dqn	HELDOUT	90	155.5	100.0	-4.00	0.15	0.01	271
dqn	HELDOUT	90	154.5	100.0	-3.41	0.13	0.01	275
dqn	HELDOUT_MEAN	90	154.7	100.0	0.00	0.00	0.00	0
dqn	TRAIN	91	152.7	0.0	-3.37	0.13	0.01	273
dqn	TRAIN	92	151.2	0.0	-3.40	0.13	0.01	274
dqn	TRAIN	93	157.3	0.0	-3.47	0.14	0.01	273
dqn	TRAIN	94	155.9	0.0	-4.14	0.15	0.01	271
dqn	TRAIN	95	161.5	0.0	-4.46	0.17	0.01	271
dqn	TRAIN	96	152.6	0.0	-3.65	0.14	0.01	274
dqn	TRAIN	97	154.7	0.0	-3.53	0.13	0.01	267
dqn	TRAIN	98	156.4	0.0	-3.42	0.13	0.01	272
dqn	TRAIN	99	158.2	0.0	-3.44	0.13	0.01	273
dqn	HELDOUT	100	153.1	100.0	-3.70	0.14	0.01	269
dqn	HELDOUT	100	154.8	100.0	-3.63	0.14	0.01	271
dqn	HELDOUT	100	155.3	100.0	-3.46	0.13	0.01	274
dqn	HELDOUT_MEAN	100	154.4	100.0	0.00	0.00	0.00	0
