mplight	TRAIN	0	110.5	nan	-4.02	8.39	0.43	2804
mplight	TEST	0	110.9	100.0	-3.99	8.34	0.42	2803
mplight	TRAIN	1	115.8	0.2	-4.96	10.00	0.42	2743
mplight	TEST	1	109.4	100.0	-5.55	10.54	0.43	2808
mplight	TRAIN	2	102.5	0.3	-3.82	8.23	0.41	2801
mplight	TEST	2	103.2	100.0	-4.37	8.43	0.41	2808
mplight	TRAIN	3	115.7	0.3	-4.19	9.39	0.42	2766
mplight	TEST	3	141.1	100.0	-4.88	9.96	0.43	2809
mplight	TRAIN	4	98.7	0.4	-4.39	8.87	0.41	2799
mplight	TEST	4	139.2	100.0	-5.25	10.98	0.44	2811
mplight	TRAIN	5	106.6	0.5	-4.25	8.13	0.39	2797
mplight	TEST	5	109.4	100.0	-4.44	9.26	0.42	2801
mplight	TRAIN	6	119.1	0.5	-3.50	7.18	0.41	2776
mplight	TEST	6	107.5	100.0	-4.17	8.95	0.40	2773
mplight	TRAIN	7	101.4	0.6	-4.19	8.44	0.40	2753
mplight	TEST	7	102.0	100.0	-3.53	7.03	0.41	2794
mplight	TRAIN	8	100.9	0.7	-4.20	8.23	0.39	2766
mplight	TEST	8	106.8	100.0	-3.47	7.35	0.40	2762
mplight	TRAIN	9	112.4	0.7	-4.11	8.58	0.42	2798
mplight	TEST	9	122.0	100.0	-3.77	8.18	0.44	2807
mplight	TRAIN	10	107.3	0.8	-3.80	7.44	0.41	2810
mplight	TEST	10	110.9	100.0	-4.37	8.86	0.43	2791
mplight	TRAIN	11	108.5	0.7	-3.84	7.90	0.41	2800
mplight	TEST	11	106.7	100.0	-3.36	7.40	0.41	2790
mplight	TRAIN	12	104.5	0.7	-3.48	7.25	0.40	2807
mplight	TEST	12	101.1	100.0	-3.95	8.06	0.41	2809
mplight	TRAIN	13	106.6	0.7	-3.94	8.24	0.40	2812
mplight	TEST	13	108.8	100.0	-3.91	8.24	0.41	2795
mplight	TRAIN	14	100.5	0.6	-3.01	6.38	0.38	2803
mplight	TEST	14	92.4	100.0	-3.38	6.89	0.39	2804
mplight	TRAIN	15	109.0	0.6	-3.57	6.85	0.39	2808
mplight	TEST	15	97.6	100.0	-3.55	7.39	0.39	2802
mplight	TRAIN	16	96.1	0.6	-3.43	7.10	0.38	2765
mplight	TEST	16	114.0	100.0	-3.57	7.81	0.40	2800
mplight	TRAIN	17	117.1	0.6	-3.67	7.52	0.40	2794
mplight	TEST	17	97.9	100.0	-3.11	6.50	0.39	2809
mplight	TRAIN	18	101.4	0.5	-2.87	6.01	0.39	2801
mplight	TEST	18	89.6	100.0	-2.60	5.59	0.36	2796
mplight	TRAIN	19	101.0	0.5	-3.53	7.49	0.41	2799
mplight	TEST	19	92.1	100.0	-3.29	6.30	0.38	2801
mplight	TRAIN	20	90.3	0.5	-3.04	6.35	0.38	2815
mplight	TEST	20	97.8	100.0	-3.01	6.43	0.39	2805
mplight	TRAIN	21	106.6	0.5	-3.13	6.93	0.38	2810
mplight	TEST	21	110.1	100.0	-3.13	7.15	0.39	2809
mplight	TRAIN	22	98.1	0.5	-3.40	6.88	0.38	2812
mplight	TEST	22	99.4	100.0	-3.10	7.06	0.40	2811
mplight	TRAIN	23	86.2	0.5	-2.72	5.78	0.37	2792
mplight	TEST	23	97.5	100.0	-3.21	7.06	0.38	2794
mplight	TRAIN	24	107.0	0.5	-3.32	7.19	0.38	2762
mplight	TEST	24	94.1	100.0	-3.01	6.36	0.38	2817
mplight	TRAIN	25	115.5	0.5	-2.94	6.07	0.40	2812
mplight	TEST	25	119.3	100.0	-3.11	6.64	0.39	2795
mplight	TRAIN	26	101.2	0.4	-3.11	6.57	0.39	2817
mplight	TEST	26	112.3	100.0	-3.27	6.71	0.39	2802
mplight	TRAIN	27	103.2	0.4	-3.00	6.49	0.39	2772
mplight	TEST	27	97.2	100.0	-2.92	6.36	0.37	2791
mplight	TRAIN	28	102.5	0.5	-3.11	6.80	0.39	2761
mplight	TEST	28	92.3	100.0	-2.91	6.40	0.38	2805
mplight	TRAIN	29	94.6	0.4	-2.39	5.34	0.37	2811
mplight	TEST	29	103.2	100.0	-2.81	6.28	0.37	2798
mplight	TRAIN	30	90.2	0.4	-2.72	6.16	0.37	2803
mplight	TEST	30	94.3	100.0	-3.44	7.30	0.37	2800
mplight	TRAIN	31	89.7	0.4	-2.71	5.78	0.37	2810
mplight	TEST	31	84.8	100.0	-2.24	5.09	0.35	2808
mplight	TRAIN	32	94.6	0.4	-2.35	5.25	0.36	2806
mplight	TEST	32	84.2	100.0	-2.47	5.09	0.35	2807
mplight	TRAIN	33	86.6	0.4	-3.02	6.42	0.37	2813
mplight	TEST	33	97.9	100.0	-2.35	5.16	0.37	2804
mplight	TRAIN	34	94.7	0.4	-2.53	5.52	0.36	2807
mplight	TEST	34	100.6	100.0	-3.15	6.40	0.37	2804
mplight	TRAIN	35	84.7	0.4	-2.40	5.18	0.36	2807
mplight	TEST	35	92.9	100.0	-2.64	5.60	0.36	2805
mplight	TRAIN	36	88.0	0.4	-2.43	5.16	0.36	2815
mplight	TEST	36	116.7	100.0	-3.08	7.07	0.40	2806
mplight	TRAIN	37	92.0	0.4	-2.78	6.28	0.37	2787
mplight	TEST	37	105.0	100.0	-3.40	7.08	0.39	2793
mplight	TRAIN	38	97.9	0.3	-2.33	5.30	0.36	2803
mplight	TEST	38	85.6	100.0	-2.27	5.14	0.35	2817
mplight	TRAIN	39	91.2	0.3	-2.70	5.75	0.36	2817
mplight	TEST	39	87.9	100.0	-2.28	5.07	0.36	2810
mplight	TRAIN	40	78.9	0.3	-2.45	4.91	0.33	2814
mplight	TEST	40	94.8	100.0	-2.35	5.37	0.35	2801
mplight	TRAIN	41	100.8	0.3	-2.81	6.29	0.37	2804
mplight	TEST	41	82.8	100.0	-2.15	4.66	0.36	2800
mplight	TRAIN	42	102.9	0.4	-2.59	5.58	0.36	2803
mplight	TEST	42	82.3	100.0	-1.99	4.53	0.34	2803
mplight	TRAIN	43	92.5	0.3	-1.85	4.26	0.33	2807
mplight	TEST	43	92.9	100.0	-2.48	5.25	0.36	2812
mplight	TRAIN	44	93.8	0.4	-1.95	4.33	0.34	2806
mplight	TEST	44	98.5	100.0	-2.27	5.10	0.35	2808
mplight	TRAIN	45	120.4	0.3	-2.69	6.00	0.37	2810
mplight	TEST	45	79.9	100.0	-2.33	4.80	0.35	2805
mplight	TRAIN	46	98.4	0.3	-2.30	5.02	0.35	2803
mplight	TEST	46	78.3	100.0	-1.85	4.07	0.32	2808
mplight	TRAIN	47	96.1	0.3	-2.36	5.21	0.35	2798
mplight	TEST	47	89.3	100.0	-2.11	4.78	0.34	2797
mplight	TRAIN	48	92.1	0.3	-2.18	4.72	0.35	2801
mplight	TEST	48	77.7	100.0	-1.70	3.94	0.33	2806
mplight	TRAIN	49	94.1	0.3	-2.29	5.02	0.36	2803
mplight	TEST	49	84.9	100.0	-1.87	4.27	0.32	2809
mplight	TRAIN	50	85.6	0.3	-1.98	4.54	0.35	2812
mplight	TEST	50	92.2	100.0	-2.04	4.87	0.34	2797
mplight	TRAIN	51	82.7	0.3	-1.92	4.20	0.34	2794
mplight	TEST	51	87.9	100.0	-2.01	4.80	0.34	2784
mplight	TRAIN	52	87.1	0.4	-2.06	4.92	0.34	2802
mplight	TEST	52	81.7	100.0	-2.10	4.85	0.35	2815
mplight	TRAIN	53	93.5	0.3	-1.97	4.62	0.34	2815
mplight	TEST	53	103.8	100.0	-2.50	5.93	0.38	2795
mplight	TRAIN	54	81.7	0.3	-2.19	4.87	0.34	2778
mplight	TEST	54	86.6	100.0	-2.43	5.23	0.34	2815
mplight	TRAIN	55	119.1	0.3	-1.94	4.63	0.33	2787
mplight	TEST	55	84.0	100.0	-1.93	4.59	0.33	2809
mplight	TRAIN	56	85.3	0.3	-2.15	4.89	0.35	2810
mplight	TEST	56	84.8	100.0	-1.91	4.32	0.33	2814
mplight	TRAIN	57	101.7	0.3	-2.19	4.91	0.34	2799
mplight	TEST	57	80.9	100.0	-1.67	3.87	0.32	2812
mplight	TRAIN	58	89.7	0.3	-1.77	4.05	0.32	2813
mplight	TEST	58	80.7	100.0	-1.72	3.95	0.33	2810
mplight	TRAIN	59	78.3	0.3	-1.69	3.95	0.33	2801
mplight	TEST	59	77.5	100.0	-1.67	3.67	0.32	2793
mplight	TRAIN	60	74.9	0.3	-1.56	3.58	0.31	2805
mplight	TEST	60	83.2	100.0	-1.85	4.39	0.32	2812
mplight	TRAIN	61	97.6	0.3	-1.79	4.16	0.34	2812
mplight	TEST	61	82.3	100.0	-2.06	4.52	0.34	2811
mplight	TRAIN	62	90.1	0.3	-1.94	4.55	0.34	2805
mplight	TEST	62	105.7	100.0	-2.94	6.85	0.36	2801
mplight	TRAIN	63	97.9	0.3	-2.42	6.02	0.35	2809
mplight	TEST	63	77.3	100.0	-1.77	4.02	0.32	2804
mplight	TRAIN	64	79.0	0.3	-1.54	3.60	0.32	2818
mplight	TEST	64	84.3	100.0	-1.94	4.23	0.35	2811
mplight	TRAIN	65	75.3	0.3	-1.71	4.05	0.32	2811
mplight	TEST	65	75.2	100.0	-1.57	3.65	0.31	2806
mplight	TRAIN	66	82.4	0.3	-1.57	3.46	0.31	2784
mplight	TEST	66	101.2	100.0	-2.01	4.77	0.35	2816
mplight	TRAIN	67	90.7	0.3	-1.94	4.77	0.33	2807
mplight	TEST	67	91.6	100.0	-2.36	4.59	0.32	2800
mplight	TRAIN	68	78.4	0.3	-1.61	3.77	0.32	2795
mplight	TEST	68	78.8	100.0	-1.57	3.72	0.32	2809
mplight	TRAIN	69	75.5	0.4	-1.65	3.75	0.31	2801
mplight	TEST	69	82.1	100.0	-1.71	4.13	0.32	2814
mplight	TRAIN	70	77.7	0.4	-1.68	3.91	0.32	2795
mplight	TEST	70	88.6	100.0	-1.76	4.26	0.34	2818
mplight	TRAIN	71	74.6	0.4	-1.44	3.47	0.30	2803
mplight	TEST	71	78.5	100.0	-1.42	3.36	0.31	2817
mplight	TRAIN	72	81.4	0.3	-1.59	3.73	0.32	2805
mplight	TEST	72	86.7	100.0	-1.76	4.35	0.32	2803
mplight	TRAIN	73	77.1	0.3	-1.46	3.56	0.32	2797
mplight	TEST	73	76.4	100.0	-1.61	3.82	0.30	2810
mplight	TRAIN	74	77.5	0.3	-1.59	3.75	0.32	2809
mplight	TEST	74	88.0	100.0	-1.61	3.87	0.31	2805
mplight	TRAIN	75	83.5	0.3	-1.48	3.40	0.30	2810
mplight	TEST	75	81.1	100.0	-1.82	4.23	0.32	2812
mplight	TRAIN	76	85.5	0.3	-1.82	4.25	0.32	2819
mplight	TEST	76	73.3	100.0	-1.32	3.30	0.29	2809
mplight	TRAIN	77	76.4	0.3	-1.46	3.44	0.30	2820
mplight	TEST	77	93.4	100.0	-2.09	5.24	0.34	2783
mplight	TRAIN	78	80.6	0.3	-1.51	3.61	0.31	2812
mplight	TEST	78	87.9	100.0	-1.40	3.40	0.30	2806
mplight	TRAIN	79	85.4	0.3	-1.48	3.61	0.32	2818
mplight	TEST	79	73.2	100.0	-1.37	3.14	0.30	2796
mplight	TRAIN	80	106.4	0.3	-2.11	5.15	0.33	2810
mplight	TEST	80	74.3	100.0	-1.38	3.20	0.30	2815
mplight	TRAIN	81	71.3	0.3	-1.16	2.85	0.29	2811
mplight	TEST	81	71.4	100.0	-1.23	2.94	0.29	2812
mplight	TRAIN	82	71.7	0.2	-1.23	2.93	0.29	2794
mplight	TEST	82	74.2	100.0	-1.58	3.45	0.30	2802
mplight	TRAIN	83	127.4	0.3	-3.56	8.71	0.37	2813
mplight	TEST	83	89.4	100.0	-1.93	4.60	0.31	2813
mplight	TRAIN	84	75.3	0.3	-1.26	3.05	0.30	2814
mplight	TEST	84	79.2	100.0	-1.48	3.61	0.31	2807
mplight	TRAIN	85	74.1	0.3	-1.32	3.16	0.30	2807
mplight	TEST	85	73.7	100.0	-1.45	3.47	0.30	2816
mplight	TRAIN	86	80.1	0.3	-1.33	3.12	0.30	2817
mplight	TEST	86	83.1	100.0	-1.32	3.16	0.29	2809
mplight	TRAIN	87	79.6	0.3	-1.24	3.08	0.30	2804
mplight	TEST	87	72.3	100.0	-1.33	3.12	0.29	2817
mplight	TRAIN	88	76.1	0.4	-1.16	2.90	0.29	2815
mplight	TEST	88	79.5	100.0	-1.55	3.78	0.32	2810
mplight	TRAIN	89	72.3	0.4	-1.20	2.89	0.29	2819
mplight	TEST	89	70.9	100.0	-1.24	2.91	0.29	2805
mplight	TRAIN	90	76.7	0.3	-1.30	3.13	0.30	2804
mplight	TEST	90	73.4	100.0	-1.32	3.13	0.30	2803
mplight	TRAIN	91	73.8	0.3	-1.34	3.08	0.30	2808
mplight	TEST	91	89.8	100.0	-1.54	3.82	0.30	2718
mplight	TRAIN	92	79.2	0.3	-1.23	2.93	0.30	2820
mplight	TEST	92	87.0	100.0	-1.85	4.63	0.32	2817
mplight	TRAIN	93	71.1	0.2	-1.18	2.90	0.29	2799
mplight	TEST	93	78.1	100.0	-1.30	3.26	0.30	2811
mplight	TRAIN	94	80.8	0.2	-1.34	3.36	0.29	2816
mplight	TEST	94	76.6	100.0	-1.17	2.95	0.29	2818
mplight	TRAIN	95	85.4	0.2	-1.28	3.27	0.29	2816
mplight	TEST	95	76.7	100.0	-1.16	2.91	0.28	2811
mplight	TRAIN	96	72.7	0.2	-1.34	3.24	0.29	2810
mplight	TEST	96	79.2	100.0	-1.43	3.49	0.31	2814
mplight	TRAIN	97	73.6	0.2	-1.19	2.95	0.29	2816
mplight	TEST	97	83.3	100.0	-1.30	3.26	0.29	2803
mplight	TRAIN	98	107.7	0.2	-2.42	6.26	0.34	2813
mplight	TEST	98	97.8	100.0	-1.99	5.06	0.32	2817
mplight	TRAIN	99	75.7	0.3	-1.23	3.00	0.27	2814
mplight	TEST	99	75.5	100.0	-1.27	3.06	0.30	2801
mplight	TRAIN	100	99.1	0.3	-1.62	4.19	0.31	2796
mplight	TEST	100	82.4	100.0	-1.56	4.01	0.31	2808
mplight	TRAIN	101	74.2	0.3	-1.32	3.15	0.29	2813
mplight	TEST	101	91.1	100.0	-2.30	5.77	0.32	2808
mplight	TRAIN	102	70.9	0.3	-1.04	2.64	0.28	2815
mplight	TEST	102	72.2	100.0	-1.09	2.82	0.27	2813
mplight	TRAIN	103	69.6	0.3	-1.16	2.87	0.29	2813
mplight	TEST	103	72.0	100.0	-1.08	2.67	0.29	2816
mplight	TRAIN	104	113.0	0.3	-2.56	6.61	0.34	2814
mplight	TEST	104	72.1	100.0	-1.02	2.63	0.28	2815
mplight	TRAIN	105	71.7	0.3	-1.28	3.22	0.29	2811
mplight	TEST	105	111.0	100.0	-2.84	7.35	0.35	2819
mplight	TRAIN	106	72.4	0.3	-1.02	2.65	0.28	2819
mplight	TEST	106	74.6	100.0	-1.09	2.73	0.28	2805
mplight	TRAIN	107	95.4	0.3	-1.97	5.13	0.31	2816
mplight	TEST	107	71.4	100.0	-1.03	2.57	0.28	2816
mplight	TRAIN	108	69.7	0.3	-0.97	2.52	0.27	2814
mplight	TEST	108	83.0	100.0	-1.13	2.87	0.28	2813
mplight	TRAIN	109	73.7	0.3	-1.30	3.26	0.28	2806
mplight	TEST	109	70.9	100.0	-1.13	2.83	0.28	2800
mplight	TRAIN	110	75.1	0.3	-1.22	3.13	0.29	2803
mplight	TEST	110	83.1	100.0	-1.28	3.12	0.28	2815
mplight	TRAIN	111	72.9	0.3	-1.13	2.74	0.28	2814
mplight	TEST	111	72.8	100.0	-1.24	3.03	0.28	2808
mplight	TRAIN	112	77.7	0.3	-1.21	3.06	0.28	2800
mplight	TEST	112	75.3	100.0	-1.26	3.20	0.28	2817
mplight	TRAIN	113	77.6	0.3	-0.91	2.36	0.27	2804
mplight	TEST	113	119.0	100.0	-3.22	8.33	0.34	2764
mplight	TRAIN	114	80.4	0.3	-1.09	2.86	0.27	2816
mplight	TEST	114	77.5	100.0	-1.28	3.35	0.29	2816
mplight	TRAIN	115	72.7	0.3	-1.05	2.64	0.27	2813
mplight	TEST	115	70.6	100.0	-1.05	2.62	0.28	2815
mplight	TRAIN	116	80.0	0.3	-1.39	3.60	0.28	2810
mplight	TEST	116	87.6	100.0	-1.66	4.31	0.29	2815
mplight	TRAIN	117	68.7	0.2	-0.97	2.40	0.27	2815
mplight	TEST	117	82.0	100.0	-1.46	3.74	0.29	2814
mplight	TRAIN	118	68.0	0.2	-0.92	2.36	0.26	2814
mplight	TEST	118	70.9	100.0	-1.15	2.79	0.28	2817
mplight	TRAIN	119	81.5	0.2	-1.11	2.74	0.29	2814
mplight	TEST	119	69.7	100.0	-1.05	2.54	0.28	2814
mplight	TRAIN	120	68.9	0.2	-0.86	2.23	0.26	2817
mplight	TEST	120	89.1	100.0	-1.35	3.34	0.29	2810
mplight	TRAIN	121	82.9	0.2	-1.03	2.61	0.27	2815
mplight	TEST	121	78.3	100.0	-0.86	2.20	0.26	2801
mplight	TRAIN	122	76.4	0.2	-1.17	3.03	0.28	2812
mplight	TEST	122	89.1	100.0	-1.66	4.38	0.31	2810
mplight	TRAIN	123	71.6	0.2	-1.00	2.60	0.27	2814
mplight	TEST	123	68.2	100.0	-0.89	2.27	0.25	2813
mplight	TRAIN	124	74.6	0.2	-1.10	2.76	0.27	2809
mplight	TEST	124	71.6	100.0	-0.91	2.37	0.26	2819
mplight	TRAIN	125	79.4	0.2	-1.07	2.80	0.26	2808
mplight	TEST	125	67.2	100.0	-0.83	2.15	0.25	2813
mplight	TRAIN	126	72.4	0.2	-1.10	2.90	0.26	2817
mplight	TEST	126	67.8	100.0	-0.81	2.15	0.26	2814
mplight	TRAIN	127	68.9	0.2	-0.80	2.17	0.25	2813
mplight	TEST	127	69.0	100.0	-0.91	2.38	0.26	2811
mplight	TRAIN	128	76.1	0.2	-1.30	3.34	0.27	2816
mplight	TEST	128	79.6	100.0	-0.99	2.60	0.26	2820
mplight	TRAIN	129	68.2	0.2	-0.81	2.16	0.25	2818
mplight	TEST	129	70.0	100.0	-0.97	2.51	0.26	2821
mplight	TRAIN	130	90.0	0.2	-1.06	2.73	0.26	2812
mplight	TEST	130	68.3	100.0	-0.80	2.10	0.26	2812
mplight	TRAIN	131	90.8	0.2	-1.62	4.24	0.28	2816
mplight	TEST	131	88.4	100.0	-1.53	3.91	0.28	2809
mplight	TRAIN	132	68.6	0.2	-0.82	2.12	0.26	2808
mplight	TEST	132	68.7	100.0	-0.82	2.21	0.25	2822
mplight	TRAIN	133	69.6	0.2	-1.02	2.65	0.26	2815
mplight	TEST	133	67.1	100.0	-0.79	2.04	0.25	2815
mplight	TRAIN	134	69.7	0.2	-0.89	2.28	0.25	2811
mplight	TEST	134	75.9	100.0	-1.30	3.36	0.28	2818
mplight	TRAIN	135	66.7	0.2	-0.90	2.28	0.26	2818
mplight	TEST	135	68.6	100.0	-0.88	2.36	0.24	2806
mplight	TRAIN	136	67.6	0.2	-0.77	2.06	0.23	2814
mplight	TEST	136	68.5	100.0	-0.82	2.21	0.25	2818
mplight	TRAIN	137	70.1	0.2	-0.84	2.10	0.25	2814
mplight	TEST	137	67.6	100.0	-0.88	2.26	0.24	2815
mplight	TRAIN	138	101.4	0.2	-1.40	3.61	0.27	2809
mplight	TEST	138	65.3	100.0	-0.73	1.94	0.24	2811
mplight	TRAIN	139	67.3	0.2	-0.67	1.83	0.24	2818
mplight	TEST	139	66.7	100.0	-0.75	1.98	0.25	2821
mplight	TRAIN	140	66.8	0.2	-0.70	1.90	0.24	2816
mplight	TEST	140	100.9	100.0	-1.89	5.04	0.29	2809
mplight	TRAIN	141	67.0	0.2	-0.76	2.02	0.25	2821
mplight	TEST	141	65.5	100.0	-0.71	1.90	0.24	2819
mplight	TRAIN	142	73.3	0.2	-0.84	2.24	0.26	2796
mplight	TEST	142	68.5	100.0	-0.85	2.19	0.27	2814
mplight	TRAIN	143	67.9	0.2	-0.81	2.11	0.25	2818
mplight	TEST	143	66.5	100.0	-0.70	1.88	0.25	2814
mplight	TRAIN	144	91.1	0.2	-1.64	4.35	0.28	2818
mplight	TEST	144	77.9	100.0	-1.16	3.07	0.27	2813
mplight	TRAIN	145	64.3	0.2	-0.64	1.75	0.23	2819
mplight	TEST	145	66.3	100.0	-0.74	1.94	0.24	2817
mplight	TRAIN	146	72.4	0.2	-0.72	1.94	0.23	2822
mplight	TEST	146	67.8	100.0	-0.81	2.16	0.26	2817
mplight	TRAIN	147	70.1	0.2	-0.82	2.12	0.25	2817
mplight	TEST	147	64.6	100.0	-0.69	1.82	0.24	2807
mplight	TRAIN	148	68.4	0.2	-0.82	2.20	0.25	2814
mplight	TEST	148	66.5	100.0	-0.75	2.01	0.25	2812
mplight	TRAIN	149	66.5	0.2	-0.65	1.80	0.23	2812
mplight	TEST	149	70.8	100.0	-1.34	3.58	0.27	2698
mplight	TRAIN	150	110.9	0.2	-2.28	6.01	0.31	2819
mplight	TEST	150	163.1	100.0	-4.94	13.12	0.36	2186
mplight	TRAIN	151	68.2	0.2	-0.77	2.10	0.25	2822
mplight	TEST	151	96.6	100.0	-1.63	4.29	0.27	2815
mplight	TRAIN	152	71.9	0.3	-0.85	2.22	0.26	2818
mplight	TEST	152	162.6	100.0	-3.54	9.41	0.33	2597
mplight	TRAIN	153	73.1	0.2	-1.03	2.74	0.26	2820
mplight	TEST	153	74.1	100.0	-1.00	2.62	0.26	2817
mplight	TRAIN	154	67.1	0.2	-0.72	1.92	0.25	2816
mplight	TEST	154	65.2	100.0	-0.68	1.80	0.24	2818
mplight	TRAIN	155	76.6	0.2	-1.17	3.16	0.26	2821
mplight	TEST	155	68.9	100.0	-0.68	1.79	0.24	2815
mplight	TRAIN	156	64.1	0.2	-0.63	1.72	0.23	2812
mplight	TEST	156	62.8	100.0	-0.64	1.70	0.23	2813
mplight	TRAIN	157	80.0	0.2	-1.08	2.89	0.25	2821
mplight	TEST	157	62.3	100.0	-0.64	1.64	0.23	2819
mplight	TRAIN	158	65.6	0.2	-0.62	1.70	0.23	2815
mplight	TEST	158	63.3	100.0	-0.59	1.62	0.23	2817
mplight	TRAIN	159	63.7	0.2	-0.65	1.76	0.24	2820
mplight	TEST	159	77.7	100.0	-1.17	3.00	0.26	2811
mplight	TRAIN	160	63.6	0.2	-0.56	1.53	0.23	2818
mplight	TEST	160	64.1	100.0	-0.61	1.70	0.23	2818
mplight	TRAIN	161	64.2	0.2	-0.63	1.74	0.24	2817
mplight	TEST	161	65.4	100.0	-0.62	1.68	0.23	2821
mplight	TRAIN	162	64.4	0.2	-0.60	1.65	0.23	2817
mplight	TEST	162	152.4	100.0	-7.34	19.10	0.40	1644
mplight	TRAIN	163	65.3	0.2	-0.59	1.64	0.23	2820
mplight	TEST	163	63.9	100.0	-0.63	1.78	0.23	2816
mplight	TRAIN	164	63.8	0.2	-0.58	1.61	0.22	2816
mplight	TEST	164	64.1	100.0	-0.59	1.63	0.23	2817
mplight	TRAIN	165	64.9	0.1	-0.72	1.97	0.24	2813
mplight	TEST	165	64.8	100.0	-0.69	1.85	0.24	2815
mplight	TRAIN	166	65.3	0.1	-0.65	1.82	0.24	2815
mplight	TEST	166	64.5	100.0	-0.69	1.90	0.25	2819
mplight	TRAIN	167	64.6	0.1	-0.62	1.70	0.23	2816
mplight	TEST	167	65.5	100.0	-0.69	1.91	0.23	2814
mplight	TRAIN	168	64.0	0.1	-0.61	1.70	0.23	2820
mplight	TEST	168	69.3	100.0	-0.69	1.75	0.23	2814
mplight	TRAIN	169	66.1	0.1	-0.67	1.83	0.23	2812
mplight	TEST	169	64.0	100.0	-0.65	1.76	0.24	2819
mplight	TRAIN	170	65.5	0.1	-0.68	1.84	0.24	2818
mplight	TEST	170	64.1	100.0	-0.58	1.63	0.23	2819
mplight	TRAIN	171	63.5	0.1	-0.63	1.76	0.23	2816
mplight	TEST	171	64.5	100.0	-0.64	1.77	0.23	2819
mplight	TRAIN	172	66.4	0.1	-0.66	1.72	0.23	2817
mplight	TEST	172	65.2	100.0	-0.94	2.24	0.24	2817
mplight	TRAIN	173	92.3	0.1	-1.68	4.49	0.27	2817
mplight	TEST	173	71.2	100.0	-0.87	2.37	0.25	2818
mplight	TRAIN	174	63.6	0.1	-0.62	1.69	0.23	2818
mplight	TEST	174	73.5	100.0	-0.67	1.87	0.24	2818
mplight	TRAIN	175	66.0	0.2	-0.65	1.77	0.23	2817
mplight	TEST	175	75.1	100.0	-1.04	2.83	0.25	2820
mplight	TRAIN	176	66.2	0.2	-0.73	1.96	0.24	2817
mplight	TEST	176	64.0	100.0	-0.58	1.62	0.22	2816
mplight	TRAIN	177	62.6	0.2	-0.55	1.50	0.22	2817
mplight	TEST	177	66.1	100.0	-0.71	1.93	0.24	2817
mplight	TRAIN	178	62.0	0.2	-0.57	1.60	0.23	2819
mplight	TEST	178	65.0	100.0	-0.59	1.65	0.23	2806
mplight	TRAIN	179	66.7	0.2	-0.59	1.63	0.23	2821
mplight	TEST	179	66.4	100.0	-0.64	1.79	0.23	2813
mplight	TRAIN	180	64.6	0.2	-0.60	1.72	0.23	2815
mplight	TEST	180	68.8	100.0	-0.63	1.73	0.22	2815
mplight	TRAIN	181	78.1	0.2	-1.22	3.34	0.26	2813
mplight	TEST	181	65.6	100.0	-0.68	1.88	0.24	2817
mplight	TRAIN	182	66.7	0.2	-0.64	1.73	0.23	2817
mplight	TEST	182	65.8	100.0	-0.59	1.67	0.23	2813
mplight	TRAIN	183	66.6	0.2	-0.63	1.69	0.23	2817
mplight	TEST	183	63.3	100.0	-0.58	1.61	0.23	2820
mplight	TRAIN	184	62.9	0.2	-0.58	1.62	0.23	2817
mplight	TEST	184	70.8	100.0	-0.74	1.98	0.24	2809
mplight	TRAIN	185	66.5	0.2	-0.63	1.73	0.23	2814
mplight	TEST	185	68.7	100.0	-0.68	1.83	0.24	2816
mplight	TRAIN	186	63.4	0.1	-0.63	1.68	0.23	2816
mplight	TEST	186	64.3	100.0	-0.53	1.48	0.22	2810
mplight	TRAIN	187	62.6	0.1	-0.57	1.54	0.22	2814
mplight	TEST	187	63.0	100.0	-0.59	1.61	0.23	2811
mplight	TRAIN	188	87.6	0.2	-1.84	4.96	0.27	2815
mplight	TEST	188	157.1	100.0	-5.38	14.28	0.36	2336
mplight	TRAIN	189	64.8	0.2	-0.60	1.65	0.22	2817
mplight	TEST	189	65.5	100.0	-0.65	1.70	0.23	2814
mplight	TRAIN	190	64.0	0.2	-0.63	1.73	0.23	2815
mplight	TEST	190	67.9	100.0	-0.94	2.55	0.24	2701
mplight	TRAIN	191	63.0	0.1	-0.61	1.67	0.22	2819
mplight	TEST	191	63.0	100.0	-0.56	1.56	0.22	2817
mplight	TRAIN	192	68.2	0.1	-0.68	1.81	0.23	2820
mplight	TEST	192	65.2	100.0	-0.63	1.78	0.23	2814
mplight	TRAIN	193	67.3	0.1	-0.78	2.10	0.24	2813
mplight	TEST	193	66.2	100.0	-0.57	1.59	0.22	2812
mplight	TRAIN	194	68.5	0.1	-0.72	1.92	0.24	2800
mplight	TEST	194	68.5	100.0	-0.67	1.80	0.23	2822
mplight	TRAIN	195	66.8	0.1	-0.67	1.78	0.23	2812
mplight	TEST	195	98.5	100.0	-1.88	5.07	0.28	2817
mplight	TRAIN	196	67.2	0.2	-0.61	1.70	0.23	2813
mplight	TEST	196	65.0	100.0	-0.61	1.70	0.23	2810
mplight	TRAIN	197	133.2	0.2	-4.16	11.11	0.35	2449
mplight	TEST	197	74.5	100.0	-0.78	2.02	0.24	2821
mplight	TRAIN	198	69.8	0.2	-0.70	1.89	0.24	2817
mplight	TEST	198	63.9	100.0	-0.64	1.78	0.23	2808
mplight	TRAIN	199	63.9	0.2	-0.70	1.91	0.24	2819
mplight	TEST	199	64.6	100.0	-0.67	1.81	0.23	2816
