dqn	TRAIN	0	333.3	0.0	-155.30	4.01	0.22	3859
dqn	TEST	0	831.5	100.0	-487.86	12.12	0.44	820
dqn	TRAIN	1	325.2	0.0	-159.47	4.06	0.22	3934
dqn	TEST	1	831.5	100.0	-487.86	12.12	0.44	820
dqn	TRAIN	2	322.4	64.7	-194.86	4.74	0.24	3398
dqn	TEST	2	758.1	100.0	-534.44	12.52	0.38	876
dqn	TRAIN	3	584.7	77.5	-448.31	10.32	0.34	2081
dqn	TEST	3	584.9	100.0	-298.29	6.88	0.30	1780
dqn	TRAIN	4	466.1	158.8	-243.96	5.52	0.24	2245
dqn	TEST	4	415.2	100.0	-237.79	5.73	0.24	2722
dqn	TRAIN	5	422.8	251.6	-200.15	4.80	0.22	2860
dqn	TEST	5	304.0	100.0	-165.69	4.43	0.19	3433
dqn	TRAIN	6	356.2	284.0	-182.70	4.24	0.19	3262
dqn	TEST	6	329.9	100.0	-217.46	4.85	0.19	3045
dqn	TRAIN	7	356.5	283.4	-112.84	2.69	0.18	3434
dqn	TEST	7	364.0	100.0	-219.95	5.08	0.19	3161
dqn	TRAIN	8	318.5	274.9	-106.78	2.60	0.16	3668
dqn	TEST	8	284.1	100.0	-156.47	3.88	0.18	3558
dqn	TRAIN	9	359.1	262.1	-119.65	2.84	0.18	3432
dqn	TEST	9	374.8	100.0	-153.87	3.38	0.17	3367
dqn	TRAIN	10	304.2	247.6	-108.82	2.49	0.15	3633
dqn	TEST	10	275.5	100.0	-79.36	1.95	0.16	3767
dqn	TRAIN	11	295.9	241.5	-84.26	2.07	0.16	3558
dqn	TEST	11	309.5	100.0	-133.88	3.44	0.17	3283
dqn	TRAIN	12	307.7	228.7	-86.07	1.88	0.16	3798
dqn	TEST	12	292.2	100.0	-86.91	1.93	0.16	3731
dqn	TRAIN	13	329.0	214.8	-75.93	1.89	0.15	3797
dqn	TEST	13	351.4	100.0	-138.49	2.77	0.16	3201
dqn	TRAIN	14	321.5	203.0	-77.98	1.78	0.14	3873
dqn	TEST	14	334.0	100.0	-101.30	2.09	0.15	3414
dqn	TRAIN	15	355.4	200.3	-128.85	2.44	0.16	3238
dqn	TEST	15	390.4	100.0	-203.34	4.61	0.17	2949
dqn	TRAIN	16	349.1	204.8	-76.87	1.64	0.14	3822
dqn	TEST	16	380.4	100.0	-188.35	4.41	0.16	2796
dqn	TRAIN	17	284.3	201.9	-68.78	1.61	0.14	3802
dqn	TEST	17	305.9	100.0	-95.42	1.83	0.14	3437
dqn	TRAIN	18	353.3	206.7	-133.43	2.63	0.15	3211
dqn	TEST	18	293.2	100.0	-129.65	2.44	0.15	3511
dqn	TRAIN	19	323.5	197.0	-80.96	1.71	0.13	3609
dqn	TEST	19	328.6	100.0	-107.21	2.04	0.14	3472
dqn	TRAIN	20	254.9	180.8	-45.58	1.01	0.12	3829
dqn	TEST	20	283.2	100.0	-83.46	1.63	0.14	3651
dqn	TRAIN	21	284.4	166.3	-59.82	1.32	0.13	3713
dqn	TEST	21	343.2	100.0	-135.91	2.54	0.14	3429
dqn	TRAIN	22	311.5	161.7	-73.42	1.46	0.12	3722
dqn	TEST	22	259.7	100.0	-52.23	1.17	0.12	3816
dqn	TRAIN	23	269.0	157.3	-52.03	1.04	0.12	3810
dqn	TEST	23	261.8	100.0	-47.85	0.98	0.12	3816
dqn	TRAIN	24	252.1	147.5	-45.88	1.02	0.11	3830
dqn	TEST	24	242.1	100.0	-41.86	0.91	0.11	3801
dqn	TRAIN	25	242.1	133.0	-40.92	0.87	0.11	3826
dqn	TEST	25	252.1	100.0	-39.36	0.88	0.11	3800
dqn	TRAIN	26	270.1	124.4	-51.21	1.01	0.12	3743
dqn	TEST	26	244.8	100.0	-47.74	1.04	0.11	3816
dqn	TRAIN	27	280.8	125.1	-55.84	1.22	0.12	3807
dqn	TEST	27	253.1	100.0	-42.06	0.92	0.12	3802
dqn	TRAIN	28	242.8	122.4	-47.32	1.02	0.11	3802
dqn	TEST	28	243.3	100.0	-43.36	0.90	0.11	3851
dqn	TRAIN	29	265.2	111.2	-68.69	1.24	0.12	3720
dqn	TEST	29	263.7	100.0	-58.48	1.09	0.12	3732
dqn	TRAIN	30	249.9	100.4	-41.78	0.88	0.11	3847
dqn	TEST	30	250.4	100.0	-46.84	1.02	0.11	3838
dqn	TRAIN	31	273.6	94.6	-49.55	1.03	0.12	3801
dqn	TEST	31	253.7	100.0	-56.22	1.23	0.11	3789
dqn	TRAIN	32	244.4	87.5	-42.00	0.91	0.12	3826
dqn	TEST	32	280.5	100.0	-53.09	1.16	0.12	3782
dqn	TRAIN	33	243.1	74.1	-44.51	0.98	0.11	3794
dqn	TEST	33	266.2	100.0	-50.40	1.09	0.12	3791
dqn	TRAIN	34	288.3	70.5	-71.32	1.38	0.12	3733
dqn	TEST	34	320.4	100.0	-96.00	1.75	0.13	3480
dqn	TRAIN	35	274.7	75.9	-58.03	1.10	0.12	3807
dqn	TEST	35	311.2	100.0	-80.04	1.42	0.13	3651
dqn	TRAIN	36	279.5	74.8	-58.88	1.22	0.12	3724
dqn	TEST	36	238.0	100.0	-41.41	0.87	0.11	3822
dqn	TRAIN	37	260.3	73.9	-47.21	1.00	0.11	3796
dqn	TEST	37	335.7	100.0	-96.75	1.61	0.11	3644
dqn	TRAIN	38	268.1	72.9	-46.25	1.03	0.12	3782
dqn	TEST	38	241.5	100.0	-43.98	0.97	0.11	3837
dqn	TRAIN	39	323.5	78.9	-77.61	1.45	0.12	3677
dqn	TEST	39	333.6	100.0	-90.07	1.52	0.11	3656
dqn	TRAIN	40	321.0	85.0	-67.63	1.21	0.11	3751
dqn	TEST	40	239.0	100.0	-41.76	0.88	0.11	3821
dqn	TRAIN	41	250.5	78.4	-40.31	0.86	0.11	3816
dqn	TEST	41	319.7	100.0	-89.39	1.42	0.11	3635
dqn	TRAIN	42	281.0	77.7	-55.57	1.24	0.12	3751
dqn	TEST	42	269.2	100.0	-49.56	1.11	0.11	3560
dqn	TRAIN	43	282.5	84.8	-55.08	1.19	0.11	3738
dqn	TEST	43	346.0	100.0	-98.75	1.61	0.11	3733
dqn	TRAIN	44	322.4	91.2	-110.49	2.09	0.13	3670
dqn	TEST	44	305.0	100.0	-75.53	1.50	0.12	3591
dqn	TRAIN	45	327.0	102.3	-71.47	1.41	0.12	3816
dqn	TEST	45	319.6	100.0	-101.78	1.80	0.13	3575
dqn	TRAIN	46	335.4	109.8	-88.12	1.50	0.11	3626
dqn	TEST	46	352.0	100.0	-100.10	1.67	0.11	3729
dqn	TRAIN	47	330.3	132.7	-93.33	1.84	0.12	3595
dqn	TEST	47	273.5	100.0	-52.72	1.11	0.11	3749
dqn	TRAIN	48	281.3	125.8	-55.41	1.20	0.12	3750
dqn	TEST	48	261.1	100.0	-49.18	1.08	0.11	3995
dqn	TRAIN	49	256.8	127.0	-32.69	0.75	0.10	3873
dqn	TEST	49	243.0	100.0	-29.95	0.69	0.09	3831
dqn	TRAIN	50	244.4	126.6	-30.45	0.70	0.10	3864
dqn	TEST	50	292.5	100.0	-76.52	1.53	0.11	3577
dqn	TRAIN	51	265.8	126.9	-43.48	0.96	0.10	3796
dqn	TEST	51	258.3	100.0	-37.01	0.85	0.10	3833
dqn	TRAIN	52	274.8	135.3	-41.87	0.92	0.10	3831
dqn	TEST	52	236.5	100.0	-30.09	0.69	0.09	3853
dqn	TRAIN	53	252.1	127.7	-31.28	0.72	0.10	3891
dqn	TEST	53	250.5	100.0	-35.60	0.80	0.10	3830
dqn	TRAIN	54	256.6	116.6	-30.26	0.71	0.10	3868
dqn	TEST	54	258.2	100.0	-33.99	0.75	0.10	3847
dqn	TRAIN	55	279.4	119.5	-35.30	0.79	0.10	3825
dqn	TEST	55	315.3	100.0	-83.18	1.69	0.12	3633
dqn	TRAIN	56	274.5	117.5	-47.87	1.00	0.10	3863
dqn	TEST	56	325.3	100.0	-56.36	1.17	0.11	3566
