presslight	TRAIN	0	534.7	0.0	-167.52	8.03	0.31	3061
presslight	TEST	0	773.6	100.0	-277.91	17.79	0.47	739
presslight	TRAIN	1	517.7	0.0	-153.59	7.04	0.30	3147
presslight	TEST	1	773.6	100.0	-277.91	17.79	0.47	739
presslight	TRAIN	2	517.7	52.5	-176.52	8.27	0.32	2912
presslight	TEST	2	657.1	100.0	-309.53	15.84	0.40	845
presslight	TRAIN	3	774.0	37.9	-256.30	12.30	0.34	1306
presslight	TEST	3	602.4	100.0	-229.02	11.02	0.36	1170
presslight	TRAIN	4	662.0	71.6	-186.14	8.84	0.33	2008
presslight	TEST	4	402.0	100.0	-176.46	8.59	0.30	1873
presslight	TRAIN	5	401.1	87.8	-147.90	6.93	0.27	2502
presslight	TEST	5	366.7	100.0	-175.44	8.42	0.27	2374
presslight	TRAIN	6	458.1	83.9	-130.65	5.73	0.24	2988
presslight	TEST	6	442.1	100.0	-131.75	6.09	0.26	2436
presslight	TRAIN	7	388.6	77.0	-107.74	4.22	0.21	3210
presslight	TEST	7	328.3	100.0	-157.60	7.45	0.25	2468
presslight	TRAIN	8	416.1	70.2	-116.81	4.67	0.21	3204
presslight	TEST	8	409.2	100.0	-120.12	5.00	0.22	3133
presslight	TRAIN	9	456.9	63.8	-119.87	4.85	0.22	3114
presslight	TEST	9	419.8	100.0	-124.61	5.27	0.21	3146
presslight	TRAIN	10	417.0	59.0	-109.48	4.32	0.20	3321
presslight	TEST	10	362.1	100.0	-150.25	6.93	0.24	2316
presslight	TRAIN	11	430.8	55.5	-112.99	4.51	0.21	3173
presslight	TEST	11	401.1	100.0	-118.95	4.95	0.21	3165
presslight	TRAIN	12	442.3	54.3	-106.77	4.26	0.20	3235
presslight	TEST	12	442.8	100.0	-113.07	4.57	0.21	2931
presslight	TRAIN	13	428.8	51.0	-108.81	4.32	0.19	3163
presslight	TEST	13	406.1	100.0	-112.65	4.49	0.19	2972
presslight	TRAIN	14	408.6	48.0	-100.92	4.11	0.19	3214
presslight	TEST	14	345.7	100.0	-136.54	6.29	0.21	2591
presslight	TRAIN	15	377.9	44.9	-125.02	5.31	0.19	2986
presslight	TEST	15	366.3	100.0	-129.66	5.88	0.20	2746
presslight	TRAIN	16	354.6	40.9	-112.68	4.78	0.19	3151
presslight	TEST	16	410.8	100.0	-134.45	5.95	0.20	2842
presslight	TRAIN	17	354.8	37.4	-123.29	5.45	0.20	2788
presslight	TEST	17	322.7	100.0	-126.93	5.86	0.20	2823
presslight	TRAIN	18	373.2	36.5	-118.68	5.26	0.19	2880
presslight	TEST	18	313.0	100.0	-127.62	5.68	0.19	2897
presslight	TRAIN	19	333.2	35.9	-110.90	4.70	0.18	3303
presslight	TEST	19	340.5	100.0	-119.72	5.24	0.19	2940
presslight	TRAIN	20	353.4	35.7	-110.33	4.81	0.18	3141
presslight	TEST	20	402.2	100.0	-116.78	6.01	0.20	3192
presslight	TRAIN	21	349.9	35.7	-115.29	5.11	0.19	3080
presslight	TEST	21	373.5	100.0	-118.67	5.16	0.19	2997
presslight	TRAIN	22	359.5	34.8	-112.27	4.86	0.18	3178
presslight	TEST	22	335.7	100.0	-111.96	4.68	0.17	3202
presslight	TRAIN	23	340.4	34.5	-111.84	4.82	0.18	3106
presslight	TEST	23	347.8	100.0	-102.43	4.15	0.18	3465
presslight	TRAIN	24	336.0	34.0	-114.16	4.97	0.18	3089
presslight	TEST	24	356.4	100.0	-112.44	4.69	0.19	3116
presslight	TRAIN	25	342.0	33.5	-110.61	4.76	0.18	3165
presslight	TEST	25	349.5	100.0	-114.91	4.92	0.18	3143
presslight	TRAIN	26	377.9	32.6	-107.18	4.43	0.18	3326
presslight	TEST	26	301.6	100.0	-139.19	6.26	0.20	2665
presslight	TRAIN	27	349.7	31.5	-110.32	4.68	0.18	3237
presslight	TEST	27	348.1	100.0	-114.58	4.85	0.18	3160
presslight	TRAIN	28	349.7	30.0	-110.29	4.72	0.18	3147
presslight	TEST	28	387.7	100.0	-110.21	4.53	0.19	3323
presslight	TRAIN	29	357.2	28.8	-114.30	4.96	0.19	3131
presslight	TEST	29	353.7	100.0	-116.15	5.09	0.19	3005
presslight	TRAIN	30	376.5	28.4	-110.20	4.58	0.18	3287
presslight	TEST	30	378.4	100.0	-111.51	4.68	0.18	3265
presslight	TRAIN	31	346.6	28.3	-114.77	4.96	0.19	3129
presslight	TEST	31	382.2	100.0	-111.17	4.74	0.18	3161
presslight	TRAIN	32	412.4	29.1	-112.28	4.72	0.19	3201
presslight	TEST	32	390.4	100.0	-108.40	4.55	0.18	3263
presslight	TRAIN	33	437.6	28.8	-110.24	4.47	0.18	3303
presslight	TEST	33	363.3	100.0	-114.25	4.72	0.19	3270
presslight	TRAIN	34	355.2	29.3	-109.57	4.73	0.18	3106
presslight	TEST	34	362.0	100.0	-104.02	4.19	0.18	3340
presslight	TRAIN	35	421.5	29.2	-110.70	4.65	0.19	3269
presslight	TEST	35	337.2	100.0	-112.19	4.76	0.17	3207
presslight	TRAIN	36	335.7	30.4	-115.98	5.10	0.19	3071
presslight	TEST	36	336.4	100.0	-114.26	5.02	0.18	3113
presslight	TRAIN	37	393.8	29.5	-111.61	4.76	0.18	3236
presslight	TEST	37	386.0	100.0	-115.77	5.07	0.19	3202
presslight	TRAIN	38	379.3	30.4	-111.80	4.82	0.19	3226
presslight	TEST	38	353.5	100.0	-115.77	5.00	0.18	3097
presslight	TRAIN	39	389.1	31.1	-115.00	4.95	0.19	3236
presslight	TEST	39	369.8	100.0	-117.51	5.07	0.19	3146
presslight	TRAIN	40	404.5	31.2	-113.27	4.80	0.19	3301
presslight	TEST	40	387.1	100.0	-110.59	4.60	0.19	3297
presslight	TRAIN	41	394.5	32.3	-109.69	4.56	0.19	3275
presslight	TEST	41	389.5	100.0	-138.09	6.26	0.21	2661
presslight	TRAIN	42	396.2	32.6	-107.80	4.48	0.18	3276
presslight	TEST	42	354.6	100.0	-113.23	4.94	0.18	3197
presslight	TRAIN	43	388.4	33.4	-111.77	4.79	0.18	3197
presslight	TEST	43	397.5	100.0	-107.93	4.57	0.19	3306
presslight	TRAIN	44	390.1	32.8	-107.03	4.42	0.18	3228
presslight	TEST	44	399.8	100.0	-114.44	4.94	0.19	3174
presslight	TRAIN	45	412.9	34.2	-105.75	4.32	0.18	3268
presslight	TEST	45	331.8	100.0	-116.87	5.20	0.19	3101
presslight	TRAIN	46	392.5	34.7	-110.43	4.58	0.18	3320
presslight	TEST	46	422.8	100.0	-116.00	4.99	0.19	3197
