step:3600/3600, q_loss:0, rewards:-47.33944769965278, queue:1.5440104166666666, delay:0.06288670433892143, throughput:1431
episode:0/200, real avg travel time:254.95667365478687
Test step:0/200, travel time :788.9227053140097, rewards:-416.8797309027778, queue:13.058072916666667, delay:0.1662470499674479, throughput:621
New best test ATT=788.9227 at episode 0 (saved model/best_*.pt)
step:3600/3600, q_loss:0, rewards:-46.25444878472222, queue:1.5169270833333333, delay:0.061948664983113605, throughput:1428
episode:1/200, real avg travel time:252.11204481792717
Test step:1/200, travel time :788.9227053140097, rewards:-416.8797309027778, queue:13.058072916666667, delay:0.1662470499674479, throughput:621
step:3600/3600, q_loss:0.4825499653816223, rewards:-45.571392144097224, queue:1.4904513888888888, delay:0.061264657974243165, throughput:1433
episode:2/200, real avg travel time:251.48290300069783
Test step:2/200, travel time :680.040293040293, rewards:-422.9252604166667, queue:13.245225694444445, delay:0.16861309475368924, throughput:546
New best test ATT=680.0403 at episode 2 (saved model/best_*.pt)
step:3600/3600, q_loss:1.2689393758773804, rewards:-38.829166666666666, queue:1.2829861111111112, delay:0.06138647927178277, throughput:1434
episode:3/200, real avg travel time:235.2573221757322
Test step:3/200, travel time :533.8914807302232, rewards:-266.58776041666664, queue:8.367881944444445, delay:0.15252785152859158, throughput:986
New best test ATT=533.8915 at episode 3 (saved model/best_*.pt)
step:3600/3600, q_loss:1.2473481893539429, rewards:-31.966943359375, queue:1.0657118055555554, delay:0.057661845948961045, throughput:1438
episode:4/200, real avg travel time:220.90125173852573
Test step:4/200, travel time :482.0840496657116, rewards:-231.09722222222223, queue:7.2640625, delay:0.13876459333631727, throughput:1047
New best test ATT=482.0840 at episode 4 (saved model/best_*.pt)
step:3600/3600, q_loss:1.7198256254196167, rewards:-25.316389973958334, queue:0.8574652777777778, delay:0.04795064926147461, throughput:1444
episode:5/200, real avg travel time:204.93628808864267
Test step:5/200, travel time :215.25720461095102, rewards:-39.892496744791664, queue:1.296701388888889, delay:0.04854852358500163, throughput:1388
New best test ATT=215.2572 at episode 5 (saved model/best_*.pt)
step:3600/3600, q_loss:1.1124411821365356, rewards:-18.7191650390625, queue:0.6467881944444445, delay:0.03951189253065321, throughput:1453
episode:6/200, real avg travel time:190.36200963523743
Test step:6/200, travel time :178.15199449793673, rewards:-12.919721137152777, queue:0.45295138888888886, delay:0.031089840994940863, throughput:1454
New best test ATT=178.1520 at episode 6 (saved model/best_*.pt)
step:3600/3600, q_loss:0.677008330821991, rewards:-15.941663953993055, queue:0.5575520833333333, delay:0.035106319851345484, throughput:1451
episode:7/200, real avg travel time:184.4183321847002
Test step:7/200, travel time :175.05578512396696, rewards:-11.394999186197916, queue:0.40946180555555556, delay:0.029149317741394044, throughput:1452
New best test ATT=175.0558 at episode 7 (saved model/best_*.pt)
step:3600/3600, q_loss:0.5973184108734131, rewards:-13.982499186197916, queue:0.4956597222222222, delay:0.03209372361501058, throughput:1451
episode:8/200, real avg travel time:179.45210199862163
Test step:8/200, travel time :174.48071625344352, rewards:-11.340276421440972, queue:0.4052951388888889, delay:0.028830374611748588, throughput:1452
New best test ATT=174.4807 at episode 8 (saved model/best_*.pt)
step:3600/3600, q_loss:0.442412406206131, rewards:-13.549720594618055, queue:0.48359375, delay:0.0323633246951633, throughput:1454
episode:9/200, real avg travel time:178.93397524071526
Test step:9/200, travel time :172.18638239339754, rewards:-10.612498643663194, queue:0.37916666666666665, delay:0.026535908381144207, throughput:1454
New best test ATT=172.1864 at episode 9 (saved model/best_*.pt)
step:3600/3600, q_loss:0.4175003468990326, rewards:-11.945831976996528, queue:0.42960069444444443, delay:0.028879247771369087, throughput:1453
episode:10/200, real avg travel time:175.45629731589815
Test step:10/200, travel time :173.07285223367697, rewards:-10.536387803819444, queue:0.3775173611111111, delay:0.027325317594740127, throughput:1455
step:3600/3600, q_loss:0.3610248863697052, rewards:-11.147499593098958, queue:0.4036458333333333, delay:0.02798845238155789, throughput:1455
episode:11/200, real avg travel time:173.8316151202749
Test step:11/200, travel time :171.1286107290234, rewards:-9.801944986979167, queue:0.3572916666666667, delay:0.025875075658162435, throughput:1454
New best test ATT=171.1286 at episode 11 (saved model/best_*.pt)
step:3600/3600, q_loss:0.3834036588668823, rewards:-11.296942816840279, queue:0.40555555555555556, delay:0.028278030289544, throughput:1452
episode:12/200, real avg travel time:174.1728650137741
Test step:12/200, travel time :170.656121045392, rewards:-9.674165852864583, queue:0.3494791666666667, delay:0.02538281546698676, throughput:1454
New best test ATT=170.6561 at episode 12 (saved model/best_*.pt)
step:3600/3600, q_loss:0.36396706104278564, rewards:-10.53722195095486, queue:0.38211805555555556, delay:0.02702890502081977, throughput:1453
episode:13/200, real avg travel time:172.49621472814866
Test step:13/200, travel time :170.6031636863824, rewards:-9.595277235243056, queue:0.3459201388888889, delay:0.025071451399061414, throughput:1454
New best test ATT=170.6032 at episode 13 (saved model/best_*.pt)
step:3600/3600, q_loss:0.34520867466926575, rewards:-10.36722140842014, queue:0.37309027777777776, delay:0.02651358445485433, throughput:1453
episode:14/200, real avg travel time:171.97797660013765
Test step:14/200, travel time :171.28659793814433, rewards:-10.067777506510417, queue:0.3637152777777778, delay:0.02601292398240831, throughput:1455
step:3600/3600, q_loss:0.3298000991344452, rewards:-10.994721137152778, queue:0.3939236111111111, delay:0.02712725003560384, throughput:1454
episode:15/200, real avg travel time:173.41678129298487
Test step:15/200, travel time :170.45635738831615, rewards:-9.511111111111111, queue:0.3450520833333333, delay:0.025142176946004232, throughput:1455
New best test ATT=170.4564 at episode 15 (saved model/best_*.pt)
step:3600/3600, q_loss:0.35905709862709045, rewards:-10.676943630642361, queue:0.3854166666666667, delay:0.02676229476928711, throughput:1451
episode:16/200, real avg travel time:172.84286698828393
Test step:16/200, travel time :171.3053645116919, rewards:-10.30472140842014, queue:0.37100694444444443, delay:0.02650959226820204, throughput:1454
step:3600/3600, q_loss:0.39649972319602966, rewards:-10.348887803819444, queue:0.37335069444444446, delay:0.0263141844007704, throughput:1454
episode:17/200, real avg travel time:171.95873452544706
Test step:17/200, travel time :171.36288659793814, rewards:-9.920276557074653, queue:0.3566840277777778, delay:0.02541639010111491, throughput:1455
step:3600/3600, q_loss:0.36836501955986023, rewards:-10.37611083984375, queue:0.3767361111111111, delay:0.02652802202436659, throughput:1454
episode:18/200, real avg travel time:172.2840440165062
Test step:18/200, travel time :171.22283356258598, rewards:-9.694999186197917, queue:0.3509548611111111, delay:0.025652048322889538, throughput:1454
step:3600/3600, q_loss:0.33942514657974243, rewards:-10.634442816840277, queue:0.38333333333333336, delay:0.026670744684007434, throughput:1455
episode:19/200, real avg travel time:172.65635738831614
Test step:19/200, travel time :170.1890034364261, rewards:-9.51333279079861, queue:0.3427951388888889, delay:0.024922604031032986, throughput:1455
New best test ATT=170.1890 at episode 19 (saved model/best_*.pt)
step:3600/3600, q_loss:0.3939141035079956, rewards:-10.06972181532118, queue:0.3619791666666667, delay:0.02516046365102132, throughput:1456
episode:20/200, real avg travel time:171.4787087912088
Test step:20/200, travel time :174.59187887130076, rewards:-11.382499186197917, queue:0.4002604166666667, delay:0.02724831369188097, throughput:1453
step:3600/3600, q_loss:0.3782386779785156, rewards:-10.251665581597223, queue:0.3723090277777778, delay:0.02619197898440891, throughput:1452
episode:21/200, real avg travel time:172.00413223140495
Test step:21/200, travel time :171.8853021978022, rewards:-10.428055826822916, queue:0.37178819444444444, delay:0.026274310217963323, throughput:1456
step:3600/3600, q_loss:0.31073325872421265, rewards:-9.781944444444445, queue:0.35434027777777777, delay:0.02566263675689697, throughput:1453
episode:22/200, real avg travel time:171.10805230557466
Test step:22/200, travel time :171.27391603578803, rewards:-9.924999321831597, queue:0.3572048611111111, delay:0.02519486215379503, throughput:1453
step:3600/3600, q_loss:0.39952707290649414, rewards:-10.03500027126736, queue:0.36171875, delay:0.025544203652275933, throughput:1454
episode:23/200, real avg travel time:171.3198074277854
Test step:23/200, travel time :171.5230557467309, rewards:-9.987777370876737, queue:0.35920138888888886, delay:0.025779896312289767, throughput:1453
step:3600/3600, q_loss:0.40488702058792114, rewards:-9.6375, queue:0.34696180555555556, delay:0.024632692337036133, throughput:1456
episode:24/200, real avg travel time:170.57417582417582
Test step:24/200, travel time :171.67125171939477, rewards:-10.18861083984375, queue:0.3637152777777778, delay:0.025319290161132813, throughput:1454
step:3600/3600, q_loss:0.4293229877948761, rewards:-10.323610432942708, queue:0.3734375, delay:0.025649682680765788, throughput:1455
episode:25/200, real avg travel time:172.19381443298968
Test step:25/200, travel time :171.1292984869326, rewards:-9.889443630642361, queue:0.35546875, delay:0.024792414241366915, throughput:1454
step:3600/3600, q_loss:0.4014287292957306, rewards:-9.886387803819444, queue:0.35859375, delay:0.02548280821906196, throughput:1454
episode:26/200, real avg travel time:171.57496561210453
Test step:26/200, travel time :171.30695113558156, rewards:-9.91222195095486, queue:0.35833333333333334, delay:0.025975995593600802, throughput:1453
step:3600/3600, q_loss:0.35041698813438416, rewards:-9.474443901909723, queue:0.3428819444444444, delay:0.02444303035736084, throughput:1453
episode:27/200, real avg travel time:170.3833448038541
Test step:27/200, travel time :170.70357634112793, rewards:-9.570555284288194, queue:0.3470486111111111, delay:0.024980966250101724, throughput:1454
step:3600/3600, q_loss:0.4492255449295044, rewards:-9.835833740234374, queue:0.35529513888888886, delay:0.024622848298814563, throughput:1453
episode:28/200, real avg travel time:170.73365450791465
Test step:28/200, travel time :171.28591065292096, rewards:-10.119722493489583, queue:0.3638888888888889, delay:0.02526428434583876, throughput:1455
step:3600/3600, q_loss:0.3948974311351776, rewards:-9.472776963975694, queue:0.34270833333333334, delay:0.024371888902452257, throughput:1454
episode:29/200, real avg travel time:170.3583218707015
Test step:29/200, travel time :170.69093406593407, rewards:-9.571110026041667, queue:0.3467013888888889, delay:0.025307991769578722, throughput:1456
step:3600/3600, q_loss:0.43436118960380554, rewards:-9.836666531032986, queue:0.3558159722222222, delay:0.02546228567759196, throughput:1451
episode:30/200, real avg travel time:171.1040661612681
Test step:30/200, travel time :170.68225584594222, rewards:-9.507499186197917, queue:0.34305555555555556, delay:0.025040184126959908, throughput:1454
step:3600/3600, q_loss:0.4176467955112457, rewards:-9.944444444444445, queue:0.35789930555555555, delay:0.024970759285820855, throughput:1455
episode:31/200, real avg travel time:171.21512027491409
Test step:31/200, travel time :171.00137457044673, rewards:-9.730277506510417, queue:0.3541666666666667, delay:0.024682646327548557, throughput:1455
step:3600/3600, q_loss:0.40670105814933777, rewards:-9.820277235243056, queue:0.35651041666666666, delay:0.024621412489149307, throughput:1455
episode:32/200, real avg travel time:170.77938144329897
Test step:32/200, travel time :171.33928571428572, rewards:-9.939165581597223, queue:0.3598090277777778, delay:0.024647612041897245, throughput:1456
step:3600/3600, q_loss:0.3769755959510803, rewards:-9.853055826822917, queue:0.35390625, delay:0.024803394741482205, throughput:1451
episode:33/200, real avg travel time:170.99310820124052
Test step:33/200, travel time :172.0473901098901, rewards:-10.417777506510417, queue:0.3729166666666667, delay:0.024970234764946832, throughput:1456
step:3600/3600, q_loss:0.3496433198451996, rewards:-10.22472195095486, queue:0.3677951388888889, delay:0.025274025069342718, throughput:1455
episode:34/200, real avg travel time:171.89828178694157
Test step:34/200, travel time :171.1407967032967, rewards:-9.899720594618056, queue:0.35538194444444443, delay:0.024691343307495117, throughput:1456
step:3600/3600, q_loss:0.3819291889667511, rewards:-9.7, queue:0.3519097222222222, delay:0.02454584969414605, throughput:1454
episode:35/200, real avg travel time:170.9360385144429
Test step:35/200, travel time :170.94497936726273, rewards:-9.571944173177084, queue:0.34765625, delay:0.024877627690633137, throughput:1454
step:3600/3600, q_loss:0.47373631596565247, rewards:-10.073055013020833, queue:0.3646701388888889, delay:0.025122231907314725, throughput:1455
episode:36/200, real avg travel time:171.7512027491409
Test step:36/200, travel time :170.88506538196833, rewards:-9.66611056857639, queue:0.34835069444444444, delay:0.024419879913330077, throughput:1453
step:3600/3600, q_loss:0.4203316867351532, rewards:-10.083333333333334, queue:0.36493055555555554, delay:0.02455745802985297, throughput:1454
episode:37/200, real avg travel time:171.1801925722146
Test step:37/200, travel time :170.40178571428572, rewards:-9.619443766276042, queue:0.3473090277777778, delay:0.0244663053088718, throughput:1456
step:3600/3600, q_loss:0.40102463960647583, rewards:-9.899167209201389, queue:0.3589409722222222, delay:0.0250103579627143, throughput:1454
episode:38/200, real avg travel time:171.2634112792297
Test step:38/200, travel time :170.95670103092783, rewards:-9.729722086588541, queue:0.3515625, delay:0.02479126188490126, throughput:1455
step:3600/3600, q_loss:0.3330911099910736, rewards:-9.873888481987848, queue:0.3578125, delay:0.02519841194152832, throughput:1456
episode:39/200, real avg travel time:171.08516483516485
Test step:39/200, travel time :170.6256868131868, rewards:-9.580277506510416, queue:0.34366319444444443, delay:0.024175553851657445, throughput:1456
step:3600/3600, q_loss:0.3381006717681885, rewards:-9.874999321831597, queue:0.3551215277777778, delay:0.02467867268456353, throughput:1453
episode:40/200, real avg travel time:171.15554026152788
Test step:40/200, travel time :171.50516173434275, rewards:-10.072776963975695, queue:0.3611979166666667, delay:0.024720096588134767, throughput:1453
step:3600/3600, q_loss:0.34406864643096924, rewards:-9.951665581597222, queue:0.35989583333333336, delay:0.024685727225409612, throughput:1453
episode:41/200, real avg travel time:171.1355815554026
Test step:41/200, travel time :170.14442916093535, rewards:-9.496110026041666, queue:0.34366319444444443, delay:0.023852202627393935, throughput:1454
New best test ATT=170.1444 at episode 41 (saved model/best_*.pt)
step:3600/3600, q_loss:0.35118916630744934, rewards:-9.633888075086805, queue:0.35173611111111114, delay:0.0242086304558648, throughput:1453
episode:42/200, real avg travel time:170.5237439779766
Test step:42/200, travel time :172.10935350756534, rewards:-10.085555013020834, queue:0.36180555555555555, delay:0.025191786554124622, throughput:1454
step:3600/3600, q_loss:0.3478587567806244, rewards:-9.685277642144097, queue:0.35078125, delay:0.024013095431857638, throughput:1453
episode:43/200, real avg travel time:170.20440467997247
Test step:43/200, travel time :170.79160935350757, rewards:-9.609999593098959, queue:0.3473090277777778, delay:0.024300018946329754, throughput:1454
step:3600/3600, q_loss:0.35026174783706665, rewards:-10.220276557074653, queue:0.36866319444444445, delay:0.02493170632256402, throughput:1454
episode:44/200, real avg travel time:171.7977991746905
Test step:44/200, travel time :169.92027491408933, rewards:-9.255555555555556, queue:0.33585069444444443, delay:0.023589372634887695, throughput:1455
New best test ATT=169.9203 at episode 44 (saved model/best_*.pt)
step:3600/3600, q_loss:0.3454154133796692, rewards:-9.579444037543404, queue:0.34791666666666665, delay:0.02446905771891276, throughput:1454
episode:45/200, real avg travel time:170.35969738651994
Test step:45/200, travel time :170.49656121045393, rewards:-9.473333062065972, queue:0.34401041666666665, delay:0.02394120428297255, throughput:1454
step:3600/3600, q_loss:0.4211514890193939, rewards:-9.850278049045139, queue:0.35546875, delay:0.024656152725219725, throughput:1454
episode:46/200, real avg travel time:171.3005502063274
Test step:46/200, travel time :169.65223367697595, rewards:-9.086943901909722, queue:0.32881944444444444, delay:0.02377540800306532, throughput:1455
New best test ATT=169.6522 at episode 46 (saved model/best_*.pt)
step:3600/3600, q_loss:0.4029522240161896, rewards:-10.004999457465278, queue:0.35946180555555557, delay:0.024736587206522623, throughput:1453
episode:47/200, real avg travel time:171.39848589125947
Test step:47/200, travel time :170.1414835164835, rewards:-9.48638916015625, queue:0.3416666666666667, delay:0.023943010965983072, throughput:1456
step:3600/3600, q_loss:0.3008083701133728, rewards:-9.383610704210069, queue:0.34140625, delay:0.023735896746317545, throughput:1452
episode:48/200, real avg travel time:170.26101928374655
Test step:48/200, travel time :171.95673076923077, rewards:-9.883333333333333, queue:0.3575520833333333, delay:0.025177791383531357, throughput:1456
step:3600/3600, q_loss:0.4485321044921875, rewards:-10.53083224826389, queue:0.3770833333333333, delay:0.025619003507826064, throughput:1455
episode:49/200, real avg travel time:172.86048109965637
Test step:49/200, travel time :170.9065934065934, rewards:-9.645277235243055, queue:0.35043402777777777, delay:0.024303902520073785, throughput:1456
step:3600/3600, q_loss:0.3361627459526062, rewards:-10.143332248263889, queue:0.36640625, delay:0.024520831637912327, throughput:1455
episode:50/200, real avg travel time:171.46941580756013
Test step:50/200, travel time :170.72508591065292, rewards:-9.744722493489583, queue:0.3521701388888889, delay:0.024055343204074434, throughput:1455
step:3600/3600, q_loss:0.35558974742889404, rewards:-9.636665852864583, queue:0.3525173611111111, delay:0.024570751190185546, throughput:1453
episode:51/200, real avg travel time:170.97728836889195
Test step:51/200, travel time :169.7245879120879, rewards:-9.366387261284721, queue:0.3390625, delay:0.02358342276679145, throughput:1456
step:3600/3600, q_loss:0.4111523926258087, rewards:-9.829443359375, queue:0.3576388888888889, delay:0.024575122197469077, throughput:1456
episode:52/200, real avg travel time:171.04464285714286
Test step:52/200, travel time :171.6180316586373, rewards:-9.868055555555555, queue:0.35711805555555554, delay:0.024484215842352972, throughput:1453
step:3600/3600, q_loss:0.3940509259700775, rewards:-9.615833197699653, queue:0.3512152777777778, delay:0.024084438218010797, throughput:1456
episode:53/200, real avg travel time:170.62912087912088
Test step:53/200, travel time :169.57565337001375, rewards:-9.183333333333334, queue:0.334375, delay:0.02340681817796495, throughput:1454
New best test ATT=169.5757 at episode 53 (saved model/best_*.pt)
step:3600/3600, q_loss:0.39333203434944153, rewards:-9.687499321831597, queue:0.35182291666666665, delay:0.024289655685424804, throughput:1456
episode:54/200, real avg travel time:170.9587912087912
Test step:54/200, travel time :170.54663923182443, rewards:-9.39583265516493, queue:0.34001736111111114, delay:0.023917497528923883, throughput:1458
step:3600/3600, q_loss:0.445116251707077, rewards:-9.771110026041667, queue:0.35260416666666666, delay:0.02380003399319119, throughput:1454
episode:55/200, real avg travel time:171.03232462173315
Test step:55/200, travel time :170.61855670103094, rewards:-9.686111111111112, queue:0.34913194444444445, delay:0.02420614825354682, throughput:1455
step:3600/3600, q_loss:0.31761762499809265, rewards:-9.618332926432291, queue:0.3497395833333333, delay:0.024310300085279676, throughput:1455
episode:56/200, real avg travel time:170.92852233676976
Test step:56/200, travel time :170.91609353507565, rewards:-9.73861083984375, queue:0.3519097222222222, delay:0.024512370427449543, throughput:1454
step:3600/3600, q_loss:0.370353102684021, rewards:-10.026666259765625, queue:0.3624131944444444, delay:0.024668343861897788, throughput:1454
episode:57/200, real avg travel time:171.07083906464925
Test step:57/200, travel time :171.0006882312457, rewards:-9.857221137152777, queue:0.3579861111111111, delay:0.0241383605533176, throughput:1453
step:3600/3600, q_loss:0.2981313169002533, rewards:-9.5147216796875, queue:0.34305555555555556, delay:0.023799652523464627, throughput:1454
episode:58/200, real avg travel time:170.5467675378267
Test step:58/200, travel time :170.38885065381967, rewards:-9.710276963975694, queue:0.3511284722222222, delay:0.02406879531012641, throughput:1453
step:3600/3600, q_loss:0.3716815412044525, rewards:-9.881945122612848, queue:0.35711805555555554, delay:0.02440037727355957, throughput:1456
episode:59/200, real avg travel time:170.85027472527472
Test step:59/200, travel time :170.94910591471802, rewards:-9.486943901909722, queue:0.34392361111111114, delay:0.02462608019510905, throughput:1454
step:3600/3600, q_loss:0.4199233949184418, rewards:-9.29527859157986, queue:0.3394965277777778, delay:0.023775166935390897, throughput:1455
episode:60/200, real avg travel time:170.24604810996564
Test step:60/200, travel time :169.70357634112793, rewards:-9.305555555555555, queue:0.33932291666666664, delay:0.023218451605902777, throughput:1454
step:3600/3600, q_loss:0.3170166015625, rewards:-9.66361083984375, queue:0.35052083333333334, delay:0.02386652628580729, throughput:1454
episode:61/200, real avg travel time:170.41953232462174
Test step:61/200, travel time :169.99312714776633, rewards:-9.286943901909723, queue:0.3390625, delay:0.023619005415174695, throughput:1455
step:3600/3600, q_loss:0.34394386410713196, rewards:-9.538055419921875, queue:0.34522569444444445, delay:0.02418322033352322, throughput:1454
episode:62/200, real avg travel time:170.55502063273727
Test step:62/200, travel time :170.95189003436425, rewards:-9.914444308810763, queue:0.35694444444444445, delay:0.024228027131822375, throughput:1455
step:3600/3600, q_loss:0.3208101987838745, rewards:-9.809722222222222, queue:0.35529513888888886, delay:0.02405519485473633, throughput:1453
episode:63/200, real avg travel time:170.98554714384034
Test step:63/200, travel time :171.26928374655648, rewards:-9.949445258246527, queue:0.35911458333333335, delay:0.024778371387057834, throughput:1452
step:3600/3600, q_loss:0.3694700598716736, rewards:-9.526388888888889, queue:0.3440972222222222, delay:0.0238500091764662, throughput:1452
episode:64/200, real avg travel time:170.29614325068871
Test step:64/200, travel time :171.04742268041238, rewards:-9.725278049045139, queue:0.35182291666666665, delay:0.024561240937974717, throughput:1455
step:3600/3600, q_loss:0.3099656403064728, rewards:-9.756666395399305, queue:0.35390625, delay:0.024373679690890843, throughput:1453
episode:65/200, real avg travel time:170.77494838265656
Test step:65/200, travel time :169.95661157024793, rewards:-9.349165852864584, queue:0.33880208333333334, delay:0.023709885279337563, throughput:1452
step:3600/3600, q_loss:0.3095524311065674, rewards:-10.003055148654514, queue:0.3637152777777778, delay:0.024591747919718424, throughput:1454
episode:66/200, real avg travel time:171.6045392022008
Test step:66/200, travel time :170.1851342050929, rewards:-9.499165852864584, queue:0.34366319444444443, delay:0.023880630069308812, throughput:1453
step:3600/3600, q_loss:0.35516756772994995, rewards:-9.549998643663194, queue:0.3473090277777778, delay:0.023673605918884278, throughput:1454
episode:67/200, real avg travel time:170.32874828060523
Test step:67/200, travel time :170.36795048143054, rewards:-9.588888888888889, queue:0.34756944444444443, delay:0.023925397131178115, throughput:1454
step:3600/3600, q_loss:0.34398511052131653, rewards:-9.665276421440971, queue:0.34930555555555554, delay:0.024130450354682073, throughput:1454
episode:68/200, real avg travel time:170.69050894085282
Test step:68/200, travel time :170.38308115543327, rewards:-9.481944444444444, queue:0.3412326388888889, delay:0.023745499716864692, throughput:1454
step:3600/3600, q_loss:0.30368727445602417, rewards:-10.111945258246529, queue:0.36614583333333334, delay:0.024535592397054037, throughput:1455
episode:69/200, real avg travel time:171.25154639175258
Test step:69/200, travel time :170.94081211286993, rewards:-9.82805447048611, queue:0.35546875, delay:0.02457991706000434, throughput:1453
step:3600/3600, q_loss:0.27058055996894836, rewards:-10.134166124131944, queue:0.36701388888888886, delay:0.024092634518941242, throughput:1454
episode:70/200, real avg travel time:171.50618982118294
Test step:70/200, travel time :171.2068728522337, rewards:-9.844167073567709, queue:0.3567708333333333, delay:0.02421962949964735, throughput:1455
step:3600/3600, q_loss:0.2721768319606781, rewards:-9.848333062065972, queue:0.3559027777777778, delay:0.02420474158393012, throughput:1456
episode:71/200, real avg travel time:170.9162087912088
Test step:71/200, travel time :170.41030927835052, rewards:-9.38833279079861, queue:0.33993055555555557, delay:0.023998215463426377, throughput:1455
step:3600/3600, q_loss:0.27562984824180603, rewards:-10.039999728732639, queue:0.3629340277777778, delay:0.024240170584784615, throughput:1453
episode:72/200, real avg travel time:171.24913971094287
Test step:72/200, travel time :169.9629120879121, rewards:-9.12472195095486, queue:0.33203125, delay:0.023377148310343425, throughput:1456
step:3600/3600, q_loss:0.2933225929737091, rewards:-10.609166124131944, queue:0.38168402777777777, delay:0.025296862920125326, throughput:1451
episode:73/200, real avg travel time:172.79807029634733
Test step:73/200, travel time :170.5343878954608, rewards:-9.682777235243055, queue:0.35130208333333335, delay:0.02397670216030545, throughput:1454
step:3600/3600, q_loss:0.31443023681640625, rewards:-9.882221137152778, queue:0.35703125, delay:0.024401352140638564, throughput:1454
episode:74/200, real avg travel time:171.14580467675378
Test step:74/200, travel time :172.32049518569463, rewards:-10.50749986436632, queue:0.3765625, delay:0.024888107511732312, throughput:1454
step:3600/3600, q_loss:0.30117225646972656, rewards:-9.715276421440972, queue:0.3506944444444444, delay:0.023917860454983182, throughput:1453
episode:75/200, real avg travel time:170.7666896077082
Test step:75/200, travel time :171.09766162310868, rewards:-9.79722154405382, queue:0.35703125, delay:0.024710355864630804, throughput:1454
step:3600/3600, q_loss:0.2980063557624817, rewards:-9.374998643663194, queue:0.3407986111111111, delay:0.02373434172736274, throughput:1456
episode:76/200, real avg travel time:170.6146978021978
Test step:76/200, travel time :171.56258596973865, rewards:-10.345555284288194, queue:0.3723958333333333, delay:0.02460932731628418, throughput:1454
step:3600/3600, q_loss:0.3006688058376312, rewards:-9.637221950954862, queue:0.34713541666666664, delay:0.02356885274251302, throughput:1455
episode:77/200, real avg travel time:170.43024054982817
Test step:77/200, travel time :171.59478021978023, rewards:-10.11888902452257, queue:0.36345486111111114, delay:0.024572420120239257, throughput:1456
step:3600/3600, q_loss:0.3600988984107971, rewards:-9.39305419921875, queue:0.3402777777777778, delay:0.02315102948082818, throughput:1458
episode:78/200, real avg travel time:169.9698216735254
Test step:78/200, travel time :172.14659325533378, rewards:-10.20861070421007, queue:0.3690104166666667, delay:0.02436184353298611, throughput:1453
step:3600/3600, q_loss:0.37741267681121826, rewards:-10.422499593098959, queue:0.37647569444444445, delay:0.02453711297776964, throughput:1454
episode:79/200, real avg travel time:172.19669876203577
Test step:79/200, travel time :171.6975945017182, rewards:-10.255555555555556, queue:0.36909722222222224, delay:0.02468158933851454, throughput:1455
step:3600/3600, q_loss:0.3144679367542267, rewards:-9.756943766276041, queue:0.3515625, delay:0.02434597545199924, throughput:1454
episode:80/200, real avg travel time:170.9532324621733
Test step:80/200, travel time :170.7506868131868, rewards:-9.779165988498264, queue:0.3542534722222222, delay:0.02421515252855089, throughput:1456
step:3600/3600, q_loss:0.34098467230796814, rewards:-9.577499728732638, queue:0.346875, delay:0.02390925619337294, throughput:1456
episode:81/200, real avg travel time:170.7081043956044
Test step:81/200, travel time :170.41993127147765, rewards:-9.561388481987848, queue:0.3467881944444444, delay:0.023893170886569552, throughput:1455
step:3600/3600, q_loss:0.357909232378006, rewards:-9.929165988498264, queue:0.35946180555555557, delay:0.024477349387274847, throughput:1456
episode:82/200, real avg travel time:171.23832417582418
Test step:82/200, travel time :170.53094910591471, rewards:-9.451666259765625, queue:0.34392361111111114, delay:0.024132641156514485, throughput:1454
step:3600/3600, q_loss:0.31256434321403503, rewards:-9.646944173177083, queue:0.35043402777777777, delay:0.024103964699639213, throughput:1455
episode:83/200, real avg travel time:170.56357388316152
Test step:83/200, travel time :171.20618556701032, rewards:-10.099166531032987, queue:0.36380208333333336, delay:0.024154761102464464, throughput:1455
step:3600/3600, q_loss:0.3458399176597595, rewards:-10.524165852864583, queue:0.3770833333333333, delay:0.02500310738881429, throughput:1452
episode:84/200, real avg travel time:172.017217630854
Test step:84/200, travel time :171.98005502063273, rewards:-10.157499864366319, queue:0.36796875, delay:0.024949269824557835, throughput:1454
step:3600/3600, q_loss:0.33409687876701355, rewards:-10.207221137152779, queue:0.36727430555555557, delay:0.024661445617675783, throughput:1454
episode:85/200, real avg travel time:171.55845942228336
Test step:85/200, travel time :170.8426116838488, rewards:-9.74361097547743, queue:0.35, delay:0.02357441054450141, throughput:1455
step:3600/3600, q_loss:0.37220364809036255, rewards:-9.70333251953125, queue:0.3493923611111111, delay:0.023714825842115615, throughput:1455
episode:86/200, real avg travel time:170.90103092783505
Test step:86/200, travel time :170.72558459422282, rewards:-9.768889024522569, queue:0.3551215277777778, delay:0.023979364501105414, throughput:1454
step:3600/3600, q_loss:0.3167097270488739, rewards:-9.901111518012153, queue:0.3599826388888889, delay:0.024218437406751843, throughput:1455
episode:87/200, real avg travel time:170.95670103092783
Test step:87/200, travel time :170.94642857142858, rewards:-9.961943901909722, queue:0.35625, delay:0.024317055278354222, throughput:1456
step:3600/3600, q_loss:0.29660728573799133, rewards:-9.753333197699654, queue:0.3528645833333333, delay:0.02398064931233724, throughput:1455
episode:88/200, real avg travel time:170.81168384879726
Test step:88/200, travel time :171.386941580756, rewards:-9.945555962456597, queue:0.36041666666666666, delay:0.024611409505208334, throughput:1455
step:3600/3600, q_loss:0.2544170916080475, rewards:-9.997220865885417, queue:0.3599826388888889, delay:0.02412729263305664, throughput:1456
episode:89/200, real avg travel time:171.2342032967033
Test step:89/200, travel time :170.4914089347079, rewards:-9.769722493489583, queue:0.35260416666666666, delay:0.02362356980641683, throughput:1455
step:3600/3600, q_loss:0.3105524778366089, rewards:-10.119722493489583, queue:0.36666666666666664, delay:0.024624951680501304, throughput:1456
episode:90/200, real avg travel time:171.64972527472528
Test step:90/200, travel time :170.76167582417582, rewards:-10.083054606119791, queue:0.36336805555555557, delay:0.024227420488993328, throughput:1456
step:3600/3600, q_loss:0.29793721437454224, rewards:-10.236387803819444, queue:0.36961805555555555, delay:0.024492290284898546, throughput:1456
episode:91/200, real avg travel time:171.8585164835165
Test step:91/200, travel time :170.186941580756, rewards:-9.428333197699653, queue:0.3415798611111111, delay:0.023950656255086262, throughput:1455
step:3600/3600, q_loss:0.2670292854309082, rewards:-10.10722181532118, queue:0.3651041666666667, delay:0.024745655059814454, throughput:1454
episode:92/200, real avg travel time:171.84594222833562
Test step:92/200, travel time :170.7248968363136, rewards:-9.679722764756944, queue:0.34817708333333336, delay:0.023913749059041343, throughput:1454
step:3600/3600, q_loss:0.2509385347366333, rewards:-9.838610161675348, queue:0.3548611111111111, delay:0.024081510967678493, throughput:1455
episode:93/200, real avg travel time:171.29690721649484
Test step:93/200, travel time :170.5704467353952, rewards:-9.61527845594618, queue:0.34913194444444445, delay:0.023998387654622397, throughput:1455
step:3600/3600, q_loss:0.3124080300331116, rewards:-9.700833468967014, queue:0.3494791666666667, delay:0.023720036612616645, throughput:1455
episode:94/200, real avg travel time:170.940206185567
Test step:94/200, travel time :170.1890034364261, rewards:-9.348333062065972, queue:0.33819444444444446, delay:0.02364132669236925, throughput:1455
step:3600/3600, q_loss:0.25115397572517395, rewards:-9.707222493489583, queue:0.35225694444444444, delay:0.02373764779832628, throughput:1455
episode:95/200, real avg travel time:170.66185567010308
Test step:95/200, travel time :171.53021978021977, rewards:-9.892222764756944, queue:0.3560763888888889, delay:0.023961173163519964, throughput:1456
step:3600/3600, q_loss:0.25555717945098877, rewards:-9.768333604600695, queue:0.3519097222222222, delay:0.023724828826056588, throughput:1456
episode:96/200, real avg travel time:170.87225274725276
Test step:96/200, travel time :171.1615120274914, rewards:-10.05472140842014, queue:0.3628472222222222, delay:0.023995203442043728, throughput:1455
step:3600/3600, q_loss:0.2952777147293091, rewards:-9.689166937934028, queue:0.35086805555555556, delay:0.023711072074042425, throughput:1454
episode:97/200, real avg travel time:170.7414030261348
Test step:97/200, travel time :170.95942228335625, rewards:-9.9375, queue:0.3576388888888889, delay:0.023703108893500434, throughput:1454
step:3600/3600, q_loss:0.3371201455593109, rewards:-9.94944322374132, queue:0.3603298611111111, delay:0.023982747395833334, throughput:1452
episode:98/200, real avg travel time:170.97451790633608
Test step:98/200, travel time :170.74364261168384, rewards:-9.493055555555555, queue:0.3424479166666667, delay:0.023423449198404948, throughput:1455
step:3600/3600, q_loss:0.2899968922138214, rewards:-10.70861070421007, queue:0.38211805555555556, delay:0.024685584174262153, throughput:1455
episode:99/200, real avg travel time:172.65292096219932
Test step:99/200, travel time :169.753264604811, rewards:-9.418333604600694, queue:0.3401909722222222, delay:0.022731860478719074, throughput:1455
step:3600/3600, q_loss:0.27747541666030884, rewards:-10.370555284288194, queue:0.3720486111111111, delay:0.024074856440226236, throughput:1455
episode:100/200, real avg travel time:171.96082474226804
Test step:100/200, travel time :171.4735758407687, rewards:-10.032499186197917, queue:0.3611979166666667, delay:0.023819194899664983, throughput:1457
step:3600/3600, q_loss:0.3309040367603302, rewards:-10.184721544053819, queue:0.3662326388888889, delay:0.024076959821912977, throughput:1455
episode:101/200, real avg travel time:171.8639175257732
Test step:101/200, travel time :171.51477663230241, rewards:-10.192777506510417, queue:0.3668402777777778, delay:0.02377132839626736, throughput:1455
step:3600/3600, q_loss:0.3072010576725006, rewards:-9.830833604600695, queue:0.35538194444444443, delay:0.02388962639702691, throughput:1455
episode:102/200, real avg travel time:171.23230240549827
Test step:102/200, travel time :171.10247592847318, rewards:-9.807777235243055, queue:0.35355902777777776, delay:0.023716788821750216, throughput:1454
step:3600/3600, q_loss:0.2938529849052429, rewards:-10.397222222222222, queue:0.37213541666666666, delay:0.02447649902767605, throughput:1455
episode:103/200, real avg travel time:172.32920962199313
Test step:103/200, travel time :171.35625859697387, rewards:-10.078610568576389, queue:0.3626736111111111, delay:0.023806206385294595, throughput:1454
step:3600/3600, q_loss:0.35545891523361206, rewards:-9.683888075086806, queue:0.34748263888888886, delay:0.023462030622694228, throughput:1457
episode:104/200, real avg travel time:170.68359643102264
Test step:104/200, travel time :171.34480385409498, rewards:-10.028333197699652, queue:0.36137152777777776, delay:0.024136964480082193, throughput:1453
step:3600/3600, q_loss:0.3357623219490051, rewards:-10.54111056857639, queue:0.3763020833333333, delay:0.024629057778252497, throughput:1454
episode:105/200, real avg travel time:172.06808803301237
Test step:105/200, travel time :171.86126373626374, rewards:-10.144444444444444, queue:0.36692708333333335, delay:0.024466323852539062, throughput:1456
step:3600/3600, q_loss:0.26416677236557007, rewards:-10.048331705729167, queue:0.3611111111111111, delay:0.023925209045410158, throughput:1454
episode:106/200, real avg travel time:171.55777166437414
Test step:106/200, travel time :171.25875085792725, rewards:-9.966387939453124, queue:0.36015625, delay:0.02383411725362142, throughput:1457
step:3600/3600, q_loss:0.2830134332180023, rewards:-10.561944580078125, queue:0.37786458333333334, delay:0.024435981114705404, throughput:1456
episode:107/200, real avg travel time:172.13598901098902
Test step:107/200, travel time :169.74107142857142, rewards:-9.469722493489583, queue:0.34270833333333334, delay:0.023004637824164495, throughput:1456
step:3600/3600, q_loss:0.2784465253353119, rewards:-10.218610297309027, queue:0.36432291666666666, delay:0.024027903874715168, throughput:1452
episode:108/200, real avg travel time:171.44765840220387
Test step:108/200, travel time :171.40756013745704, rewards:-9.971944173177084, queue:0.35989583333333336, delay:0.023801777097913954, throughput:1455
step:3600/3600, q_loss:0.26179367303848267, rewards:-10.383888753255208, queue:0.37222222222222223, delay:0.024446919229295518, throughput:1455
episode:109/200, real avg travel time:172.16082474226803
Test step:109/200, travel time :170.9945054945055, rewards:-10.011388481987847, queue:0.3590277777777778, delay:0.02379871474372016, throughput:1456
step:3600/3600, q_loss:0.29946085810661316, rewards:-10.13083224826389, queue:0.36553819444444446, delay:0.024058206876118978, throughput:1454
episode:110/200, real avg travel time:171.33081155433288
Test step:110/200, travel time :171.9958762886598, rewards:-10.474721272786459, queue:0.3759548611111111, delay:0.02415214114718967, throughput:1455
step:3600/3600, q_loss:0.32545262575149536, rewards:-10.531388346354166, queue:0.37743055555555555, delay:0.024677149454752603, throughput:1455
episode:111/200, real avg travel time:172.3745704467354
Test step:111/200, travel time :170.77219545767377, rewards:-9.50361056857639, queue:0.34357638888888886, delay:0.023486063215467666, throughput:1453
step:3600/3600, q_loss:0.37150895595550537, rewards:-10.42361111111111, queue:0.37612847222222223, delay:0.024753390418158636, throughput:1453
episode:112/200, real avg travel time:172.10942876806607
Test step:112/200, travel time :171.7683848797251, rewards:-10.345831976996529, queue:0.37352430555555555, delay:0.02446746826171875, throughput:1455
step:3600/3600, q_loss:0.31891930103302, rewards:-10.291666666666666, queue:0.36953125, delay:0.02434381908840603, throughput:1454
episode:113/200, real avg travel time:171.86451169188445
Test step:113/200, travel time :170.25686813186815, rewards:-9.443054877387153, queue:0.3427951388888889, delay:0.02362142139010959, throughput:1456
step:3600/3600, q_loss:0.31904539465904236, rewards:-10.118888346354167, queue:0.3644965277777778, delay:0.0238777584499783, throughput:1455
episode:114/200, real avg travel time:171.38281786941582
Test step:114/200, travel time :171.1121045392022, rewards:-9.960276963975694, queue:0.35737847222222224, delay:0.02402879926893446, throughput:1454
step:3600/3600, q_loss:0.2922493815422058, rewards:-10.304443359375, queue:0.37213541666666666, delay:0.024641667471991646, throughput:1454
episode:115/200, real avg travel time:172.15405777166438
Test step:115/200, travel time :172.2, rewards:-10.313054741753472, queue:0.37178819444444444, delay:0.024800305896335178, throughput:1455
step:3600/3600, q_loss:0.3372126817703247, rewards:-10.572776963975695, queue:0.38298611111111114, delay:0.02484898567199707, throughput:1454
episode:116/200, real avg travel time:172.6031636863824
Test step:116/200, travel time :172.2888583218707, rewards:-10.38861083984375, queue:0.3743923611111111, delay:0.025223975711398654, throughput:1454
step:3600/3600, q_loss:0.3330777585506439, rewards:-9.966665988498264, queue:0.35954861111111114, delay:0.0235088931189643, throughput:1450
episode:117/200, real avg travel time:170.97241379310344
Test step:117/200, travel time :171.7958762886598, rewards:-10.182777235243055, queue:0.3676215277777778, delay:0.02470839818318685, throughput:1455
step:3600/3600, q_loss:0.29632264375686646, rewards:-10.528609212239584, queue:0.3782986111111111, delay:0.024747191535101996, throughput:1454
episode:118/200, real avg travel time:172.2331499312242
Test step:118/200, travel time :172.159231297186, rewards:-10.432499864366319, queue:0.37265625, delay:0.024344089296129016, throughput:1457
step:3600/3600, q_loss:0.26257747411727905, rewards:-10.221666124131945, queue:0.3689236111111111, delay:0.024295849270290798, throughput:1454
episode:119/200, real avg travel time:171.97799174690508
Test step:119/200, travel time :170.9828060522696, rewards:-9.808611382378473, queue:0.3551215277777778, delay:0.024221653408474392, throughput:1454
step:3600/3600, q_loss:0.26749736070632935, rewards:-9.94083251953125, queue:0.36015625, delay:0.02388596534729004, throughput:1455
episode:120/200, real avg travel time:170.84604810996564
Test step:120/200, travel time :171.8273727647868, rewards:-10.278887939453124, queue:0.37100694444444443, delay:0.024435239368014866, throughput:1454
step:3600/3600, q_loss:0.3308901786804199, rewards:-9.98999972873264, queue:0.3599826388888889, delay:0.023928724394904243, throughput:1456
episode:121/200, real avg travel time:171.4896978021978
Test step:121/200, travel time :170.6900826446281, rewards:-9.563612196180555, queue:0.3473090277777778, delay:0.023792311880323623, throughput:1452
step:3600/3600, q_loss:0.3175487816333771, rewards:-10.318888346354166, queue:0.37039930555555556, delay:0.024446813265482585, throughput:1454
episode:122/200, real avg travel time:172.02751031636865
Test step:122/200, travel time :171.7205781142464, rewards:-10.144722493489583, queue:0.36614583333333334, delay:0.024004700448777942, throughput:1453
step:3600/3600, q_loss:0.3440400958061218, rewards:-9.488611518012153, queue:0.34322916666666664, delay:0.023296562830607097, throughput:1456
episode:123/200, real avg travel time:170.16002747252747
Test step:123/200, travel time :171.0164835164835, rewards:-9.810000271267361, queue:0.35494791666666664, delay:0.0237467262479994, throughput:1456
step:3600/3600, q_loss:0.3583824038505554, rewards:-10.073609754774306, queue:0.3659722222222222, delay:0.02448827690548367, throughput:1456
episode:124/200, real avg travel time:171.6771978021978
Test step:124/200, travel time :172.71881461061338, rewards:-10.877221001519096, queue:0.38871527777777776, delay:0.025115574730767143, throughput:1451
step:3600/3600, q_loss:0.3289062976837158, rewards:-10.322222222222223, queue:0.37335069444444446, delay:0.024382140901353624, throughput:1452
episode:125/200, real avg travel time:172.05371900826447
Test step:125/200, travel time :171.42268041237114, rewards:-10.159444173177084, queue:0.3637152777777778, delay:0.023807599809434678, throughput:1455
step:3600/3600, q_loss:0.31522321701049805, rewards:-10.541944037543402, queue:0.37821180555555556, delay:0.02450326813591851, throughput:1456
episode:126/200, real avg travel time:172.38942307692307
Test step:126/200, travel time :171.76304945054946, rewards:-10.280554877387154, queue:0.37100694444444443, delay:0.02465203603108724, throughput:1456
step:3600/3600, q_loss:0.2712170481681824, rewards:-10.268888346354167, queue:0.37109375, delay:0.024120929506089954, throughput:1456
episode:127/200, real avg travel time:171.8495879120879
Test step:127/200, travel time :170.8742268041237, rewards:-9.809166124131945, queue:0.35442708333333334, delay:0.023417801327175563, throughput:1455
step:3600/3600, q_loss:0.2504016160964966, rewards:-10.274998643663194, queue:0.3689236111111111, delay:0.02423018879360623, throughput:1454
episode:128/200, real avg travel time:171.73727647867952
Test step:128/200, travel time :170.78006872852234, rewards:-9.763054741753471, queue:0.3532986111111111, delay:0.0236809942457411, throughput:1455
step:3600/3600, q_loss:0.2604638934135437, rewards:-10.524998643663194, queue:0.37873263888888886, delay:0.024924294153849284, throughput:1453
episode:129/200, real avg travel time:172.7577426015141
Test step:129/200, travel time :171.15305422100207, rewards:-9.9397216796875, queue:0.3584201388888889, delay:0.02380175060696072, throughput:1457
step:3600/3600, q_loss:0.3043724596500397, rewards:-9.558610026041666, queue:0.34782986111111114, delay:0.02327881654103597, throughput:1456
episode:130/200, real avg travel time:170.20054945054946
Test step:130/200, travel time :171.1704467353952, rewards:-9.894722493489583, queue:0.35694444444444445, delay:0.023982757992214627, throughput:1455
step:3600/3600, q_loss:0.2614343464374542, rewards:-9.835555013020834, queue:0.3550347222222222, delay:0.023491213056776258, throughput:1452
episode:131/200, real avg travel time:170.76308539944904
Test step:131/200, travel time :171.53914835164835, rewards:-10.169444444444444, queue:0.3654513888888889, delay:0.02438024679819743, throughput:1456
step:3600/3600, q_loss:0.2431560456752777, rewards:-10.00194363064236, queue:0.3590277777777778, delay:0.024285454220241972, throughput:1453
episode:132/200, real avg travel time:171.25808671713696
Test step:132/200, travel time :171.55226960110042, rewards:-9.995554606119791, queue:0.3572916666666667, delay:0.024289592107137045, throughput:1454
step:3600/3600, q_loss:0.2820974886417389, rewards:-9.840555148654515, queue:0.3580729166666667, delay:0.02375378343794081, throughput:1454
episode:133/200, real avg travel time:170.65749656121045
Test step:133/200, travel time :171.4055172413793, rewards:-10.189999728732639, queue:0.36727430555555557, delay:0.024443274074130588, throughput:1450
step:3600/3600, q_loss:0.245102196931839, rewards:-10.51361083984375, queue:0.37552083333333336, delay:0.024450087547302247, throughput:1456
episode:134/200, real avg travel time:172.125
Test step:134/200, travel time :171.31086657496562, rewards:-9.90333251953125, queue:0.3572916666666667, delay:0.024313089582655163, throughput:1454
step:3600/3600, q_loss:0.24931500852108002, rewards:-10.316943359375, queue:0.3719618055555556, delay:0.023970365524291992, throughput:1453
episode:135/200, real avg travel time:171.42119752236752
Test step:135/200, travel time :171.99312714776633, rewards:-10.456665717230903, queue:0.3756076388888889, delay:0.024245966805352105, throughput:1455
step:3600/3600, q_loss:0.2598295509815216, rewards:-10.31277804904514, queue:0.37274305555555554, delay:0.024997695287068685, throughput:1455
episode:136/200, real avg travel time:172.39518900343643
Test step:136/200, travel time :171.21993127147766, rewards:-10.030277506510417, queue:0.3626736111111111, delay:0.024076996909247503, throughput:1455
step:3600/3600, q_loss:0.27568477392196655, rewards:-10.8022216796875, queue:0.3879340277777778, delay:0.025403690338134766, throughput:1456
episode:137/200, real avg travel time:172.94436813186815
Test step:137/200, travel time :172.02061855670104, rewards:-10.601388210720486, queue:0.3814236111111111, delay:0.024473826090494793, throughput:1455
step:3600/3600, q_loss:0.2555989623069763, rewards:-10.486110432942708, queue:0.3770833333333333, delay:0.02450723648071289, throughput:1457
episode:138/200, real avg travel time:171.79752916952643
Test step:138/200, travel time :171.14501718213057, rewards:-9.941944037543403, queue:0.36171875, delay:0.024170197380913628, throughput:1455
step:3600/3600, q_loss:0.2946088910102844, rewards:-10.529722086588542, queue:0.37569444444444444, delay:0.02430422306060791, throughput:1455
episode:139/200, real avg travel time:171.9037800687285
Test step:139/200, travel time :171.90103092783505, rewards:-10.21138916015625, queue:0.37039930555555556, delay:0.02500092718336317, throughput:1455
step:3600/3600, q_loss:0.3247484564781189, rewards:-10.203888617621528, queue:0.36710069444444443, delay:0.024157251252068412, throughput:1456
episode:140/200, real avg travel time:171.20535714285714
Test step:140/200, travel time :171.42061855670104, rewards:-10.031943088107639, queue:0.3614583333333333, delay:0.024279477861192493, throughput:1455
step:3600/3600, q_loss:0.2770330309867859, rewards:-10.788333468967014, queue:0.38914930555555555, delay:0.025395070181952584, throughput:1455
episode:141/200, real avg travel time:172.84398625429554
Test step:141/200, travel time :170.61813186813185, rewards:-9.6397216796875, queue:0.3489583333333333, delay:0.023889708518981933, throughput:1456
step:3600/3600, q_loss:0.2819976210594177, rewards:-10.246944173177083, queue:0.36875, delay:0.024494279755486383, throughput:1454
episode:142/200, real avg travel time:171.7503438789546
Test step:142/200, travel time :172.47799174690508, rewards:-10.657221815321181, queue:0.38255208333333335, delay:0.02494229475657145, throughput:1454
step:3600/3600, q_loss:0.2743207812309265, rewards:-10.513054741753471, queue:0.37664930555555554, delay:0.02536948257022434, throughput:1456
episode:143/200, real avg travel time:172.61744505494505
Test step:143/200, travel time :171.84546703296704, rewards:-10.40194363064236, queue:0.3728298611111111, delay:0.02422874238755968, throughput:1456
step:3600/3600, q_loss:0.2930866479873657, rewards:-10.568055555555556, queue:0.37942708333333336, delay:0.024873701731363933, throughput:1456
episode:144/200, real avg travel time:172.13804945054946
Test step:144/200, travel time :171.11760660247592, rewards:-9.889722357855902, queue:0.35928819444444443, delay:0.02391120062934028, throughput:1454
step:3600/3600, q_loss:0.28113478422164917, rewards:-10.794443766276041, queue:0.38697916666666665, delay:0.024973148769802517, throughput:1453
episode:145/200, real avg travel time:172.8616655196146
Test step:145/200, travel time :172.23727647867952, rewards:-10.49305419921875, queue:0.37552083333333336, delay:0.02459188567267524, throughput:1454
step:3600/3600, q_loss:0.2575162649154663, rewards:-10.335833062065973, queue:0.37161458333333336, delay:0.024604826503329808, throughput:1455
episode:146/200, real avg travel time:172.21786941580757
Test step:146/200, travel time :171.58476321207962, rewards:-10.2897216796875, queue:0.3684027777777778, delay:0.023983444107903373, throughput:1457
step:3600/3600, q_loss:0.278412401676178, rewards:-10.735277642144098, queue:0.38559027777777777, delay:0.025066004859076604, throughput:1453
episode:147/200, real avg travel time:172.7611837577426
Test step:147/200, travel time :170.57800687285223, rewards:-9.789166937934027, queue:0.3521701388888889, delay:0.02397559218936496, throughput:1455
step:3600/3600, q_loss:0.2967708706855774, rewards:-10.536944580078124, queue:0.3776041666666667, delay:0.025011730194091798, throughput:1456
episode:148/200, real avg travel time:172.38667582417582
Test step:148/200, travel time :171.3455172413793, rewards:-10.026388888888889, queue:0.3640625, delay:0.024673488405015733, throughput:1450
step:3600/3600, q_loss:0.265083909034729, rewards:-10.636110432942708, queue:0.3815104166666667, delay:0.025027153227064343, throughput:1456
episode:149/200, real avg travel time:172.53571428571428
Test step:149/200, travel time :171.6613902271163, rewards:-9.979721408420138, queue:0.359375, delay:0.024342759450276693, throughput:1453
step:3600/3600, q_loss:0.3184106647968292, rewards:-10.427777777777777, queue:0.3743923611111111, delay:0.023982228173149957, throughput:1457
episode:150/200, real avg travel time:171.90803019903913
Test step:150/200, travel time :172.26460481099656, rewards:-10.354722764756945, queue:0.3728298611111111, delay:0.024701558219061958, throughput:1455
step:3600/3600, q_loss:0.3178686499595642, rewards:-10.159166802300348, queue:0.3646701388888889, delay:0.02416826883951823, throughput:1452
episode:151/200, real avg travel time:171.44903581267218
Test step:151/200, travel time :172.75257731958763, rewards:-10.825555419921875, queue:0.3855034722222222, delay:0.02458904849158393, throughput:1455
step:3600/3600, q_loss:0.31884080171585083, rewards:-10.114443630642361, queue:0.3629340277777778, delay:0.024266444312201606, throughput:1454
episode:152/200, real avg travel time:171.64786795048144
Test step:152/200, travel time :172.42315644383183, rewards:-10.59888916015625, queue:0.37881944444444443, delay:0.02500608762105306, throughput:1451
step:3600/3600, q_loss:0.2954680919647217, rewards:-10.980832248263889, queue:0.39444444444444443, delay:0.02495881716410319, throughput:1456
episode:153/200, real avg travel time:172.87087912087912
Test step:153/200, travel time :172.64718019257222, rewards:-10.606666395399305, queue:0.3810763888888889, delay:0.02539384365081787, throughput:1454
step:3600/3600, q_loss:0.3066386878490448, rewards:-10.369443766276042, queue:0.3754340277777778, delay:0.02481535275777181, throughput:1453
episode:154/200, real avg travel time:172.2931865106676
Test step:154/200, travel time :171.8556701030928, rewards:-10.256665717230902, queue:0.36883680555555554, delay:0.024418793784247505, throughput:1455
step:3600/3600, q_loss:0.3296705186367035, rewards:-9.794166395399305, queue:0.3551215277777778, delay:0.024529324637518987, throughput:1454
episode:155/200, real avg travel time:171.34662998624484
Test step:155/200, travel time :171.88247422680413, rewards:-10.349721272786459, queue:0.37178819444444444, delay:0.024286238352457683, throughput:1455
step:3600/3600, q_loss:0.2917523980140686, rewards:-10.77611083984375, queue:0.3841145833333333, delay:0.02505016326904297, throughput:1454
episode:156/200, real avg travel time:172.59559834938102
Test step:156/200, travel time :172.0412938747419, rewards:-10.667777506510417, queue:0.37960069444444444, delay:0.02417597240871853, throughput:1453
step:3600/3600, q_loss:0.26819929480552673, rewards:-10.760555013020833, queue:0.3845486111111111, delay:0.02484651141696506, throughput:1451
episode:157/200, real avg travel time:172.5210199862164
Test step:157/200, travel time :174.44085281980742, rewards:-11.793332248263889, queue:0.4197048611111111, delay:0.025815820693969725, throughput:1454
step:3600/3600, q_loss:0.294167697429657, rewards:-10.342499457465278, queue:0.37491319444444443, delay:0.024861733118693035, throughput:1451
episode:158/200, real avg travel time:171.70227429359062
Test step:158/200, travel time :172.0837912087912, rewards:-10.426943630642361, queue:0.3741319444444444, delay:0.02464092572530111, throughput:1456
step:3600/3600, q_loss:0.29704466462135315, rewards:-10.34083251953125, queue:0.3717013888888889, delay:0.02453863885667589, throughput:1454
episode:159/200, real avg travel time:171.89133425034387
Test step:159/200, travel time :172.84858912594632, rewards:-10.528610568576388, queue:0.37786458333333334, delay:0.025419717364841037, throughput:1453
step:3600/3600, q_loss:0.2886901795864105, rewards:-10.245555284288194, queue:0.36831597222222223, delay:0.02421606911553277, throughput:1451
episode:160/200, real avg travel time:171.43349414197107
Test step:160/200, travel time :172.9415003441156, rewards:-10.784722222222221, queue:0.3858506944444444, delay:0.02513634893629286, throughput:1453
step:3600/3600, q_loss:0.28766798973083496, rewards:-10.927777099609376, queue:0.3897569444444444, delay:0.0251721011267768, throughput:1453
episode:161/200, real avg travel time:172.63661390227116
Test step:161/200, travel time :172.20343642611684, rewards:-10.3147216796875, queue:0.3697048611111111, delay:0.02472460534837511, throughput:1455
step:3600/3600, q_loss:0.27571380138397217, rewards:-10.49166531032986, queue:0.3776041666666667, delay:0.024949042002360027, throughput:1455
episode:162/200, real avg travel time:172.75257731958763
Test step:162/200, travel time :172.9037800687285, rewards:-10.783054606119792, queue:0.3880208333333333, delay:0.025548450152079263, throughput:1455
step:3600/3600, q_loss:0.3158755898475647, rewards:-10.778333197699652, queue:0.3862847222222222, delay:0.02485475010342068, throughput:1453
episode:163/200, real avg travel time:172.56090846524432
Test step:163/200, travel time :172.66346153846155, rewards:-10.706944444444444, queue:0.38446180555555554, delay:0.025373866822984485, throughput:1456
step:3600/3600, q_loss:0.33098897337913513, rewards:-10.874443901909721, queue:0.3892361111111111, delay:0.02542248037126329, throughput:1455
episode:164/200, real avg travel time:173.3003436426117
Test step:164/200, travel time :172.75790921595598, rewards:-10.932222493489583, queue:0.3915798611111111, delay:0.02484609285990397, throughput:1454
step:3600/3600, q_loss:0.2989918291568756, rewards:-10.530276828342014, queue:0.37743055555555555, delay:0.025544071197509767, throughput:1455
episode:165/200, real avg travel time:172.7553264604811
Test step:165/200, travel time :172.17400275103165, rewards:-10.572776963975695, queue:0.3795138888888889, delay:0.024798923068576388, throughput:1454
step:3600/3600, q_loss:0.2834598422050476, rewards:-11.084999593098958, queue:0.3974826388888889, delay:0.02562017970614963, throughput:1456
episode:166/200, real avg travel time:173.47733516483515
Test step:166/200, travel time :173.01654031702273, rewards:-11.030276828342014, queue:0.3923611111111111, delay:0.025145302878485785, throughput:1451
step:3600/3600, q_loss:0.2855076193809509, rewards:-10.66805419921875, queue:0.38133680555555555, delay:0.02494100464714898, throughput:1452
episode:167/200, real avg travel time:172.56542699724517
Test step:167/200, travel time :172.4370268410186, rewards:-10.637221950954862, queue:0.3806423611111111, delay:0.024874422285291884, throughput:1453
step:3600/3600, q_loss:0.29023218154907227, rewards:-10.840277777777779, queue:0.3888888888888889, delay:0.02518008550008138, throughput:1457
episode:168/200, real avg travel time:173.0308853809197
Test step:168/200, travel time :172.19725085910653, rewards:-10.275277370876736, queue:0.36649305555555556, delay:0.024792959955003527, throughput:1455
step:3600/3600, q_loss:0.2893233299255371, rewards:-10.894999186197916, queue:0.38871527777777776, delay:0.025562980439927843, throughput:1454
episode:169/200, real avg travel time:173.5467675378267
Test step:169/200, travel time :171.65495867768595, rewards:-9.954443359375, queue:0.36050347222222223, delay:0.024171627892388237, throughput:1452
step:3600/3600, q_loss:0.288661390542984, rewards:-11.02361111111111, queue:0.39262152777777776, delay:0.025823095109727648, throughput:1455
episode:170/200, real avg travel time:173.33676975945016
Test step:170/200, travel time :171.18844566712517, rewards:-9.78722195095486, queue:0.3527777777777778, delay:0.02352834807501899, throughput:1454
step:3600/3600, q_loss:0.2737917900085449, rewards:-10.681110297309028, queue:0.38333333333333336, delay:0.02509701516893175, throughput:1452
episode:171/200, real avg travel time:172.40289256198346
Test step:171/200, travel time :171.24913971094287, rewards:-10.17583279079861, queue:0.36727430555555557, delay:0.024072726567586262, throughput:1453
step:3600/3600, q_loss:0.29514724016189575, rewards:-10.955555555555556, queue:0.39253472222222224, delay:0.025831725862291124, throughput:1453
episode:172/200, real avg travel time:173.22505161734344
Test step:172/200, travel time :172.70199587061254, rewards:-10.809998914930556, queue:0.3880208333333333, delay:0.025243110126919217, throughput:1453
step:3600/3600, q_loss:0.33636870980262756, rewards:-10.460276963975694, queue:0.3753472222222222, delay:0.02393927574157715, throughput:1455
episode:173/200, real avg travel time:171.79518900343643
Test step:173/200, travel time :171.2077028885832, rewards:-10.082500542534722, queue:0.3623263888888889, delay:0.02402478324042426, throughput:1454
step:3600/3600, q_loss:0.3058015704154968, rewards:-10.51722140842014, queue:0.3822048611111111, delay:0.02562258243560791, throughput:1454
episode:174/200, real avg travel time:172.47042640990372
Test step:174/200, travel time :171.4951856946355, rewards:-10.147499593098958, queue:0.36571180555555555, delay:0.024277536074320476, throughput:1454
step:3600/3600, q_loss:0.2758242189884186, rewards:-10.97888929578993, queue:0.390625, delay:0.02492652999030219, throughput:1454
episode:175/200, real avg travel time:173.21939477303988
Test step:175/200, travel time :171.8378006872852, rewards:-10.445554606119792, queue:0.3763888888888889, delay:0.024442338943481447, throughput:1455
step:3600/3600, q_loss:0.2902388274669647, rewards:-10.051943630642361, queue:0.36102430555555554, delay:0.02396094004313151, throughput:1453
episode:176/200, real avg travel time:171.08052305574674
Test step:176/200, travel time :171.90790378006872, rewards:-10.502777777777778, queue:0.37734375, delay:0.024805352422926162, throughput:1455
step:3600/3600, q_loss:0.30317071080207825, rewards:-10.577220323350694, queue:0.3795138888888889, delay:0.02449679904513889, throughput:1453
episode:177/200, real avg travel time:172.4411562284928
Test step:177/200, travel time :172.24913971094287, rewards:-10.587221950954861, queue:0.38133680555555555, delay:0.025141149097018773, throughput:1453
step:3600/3600, q_loss:0.2943405210971832, rewards:-10.820554606119792, queue:0.3885416666666667, delay:0.025447260008917914, throughput:1453
episode:178/200, real avg travel time:172.7563661390227
Test step:178/200, travel time :172.78060522696012, rewards:-10.758610026041667, queue:0.3849826388888889, delay:0.025104822052849664, throughput:1454
step:3600/3600, q_loss:0.28505176305770874, rewards:-10.667221408420138, queue:0.38359375, delay:0.025094148847791882, throughput:1452
episode:179/200, real avg travel time:172.31955922865015
Test step:179/200, travel time :172.0639614855571, rewards:-10.41361083984375, queue:0.3763888888888889, delay:0.024942305352952745, throughput:1454
step:3600/3600, q_loss:0.2897976040840149, rewards:-10.758611382378472, queue:0.3853298611111111, delay:0.02489911185370551, throughput:1455
episode:180/200, real avg travel time:172.8192439862543
Test step:180/200, travel time :171.7106529209622, rewards:-10.136109754774306, queue:0.3646701388888889, delay:0.02442856894599067, throughput:1455
step:3600/3600, q_loss:0.2891983985900879, rewards:-10.100832790798611, queue:0.36493055555555554, delay:0.024912982516818578, throughput:1452
episode:181/200, real avg travel time:171.91046831955921
Test step:181/200, travel time :173.28591065292096, rewards:-11.011109076605903, queue:0.3936631944444444, delay:0.025131363338894316, throughput:1455
step:3600/3600, q_loss:0.29866620898246765, rewards:-10.592777506510417, queue:0.38046875, delay:0.02409494717915853, throughput:1454
episode:182/200, real avg travel time:172.20495185694637
Test step:182/200, travel time :171.8052305574673, rewards:-10.260555013020833, queue:0.3697048611111111, delay:0.02416199313269721, throughput:1453
step:3600/3600, q_loss:0.2994498014450073, rewards:-10.353333875868056, queue:0.3737847222222222, delay:0.025136407216389975, throughput:1453
episode:183/200, real avg travel time:172.10116999311768
Test step:183/200, travel time :173.45905024088094, rewards:-11.313888888888888, queue:0.4044270833333333, delay:0.0254739867316352, throughput:1453
step:3600/3600, q_loss:0.2737968862056732, rewards:-10.509720865885416, queue:0.3770833333333333, delay:0.024850795004102918, throughput:1456
episode:184/200, real avg travel time:172.26304945054946
Test step:184/200, travel time :171.32233676975946, rewards:-10.125555419921875, queue:0.3645833333333333, delay:0.024253439903259278, throughput:1455
step:3600/3600, q_loss:0.29921314120292664, rewards:-10.383610026041667, queue:0.375, delay:0.024992121590508357, throughput:1455
episode:185/200, real avg travel time:172.3512027491409
Test step:185/200, travel time :172.3363136176066, rewards:-10.498333062065972, queue:0.37569444444444444, delay:0.024427318572998048, throughput:1454
step:3600/3600, q_loss:0.2678215801715851, rewards:-10.243055555555555, queue:0.36866319444444445, delay:0.024116791619194878, throughput:1455
episode:186/200, real avg travel time:171.39793814432988
Test step:186/200, travel time :171.11340206185568, rewards:-10.12694363064236, queue:0.3646701388888889, delay:0.023995690875583224, throughput:1455
step:3600/3600, q_loss:0.2975354790687561, rewards:-10.513887532552083, queue:0.3776041666666667, delay:0.02471339702606201, throughput:1452
episode:187/200, real avg travel time:172.41735537190084
Test step:187/200, travel time :172.22611683848797, rewards:-10.24222140842014, queue:0.36866319444444445, delay:0.02459398110707601, throughput:1455
step:3600/3600, q_loss:0.29119443893432617, rewards:-10.446389431423611, queue:0.37482638888888886, delay:0.02414714495340983, throughput:1454
episode:188/200, real avg travel time:171.90715268225586
Test step:188/200, travel time :171.769442532691, rewards:-10.31444363064236, queue:0.37092013888888886, delay:0.024572409523857964, throughput:1453
step:3600/3600, q_loss:0.2830630838871002, rewards:-10.435000271267361, queue:0.37387152777777777, delay:0.024326372146606445, throughput:1453
episode:189/200, real avg travel time:171.68341362697868
Test step:189/200, travel time :173.55845942228336, rewards:-11.304165988498264, queue:0.40303819444444444, delay:0.025152606434292263, throughput:1454
step:3600/3600, q_loss:0.25939422845840454, rewards:-10.0772216796875, queue:0.36258680555555556, delay:0.023949127727084688, throughput:1455
episode:190/200, real avg travel time:171.11271477663232
Test step:190/200, travel time :171.67651098901098, rewards:-10.523609754774306, queue:0.37734375, delay:0.024104240205552845, throughput:1456
step:3600/3600, q_loss:0.30268847942352295, rewards:-11.061665852864584, queue:0.39427083333333335, delay:0.02506484455532498, throughput:1454
episode:191/200, real avg travel time:173.1643741403026
Test step:191/200, travel time :171.0872852233677, rewards:-9.947499593098959, queue:0.35746527777777776, delay:0.023547267913818358, throughput:1455
step:3600/3600, q_loss:0.2987512946128845, rewards:-10.244443766276042, queue:0.36996527777777777, delay:0.024351843198140464, throughput:1455
episode:192/200, real avg travel time:172.17388316151204
Test step:192/200, travel time :173.7410468319559, rewards:-11.276944308810764, queue:0.40399305555555554, delay:0.026165037684970433, throughput:1452
step:3600/3600, q_loss:0.3037928342819214, rewards:-10.67833251953125, queue:0.38090277777777776, delay:0.02417863210042318, throughput:1457
episode:193/200, real avg travel time:172.45847632120797
Test step:193/200, travel time :173.54401650618982, rewards:-10.878054470486111, queue:0.38836805555555554, delay:0.0251616636912028, throughput:1454
step:3600/3600, q_loss:0.2876308560371399, rewards:-10.916944037543402, queue:0.38949652777777777, delay:0.025155636999342177, throughput:1456
episode:194/200, real avg travel time:172.96771978021977
Test step:194/200, travel time :172.68707015130673, rewards:-10.668888346354167, queue:0.38307291666666665, delay:0.02441114319695367, throughput:1454
step:3600/3600, q_loss:0.3041643500328064, rewards:-10.506387668185765, queue:0.3797743055555556, delay:0.024378456009758843, throughput:1456
episode:195/200, real avg travel time:172.53502747252747
Test step:195/200, travel time :172.55082417582418, rewards:-10.73555433485243, queue:0.38480902777777776, delay:0.02437340948316786, throughput:1456
step:3600/3600, q_loss:0.3448241055011749, rewards:-9.944444444444445, queue:0.35833333333333334, delay:0.0237937503390842, throughput:1455
episode:196/200, real avg travel time:171.16013745704467
Test step:196/200, travel time :173.26323024054983, rewards:-11.044443766276041, queue:0.39505208333333336, delay:0.02468037870195177, throughput:1455
step:3600/3600, q_loss:0.30786678194999695, rewards:-10.666387261284722, queue:0.384375, delay:0.024985122680664062, throughput:1455
episode:197/200, real avg travel time:172.51752577319587
Test step:197/200, travel time :172.3189003436426, rewards:-10.70472140842014, queue:0.3849826388888889, delay:0.024651863839891222, throughput:1455
step:3600/3600, q_loss:0.27933254837989807, rewards:-10.859999593098959, queue:0.3880208333333333, delay:0.02534654670291477, throughput:1456
episode:198/200, real avg travel time:172.76236263736263
Test step:198/200, travel time :172.06533700137553, rewards:-10.335555013020834, queue:0.37222222222222223, delay:0.024081850051879884, throughput:1454
step:3600/3600, q_loss:0.2658514976501465, rewards:-10.156665717230903, queue:0.36701388888888886, delay:0.024468178219265408, throughput:1454
episode:199/200, real avg travel time:171.67812929848694
Test step:199/200, travel time :172.5553264604811, rewards:-10.656666395399306, queue:0.38333333333333336, delay:0.024667925304836698, throughput:1455
Final Travel Time is 172.5553, mean rewards: -10.6567, queue: 0.3833, delay: 0.0247, throughput: 1455
Saved 1473 vehicle trip records to data/output_data/tsc/sumo_colight/sumo4x4/m0_homo/logger/new_metrics.csv (ATT=172.56s, completion=98.8%)
Best-checkpoint Travel Time is 170.0048 (episode 53, source=test)
Saved 1473 vehicle trip records to data/output_data/tsc/sumo_colight/sumo4x4/m0_homo/logger/new_metrics_best.csv (ATT=170.00s, completion=98.6%)
Total time taken: 5573.70047211647
