colight	TRAIN	0	255.0	0.0	-47.34	1.54	0.06	1431
colight	TEST	0	788.9	100.0	-416.88	13.06	0.17	621
colight	TRAIN	1	252.1	0.0	-46.25	1.52	0.06	1428
colight	TEST	1	788.9	100.0	-416.88	13.06	0.17	621
colight	TRAIN	2	251.5	0.5	-45.57	1.49	0.06	1433
colight	TEST	2	680.0	100.0	-422.93	13.25	0.17	546
colight	TRAIN	3	235.3	1.3	-38.83	1.28	0.06	1434
colight	TEST	3	533.9	100.0	-266.59	8.37	0.15	986
colight	TRAIN	4	220.9	1.2	-31.97	1.07	0.06	1438
colight	TEST	4	482.1	100.0	-231.10	7.26	0.14	1047
colight	TRAIN	5	204.9	1.7	-25.32	0.86	0.05	1444
colight	TEST	5	215.3	100.0	-39.89	1.30	0.05	1388
colight	TRAIN	6	190.4	1.1	-18.72	0.65	0.04	1453
colight	TEST	6	178.2	100.0	-12.92	0.45	0.03	1454
colight	TRAIN	7	184.4	0.7	-15.94	0.56	0.04	1451
colight	TEST	7	175.1	100.0	-11.39	0.41	0.03	1452
colight	TRAIN	8	179.5	0.6	-13.98	0.50	0.03	1451
colight	TEST	8	174.5	100.0	-11.34	0.41	0.03	1452
colight	TRAIN	9	178.9	0.4	-13.55	0.48	0.03	1454
colight	TEST	9	172.2	100.0	-10.61	0.38	0.03	1454
colight	TRAIN	10	175.5	0.4	-11.95	0.43	0.03	1453
colight	TEST	10	173.1	100.0	-10.54	0.38	0.03	1455
colight	TRAIN	11	173.8	0.4	-11.15	0.40	0.03	1455
colight	TEST	11	171.1	100.0	-9.80	0.36	0.03	1454
colight	TRAIN	12	174.2	0.4	-11.30	0.41	0.03	1452
colight	TEST	12	170.7	100.0	-9.67	0.35	0.03	1454
colight	TRAIN	13	172.5	0.4	-10.54	0.38	0.03	1453
colight	TEST	13	170.6	100.0	-9.60	0.35	0.03	1454
colight	TRAIN	14	172.0	0.3	-10.37	0.37	0.03	1453
colight	TEST	14	171.3	100.0	-10.07	0.36	0.03	1455
colight	TRAIN	15	173.4	0.3	-10.99	0.39	0.03	1454
colight	TEST	15	170.5	100.0	-9.51	0.35	0.03	1455
colight	TRAIN	16	172.8	0.4	-10.68	0.39	0.03	1451
colight	TEST	16	171.3	100.0	-10.30	0.37	0.03	1454
colight	TRAIN	17	172.0	0.4	-10.35	0.37	0.03	1454
colight	TEST	17	171.4	100.0	-9.92	0.36	0.03	1455
colight	TRAIN	18	172.3	0.4	-10.38	0.38	0.03	1454
colight	TEST	18	171.2	100.0	-9.69	0.35	0.03	1454
colight	TRAIN	19	172.7	0.3	-10.63	0.38	0.03	1455
colight	TEST	19	170.2	100.0	-9.51	0.34	0.02	1455
colight	TRAIN	20	171.5	0.4	-10.07	0.36	0.03	1456
colight	TEST	20	174.6	100.0	-11.38	0.40	0.03	1453
colight	TRAIN	21	172.0	0.4	-10.25	0.37	0.03	1452
colight	TEST	21	171.9	100.0	-10.43	0.37	0.03	1456
colight	TRAIN	22	171.1	0.3	-9.78	0.35	0.03	1453
colight	TEST	22	171.3	100.0	-9.92	0.36	0.03	1453
colight	TRAIN	23	171.3	0.4	-10.04	0.36	0.03	1454
colight	TEST	23	171.5	100.0	-9.99	0.36	0.03	1453
colight	TRAIN	24	170.6	0.4	-9.64	0.35	0.02	1456
colight	TEST	24	171.7	100.0	-10.19	0.36	0.03	1454
colight	TRAIN	25	172.2	0.4	-10.32	0.37	0.03	1455
colight	TEST	25	171.1	100.0	-9.89	0.36	0.02	1454
colight	TRAIN	26	171.6	0.4	-9.89	0.36	0.03	1454
colight	TEST	26	171.3	100.0	-9.91	0.36	0.03	1453
colight	TRAIN	27	170.4	0.4	-9.47	0.34	0.02	1453
colight	TEST	27	170.7	100.0	-9.57	0.35	0.02	1454
colight	TRAIN	28	170.7	0.4	-9.84	0.36	0.02	1453
colight	TEST	28	171.3	100.0	-10.12	0.36	0.03	1455
colight	TRAIN	29	170.4	0.4	-9.47	0.34	0.02	1454
colight	TEST	29	170.7	100.0	-9.57	0.35	0.03	1456
colight	TRAIN	30	171.1	0.4	-9.84	0.36	0.03	1451
colight	TEST	30	170.7	100.0	-9.51	0.34	0.03	1454
colight	TRAIN	31	171.2	0.4	-9.94	0.36	0.02	1455
colight	TEST	31	171.0	100.0	-9.73	0.35	0.02	1455
colight	TRAIN	32	170.8	0.4	-9.82	0.36	0.02	1455
colight	TEST	32	171.3	100.0	-9.94	0.36	0.02	1456
colight	TRAIN	33	171.0	0.4	-9.85	0.35	0.02	1451
colight	TEST	33	172.0	100.0	-10.42	0.37	0.02	1456
colight	TRAIN	34	171.9	0.3	-10.22	0.37	0.03	1455
colight	TEST	34	171.1	100.0	-9.90	0.36	0.02	1456
colight	TRAIN	35	170.9	0.4	-9.70	0.35	0.02	1454
colight	TEST	35	170.9	100.0	-9.57	0.35	0.02	1454
colight	TRAIN	36	171.8	0.5	-10.07	0.36	0.03	1455
colight	TEST	36	170.9	100.0	-9.67	0.35	0.02	1453
colight	TRAIN	37	171.2	0.4	-10.08	0.36	0.02	1454
colight	TEST	37	170.4	100.0	-9.62	0.35	0.02	1456
colight	TRAIN	38	171.3	0.4	-9.90	0.36	0.03	1454
colight	TEST	38	171.0	100.0	-9.73	0.35	0.02	1455
colight	TRAIN	39	171.1	0.3	-9.87	0.36	0.03	1456
colight	TEST	39	170.6	100.0	-9.58	0.34	0.02	1456
colight	TRAIN	40	171.2	0.3	-9.87	0.36	0.02	1453
colight	TEST	40	171.5	100.0	-10.07	0.36	0.02	1453
colight	TRAIN	41	171.1	0.3	-9.95	0.36	0.02	1453
colight	TEST	41	170.1	100.0	-9.50	0.34	0.02	1454
colight	TRAIN	42	170.5	0.4	-9.63	0.35	0.02	1453
colight	TEST	42	172.1	100.0	-10.09	0.36	0.03	1454
colight	TRAIN	43	170.2	0.3	-9.69	0.35	0.02	1453
colight	TEST	43	170.8	100.0	-9.61	0.35	0.02	1454
colight	TRAIN	44	171.8	0.4	-10.22	0.37	0.02	1454
colight	TEST	44	169.9	100.0	-9.26	0.34	0.02	1455
colight	TRAIN	45	170.4	0.3	-9.58	0.35	0.02	1454
colight	TEST	45	170.5	100.0	-9.47	0.34	0.02	1454
colight	TRAIN	46	171.3	0.4	-9.85	0.36	0.02	1454
colight	TEST	46	169.7	100.0	-9.09	0.33	0.02	1455
colight	TRAIN	47	171.4	0.4	-10.00	0.36	0.02	1453
colight	TEST	47	170.1	100.0	-9.49	0.34	0.02	1456
colight	TRAIN	48	170.3	0.3	-9.38	0.34	0.02	1452
colight	TEST	48	172.0	100.0	-9.88	0.36	0.03	1456
colight	TRAIN	49	172.9	0.4	-10.53	0.38	0.03	1455
colight	TEST	49	170.9	100.0	-9.65	0.35	0.02	1456
colight	TRAIN	50	171.5	0.3	-10.14	0.37	0.02	1455
colight	TEST	50	170.7	100.0	-9.74	0.35	0.02	1455
colight	TRAIN	51	171.0	0.4	-9.64	0.35	0.02	1453
colight	TEST	51	169.7	100.0	-9.37	0.34	0.02	1456
colight	TRAIN	52	171.0	0.4	-9.83	0.36	0.02	1456
colight	TEST	52	171.6	100.0	-9.87	0.36	0.02	1453
colight	TRAIN	53	170.6	0.4	-9.62	0.35	0.02	1456
colight	TEST	53	169.6	100.0	-9.18	0.33	0.02	1454
colight	TRAIN	54	171.0	0.4	-9.69	0.35	0.02	1456
colight	TEST	54	170.5	100.0	-9.40	0.34	0.02	1458
colight	TRAIN	55	171.0	0.4	-9.77	0.35	0.02	1454
colight	TEST	55	170.6	100.0	-9.69	0.35	0.02	1455
colight	TRAIN	56	170.9	0.3	-9.62	0.35	0.02	1455
colight	TEST	56	170.9	100.0	-9.74	0.35	0.02	1454
colight	TRAIN	57	171.1	0.4	-10.03	0.36	0.02	1454
colight	TEST	57	171.0	100.0	-9.86	0.36	0.02	1453
colight	TRAIN	58	170.5	0.3	-9.51	0.34	0.02	1454
colight	TEST	58	170.4	100.0	-9.71	0.35	0.02	1453
colight	TRAIN	59	170.9	0.4	-9.88	0.36	0.02	1456
colight	TEST	59	170.9	100.0	-9.49	0.34	0.02	1454
colight	TRAIN	60	170.2	0.4	-9.30	0.34	0.02	1455
colight	TEST	60	169.7	100.0	-9.31	0.34	0.02	1454
colight	TRAIN	61	170.4	0.3	-9.66	0.35	0.02	1454
colight	TEST	61	170.0	100.0	-9.29	0.34	0.02	1455
colight	TRAIN	62	170.6	0.3	-9.54	0.35	0.02	1454
colight	TEST	62	171.0	100.0	-9.91	0.36	0.02	1455
colight	TRAIN	63	171.0	0.3	-9.81	0.36	0.02	1453
colight	TEST	63	171.3	100.0	-9.95	0.36	0.02	1452
colight	TRAIN	64	170.3	0.4	-9.53	0.34	0.02	1452
colight	TEST	64	171.0	100.0	-9.73	0.35	0.02	1455
colight	TRAIN	65	170.8	0.3	-9.76	0.35	0.02	1453
colight	TEST	65	170.0	100.0	-9.35	0.34	0.02	1452
colight	TRAIN	66	171.6	0.3	-10.00	0.36	0.02	1454
colight	TEST	66	170.2	100.0	-9.50	0.34	0.02	1453
colight	TRAIN	67	170.3	0.4	-9.55	0.35	0.02	1454
colight	TEST	67	170.4	100.0	-9.59	0.35	0.02	1454
colight	TRAIN	68	170.7	0.3	-9.67	0.35	0.02	1454
colight	TEST	68	170.4	100.0	-9.48	0.34	0.02	1454
colight	TRAIN	69	171.3	0.3	-10.11	0.37	0.02	1455
colight	TEST	69	170.9	100.0	-9.83	0.36	0.02	1453
colight	TRAIN	70	171.5	0.3	-10.13	0.37	0.02	1454
colight	TEST	70	171.2	100.0	-9.84	0.36	0.02	1455
colight	TRAIN	71	170.9	0.3	-9.85	0.36	0.02	1456
colight	TEST	71	170.4	100.0	-9.39	0.34	0.02	1455
colight	TRAIN	72	171.2	0.3	-10.04	0.36	0.02	1453
colight	TEST	72	170.0	100.0	-9.12	0.33	0.02	1456
colight	TRAIN	73	172.8	0.3	-10.61	0.38	0.03	1451
colight	TEST	73	170.5	100.0	-9.68	0.35	0.02	1454
colight	TRAIN	74	171.1	0.3	-9.88	0.36	0.02	1454
colight	TEST	74	172.3	100.0	-10.51	0.38	0.02	1454
colight	TRAIN	75	170.8	0.3	-9.72	0.35	0.02	1453
colight	TEST	75	171.1	100.0	-9.80	0.36	0.02	1454
colight	TRAIN	76	170.6	0.3	-9.37	0.34	0.02	1456
colight	TEST	76	171.6	100.0	-10.35	0.37	0.02	1454
colight	TRAIN	77	170.4	0.3	-9.64	0.35	0.02	1455
colight	TEST	77	171.6	100.0	-10.12	0.36	0.02	1456
colight	TRAIN	78	170.0	0.4	-9.39	0.34	0.02	1458
colight	TEST	78	172.1	100.0	-10.21	0.37	0.02	1453
colight	TRAIN	79	172.2	0.4	-10.42	0.38	0.02	1454
colight	TEST	79	171.7	100.0	-10.26	0.37	0.02	1455
colight	TRAIN	80	171.0	0.3	-9.76	0.35	0.02	1454
colight	TEST	80	170.8	100.0	-9.78	0.35	0.02	1456
colight	TRAIN	81	170.7	0.3	-9.58	0.35	0.02	1456
colight	TEST	81	170.4	100.0	-9.56	0.35	0.02	1455
colight	TRAIN	82	171.2	0.4	-9.93	0.36	0.02	1456
colight	TEST	82	170.5	100.0	-9.45	0.34	0.02	1454
colight	TRAIN	83	170.6	0.3	-9.65	0.35	0.02	1455
colight	TEST	83	171.2	100.0	-10.10	0.36	0.02	1455
colight	TRAIN	84	172.0	0.3	-10.52	0.38	0.03	1452
colight	TEST	84	172.0	100.0	-10.16	0.37	0.02	1454
colight	TRAIN	85	171.6	0.3	-10.21	0.37	0.02	1454
colight	TEST	85	170.8	100.0	-9.74	0.35	0.02	1455
colight	TRAIN	86	170.9	0.4	-9.70	0.35	0.02	1455
colight	TEST	86	170.7	100.0	-9.77	0.36	0.02	1454
colight	TRAIN	87	171.0	0.3	-9.90	0.36	0.02	1455
colight	TEST	87	170.9	100.0	-9.96	0.36	0.02	1456
colight	TRAIN	88	170.8	0.3	-9.75	0.35	0.02	1455
colight	TEST	88	171.4	100.0	-9.95	0.36	0.02	1455
colight	TRAIN	89	171.2	0.3	-10.00	0.36	0.02	1456
colight	TEST	89	170.5	100.0	-9.77	0.35	0.02	1455
colight	TRAIN	90	171.6	0.3	-10.12	0.37	0.02	1456
colight	TEST	90	170.8	100.0	-10.08	0.36	0.02	1456
colight	TRAIN	91	171.9	0.3	-10.24	0.37	0.02	1456
colight	TEST	91	170.2	100.0	-9.43	0.34	0.02	1455
colight	TRAIN	92	171.8	0.3	-10.11	0.37	0.02	1454
colight	TEST	92	170.7	100.0	-9.68	0.35	0.02	1454
colight	TRAIN	93	171.3	0.3	-9.84	0.35	0.02	1455
colight	TEST	93	170.6	100.0	-9.62	0.35	0.02	1455
colight	TRAIN	94	170.9	0.3	-9.70	0.35	0.02	1455
colight	TEST	94	170.2	100.0	-9.35	0.34	0.02	1455
colight	TRAIN	95	170.7	0.3	-9.71	0.35	0.02	1455
colight	TEST	95	171.5	100.0	-9.89	0.36	0.02	1456
colight	TRAIN	96	170.9	0.3	-9.77	0.35	0.02	1456
colight	TEST	96	171.2	100.0	-10.05	0.36	0.02	1455
colight	TRAIN	97	170.7	0.3	-9.69	0.35	0.02	1454
colight	TEST	97	171.0	100.0	-9.94	0.36	0.02	1454
colight	TRAIN	98	171.0	0.3	-9.95	0.36	0.02	1452
colight	TEST	98	170.7	100.0	-9.49	0.34	0.02	1455
colight	TRAIN	99	172.7	0.3	-10.71	0.38	0.02	1455
colight	TEST	99	169.8	100.0	-9.42	0.34	0.02	1455
colight	TRAIN	100	172.0	0.3	-10.37	0.37	0.02	1455
colight	TEST	100	171.5	100.0	-10.03	0.36	0.02	1457
colight	TRAIN	101	171.9	0.3	-10.18	0.37	0.02	1455
colight	TEST	101	171.5	100.0	-10.19	0.37	0.02	1455
colight	TRAIN	102	171.2	0.3	-9.83	0.36	0.02	1455
colight	TEST	102	171.1	100.0	-9.81	0.35	0.02	1454
colight	TRAIN	103	172.3	0.3	-10.40	0.37	0.02	1455
colight	TEST	103	171.4	100.0	-10.08	0.36	0.02	1454
colight	TRAIN	104	170.7	0.4	-9.68	0.35	0.02	1457
colight	TEST	104	171.3	100.0	-10.03	0.36	0.02	1453
colight	TRAIN	105	172.1	0.3	-10.54	0.38	0.02	1454
colight	TEST	105	171.9	100.0	-10.14	0.37	0.02	1456
colight	TRAIN	106	171.6	0.3	-10.05	0.36	0.02	1454
colight	TEST	106	171.3	100.0	-9.97	0.36	0.02	1457
colight	TRAIN	107	172.1	0.3	-10.56	0.38	0.02	1456
colight	TEST	107	169.7	100.0	-9.47	0.34	0.02	1456
colight	TRAIN	108	171.4	0.3	-10.22	0.36	0.02	1452
colight	TEST	108	171.4	100.0	-9.97	0.36	0.02	1455
colight	TRAIN	109	172.2	0.3	-10.38	0.37	0.02	1455
colight	TEST	109	171.0	100.0	-10.01	0.36	0.02	1456
colight	TRAIN	110	171.3	0.3	-10.13	0.37	0.02	1454
colight	TEST	110	172.0	100.0	-10.47	0.38	0.02	1455
colight	TRAIN	111	172.4	0.3	-10.53	0.38	0.02	1455
colight	TEST	111	170.8	100.0	-9.50	0.34	0.02	1453
colight	TRAIN	112	172.1	0.4	-10.42	0.38	0.02	1453
colight	TEST	112	171.8	100.0	-10.35	0.37	0.02	1455
colight	TRAIN	113	171.9	0.3	-10.29	0.37	0.02	1454
colight	TEST	113	170.3	100.0	-9.44	0.34	0.02	1456
colight	TRAIN	114	171.4	0.3	-10.12	0.36	0.02	1455
colight	TEST	114	171.1	100.0	-9.96	0.36	0.02	1454
colight	TRAIN	115	172.2	0.3	-10.30	0.37	0.02	1454
colight	TEST	115	172.2	100.0	-10.31	0.37	0.02	1455
colight	TRAIN	116	172.6	0.3	-10.57	0.38	0.02	1454
colight	TEST	116	172.3	100.0	-10.39	0.37	0.03	1454
colight	TRAIN	117	171.0	0.3	-9.97	0.36	0.02	1450
colight	TEST	117	171.8	100.0	-10.18	0.37	0.02	1455
colight	TRAIN	118	172.2	0.3	-10.53	0.38	0.02	1454
colight	TEST	118	172.2	100.0	-10.43	0.37	0.02	1457
colight	TRAIN	119	172.0	0.3	-10.22	0.37	0.02	1454
colight	TEST	119	171.0	100.0	-9.81	0.36	0.02	1454
colight	TRAIN	120	170.8	0.3	-9.94	0.36	0.02	1455
colight	TEST	120	171.8	100.0	-10.28	0.37	0.02	1454
colight	TRAIN	121	171.5	0.3	-9.99	0.36	0.02	1456
colight	TEST	121	170.7	100.0	-9.56	0.35	0.02	1452
colight	TRAIN	122	172.0	0.3	-10.32	0.37	0.02	1454
colight	TEST	122	171.7	100.0	-10.14	0.37	0.02	1453
colight	TRAIN	123	170.2	0.3	-9.49	0.34	0.02	1456
colight	TEST	123	171.0	100.0	-9.81	0.35	0.02	1456
colight	TRAIN	124	171.7	0.4	-10.07	0.37	0.02	1456
colight	TEST	124	172.7	100.0	-10.88	0.39	0.03	1451
colight	TRAIN	125	172.1	0.3	-10.32	0.37	0.02	1452
colight	TEST	125	171.4	100.0	-10.16	0.36	0.02	1455
colight	TRAIN	126	172.4	0.3	-10.54	0.38	0.02	1456
colight	TEST	126	171.8	100.0	-10.28	0.37	0.02	1456
colight	TRAIN	127	171.8	0.3	-10.27	0.37	0.02	1456
colight	TEST	127	170.9	100.0	-9.81	0.35	0.02	1455
colight	TRAIN	128	171.7	0.3	-10.27	0.37	0.02	1454
colight	TEST	128	170.8	100.0	-9.76	0.35	0.02	1455
colight	TRAIN	129	172.8	0.3	-10.52	0.38	0.02	1453
colight	TEST	129	171.2	100.0	-9.94	0.36	0.02	1457
colight	TRAIN	130	170.2	0.3	-9.56	0.35	0.02	1456
colight	TEST	130	171.2	100.0	-9.89	0.36	0.02	1455
colight	TRAIN	131	170.8	0.3	-9.84	0.36	0.02	1452
colight	TEST	131	171.5	100.0	-10.17	0.37	0.02	1456
colight	TRAIN	132	171.3	0.2	-10.00	0.36	0.02	1453
colight	TEST	132	171.6	100.0	-10.00	0.36	0.02	1454
colight	TRAIN	133	170.7	0.3	-9.84	0.36	0.02	1454
colight	TEST	133	171.4	100.0	-10.19	0.37	0.02	1450
colight	TRAIN	134	172.1	0.2	-10.51	0.38	0.02	1456
colight	TEST	134	171.3	100.0	-9.90	0.36	0.02	1454
colight	TRAIN	135	171.4	0.2	-10.32	0.37	0.02	1453
colight	TEST	135	172.0	100.0	-10.46	0.38	0.02	1455
colight	TRAIN	136	172.4	0.3	-10.31	0.37	0.02	1455
colight	TEST	136	171.2	100.0	-10.03	0.36	0.02	1455
colight	TRAIN	137	172.9	0.3	-10.80	0.39	0.03	1456
colight	TEST	137	172.0	100.0	-10.60	0.38	0.02	1455
colight	TRAIN	138	171.8	0.3	-10.49	0.38	0.02	1457
colight	TEST	138	171.1	100.0	-9.94	0.36	0.02	1455
colight	TRAIN	139	171.9	0.3	-10.53	0.38	0.02	1455
colight	TEST	139	171.9	100.0	-10.21	0.37	0.03	1455
colight	TRAIN	140	171.2	0.3	-10.20	0.37	0.02	1456
colight	TEST	140	171.4	100.0	-10.03	0.36	0.02	1455
colight	TRAIN	141	172.8	0.3	-10.79	0.39	0.03	1455
colight	TEST	141	170.6	100.0	-9.64	0.35	0.02	1456
colight	TRAIN	142	171.8	0.3	-10.25	0.37	0.02	1454
colight	TEST	142	172.5	100.0	-10.66	0.38	0.02	1454
colight	TRAIN	143	172.6	0.3	-10.51	0.38	0.03	1456
colight	TEST	143	171.8	100.0	-10.40	0.37	0.02	1456
colight	TRAIN	144	172.1	0.3	-10.57	0.38	0.02	1456
colight	TEST	144	171.1	100.0	-9.89	0.36	0.02	1454
colight	TRAIN	145	172.9	0.3	-10.79	0.39	0.02	1453
colight	TEST	145	172.2	100.0	-10.49	0.38	0.02	1454
colight	TRAIN	146	172.2	0.3	-10.34	0.37	0.02	1455
colight	TEST	146	171.6	100.0	-10.29	0.37	0.02	1457
colight	TRAIN	147	172.8	0.3	-10.74	0.39	0.03	1453
colight	TEST	147	170.6	100.0	-9.79	0.35	0.02	1455
colight	TRAIN	148	172.4	0.3	-10.54	0.38	0.03	1456
colight	TEST	148	171.3	100.0	-10.03	0.36	0.02	1450
colight	TRAIN	149	172.5	0.3	-10.64	0.38	0.03	1456
colight	TEST	149	171.7	100.0	-9.98	0.36	0.02	1453
colight	TRAIN	150	171.9	0.3	-10.43	0.37	0.02	1457
colight	TEST	150	172.3	100.0	-10.35	0.37	0.02	1455
colight	TRAIN	151	171.4	0.3	-10.16	0.36	0.02	1452
colight	TEST	151	172.8	100.0	-10.83	0.39	0.02	1455
colight	TRAIN	152	171.6	0.3	-10.11	0.36	0.02	1454
colight	TEST	152	172.4	100.0	-10.60	0.38	0.03	1451
colight	TRAIN	153	172.9	0.3	-10.98	0.39	0.02	1456
colight	TEST	153	172.6	100.0	-10.61	0.38	0.03	1454
colight	TRAIN	154	172.3	0.3	-10.37	0.38	0.02	1453
colight	TEST	154	171.9	100.0	-10.26	0.37	0.02	1455
colight	TRAIN	155	171.3	0.3	-9.79	0.36	0.02	1454
colight	TEST	155	171.9	100.0	-10.35	0.37	0.02	1455
colight	TRAIN	156	172.6	0.3	-10.78	0.38	0.03	1454
colight	TEST	156	172.0	100.0	-10.67	0.38	0.02	1453
colight	TRAIN	157	172.5	0.3	-10.76	0.38	0.02	1451
colight	TEST	157	174.4	100.0	-11.79	0.42	0.03	1454
colight	TRAIN	158	171.7	0.3	-10.34	0.37	0.02	1451
colight	TEST	158	172.1	100.0	-10.43	0.37	0.02	1456
colight	TRAIN	159	171.9	0.3	-10.34	0.37	0.02	1454
colight	TEST	159	172.8	100.0	-10.53	0.38	0.03	1453
colight	TRAIN	160	171.4	0.3	-10.25	0.37	0.02	1451
colight	TEST	160	172.9	100.0	-10.78	0.39	0.03	1453
colight	TRAIN	161	172.6	0.3	-10.93	0.39	0.03	1453
colight	TEST	161	172.2	100.0	-10.31	0.37	0.02	1455
colight	TRAIN	162	172.8	0.3	-10.49	0.38	0.02	1455
colight	TEST	162	172.9	100.0	-10.78	0.39	0.03	1455
colight	TRAIN	163	172.6	0.3	-10.78	0.39	0.02	1453
colight	TEST	163	172.7	100.0	-10.71	0.38	0.03	1456
colight	TRAIN	164	173.3	0.3	-10.87	0.39	0.03	1455
colight	TEST	164	172.8	100.0	-10.93	0.39	0.02	1454
colight	TRAIN	165	172.8	0.3	-10.53	0.38	0.03	1455
colight	TEST	165	172.2	100.0	-10.57	0.38	0.02	1454
colight	TRAIN	166	173.5	0.3	-11.08	0.40	0.03	1456
colight	TEST	166	173.0	100.0	-11.03	0.39	0.03	1451
colight	TRAIN	167	172.6	0.3	-10.67	0.38	0.02	1452
colight	TEST	167	172.4	100.0	-10.64	0.38	0.02	1453
colight	TRAIN	168	173.0	0.3	-10.84	0.39	0.03	1457
colight	TEST	168	172.2	100.0	-10.28	0.37	0.02	1455
colight	TRAIN	169	173.5	0.3	-10.89	0.39	0.03	1454
colight	TEST	169	171.7	100.0	-9.95	0.36	0.02	1452
colight	TRAIN	170	173.3	0.3	-11.02	0.39	0.03	1455
colight	TEST	170	171.2	100.0	-9.79	0.35	0.02	1454
colight	TRAIN	171	172.4	0.3	-10.68	0.38	0.03	1452
colight	TEST	171	171.2	100.0	-10.18	0.37	0.02	1453
colight	TRAIN	172	173.2	0.3	-10.96	0.39	0.03	1453
colight	TEST	172	172.7	100.0	-10.81	0.39	0.03	1453
colight	TRAIN	173	171.8	0.3	-10.46	0.38	0.02	1455
colight	TEST	173	171.2	100.0	-10.08	0.36	0.02	1454
colight	TRAIN	174	172.5	0.3	-10.52	0.38	0.03	1454
colight	TEST	174	171.5	100.0	-10.15	0.37	0.02	1454
colight	TRAIN	175	173.2	0.3	-10.98	0.39	0.02	1454
colight	TEST	175	171.8	100.0	-10.45	0.38	0.02	1455
colight	TRAIN	176	171.1	0.3	-10.05	0.36	0.02	1453
colight	TEST	176	171.9	100.0	-10.50	0.38	0.02	1455
colight	TRAIN	177	172.4	0.3	-10.58	0.38	0.02	1453
colight	TEST	177	172.2	100.0	-10.59	0.38	0.03	1453
colight	TRAIN	178	172.8	0.3	-10.82	0.39	0.03	1453
colight	TEST	178	172.8	100.0	-10.76	0.38	0.03	1454
colight	TRAIN	179	172.3	0.3	-10.67	0.38	0.03	1452
colight	TEST	179	172.1	100.0	-10.41	0.38	0.02	1454
colight	TRAIN	180	172.8	0.3	-10.76	0.39	0.02	1455
colight	TEST	180	171.7	100.0	-10.14	0.36	0.02	1455
colight	TRAIN	181	171.9	0.3	-10.10	0.36	0.02	1452
colight	TEST	181	173.3	100.0	-11.01	0.39	0.03	1455
colight	TRAIN	182	172.2	0.3	-10.59	0.38	0.02	1454
colight	TEST	182	171.8	100.0	-10.26	0.37	0.02	1453
colight	TRAIN	183	172.1	0.3	-10.35	0.37	0.03	1453
colight	TEST	183	173.5	100.0	-11.31	0.40	0.03	1453
colight	TRAIN	184	172.3	0.3	-10.51	0.38	0.02	1456
colight	TEST	184	171.3	100.0	-10.13	0.36	0.02	1455
colight	TRAIN	185	172.4	0.3	-10.38	0.38	0.02	1455
colight	TEST	185	172.3	100.0	-10.50	0.38	0.02	1454
colight	TRAIN	186	171.4	0.3	-10.24	0.37	0.02	1455
colight	TEST	186	171.1	100.0	-10.13	0.36	0.02	1455
colight	TRAIN	187	172.4	0.3	-10.51	0.38	0.02	1452
colight	TEST	187	172.2	100.0	-10.24	0.37	0.02	1455
colight	TRAIN	188	171.9	0.3	-10.45	0.37	0.02	1454
colight	TEST	188	171.8	100.0	-10.31	0.37	0.02	1453
colight	TRAIN	189	171.7	0.3	-10.44	0.37	0.02	1453
colight	TEST	189	173.6	100.0	-11.30	0.40	0.03	1454
colight	TRAIN	190	171.1	0.3	-10.08	0.36	0.02	1455
colight	TEST	190	171.7	100.0	-10.52	0.38	0.02	1456
colight	TRAIN	191	173.2	0.3	-11.06	0.39	0.03	1454
colight	TEST	191	171.1	100.0	-9.95	0.36	0.02	1455
colight	TRAIN	192	172.2	0.3	-10.24	0.37	0.02	1455
colight	TEST	192	173.7	100.0	-11.28	0.40	0.03	1452
colight	TRAIN	193	172.5	0.3	-10.68	0.38	0.02	1457
colight	TEST	193	173.5	100.0	-10.88	0.39	0.03	1454
colight	TRAIN	194	173.0	0.3	-10.92	0.39	0.03	1456
colight	TEST	194	172.7	100.0	-10.67	0.38	0.02	1454
colight	TRAIN	195	172.5	0.3	-10.51	0.38	0.02	1456
colight	TEST	195	172.6	100.0	-10.74	0.38	0.02	1456
colight	TRAIN	196	171.2	0.3	-9.94	0.36	0.02	1455
colight	TEST	196	173.3	100.0	-11.04	0.40	0.02	1455
colight	TRAIN	197	172.5	0.3	-10.67	0.38	0.02	1455
colight	TEST	197	172.3	100.0	-10.70	0.38	0.02	1455
colight	TRAIN	198	172.8	0.3	-10.86	0.39	0.03	1456
colight	TEST	198	172.1	100.0	-10.34	0.37	0.02	1454
colight	TRAIN	199	171.7	0.3	-10.16	0.37	0.02	1454
colight	TEST	199	172.6	100.0	-10.66	0.38	0.02	1455
