colight	TRAIN	0	130.9	0.0	-63.01	11.80	0.44	2796
colight	TEST	0	837.9	100.0	-466.78	71.54	0.96	450
colight	TRAIN	1	107.6	0.0	-47.67	8.72	0.41	2793
colight	TEST	1	837.9	100.0	-466.78	71.54	0.96	450
colight	TRAIN	2	141.2	160.6	-59.81	11.16	0.46	2773
colight	TEST	2	837.9	100.0	-466.78	71.54	0.96	450
colight	TRAIN	3	195.3	223.6	-128.60	21.89	0.58	2646
colight	TEST	3	268.0	100.0	-237.81	45.29	0.61	1483
colight	TRAIN	4	139.5	246.5	-53.74	10.18	0.44	2728
colight	TEST	4	268.0	100.0	-237.81	45.29	0.61	1483
colight	TRAIN	5	225.4	231.7	-101.10	19.19	0.50	2514
colight	TEST	5	268.0	100.0	-237.81	45.29	0.61	1483
colight	TRAIN	6	198.5	257.6	-101.90	20.02	0.49	2481
colight	TEST	6	268.0	100.0	-237.81	45.29	0.61	1483
colight	TRAIN	7	172.7	298.2	-98.52	17.87	0.50	2707
colight	TEST	7	268.0	100.0	-237.81	45.29	0.61	1483
colight	TRAIN	8	239.7	307.8	-86.62	16.97	0.47	2414
colight	TEST	8	268.0	100.0	-237.81	45.29	0.61	1483
colight	TRAIN	9	199.8	314.6	-78.58	15.52	0.48	2563
colight	TEST	9	268.0	100.0	-237.81	45.29	0.61	1483
colight	TRAIN	10	154.2	316.6	-118.06	19.98	0.48	2500
colight	TEST	10	268.0	100.0	-237.81	45.29	0.61	1483
colight	TRAIN	11	341.9	350.2	-154.55	28.57	0.53	2421
colight	TEST	11	165.6	100.0	-261.12	32.45	0.45	1445
colight	TRAIN	12	254.1	395.5	-146.00	25.16	0.49	2745
colight	TEST	12	165.6	100.0	-261.12	32.45	0.45	1445
colight	TRAIN	13	250.7	440.4	-160.13	27.04	0.53	2598
colight	TEST	13	268.0	100.0	-237.81	45.29	0.61	1483
colight	TRAIN	14	302.9	479.9	-153.38	29.08	0.55	2611
colight	TEST	14	165.6	100.0	-261.12	32.45	0.45	1445
colight	TRAIN	15	159.8	501.9	-103.06	17.29	0.47	2661
colight	TEST	15	268.0	100.0	-237.81	45.29	0.61	1483
colight	TRAIN	16	262.9	516.8	-127.54	24.19	0.50	2452
colight	TEST	16	268.0	100.0	-237.81	45.29	0.61	1483
colight	TRAIN	17	262.3	522.2	-130.62	24.35	0.52	2602
colight	TEST	17	165.6	100.0	-261.12	32.45	0.45	1445
colight	TRAIN	18	214.7	543.9	-164.80	26.88	0.51	2485
colight	TEST	18	268.0	100.0	-237.81	45.29	0.61	1483
colight	TRAIN	19	223.2	606.5	-124.84	22.69	0.49	2489
colight	TEST	19	165.6	100.0	-261.12	32.45	0.45	1445
colight	TRAIN	20	180.2	636.0	-160.62	27.27	0.52	2395
colight	TEST	20	268.0	100.0	-237.81	45.29	0.61	1483
colight	TRAIN	21	205.4	665.0	-129.15	21.79	0.49	2596
colight	TEST	21	165.6	100.0	-261.12	32.45	0.45	1445
colight	TRAIN	22	240.5	699.8	-221.52	34.66	0.53	2154
colight	TEST	22	268.0	100.0	-237.81	45.29	0.61	1483
colight	TRAIN	23	244.8	759.9	-163.41	27.20	0.51	2376
colight	TEST	23	165.6	100.0	-261.12	32.45	0.45	1445
colight	TRAIN	24	236.2	823.2	-208.77	31.70	0.52	2346
colight	TEST	24	268.0	100.0	-237.81	45.29	0.61	1483
colight	TRAIN	25	296.7	865.0	-157.09	29.51	0.55	2238
colight	TEST	25	165.6	100.0	-261.12	32.45	0.45	1445
colight	TRAIN	26	402.7	869.0	-200.19	37.49	0.54	2269
colight	TEST	26	268.0	100.0	-237.81	45.29	0.61	1483
colight	TRAIN	27	200.8	872.1	-112.39	18.65	0.48	2560
colight	TEST	27	165.6	100.0	-261.12	32.45	0.45	1445
colight	TRAIN	28	353.2	878.0	-211.30	33.84	0.55	2314
colight	TEST	28	837.9	100.0	-466.78	71.54	0.96	450
colight	TRAIN	29	306.9	943.1	-184.51	31.00	0.61	2546
colight	TEST	29	165.6	100.0	-261.12	32.45	0.45	1445
colight	TRAIN	30	301.5	990.4	-210.93	32.58	0.53	2453
colight	TEST	30	165.6	100.0	-261.12	32.45	0.45	1445
colight	TRAIN	31	200.7	1024.4	-170.74	27.81	0.52	2323
colight	TEST	31	268.0	100.0	-237.81	45.29	0.61	1483
colight	TRAIN	32	500.1	1034.6	-221.54	42.64	0.61	1916
colight	TEST	32	165.6	100.0	-261.12	32.45	0.45	1445
colight	TRAIN	33	209.4	1092.8	-203.09	31.43	0.51	2199
colight	TEST	33	268.0	100.0	-237.81	45.29	0.61	1483
colight	TRAIN	34	338.9	1102.1	-163.70	29.39	0.55	2540
colight	TEST	34	165.6	100.0	-261.12	32.45	0.45	1445
colight	TRAIN	35	280.0	1129.1	-168.92	27.31	0.50	2656
colight	TEST	35	268.0	100.0	-237.81	45.29	0.61	1483
colight	TRAIN	36	164.3	1114.5	-165.46	25.97	0.50	2476
colight	TEST	36	268.0	100.0	-237.81	45.29	0.61	1483
colight	TRAIN	37	436.5	1106.0	-186.67	35.34	0.56	2286
colight	TEST	37	165.6	100.0	-261.12	32.45	0.45	1445
colight	TRAIN	38	246.1	1098.0	-184.60	24.47	0.47	2586
colight	TEST	38	268.0	100.0	-237.81	45.29	0.61	1483
colight	TRAIN	39	195.1	1122.3	-90.15	15.97	0.46	2750
colight	TEST	39	268.0	100.0	-237.81	45.29	0.61	1483
colight	TRAIN	40	333.2	1087.2	-195.89	36.70	0.58	1981
colight	TEST	40	268.0	100.0	-237.81	45.29	0.61	1483
colight	TRAIN	41	371.5	1079.4	-227.25	43.66	0.59	1593
colight	TEST	41	268.0	100.0	-237.81	45.29	0.61	1483
colight	TRAIN	42	253.9	1106.8	-184.66	32.09	0.55	2373
colight	TEST	42	268.0	100.0	-237.81	45.29	0.61	1483
colight	TRAIN	43	301.3	1085.3	-168.57	30.00	0.52	2614
colight	TEST	43	165.6	100.0	-261.12	32.45	0.45	1445
colight	TRAIN	44	269.9	1099.9	-216.83	31.30	0.51	2342
colight	TEST	44	268.0	100.0	-237.81	45.29	0.61	1483
colight	TRAIN	45	421.6	1105.9	-202.85	36.01	0.57	2208
colight	TEST	45	165.6	100.0	-261.12	32.45	0.45	1445
colight	TRAIN	46	223.9	1149.9	-232.96	39.91	0.56	1951
colight	TEST	46	268.0	100.0	-237.81	45.29	0.61	1483
colight	TRAIN	47	202.2	1137.0	-148.53	24.03	0.50	2529
colight	TEST	47	268.0	100.0	-237.81	45.29	0.61	1483
colight	TRAIN	48	480.3	1123.3	-204.42	38.61	0.57	2010
colight	TEST	48	165.6	100.0	-261.12	32.45	0.45	1445
colight	TRAIN	49	244.8	1152.3	-225.53	31.47	0.50	2334
colight	TEST	49	268.0	100.0	-237.81	45.29	0.61	1483
colight	TRAIN	50	294.9	1179.9	-233.51	44.77	0.61	1504
colight	TEST	50	268.0	100.0	-237.81	45.29	0.61	1483
colight	TRAIN	51	204.6	1218.8	-175.10	28.40	0.52	2212
colight	TEST	51	268.0	100.0	-237.81	45.29	0.61	1483
colight	TRAIN	52	516.1	1172.8	-210.79	39.89	0.59	1992
colight	TEST	52	165.6	100.0	-261.12	32.45	0.45	1445
colight	TRAIN	53	241.7	1196.7	-226.30	36.85	0.54	2067
colight	TEST	53	268.0	100.0	-237.81	45.29	0.61	1483
colight	TRAIN	54	216.6	1271.7	-181.23	30.56	0.53	2320
colight	TEST	54	268.0	100.0	-237.81	45.29	0.61	1483
colight	TRAIN	55	270.5	1279.4	-230.88	44.42	0.59	1509
colight	TEST	55	268.0	100.0	-237.81	45.29	0.61	1483
colight	TRAIN	56	260.9	1263.6	-210.58	40.23	0.59	1581
colight	TEST	56	268.0	100.0	-237.81	45.29	0.61	1483
colight	TRAIN	57	253.6	1259.6	-232.15	44.41	0.59	1516
colight	TEST	57	268.0	100.0	-237.81	45.29	0.61	1483
colight	TRAIN	58	468.8	1231.5	-201.08	37.97	0.57	2060
colight	TEST	58	165.6	100.0	-261.12	32.45	0.45	1445
colight	TRAIN	59	261.9	1240.6	-234.42	33.31	0.51	2225
colight	TEST	59	268.0	100.0	-237.81	45.29	0.61	1483
colight	TRAIN	60	273.3	1243.8	-241.02	45.24	0.62	1484
colight	TEST	60	268.0	100.0	-237.81	45.29	0.61	1483
colight	TRAIN	61	272.9	1260.1	-237.65	44.82	0.62	1476
colight	TEST	61	268.0	100.0	-237.81	45.29	0.61	1483
colight	TRAIN	62	269.7	1263.7	-210.95	39.76	0.59	1540
colight	TEST	62	268.0	100.0	-237.81	45.29	0.61	1483
colight	TRAIN	63	303.8	1217.5	-224.85	43.00	0.60	1528
colight	TEST	63	268.0	100.0	-237.81	45.29	0.61	1483
colight	TRAIN	64	193.4	1211.0	-110.00	19.08	0.49	2702
colight	TEST	64	165.6	100.0	-261.12	32.45	0.45	1445
colight	TRAIN	65	163.1	1139.3	-217.80	28.43	0.47	1793
colight	TEST	65	165.6	100.0	-261.12	32.45	0.45	1445
colight	TRAIN	66	228.8	1246.7	-202.92	32.98	0.53	2246
colight	TEST	66	268.0	100.0	-237.81	45.29	0.61	1483
colight	TRAIN	67	252.9	1225.2	-202.11	36.84	0.59	1998
colight	TEST	67	268.0	100.0	-237.81	45.29	0.61	1483
colight	TRAIN	68	416.4	1215.2	-223.85	42.99	0.58	1727
colight	TEST	68	268.0	100.0	-237.81	45.29	0.61	1483
colight	TRAIN	69	242.4	1245.4	-214.99	35.04	0.53	2163
colight	TEST	69	268.0	100.0	-237.81	45.29	0.61	1483
colight	TRAIN	70	283.9	1257.0	-202.14	37.93	0.56	1978
colight	TEST	70	268.0	100.0	-237.81	45.29	0.61	1483
colight	TRAIN	71	272.6	1256.3	-235.19	44.89	0.61	1483
colight	TEST	71	268.0	100.0	-237.81	45.29	0.61	1483
colight	TRAIN	72	258.9	1253.6	-217.70	41.89	0.59	1660
colight	TEST	72	268.0	100.0	-237.81	45.29	0.61	1483
colight	TRAIN	73	325.3	1216.4	-179.70	31.41	0.56	2483
colight	TEST	73	165.6	100.0	-261.12	32.45	0.45	1445
colight	TRAIN	74	230.7	1231.5	-199.76	29.52	0.50	2363
colight	TEST	74	268.0	100.0	-237.81	45.29	0.61	1483
colight	TRAIN	75	283.8	1226.3	-236.13	44.88	0.61	1488
colight	TEST	75	268.0	100.0	-237.81	45.29	0.61	1483
colight	TRAIN	76	498.6	1232.5	-206.33	39.03	0.58	2053
colight	TEST	76	165.6	100.0	-261.12	32.45	0.45	1445
colight	TRAIN	77	233.1	1259.8	-169.51	25.67	0.49	2536
colight	TEST	77	268.0	100.0	-237.81	45.29	0.61	1483
colight	TRAIN	78	268.0	1244.7	-237.81	45.29	0.61	1483
colight	TEST	78	268.0	100.0	-237.81	45.29	0.61	1483
colight	TRAIN	79	493.4	1259.2	-215.09	40.05	0.60	2093
colight	TEST	79	165.6	100.0	-261.12	32.45	0.45	1445
colight	TRAIN	80	242.9	1258.8	-212.85	28.48	0.48	2206
colight	TEST	80	165.6	100.0	-261.12	32.45	0.45	1445
colight	TRAIN	81	283.2	1314.3	-231.96	30.37	0.50	2292
colight	TEST	81	268.0	100.0	-237.81	45.29	0.61	1483
colight	TRAIN	82	260.0	1353.2	-235.26	44.81	0.61	1463
colight	TEST	82	268.0	100.0	-237.81	45.29	0.61	1483
colight	TRAIN	83	321.1	1357.8	-137.57	25.86	0.50	2551
colight	TEST	83	268.0	100.0	-237.81	45.29	0.61	1483
colight	TRAIN	84	227.0	1375.1	-159.71	22.41	0.47	2612
colight	TEST	84	268.0	100.0	-237.81	45.29	0.61	1483
colight	TRAIN	85	307.5	1387.0	-210.11	40.07	0.56	1841
colight	TEST	85	268.0	100.0	-237.81	45.29	0.61	1483
colight	TRAIN	86	383.3	1360.5	-209.44	39.98	0.56	1900
colight	TEST	86	268.0	100.0	-237.81	45.29	0.61	1483
colight	TRAIN	87	268.9	1332.0	-232.64	44.69	0.60	1501
colight	TEST	87	268.0	100.0	-237.81	45.29	0.61	1483
colight	TRAIN	88	209.5	1344.7	-154.68	23.70	0.49	2459
colight	TEST	88	165.6	100.0	-261.12	32.45	0.45	1445
colight	TRAIN	89	262.9	1396.4	-231.84	33.71	0.52	2251
colight	TEST	89	268.0	100.0	-237.81	45.29	0.61	1483
colight	TRAIN	90	275.7	1390.5	-228.37	43.99	0.60	1537
colight	TEST	90	268.0	100.0	-237.81	45.29	0.61	1483
colight	TRAIN	91	499.5	1340.0	-215.87	40.74	0.61	1814
colight	TEST	91	165.6	100.0	-261.12	32.45	0.45	1445
colight	TRAIN	92	246.9	1400.7	-227.77	34.03	0.52	2245
colight	TEST	92	268.0	100.0	-237.81	45.29	0.61	1483
colight	TRAIN	93	282.2	1412.4	-236.12	44.67	0.62	1490
colight	TEST	93	268.0	100.0	-237.81	45.29	0.61	1483
colight	TRAIN	94	486.1	1369.5	-210.19	40.27	0.59	2050
colight	TEST	94	268.0	100.0	-237.81	45.29	0.61	1483
colight	TRAIN	95	247.7	1303.7	-210.06	32.29	0.52	2134
colight	TEST	95	165.6	100.0	-261.12	32.45	0.45	1445
colight	TRAIN	96	252.6	1329.4	-235.81	34.39	0.52	2199
colight	TEST	96	268.0	100.0	-237.81	45.29	0.61	1483
colight	TRAIN	97	322.6	1350.7	-212.28	40.43	0.58	1732
colight	TEST	97	268.0	100.0	-237.81	45.29	0.61	1483
colight	TRAIN	98	316.4	1324.9	-234.15	44.46	0.64	1530
colight	TEST	98	268.0	100.0	-237.81	45.29	0.61	1483
colight	TRAIN	99	268.0	1349.2	-237.81	45.29	0.61	1483
colight	TEST	99	268.0	100.0	-237.81	45.29	0.61	1483
colight	TRAIN	100	281.3	1376.0	-239.32	45.34	0.62	1487
colight	TEST	100	268.0	100.0	-237.81	45.29	0.61	1483
colight	TRAIN	101	292.1	1410.2	-237.07	45.16	0.61	1502
colight	TEST	101	268.0	100.0	-237.81	45.29	0.61	1483
colight	TRAIN	102	272.8	1370.1	-233.13	44.73	0.61	1516
colight	TEST	102	268.0	100.0	-237.81	45.29	0.61	1483
colight	TRAIN	103	268.0	1317.8	-237.82	45.29	0.61	1483
colight	TEST	103	268.0	100.0	-237.81	45.29	0.61	1483
colight	TRAIN	104	312.8	1327.7	-232.72	43.64	0.61	1541
colight	TEST	104	268.0	100.0	-237.81	45.29	0.61	1483
colight	TRAIN	105	267.4	1340.2	-234.16	44.60	0.61	1469
colight	TEST	105	268.0	100.0	-237.81	45.29	0.61	1483
colight	TRAIN	106	345.1	1314.6	-232.95	44.56	0.60	1559
colight	TEST	106	268.0	100.0	-237.81	45.29	0.61	1483
colight	TRAIN	107	327.7	1321.5	-237.72	45.30	0.62	1523
colight	TEST	107	268.0	100.0	-237.81	45.29	0.61	1483
colight	TRAIN	108	268.0	1326.4	-237.81	45.29	0.61	1483
colight	TEST	108	268.0	100.0	-237.81	45.29	0.61	1483
colight	TRAIN	109	268.1	1316.0	-231.71	44.20	0.60	1458
colight	TEST	109	268.0	100.0	-237.81	45.29	0.61	1483
colight	TRAIN	110	280.8	1235.9	-233.54	43.96	0.62	1472
colight	TEST	110	268.0	100.0	-237.81	45.29	0.61	1483
colight	TRAIN	111	270.0	1221.8	-197.76	27.27	0.51	2320
colight	TEST	111	268.0	100.0	-237.81	45.29	0.61	1483
colight	TRAIN	112	275.2	1307.7	-234.19	44.80	0.61	1484
colight	TEST	112	268.0	100.0	-237.81	45.29	0.61	1483
colight	TRAIN	113	292.6	1326.7	-242.52	45.57	0.64	1481
colight	TEST	113	268.0	100.0	-237.81	45.29	0.61	1483
colight	TRAIN	114	290.6	1310.3	-239.33	45.16	0.63	1483
colight	TEST	114	268.0	100.0	-237.81	45.29	0.61	1483
colight	TRAIN	115	311.5	1311.2	-230.95	44.50	0.59	1537
colight	TEST	115	268.0	100.0	-237.81	45.29	0.61	1483
colight	TRAIN	116	298.0	1286.0	-230.20	44.33	0.59	1517
colight	TEST	116	268.0	100.0	-237.81	45.29	0.61	1483
colight	TRAIN	117	322.7	1283.8	-238.04	45.28	0.62	1537
colight	TEST	117	268.0	100.0	-237.81	45.29	0.61	1483
colight	TRAIN	118	301.9	1271.8	-220.92	41.25	0.61	1526
colight	TEST	118	268.0	100.0	-237.81	45.29	0.61	1483
colight	TRAIN	119	289.3	1260.7	-234.87	44.93	0.60	1461
colight	TEST	119	268.0	100.0	-237.81	45.29	0.61	1483
colight	TRAIN	120	281.2	1261.0	-234.09	44.33	0.63	1509
colight	TEST	120	268.0	100.0	-237.81	45.29	0.61	1483
colight	TRAIN	121	277.9	1260.9	-232.65	44.36	0.60	1514
colight	TEST	121	268.0	100.0	-237.81	45.29	0.61	1483
colight	TRAIN	122	268.0	1256.8	-237.81	45.29	0.61	1483
colight	TEST	122	268.0	100.0	-237.81	45.29	0.61	1483
colight	TRAIN	123	284.5	1254.9	-240.11	45.29	0.62	1497
colight	TEST	123	268.0	100.0	-237.81	45.29	0.61	1483
colight	TRAIN	124	267.1	1283.2	-231.16	44.45	0.59	1510
colight	TEST	124	268.0	100.0	-237.81	45.29	0.61	1483
colight	TRAIN	125	267.5	1231.0	-234.16	44.78	0.60	1486
colight	TEST	125	268.0	100.0	-237.81	45.29	0.61	1483
colight	TRAIN	126	454.2	1219.5	-233.97	44.22	0.61	1649
colight	TEST	126	165.6	100.0	-261.12	32.45	0.45	1445
colight	TRAIN	127	273.3	1208.3	-212.93	27.04	0.46	2477
colight	TEST	127	268.0	100.0	-237.81	45.29	0.61	1483
colight	TRAIN	128	164.9	1267.6	-188.27	25.61	0.48	2082
colight	TEST	128	165.6	100.0	-261.12	32.45	0.45	1445
colight	TRAIN	129	267.2	1294.2	-232.75	32.54	0.50	2193
colight	TEST	129	268.0	100.0	-237.81	45.29	0.61	1483
colight	TRAIN	130	275.7	1388.2	-239.80	45.05	0.62	1479
colight	TEST	130	268.0	100.0	-237.81	45.29	0.61	1483
colight	TRAIN	131	249.0	1390.4	-232.57	44.52	0.60	1488
colight	TEST	131	268.0	100.0	-237.81	45.29	0.61	1483
colight	TRAIN	132	353.5	1408.9	-165.63	30.85	0.54	2501
colight	TEST	132	165.6	100.0	-261.12	32.45	0.45	1445
colight	TRAIN	133	310.4	1411.0	-238.48	30.09	0.48	2145
colight	TEST	133	165.6	100.0	-261.12	32.45	0.45	1445
colight	TRAIN	134	215.4	1512.1	-200.18	31.12	0.51	2319
colight	TEST	134	268.0	100.0	-237.81	45.29	0.61	1483
colight	TRAIN	135	259.2	1500.4	-222.67	42.61	0.59	1611
colight	TEST	135	268.0	100.0	-237.81	45.29	0.61	1483
colight	TRAIN	136	253.9	1493.8	-221.45	42.62	0.59	1565
colight	TEST	136	268.0	100.0	-237.81	45.29	0.61	1483
colight	TRAIN	137	290.1	1457.2	-234.72	44.72	0.60	1494
colight	TEST	137	268.0	100.0	-237.81	45.29	0.61	1483
colight	TRAIN	138	331.6	1458.9	-155.27	29.08	0.51	2524
colight	TEST	138	268.0	100.0	-237.81	45.29	0.61	1483
colight	TRAIN	139	274.5	1445.8	-224.82	41.89	0.56	1775
colight	TEST	139	268.0	100.0	-237.81	45.29	0.61	1483
colight	TRAIN	140	250.6	1427.1	-231.37	44.34	0.60	1509
colight	TEST	140	268.0	100.0	-237.81	45.29	0.61	1483
colight	TRAIN	141	490.7	1369.9	-214.94	41.02	0.58	1859
colight	TEST	141	165.6	100.0	-261.12	32.45	0.45	1445
colight	TRAIN	142	225.6	1376.7	-192.53	25.77	0.47	2374
colight	TEST	142	165.6	100.0	-261.12	32.45	0.45	1445
colight	TRAIN	143	193.2	1341.1	-260.38	32.39	0.45	1477
colight	TEST	143	165.6	100.0	-261.12	32.45	0.45	1445
colight	TRAIN	144	284.5	1432.5	-242.84	32.94	0.49	2110
colight	TEST	144	268.0	100.0	-237.81	45.29	0.61	1483
colight	TRAIN	145	252.8	1462.2	-207.32	39.20	0.57	1717
colight	TEST	145	268.0	100.0	-237.81	45.29	0.61	1483
colight	TRAIN	146	280.8	1452.9	-231.49	44.57	0.59	1550
colight	TEST	146	268.0	100.0	-237.81	45.29	0.61	1483
colight	TRAIN	147	303.2	1385.0	-227.83	43.52	0.60	1554
colight	TEST	147	268.0	100.0	-237.81	45.29	0.61	1483
colight	TRAIN	148	224.5	1350.3	-170.85	33.14	0.57	1927
colight	TEST	148	268.0	100.0	-237.81	45.29	0.61	1483
colight	TRAIN	149	258.1	1322.8	-226.13	43.36	0.59	1496
colight	TEST	149	268.0	100.0	-237.81	45.29	0.61	1483
colight	TRAIN	150	286.0	1325.8	-227.92	43.94	0.59	1552
colight	TEST	150	268.0	100.0	-237.81	45.29	0.61	1483
colight	TRAIN	151	257.4	1322.8	-237.79	45.44	0.60	1479
colight	TEST	151	268.0	100.0	-237.81	45.29	0.61	1483
colight	TRAIN	152	274.8	1326.4	-226.83	43.71	0.58	1541
colight	TEST	152	268.0	100.0	-237.81	45.29	0.61	1483
colight	TRAIN	153	274.8	1342.6	-239.26	45.54	0.61	1480
colight	TEST	153	268.0	100.0	-237.81	45.29	0.61	1483
colight	TRAIN	154	257.8	1359.0	-225.96	42.93	0.60	1495
colight	TEST	154	268.0	100.0	-237.81	45.29	0.61	1483
colight	TRAIN	155	275.3	1363.2	-239.08	44.90	0.61	1513
colight	TEST	155	268.0	100.0	-237.81	45.29	0.61	1483
colight	TRAIN	156	268.8	1318.8	-230.47	44.15	0.60	1507
colight	TEST	156	268.0	100.0	-237.81	45.29	0.61	1483
colight	TRAIN	157	292.7	1259.3	-235.55	44.69	0.61	1503
colight	TEST	157	268.0	100.0	-237.81	45.29	0.61	1483
colight	TRAIN	158	317.0	1154.6	-213.30	35.25	0.54	2295
colight	TEST	158	165.6	100.0	-261.12	32.45	0.45	1445
colight	TRAIN	159	300.0	1094.5	-245.69	32.90	0.49	2087
colight	TEST	159	268.0	100.0	-237.81	45.29	0.61	1483
colight	TRAIN	160	366.8	1280.9	-288.94	50.27	0.72	1552
colight	TEST	160	268.0	100.0	-237.81	45.29	0.61	1483
colight	TRAIN	161	309.6	1298.2	-252.10	48.46	0.64	1409
colight	TEST	161	268.0	100.0	-237.81	45.29	0.61	1483
colight	TRAIN	162	257.9	1329.8	-234.89	44.85	0.60	1469
colight	TEST	162	268.0	100.0	-237.81	45.29	0.61	1483
colight	TRAIN	163	270.4	1361.3	-237.09	44.95	0.61	1482
colight	TEST	163	268.0	100.0	-237.81	45.29	0.61	1483
colight	TRAIN	164	271.1	1376.1	-234.74	44.67	0.60	1466
colight	TEST	164	268.0	100.0	-237.81	45.29	0.61	1483
colight	TRAIN	165	295.5	1357.4	-231.84	44.82	0.60	1566
colight	TEST	165	268.0	100.0	-237.81	45.29	0.61	1483
colight	TRAIN	166	298.9	1367.2	-236.21	44.94	0.60	1512
colight	TEST	166	268.0	100.0	-237.81	45.29	0.61	1483
colight	TRAIN	167	288.8	1387.4	-234.52	44.81	0.62	1500
colight	TEST	167	268.0	100.0	-237.81	45.29	0.61	1483
colight	TRAIN	168	263.8	1378.0	-235.65	45.17	0.61	1505
colight	TEST	168	268.0	100.0	-237.81	45.29	0.61	1483
colight	TRAIN	169	298.9	1378.8	-239.60	45.12	0.62	1506
colight	TEST	169	268.0	100.0	-237.81	45.29	0.61	1483
colight	TRAIN	170	251.7	1389.4	-232.84	44.68	0.60	1519
colight	TEST	170	268.0	100.0	-237.81	45.29	0.61	1483
colight	TRAIN	171	294.2	1388.3	-235.35	45.36	0.61	1513
colight	TEST	171	268.0	100.0	-237.81	45.29	0.61	1483
colight	TRAIN	172	294.0	1380.9	-231.54	44.30	0.60	1514
colight	TEST	172	268.0	100.0	-237.81	45.29	0.61	1483
colight	TRAIN	173	284.1	1311.9	-234.19	44.89	0.61	1501
colight	TEST	173	268.0	100.0	-237.81	45.29	0.61	1483
colight	TRAIN	174	284.3	1287.0	-231.13	44.48	0.60	1482
colight	TEST	174	268.0	100.0	-237.81	45.29	0.61	1483
colight	TRAIN	175	258.9	1262.0	-238.50	45.24	0.61	1457
colight	TEST	175	268.0	100.0	-237.81	45.29	0.61	1483
colight	TRAIN	176	166.5	1199.0	-205.07	26.55	0.46	1884
colight	TEST	176	165.6	100.0	-261.12	32.45	0.45	1445
colight	TRAIN	177	272.9	1305.6	-222.38	33.48	0.52	2313
colight	TEST	177	268.0	100.0	-237.81	45.29	0.61	1483
colight	TRAIN	178	298.6	1341.8	-230.63	44.03	0.60	1517
colight	TEST	178	268.0	100.0	-237.81	45.29	0.61	1483
colight	TRAIN	179	281.5	1329.7	-232.05	44.35	0.61	1522
colight	TEST	179	268.0	100.0	-237.81	45.29	0.61	1483
colight	TRAIN	180	328.0	1323.5	-236.94	43.20	0.64	1537
colight	TEST	180	268.0	100.0	-237.81	45.29	0.61	1483
colight	TRAIN	181	313.6	1299.5	-228.29	43.05	0.60	1514
colight	TEST	181	268.0	100.0	-237.81	45.29	0.61	1483
colight	TRAIN	182	273.6	1298.5	-237.87	44.91	0.62	1475
colight	TEST	182	268.0	100.0	-237.81	45.29	0.61	1483
colight	TRAIN	183	259.4	1293.6	-227.05	43.66	0.61	1500
colight	TEST	183	268.0	100.0	-237.81	45.29	0.61	1483
colight	TRAIN	184	297.6	1308.6	-239.44	45.96	0.61	1521
colight	TEST	184	268.0	100.0	-237.81	45.29	0.61	1483
colight	TRAIN	185	261.4	1302.6	-230.61	43.94	0.60	1468
colight	TEST	185	268.0	100.0	-237.81	45.29	0.61	1483
colight	TRAIN	186	295.5	1289.2	-238.70	45.06	0.62	1517
colight	TEST	186	268.0	100.0	-237.81	45.29	0.61	1483
colight	TRAIN	187	341.0	1315.7	-255.60	48.94	0.66	1367
colight	TEST	187	268.0	100.0	-237.81	45.29	0.61	1483
colight	TRAIN	188	295.2	1347.3	-236.96	44.47	0.62	1477
colight	TEST	188	268.0	100.0	-237.81	45.29	0.61	1483
colight	TRAIN	189	289.4	1366.7	-242.82	45.79	0.63	1492
colight	TEST	189	268.0	100.0	-237.81	45.29	0.61	1483
colight	TRAIN	190	303.3	1352.4	-238.17	45.27	0.61	1513
colight	TEST	190	268.0	100.0	-237.81	45.29	0.61	1483
colight	TRAIN	191	274.5	1282.3	-232.56	44.24	0.60	1524
colight	TEST	191	268.0	100.0	-237.81	45.29	0.61	1483
colight	TRAIN	192	315.3	1300.0	-231.37	44.16	0.61	1531
colight	TEST	192	268.0	100.0	-237.81	45.29	0.61	1483
colight	TRAIN	193	271.2	1293.1	-235.77	44.15	0.61	1499
colight	TEST	193	268.0	100.0	-237.81	45.29	0.61	1483
colight	TRAIN	194	268.0	1300.2	-237.81	45.29	0.61	1483
colight	TEST	194	268.0	100.0	-237.81	45.29	0.61	1483
colight	TRAIN	195	284.2	1326.4	-228.27	44.05	0.59	1553
colight	TEST	195	268.0	100.0	-237.81	45.29	0.61	1483
colight	TRAIN	196	286.5	1322.3	-237.45	45.11	0.61	1500
colight	TEST	196	268.0	100.0	-237.81	45.29	0.61	1483
colight	TRAIN	197	495.9	1315.0	-223.51	43.04	0.60	1866
colight	TEST	197	268.0	100.0	-237.81	45.29	0.61	1483
colight	TRAIN	198	239.3	1325.0	-208.42	28.56	0.48	2445
colight	TEST	198	268.0	100.0	-237.81	45.29	0.61	1483
colight	TRAIN	199	276.7	1333.2	-221.75	42.62	0.58	1661
colight	TEST	199	268.0	100.0	-237.81	45.29	0.61	1483
