dqn	TRAIN	0	222.1	0.0	-23.32	0.78	0.04	252
dqn	HELDOUT	0	417.9	100.0	-106.22	3.35	0.10	72
dqn	HELDOUT	0	381.0	100.0	-102.25	3.23	0.10	80
dqn	HELDOUT	0	331.2	100.0	-96.16	3.04	0.10	89
dqn	HELDOUT_MEAN	0	376.7	100.0	0.00	0.00	0.00	0
dqn	TRAIN	1	213.6	0.0	-22.05	0.74	0.04	245
dqn	TRAIN	2	217.9	0.0	-22.81	0.76	0.04	248
dqn	TRAIN	3	227.9	0.0	-24.64	0.82	0.04	253
dqn	TRAIN	4	221.1	0.0	-23.26	0.78	0.04	251
dqn	TRAIN	5	220.5	0.0	-24.37	0.82	0.04	247
dqn	TRAIN	6	225.4	0.0	-24.56	0.82	0.05	251
dqn	TRAIN	7	223.5	0.0	-24.77	0.83	0.04	246
dqn	TRAIN	8	249.8	0.3	-57.81	1.85	0.07	150
dqn	TRAIN	9	377.2	0.3	-75.90	2.40	0.09	152
dqn	TRAIN	10	352.5	0.6	-72.34	2.29	0.09	157
dqn	HELDOUT	10	367.3	100.0	-98.03	3.09	0.10	87
dqn	HELDOUT	10	374.1	100.0	-91.07	2.87	0.09	108
dqn	HELDOUT	10	359.9	100.0	-96.20	3.03	0.10	100
dqn	HELDOUT_MEAN	10	367.1	100.0	0.00	0.00	0.00	0
dqn	TRAIN	11	383.2	1.2	-72.25	2.29	0.09	169
dqn	TRAIN	12	336.4	1.9	-55.77	1.77	0.08	200
dqn	TRAIN	13	306.3	2.4	-47.34	1.51	0.07	206
dqn	TRAIN	14	265.3	2.7	-39.44	1.27	0.06	226
dqn	TRAIN	15	240.3	2.8	-34.40	1.11	0.06	216
dqn	TRAIN	16	226.7	2.7	-27.79	0.90	0.05	231
dqn	TRAIN	17	229.8	2.6	-28.50	0.93	0.05	231
dqn	TRAIN	18	229.1	2.3	-26.32	0.86	0.05	242
dqn	TRAIN	19	213.9	2.2	-23.06	0.76	0.04	245
dqn	TRAIN	20	201.7	1.9	-20.18	0.67	0.04	238
dqn	HELDOUT	20	235.4	100.0	-40.11	1.29	0.05	200
dqn	HELDOUT	20	215.6	100.0	-38.06	1.23	0.05	193
dqn	HELDOUT	20	214.7	100.0	-42.81	1.37	0.05	190
dqn	HELDOUT_MEAN	20	221.9	100.0	0.00	0.00	0.00	0
dqn	TRAIN	21	206.5	1.7	-20.31	0.67	0.04	250
dqn	TRAIN	22	189.3	1.6	-17.18	0.57	0.04	246
dqn	TRAIN	23	187.1	1.5	-14.51	0.49	0.03	254
dqn	TRAIN	24	185.9	1.3	-16.18	0.54	0.03	251
dqn	TRAIN	25	176.4	1.2	-11.07	0.38	0.03	266
dqn	TRAIN	26	178.9	1.1	-13.90	0.47	0.03	256
dqn	TRAIN	27	173.7	1.0	-10.16	0.35	0.02	265
dqn	TRAIN	28	169.9	1.0	-9.27	0.32	0.02	267
dqn	TRAIN	29	170.0	0.8	-8.48	0.30	0.02	271
dqn	TRAIN	30	165.2	0.7	-8.21	0.29	0.02	268
dqn	HELDOUT	30	187.9	100.0	-20.00	0.66	0.03	234
dqn	HELDOUT	30	189.5	100.0	-18.94	0.62	0.03	242
dqn	HELDOUT	30	194.1	100.0	-22.74	0.74	0.03	238
dqn	HELDOUT_MEAN	30	190.5	100.0	0.00	0.00	0.00	0
dqn	TRAIN	31	160.3	0.7	-6.72	0.24	0.02	269
dqn	TRAIN	32	164.9	0.6	-7.46	0.26	0.02	270
dqn	TRAIN	33	163.9	0.6	-6.97	0.25	0.02	274
dqn	TRAIN	34	165.7	0.5	-7.28	0.26	0.02	273
dqn	TRAIN	35	163.9	0.5	-8.05	0.28	0.02	266
dqn	TRAIN	36	161.9	0.4	-6.17	0.22	0.02	273
dqn	TRAIN	37	157.3	0.4	-5.04	0.19	0.01	277
dqn	TRAIN	38	155.2	0.4	-4.73	0.18	0.01	274
dqn	TRAIN	39	157.4	0.3	-5.46	0.20	0.02	272
dqn	TRAIN	40	156.3	0.3	-4.75	0.18	0.01	275
dqn	HELDOUT	40	157.5	100.0	-5.21	0.20	0.02	263
dqn	HELDOUT	40	159.8	100.0	-5.45	0.20	0.02	266
dqn	HELDOUT	40	162.2	100.0	-5.23	0.19	0.02	276
dqn	HELDOUT_MEAN	40	159.9	100.0	0.00	0.00	0.00	0
dqn	TRAIN	41	155.0	0.3	-4.37	0.16	0.01	275
dqn	TRAIN	42	154.7	0.3	-4.29	0.16	0.01	275
dqn	TRAIN	43	156.1	0.2	-4.90	0.18	0.01	274
dqn	TRAIN	44	156.7	0.2	-4.72	0.18	0.01	276
dqn	TRAIN	45	154.2	0.2	-4.19	0.16	0.01	277
dqn	TRAIN	46	154.9	0.2	-4.28	0.16	0.01	275
dqn	TRAIN	47	153.5	0.2	-4.36	0.16	0.01	273
dqn	TRAIN	48	155.8	0.2	-4.77	0.18	0.01	273
dqn	TRAIN	49	155.0	0.1	-4.35	0.16	0.01	275
dqn	TRAIN	50	155.2	0.1	-4.39	0.16	0.01	276
dqn	HELDOUT	50	160.5	100.0	-5.88	0.21	0.02	268
dqn	HELDOUT	50	160.2	100.0	-5.40	0.19	0.02	269
dqn	HELDOUT	50	160.1	100.0	-5.18	0.19	0.02	274
dqn	HELDOUT_MEAN	50	160.2	100.0	0.00	0.00	0.00	0
dqn	TRAIN	51	153.4	0.1	-4.11	0.16	0.01	274
dqn	TRAIN	52	153.8	0.1	-3.97	0.15	0.01	276
dqn	TRAIN	53	153.7	0.1	-4.17	0.16	0.01	275
dqn	TRAIN	54	152.9	0.1	-3.88	0.15	0.01	274
dqn	TRAIN	55	151.7	0.1	-3.55	0.14	0.01	276
dqn	TRAIN	56	152.1	0.1	-3.57	0.14	0.01	275
dqn	TRAIN	57	152.4	0.1	-3.59	0.14	0.01	276
dqn	TRAIN	58	150.8	0.1	-3.24	0.12	0.01	277
dqn	TRAIN	59	151.5	0.1	-3.37	0.13	0.01	276
dqn	TRAIN	60	151.0	0.1	-3.07	0.12	0.01	277
dqn	HELDOUT	60	157.7	100.0	-5.31	0.20	0.02	264
dqn	HELDOUT	60	159.5	100.0	-5.25	0.19	0.02	271
dqn	HELDOUT	60	158.0	100.0	-5.03	0.18	0.01	269
dqn	HELDOUT_MEAN	60	158.4	100.0	0.00	0.00	0.00	0
dqn	TRAIN	61	151.6	0.1	-3.34	0.13	0.01	275
dqn	TRAIN	62	151.2	0.1	-3.27	0.13	0.01	277
dqn	TRAIN	63	153.0	0.1	-3.98	0.15	0.01	274
dqn	TRAIN	64	152.3	0.1	-3.63	0.14	0.01	277
dqn	TRAIN	65	151.0	0.1	-2.95	0.12	0.01	278
dqn	TRAIN	66	153.0	0.0	-3.48	0.14	0.01	276
dqn	TRAIN	67	153.2	0.0	-3.62	0.14	0.01	278
dqn	TRAIN	68	153.1	0.0	-3.36	0.13	0.01	276
dqn	TRAIN	69	154.4	0.0	-3.75	0.14	0.01	274
dqn	TRAIN	70	151.1	0.0	-3.14	0.12	0.01	275
dqn	HELDOUT	70	157.3	100.0	-5.09	0.19	0.02	265
dqn	HELDOUT	70	160.8	100.0	-5.04	0.19	0.01	272
dqn	HELDOUT	70	163.2	100.0	-6.71	0.24	0.02	266
dqn	HELDOUT_MEAN	70	160.4	100.0	0.00	0.00	0.00	0
dqn	TRAIN	71	150.8	0.0	-3.08	0.12	0.01	277
dqn	TRAIN	72	150.2	0.0	-2.67	0.11	0.01	277
dqn	TRAIN	73	150.7	0.0	-2.79	0.11	0.01	275
dqn	TRAIN	74	150.3	0.0	-2.94	0.11	0.01	277
dqn	TRAIN	75	151.2	0.0	-3.02	0.12	0.01	277
dqn	TRAIN	76	150.9	0.0	-3.00	0.12	0.01	278
dqn	TRAIN	77	152.4	0.0	-3.37	0.13	0.01	278
dqn	TRAIN	78	149.8	0.0	-2.81	0.12	0.01	277
dqn	TRAIN	79	150.1	0.0	-2.71	0.11	0.01	275
dqn	TRAIN	80	150.2	0.0	-2.97	0.12	0.01	275
dqn	HELDOUT	80	155.5	100.0	-4.51	0.17	0.01	268
dqn	HELDOUT	80	157.7	100.0	-4.42	0.17	0.01	269
dqn	HELDOUT	80	158.4	100.0	-5.43	0.19	0.01	268
dqn	HELDOUT_MEAN	80	157.2	100.0	0.00	0.00	0.00	0
dqn	TRAIN	81	150.5	0.0	-2.89	0.12	0.01	277
dqn	TRAIN	82	150.1	0.0	-2.74	0.11	0.01	276
dqn	TRAIN	83	150.6	0.0	-3.00	0.12	0.01	275
dqn	TRAIN	84	150.6	0.0	-3.16	0.12	0.01	276
dqn	TRAIN	85	150.7	0.0	-2.89	0.12	0.01	278
dqn	TRAIN	86	150.5	0.0	-3.20	0.13	0.01	276
dqn	TRAIN	87	151.0	0.0	-3.06	0.12	0.01	276
dqn	TRAIN	88	150.6	0.0	-2.93	0.12	0.01	276
dqn	TRAIN	89	149.6	0.0	-2.60	0.10	0.01	277
dqn	TRAIN	90	150.7	0.0	-2.66	0.11	0.01	278
dqn	HELDOUT	90	155.5	100.0	-4.89	0.18	0.01	266
dqn	HELDOUT	90	158.4	100.0	-4.67	0.17	0.01	273
dqn	HELDOUT	90	158.5	100.0	-5.64	0.20	0.02	271
dqn	HELDOUT_MEAN	90	157.5	100.0	0.00	0.00	0.00	0
dqn	TRAIN	91	149.9	0.0	-2.67	0.11	0.01	277
dqn	TRAIN	92	149.0	0.0	-2.39	0.10	0.01	278
dqn	TRAIN	93	151.1	0.0	-3.26	0.13	0.01	276
dqn	TRAIN	94	148.9	0.0	-2.78	0.11	0.01	276
dqn	TRAIN	95	149.5	0.0	-2.58	0.10	0.01	277
dqn	TRAIN	96	149.2	0.0	-2.42	0.10	0.01	278
dqn	TRAIN	97	150.1	0.0	-2.86	0.11	0.01	276
dqn	TRAIN	98	149.2	0.0	-2.42	0.10	0.01	278
dqn	TRAIN	99	150.1	0.0	-2.83	0.11	0.01	278
dqn	HELDOUT	100	155.9	100.0	-4.69	0.18	0.01	266
dqn	HELDOUT	100	158.2	100.0	-4.75	0.18	0.01	270
dqn	HELDOUT	100	159.4	100.0	-4.98	0.18	0.01	272
dqn	HELDOUT_MEAN	100	157.8	100.0	0.00	0.00	0.00	0
