colight	TRAIN	0	325.6	0.0	-342.50	6.39	0.07	1415
colight	TEST	0	759.9	100.0	-583.40	13.90	0.16	590
colight	TRAIN	1	318.3	0.0	-341.43	6.37	0.07	1418
colight	TEST	1	770.1	100.0	-581.34	13.84	0.16	596
colight	TRAIN	2	324.8	7.3	-343.29	6.41	0.07	1411
colight	TEST	2	687.3	100.0	-583.04	13.89	0.16	545
colight	TRAIN	3	342.0	4.4	-346.66	6.52	0.07	1421
colight	TEST	3	687.3	100.0	-583.04	13.89	0.16	545
colight	TRAIN	4	329.5	13.6	-342.99	6.40	0.07	1420
colight	TEST	4	548.3	100.0	-521.82	11.99	0.14	782
colight	TRAIN	5	297.6	21.2	-334.35	6.13	0.07	1420
colight	TEST	5	512.8	100.0	-462.16	10.12	0.13	1023
colight	TRAIN	6	314.3	13.1	-338.49	6.27	0.07	1422
colight	TEST	6	711.0	100.0	-590.68	14.12	0.15	465
colight	TRAIN	7	322.5	8.9	-340.74	6.33	0.07	1426
colight	TEST	7	599.9	100.0	-533.65	12.36	0.14	745
colight	TRAIN	8	338.4	7.7	-344.53	6.46	0.07	1421
colight	TEST	8	622.2	100.0	-569.84	13.49	0.15	609
colight	TRAIN	9	373.4	7.3	-357.49	6.87	0.08	1400
colight	TEST	9	548.4	100.0	-544.88	12.70	0.13	640
colight	TRAIN	10	347.7	7.8	-348.15	6.56	0.08	1421
colight	TEST	10	916.1	100.0	-615.24	14.88	0.16	331
colight	TRAIN	11	351.4	8.1	-349.22	6.60	0.08	1403
colight	TEST	11	716.1	100.0	-594.40	14.24	0.15	491
colight	TRAIN	12	352.6	7.8	-347.43	6.54	0.08	1415
colight	TEST	12	660.7	100.0	-587.32	14.02	0.15	501
colight	TRAIN	13	337.5	7.5	-344.43	6.44	0.08	1414
colight	TEST	13	661.4	100.0	-575.00	13.64	0.15	532
colight	TRAIN	14	383.0	7.3	-357.70	6.86	0.09	1395
colight	TEST	14	614.4	100.0	-571.54	13.53	0.14	540
colight	TRAIN	15	358.3	7.2	-352.09	6.68	0.08	1396
colight	TEST	15	593.1	100.0	-514.31	11.76	0.15	839
colight	TRAIN	16	358.2	8.1	-349.66	6.61	0.08	1409
colight	TEST	16	655.7	100.0	-553.05	12.96	0.14	722
colight	TRAIN	17	341.2	7.5	-345.85	6.49	0.08	1407
colight	TEST	17	618.6	100.0	-551.70	12.93	0.15	702
colight	TRAIN	18	326.0	7.5	-341.06	6.34	0.08	1416
colight	TEST	18	680.1	100.0	-536.38	12.44	0.15	826
colight	TRAIN	19	322.6	7.4	-340.42	6.32	0.07	1420
colight	TEST	19	722.9	100.0	-585.64	13.97	0.15	585
colight	TRAIN	20	370.7	7.4	-353.86	6.74	0.08	1407
colight	TEST	20	545.7	100.0	-508.18	11.57	0.14	834
colight	TRAIN	21	328.6	7.5	-341.63	6.36	0.08	1399
colight	TEST	21	594.4	100.0	-523.41	12.04	0.14	839
colight	TRAIN	22	360.6	7.6	-351.99	6.68	0.08	1403
colight	TEST	22	708.0	100.0	-550.77	12.89	0.15	766
colight	TRAIN	23	313.2	7.3	-337.25	6.22	0.08	1417
colight	TEST	23	587.1	100.0	-534.21	12.37	0.14	713
colight	TRAIN	24	339.8	7.5	-344.39	6.45	0.09	1407
colight	TEST	24	730.3	100.0	-556.91	13.08	0.15	757
colight	TRAIN	25	318.9	7.3	-339.01	6.28	0.08	1411
colight	TEST	25	687.6	100.0	-546.42	12.75	0.16	773
colight	TRAIN	26	311.0	6.9	-337.28	6.23	0.08	1420
colight	TEST	26	759.6	100.0	-602.25	14.49	0.15	512
colight	TRAIN	27	327.9	7.3	-343.22	6.40	0.08	1394
colight	TEST	27	578.9	100.0	-494.83	11.14	0.14	908
colight	TRAIN	28	328.9	6.6	-342.10	6.38	0.08	1400
colight	TEST	28	700.6	100.0	-529.11	12.21	0.15	856
colight	TRAIN	29	322.8	6.3	-340.00	6.31	0.08	1412
colight	TEST	29	689.1	100.0	-574.02	13.61	0.15	640
colight	TRAIN	30	345.8	6.0	-345.78	6.49	0.09	1410
colight	TEST	30	515.2	100.0	-474.98	10.53	0.14	973
colight	TRAIN	31	344.6	5.6	-350.98	6.65	0.08	1376
colight	TEST	31	693.1	100.0	-561.65	13.22	0.15	685
colight	TRAIN	32	321.0	5.7	-339.99	6.31	0.08	1419
colight	TEST	32	660.3	100.0	-570.70	13.50	0.15	615
colight	TRAIN	33	335.0	5.9	-342.89	6.40	0.08	1423
colight	TEST	33	608.9	100.0	-560.96	13.21	0.15	652
colight	TRAIN	34	325.6	6.1	-340.37	6.33	0.08	1419
colight	TEST	34	660.8	100.0	-531.41	12.29	0.16	827
colight	TRAIN	35	329.0	5.9	-341.03	6.34	0.08	1423
colight	TEST	35	584.6	100.0	-447.10	9.65	0.13	1154
colight	TRAIN	36	324.5	5.9	-340.73	6.33	0.08	1422
colight	TEST	36	738.7	100.0	-540.01	12.55	0.14	827
colight	TRAIN	37	324.4	5.6	-341.17	6.34	0.08	1407
colight	TEST	37	560.0	100.0	-493.57	11.10	0.13	972
colight	TRAIN	38	306.4	5.6	-335.88	6.18	0.07	1417
colight	TEST	38	657.6	100.0	-487.56	10.91	0.15	1033
colight	TRAIN	39	318.3	5.5	-338.48	6.25	0.08	1418
colight	TEST	39	592.3	100.0	-472.74	10.45	0.14	1052
colight	TRAIN	40	331.7	5.6	-341.99	6.38	0.08	1420
colight	TEST	40	635.7	100.0	-525.89	12.11	0.14	776
colight	TRAIN	41	323.7	5.7	-340.02	6.31	0.08	1415
colight	TEST	41	584.7	100.0	-509.98	11.62	0.12	879
colight	TRAIN	42	352.0	5.2	-347.88	6.56	0.08	1406
colight	TEST	42	616.6	100.0	-527.41	12.16	0.14	812
colight	TRAIN	43	329.9	5.1	-342.14	6.37	0.08	1420
colight	TEST	43	544.4	100.0	-522.04	12.00	0.13	774
colight	TRAIN	44	304.6	5.1	-334.71	6.15	0.07	1420
colight	TEST	44	590.4	100.0	-533.72	12.36	0.14	720
colight	TRAIN	45	302.2	5.1	-334.91	6.14	0.07	1424
colight	TEST	45	571.9	100.0	-500.46	11.32	0.14	902
colight	TRAIN	46	349.6	4.9	-351.81	6.67	0.08	1385
colight	TEST	46	549.5	100.0	-498.21	11.25	0.14	894
colight	TRAIN	47	289.3	5.1	-331.72	6.04	0.07	1422
colight	TEST	47	618.1	100.0	-516.78	11.82	0.13	853
colight	TRAIN	48	324.1	4.7	-340.09	6.31	0.08	1421
colight	TEST	48	652.7	100.0	-538.15	12.49	0.15	713
colight	TRAIN	49	320.9	4.7	-339.43	6.29	0.08	1413
colight	TEST	49	614.4	100.0	-513.67	11.73	0.15	848
colight	TRAIN	50	333.5	5.0	-342.25	6.37	0.08	1410
colight	TEST	50	608.4	100.0	-460.75	10.08	0.14	1098
colight	TRAIN	51	327.2	4.8	-340.65	6.33	0.08	1424
colight	TEST	51	654.2	100.0	-487.53	10.90	0.14	1040
colight	TRAIN	52	308.0	4.8	-336.62	6.20	0.07	1422
colight	TEST	52	815.5	100.0	-562.95	13.27	0.15	790
colight	TRAIN	53	306.4	5.1	-336.24	6.19	0.07	1413
colight	TEST	53	529.4	100.0	-477.53	10.60	0.14	953
colight	TRAIN	54	322.5	4.9	-340.11	6.31	0.08	1416
colight	TEST	54	539.2	100.0	-483.61	10.80	0.14	928
colight	TRAIN	55	299.0	4.9	-334.51	6.14	0.07	1413
colight	TEST	55	473.4	100.0	-406.92	8.40	0.12	1226
colight	TRAIN	56	308.7	4.6	-336.92	6.22	0.08	1413
colight	TEST	56	551.8	100.0	-488.18	10.94	0.14	927
colight	TRAIN	57	329.9	4.4	-342.75	6.40	0.08	1417
colight	TEST	57	468.9	100.0	-408.15	8.43	0.12	1209
colight	TRAIN	58	309.4	4.5	-337.29	6.23	0.08	1407
colight	TEST	58	576.7	100.0	-464.67	10.19	0.14	1066
colight	TRAIN	59	319.8	4.5	-339.35	6.28	0.08	1423
colight	TEST	59	547.3	100.0	-548.84	12.83	0.13	651
colight	TRAIN	60	294.6	4.4	-332.28	6.08	0.07	1419
colight	TEST	60	514.4	100.0	-447.94	9.69	0.13	1077
colight	TRAIN	61	313.7	4.2	-336.76	6.21	0.07	1420
colight	TEST	61	773.2	100.0	-592.80	14.19	0.15	527
colight	TRAIN	62	311.7	4.1	-337.29	6.23	0.08	1409
colight	TEST	62	412.4	100.0	-407.20	8.41	0.11	1160
colight	TRAIN	63	304.0	4.1	-335.10	6.16	0.07	1429
colight	TEST	63	652.5	100.0	-570.49	13.50	0.14	647
colight	TRAIN	64	328.9	4.2	-350.36	6.64	0.08	1368
colight	TEST	64	677.9	100.0	-501.52	11.35	0.15	984
colight	TRAIN	65	314.8	4.6	-338.00	6.24	0.08	1419
colight	TEST	65	514.4	100.0	-419.85	8.80	0.13	1225
colight	TRAIN	66	336.8	4.7	-347.53	6.54	0.08	1389
colight	TEST	66	502.0	100.0	-426.82	9.02	0.13	1159
colight	TRAIN	67	299.1	4.6	-333.95	6.11	0.07	1414
colight	TEST	67	626.3	100.0	-579.87	13.80	0.13	550
colight	TRAIN	68	314.2	4.3	-347.03	6.53	0.08	1364
colight	TEST	68	493.4	100.0	-427.76	9.06	0.13	1123
colight	TRAIN	69	334.8	4.8	-352.64	6.70	0.08	1355
colight	TEST	69	474.0	100.0	-445.28	9.61	0.12	1053
colight	TRAIN	70	332.2	5.6	-342.31	6.38	0.08	1408
colight	TEST	70	732.7	100.0	-591.63	14.16	0.15	512
colight	TRAIN	71	330.6	5.4	-343.04	6.40	0.08	1418
colight	TEST	71	537.5	100.0	-505.72	11.48	0.13	854
colight	TRAIN	72	314.4	5.3	-338.50	6.27	0.08	1412
colight	TEST	72	512.5	100.0	-471.93	10.43	0.12	996
colight	TRAIN	73	340.4	5.3	-348.85	6.59	0.08	1394
colight	TEST	73	574.3	100.0	-487.02	10.90	0.15	951
colight	TRAIN	74	317.9	5.2	-339.88	6.31	0.08	1422
colight	TEST	74	509.0	100.0	-423.93	8.92	0.12	1180
colight	TRAIN	75	305.2	5.7	-335.34	6.17	0.07	1424
colight	TEST	75	704.4	100.0	-571.69	13.53	0.14	622
colight	TRAIN	76	304.9	5.3	-334.56	6.15	0.07	1417
colight	TEST	76	513.8	100.0	-424.59	8.96	0.12	1194
colight	TRAIN	77	310.1	5.4	-339.55	6.30	0.08	1400
colight	TEST	77	472.1	100.0	-476.09	10.56	0.12	954
colight	TRAIN	78	311.1	5.2	-337.61	6.24	0.07	1417
colight	TEST	78	482.2	100.0	-433.82	9.24	0.11	1119
colight	TRAIN	79	322.3	5.2	-341.76	6.37	0.08	1397
colight	TEST	79	500.2	100.0	-480.74	10.72	0.12	946
colight	TRAIN	80	371.1	5.0	-357.37	6.85	0.09	1390
colight	TEST	80	636.2	100.0	-515.93	11.80	0.14	896
colight	TRAIN	81	325.3	5.6	-340.54	6.32	0.08	1423
colight	TEST	81	551.6	100.0	-456.32	9.95	0.14	1082
colight	TRAIN	82	316.8	5.2	-337.93	6.25	0.07	1419
colight	TEST	82	474.2	100.0	-477.94	10.62	0.11	943
colight	TRAIN	83	322.1	4.9	-340.26	6.32	0.08	1405
colight	TEST	83	715.2	100.0	-482.75	10.77	0.14	1112
colight	TRAIN	84	313.1	4.4	-341.01	6.34	0.08	1401
colight	TEST	84	398.7	100.0	-401.54	8.23	0.10	1177
colight	TRAIN	85	302.7	4.2	-334.94	6.15	0.07	1418
colight	TEST	85	558.2	100.0	-469.49	10.35	0.13	1022
colight	TRAIN	86	313.8	4.1	-338.49	6.26	0.08	1419
colight	TEST	86	731.7	100.0	-570.96	13.51	0.15	631
colight	TRAIN	87	319.1	4.2	-339.62	6.30	0.07	1411
colight	TEST	87	530.8	100.0	-460.63	10.07	0.13	1054
colight	TRAIN	88	301.8	4.0	-335.01	6.15	0.07	1424
colight	TEST	88	511.2	100.0	-415.97	8.69	0.11	1237
colight	TRAIN	89	329.7	3.9	-342.17	6.37	0.08	1420
colight	TEST	89	516.2	100.0	-474.20	10.50	0.13	963
colight	TRAIN	90	304.3	4.0	-334.83	6.15	0.07	1417
colight	TEST	90	431.4	100.0	-399.19	8.16	0.11	1231
colight	TRAIN	91	327.4	4.2	-359.26	6.92	0.08	1301
colight	TEST	91	515.0	100.0	-413.80	8.61	0.13	1258
colight	TRAIN	92	315.4	5.0	-339.58	6.30	0.08	1412
colight	TEST	92	531.3	100.0	-431.72	9.18	0.13	1185
colight	TRAIN	93	318.2	4.8	-338.86	6.27	0.08	1413
colight	TEST	93	656.0	100.0	-457.04	9.96	0.14	1185
colight	TRAIN	94	303.9	5.0	-335.45	6.16	0.07	1416
colight	TEST	94	631.4	100.0	-484.88	10.82	0.13	1070
colight	TRAIN	95	318.0	4.8	-338.91	6.28	0.08	1413
colight	TEST	95	579.1	100.0	-455.97	9.93	0.14	1087
colight	TRAIN	96	306.8	4.7	-336.10	6.18	0.07	1418
colight	TEST	96	575.8	100.0	-439.15	9.41	0.14	1201
colight	TRAIN	97	331.0	4.5	-341.51	6.36	0.08	1413
colight	TEST	97	588.3	100.0	-446.81	9.65	0.14	1173
colight	TRAIN	98	313.9	4.3	-337.43	6.23	0.08	1420
colight	TEST	98	646.9	100.0	-509.54	11.61	0.13	964
colight	TRAIN	99	300.1	4.2	-333.98	6.12	0.07	1427
colight	TEST	99	708.4	100.0	-536.27	12.44	0.14	836
colight	TRAIN	100	336.1	4.3	-348.51	6.57	0.08	1393
colight	TEST	100	755.2	100.0	-552.97	12.96	0.15	761
colight	TRAIN	101	333.8	4.4	-343.77	6.43	0.08	1407
colight	TEST	101	476.5	100.0	-413.51	8.61	0.12	1189
colight	TRAIN	102	319.6	4.6	-346.39	6.50	0.08	1364
colight	TEST	102	443.3	100.0	-387.44	7.78	0.10	1294
colight	TRAIN	103	313.5	4.5	-337.88	6.24	0.08	1427
colight	TEST	103	577.4	100.0	-454.67	9.89	0.13	1101
colight	TRAIN	104	318.1	4.7	-342.62	6.39	0.08	1395
colight	TEST	104	501.2	100.0	-405.23	8.33	0.12	1245
colight	TRAIN	105	323.5	4.5	-339.71	6.30	0.08	1413
colight	TEST	105	548.6	100.0	-445.27	9.60	0.12	1111
colight	TRAIN	106	315.1	4.4	-338.48	6.26	0.07	1417
colight	TEST	106	508.6	100.0	-435.51	9.29	0.12	1135
colight	TRAIN	107	299.9	4.4	-334.39	6.14	0.07	1421
colight	TEST	107	572.1	100.0	-499.95	11.31	0.13	889
colight	TRAIN	108	304.5	4.3	-335.44	6.17	0.07	1421
colight	TEST	108	513.6	100.0	-410.77	8.52	0.12	1258
colight	TRAIN	109	333.9	4.2	-354.61	6.77	0.08	1350
colight	TEST	109	602.8	100.0	-482.54	10.76	0.13	1012
colight	TRAIN	110	319.1	4.5	-339.42	6.29	0.08	1428
colight	TEST	110	465.8	100.0	-403.60	8.30	0.11	1254
colight	TRAIN	111	305.6	4.6	-336.04	6.19	0.07	1414
colight	TEST	111	426.6	100.0	-417.08	8.73	0.11	1172
colight	TRAIN	112	310.9	4.5	-338.38	6.26	0.07	1417
colight	TEST	112	446.5	100.0	-387.78	7.81	0.11	1297
colight	TRAIN	113	303.6	4.3	-335.28	6.16	0.07	1420
colight	TEST	113	494.0	100.0	-433.29	9.22	0.12	1155
colight	TRAIN	114	306.1	4.5	-334.50	6.14	0.07	1424
colight	TEST	114	436.4	100.0	-406.57	8.39	0.11	1214
colight	TRAIN	115	301.3	4.3	-334.54	6.15	0.07	1425
colight	TEST	115	493.2	100.0	-394.76	8.02	0.12	1311
colight	TRAIN	116	305.3	4.2	-335.42	6.17	0.07	1423
colight	TEST	116	455.0	100.0	-409.78	8.49	0.11	1194
colight	TRAIN	117	304.9	4.1	-335.54	6.17	0.07	1421
colight	TEST	117	502.6	100.0	-484.98	10.84	0.12	899
colight	TRAIN	118	306.1	4.1	-334.95	6.16	0.08	1418
colight	TEST	118	433.5	100.0	-432.81	9.21	0.11	1038
colight	TRAIN	119	292.0	4.0	-332.55	6.09	0.07	1428
colight	TEST	119	470.5	100.0	-477.27	10.60	0.12	910
colight	TRAIN	120	342.7	3.9	-347.61	6.54	0.08	1400
colight	TEST	120	513.2	100.0	-414.05	8.63	0.12	1236
colight	TRAIN	121	312.3	4.0	-338.07	6.25	0.07	1418
colight	TEST	121	434.1	100.0	-379.88	7.55	0.10	1338
colight	TRAIN	122	321.9	4.2	-347.94	6.56	0.08	1376
colight	TEST	122	508.6	100.0	-458.41	10.00	0.12	1042
colight	TRAIN	123	302.4	4.1	-334.38	6.14	0.07	1421
colight	TEST	123	441.5	100.0	-381.01	7.59	0.11	1335
colight	TRAIN	124	311.6	4.3	-336.67	6.22	0.08	1419
colight	TEST	124	518.9	100.0	-448.23	9.68	0.13	1075
colight	TRAIN	125	311.5	4.0	-340.36	6.33	0.08	1402
colight	TEST	125	477.4	100.0	-396.55	8.07	0.11	1301
colight	TRAIN	126	308.8	4.0	-335.81	6.17	0.07	1423
colight	TEST	126	477.9	100.0	-390.58	7.89	0.11	1323
colight	TRAIN	127	307.1	3.7	-336.41	6.19	0.07	1412
colight	TEST	127	441.5	100.0	-392.29	7.94	0.11	1270
colight	TRAIN	128	314.9	3.8	-337.78	6.23	0.07	1424
colight	TEST	128	418.4	100.0	-378.42	7.52	0.10	1321
colight	TRAIN	129	309.3	3.7	-337.14	6.21	0.07	1416
colight	TEST	129	487.2	100.0	-402.02	8.24	0.12	1275
colight	TRAIN	130	308.0	3.6	-335.83	6.18	0.07	1412
colight	TEST	130	518.1	100.0	-425.10	8.97	0.12	1204
colight	TRAIN	131	304.5	3.4	-335.59	6.16	0.07	1418
colight	TEST	131	453.0	100.0	-383.45	7.66	0.11	1319
colight	TRAIN	132	321.2	3.3	-339.51	6.29	0.07	1419
colight	TEST	132	461.3	100.0	-388.33	7.82	0.11	1304
colight	TRAIN	133	294.4	3.3	-333.30	6.10	0.07	1413
colight	TEST	133	475.2	100.0	-396.39	8.07	0.11	1292
colight	TRAIN	134	295.4	3.2	-332.80	6.09	0.07	1420
colight	TEST	134	370.8	100.0	-361.74	7.00	0.09	1357
colight	TRAIN	135	302.3	3.1	-334.65	6.14	0.07	1425
colight	TEST	135	468.9	100.0	-401.61	8.23	0.10	1262
colight	TRAIN	136	317.2	3.1	-338.92	6.28	0.07	1422
colight	TEST	136	397.3	100.0	-368.99	7.22	0.10	1332
colight	TRAIN	137	299.2	3.1	-334.16	6.13	0.07	1421
colight	TEST	137	462.2	100.0	-388.56	7.83	0.12	1307
colight	TRAIN	138	335.8	5.3	-344.34	6.44	0.08	1417
colight	TEST	138	421.0	100.0	-376.33	7.45	0.10	1336
colight	TRAIN	139	306.6	3.1	-335.80	6.18	0.07	1416
colight	TEST	139	464.8	100.0	-404.62	8.33	0.12	1246
colight	TRAIN	140	324.5	2.9	-341.47	6.36	0.08	1426
colight	TEST	140	466.7	100.0	-397.43	8.11	0.12	1270
colight	TRAIN	141	302.0	3.1	-335.30	6.18	0.07	1416
colight	TEST	141	389.9	100.0	-358.83	6.89	0.10	1387
colight	TRAIN	142	305.2	3.0	-335.29	6.16	0.07	1418
colight	TEST	142	398.7	100.0	-368.38	7.20	0.10	1333
colight	TRAIN	143	304.7	3.0	-336.54	6.19	0.07	1418
colight	TEST	143	473.5	100.0	-412.21	8.56	0.11	1187
colight	TRAIN	144	297.0	3.0	-334.00	6.12	0.07	1420
colight	TEST	144	545.5	100.0	-468.25	10.30	0.13	1010
colight	TRAIN	145	312.4	2.9	-338.00	6.25	0.08	1413
colight	TEST	145	427.4	100.0	-412.98	8.58	0.11	1159
colight	TRAIN	146	304.1	2.9	-334.89	6.15	0.07	1420
colight	TEST	146	397.0	100.0	-376.28	7.45	0.11	1295
colight	TRAIN	147	306.8	2.9	-335.71	6.18	0.08	1420
colight	TEST	147	504.4	100.0	-451.67	9.80	0.13	1034
colight	TRAIN	148	308.7	3.0	-337.10	6.22	0.07	1422
colight	TEST	148	543.2	100.0	-457.49	9.98	0.13	1051
colight	TRAIN	149	302.8	3.0	-335.03	6.15	0.07	1415
colight	TEST	149	342.9	100.0	-350.20	6.63	0.09	1375
colight	TRAIN	150	306.1	3.1	-335.38	6.17	0.07	1421
colight	TEST	150	398.3	100.0	-371.12	7.29	0.10	1335
colight	TRAIN	151	309.7	2.9	-337.19	6.22	0.07	1406
colight	TEST	151	407.4	100.0	-417.64	8.73	0.10	1112
colight	TRAIN	152	303.0	3.0	-335.29	6.17	0.07	1425
colight	TEST	152	368.6	100.0	-358.76	6.91	0.09	1377
colight	TRAIN	153	299.6	3.0	-334.70	6.15	0.07	1419
colight	TEST	153	560.1	100.0	-478.46	10.63	0.13	983
colight	TRAIN	154	304.4	2.9	-334.82	6.14	0.07	1423
colight	TEST	154	342.9	100.0	-353.51	6.73	0.08	1380
colight	TRAIN	155	298.9	3.0	-333.42	6.11	0.07	1424
colight	TEST	155	527.1	100.0	-480.94	10.72	0.13	947
colight	TRAIN	156	291.3	2.9	-332.09	6.06	0.07	1423
colight	TEST	156	482.5	100.0	-432.08	9.19	0.11	1113
colight	TRAIN	157	289.1	2.9	-331.73	6.05	0.07	1421
colight	TEST	157	385.1	100.0	-357.40	6.85	0.09	1376
colight	TRAIN	158	289.5	2.8	-331.82	6.05	0.07	1418
colight	TEST	158	480.2	100.0	-439.32	9.41	0.12	1092
colight	TRAIN	159	296.0	2.8	-333.43	6.10	0.07	1425
colight	TEST	159	530.2	100.0	-452.46	9.82	0.13	1069
colight	TRAIN	160	302.0	2.7	-334.63	6.14	0.07	1419
colight	TEST	160	465.1	100.0	-469.31	10.36	0.11	956
colight	TRAIN	161	327.3	2.7	-352.36	6.69	0.08	1343
colight	TEST	161	374.7	100.0	-413.59	8.62	0.10	1132
colight	TRAIN	162	305.9	3.7	-335.48	6.17	0.07	1421
colight	TEST	162	359.0	100.0	-352.29	6.70	0.09	1383
colight	TRAIN	163	323.2	3.5	-340.36	6.32	0.08	1423
colight	TEST	163	464.2	100.0	-398.97	8.14	0.11	1268
colight	TRAIN	164	303.5	3.6	-335.21	6.15	0.07	1423
colight	TEST	164	453.8	100.0	-384.39	7.70	0.11	1333
colight	TRAIN	165	294.8	3.5	-333.24	6.10	0.07	1418
colight	TEST	165	486.7	100.0	-397.16	8.09	0.12	1271
colight	TRAIN	166	295.2	3.5	-332.93	6.08	0.07	1427
colight	TEST	166	417.0	100.0	-364.67	7.08	0.11	1374
colight	TRAIN	167	306.2	3.2	-335.95	6.18	0.07	1421
colight	TEST	167	425.6	100.0	-387.29	7.80	0.11	1281
colight	TRAIN	168	312.1	3.2	-336.90	6.22	0.08	1420
colight	TEST	168	569.1	100.0	-408.98	8.45	0.13	1280
colight	TRAIN	169	301.4	3.0	-334.59	6.15	0.07	1415
colight	TEST	169	522.6	100.0	-404.58	8.34	0.12	1308
colight	TRAIN	170	297.7	3.0	-333.09	6.10	0.07	1428
colight	TEST	170	427.8	100.0	-375.82	7.42	0.10	1324
colight	TRAIN	171	289.7	2.9	-331.23	6.03	0.07	1418
colight	TEST	171	334.0	100.0	-363.60	7.05	0.08	1298
colight	TRAIN	172	304.0	2.9	-334.55	6.15	0.07	1419
colight	TEST	172	436.4	100.0	-412.31	8.57	0.11	1169
colight	TRAIN	173	307.4	3.0	-335.92	6.18	0.07	1422
colight	TEST	173	440.0	100.0	-372.90	7.34	0.11	1362
colight	TRAIN	174	294.2	3.3	-332.73	6.07	0.07	1420
colight	TEST	174	364.7	100.0	-368.90	7.21	0.09	1299
colight	TRAIN	175	295.7	3.0	-333.03	6.09	0.07	1423
colight	TEST	175	348.7	100.0	-345.25	6.46	0.08	1406
colight	TRAIN	176	289.1	2.7	-330.19	6.01	0.07	1426
colight	TEST	176	521.9	100.0	-420.17	8.81	0.11	1245
colight	TRAIN	177	306.7	2.6	-336.36	6.19	0.07	1423
colight	TEST	177	375.3	100.0	-353.07	6.71	0.10	1388
colight	TRAIN	178	293.6	2.6	-332.06	6.06	0.07	1423
colight	TEST	178	367.0	100.0	-352.47	6.70	0.09	1406
colight	TRAIN	179	283.7	2.7	-330.34	6.00	0.07	1422
colight	TEST	179	329.7	100.0	-341.99	6.38	0.08	1397
colight	TRAIN	180	297.1	2.7	-333.44	6.11	0.07	1423
colight	TEST	180	365.2	100.0	-352.25	6.69	0.09	1380
colight	TRAIN	181	287.1	2.7	-330.80	6.02	0.07	1420
colight	TEST	181	508.9	100.0	-403.41	8.28	0.12	1302
colight	TRAIN	182	285.3	2.8	-330.28	6.00	0.07	1421
colight	TEST	182	373.2	100.0	-353.52	6.73	0.09	1389
colight	TRAIN	183	292.8	2.6	-331.63	6.04	0.07	1421
colight	TEST	183	426.8	100.0	-382.73	7.64	0.10	1329
colight	TRAIN	184	295.7	2.6	-332.59	6.07	0.07	1425
colight	TEST	184	360.5	100.0	-349.90	6.62	0.09	1400
colight	TRAIN	185	308.0	2.7	-336.48	6.20	0.07	1421
colight	TEST	185	319.5	100.0	-338.96	6.28	0.08	1406
colight	TRAIN	186	287.4	2.6	-330.98	6.03	0.07	1418
colight	TEST	186	337.8	100.0	-342.06	6.37	0.09	1399
colight	TRAIN	187	285.7	2.6	-330.08	6.00	0.07	1423
colight	TEST	187	373.5	100.0	-354.75	6.76	0.09	1381
colight	TRAIN	188	295.1	2.6	-333.27	6.10	0.07	1413
colight	TEST	188	339.2	100.0	-343.63	6.42	0.09	1413
colight	TRAIN	189	296.4	2.5	-332.76	6.09	0.07	1418
colight	TEST	189	412.2	100.0	-366.89	7.15	0.11	1354
colight	TRAIN	190	337.2	2.6	-344.24	6.44	0.07	1421
colight	TEST	190	369.8	100.0	-351.88	6.68	0.09	1401
colight	TRAIN	191	291.8	2.8	-331.89	6.05	0.07	1417
colight	TEST	191	359.6	100.0	-352.00	6.69	0.09	1368
colight	TRAIN	192	301.6	2.6	-334.85	6.15	0.07	1419
colight	TEST	192	380.7	100.0	-366.67	7.14	0.09	1348
colight	TRAIN	193	291.3	2.6	-332.29	6.06	0.07	1417
colight	TEST	193	424.0	100.0	-371.99	7.30	0.10	1334
colight	TRAIN	194	311.1	2.6	-337.30	6.23	0.08	1418
colight	TEST	194	360.7	100.0	-353.32	6.72	0.09	1388
colight	TRAIN	195	287.8	2.5	-331.63	6.05	0.07	1423
colight	TEST	195	406.1	100.0	-365.51	7.11	0.10	1368
colight	TRAIN	196	304.4	2.5	-335.85	6.19	0.07	1427
colight	TEST	196	456.9	100.0	-383.78	7.68	0.12	1319
colight	TRAIN	197	311.8	2.7	-337.66	6.24	0.08	1429
colight	TEST	197	449.5	100.0	-382.71	7.63	0.11	1329
colight	TRAIN	198	308.2	2.6	-338.12	6.25	0.07	1412
colight	TEST	198	464.4	100.0	-384.59	7.71	0.11	1344
colight	TRAIN	199	306.8	2.7	-336.46	6.20	0.07	1423
colight	TEST	199	494.6	100.0	-391.74	7.92	0.12	1332
