colight_rich	TRAIN	0	352.0	0.0	-280.10	7.89	0.19	1145
colight_rich	HELDOUT	0	484.2	100.0	-437.43	11.63	0.38	176
colight_rich	HELDOUT	0	440.7	100.0	-437.84	11.71	0.39	178
colight_rich	HELDOUT	0	489.1	100.0	-453.02	11.88	0.39	188
colight_rich	HELDOUT_MEAN	0	471.3	100.0	0.00	0.00	0.00	0
colight_rich	TRAIN	1	331.6	0.0	-292.47	8.26	0.20	1107
colight_rich	TRAIN	2	350.7	0.0	-286.69	8.11	0.20	1209
colight_rich	TRAIN	3	377.4	0.0	-284.12	8.03	0.21	1153
colight_rich	TRAIN	4	362.4	0.0	-277.90	7.87	0.19	1177
colight_rich	TRAIN	5	359.7	20.1	-301.15	8.34	0.22	1119
colight_rich	TRAIN	6	368.3	15.7	-293.42	8.08	0.23	1202
colight_rich	TRAIN	7	357.8	18.3	-309.94	8.61	0.23	1231
colight_rich	TRAIN	8	392.6	16.2	-320.16	8.85	0.24	1074
colight_rich	TRAIN	9	350.3	15.7	-298.93	8.42	0.22	1008
colight_rich	TRAIN	10	345.5	17.5	-275.71	7.73	0.19	1091
colight_rich	HELDOUT	10	316.0	100.0	-396.29	11.08	0.27	392
colight_rich	HELDOUT	10	304.4	100.0	-390.17	10.93	0.28	397
colight_rich	HELDOUT	10	321.3	100.0	-405.05	11.16	0.28	390
colight_rich	HELDOUT_MEAN	10	313.9	100.0	0.00	0.00	0.00	0
colight_rich	TRAIN	11	351.4	18.6	-292.90	8.14	0.23	1126
colight_rich	TRAIN	12	386.5	18.7	-355.73	9.48	0.26	980
colight_rich	TRAIN	13	371.4	18.6	-334.87	9.38	0.26	974
colight_rich	TRAIN	14	366.8	18.6	-338.54	9.10	0.25	962
colight_rich	TRAIN	15	456.9	18.9	-362.47	9.61	0.26	877
colight_rich	TRAIN	16	398.3	18.6	-351.82	9.41	0.25	950
colight_rich	TRAIN	17	393.0	18.4	-384.43	10.08	0.28	760
colight_rich	TRAIN	18	378.1	17.6	-378.76	10.01	0.27	776
colight_rich	TRAIN	19	433.1	18.0	-384.72	10.25	0.29	851
colight_rich	TRAIN	20	411.7	17.7	-376.80	10.09	0.28	795
colight_rich	HELDOUT	20	416.7	100.0	-445.74	12.15	0.33	363
colight_rich	HELDOUT	20	362.0	100.0	-446.91	12.03	0.34	425
colight_rich	HELDOUT	20	387.3	100.0	-454.08	12.20	0.35	368
colight_rich	HELDOUT_MEAN	20	388.7	100.0	0.00	0.00	0.00	0
colight_rich	TRAIN	21	420.1	17.8	-394.90	10.64	0.28	801
colight_rich	TRAIN	22	399.4	17.8	-419.34	11.28	0.30	649
colight_rich	TRAIN	23	435.3	17.9	-416.79	11.25	0.31	676
colight_rich	TRAIN	24	443.2	17.9	-367.42	9.91	0.26	815
colight_rich	TRAIN	25	355.2	17.7	-352.44	9.82	0.25	608
colight_rich	TRAIN	26	312.5	18.1	-349.17	9.81	0.24	627
colight_rich	TRAIN	27	308.4	18.6	-349.10	9.83	0.24	636
colight_rich	TRAIN	28	335.8	19.1	-361.81	10.05	0.23	601
colight_rich	TRAIN	29	325.4	20.4	-350.78	9.81	0.24	612
colight_rich	TRAIN	30	337.0	21.4	-338.12	9.58	0.24	571
colight_rich	HELDOUT	30	322.6	100.0	-392.29	10.99	0.26	400
colight_rich	HELDOUT	30	306.3	100.0	-398.70	11.03	0.27	376
colight_rich	HELDOUT	30	320.1	100.0	-406.57	11.18	0.28	399
colight_rich	HELDOUT_MEAN	30	316.3	100.0	0.00	0.00	0.00	0
colight_rich	TRAIN	31	389.5	20.6	-396.08	10.97	0.27	499
colight_rich	TRAIN	32	359.8	21.1	-380.24	10.60	0.26	566
colight_rich	TRAIN	33	376.2	21.1	-397.94	11.03	0.27	537
colight_rich	TRAIN	34	385.6	22.8	-391.29	10.84	0.26	470
colight_rich	TRAIN	35	365.5	23.5	-374.55	10.46	0.25	505
colight_rich	TRAIN	36	307.7	23.4	-368.21	10.33	0.25	536
colight_rich	TRAIN	37	381.7	22.3	-371.28	10.56	0.26	527
colight_rich	TRAIN	38	333.4	23.3	-373.99	10.46	0.25	489
colight_rich	TRAIN	39	359.0	39.2	-372.37	10.32	0.24	512
colight_rich	TRAIN	40	323.2	63.0	-370.73	10.35	0.25	470
colight_rich	HELDOUT	40	315.8	100.0	-390.51	10.92	0.26	397
colight_rich	HELDOUT	40	310.5	100.0	-383.45	10.79	0.27	401
colight_rich	HELDOUT	40	335.2	100.0	-401.81	11.08	0.27	389
colight_rich	HELDOUT_MEAN	40	320.5	100.0	0.00	0.00	0.00	0
colight_rich	TRAIN	41	319.0	44.1	-383.82	10.63	0.27	428
colight_rich	TRAIN	42	309.8	32.3	-390.17	10.87	0.27	443
colight_rich	TRAIN	43	373.8	27.6	-397.98	11.04	0.27	422
colight_rich	TRAIN	44	359.0	30.3	-373.77	10.37	0.25	472
colight_rich	TRAIN	45	308.8	29.7	-381.78	10.77	0.26	412
colight_rich	TRAIN	46	337.5	38.5	-383.08	10.76	0.26	437
colight_rich	TRAIN	47	311.7	37.9	-385.85	10.81	0.26	433
colight_rich	TRAIN	48	351.5	41.5	-388.56	10.85	0.26	437
colight_rich	TRAIN	49	368.4	49.4	-395.10	10.88	0.27	370
colight_rich	TRAIN	50	323.7	51.4	-382.71	10.70	0.27	376
colight_rich	HELDOUT	50	356.2	100.0	-396.78	10.98	0.29	365
colight_rich	HELDOUT	50	325.9	100.0	-394.54	11.01	0.30	360
colight_rich	HELDOUT	50	373.6	100.0	-400.24	10.97	0.30	363
colight_rich	HELDOUT_MEAN	50	351.9	100.0	0.00	0.00	0.00	0
colight_rich	TRAIN	51	358.9	60.3	-389.24	10.75	0.29	408
colight_rich	TRAIN	52	413.7	63.1	-404.16	11.03	0.29	385
colight_rich	TRAIN	53	401.9	58.0	-403.32	10.91	0.29	434
colight_rich	TRAIN	54	403.5	67.3	-399.99	10.89	0.28	408
colight_rich	TRAIN	55	377.4	71.7	-392.63	10.62	0.28	408
colight_rich	TRAIN	56	341.2	82.3	-413.57	11.25	0.30	366
colight_rich	TRAIN	57	349.7	91.0	-408.40	11.15	0.29	380
colight_rich	TRAIN	58	360.7	86.8	-405.37	11.09	0.28	410
colight_rich	TRAIN	59	351.1	92.6	-399.76	11.02	0.28	362
colight_rich	TRAIN	60	342.9	105.3	-397.32	10.78	0.27	387
colight_rich	HELDOUT	60	375.8	100.0	-401.48	11.01	0.29	367
colight_rich	HELDOUT	60	324.3	100.0	-400.59	10.95	0.29	361
colight_rich	HELDOUT	60	369.0	100.0	-416.61	11.29	0.29	370
colight_rich	HELDOUT_MEAN	60	356.4	100.0	0.00	0.00	0.00	0
colight_rich	TRAIN	61	403.2	113.0	-408.14	11.17	0.30	383
colight_rich	TRAIN	62	323.6	121.1	-419.13	11.26	0.28	409
colight_rich	TRAIN	63	349.8	133.6	-417.31	11.34	0.29	370
colight_rich	TRAIN	64	350.0	131.1	-403.83	10.85	0.28	408
colight_rich	TRAIN	65	350.1	144.4	-392.72	10.83	0.28	429
colight_rich	TRAIN	66	321.2	138.9	-410.47	11.18	0.29	420
colight_rich	TRAIN	67	346.6	127.2	-389.08	10.65	0.28	428
colight_rich	TRAIN	68	350.4	110.2	-405.59	11.06	0.28	394
colight_rich	TRAIN	69	359.6	107.1	-414.30	11.18	0.29	364
colight_rich	TRAIN	70	321.2	113.2	-407.33	10.98	0.28	358
colight_rich	HELDOUT	70	370.3	100.0	-401.20	11.08	0.28	412
colight_rich	HELDOUT	70	310.3	100.0	-401.04	11.06	0.28	383
colight_rich	HELDOUT	70	356.3	100.0	-405.43	11.11	0.29	397
colight_rich	HELDOUT_MEAN	70	345.6	100.0	0.00	0.00	0.00	0
colight_rich	TRAIN	71	352.0	89.8	-409.33	11.13	0.30	351
colight_rich	TRAIN	72	372.6	87.5	-422.40	11.30	0.28	402
colight_rich	TRAIN	73	343.9	85.5	-414.45	11.25	0.28	353
colight_rich	TRAIN	74	338.0	89.0	-410.69	11.02	0.28	377
colight_rich	TRAIN	75	375.4	77.6	-383.81	10.55	0.28	414
colight_rich	TRAIN	76	363.9	81.0	-406.36	11.12	0.29	395
colight_rich	TRAIN	77	349.1	77.1	-400.54	10.99	0.28	415
colight_rich	TRAIN	78	340.8	73.9	-397.97	10.98	0.27	423
colight_rich	TRAIN	79	364.8	67.9	-403.13	11.03	0.28	384
colight_rich	TRAIN	80	379.2	46.0	-384.27	10.61	0.27	433
colight_rich	HELDOUT	80	350.1	100.0	-406.40	11.18	0.28	361
colight_rich	HELDOUT	80	349.0	100.0	-396.71	10.88	0.28	373
colight_rich	HELDOUT	80	364.5	100.0	-411.14	11.22	0.29	362
colight_rich	HELDOUT_MEAN	80	354.5	100.0	0.00	0.00	0.00	0
colight_rich	TRAIN	81	315.8	33.8	-398.09	11.04	0.29	402
colight_rich	TRAIN	82	339.4	37.1	-406.16	11.21	0.28	419
colight_rich	TRAIN	83	336.2	37.9	-401.44	11.13	0.28	374
colight_rich	TRAIN	84	309.4	41.9	-384.59	10.64	0.26	422
colight_rich	TRAIN	85	301.2	40.4	-390.97	10.86	0.27	392
colight_rich	TRAIN	86	304.7	35.2	-389.46	10.84	0.28	415
colight_rich	TRAIN	87	304.6	31.3	-391.48	11.00	0.28	393
colight_rich	TRAIN	88	318.5	26.9	-387.75	10.87	0.25	446
colight_rich	TRAIN	89	378.6	26.1	-392.84	10.91	0.28	387
colight_rich	TRAIN	90	357.9	24.5	-388.68	10.71	0.27	409
colight_rich	HELDOUT	90	319.7	100.0	-392.70	10.97	0.28	399
colight_rich	HELDOUT	90	300.1	100.0	-382.63	10.77	0.27	400
colight_rich	HELDOUT	90	325.8	100.0	-401.40	11.07	0.28	394
colight_rich	HELDOUT_MEAN	90	315.2	100.0	0.00	0.00	0.00	0
colight_rich	TRAIN	91	331.8	32.9	-385.77	10.84	0.28	404
colight_rich	TRAIN	92	347.8	32.7	-395.36	10.95	0.28	447
colight_rich	TRAIN	93	344.1	28.0	-395.48	10.93	0.27	426
colight_rich	TRAIN	94	346.0	29.7	-386.87	10.73	0.26	431
colight_rich	TRAIN	95	322.9	31.7	-380.04	10.63	0.27	423
colight_rich	TRAIN	96	328.0	29.2	-388.81	10.88	0.28	433
colight_rich	TRAIN	97	314.2	37.4	-399.18	11.12	0.29	399
colight_rich	TRAIN	98	342.8	38.0	-388.98	10.88	0.27	443
colight_rich	TRAIN	99	336.8	34.9	-391.03	10.89	0.28	372
colight_rich	TRAIN	100	340.8	27.8	-389.71	10.85	0.26	415
colight_rich	HELDOUT	100	315.1	100.0	-393.18	11.01	0.27	391
colight_rich	HELDOUT	100	285.3	100.0	-377.52	10.65	0.26	399
colight_rich	HELDOUT	100	338.1	100.0	-403.60	11.15	0.28	380
colight_rich	HELDOUT_MEAN	100	312.8	100.0	0.00	0.00	0.00	0
colight_rich	TRAIN	101	353.7	20.3	-402.08	11.18	0.28	407
colight_rich	TRAIN	102	296.5	19.4	-389.19	10.82	0.27	449
colight_rich	TRAIN	103	305.0	15.8	-407.81	11.25	0.28	360
colight_rich	TRAIN	104	332.6	12.7	-378.33	10.53	0.27	429
colight_rich	TRAIN	105	293.4	14.5	-374.33	10.43	0.26	402
colight_rich	TRAIN	106	353.9	18.5	-392.13	10.90	0.27	424
colight_rich	TRAIN	107	321.5	19.7	-386.57	10.85	0.28	439
colight_rich	TRAIN	108	308.9	20.6	-390.51	10.94	0.27	428
colight_rich	TRAIN	109	348.2	18.3	-391.38	10.87	0.27	397
colight_rich	TRAIN	110	347.6	18.8	-384.13	10.66	0.27	425
colight_rich	HELDOUT	110	318.0	100.0	-388.52	10.87	0.27	404
colight_rich	HELDOUT	110	294.3	100.0	-381.75	10.73	0.27	402
colight_rich	HELDOUT	110	325.5	100.0	-398.30	11.05	0.28	391
colight_rich	HELDOUT_MEAN	110	312.6	100.0	0.00	0.00	0.00	0
colight_rich	TRAIN	111	320.3	21.1	-388.13	10.83	0.29	407
colight_rich	TRAIN	112	324.0	12.6	-400.91	11.16	0.28	419
colight_rich	TRAIN	113	303.1	11.5	-398.50	11.12	0.28	367
colight_rich	TRAIN	114	319.8	9.4	-382.55	10.57	0.27	429
colight_rich	TRAIN	115	295.2	9.1	-381.95	10.72	0.27	386
colight_rich	TRAIN	116	314.2	9.6	-394.00	11.03	0.27	428
colight_rich	TRAIN	117	330.6	7.7	-381.39	10.76	0.28	441
colight_rich	TRAIN	118	312.7	7.7	-390.90	10.94	0.26	439
colight_rich	TRAIN	119	354.5	8.5	-388.62	10.83	0.26	382
colight_rich	TRAIN	120	314.0	7.9	-384.92	10.78	0.27	391
colight_rich	HELDOUT	120	319.2	100.0	-392.81	11.00	0.27	398
colight_rich	HELDOUT	120	295.9	100.0	-382.98	10.76	0.27	400
colight_rich	HELDOUT	120	319.5	100.0	-400.96	11.11	0.28	391
colight_rich	HELDOUT_MEAN	120	311.5	100.0	0.00	0.00	0.00	0
colight_rich	TRAIN	121	335.0	9.5	-375.81	10.53	0.27	438
colight_rich	TRAIN	122	330.1	10.3	-397.33	11.04	0.26	465
colight_rich	TRAIN	123	322.3	9.2	-398.83	11.11	0.27	383
colight_rich	TRAIN	124	363.7	8.2	-393.49	10.91	0.27	427
colight_rich	TRAIN	125	318.6	7.4	-382.22	10.70	0.26	393
colight_rich	TRAIN	126	303.1	7.2	-385.37	10.84	0.28	445
colight_rich	TRAIN	127	322.5	7.6	-382.19	10.71	0.28	444
colight_rich	TRAIN	128	315.7	7.9	-385.90	10.88	0.26	428
colight_rich	TRAIN	129	334.0	8.1	-390.71	10.89	0.28	361
colight_rich	TRAIN	130	319.4	7.7	-382.20	10.69	0.26	413
colight_rich	HELDOUT	130	325.5	100.0	-390.43	10.97	0.27	397
colight_rich	HELDOUT	130	293.3	100.0	-377.55	10.65	0.27	392
colight_rich	HELDOUT	130	332.2	100.0	-399.51	11.09	0.28	388
colight_rich	HELDOUT_MEAN	130	317.0	100.0	0.00	0.00	0.00	0
colight_rich	TRAIN	131	315.8	7.7	-387.93	10.91	0.28	402
colight_rich	TRAIN	132	333.8	8.8	-398.39	11.12	0.27	441
colight_rich	TRAIN	133	314.5	8.3	-406.94	11.24	0.28	385
colight_rich	TRAIN	134	320.2	8.1	-383.70	10.59	0.26	494
colight_rich	TRAIN	135	304.3	7.6	-378.67	10.53	0.27	400
colight_rich	TRAIN	136	321.9	7.7	-390.86	10.99	0.28	413
colight_rich	TRAIN	137	321.7	7.9	-394.28	11.03	0.28	388
colight_rich	TRAIN	138	312.6	7.5	-385.55	10.79	0.27	405
colight_rich	TRAIN	139	359.0	7.6	-391.53	10.83	0.27	411
colight_rich	TRAIN	140	338.9	7.6	-389.26	10.81	0.28	382
colight_rich	HELDOUT	140	322.5	100.0	-390.31	10.97	0.26	394
colight_rich	HELDOUT	140	293.2	100.0	-380.75	10.72	0.27	405
colight_rich	HELDOUT	140	337.7	100.0	-392.99	10.91	0.28	397
colight_rich	HELDOUT_MEAN	140	317.8	100.0	0.00	0.00	0.00	0
colight_rich	TRAIN	141	293.2	8.5	-372.73	10.47	0.27	436
colight_rich	TRAIN	142	332.6	7.6	-389.68	10.88	0.27	467
colight_rich	TRAIN	143	334.4	8.2	-402.67	11.10	0.28	402
colight_rich	TRAIN	144	307.4	8.1	-394.31	10.91	0.28	384
colight_rich	TRAIN	145	327.2	10.2	-378.90	10.66	0.26	411
colight_rich	TRAIN	146	307.7	11.2	-394.63	10.94	0.27	393
colight_rich	TRAIN	147	302.2	10.7	-391.71	10.98	0.28	407
colight_rich	TRAIN	148	302.5	11.7	-390.56	10.96	0.27	412
colight_rich	TRAIN	149	374.6	10.9	-379.63	10.57	0.26	435
colight_rich	TRAIN	150	343.1	9.3	-384.92	10.76	0.27	405
colight_rich	HELDOUT	150	328.0	100.0	-395.07	11.02	0.27	397
colight_rich	HELDOUT	150	300.5	100.0	-380.96	10.65	0.27	399
colight_rich	HELDOUT	150	336.7	100.0	-401.30	11.06	0.28	380
colight_rich	HELDOUT_MEAN	150	321.8	100.0	0.00	0.00	0.00	0
colight_rich	TRAIN	151	313.1	8.0	-387.51	10.83	0.28	422
colight_rich	TRAIN	152	327.9	6.8	-401.64	11.17	0.28	434
colight_rich	TRAIN	153	331.5	6.7	-399.15	11.12	0.27	407
colight_rich	TRAIN	154	333.2	6.2	-374.83	10.50	0.26	444
colight_rich	TRAIN	155	306.0	6.4	-378.47	10.68	0.26	435
colight_rich	TRAIN	156	337.1	6.6	-382.11	10.75	0.27	482
colight_rich	TRAIN	157	320.4	7.1	-388.09	10.92	0.27	447
colight_rich	TRAIN	158	317.7	6.8	-389.77	10.96	0.26	426
colight_rich	TRAIN	159	339.8	6.4	-384.53	10.73	0.26	382
colight_rich	TRAIN	160	321.7	6.2	-391.69	10.89	0.27	395
colight_rich	HELDOUT	160	300.0	100.0	-392.57	11.02	0.26	405
colight_rich	HELDOUT	160	291.8	100.0	-383.08	10.76	0.27	395
colight_rich	HELDOUT	160	332.9	100.0	-397.85	11.03	0.28	410
colight_rich	HELDOUT_MEAN	160	308.2	100.0	0.00	0.00	0.00	0
colight_rich	TRAIN	161	337.9	5.9	-388.89	10.85	0.28	412
colight_rich	TRAIN	162	316.6	6.3	-400.89	11.22	0.27	415
colight_rich	TRAIN	163	347.5	8.3	-393.21	10.94	0.28	409
colight_rich	TRAIN	164	317.6	7.3	-382.59	10.58	0.26	459
colight_rich	TRAIN	165	298.2	7.9	-377.55	10.61	0.26	413
colight_rich	TRAIN	166	304.4	6.9	-390.74	10.97	0.27	386
colight_rich	TRAIN	167	355.3	6.6	-380.38	10.77	0.28	451
colight_rich	TRAIN	168	311.9	7.5	-392.96	11.02	0.27	414
colight_rich	TRAIN	169	352.7	7.0	-390.63	10.89	0.26	392
colight_rich	TRAIN	170	352.8	6.2	-385.77	10.77	0.27	390
colight_rich	HELDOUT	170	316.6	100.0	-386.52	10.88	0.26	411
colight_rich	HELDOUT	170	295.6	100.0	-376.87	10.65	0.26	407
colight_rich	HELDOUT	170	327.6	100.0	-396.24	11.02	0.28	383
colight_rich	HELDOUT_MEAN	170	313.3	100.0	0.00	0.00	0.00	0
colight_rich	TRAIN	171	336.2	6.3	-387.02	10.87	0.28	399
colight_rich	TRAIN	172	352.4	5.9	-399.12	11.13	0.27	448
colight_rich	TRAIN	173	326.4	5.6	-400.71	11.10	0.27	385
colight_rich	TRAIN	174	316.9	5.6	-387.12	10.75	0.27	415
colight_rich	TRAIN	175	287.5	6.0	-379.27	10.63	0.26	382
colight_rich	TRAIN	176	313.6	6.2	-399.54	11.10	0.28	397
colight_rich	TRAIN	177	318.5	6.5	-389.10	10.89	0.28	421
colight_rich	TRAIN	178	356.5	6.5	-393.80	11.02	0.27	414
colight_rich	TRAIN	179	341.3	5.9	-391.95	10.94	0.27	363
colight_rich	TRAIN	180	367.3	6.8	-370.55	10.36	0.25	417
colight_rich	HELDOUT	180	308.5	100.0	-394.82	11.10	0.27	384
colight_rich	HELDOUT	180	294.2	100.0	-380.73	10.76	0.27	390
colight_rich	HELDOUT	180	325.1	100.0	-395.96	10.99	0.28	379
colight_rich	HELDOUT_MEAN	180	309.3	100.0	0.00	0.00	0.00	0
colight_rich	TRAIN	181	317.2	8.6	-383.24	10.75	0.28	423
colight_rich	TRAIN	182	362.0	8.1	-393.56	10.95	0.27	454
colight_rich	TRAIN	183	310.9	8.0	-402.60	11.17	0.28	372
colight_rich	TRAIN	184	300.6	7.6	-383.43	10.65	0.26	412
colight_rich	TRAIN	185	304.5	8.6	-374.34	10.51	0.26	402
colight_rich	TRAIN	186	293.9	7.0	-392.13	10.92	0.27	397
colight_rich	TRAIN	187	303.2	6.1	-392.81	11.02	0.28	389
colight_rich	TRAIN	188	329.5	5.9	-391.60	11.04	0.27	402
colight_rich	TRAIN	189	350.8	6.4	-381.24	10.62	0.26	403
colight_rich	TRAIN	190	298.7	6.0	-389.59	10.83	0.27	361
colight_rich	HELDOUT	190	307.3	100.0	-388.33	10.90	0.26	395
colight_rich	HELDOUT	190	274.7	100.0	-378.70	10.68	0.26	403
colight_rich	HELDOUT	190	332.3	100.0	-400.40	11.07	0.27	398
colight_rich	HELDOUT_MEAN	190	304.8	100.0	0.00	0.00	0.00	0
colight_rich	TRAIN	191	316.1	6.4	-395.44	11.06	0.28	381
colight_rich	TRAIN	192	343.4	6.5	-385.42	10.71	0.27	487
colight_rich	TRAIN	193	320.3	6.6	-399.99	11.15	0.27	381
colight_rich	TRAIN	194	287.4	5.9	-385.16	10.74	0.26	423
colight_rich	TRAIN	195	295.8	5.6	-384.67	10.75	0.26	410
colight_rich	TRAIN	196	319.6	5.6	-387.55	10.84	0.26	414
colight_rich	TRAIN	197	314.0	5.6	-390.34	10.94	0.28	394
colight_rich	TRAIN	198	305.6	6.0	-385.26	10.88	0.26	415
colight_rich	TRAIN	199	353.5	6.8	-382.69	10.65	0.25	412
colight_rich	TRAIN	200	343.9	6.9	-381.92	10.70	0.26	440
colight_rich	HELDOUT	200	306.6	100.0	-387.70	10.91	0.26	401
colight_rich	HELDOUT	200	285.5	100.0	-385.46	10.85	0.27	398
colight_rich	HELDOUT	200	326.2	100.0	-393.38	10.93	0.28	378
colight_rich	HELDOUT_MEAN	200	306.1	100.0	0.00	0.00	0.00	0
colight_rich	TRAIN	201	318.2	6.6	-388.27	10.91	0.28	382
colight_rich	TRAIN	202	309.7	7.0	-395.01	10.91	0.26	434
colight_rich	TRAIN	203	314.3	6.2	-391.00	10.90	0.26	419
colight_rich	TRAIN	204	312.7	6.4	-390.27	10.73	0.26	423
colight_rich	TRAIN	205	288.3	6.7	-384.57	10.76	0.26	391
colight_rich	TRAIN	206	306.5	6.0	-401.74	11.18	0.27	383
colight_rich	TRAIN	207	301.8	6.3	-391.67	10.98	0.28	397
colight_rich	TRAIN	208	347.6	7.9	-392.81	11.02	0.26	428
colight_rich	TRAIN	209	352.6	8.4	-394.12	10.97	0.27	385
colight_rich	HELDOUT	500	317.5	100.0	-391.34	10.99	0.26	393
colight_rich	HELDOUT	500	278.7	100.0	-380.32	10.74	0.27	401
colight_rich	HELDOUT	500	338.9	100.0	-395.24	10.97	0.27	414
colight_rich	HELDOUT_MEAN	500	311.7	100.0	0.00	0.00	0.00	0
colight_rich	HELDOUT	190	312.2	100.0	-389.02	10.95	0.26	407
colight_rich	HELDOUT	190	301.8	100.0	-378.92	10.70	0.26	412
colight_rich	HELDOUT	190	322.9	100.0	-400.44	11.07	0.28	388
colight_rich	HELDOUT_MEAN	190	312.3	100.0	0.00	0.00	0.00	0
