presslight_rich	TRAIN	0	209.5	0.0	-9.07	1.00	0.05	678
presslight_rich	HELDOUT	0	395.5	100.0	-41.35	6.06	0.11	349
presslight_rich	HELDOUT	0	405.3	100.0	-41.94	6.32	0.11	369
presslight_rich	HELDOUT	0	375.2	100.0	-45.67	6.14	0.11	353
presslight_rich	HELDOUT_MEAN	0	392.0	100.0	0.00	0.00	0.00	0
presslight_rich	TRAIN	1	218.1	0.0	-8.38	1.14	0.05	718
presslight_rich	TRAIN	2	205.2	0.0	-9.65	1.02	0.05	732
presslight_rich	TRAIN	3	216.5	0.0	-10.64	1.22	0.06	783
presslight_rich	TRAIN	4	206.5	0.0	-8.16	0.99	0.05	689
presslight_rich	TRAIN	5	242.2	0.9	-13.42	2.25	0.07	597
presslight_rich	TRAIN	6	350.1	1.8	-35.36	3.97	0.10	550
presslight_rich	TRAIN	7	339.2	3.2	-20.48	3.90	0.10	565
presslight_rich	TRAIN	8	307.9	5.4	-28.94	3.34	0.09	618
presslight_rich	TRAIN	9	318.9	7.8	-16.50	2.76	0.09	655
presslight_rich	TRAIN	10	303.5	9.4	-16.52	2.35	0.08	626
presslight_rich	HELDOUT	10	265.4	100.0	-30.39	3.23	0.08	526
presslight_rich	HELDOUT	10	249.8	100.0	-31.40	3.27	0.08	568
presslight_rich	HELDOUT	10	224.7	100.0	-13.86	2.34	0.08	589
presslight_rich	HELDOUT_MEAN	10	246.6	100.0	0.00	0.00	0.00	0
presslight_rich	TRAIN	11	242.0	10.6	-10.18	1.77	0.07	670
presslight_rich	TRAIN	12	235.5	10.6	-11.66	1.85	0.07	673
presslight_rich	TRAIN	13	221.6	10.7	-14.18	1.73	0.07	721
presslight_rich	TRAIN	14	207.7	10.7	-7.79	1.10	0.06	680
presslight_rich	TRAIN	15	209.4	10.3	-7.24	1.31	0.06	688
presslight_rich	TRAIN	16	201.3	10.0	-8.57	1.20	0.06	691
presslight_rich	TRAIN	17	197.8	9.1	-7.03	0.98	0.05	740
presslight_rich	TRAIN	18	204.5	8.8	-9.30	1.25	0.06	737
presslight_rich	TRAIN	19	204.7	8.6	-8.31	1.19	0.06	708
presslight_rich	TRAIN	20	196.1	8.7	-11.50	0.92	0.05	676
presslight_rich	HELDOUT	20	190.4	100.0	-14.97	1.05	0.05	698
presslight_rich	HELDOUT	20	189.5	100.0	-13.79	0.98	0.05	732
presslight_rich	HELDOUT	20	190.8	100.0	-13.31	1.04	0.05	707
presslight_rich	HELDOUT_MEAN	20	190.3	100.0	0.00	0.00	0.00	0
presslight_rich	TRAIN	21	191.1	8.6	-7.05	0.83	0.05	712
presslight_rich	TRAIN	22	189.2	8.3	-7.07	0.83	0.05	727
presslight_rich	TRAIN	23	186.6	8.0	-9.03	1.00	0.05	765
presslight_rich	TRAIN	24	186.9	7.8	-6.23	0.79	0.05	691
presslight_rich	TRAIN	25	181.4	7.6	-6.85	0.65	0.04	743
presslight_rich	TRAIN	26	180.0	7.4	-6.57	0.67	0.04	733
presslight_rich	TRAIN	27	175.0	7.3	-7.14	0.61	0.04	754
presslight_rich	TRAIN	28	182.2	7.0	-7.91	0.71	0.04	763
presslight_rich	TRAIN	29	177.3	7.1	-6.54	0.58	0.04	736
presslight_rich	TRAIN	30	185.0	7.0	-9.13	0.68	0.04	689
presslight_rich	HELDOUT	30	184.1	100.0	-12.35	0.96	0.05	688
presslight_rich	HELDOUT	30	189.8	100.0	-19.86	1.51	0.05	686
presslight_rich	HELDOUT	30	182.2	100.0	-12.68	1.09	0.05	685
presslight_rich	HELDOUT_MEAN	30	185.4	100.0	0.00	0.00	0.00	0
presslight_rich	TRAIN	31	179.9	6.9	-10.05	0.69	0.04	718
presslight_rich	TRAIN	32	178.5	6.8	-7.59	0.63	0.04	743
presslight_rich	TRAIN	33	178.2	6.5	-7.93	0.67	0.04	792
presslight_rich	TRAIN	34	179.7	6.3	-7.28	0.63	0.04	699
presslight_rich	TRAIN	35	180.7	5.7	-6.08	0.70	0.04	733
presslight_rich	TRAIN	36	175.4	5.2	-6.57	0.60	0.04	736
presslight_rich	TRAIN	37	174.5	4.6	-6.37	0.58	0.04	759
presslight_rich	TRAIN	38	171.8	4.0	-7.04	0.56	0.04	766
presslight_rich	TRAIN	39	172.0	3.5	-5.50	0.52	0.03	737
presslight_rich	TRAIN	40	170.4	3.2	-6.14	0.51	0.03	687
presslight_rich	HELDOUT	40	168.0	100.0	-5.94	0.47	0.03	732
presslight_rich	HELDOUT	40	177.9	100.0	-8.37	0.61	0.04	768
presslight_rich	HELDOUT	40	168.9	100.0	-6.23	0.49	0.03	745
presslight_rich	HELDOUT_MEAN	40	171.6	100.0	0.00	0.00	0.00	0
presslight_rich	TRAIN	41	172.2	2.9	-5.59	0.52	0.03	730
presslight_rich	TRAIN	42	169.7	2.5	-5.83	0.50	0.03	747
presslight_rich	TRAIN	43	167.8	2.4	-6.03	0.50	0.03	799
presslight_rich	TRAIN	44	165.0	2.4	-5.43	0.41	0.03	705
presslight_rich	TRAIN	45	168.7	2.3	-5.51	0.45	0.03	748
presslight_rich	TRAIN	46	165.7	2.1	-5.57	0.42	0.03	745
presslight_rich	TRAIN	47	166.0	2.1	-5.91	0.45	0.03	759
presslight_rich	TRAIN	48	163.8	1.9	-5.86	0.43	0.03	775
presslight_rich	TRAIN	49	166.3	1.9	-5.30	0.43	0.03	740
presslight_rich	TRAIN	50	165.2	1.8	-5.62	0.41	0.03	696
presslight_rich	HELDOUT	50	164.1	100.0	-6.02	0.42	0.03	732
presslight_rich	HELDOUT	50	166.3	100.0	-6.46	0.44	0.03	767
presslight_rich	HELDOUT	50	162.7	100.0	-6.03	0.40	0.03	747
presslight_rich	HELDOUT_MEAN	50	164.4	100.0	0.00	0.00	0.00	0
presslight_rich	TRAIN	51	164.6	1.7	-5.59	0.41	0.03	731
presslight_rich	TRAIN	52	162.9	1.6	-5.60	0.41	0.03	749
presslight_rich	TRAIN	53	168.0	1.5	-6.30	0.49	0.03	798
presslight_rich	TRAIN	54	163.6	1.5	-5.44	0.39	0.03	705
presslight_rich	TRAIN	55	164.2	1.5	-5.59	0.40	0.03	747
presslight_rich	TRAIN	56	164.5	1.4	-5.45	0.40	0.03	744
presslight_rich	TRAIN	57	162.9	1.4	-6.05	0.41	0.03	761
presslight_rich	TRAIN	58	162.7	1.3	-5.83	0.42	0.03	771
presslight_rich	TRAIN	59	166.2	1.3	-5.38	0.43	0.03	739
presslight_rich	TRAIN	60	162.1	1.3	-5.76	0.36	0.03	695
presslight_rich	HELDOUT	60	162.8	100.0	-5.93	0.40	0.03	733
presslight_rich	HELDOUT	60	164.6	100.0	-6.32	0.43	0.03	769
presslight_rich	HELDOUT	60	162.6	100.0	-6.04	0.40	0.03	746
presslight_rich	HELDOUT_MEAN	60	163.4	100.0	0.00	0.00	0.00	0
presslight_rich	TRAIN	61	163.9	1.3	-5.66	0.39	0.03	731
presslight_rich	TRAIN	62	164.7	1.3	-5.70	0.43	0.03	746
presslight_rich	TRAIN	63	166.4	1.3	-6.24	0.49	0.03	794
presslight_rich	TRAIN	64	162.2	1.2	-5.46	0.36	0.03	707
presslight_rich	TRAIN	65	165.3	1.2	-5.67	0.40	0.03	746
presslight_rich	TRAIN	66	164.7	1.2	-5.64	0.40	0.03	743
presslight_rich	TRAIN	67	163.8	1.2	-5.94	0.43	0.03	759
presslight_rich	TRAIN	68	163.3	1.1	-6.02	0.44	0.03	770
presslight_rich	TRAIN	69	165.6	1.1	-5.58	0.42	0.03	740
presslight_rich	TRAIN	70	162.3	1.1	-5.50	0.37	0.03	694
presslight_rich	HELDOUT	70	161.9	100.0	-5.64	0.39	0.03	734
presslight_rich	HELDOUT	70	163.8	100.0	-6.02	0.41	0.03	767
presslight_rich	HELDOUT	70	162.2	100.0	-5.95	0.39	0.03	750
presslight_rich	HELDOUT_MEAN	70	162.7	100.0	0.00	0.00	0.00	0
presslight_rich	TRAIN	71	161.9	1.1	-5.50	0.36	0.03	734
presslight_rich	TRAIN	72	161.8	1.1	-5.63	0.39	0.03	750
presslight_rich	TRAIN	73	164.9	1.1	-6.28	0.45	0.03	800
presslight_rich	TRAIN	74	163.3	1.1	-5.40	0.39	0.03	704
presslight_rich	TRAIN	75	165.5	1.1	-5.55	0.42	0.03	747
presslight_rich	TRAIN	76	164.4	1.1	-5.42	0.40	0.03	746
presslight_rich	TRAIN	77	161.7	1.1	-5.83	0.39	0.03	763
presslight_rich	TRAIN	78	162.0	1.1	-6.17	0.41	0.03	771
presslight_rich	TRAIN	79	164.6	1.1	-5.35	0.41	0.03	739
presslight_rich	TRAIN	80	163.0	1.1	-5.65	0.37	0.03	695
presslight_rich	HELDOUT	80	162.3	100.0	-5.89	0.40	0.03	732
presslight_rich	HELDOUT	80	162.6	100.0	-6.02	0.40	0.03	767
presslight_rich	HELDOUT	80	162.7	100.0	-6.10	0.39	0.03	748
presslight_rich	HELDOUT_MEAN	80	162.6	100.0	0.00	0.00	0.00	0
presslight_rich	TRAIN	81	163.1	1.1	-5.51	0.38	0.03	734
presslight_rich	TRAIN	82	164.7	1.1	-5.95	0.43	0.03	748
presslight_rich	TRAIN	83	164.5	1.1	-6.10	0.44	0.03	800
presslight_rich	TRAIN	84	161.7	1.1	-5.29	0.36	0.03	706
presslight_rich	TRAIN	85	163.0	1.0	-5.54	0.38	0.03	749
presslight_rich	TRAIN	86	162.3	1.0	-5.30	0.37	0.03	747
presslight_rich	TRAIN	87	160.6	1.1	-5.79	0.37	0.03	763
presslight_rich	TRAIN	88	162.0	1.0	-5.89	0.41	0.03	773
presslight_rich	TRAIN	89	162.8	1.0	-5.21	0.38	0.03	740
presslight_rich	HELDOUT	500	162.3	100.0	-5.89	0.40	0.03	732
presslight_rich	HELDOUT	500	162.6	100.0	-6.02	0.40	0.03	767
presslight_rich	HELDOUT	500	162.7	100.0	-6.10	0.39	0.03	748
presslight_rich	HELDOUT_MEAN	500	162.6	100.0	0.00	0.00	0.00	0
presslight_rich	HELDOUT	80	162.3	100.0	-5.89	0.40	0.03	732
presslight_rich	HELDOUT	80	162.6	100.0	-6.02	0.40	0.03	767
presslight_rich	HELDOUT	80	162.7	100.0	-6.10	0.39	0.03	748
presslight_rich	HELDOUT_MEAN	80	162.6	100.0	0.00	0.00	0.00	0
