presslight	TRAIN	0	352.6	0.0	-98.95	4.58	0.23	3826
presslight	TEST	0	843.1	100.0	-272.27	18.24	0.47	983
presslight	TRAIN	1	329.5	0.0	-90.77	4.25	0.23	3916
presslight	TEST	1	843.1	100.0	-272.27	18.24	0.47	983
presslight	TRAIN	2	334.2	21.9	-104.95	4.93	0.24	3526
presslight	TEST	2	549.0	100.0	-235.34	12.51	0.38	1421
presslight	TRAIN	3	580.4	20.3	-155.67	8.31	0.29	1873
presslight	TEST	3	533.1	100.0	-140.81	8.18	0.31	1407
presslight	TRAIN	4	586.7	44.6	-139.67	8.26	0.30	1565
presslight	TEST	4	401.7	100.0	-111.33	5.87	0.24	1993
presslight	TRAIN	5	430.0	66.5	-86.23	4.82	0.23	2642
presslight	TEST	5	355.5	100.0	-79.32	4.18	0.22	2957
presslight	TRAIN	6	345.9	69.2	-68.58	3.18	0.19	3258
presslight	TEST	6	338.4	100.0	-70.52	3.02	0.18	2723
presslight	TRAIN	7	347.5	63.5	-73.77	3.41	0.19	3120
presslight	TEST	7	367.7	100.0	-93.64	6.24	0.24	2272
presslight	TRAIN	8	334.7	61.8	-58.49	2.33	0.19	3615
presslight	TEST	8	339.8	100.0	-78.25	3.43	0.18	3570
presslight	TRAIN	9	324.5	57.5	-53.26	2.19	0.18	3648
presslight	TEST	9	335.5	100.0	-79.32	4.82	0.23	2729
presslight	TRAIN	10	351.3	52.5	-41.45	1.84	0.17	3712
presslight	TEST	10	346.0	100.0	-43.37	1.82	0.15	3660
presslight	TRAIN	11	302.0	49.1	-38.95	1.58	0.14	3944
presslight	TEST	11	246.4	100.0	-33.94	1.14	0.13	4034
presslight	TRAIN	12	251.8	46.1	-32.18	1.06	0.13	3994
presslight	TEST	12	404.5	100.0	-59.29	3.86	0.21	3020
presslight	TRAIN	13	316.3	44.4	-36.83	1.39	0.13	3918
presslight	TEST	13	299.7	100.0	-44.97	2.18	0.17	3383
presslight	TRAIN	14	293.5	42.4	-38.51	1.39	0.13	3928
presslight	TEST	14	253.5	100.0	-33.00	1.07	0.12	4029
presslight	TRAIN	15	260.5	39.1	-32.93	1.05	0.12	4022
presslight	TEST	15	268.9	100.0	-33.50	1.11	0.12	4043
presslight	TRAIN	16	250.3	38.6	-33.37	1.07	0.12	4036
presslight	TEST	16	249.0	100.0	-36.50	1.26	0.12	4003
presslight	TRAIN	17	289.2	38.6	-38.48	1.30	0.13	3965
presslight	TEST	17	281.2	100.0	-47.24	1.74	0.14	3791
presslight	TRAIN	18	320.5	35.0	-50.91	2.04	0.16	3744
presslight	TEST	18	254.4	100.0	-33.02	1.06	0.12	4022
presslight	TRAIN	19	269.8	29.3	-36.71	1.22	0.13	3864
presslight	TEST	19	236.3	100.0	-32.34	0.99	0.11	4021
presslight	TRAIN	20	259.7	25.6	-36.45	1.21	0.13	3880
presslight	TEST	20	256.7	100.0	-34.19	1.16	0.13	3995
presslight	TRAIN	21	233.7	23.0	-32.32	1.02	0.12	4010
presslight	TEST	21	268.7	100.0	-32.68	1.04	0.12	3921
presslight	TRAIN	22	249.3	19.8	-36.53	1.26	0.12	3969
presslight	TEST	22	283.6	100.0	-38.38	1.35	0.14	3723
presslight	TRAIN	23	249.3	17.6	-34.53	1.12	0.12	3862
presslight	TEST	23	242.6	100.0	-32.36	1.04	0.13	3990
presslight	TRAIN	24	329.4	16.5	-52.86	2.16	0.14	3621
presslight	TEST	24	255.5	100.0	-35.34	1.17	0.13	3889
presslight	TRAIN	25	304.6	18.5	-43.66	1.57	0.13	3730
presslight	TEST	25	318.3	100.0	-49.49	2.26	0.16	3317
presslight	TRAIN	26	298.9	20.0	-48.63	1.82	0.14	3663
presslight	TEST	26	252.4	100.0	-32.30	1.00	0.13	4007
presslight	TRAIN	27	276.4	18.6	-38.83	1.30	0.13	3895
presslight	TEST	27	258.6	100.0	-39.81	1.38	0.14	3917
presslight	TRAIN	28	229.6	17.7	-33.75	1.05	0.12	4035
presslight	TEST	28	225.3	100.0	-32.31	1.00	0.12	4035
presslight	TRAIN	29	246.6	16.8	-38.79	1.33	0.12	4022
presslight	TEST	29	263.9	100.0	-33.32	1.05	0.12	3948
presslight	TRAIN	30	235.0	17.4	-32.27	1.02	0.12	4031
presslight	TEST	30	279.6	100.0	-33.40	1.11	0.12	4008
presslight	TRAIN	31	241.3	16.8	-31.92	1.00	0.12	3967
presslight	TEST	31	355.8	100.0	-42.27	1.62	0.15	3601
presslight	TRAIN	32	243.8	17.0	-36.51	1.19	0.12	3849
presslight	TEST	32	308.4	100.0	-47.47	1.84	0.15	3820
presslight	TRAIN	33	247.9	16.2	-33.41	1.08	0.12	3992
presslight	TEST	33	235.4	100.0	-33.05	1.02	0.12	3977
presslight	TRAIN	34	252.0	17.5	-35.26	1.15	0.12	4031
presslight	TEST	34	229.2	100.0	-31.52	0.93	0.11	4042
presslight	TRAIN	35	235.8	18.1	-31.36	0.93	0.12	4047
presslight	TEST	35	224.1	100.0	-30.25	0.86	0.11	4025
presslight	TRAIN	36	260.3	16.7	-32.36	0.98	0.12	4016
presslight	TEST	36	350.6	100.0	-47.38	1.79	0.14	3822
presslight	TRAIN	37	239.7	16.6	-34.88	1.11	0.12	4019
presslight	TEST	37	252.0	100.0	-32.93	1.00	0.11	4061
presslight	TRAIN	38	234.0	17.1	-33.97	1.09	0.12	3874
presslight	TEST	38	253.1	100.0	-33.45	1.01	0.12	4017
presslight	TRAIN	39	237.6	14.8	-33.21	1.04	0.11	3856
presslight	TEST	39	256.9	100.0	-32.74	0.98	0.12	3870
presslight	TRAIN	40	264.0	12.9	-34.68	1.10	0.12	3959
presslight	TEST	40	233.5	100.0	-30.46	0.88	0.11	4011
presslight	TRAIN	41	282.7	12.0	-34.57	1.10	0.12	3954
presslight	TEST	41	247.8	100.0	-31.69	0.93	0.11	3962
presslight	TRAIN	42	252.0	13.0	-36.67	1.22	0.12	3929
presslight	TEST	42	235.4	100.0	-33.72	1.08	0.12	4015
presslight	TRAIN	43	259.1	11.9	-32.58	1.01	0.11	3961
presslight	TEST	43	256.0	100.0	-32.95	0.98	0.12	3992
presslight	TRAIN	44	243.6	11.2	-31.49	0.93	0.11	4061
presslight	TEST	44	246.3	100.0	-32.47	1.01	0.11	4013
presslight	TRAIN	45	259.5	11.7	-35.77	1.14	0.12	4016
presslight	TEST	45	246.5	100.0	-33.34	1.02	0.11	4039
presslight	TRAIN	46	232.5	13.3	-31.36	0.93	0.11	4054
presslight	TEST	46	245.9	100.0	-53.58	2.02	0.12	3897
presslight	TRAIN	47	228.9	13.7	-29.85	0.86	0.11	4033
presslight	TEST	47	229.2	100.0	-29.34	0.86	0.10	4043
presslight	TRAIN	48	260.7	12.8	-40.56	1.40	0.12	3788
presslight	TEST	48	232.1	100.0	-30.17	0.87	0.10	4060
presslight	TRAIN	49	226.8	13.7	-31.00	0.91	0.11	4047
presslight	TEST	49	245.7	100.0	-34.03	1.07	0.11	3983
presslight	TRAIN	50	235.3	13.8	-32.78	0.99	0.11	4060
presslight	TEST	50	265.3	100.0	-32.41	1.03	0.11	4000
presslight	TRAIN	51	257.6	15.4	-37.11	1.22	0.12	3951
presslight	TEST	51	251.8	100.0	-36.73	1.26	0.12	3696
presslight	TRAIN	52	250.2	15.7	-30.32	0.88	0.11	4051
presslight	TEST	52	245.0	100.0	-35.08	1.16	0.12	3857
presslight	TRAIN	53	247.5	15.6	-32.50	0.98	0.11	3975
presslight	TEST	53	289.3	100.0	-38.46	1.33	0.12	3917
presslight	TRAIN	54	269.1	15.3	-34.28	1.07	0.11	3939
presslight	TEST	54	252.6	100.0	-33.63	1.07	0.11	3898
presslight	TRAIN	55	258.7	15.4	-35.65	1.16	0.12	3879
presslight	TEST	55	227.7	100.0	-30.44	0.88	0.11	4031
presslight	TRAIN	56	289.9	15.5	-36.67	1.23	0.12	3663
presslight	TEST	56	285.7	100.0	-35.80	1.18	0.13	3981
presslight	TRAIN	57	260.0	14.2	-33.33	1.02	0.11	4053
presslight	TEST	57	249.8	100.0	-31.02	0.92	0.11	4013
presslight	TRAIN	58	254.5	14.4	-34.56	1.12	0.12	3774
presslight	TEST	58	234.3	100.0	-30.59	0.90	0.11	3955
presslight	TRAIN	59	247.6	14.9	-31.26	0.94	0.11	3976
presslight	TEST	59	245.0	100.0	-30.50	0.88	0.11	4064
presslight	TRAIN	60	253.4	14.0	-31.71	0.94	0.11	4045
presslight	TEST	60	238.2	100.0	-31.61	0.92	0.11	4046
presslight	TRAIN	61	238.7	13.4	-29.50	0.85	0.10	4047
presslight	TEST	61	234.2	100.0	-30.28	0.88	0.11	4022
presslight	TRAIN	62	231.9	12.2	-29.85	0.82	0.10	3996
presslight	TEST	62	266.8	100.0	-34.64	1.05	0.11	3998
presslight	TRAIN	63	290.6	12.3	-36.70	1.23	0.12	3888
presslight	TEST	63	242.9	100.0	-32.77	1.02	0.11	3986
presslight	TRAIN	64	256.7	13.3	-30.72	0.85	0.11	4036
presslight	TEST	64	236.6	100.0	-36.89	1.24	0.12	3636
presslight	TRAIN	65	240.6	11.6	-30.95	0.87	0.11	3988
presslight	TEST	65	295.2	100.0	-34.03	1.08	0.12	3754
presslight	TRAIN	66	257.0	10.7	-30.82	0.89	0.11	3989
presslight	TEST	66	252.0	100.0	-35.45	1.23	0.13	3597
presslight	TRAIN	67	256.9	10.7	-31.16	0.91	0.11	3974
presslight	TEST	67	243.4	100.0	-30.47	0.85	0.11	3976
presslight	TRAIN	68	234.1	10.6	-29.55	0.80	0.10	3983
presslight	TEST	68	285.3	100.0	-34.26	1.10	0.12	3903
presslight	TRAIN	69	238.3	10.1	-30.46	0.85	0.11	4046
presslight	TEST	69	238.1	100.0	-31.28	0.88	0.11	4010
presslight	TRAIN	70	251.6	9.4	-32.56	1.03	0.11	3721
presslight	TEST	70	305.3	100.0	-37.86	1.26	0.13	3898
presslight	TRAIN	71	251.4	9.3	-30.40	0.89	0.11	3972
presslight	TEST	71	238.0	100.0	-31.58	0.94	0.11	3847
presslight	TRAIN	72	275.4	8.6	-34.87	1.16	0.12	3706
presslight	TEST	72	240.6	100.0	-35.64	1.16	0.12	3768
presslight	TRAIN	73	304.2	8.8	-37.27	1.25	0.13	3854
presslight	TEST	73	282.1	100.0	-38.00	1.24	0.13	3850
presslight	TRAIN	74	253.2	8.5	-31.56	0.92	0.11	3992
presslight	TEST	74	243.1	100.0	-29.86	0.82	0.10	4025
presslight	TRAIN	75	300.8	9.0	-39.34	1.32	0.12	3950
presslight	TEST	75	237.3	100.0	-33.86	1.03	0.11	3970
presslight	TRAIN	76	240.8	9.7	-30.69	0.87	0.11	4004
presslight	TEST	76	230.2	100.0	-29.92	0.84	0.11	4029
presslight	TRAIN	77	252.9	9.7	-31.69	0.96	0.11	4042
presslight	TEST	77	285.0	100.0	-36.67	1.21	0.12	3943
presslight	TRAIN	78	282.1	9.6	-52.92	1.97	0.12	3826
presslight	TEST	78	273.4	100.0	-32.93	1.05	0.12	3967
presslight	TRAIN	79	255.8	11.2	-33.92	1.03	0.11	4054
presslight	TEST	79	288.8	100.0	-37.36	1.21	0.13	3941
presslight	TRAIN	80	231.5	11.4	-29.97	0.84	0.11	4048
presslight	TEST	80	232.4	100.0	-30.58	0.89	0.11	4026
presslight	TRAIN	81	243.8	11.3	-29.92	0.85	0.11	4047
presslight	TEST	81	249.8	100.0	-30.61	0.94	0.11	3950
presslight	TRAIN	82	230.4	11.5	-29.77	0.83	0.10	4047
presslight	TEST	82	258.0	100.0	-32.14	0.96	0.11	4028
presslight	TRAIN	83	233.3	11.5	-29.50	0.85	0.10	4054
presslight	TEST	83	243.0	100.0	-32.78	0.98	0.11	4013
presslight	TRAIN	84	268.2	12.1	-31.95	0.96	0.11	4028
presslight	TEST	84	231.1	100.0	-29.14	0.81	0.10	4012
presslight	TRAIN	85	252.9	12.2	-30.49	0.89	0.11	3975
presslight	TEST	85	269.4	100.0	-35.92	1.17	0.12	3988
presslight	TRAIN	86	225.0	11.6	-29.63	0.83	0.11	4064
presslight	TEST	86	226.8	100.0	-30.06	0.87	0.11	4029
presslight	TRAIN	87	235.4	10.7	-28.99	0.81	0.10	4068
presslight	TEST	87	251.9	100.0	-32.65	0.99	0.11	3984
presslight	TRAIN	88	245.6	9.5	-30.04	0.87	0.11	3982
presslight	TEST	88	257.7	100.0	-31.64	0.91	0.11	3979
presslight	TRAIN	89	348.2	10.1	-48.14	1.82	0.13	3759
presslight	TEST	89	243.8	100.0	-30.03	0.85	0.11	4029
presslight	TRAIN	90	264.4	10.3	-35.17	1.12	0.11	4017
presslight	TEST	90	249.9	100.0	-33.57	1.09	0.11	3742
presslight	TRAIN	91	246.7	11.2	-29.57	0.83	0.11	4068
presslight	TEST	91	259.9	100.0	-34.50	1.10	0.11	4026
presslight	TRAIN	92	239.8	11.0	-29.92	0.84	0.11	4068
presslight	TEST	92	254.3	100.0	-34.95	1.15	0.12	3803
presslight	TRAIN	93	237.7	9.4	-28.83	0.79	0.10	4067
presslight	TEST	93	226.7	100.0	-28.43	0.77	0.10	4053
presslight	TRAIN	94	242.1	9.3	-29.66	0.84	0.11	4063
presslight	TEST	94	253.1	100.0	-29.79	0.83	0.11	4064
presslight	TRAIN	95	240.7	9.2	-29.13	0.81	0.10	4053
presslight	TEST	95	236.5	100.0	-30.07	0.86	0.10	4008
presslight	TRAIN	96	235.5	9.0	-28.48	0.78	0.10	4071
presslight	TEST	96	230.6	100.0	-28.65	0.77	0.10	4071
presslight	TRAIN	97	229.4	8.7	-28.80	0.81	0.10	4057
presslight	TEST	97	258.3	100.0	-34.45	1.08	0.11	4066
presslight	TRAIN	98	238.2	8.9	-29.72	0.85	0.11	4042
presslight	TEST	98	247.4	100.0	-30.19	0.88	0.10	4055
presslight	TRAIN	99	241.5	8.9	-31.03	0.92	0.11	3989
presslight	TEST	99	287.9	100.0	-34.76	1.08	0.11	3984
presslight	TRAIN	100	250.3	9.5	-30.77	0.91	0.11	4028
presslight	TEST	100	285.8	100.0	-37.15	1.18	0.11	3912
presslight	TRAIN	101	262.0	9.5	-32.83	1.00	0.11	4027
presslight	TEST	101	248.4	100.0	-31.86	0.96	0.11	3958
presslight	TRAIN	102	248.0	10.7	-29.48	0.82	0.11	4046
presslight	TEST	102	285.2	100.0	-34.00	1.10	0.12	3999
presslight	TRAIN	103	255.1	9.8	-29.44	0.82	0.11	4035
presslight	TEST	103	261.1	100.0	-37.31	1.30	0.12	3514
presslight	TRAIN	104	245.1	8.3	-30.13	0.86	0.11	4040
presslight	TEST	104	219.0	100.0	-28.47	0.77	0.10	4048
presslight	TRAIN	105	256.6	8.7	-35.21	1.12	0.11	3920
presslight	TEST	105	263.4	100.0	-32.01	0.91	0.11	4000
presslight	TRAIN	106	238.2	9.5	-32.75	1.00	0.11	4070
presslight	TEST	106	232.9	100.0	-28.95	0.81	0.10	4028
presslight	TRAIN	107	246.3	9.5	-30.08	0.90	0.11	4037
presslight	TEST	107	235.4	100.0	-34.23	1.08	0.11	3920
presslight	TRAIN	108	237.5	9.7	-29.67	0.83	0.10	4023
presslight	TEST	108	238.2	100.0	-41.36	1.50	0.11	3624
presslight	TRAIN	109	281.4	9.8	-32.05	0.99	0.12	3965
presslight	TEST	109	238.3	100.0	-29.10	0.82	0.11	4026
presslight	TRAIN	110	235.9	10.1	-30.03	0.87	0.10	4019
presslight	TEST	110	227.0	100.0	-29.73	0.85	0.10	4000
presslight	TRAIN	111	249.1	10.0	-32.83	0.99	0.11	3989
presslight	TEST	111	267.5	100.0	-40.70	1.40	0.12	3858
presslight	TRAIN	112	233.4	9.3	-29.07	0.81	0.11	4051
presslight	TEST	112	248.4	100.0	-32.60	1.01	0.11	3993
presslight	TRAIN	113	241.4	9.4	-30.58	0.88	0.11	3969
presslight	TEST	113	230.8	100.0	-31.41	0.94	0.11	3985
presslight	TRAIN	114	242.4	9.6	-31.31	0.94	0.11	4012
presslight	TEST	114	242.8	100.0	-33.47	1.02	0.10	3939
presslight	TRAIN	115	249.6	9.9	-29.97	0.89	0.11	4028
presslight	TEST	115	280.9	100.0	-36.39	1.22	0.12	3858
presslight	TRAIN	116	255.0	10.3	-39.14	1.32	0.12	3897
presslight	TEST	116	267.0	100.0	-34.86	1.14	0.12	3827
presslight	TRAIN	117	240.6	11.1	-29.42	0.84	0.11	4037
presslight	TEST	117	275.8	100.0	-37.94	1.29	0.12	3964
presslight	TRAIN	118	289.0	12.4	-38.63	1.33	0.12	3754
presslight	TEST	118	245.6	100.0	-29.65	0.83	0.11	4000
presslight	TRAIN	119	261.4	12.3	-36.90	1.24	0.12	4011
presslight	TEST	119	243.6	100.0	-32.01	1.02	0.11	4021
presslight	TRAIN	120	278.4	12.5	-43.17	1.54	0.12	3841
presslight	TEST	120	264.9	100.0	-34.90	1.14	0.11	3928
presslight	TRAIN	121	276.7	16.0	-32.97	1.03	0.11	4049
presslight	TEST	121	224.3	100.0	-29.07	0.83	0.10	4055
presslight	TRAIN	122	226.8	17.1	-29.25	0.82	0.10	4026
presslight	TEST	122	253.7	100.0	-34.30	1.05	0.11	3922
presslight	TRAIN	123	235.6	17.9	-32.54	0.98	0.11	4052
presslight	TEST	123	228.7	100.0	-28.93	0.82	0.11	4034
presslight	TRAIN	124	244.8	18.2	-29.96	0.86	0.11	3984
presslight	TEST	124	246.7	100.0	-30.17	0.87	0.11	4037
presslight	TRAIN	125	237.6	17.8	-30.37	0.86	0.11	4039
presslight	TEST	125	259.2	100.0	-34.09	1.06	0.11	3868
presslight	TRAIN	126	247.3	18.7	-29.02	0.80	0.11	4046
presslight	TEST	126	249.1	100.0	-31.43	0.89	0.11	3952
presslight	TRAIN	127	237.5	18.8	-30.63	0.85	0.10	4039
presslight	TEST	127	260.8	100.0	-36.90	1.22	0.12	3932
presslight	TRAIN	128	244.8	19.5	-34.43	1.07	0.11	3947
presslight	TEST	128	237.5	100.0	-29.20	0.80	0.10	4049
presslight	TRAIN	129	228.0	18.6	-29.47	0.82	0.11	4035
presslight	TEST	129	223.0	100.0	-29.92	0.87	0.11	3955
presslight	TRAIN	130	228.6	18.3	-29.02	0.80	0.10	4015
presslight	TEST	130	230.0	100.0	-28.62	0.79	0.10	4048
presslight	TRAIN	131	243.8	17.3	-30.20	0.88	0.11	4034
presslight	TEST	131	229.4	100.0	-30.74	0.92	0.11	4035
presslight	TRAIN	132	314.1	18.4	-37.04	1.25	0.12	3871
presslight	TEST	132	250.5	100.0	-32.99	1.04	0.11	3964
presslight	TRAIN	133	245.7	15.7	-32.31	0.98	0.11	3748
presslight	TEST	133	248.0	100.0	-29.42	0.86	0.11	3934
presslight	TRAIN	134	253.7	14.1	-32.11	0.93	0.11	3797
presslight	TEST	134	259.3	100.0	-32.33	0.95	0.11	3989
presslight	TRAIN	135	237.5	12.7	-30.36	0.86	0.11	4024
presslight	TEST	135	238.0	100.0	-29.99	0.87	0.11	4018
presslight	TRAIN	136	263.5	11.5	-34.79	1.13	0.12	4017
presslight	TEST	136	233.4	100.0	-28.82	0.80	0.11	4053
presslight	TRAIN	137	260.2	12.3	-37.02	1.19	0.11	3997
presslight	TEST	137	261.4	100.0	-33.98	1.03	0.11	3971
presslight	TRAIN	138	233.0	11.8	-29.71	0.82	0.11	4052
presslight	TEST	138	252.1	100.0	-35.14	1.15	0.11	4038
presslight	TRAIN	139	238.7	10.9	-29.28	0.79	0.11	4061
presslight	TEST	139	260.7	100.0	-30.75	0.90	0.11	4047
presslight	TRAIN	140	276.6	9.8	-34.28	1.13	0.12	3972
presslight	TEST	140	258.2	100.0	-35.15	1.07	0.11	3996
presslight	TRAIN	141	224.1	9.9	-28.48	0.75	0.10	4063
presslight	TEST	141	246.9	100.0	-34.71	1.08	0.11	3872
presslight	TRAIN	142	234.1	10.0	-28.69	0.78	0.10	4056
presslight	TEST	142	262.9	100.0	-31.76	0.94	0.11	4017
presslight	TRAIN	143	233.2	8.7	-28.38	0.77	0.11	4057
presslight	TEST	143	239.1	100.0	-33.80	1.03	0.11	3959
presslight	TRAIN	144	241.8	9.3	-30.60	0.86	0.11	4037
presslight	TEST	144	230.0	100.0	-28.67	0.77	0.10	4034
presslight	TRAIN	145	228.7	9.3	-28.64	0.79	0.10	4068
presslight	TEST	145	237.1	100.0	-28.96	0.78	0.10	4035
presslight	TRAIN	146	229.6	8.5	-29.50	0.81	0.10	4058
presslight	TEST	146	223.5	100.0	-29.03	0.79	0.11	4033
presslight	TRAIN	147	245.2	8.4	-29.83	0.82	0.10	4016
presslight	TEST	147	242.8	100.0	-32.46	0.96	0.11	4044
presslight	TRAIN	148	229.9	8.3	-29.02	0.78	0.10	4057
presslight	TEST	148	235.7	100.0	-29.80	0.83	0.10	4040
presslight	TRAIN	149	226.0	8.1	-28.31	0.76	0.10	4014
presslight	TEST	149	267.7	100.0	-32.38	1.03	0.11	3876
presslight	TRAIN	150	231.2	7.6	-28.27	0.75	0.10	4049
presslight	TEST	150	268.2	100.0	-39.91	1.33	0.11	4023
presslight	TRAIN	151	234.2	6.4	-28.47	0.76	0.10	4045
presslight	TEST	151	240.3	100.0	-31.42	0.92	0.11	4038
presslight	TRAIN	152	269.9	6.2	-41.68	1.43	0.12	3998
presslight	TEST	152	226.0	100.0	-29.20	0.82	0.10	4038
presslight	TRAIN	153	238.3	7.4	-37.29	1.19	0.11	4033
presslight	TEST	153	222.6	100.0	-28.17	0.76	0.10	3994
presslight	TRAIN	154	224.0	9.2	-28.83	0.77	0.10	4042
presslight	TEST	154	239.3	100.0	-30.30	0.86	0.10	4035
presslight	TRAIN	155	225.4	8.4	-29.13	0.80	0.10	4043
presslight	TEST	155	250.6	100.0	-39.77	1.37	0.11	3819
presslight	TRAIN	156	251.9	9.5	-34.53	1.08	0.11	4050
presslight	TEST	156	224.5	100.0	-28.10	0.77	0.10	4042
presslight	TRAIN	157	253.3	10.4	-33.10	1.00	0.11	4021
presslight	TEST	157	249.0	100.0	-31.90	0.97	0.11	4041
presslight	TRAIN	158	246.7	10.8	-34.42	1.08	0.11	3953
presslight	TEST	158	242.1	100.0	-28.86	0.78	0.11	4049
presslight	TRAIN	159	234.6	11.2	-29.02	0.80	0.11	4079
presslight	TEST	159	245.3	100.0	-30.88	0.89	0.11	4053
presslight	TRAIN	160	235.2	12.7	-32.58	0.96	0.11	4022
presslight	TEST	160	224.9	100.0	-27.30	0.70	0.10	4046
presslight	TRAIN	161	235.6	11.8	-28.29	0.77	0.11	3996
presslight	TEST	161	230.9	100.0	-30.03	0.85	0.11	4042
presslight	TRAIN	162	210.9	11.7	-27.79	0.72	0.10	4065
presslight	TEST	162	215.0	100.0	-28.66	0.77	0.11	4071
presslight	TRAIN	163	225.7	11.4	-32.13	0.92	0.11	4069
presslight	TEST	163	229.6	100.0	-34.16	1.05	0.11	4067
presslight	TRAIN	164	213.4	11.1	-28.09	0.74	0.10	4072
presslight	TEST	164	223.5	100.0	-29.76	0.82	0.11	4059
presslight	TRAIN	165	222.4	10.7	-30.22	0.84	0.11	4069
presslight	TEST	165	224.3	100.0	-28.23	0.75	0.10	4063
presslight	TRAIN	166	225.7	12.4	-28.64	0.78	0.10	4079
presslight	TEST	166	232.8	100.0	-31.66	0.93	0.11	4064
presslight	TRAIN	167	217.4	11.1	-28.80	0.78	0.10	4067
presslight	TEST	167	232.8	100.0	-28.57	0.76	0.10	4001
presslight	TRAIN	168	239.1	8.8	-29.98	0.84	0.11	4065
presslight	TEST	168	237.3	100.0	-32.78	0.98	0.10	4059
presslight	TRAIN	169	292.6	7.1	-35.56	1.16	0.12	3973
presslight	TEST	169	218.1	100.0	-29.66	0.81	0.11	4059
presslight	TRAIN	170	233.7	7.4	-28.66	0.78	0.10	4059
presslight	TEST	170	246.1	100.0	-34.07	1.07	0.11	4030
presslight	TRAIN	171	230.5	6.1	-29.87	0.85	0.10	3972
presslight	TEST	171	234.3	100.0	-31.19	0.89	0.11	4022
presslight	TRAIN	172	243.0	6.5	-33.63	1.04	0.11	4045
presslight	TEST	172	235.5	100.0	-29.72	0.82	0.10	4035
presslight	TRAIN	173	232.9	7.0	-32.94	1.05	0.11	3659
presslight	TEST	173	222.2	100.0	-28.72	0.80	0.10	4025
presslight	TRAIN	174	265.4	7.7	-34.23	1.08	0.11	3944
presslight	TEST	174	247.4	100.0	-32.92	1.01	0.11	4030
presslight	TRAIN	175	256.8	8.3	-35.87	1.22	0.12	3818
presslight	TEST	175	261.4	100.0	-31.10	0.97	0.11	4018
presslight	TRAIN	176	250.9	9.5	-32.62	1.05	0.11	4004
presslight	TEST	176	284.4	100.0	-41.40	1.51	0.13	3591
presslight	TRAIN	177	226.8	10.2	-29.22	0.83	0.10	4062
presslight	TEST	177	226.2	100.0	-29.69	0.86	0.11	4066
presslight	TRAIN	178	220.7	10.5	-28.58	0.78	0.10	4040
presslight	TEST	178	213.0	100.0	-27.86	0.74	0.10	4067
presslight	TRAIN	179	241.6	10.9	-32.42	1.00	0.11	3993
presslight	TEST	179	221.1	100.0	-30.37	0.88	0.10	4079
presslight	TRAIN	180	214.8	11.3	-28.98	0.81	0.11	4067
presslight	TEST	180	262.5	100.0	-32.21	1.01	0.11	4001
presslight	TRAIN	181	237.4	10.7	-29.71	0.85	0.11	4077
presslight	TEST	181	231.2	100.0	-29.30	0.84	0.11	4071
presslight	TRAIN	182	220.0	11.8	-29.72	0.88	0.11	4037
presslight	TEST	182	265.4	100.0	-43.81	1.58	0.12	3763
presslight	TRAIN	183	220.4	11.8	-28.44	0.79	0.10	4040
presslight	TEST	183	228.3	100.0	-33.43	1.11	0.11	3663
presslight	TRAIN	184	275.0	12.9	-39.18	1.35	0.12	3987
presslight	TEST	184	229.9	100.0	-28.11	0.75	0.10	4050
presslight	TRAIN	185	239.9	13.8	-30.32	0.87	0.11	4042
presslight	TEST	185	272.8	100.0	-37.32	1.29	0.12	4031
presslight	TRAIN	186	228.6	14.7	-32.66	0.98	0.10	4015
presslight	TEST	186	220.3	100.0	-29.22	0.80	0.10	4036
presslight	TRAIN	187	242.8	14.8	-32.89	1.04	0.11	3780
presslight	TEST	187	260.9	100.0	-32.86	1.08	0.11	3915
presslight	TRAIN	188	218.6	15.2	-28.59	0.79	0.10	4047
presslight	TEST	188	220.5	100.0	-28.14	0.77	0.10	4053
presslight	TRAIN	189	231.3	14.1	-28.96	0.80	0.11	4080
presslight	TEST	189	225.9	100.0	-28.67	0.79	0.10	4031
presslight	TRAIN	190	243.5	11.8	-30.94	0.92	0.11	3975
presslight	TEST	190	222.0	100.0	-30.14	0.84	0.10	4043
presslight	TRAIN	191	222.4	12.4	-28.25	0.77	0.10	4047
presslight	TEST	191	222.4	100.0	-28.13	0.78	0.10	4029
presslight	TRAIN	192	219.4	13.3	-28.71	0.80	0.10	4025
presslight	TEST	192	219.0	100.0	-28.42	0.77	0.10	4041
presslight	TRAIN	193	237.6	12.1	-29.34	0.82	0.11	4033
presslight	TEST	193	220.8	100.0	-27.77	0.73	0.10	4058
presslight	TRAIN	194	274.5	12.3	-38.77	1.55	0.12	3728
presslight	TEST	194	245.2	100.0	-30.76	0.86	0.11	3969
presslight	TRAIN	195	240.9	13.3	-29.58	0.80	0.10	4041
presslight	TEST	195	226.5	100.0	-28.79	0.77	0.10	4018
presslight	TRAIN	196	235.4	14.2	-29.53	0.82	0.11	4025
presslight	TEST	196	284.4	100.0	-41.08	1.38	0.12	3832
presslight	TRAIN	197	252.9	13.6	-33.31	1.04	0.11	3888
presslight	TEST	197	257.1	100.0	-37.01	1.21	0.11	3923
presslight	TRAIN	198	222.6	12.8	-28.67	0.78	0.10	4028
presslight	TEST	198	226.0	100.0	-29.81	0.82	0.10	3993
presslight	TRAIN	199	225.7	12.1	-29.03	0.79	0.10	4051
presslight	TEST	199	218.8	100.0	-28.09	0.76	0.10	4053
