magd	TRAIN	0	286.0	0.0	58.59	2.07	0.06	1383
magd	TEST	0	279.7	100.0	56.10	1.98	0.06	1399
magd	TRAIN	1	292.6	0.0	58.72	2.03	0.06	1408
magd	TEST	1	264.1	100.0	56.60	1.80	0.06	1395
magd	TRAIN	2	286.7	0.0	58.93	1.95	0.06	1418
magd	TEST	2	275.9	100.0	56.69	1.76	0.06	1420
magd	TRAIN	3	275.5	0.0	59.55	1.71	0.06	1433
magd	TEST	3	267.1	100.0	56.77	1.73	0.06	1408
magd	TRAIN	4	273.0	0.0	59.60	1.70	0.06	1429
magd	TEST	4	272.8	100.0	56.52	1.83	0.06	1408
magd	TRAIN	5	276.9	0.0	59.40	1.77	0.06	1424
magd	TEST	5	278.3	100.0	56.46	1.84	0.06	1417
magd	TRAIN	6	287.7	0.0	59.04	1.90	0.06	1424
magd	TEST	6	283.3	100.0	55.96	2.04	0.06	1396
magd	TRAIN	7	290.2	0.0	58.92	1.95	0.06	1420
magd	TEST	7	283.7	100.0	56.31	1.90	0.06	1419
magd	TRAIN	8	257.3	0.0	60.14	1.49	0.05	1428
magd	TEST	8	289.5	100.0	55.31	2.27	0.06	1365
magd	TRAIN	9	269.1	0.0	59.53	1.72	0.05	1408
magd	TEST	9	279.2	100.0	55.78	2.10	0.06	1377
magd	TRAIN	10	267.2	0.0	59.76	1.63	0.06	1422
magd	TEST	10	278.6	100.0	56.42	1.86	0.06	1411
magd	TRAIN	11	264.2	0.0	59.93	1.57	0.05	1437
magd	TEST	11	288.0	100.0	55.66	2.14	0.06	1391
magd	TRAIN	12	293.2	0.0	58.92	1.95	0.06	1423
magd	TEST	12	285.6	100.0	55.85	2.08	0.06	1390
magd	TRAIN	13	263.6	4.4	59.31	1.75	0.05	1405
magd	TEST	13	371.2	100.0	42.00	7.61	0.09	921
magd	TRAIN	14	314.1	0.5	56.33	2.57	0.06	1374
magd	TEST	14	400.4	100.0	40.42	8.40	0.10	907
magd	TRAIN	15	302.5	0.2	56.38	2.57	0.06	1370
magd	TEST	15	330.3	100.0	46.37	6.01	0.08	1042
magd	TRAIN	16	339.5	0.1	55.49	2.85	0.06	1372
magd	TEST	16	337.3	100.0	48.58	5.10	0.08	1112
magd	TRAIN	17	322.1	0.1	56.24	2.58	0.06	1386
magd	TEST	17	339.1	100.0	47.84	5.38	0.08	1109
magd	TRAIN	18	304.2	0.1	56.80	2.31	0.06	1392
magd	TEST	18	322.0	100.0	47.31	5.55	0.08	1074
magd	TRAIN	19	370.5	0.1	53.36	3.65	0.07	1283
magd	TEST	19	335.5	100.0	45.04	6.63	0.09	989
magd	TRAIN	20	316.1	0.1	56.38	2.60	0.06	1371
magd	TEST	20	339.8	100.0	47.25	5.85	0.07	1052
magd	TRAIN	21	339.3	0.1	54.70	3.27	0.06	1327
magd	TEST	21	329.7	100.0	47.23	5.86	0.07	1055
magd	TRAIN	22	302.0	0.1	56.88	2.44	0.06	1366
magd	TEST	22	351.7	100.0	46.89	6.03	0.08	1052
magd	TRAIN	23	287.7	0.1	58.06	2.02	0.05	1402
magd	TEST	23	345.2	100.0	46.68	6.17	0.07	1033
magd	TRAIN	24	305.0	0.1	56.64	2.62	0.05	1351
magd	TEST	24	359.5	100.0	45.85	6.66	0.08	947
magd	TRAIN	25	318.8	0.1	56.45	2.69	0.06	1368
magd	TEST	25	384.0	100.0	46.39	6.36	0.08	1009
magd	TRAIN	26	316.1	0.2	56.01	2.84	0.06	1334
magd	TEST	26	365.5	100.0	44.44	7.10	0.08	932
magd	TRAIN	27	329.1	0.2	55.70	2.99	0.06	1334
magd	TEST	27	322.2	100.0	48.41	5.63	0.07	1055
magd	TRAIN	28	288.0	0.2	56.71	2.60	0.05	1338
magd	TEST	28	352.0	100.0	47.57	5.93	0.07	1046
magd	TRAIN	29	314.1	0.2	56.30	2.76	0.06	1347
magd	TEST	29	389.2	100.0	42.36	7.97	0.08	875
magd	TRAIN	30	354.8	0.2	54.34	3.55	0.06	1316
magd	TEST	30	392.7	100.0	42.88	7.80	0.09	903
magd	TRAIN	31	321.3	0.2	55.18	3.23	0.06	1304
magd	TEST	31	421.8	100.0	40.25	8.86	0.09	828
magd	TRAIN	32	343.3	0.2	54.23	3.64	0.06	1303
magd	TEST	32	399.7	100.0	42.68	7.96	0.08	882
magd	TRAIN	33	376.3	0.2	52.82	4.13	0.07	1267
magd	TEST	33	403.9	100.0	42.94	7.80	0.09	914
magd	TRAIN	34	335.2	0.2	55.19	3.24	0.06	1327
magd	TEST	34	415.2	100.0	41.71	8.30	0.09	873
magd	TRAIN	35	366.2	0.3	53.47	3.92	0.07	1283
magd	TEST	35	405.9	100.0	41.65	8.36	0.09	860
magd	TRAIN	36	416.7	0.3	51.64	4.60	0.07	1258
magd	TEST	36	416.7	100.0	41.22	8.48	0.09	857
magd	TRAIN	37	395.0	0.3	52.94	4.10	0.07	1295
magd	TEST	37	367.7	100.0	45.75	6.73	0.07	982
magd	TRAIN	38	341.1	0.3	53.46	3.88	0.06	1261
magd	TEST	38	372.7	100.0	46.17	6.60	0.07	1014
magd	TRAIN	39	345.3	0.3	54.30	3.60	0.06	1298
magd	TEST	39	404.0	100.0	44.54	7.22	0.08	973
magd	TRAIN	40	337.8	0.3	54.10	3.67	0.06	1276
magd	TEST	40	358.9	100.0	45.97	6.69	0.07	964
magd	TRAIN	41	345.3	0.3	52.88	4.11	0.06	1231
magd	TEST	41	358.2	100.0	45.14	7.00	0.07	937
magd	TRAIN	42	337.2	0.3	55.55	3.11	0.06	1325
magd	TEST	42	373.5	100.0	45.86	6.73	0.07	985
magd	TRAIN	43	360.6	0.3	53.38	3.96	0.06	1266
magd	TEST	43	377.1	100.0	44.96	7.12	0.07	948
magd	TRAIN	44	356.5	0.3	54.03	3.73	0.06	1279
magd	TEST	44	410.6	100.0	44.37	7.33	0.07	951
magd	TRAIN	45	346.5	0.3	52.31	4.38	0.06	1207
magd	TEST	45	362.3	100.0	45.04	7.07	0.07	941
magd	TRAIN	46	367.2	0.3	53.94	3.75	0.06	1289
magd	TEST	46	377.2	100.0	44.90	7.12	0.07	950
magd	TRAIN	47	343.9	0.4	53.12	4.06	0.06	1233
magd	TEST	47	406.8	100.0	46.07	6.68	0.07	999
magd	TRAIN	48	360.0	0.4	53.87	3.79	0.06	1272
magd	TEST	48	363.1	100.0	44.13	7.45	0.07	909
magd	TRAIN	49	356.9	0.5	53.02	4.12	0.06	1244
magd	TEST	49	373.3	100.0	44.25	7.40	0.07	918
magd	TRAIN	50	368.9	0.5	52.71	4.22	0.06	1234
magd	TEST	50	373.8	100.0	44.59	7.27	0.07	925
magd	TRAIN	51	345.3	0.5	52.42	4.35	0.06	1209
magd	TEST	51	365.0	100.0	44.80	7.20	0.07	930
magd	TRAIN	52	356.4	0.5	52.98	4.13	0.06	1243
magd	TEST	52	376.8	100.0	45.06	7.09	0.07	945
magd	TRAIN	53	360.6	0.5	53.27	4.02	0.06	1247
magd	TEST	53	381.7	100.0	44.32	7.37	0.07	923
magd	TRAIN	54	417.6	0.4	50.21	5.16	0.06	1196
magd	TEST	54	356.7	100.0	44.96	7.13	0.07	928
magd	TRAIN	55	356.9	0.4	52.03	4.48	0.06	1208
magd	TEST	55	369.1	100.0	44.80	7.19	0.07	929
magd	TRAIN	56	366.2	0.4	51.22	4.79	0.06	1166
magd	TEST	56	383.1	100.0	44.07	7.46	0.07	920
magd	TRAIN	57	378.5	0.3	51.44	4.71	0.06	1188
magd	TEST	57	357.5	100.0	45.42	6.97	0.07	942
magd	TRAIN	58	385.5	0.4	49.79	5.34	0.07	1157
magd	TEST	58	365.4	100.0	45.00	7.13	0.07	935
magd	TRAIN	59	346.8	0.6	51.26	4.79	0.06	1155
magd	TEST	59	357.7	100.0	43.98	7.51	0.07	903
magd	TRAIN	60	386.3	0.6	50.30	5.14	0.06	1175
magd	TEST	60	362.6	100.0	44.07	7.48	0.07	910
magd	TRAIN	61	371.5	0.5	51.89	4.54	0.06	1230
magd	TEST	61	383.5	100.0	45.02	7.10	0.07	949
magd	TRAIN	62	377.0	0.5	49.93	5.27	0.06	1137
magd	TEST	62	374.4	100.0	43.99	7.49	0.07	914
magd	TRAIN	63	381.8	0.5	50.91	4.89	0.06	1169
magd	TEST	63	363.5	100.0	44.09	7.46	0.07	905
magd	TRAIN	64	368.5	0.5	48.89	5.65	0.07	1103
magd	TEST	64	364.1	100.0	43.95	7.51	0.07	907
magd	TRAIN	65	376.9	0.5	49.67	5.37	0.06	1120
magd	TEST	65	368.1	100.0	43.97	7.51	0.07	910
magd	TRAIN	66	374.9	0.5	49.54	5.42	0.07	1115
magd	TEST	66	371.6	100.0	44.34	7.37	0.07	917
magd	TRAIN	67	363.0	0.4	49.90	5.29	0.06	1116
magd	TEST	67	363.8	100.0	44.04	7.48	0.07	906
magd	TRAIN	68	364.3	0.5	49.53	5.44	0.07	1093
magd	TEST	68	368.2	100.0	43.97	7.51	0.07	913
magd	TRAIN	69	408.2	0.5	48.58	5.78	0.06	1122
magd	TEST	69	376.0	100.0	44.41	7.34	0.07	925
magd	TRAIN	70	360.2	0.5	49.94	5.27	0.06	1128
magd	TEST	70	404.3	100.0	44.63	7.24	0.07	961
magd	TRAIN	71	398.7	0.5	49.31	5.48	0.06	1142
magd	TEST	71	365.9	100.0	45.50	6.89	0.07	961
magd	TRAIN	72	380.5	0.5	51.34	4.72	0.06	1203
magd	TEST	72	367.9	100.0	46.48	6.56	0.07	997
magd	TRAIN	73	352.1	0.6	50.76	4.97	0.06	1149
magd	TEST	73	339.0	100.0	46.07	6.71	0.07	966
magd	TRAIN	74	372.6	0.6	51.08	4.85	0.06	1171
magd	TEST	74	364.8	100.0	45.06	7.10	0.07	952
magd	TRAIN	75	385.3	0.6	49.31	5.50	0.06	1117
magd	TEST	75	343.3	100.0	45.80	6.81	0.07	960
magd	TRAIN	76	353.3	0.6	51.44	4.71	0.06	1164
magd	TEST	76	335.7	100.0	46.01	6.75	0.07	963
magd	TRAIN	77	356.8	0.6	50.45	5.08	0.06	1141
magd	TEST	77	361.1	100.0	46.32	6.60	0.07	987
magd	TRAIN	78	362.6	0.6	49.98	5.26	0.06	1113
magd	TEST	78	363.0	100.0	46.35	6.62	0.07	985
magd	TRAIN	79	385.9	0.5	50.45	5.09	0.06	1154
magd	TEST	79	322.2	100.0	45.96	6.77	0.07	952
magd	TRAIN	80	373.6	0.6	49.36	5.50	0.06	1112
magd	TEST	80	340.7	100.0	46.00	6.75	0.07	964
magd	TRAIN	81	352.3	0.5	50.75	4.97	0.06	1137
magd	TEST	81	321.9	100.0	46.27	6.65	0.07	963
magd	TRAIN	82	365.0	0.7	50.79	4.96	0.06	1155
magd	TEST	82	340.8	100.0	46.17	6.67	0.06	969
magd	TRAIN	83	383.6	0.7	49.68	5.37	0.06	1118
magd	TEST	83	339.7	100.0	46.63	6.50	0.06	984
magd	TRAIN	84	361.7	0.7	49.20	5.56	0.06	1092
magd	TEST	84	317.4	100.0	46.30	6.64	0.07	962
magd	TRAIN	85	351.6	0.7	49.25	5.54	0.06	1086
magd	TEST	85	333.7	100.0	46.60	6.51	0.06	979
magd	TRAIN	86	354.0	0.8	50.60	5.03	0.06	1126
magd	TEST	86	337.8	100.0	46.57	6.52	0.06	980
magd	TRAIN	87	362.2	0.9	49.07	5.60	0.06	1095
magd	TEST	87	333.9	100.0	46.92	6.40	0.06	986
magd	TRAIN	88	358.9	1.0	50.34	5.12	0.06	1121
magd	TEST	88	321.1	100.0	47.71	6.07	0.06	1005
magd	TRAIN	89	345.9	0.7	50.98	4.85	0.06	1142
magd	TEST	89	318.8	100.0	47.48	6.16	0.06	1009
magd	TRAIN	90	334.9	0.7	50.55	5.03	0.06	1111
magd	TEST	90	311.1	100.0	47.41	6.21	0.06	993
magd	TRAIN	91	344.6	0.8	49.82	5.32	0.06	1120
magd	TEST	91	318.9	100.0	47.63	6.13	0.06	1003
magd	TRAIN	92	333.0	0.6	50.93	4.90	0.06	1125
magd	TEST	92	325.6	100.0	47.89	6.04	0.06	1013
magd	TRAIN	93	340.8	0.8	50.21	5.18	0.06	1097
magd	TEST	93	336.0	100.0	47.81	6.07	0.06	1016
magd	TRAIN	94	336.1	0.8	50.55	5.05	0.06	1097
magd	TEST	94	315.6	100.0	47.52	6.18	0.06	998
magd	TRAIN	95	362.2	0.7	49.54	5.43	0.06	1087
magd	TEST	95	310.0	100.0	47.61	6.15	0.06	993
magd	TRAIN	96	344.3	0.6	49.80	5.34	0.06	1084
magd	TEST	96	311.7	100.0	47.55	6.18	0.06	994
magd	TRAIN	97	369.0	0.7	49.96	5.27	0.06	1115
magd	TEST	97	324.6	100.0	47.63	6.14	0.06	1004
magd	TRAIN	98	340.6	0.7	49.42	5.48	0.06	1090
magd	TEST	98	317.2	100.0	47.71	6.12	0.06	1000
magd	TRAIN	99	343.5	0.7	49.92	5.29	0.06	1091
magd	TEST	99	313.3	100.0	47.60	6.15	0.06	998
magd	TRAIN	100	360.0	0.8	49.70	5.37	0.06	1105
magd	TEST	100	307.7	100.0	47.51	6.19	0.06	992
magd	TRAIN	101	345.9	0.8	49.18	5.57	0.06	1073
magd	TEST	101	317.5	100.0	47.57	6.17	0.06	995
magd	TRAIN	102	367.0	0.7	49.12	5.59	0.06	1084
magd	TEST	102	311.9	100.0	47.55	6.17	0.06	1000
magd	TRAIN	103	342.5	0.8	50.92	4.91	0.06	1134
magd	TEST	103	306.4	100.0	47.49	6.20	0.06	990
magd	TRAIN	104	373.0	0.8	49.36	5.50	0.06	1101
magd	TEST	104	313.4	100.0	47.54	6.17	0.06	998
magd	TRAIN	105	318.0	1.0	49.45	5.47	0.06	1065
magd	TEST	105	314.4	100.0	47.72	6.11	0.06	1002
magd	TRAIN	106	340.8	0.8	48.90	5.67	0.06	1074
magd	TEST	106	306.5	100.0	47.49	6.20	0.06	990
magd	TRAIN	107	322.9	0.8	48.99	5.64	0.06	1046
magd	TEST	107	314.6	100.0	47.56	6.17	0.06	998
magd	TRAIN	108	344.2	0.8	49.32	5.51	0.06	1065
magd	TEST	108	323.8	100.0	47.57	6.15	0.06	1005
magd	TRAIN	109	343.8	0.8	49.89	5.29	0.06	1089
magd	TEST	109	318.6	100.0	47.65	6.13	0.06	1002
magd	TRAIN	110	345.8	0.9	49.81	5.33	0.06	1092
magd	TEST	110	306.6	100.0	47.47	6.20	0.06	990
magd	TRAIN	111	343.9	0.8	50.40	5.10	0.06	1105
magd	TEST	111	306.1	100.0	47.49	6.19	0.06	990
magd	TRAIN	112	370.0	0.8	49.68	5.38	0.06	1099
magd	TEST	112	311.9	100.0	47.56	6.17	0.06	998
magd	TRAIN	113	327.2	0.8	49.85	5.30	0.06	1068
magd	TEST	113	332.7	100.0	47.67	6.12	0.06	1015
magd	TRAIN	114	324.1	0.8	49.87	5.30	0.06	1081
magd	TEST	114	306.2	100.0	47.50	6.19	0.06	990
magd	TRAIN	115	340.3	0.9	50.30	5.14	0.06	1097
magd	TEST	115	306.5	100.0	47.49	6.20	0.06	990
magd	TRAIN	116	334.7	0.9	49.12	5.58	0.06	1055
magd	TEST	116	306.3	100.0	47.46	6.21	0.06	995
magd	TRAIN	117	325.1	1.0	49.31	5.51	0.06	1070
magd	TEST	117	306.3	100.0	47.50	6.19	0.06	990
magd	TRAIN	118	322.2	0.8	49.50	5.45	0.06	1057
magd	TEST	118	309.6	100.0	47.55	6.17	0.06	1000
magd	TRAIN	119	338.0	0.8	49.14	5.58	0.06	1057
magd	TEST	119	324.4	100.0	47.57	6.16	0.06	1004
magd	TRAIN	120	320.4	0.8	49.95	5.28	0.06	1064
magd	TEST	120	311.8	100.0	47.54	6.18	0.06	993
magd	TRAIN	121	358.0	0.8	49.56	5.42	0.06	1078
magd	TEST	121	310.6	100.0	47.49	6.20	0.06	994
magd	TRAIN	122	344.9	0.8	49.24	5.54	0.06	1065
magd	TEST	122	318.1	100.0	47.70	6.12	0.06	1003
magd	TRAIN	123	339.1	0.8	48.21	5.93	0.06	1048
magd	TEST	123	322.4	100.0	47.64	6.14	0.06	1006
magd	TRAIN	124	339.6	0.9	49.71	5.37	0.06	1081
magd	TEST	124	313.1	100.0	47.53	6.18	0.06	997
magd	TRAIN	125	374.1	0.9	49.52	5.43	0.06	1095
magd	TEST	125	316.7	100.0	47.50	6.19	0.06	997
magd	TRAIN	126	345.8	0.9	49.27	5.53	0.06	1073
magd	TEST	126	306.5	100.0	47.49	6.20	0.06	990
magd	TRAIN	127	345.0	0.9	49.09	5.60	0.06	1069
magd	TEST	127	307.6	100.0	47.56	6.17	0.06	997
magd	TRAIN	128	348.1	1.1	49.15	5.58	0.06	1074
magd	TEST	128	305.9	100.0	47.73	6.10	0.06	1002
magd	TRAIN	129	345.0	1.1	49.02	5.63	0.06	1062
magd	TEST	129	306.5	100.0	47.48	6.20	0.06	990
magd	TRAIN	130	371.1	1.0	49.13	5.58	0.06	1094
magd	TEST	130	314.7	100.0	47.53	6.18	0.06	998
magd	TRAIN	131	332.1	1.0	48.94	5.65	0.06	1060
magd	TEST	131	304.8	100.0	47.53	6.18	0.06	991
magd	TRAIN	132	333.6	1.1	48.93	5.65	0.06	1048
magd	TEST	132	311.2	100.0	47.54	6.18	0.06	997
magd	TRAIN	133	338.5	1.0	49.47	5.45	0.06	1074
magd	TEST	133	306.5	100.0	47.49	6.20	0.06	990
magd	TRAIN	134	343.3	1.0	49.42	5.48	0.06	1095
magd	TEST	134	311.7	100.0	47.48	6.20	0.06	995
magd	TRAIN	135	328.6	0.9	49.04	5.62	0.06	1057
magd	TEST	135	313.3	100.0	47.63	6.14	0.06	999
magd	TRAIN	136	337.7	0.7	48.92	5.67	0.06	1062
magd	TEST	136	309.3	100.0	47.49	6.20	0.06	993
magd	TRAIN	137	323.4	0.9	49.80	5.33	0.06	1065
magd	TEST	137	306.5	100.0	47.50	6.20	0.06	990
magd	TRAIN	138	308.3	0.9	49.86	5.31	0.06	1060
magd	TEST	138	308.7	100.0	47.67	6.13	0.06	995
magd	TRAIN	139	341.2	1.0	49.15	5.58	0.06	1062
magd	TEST	139	305.8	100.0	47.55	6.18	0.06	990
magd	TRAIN	140	358.8	1.1	49.17	5.57	0.06	1082
magd	TEST	140	310.9	100.0	47.60	6.15	0.06	997
magd	TRAIN	141	341.3	1.1	48.25	5.92	0.06	1046
magd	TEST	141	306.5	100.0	47.49	6.20	0.06	990
magd	TRAIN	142	369.4	1.1	49.00	5.63	0.06	1081
magd	TEST	142	321.2	100.0	47.50	6.19	0.06	998
magd	TRAIN	143	350.5	1.1	49.56	5.43	0.06	1081
magd	TEST	143	306.5	100.0	47.50	6.20	0.06	990
magd	TRAIN	144	323.9	1.0	49.96	5.28	0.06	1080
magd	TEST	144	324.1	100.0	47.50	6.19	0.06	1002
magd	TRAIN	145	334.8	1.0	49.40	5.48	0.06	1078
magd	TEST	145	306.5	100.0	47.50	6.20	0.06	990
magd	TRAIN	146	356.8	1.0	49.20	5.56	0.06	1076
magd	TEST	146	310.6	100.0	47.43	6.22	0.06	994
magd	TRAIN	147	341.2	0.9	49.23	5.55	0.06	1061
magd	TEST	147	311.4	100.0	47.57	6.17	0.06	998
magd	TRAIN	148	353.3	1.0	48.40	5.86	0.06	1057
magd	TEST	148	307.8	100.0	47.56	6.17	0.06	993
magd	TRAIN	149	328.9	1.0	49.17	5.57	0.06	1055
magd	TEST	149	310.7	100.0	47.57	6.17	0.06	996
magd	TRAIN	150	340.8	0.9	48.87	5.68	0.06	1056
magd	TEST	150	306.5	100.0	47.50	6.20	0.06	990
magd	TRAIN	151	362.2	1.1	48.89	5.68	0.06	1073
magd	TEST	151	324.0	100.0	47.67	6.13	0.06	1013
magd	TRAIN	152	336.8	1.0	49.63	5.40	0.06	1075
magd	TEST	152	312.5	100.0	47.51	6.19	0.06	996
magd	TRAIN	153	341.7	1.1	48.75	5.73	0.06	1059
magd	TEST	153	306.5	100.0	47.49	6.20	0.06	990
magd	TRAIN	154	346.8	1.2	50.96	4.90	0.06	1118
magd	TEST	154	322.8	100.0	47.62	6.15	0.06	1005
magd	TRAIN	155	331.7	1.3	48.72	5.74	0.06	1054
magd	TEST	155	313.0	100.0	47.52	6.18	0.06	995
magd	TRAIN	156	342.0	1.1	49.76	5.34	0.06	1096
magd	TEST	156	314.3	100.0	47.52	6.18	0.06	1017
magd	TRAIN	157	359.0	1.0	48.76	5.72	0.06	1082
magd	TEST	157	306.0	100.0	47.80	6.08	0.06	1014
magd	TRAIN	158	343.9	1.1	50.38	5.12	0.05	1120
magd	TEST	158	308.5	100.0	47.71	6.12	0.06	1013
magd	TRAIN	159	331.0	1.0	48.81	5.71	0.06	1057
magd	TEST	159	305.6	100.0	47.86	6.06	0.06	1013
magd	TRAIN	160	339.0	1.0	49.61	5.40	0.06	1093
magd	TEST	160	305.4	100.0	47.82	6.08	0.06	1013
magd	TRAIN	161	348.8	1.1	50.42	5.10	0.05	1126
magd	TEST	161	306.6	100.0	47.72	6.11	0.06	1011
magd	TRAIN	162	347.0	1.0	49.52	5.44	0.05	1088
magd	TEST	162	309.3	100.0	47.86	6.06	0.06	1016
magd	TRAIN	163	353.5	1.2	48.76	5.73	0.06	1074
magd	TEST	163	305.1	100.0	47.93	6.04	0.06	1014
magd	TRAIN	164	358.2	1.2	49.97	5.27	0.06	1113
magd	TEST	164	306.6	100.0	47.72	6.11	0.06	1011
magd	TRAIN	165	327.2	1.2	51.97	4.52	0.05	1151
magd	TEST	165	317.2	100.0	47.95	6.03	0.06	1023
magd	TRAIN	166	349.3	1.2	49.02	5.63	0.06	1078
magd	TEST	166	321.5	100.0	48.11	5.96	0.06	1033
magd	TRAIN	167	310.9	1.2	50.00	5.26	0.05	1077
magd	TEST	167	306.7	100.0	47.72	6.11	0.06	1011
magd	TRAIN	168	334.7	1.1	50.46	5.08	0.05	1117
magd	TEST	168	314.4	100.0	47.88	6.05	0.06	1024
magd	TRAIN	169	325.0	1.1	50.16	5.20	0.05	1094
magd	TEST	169	322.5	100.0	47.82	6.07	0.06	1023
magd	TRAIN	170	339.4	1.1	49.71	5.37	0.05	1092
magd	TEST	170	312.6	100.0	47.96	6.02	0.06	1022
magd	TRAIN	171	362.6	1.1	50.10	5.22	0.05	1120
magd	TEST	171	308.4	100.0	48.14	5.96	0.06	1021
magd	TRAIN	172	350.3	1.2	49.49	5.45	0.06	1096
magd	TEST	172	306.6	100.0	47.72	6.11	0.06	1011
magd	TRAIN	173	346.6	1.2	49.44	5.47	0.05	1087
magd	TEST	173	306.6	100.0	47.72	6.11	0.06	1011
magd	TRAIN	174	349.3	1.2	48.76	5.73	0.06	1068
magd	TEST	174	306.6	100.0	47.72	6.11	0.06	1011
magd	TRAIN	175	326.0	1.5	49.73	5.36	0.05	1091
magd	TEST	175	306.6	100.0	47.72	6.11	0.06	1011
magd	TRAIN	176	351.7	1.5	49.78	5.34	0.05	1099
magd	TEST	176	305.5	100.0	47.76	6.10	0.06	1011
magd	TRAIN	177	321.8	1.6	48.83	5.70	0.06	1063
magd	TEST	177	306.6	100.0	47.72	6.11	0.06	1011
magd	TRAIN	178	328.9	1.4	49.49	5.45	0.05	1084
magd	TEST	178	305.5	100.0	47.77	6.09	0.06	1011
magd	TRAIN	179	310.0	1.3	49.55	5.43	0.06	1067
magd	TEST	179	305.3	100.0	47.95	6.03	0.06	1018
magd	TRAIN	180	304.9	1.2	50.15	5.20	0.05	1078
magd	TEST	180	305.7	100.0	47.77	6.09	0.06	1011
magd	TRAIN	181	341.0	1.2	51.03	4.87	0.05	1136
magd	TEST	181	311.8	100.0	47.81	6.08	0.06	1017
magd	TRAIN	182	326.4	1.1	49.46	5.46	0.06	1082
magd	TEST	182	308.3	100.0	47.88	6.06	0.06	1017
magd	TRAIN	183	338.4	1.1	50.32	5.14	0.05	1105
magd	TEST	183	306.7	100.0	47.72	6.12	0.06	1011
magd	TRAIN	184	334.5	1.1	49.84	5.32	0.05	1101
magd	TEST	184	306.6	100.0	47.72	6.11	0.06	1011
magd	TRAIN	185	317.2	1.2	49.90	5.30	0.05	1087
magd	TEST	185	306.7	100.0	47.72	6.11	0.06	1011
magd	TRAIN	186	322.2	1.3	50.15	5.21	0.05	1099
magd	TEST	186	306.2	100.0	47.72	6.11	0.06	1011
magd	TRAIN	187	303.3	1.2	50.28	5.15	0.05	1076
magd	TEST	187	306.8	100.0	47.72	6.12	0.06	1011
magd	TRAIN	188	314.4	1.2	49.75	5.36	0.05	1080
magd	TEST	188	306.6	100.0	47.72	6.11	0.06	1011
magd	TRAIN	189	326.0	1.4	50.28	5.16	0.05	1088
magd	TEST	189	306.7	100.0	47.77	6.10	0.06	1013
magd	TRAIN	190	344.5	1.3	50.02	5.25	0.06	1111
magd	TEST	190	305.9	100.0	47.97	6.02	0.06	1017
magd	TRAIN	191	359.2	1.4	49.23	5.55	0.05	1092
magd	TEST	191	306.6	100.0	47.72	6.11	0.06	1011
magd	TRAIN	192	334.1	1.2	50.08	5.23	0.05	1093
magd	TEST	192	302.3	100.0	47.98	6.01	0.06	1014
magd	TRAIN	193	338.0	1.2	49.57	5.42	0.05	1086
magd	TEST	193	304.5	100.0	47.83	6.07	0.06	1014
magd	TRAIN	194	345.0	1.3	49.67	5.38	0.06	1091
magd	TEST	194	315.0	100.0	47.86	6.06	0.06	1020
magd	TRAIN	195	325.8	1.3	50.81	4.96	0.05	1117
magd	TEST	195	320.6	100.0	47.80	6.08	0.06	1023
magd	TRAIN	196	337.3	1.3	50.79	4.96	0.05	1128
magd	TEST	196	311.9	100.0	48.01	6.01	0.06	1018
magd	TRAIN	197	312.6	1.2	49.82	5.33	0.06	1076
magd	TEST	197	306.5	100.0	47.74	6.11	0.06	1011
magd	TRAIN	198	335.9	1.2	50.39	5.11	0.05	1105
magd	TEST	198	306.9	100.0	47.75	6.10	0.06	1013
magd	TRAIN	199	318.9	1.3	49.46	5.46	0.05	1071
magd	TEST	199	306.6	100.0	47.72	6.12	0.06	1011
magd	TRAIN	200	340.4	1.3	50.08	5.23	0.05	1102
magd	TEST	200	306.7	100.0	47.71	6.12	0.06	1011
magd	TRAIN	201	346.8	1.4	49.81	5.33	0.05	1104
magd	TEST	201	323.2	100.0	47.87	6.06	0.06	1024
magd	TRAIN	202	331.4	1.3	49.97	5.27	0.05	1092
magd	TEST	202	306.6	100.0	47.72	6.11	0.06	1011
magd	TRAIN	203	366.1	1.4	49.65	5.39	0.05	1109
magd	TEST	203	306.6	100.0	47.72	6.12	0.06	1011
magd	TRAIN	204	324.7	1.3	49.63	5.40	0.05	1091
magd	TEST	204	306.6	100.0	47.71	6.11	0.06	1011
magd	TRAIN	205	350.5	1.4	50.17	5.20	0.05	1107
magd	TEST	205	306.7	100.0	47.71	6.11	0.06	1011
magd	TRAIN	206	335.8	1.2	51.06	4.86	0.05	1136
magd	TEST	206	306.7	100.0	47.71	6.11	0.06	1011
magd	TRAIN	207	342.4	1.2	50.08	5.23	0.05	1109
magd	TEST	207	311.8	100.0	47.72	6.11	0.06	1015
magd	TRAIN	208	344.3	1.3	48.95	5.66	0.06	1075
magd	TEST	208	308.1	100.0	47.70	6.12	0.06	1013
magd	TRAIN	209	346.0	1.3	49.51	5.44	0.05	1091
magd	TEST	209	306.6	100.0	47.72	6.11	0.06	1011
magd	TRAIN	210	337.1	1.3	49.97	5.27	0.05	1099
magd	TEST	210	306.6	100.0	48.19	5.94	0.06	1022
magd	TRAIN	211	332.8	1.5	49.73	5.36	0.05	1084
magd	TEST	211	306.6	100.0	47.72	6.11	0.06	1011
magd	TRAIN	212	322.1	1.3	49.79	5.34	0.05	1081
magd	TEST	212	306.6	100.0	47.72	6.11	0.06	1011
magd	TRAIN	213	335.3	1.3	49.38	5.49	0.05	1079
magd	TEST	213	305.7	100.0	47.74	6.11	0.06	1011
magd	TRAIN	214	338.6	1.4	51.04	4.87	0.05	1140
magd	TEST	214	306.6	100.0	47.72	6.11	0.06	1011
magd	TRAIN	215	325.3	1.4	50.25	5.16	0.05	1099
magd	TEST	215	305.3	100.0	47.78	6.09	0.06	1011
magd	TRAIN	216	322.1	1.4	50.77	4.97	0.05	1114
magd	TEST	216	306.6	100.0	47.71	6.11	0.06	1011
magd	TRAIN	217	342.7	1.5	50.05	5.24	0.05	1098
magd	TEST	217	306.6	100.0	47.72	6.11	0.06	1011
magd	TRAIN	218	343.5	1.5	49.69	5.38	0.05	1099
magd	TEST	218	306.8	100.0	47.71	6.12	0.06	1011
magd	TRAIN	219	326.9	1.5	49.82	5.33	0.05	1085
magd	TEST	219	306.7	100.0	47.71	6.11	0.06	1011
magd	TRAIN	220	331.6	1.3	49.18	5.56	0.05	1075
magd	TEST	220	304.6	100.0	47.91	6.03	0.06	1014
magd	TRAIN	221	340.3	1.3	49.57	5.40	0.06	1090
magd	TEST	221	311.6	100.0	47.55	6.16	0.06	1009
magd	TRAIN	222	334.6	1.4	50.28	5.14	0.05	1102
magd	TEST	222	306.6	100.0	47.72	6.11	0.06	1011
magd	TRAIN	223	323.7	1.4	49.45	5.46	0.06	1073
magd	TEST	223	315.4	100.0	47.80	6.08	0.06	1018
magd	TRAIN	224	333.2	1.3	49.14	5.58	0.05	1073
magd	TEST	224	311.3	100.0	47.87	6.06	0.06	1021
magd	TRAIN	225	337.6	1.2	50.14	5.21	0.05	1103
magd	TEST	225	316.2	100.0	47.91	6.04	0.06	1022
magd	TRAIN	226	332.8	1.3	49.58	5.42	0.05	1085
magd	TEST	226	306.6	100.0	47.72	6.11	0.06	1011
magd	TRAIN	227	343.0	1.4	49.24	5.55	0.06	1076
magd	TEST	227	306.6	100.0	47.72	6.11	0.06	1011
magd	TRAIN	228	317.4	1.3	49.65	5.39	0.05	1068
magd	TEST	228	306.6	100.0	47.71	6.11	0.06	1011
magd	TRAIN	229	325.8	1.4	50.26	5.16	0.05	1091
magd	TEST	229	324.7	100.0	47.82	6.08	0.06	1025
magd	TRAIN	230	318.9	1.3	49.52	5.44	0.06	1066
magd	TEST	230	313.5	100.0	47.78	6.09	0.06	1018
magd	TRAIN	231	335.5	1.4	49.56	5.42	0.05	1082
magd	TEST	231	306.9	100.0	47.99	6.01	0.06	1018
magd	TRAIN	232	347.1	1.3	50.65	5.01	0.05	1134
magd	TEST	232	306.6	100.0	47.72	6.11	0.06	1011
magd	TRAIN	233	314.0	1.5	48.84	5.70	0.05	1044
magd	TEST	233	306.5	100.0	47.72	6.11	0.06	1011
magd	TRAIN	234	328.8	1.4	49.42	5.48	0.05	1067
magd	TEST	234	306.6	100.0	47.71	6.12	0.06	1011
magd	TRAIN	235	336.0	1.4	50.30	5.15	0.05	1111
magd	TEST	235	318.3	100.0	47.87	6.06	0.06	1021
magd	TRAIN	236	340.7	1.3	50.37	5.12	0.05	1114
magd	TEST	236	305.0	100.0	47.80	6.08	0.06	1011
magd	TRAIN	237	338.8	1.4	48.86	5.69	0.05	1073
magd	TEST	237	305.7	100.0	47.80	6.08	0.06	1012
magd	TRAIN	238	334.5	1.3	49.01	5.63	0.06	1073
magd	TEST	238	306.6	100.0	47.72	6.12	0.06	1011
magd	TRAIN	239	317.2	1.4	50.55	5.05	0.05	1098
magd	TEST	239	306.6	100.0	47.72	6.11	0.06	1011
magd	TRAIN	240	341.8	1.3	50.37	5.12	0.05	1112
magd	TEST	240	305.4	100.0	47.78	6.09	0.06	1012
magd	TRAIN	241	350.4	1.4	49.45	5.47	0.05	1095
magd	TEST	241	305.0	100.0	47.93	6.04	0.06	1014
magd	TRAIN	242	338.6	1.4	50.93	4.91	0.05	1132
magd	TEST	242	310.1	100.0	47.93	6.03	0.06	1017
magd	TRAIN	243	328.0	1.4	50.58	5.04	0.05	1115
magd	TEST	243	306.3	100.0	47.81	6.08	0.06	1013
magd	TRAIN	244	336.7	1.3	50.71	4.99	0.05	1127
magd	TEST	244	311.4	100.0	47.73	6.11	0.06	1015
magd	TRAIN	245	329.1	1.4	49.04	5.62	0.06	1072
magd	TEST	245	317.1	100.0	47.94	6.03	0.06	1020
magd	TRAIN	246	340.2	1.3	48.88	5.67	0.06	1071
magd	TEST	246	317.8	100.0	47.76	6.10	0.06	1020
magd	TRAIN	247	320.2	1.3	51.30	4.77	0.05	1125
magd	TEST	247	306.6	100.0	47.72	6.11	0.06	1011
magd	TRAIN	248	346.1	1.2	51.27	4.78	0.05	1150
magd	TEST	248	306.7	100.0	47.71	6.12	0.06	1011
magd	TRAIN	249	347.9	1.3	50.01	5.26	0.05	1116
magd	TEST	249	317.3	100.0	47.74	6.11	0.06	1018
magd	TRAIN	250	331.0	1.3	50.32	5.14	0.05	1103
magd	TEST	250	303.9	100.0	47.89	6.05	0.06	1016
magd	TRAIN	251	337.7	1.5	50.24	5.17	0.05	1109
magd	TEST	251	307.2	100.0	47.76	6.10	0.06	1013
magd	TRAIN	252	323.4	1.5	51.24	4.79	0.05	1122
magd	TEST	252	306.6	100.0	47.72	6.11	0.06	1011
magd	TRAIN	253	322.0	1.5	51.33	4.76	0.05	1122
magd	TEST	253	306.7	100.0	47.72	6.11	0.06	1011
magd	TRAIN	254	377.3	1.4	49.23	5.55	0.06	1110
magd	TEST	254	306.6	100.0	47.72	6.11	0.06	1011
magd	TRAIN	255	322.0	1.5	49.37	5.50	0.05	1063
magd	TEST	255	311.0	100.0	48.08	5.98	0.06	1022
magd	TRAIN	256	365.8	1.4	49.82	5.33	0.05	1114
magd	TEST	256	307.8	100.0	48.07	5.98	0.06	1019
magd	TRAIN	257	330.7	1.5	50.77	4.97	0.05	1113
magd	TEST	257	304.2	100.0	47.97	6.02	0.06	1016
magd	TRAIN	258	338.8	1.4	50.27	5.16	0.06	1114
magd	TEST	258	314.8	100.0	47.83	6.07	0.06	1022
magd	TRAIN	259	338.1	1.4	49.98	5.27	0.06	1104
magd	TEST	259	308.3	100.0	47.70	6.12	0.06	1022
magd	TRAIN	260	316.5	1.6	50.95	4.90	0.05	1126
magd	TEST	260	301.8	100.0	48.45	5.83	0.06	1036
magd	TRAIN	261	338.9	1.5	50.36	5.11	0.05	1126
magd	TEST	261	299.1	100.0	48.35	5.86	0.05	1032
magd	TRAIN	262	313.1	1.5	49.82	5.32	0.05	1085
magd	TEST	262	310.8	100.0	48.56	5.79	0.05	1045
magd	TRAIN	263	351.1	1.5	50.91	4.91	0.05	1152
magd	TEST	263	306.0	100.0	48.43	5.84	0.05	1038
magd	TRAIN	264	331.3	1.8	50.28	5.15	0.05	1111
magd	TEST	264	308.7	100.0	48.55	5.80	0.06	1044
magd	TRAIN	265	329.4	1.8	51.56	4.66	0.05	1152
magd	TEST	265	308.6	100.0	48.52	5.80	0.05	1041
magd	TRAIN	266	355.1	1.7	50.36	5.11	0.05	1131
magd	TEST	266	300.9	100.0	48.31	5.88	0.06	1032
magd	TRAIN	267	339.5	1.8	50.19	5.17	0.05	1120
magd	TEST	267	299.1	100.0	48.37	5.86	0.05	1032
magd	TRAIN	268	325.2	1.6	50.81	4.95	0.05	1128
magd	TEST	268	299.9	100.0	48.59	5.78	0.05	1038
magd	TRAIN	269	328.0	1.7	51.24	4.80	0.05	1146
magd	TEST	269	297.7	100.0	48.52	5.81	0.05	1033
magd	TRAIN	270	331.4	1.8	49.90	5.30	0.05	1101
magd	TEST	270	311.3	100.0	48.68	5.75	0.05	1049
magd	TRAIN	271	332.5	1.9	51.06	4.86	0.05	1146
magd	TEST	271	298.7	100.0	48.39	5.86	0.05	1032
magd	TRAIN	272	306.9	1.7	51.05	4.86	0.05	1119
magd	TEST	272	298.7	100.0	48.39	5.86	0.05	1032
magd	TRAIN	273	354.9	1.5	50.50	5.07	0.05	1144
magd	TEST	273	298.5	100.0	48.40	5.86	0.05	1032
magd	TRAIN	274	310.6	1.7	51.21	4.81	0.05	1132
magd	TEST	274	298.7	100.0	48.40	5.86	0.05	1032
magd	TRAIN	275	333.1	1.6	50.33	5.14	0.05	1114
magd	TEST	275	298.6	100.0	48.40	5.86	0.05	1032
magd	TRAIN	276	336.0	1.5	49.56	5.43	0.05	1096
magd	TEST	276	298.7	100.0	48.77	5.72	0.05	1045
magd	TRAIN	277	336.4	1.4	50.63	5.02	0.05	1126
magd	TEST	277	298.6	100.0	48.40	5.86	0.05	1032
magd	TRAIN	278	359.4	1.6	50.92	4.91	0.05	1164
magd	TEST	278	297.9	100.0	48.77	5.72	0.05	1043
magd	TRAIN	279	311.1	1.4	51.45	4.70	0.05	1131
magd	TEST	279	303.2	100.0	48.47	5.82	0.06	1037
magd	TRAIN	280	319.7	1.5	50.97	4.88	0.05	1131
magd	TEST	280	308.9	100.0	48.04	5.99	0.06	1027
magd	TRAIN	281	343.5	1.5	49.69	5.36	0.05	1110
magd	TEST	281	299.9	100.0	48.46	5.82	0.05	1035
magd	TRAIN	282	331.1	1.5	51.35	4.74	0.05	1147
magd	TEST	282	310.6	100.0	48.39	5.85	0.05	1039
magd	TRAIN	283	353.2	1.5	48.77	5.72	0.06	1084
magd	TEST	283	325.5	100.0	47.32	6.26	0.06	1013
magd	TRAIN	284	320.6	1.5	49.07	5.60	0.06	1065
magd	TEST	284	298.9	100.0	48.38	5.86	0.05	1032
magd	TRAIN	285	368.8	1.4	49.82	5.33	0.05	1120
magd	TEST	285	312.0	100.0	47.30	6.27	0.06	1005
magd	TRAIN	286	329.3	1.6	50.47	5.08	0.05	1117
magd	TEST	286	298.7	100.0	48.38	5.86	0.05	1032
magd	TRAIN	287	315.0	1.8	49.91	5.29	0.05	1091
magd	TEST	287	298.7	100.0	48.39	5.86	0.05	1032
magd	TRAIN	288	302.1	1.6	51.14	4.82	0.05	1116
magd	TEST	288	298.6	100.0	48.40	5.86	0.05	1032
magd	TRAIN	289	332.1	1.7	51.19	4.81	0.05	1153
magd	TEST	289	298.7	100.0	48.41	5.86	0.05	1032
magd	TRAIN	290	366.0	1.6	49.67	5.38	0.05	1123
magd	TEST	290	304.9	100.0	48.49	5.82	0.05	1039
magd	TRAIN	291	317.5	1.7	50.84	4.94	0.05	1121
magd	TEST	291	309.3	100.0	48.55	5.80	0.05	1046
magd	TRAIN	292	347.2	1.7	51.36	4.75	0.05	1166
magd	TEST	292	334.4	100.0	48.72	5.74	0.05	1064
magd	TRAIN	293	334.8	1.7	49.92	5.29	0.05	1103
magd	TEST	293	298.6	100.0	48.39	5.86	0.05	1032
magd	TRAIN	294	327.7	1.7	49.91	5.29	0.05	1101
magd	TEST	294	305.5	100.0	48.53	5.80	0.05	1043
magd	TRAIN	295	336.6	1.7	50.72	4.98	0.05	1131
magd	TEST	295	308.3	100.0	48.70	5.74	0.05	1050
magd	TRAIN	296	331.2	1.7	50.03	5.24	0.05	1100
magd	TEST	296	315.8	100.0	47.13	6.33	0.06	1002
magd	TRAIN	297	372.8	1.7	48.73	5.72	0.06	1091
magd	TEST	297	298.7	100.0	48.39	5.86	0.05	1032
magd	TRAIN	298	337.4	1.7	50.72	4.99	0.05	1127
magd	TEST	298	304.2	100.0	48.71	5.74	0.05	1043
magd	TRAIN	299	316.0	1.8	50.94	4.90	0.05	1126
magd	TEST	299	301.2	100.0	48.30	5.89	0.06	1030
magd	TRAIN	300	345.1	1.7	50.42	5.10	0.05	1129
magd	TEST	300	298.9	100.0	48.69	5.75	0.05	1040
magd	TRAIN	301	314.6	1.6	50.05	5.24	0.05	1093
magd	TEST	301	300.5	100.0	48.33	5.88	0.06	1029
magd	TRAIN	302	344.5	1.6	49.37	5.49	0.06	1094
magd	TEST	302	320.7	100.0	47.25	6.29	0.06	1005
magd	TRAIN	303	348.2	1.6	48.97	5.65	0.06	1087
magd	TEST	303	315.6	100.0	46.92	6.42	0.06	991
magd	TRAIN	304	317.1	1.6	49.87	5.31	0.05	1096
magd	TEST	304	302.5	100.0	48.51	5.82	0.05	1037
magd	TRAIN	305	298.5	1.7	50.59	5.04	0.05	1098
magd	TEST	305	304.6	100.0	48.45	5.84	0.05	1041
magd	TRAIN	306	323.3	1.6	50.39	5.11	0.05	1110
magd	TEST	306	298.6	100.0	48.40	5.86	0.05	1032
magd	TRAIN	307	331.8	1.6	50.09	5.23	0.05	1105
magd	TEST	307	313.2	100.0	48.97	5.64	0.05	1061
magd	TRAIN	308	321.5	1.7	50.72	4.99	0.05	1119
magd	TEST	308	301.8	100.0	48.83	5.70	0.05	1050
magd	TRAIN	309	342.3	1.7	50.87	4.93	0.05	1139
magd	TEST	309	298.6	100.0	48.40	5.86	0.05	1032
magd	TRAIN	310	316.3	1.6	50.73	4.98	0.05	1122
magd	TEST	310	299.2	100.0	48.63	5.77	0.05	1040
magd	TRAIN	311	322.8	1.6	51.10	4.85	0.05	1131
magd	TEST	311	298.8	100.0	48.40	5.86	0.05	1032
magd	TRAIN	312	322.9	1.7	49.89	5.30	0.05	1092
magd	TEST	312	297.7	100.0	48.48	5.83	0.05	1033
magd	TRAIN	313	334.0	1.7	51.22	4.80	0.05	1153
magd	TEST	313	300.9	100.0	49.26	5.53	0.05	1060
magd	TRAIN	314	322.8	1.5	50.75	4.98	0.05	1121
magd	TEST	314	300.8	100.0	48.60	5.78	0.05	1040
magd	TRAIN	315	334.9	1.6	49.63	5.40	0.05	1096
magd	TEST	315	302.2	100.0	48.48	5.83	0.05	1036
magd	TRAIN	316	331.0	1.5	50.38	5.11	0.05	1122
magd	TEST	316	299.7	100.0	48.41	5.85	0.05	1033
magd	TRAIN	317	328.6	1.6	50.66	5.01	0.05	1127
magd	TEST	317	305.0	100.0	48.50	5.82	0.05	1041
magd	TRAIN	318	311.5	1.4	49.99	5.27	0.05	1093
magd	TEST	318	302.2	100.0	48.77	5.72	0.05	1046
magd	TRAIN	319	338.5	1.5	51.04	4.87	0.05	1146
magd	TEST	319	299.8	100.0	48.56	5.79	0.05	1036
magd	TRAIN	320	315.4	1.5	51.78	4.59	0.05	1151
magd	TEST	320	298.7	100.0	48.40	5.86	0.05	1032
magd	TRAIN	321	356.0	1.5	50.62	5.02	0.05	1141
magd	TEST	321	295.7	100.0	48.86	5.68	0.05	1044
magd	TRAIN	322	335.9	1.6	50.68	5.00	0.05	1128
magd	TEST	322	308.4	100.0	48.74	5.73	0.05	1046
magd	TRAIN	323	307.1	1.6	50.68	5.00	0.05	1106
magd	TEST	323	298.7	100.0	48.39	5.86	0.05	1032
magd	TRAIN	324	345.7	1.6	51.73	4.60	0.05	1175
magd	TEST	324	312.6	100.0	49.16	5.56	0.05	1063
magd	TRAIN	325	342.2	1.9	50.70	4.98	0.05	1140
magd	TEST	325	329.0	100.0	48.26	5.90	0.06	1042
magd	TRAIN	326	317.8	1.8	50.88	4.91	0.05	1117
magd	TEST	326	314.5	100.0	48.65	5.75	0.05	1048
magd	TRAIN	327	318.5	1.8	51.93	4.53	0.05	1159
magd	TEST	327	310.9	100.0	48.68	5.75	0.05	1047
magd	TRAIN	328	341.7	1.7	51.24	4.79	0.05	1160
magd	TEST	328	296.8	100.0	48.60	5.78	0.05	1036
magd	TRAIN	329	315.4	1.5	51.17	4.81	0.05	1126
magd	TEST	329	312.2	100.0	48.49	5.82	0.05	1043
magd	TRAIN	330	320.7	1.5	51.81	4.57	0.05	1158
magd	TEST	330	301.4	100.0	49.00	5.63	0.05	1050
magd	TRAIN	331	311.9	1.6	50.19	5.19	0.05	1089
magd	TEST	331	296.6	100.0	48.59	5.78	0.05	1036
magd	TRAIN	332	312.0	1.5	51.48	4.70	0.05	1138
magd	TEST	332	310.7	100.0	48.42	5.85	0.05	1039
magd	TRAIN	333	324.7	1.6	50.97	4.89	0.05	1131
magd	TEST	333	305.6	100.0	48.44	5.81	0.05	1038
magd	TRAIN	334	396.4	1.7	49.53	5.42	0.05	1143
magd	TEST	334	299.0	100.0	48.34	5.86	0.05	1032
magd	TRAIN	335	339.2	1.5	50.80	4.96	0.05	1137
magd	TEST	335	298.7	100.0	48.39	5.86	0.05	1032
magd	TRAIN	336	308.2	1.7	50.24	5.17	0.05	1090
magd	TEST	336	306.8	100.0	48.46	5.83	0.05	1040
magd	TRAIN	337	290.8	1.7	50.49	5.07	0.05	1086
magd	TEST	337	298.6	100.0	48.40	5.86	0.05	1032
magd	TRAIN	338	300.3	1.6	50.62	5.03	0.05	1098
magd	TEST	338	298.6	100.0	48.39	5.86	0.05	1032
magd	TRAIN	339	318.6	1.5	50.43	5.10	0.05	1102
magd	TEST	339	298.6	100.0	48.40	5.86	0.05	1032
magd	TRAIN	340	312.1	1.5	50.06	5.24	0.05	1092
magd	TEST	340	298.7	100.0	48.39	5.86	0.05	1032
magd	TRAIN	341	316.5	1.6	51.21	4.81	0.05	1130
magd	TEST	341	298.1	100.0	48.47	5.83	0.05	1033
magd	TRAIN	342	302.3	1.5	50.31	5.14	0.05	1090
magd	TEST	342	297.7	100.0	48.47	5.83	0.05	1034
magd	TRAIN	343	315.7	1.5	49.69	5.38	0.05	1078
magd	TEST	343	298.8	100.0	48.54	5.81	0.05	1035
magd	TRAIN	344	313.8	1.5	50.07	5.24	0.05	1094
magd	TEST	344	294.3	100.0	48.70	5.74	0.05	1038
magd	TRAIN	345	322.2	1.6	51.04	4.87	0.05	1131
magd	TEST	345	297.7	100.0	48.59	5.79	0.05	1037
magd	TRAIN	346	321.4	1.6	50.57	5.05	0.05	1119
magd	TEST	346	298.6	100.0	48.39	5.86	0.05	1032
magd	TRAIN	347	342.7	1.6	51.00	4.88	0.05	1145
magd	TEST	347	310.0	100.0	48.40	5.85	0.05	1039
magd	TRAIN	348	333.4	1.6	50.67	4.99	0.05	1120
magd	TEST	348	333.0	100.0	47.84	6.06	0.06	1039
magd	TRAIN	349	341.7	1.7	48.99	5.64	0.06	1076
magd	TEST	349	323.9	100.0	46.21	6.68	0.06	979
magd	TRAIN	350	342.1	1.6	48.07	5.99	0.06	1045
magd	TEST	350	324.0	100.0	46.21	6.68	0.06	979
magd	TRAIN	351	361.1	1.6	48.67	5.76	0.06	1081
magd	TEST	351	341.4	100.0	46.47	6.58	0.06	997
magd	TRAIN	352	360.6	1.7	48.63	5.78	0.06	1081
magd	TEST	352	319.4	100.0	47.31	6.26	0.06	1006
magd	TRAIN	353	339.5	1.7	50.61	5.01	0.05	1132
magd	TEST	353	297.5	100.0	49.53	5.40	0.05	1068
magd	TRAIN	354	314.6	1.7	51.59	4.62	0.05	1148
magd	TEST	354	300.7	100.0	49.38	5.47	0.05	1062
magd	TRAIN	355	332.8	1.7	50.34	5.13	0.05	1122
magd	TEST	355	291.3	100.0	49.17	5.56	0.05	1047
magd	TRAIN	356	322.3	1.7	50.63	5.01	0.05	1124
magd	TEST	356	311.6	100.0	48.38	5.85	0.05	1040
magd	TRAIN	357	303.0	1.8	51.59	4.63	0.05	1141
magd	TEST	357	339.3	100.0	49.19	5.54	0.05	1087
magd	TRAIN	358	321.6	1.9	51.30	4.76	0.05	1140
magd	TEST	358	325.1	100.0	48.40	5.84	0.06	1047
magd	TRAIN	359	364.2	1.8	50.78	4.93	0.05	1158
magd	TEST	359	307.1	100.0	49.63	5.34	0.05	1079
magd	TRAIN	360	318.5	1.9	51.23	4.74	0.05	1139
magd	TEST	360	310.3	100.0	50.75	4.91	0.05	1119
magd	TRAIN	361	313.7	1.8	51.61	4.61	0.05	1152
magd	TEST	361	294.6	100.0	50.09	5.19	0.05	1085
magd	TRAIN	362	308.4	1.7	52.77	4.19	0.05	1188
magd	TEST	362	305.9	100.0	50.90	4.91	0.05	1121
magd	TRAIN	363	318.6	1.7	52.54	4.30	0.04	1179
magd	TEST	363	282.3	100.0	50.37	5.11	0.05	1085
magd	TRAIN	364	303.8	1.6	53.02	4.12	0.04	1184
magd	TEST	364	278.9	100.0	50.29	5.15	0.05	1078
magd	TRAIN	365	323.8	1.6	52.21	4.43	0.04	1177
magd	TEST	365	304.3	100.0	50.05	5.24	0.05	1088
magd	TRAIN	366	321.2	1.6	51.80	4.58	0.05	1157
magd	TEST	366	289.6	100.0	50.01	5.25	0.05	1078
magd	TRAIN	367	286.0	1.6	52.13	4.46	0.05	1145
magd	TEST	367	281.9	100.0	50.00	5.25	0.05	1071
magd	TRAIN	368	340.3	1.7	51.19	4.81	0.05	1152
magd	TEST	368	297.1	100.0	48.92	5.66	0.05	1044
magd	TRAIN	369	334.3	1.8	50.26	5.15	0.05	1114
magd	TEST	369	292.8	100.0	49.41	5.47	0.05	1057
magd	TRAIN	370	285.7	1.8	51.59	4.65	0.05	1123
magd	TEST	370	295.2	100.0	50.22	5.16	0.05	1088
magd	TRAIN	371	313.3	1.7	51.44	4.72	0.05	1141
magd	TEST	371	281.9	100.0	50.00	5.25	0.05	1071
magd	TRAIN	372	269.7	1.7	52.35	4.38	0.05	1139
magd	TEST	372	286.9	100.0	50.50	5.07	0.05	1088
magd	TRAIN	373	308.2	1.6	52.95	4.15	0.05	1186
magd	TEST	373	281.9	100.0	50.00	5.25	0.05	1071
magd	TRAIN	374	294.3	1.7	52.21	4.43	0.05	1150
magd	TEST	374	280.7	100.0	50.03	5.25	0.05	1071
magd	TRAIN	375	305.7	1.6	51.85	4.56	0.05	1144
magd	TEST	375	281.9	100.0	50.00	5.26	0.05	1071
magd	TRAIN	376	301.4	1.6	52.61	4.28	0.05	1166
magd	TEST	376	280.9	100.0	50.13	5.21	0.05	1072
magd	TRAIN	377	320.6	1.6	51.21	4.80	0.05	1138
magd	TEST	377	287.5	100.0	50.07	5.23	0.05	1077
magd	TRAIN	378	290.3	1.5	51.46	4.71	0.05	1129
magd	TEST	378	281.9	100.0	50.01	5.25	0.05	1071
magd	TRAIN	379	311.0	1.5	51.34	4.76	0.05	1133
magd	TEST	379	281.8	100.0	50.01	5.25	0.05	1071
magd	TRAIN	380	314.2	1.6	51.51	4.69	0.05	1142
magd	TEST	380	281.9	100.0	50.01	5.25	0.05	1071
magd	TRAIN	381	303.5	1.6	52.01	4.50	0.05	1156
magd	TEST	381	280.4	100.0	50.23	5.17	0.05	1075
magd	TRAIN	382	304.3	1.6	51.50	4.70	0.05	1136
magd	TEST	382	281.9	100.0	50.01	5.25	0.05	1071
magd	TRAIN	383	284.8	1.6	52.06	4.49	0.04	1137
magd	TEST	383	282.0	100.0	50.12	5.21	0.05	1074
magd	TRAIN	384	311.2	1.6	51.90	4.54	0.05	1156
magd	TEST	384	296.4	100.0	50.07	5.23	0.05	1082
magd	TRAIN	385	300.4	1.6	52.21	4.43	0.05	1150
magd	TEST	385	281.9	100.0	50.01	5.25	0.05	1071
magd	TRAIN	386	320.3	1.6	52.02	4.50	0.04	1158
magd	TEST	386	281.7	100.0	50.25	5.16	0.05	1079
magd	TRAIN	387	313.0	1.7	50.87	4.93	0.05	1124
magd	TEST	387	281.9	100.0	50.01	5.25	0.05	1071
magd	TRAIN	388	305.8	1.6	51.09	4.85	0.05	1122
magd	TEST	388	281.9	100.0	50.00	5.26	0.05	1071
magd	TRAIN	389	305.9	1.6	51.18	4.82	0.05	1126
magd	TEST	389	281.7	100.0	50.19	5.18	0.05	1077
magd	TRAIN	390	295.9	1.6	52.51	4.32	0.04	1158
magd	TEST	390	282.2	100.0	50.00	5.26	0.05	1071
magd	TRAIN	391	324.0	1.7	52.28	4.40	0.05	1176
magd	TEST	391	285.7	100.0	50.07	5.23	0.05	1076
magd	TRAIN	392	304.1	1.6	51.84	4.57	0.05	1148
magd	TEST	392	288.3	100.0	50.28	5.15	0.05	1085
magd	TRAIN	393	293.9	1.6	52.35	4.38	0.05	1152
magd	TEST	393	271.2	100.0	51.47	4.70	0.05	1111
magd	TRAIN	394	319.1	1.6	51.62	4.64	0.05	1119
magd	TEST	394	263.2	100.0	51.73	4.60	0.04	1116
magd	TRAIN	395	282.9	1.6	52.98	4.14	0.04	1170
magd	TEST	395	269.8	100.0	51.91	4.54	0.04	1126
magd	TRAIN	396	272.3	1.7	53.90	3.79	0.04	1196
magd	TEST	396	265.2	100.0	51.68	4.62	0.04	1116
magd	TRAIN	397	291.2	1.6	53.40	3.98	0.04	1187
magd	TEST	397	266.0	100.0	51.66	4.63	0.04	1116
magd	TRAIN	398	285.9	1.6	53.02	4.13	0.04	1170
magd	TEST	398	265.0	100.0	51.68	4.62	0.04	1115
magd	TRAIN	399	261.6	1.7	54.67	3.51	0.04	1205
magd	TEST	399	261.8	100.0	51.82	4.57	0.04	1117
magd	TRAIN	400	272.8	1.8	52.77	4.22	0.04	1154
magd	TEST	400	263.5	100.0	51.73	4.60	0.04	1116
magd	TRAIN	401	292.4	1.7	54.19	3.68	0.04	1219
magd	TEST	401	270.0	100.0	52.00	4.50	0.04	1128
magd	TRAIN	402	280.1	1.6	53.37	3.99	0.04	1183
magd	TEST	402	263.3	100.0	51.73	4.60	0.04	1116
magd	TRAIN	403	295.3	1.7	54.19	3.68	0.04	1219
magd	TEST	403	263.3	100.0	51.73	4.60	0.04	1116
magd	TRAIN	404	290.1	1.6	53.53	3.93	0.04	1194
magd	TEST	404	263.3	100.0	51.74	4.60	0.04	1116
magd	TRAIN	405	295.0	1.6	52.80	4.21	0.04	1176
magd	TEST	405	274.3	100.0	51.76	4.59	0.04	1123
magd	TRAIN	406	267.8	1.7	53.78	3.84	0.04	1190
magd	TEST	406	277.5	100.0	51.80	4.58	0.04	1127
magd	TRAIN	407	279.0	1.6	53.68	3.88	0.04	1190
magd	TEST	407	269.5	100.0	51.87	4.56	0.04	1124
magd	TRAIN	408	291.6	1.6	53.00	4.13	0.04	1181
magd	TEST	408	263.3	100.0	51.74	4.60	0.04	1116
magd	TRAIN	409	274.5	1.7	53.62	3.90	0.04	1187
magd	TEST	409	263.3	100.0	51.74	4.60	0.04	1116
magd	TRAIN	410	266.2	1.7	53.83	3.82	0.04	1183
magd	TEST	410	263.3	100.0	51.74	4.60	0.04	1116
magd	TRAIN	411	279.9	1.7	53.85	3.81	0.04	1194
magd	TEST	411	260.7	100.0	51.94	4.53	0.04	1121
magd	TRAIN	412	308.3	1.6	52.99	4.14	0.04	1190
magd	TEST	412	261.5	100.0	52.05	4.48	0.04	1123
magd	TRAIN	413	268.1	1.6	52.57	4.30	0.04	1145
magd	TEST	413	263.3	100.0	51.74	4.60	0.04	1116
magd	TRAIN	414	283.4	1.6	52.82	4.20	0.04	1166
magd	TEST	414	263.3	100.0	51.74	4.60	0.04	1116
magd	TRAIN	415	268.4	1.6	53.29	4.02	0.04	1163
magd	TEST	415	263.3	100.0	51.74	4.60	0.04	1116
magd	TRAIN	416	284.7	1.7	54.33	3.64	0.04	1215
magd	TEST	416	263.3	100.0	51.74	4.60	0.04	1116
magd	TRAIN	417	264.9	1.7	52.69	4.25	0.04	1148
magd	TEST	417	263.3	100.0	51.75	4.60	0.04	1116
magd	TRAIN	418	295.8	1.7	53.11	4.09	0.04	1184
magd	TEST	418	263.3	100.0	51.74	4.60	0.04	1116
magd	TRAIN	419	295.0	1.6	53.12	4.09	0.04	1188
magd	TEST	419	263.2	100.0	51.74	4.60	0.04	1116
magd	TRAIN	420	277.7	1.7	53.64	3.89	0.04	1188
magd	TEST	420	263.3	100.0	51.73	4.60	0.04	1116
magd	TRAIN	421	276.1	1.7	53.34	4.01	0.04	1179
magd	TEST	421	263.2	100.0	51.74	4.60	0.04	1116
magd	TRAIN	422	263.3	1.7	53.86	3.81	0.04	1187
magd	TEST	422	263.3	100.0	51.74	4.60	0.04	1116
magd	TRAIN	423	261.2	1.6	54.38	3.62	0.04	1192
magd	TEST	423	265.1	100.0	51.81	4.58	0.04	1119
magd	TRAIN	424	283.1	1.6	53.14	4.08	0.04	1177
magd	TEST	424	260.1	100.0	51.92	4.53	0.04	1120
magd	TRAIN	425	267.5	1.6	53.57	3.92	0.04	1174
magd	TEST	425	263.3	100.0	51.74	4.60	0.04	1116
magd	TRAIN	426	268.3	1.7	53.59	3.91	0.04	1180
magd	TEST	426	274.9	100.0	51.76	4.59	0.04	1125
magd	TRAIN	427	280.3	1.6	52.84	4.20	0.04	1164
magd	TEST	427	262.9	100.0	51.89	4.55	0.04	1120
magd	TRAIN	428	272.3	1.6	53.62	3.90	0.04	1180
magd	TEST	428	263.4	100.0	51.74	4.60	0.04	1116
magd	TRAIN	429	286.7	1.6	54.24	3.67	0.04	1215
magd	TEST	429	263.3	100.0	51.74	4.60	0.04	1116
magd	TRAIN	430	282.7	1.6	53.11	4.09	0.04	1174
magd	TEST	430	263.2	100.0	51.74	4.60	0.04	1116
magd	TRAIN	431	288.7	1.6	53.15	4.08	0.04	1178
magd	TEST	431	263.2	100.0	51.74	4.60	0.04	1116
magd	TRAIN	432	294.4	1.7	53.17	4.07	0.04	1184
magd	TEST	432	263.3	100.0	51.74	4.60	0.04	1116
magd	TRAIN	433	276.3	1.6	54.28	3.65	0.04	1204
magd	TEST	433	263.3	100.0	51.74	4.60	0.04	1116
magd	TRAIN	434	277.6	1.7	54.10	3.72	0.04	1212
magd	TEST	434	263.3	100.0	51.74	4.60	0.04	1116
magd	TRAIN	435	280.5	1.6	52.55	4.30	0.04	1153
magd	TEST	435	263.3	100.0	51.74	4.60	0.04	1116
magd	TRAIN	436	301.9	1.5	53.31	4.02	0.04	1203
magd	TEST	436	274.8	100.0	52.33	4.38	0.04	1140
magd	TRAIN	437	266.6	1.5	53.33	4.01	0.04	1166
magd	TEST	437	263.2	100.0	51.74	4.60	0.04	1116
magd	TRAIN	438	279.7	1.6	53.22	4.05	0.04	1174
magd	TEST	438	263.3	100.0	51.74	4.60	0.04	1116
magd	TRAIN	439	276.4	1.8	53.21	4.05	0.04	1172
magd	TEST	439	263.3	100.0	51.74	4.60	0.04	1116
magd	TRAIN	440	272.6	1.7	54.13	3.71	0.04	1199
magd	TEST	440	262.3	100.0	51.83	4.57	0.04	1118
magd	TRAIN	441	301.4	1.6	53.30	4.02	0.04	1193
magd	TEST	441	263.2	100.0	51.74	4.60	0.04	1116
magd	TRAIN	442	284.4	1.7	53.29	4.02	0.04	1184
magd	TEST	442	263.2	100.0	51.74	4.60	0.04	1116
magd	TRAIN	443	262.2	1.6	53.84	3.82	0.04	1181
magd	TEST	443	263.2	100.0	51.73	4.60	0.04	1116
magd	TRAIN	444	280.0	1.8	53.46	3.95	0.04	1180
magd	TEST	444	270.7	100.0	51.83	4.56	0.04	1126
magd	TRAIN	445	282.7	1.8	53.89	3.78	0.04	1204
magd	TEST	445	278.2	100.0	50.60	5.02	0.05	1088
magd	TRAIN	446	313.9	1.7	51.84	4.56	0.05	1159
magd	TEST	446	279.8	100.0	50.32	5.12	0.05	1081
magd	TRAIN	447	363.0	1.8	52.52	4.27	0.04	1227
magd	TEST	447	274.9	100.0	52.12	4.40	0.04	1144
magd	TRAIN	448	270.6	1.8	52.87	4.17	0.04	1153
magd	TEST	448	289.2	100.0	50.23	5.17	0.05	1084
magd	TRAIN	449	284.4	1.7	53.19	4.05	0.04	1178
magd	TEST	449	266.8	100.0	52.12	4.42	0.04	1135
magd	TRAIN	450	302.2	1.8	53.62	3.89	0.04	1210
magd	TEST	450	263.2	100.0	51.74	4.60	0.04	1116
magd	TRAIN	451	288.1	1.7	53.47	3.95	0.04	1189
magd	TEST	451	259.3	100.0	51.95	4.52	0.04	1121
magd	TRAIN	452	273.9	1.7	53.42	3.97	0.04	1174
magd	TEST	452	263.3	100.0	51.74	4.60	0.04	1116
magd	TRAIN	453	270.1	1.8	53.48	3.95	0.04	1176
magd	TEST	453	264.9	100.0	52.09	4.47	0.04	1128
magd	TRAIN	454	276.7	1.8	53.37	3.99	0.04	1181
magd	TEST	454	266.1	100.0	52.58	4.28	0.04	1145
magd	TRAIN	455	282.4	1.7	52.80	4.20	0.04	1169
magd	TEST	455	255.7	100.0	52.57	4.29	0.04	1140
magd	TRAIN	456	266.8	1.8	53.75	3.83	0.04	1189
magd	TEST	456	246.2	100.0	52.95	4.13	0.04	1150
magd	TRAIN	457	252.0	1.8	54.92	3.41	0.03	1217
magd	TEST	457	249.2	100.0	52.85	4.18	0.04	1147
magd	TRAIN	458	268.0	1.7	54.60	3.53	0.04	1215
magd	TEST	458	249.3	100.0	52.85	4.19	0.04	1147
magd	TRAIN	459	275.6	1.7	54.22	3.67	0.04	1213
magd	TEST	459	248.9	100.0	52.86	4.18	0.04	1147
magd	TRAIN	460	255.0	1.6	53.37	3.99	0.04	1166
magd	TEST	460	249.3	100.0	52.84	4.19	0.04	1147
magd	TRAIN	461	237.6	1.8	55.29	3.27	0.03	1212
magd	TEST	461	249.3	100.0	52.84	4.19	0.04	1147
magd	TRAIN	462	265.5	1.8	55.20	3.30	0.03	1232
magd	TEST	462	249.3	100.0	52.85	4.18	0.04	1147
magd	TRAIN	463	270.8	1.7	53.77	3.84	0.04	1193
magd	TEST	463	250.2	100.0	53.03	4.11	0.04	1154
magd	TRAIN	464	298.6	1.6	53.91	3.78	0.04	1223
magd	TEST	464	261.7	100.0	52.39	4.35	0.04	1141
magd	TRAIN	465	285.6	1.7	53.65	3.88	0.04	1198
magd	TEST	465	252.9	100.0	52.83	4.18	0.04	1150
magd	TRAIN	466	281.4	1.7	53.89	3.78	0.04	1207
magd	TEST	466	247.3	100.0	53.04	4.11	0.04	1152
magd	TRAIN	467	253.2	1.6	53.65	3.89	0.04	1177
magd	TEST	467	247.4	100.0	53.00	4.13	0.04	1151
magd	TRAIN	468	270.5	1.8	55.32	3.26	0.03	1241
magd	TEST	468	259.9	100.0	53.06	4.10	0.04	1163
magd	TRAIN	469	260.5	1.7	54.73	3.48	0.03	1216
magd	TEST	469	252.6	100.0	53.27	4.02	0.04	1166
magd	TRAIN	470	245.2	1.7	56.15	2.92	0.03	1250
magd	TEST	470	227.4	100.0	54.89	3.41	0.03	1199
magd	TRAIN	471	228.1	1.8	57.13	2.57	0.03	1269
magd	TEST	471	227.5	100.0	54.87	3.41	0.03	1199
magd	TRAIN	472	253.5	1.9	55.77	3.07	0.03	1247
magd	TEST	472	226.8	100.0	55.03	3.33	0.03	1204
magd	TRAIN	473	232.4	1.8	56.47	2.80	0.03	1254
magd	TEST	473	227.7	100.0	54.82	3.41	0.03	1199
magd	TRAIN	474	256.2	1.7	55.73	3.07	0.03	1246
magd	TEST	474	228.2	100.0	54.78	3.42	0.03	1199
magd	TRAIN	475	299.1	1.6	55.74	3.08	0.03	1286
magd	TEST	475	233.9	100.0	54.93	3.40	0.03	1203
magd	TRAIN	476	230.1	1.7	56.50	2.81	0.03	1245
magd	TEST	476	227.3	100.0	54.91	3.41	0.03	1199
magd	TRAIN	477	252.3	1.7	56.25	2.91	0.03	1258
magd	TEST	477	227.7	100.0	54.92	3.40	0.03	1189
magd	TRAIN	478	221.2	1.7	56.36	2.87	0.03	1240
magd	TEST	478	227.3	100.0	54.93	3.40	0.03	1199
magd	TRAIN	479	242.2	1.7	57.09	2.60	0.03	1280
magd	TEST	479	235.0	100.0	55.05	3.36	0.03	1212
magd	TRAIN	480	240.0	1.7	55.33	3.26	0.03	1220
magd	TEST	480	227.3	100.0	54.92	3.40	0.03	1199
magd	TRAIN	481	226.7	1.7	56.30	2.89	0.03	1242
magd	TEST	481	227.4	100.0	54.92	3.41	0.03	1199
magd	TRAIN	482	243.8	1.7	55.70	3.12	0.03	1234
magd	TEST	482	227.3	100.0	54.93	3.41	0.03	1199
magd	TRAIN	483	235.2	1.7	56.20	2.93	0.03	1245
magd	TEST	483	233.7	100.0	54.96	3.39	0.03	1205
magd	TRAIN	484	238.8	1.7	56.46	2.83	0.03	1254
magd	TEST	484	226.9	100.0	54.92	3.40	0.03	1199
magd	TRAIN	485	245.5	1.7	55.83	3.07	0.03	1246
magd	TEST	485	227.3	100.0	54.93	3.40	0.03	1199
magd	TRAIN	486	252.5	1.7	55.81	3.07	0.03	1252
magd	TEST	486	227.4	100.0	54.93	3.40	0.03	1199
magd	TRAIN	487	240.9	1.6	55.79	3.08	0.03	1238
magd	TEST	487	227.4	100.0	54.92	3.41	0.03	1199
magd	TRAIN	488	246.6	1.7	56.11	2.96	0.03	1254
magd	TEST	488	227.4	100.0	54.91	3.41	0.03	1199
magd	TRAIN	489	233.4	1.7	56.48	2.81	0.03	1254
magd	TEST	489	227.5	100.0	54.87	3.41	0.03	1199
magd	TRAIN	490	244.3	1.7	56.12	2.93	0.03	1252
magd	TEST	490	227.9	100.0	54.84	3.41	0.03	1199
magd	TRAIN	491	236.9	1.7	56.04	2.96	0.03	1245
magd	TEST	491	228.1	100.0	54.79	3.42	0.03	1199
magd	TRAIN	492	243.2	1.7	56.19	2.91	0.03	1255
magd	TEST	492	252.0	100.0	54.94	3.38	0.03	1216
magd	TRAIN	493	258.9	1.7	55.56	3.16	0.03	1248
magd	TEST	493	227.4	100.0	54.92	3.40	0.03	1199
magd	TRAIN	494	237.3	1.8	56.76	2.71	0.03	1259
magd	TEST	494	227.4	100.0	54.91	3.41	0.03	1198
magd	TRAIN	495	251.8	1.9	56.13	2.95	0.03	1258
magd	TEST	495	226.0	100.0	55.15	3.32	0.03	1205
magd	TRAIN	496	236.8	1.8	56.62	2.77	0.03	1263
magd	TEST	496	233.1	100.0	55.06	3.35	0.03	1209
magd	TRAIN	497	245.4	1.8	56.66	2.76	0.03	1267
magd	TEST	497	231.6	100.0	55.04	3.36	0.03	1205
magd	TRAIN	498	231.2	1.7	56.41	2.85	0.03	1246
magd	TEST	498	227.3	100.0	54.92	3.40	0.03	1199
magd	TRAIN	499	244.8	1.7	56.53	2.80	0.03	1262
magd	TEST	499	226.1	100.0	55.14	3.32	0.03	1204
magd	TRAIN	500	245.2	1.8	56.04	2.99	0.03	1244
magd	TEST	500	225.0	100.0	55.37	3.23	0.03	1210
magd	TRAIN	501	229.3	1.8	56.27	2.90	0.03	1239
magd	TEST	501	236.4	100.0	55.25	3.28	0.03	1222
magd	TRAIN	502	238.9	1.8	56.24	2.90	0.03	1249
magd	TEST	502	218.8	100.0	56.56	2.75	0.03	1266
magd	TRAIN	503	241.6	1.7	57.21	2.50	0.03	1302
magd	TEST	503	212.9	100.0	56.84	2.64	0.03	1269
magd	TRAIN	504	208.6	1.7	58.63	1.99	0.02	1319
magd	TEST	504	210.0	100.0	57.02	2.61	0.02	1269
magd	TRAIN	505	225.8	1.7	57.69	2.36	0.02	1299
magd	TEST	505	210.1	100.0	57.06	2.60	0.02	1269
magd	TRAIN	506	225.0	1.7	57.96	2.27	0.02	1311
magd	TEST	506	210.1	100.0	57.06	2.60	0.02	1269
magd	TRAIN	507	216.8	1.7	57.52	2.43	0.02	1289
magd	TEST	507	210.1	100.0	57.06	2.60	0.02	1269
magd	TRAIN	508	207.8	1.7	58.36	2.12	0.02	1305
magd	TEST	508	221.6	100.0	57.08	2.60	0.02	1276
magd	TRAIN	509	208.2	1.7	57.63	2.39	0.02	1287
magd	TEST	509	214.0	100.0	57.11	2.58	0.02	1273
magd	TRAIN	510	220.7	1.7	57.33	2.50	0.02	1288
magd	TEST	510	210.1	100.0	57.05	2.60	0.02	1269
magd	TRAIN	511	211.5	1.8	58.50	2.06	0.02	1311
magd	TEST	511	210.0	100.0	57.06	2.60	0.02	1269
magd	TRAIN	512	214.8	1.7	58.27	2.15	0.02	1308
magd	TEST	512	215.7	100.0	57.26	2.52	0.02	1279
magd	TRAIN	513	225.0	1.8	57.64	2.39	0.02	1299
magd	TEST	513	210.1	100.0	57.05	2.61	0.02	1269
magd	TRAIN	514	218.9	1.7	58.21	2.17	0.02	1311
magd	TEST	514	210.1	100.0	57.04	2.61	0.02	1269
magd	TRAIN	515	226.2	1.7	57.51	2.43	0.02	1298
magd	TEST	515	210.1	100.0	57.05	2.60	0.02	1269
magd	TRAIN	516	232.2	1.7	57.87	2.30	0.02	1313
magd	TEST	516	210.1	100.0	57.04	2.60	0.02	1269
magd	TRAIN	517	245.1	1.8	57.44	2.46	0.02	1306
magd	TEST	517	210.2	100.0	57.02	2.61	0.02	1269
magd	TRAIN	518	214.5	1.7	58.39	2.10	0.02	1315
magd	TEST	518	210.2	100.0	57.00	2.61	0.02	1269
magd	TRAIN	519	226.9	1.7	58.22	2.15	0.02	1315
magd	TEST	519	210.4	100.0	56.94	2.61	0.02	1269
magd	TRAIN	520	233.4	1.7	57.43	2.43	0.02	1299
magd	TEST	520	210.4	100.0	56.97	2.61	0.02	1269
magd	TRAIN	521	225.9	1.6	57.89	2.27	0.02	1310
magd	TEST	521	209.2	100.0	57.03	2.60	0.02	1269
magd	TRAIN	522	241.3	1.7	57.15	2.56	0.02	1298
magd	TEST	522	223.2	100.0	57.05	2.59	0.02	1280
magd	TRAIN	523	211.3	1.7	57.63	2.38	0.02	1287
magd	TEST	523	210.2	100.0	57.03	2.61	0.02	1269
magd	TRAIN	524	204.1	1.7	58.64	2.00	0.02	1315
magd	TEST	524	215.2	100.0	57.06	2.58	0.02	1275
magd	TRAIN	525	224.0	1.8	57.42	2.44	0.02	1295
magd	TEST	525	230.7	100.0	56.54	2.77	0.03	1269
magd	TRAIN	526	218.8	1.7	57.79	2.31	0.02	1300
magd	TEST	526	210.0	100.0	57.05	2.60	0.02	1269
magd	TRAIN	527	216.4	1.6	58.14	2.19	0.02	1308
magd	TEST	527	210.0	100.0	57.04	2.61	0.02	1269
magd	TRAIN	528	221.1	1.7	57.69	2.36	0.02	1300
magd	TEST	528	210.2	100.0	57.05	2.60	0.02	1269
magd	TRAIN	529	242.2	1.7	58.02	2.24	0.02	1326
magd	TEST	529	210.1	100.0	57.03	2.61	0.02	1269
magd	TRAIN	530	213.1	1.7	58.26	2.14	0.02	1313
magd	TEST	530	209.0	100.0	56.89	2.61	0.02	1268
magd	TRAIN	531	235.9	1.7	56.14	2.93	0.03	1248
magd	TEST	531	242.4	100.0	55.55	3.14	0.03	1246
magd	TRAIN	532	231.0	1.9	57.20	2.52	0.03	1267
magd	TEST	532	243.6	100.0	53.78	3.83	0.04	1171
magd	TRAIN	533	274.5	2.1	54.30	3.64	0.04	1209
magd	TEST	533	253.6	100.0	52.83	4.19	0.04	1149
magd	TRAIN	534	274.9	2.2	54.71	3.48	0.03	1225
magd	TEST	534	246.5	100.0	52.93	4.15	0.04	1147
magd	TRAIN	535	219.0	2.1	57.23	2.50	0.03	1288
magd	TEST	535	210.8	100.0	56.89	2.62	0.03	1269
magd	TRAIN	536	238.2	2.0	55.69	3.11	0.03	1229
magd	TEST	536	260.9	100.0	53.49	3.93	0.04	1179
magd	TRAIN	537	245.4	2.0	55.37	3.23	0.03	1228
magd	TEST	537	248.1	100.0	52.97	4.13	0.04	1155
magd	TRAIN	538	247.9	1.9	55.00	3.37	0.03	1216
magd	TEST	538	251.3	100.0	53.25	4.03	0.04	1163
magd	TRAIN	539	220.1	1.9	58.31	2.12	0.02	1316
magd	TEST	539	209.9	100.0	57.26	2.51	0.02	1276
magd	TRAIN	540	258.0	1.9	57.57	2.39	0.03	1330
magd	TEST	540	190.6	100.0	58.90	1.89	0.02	1319
magd	TRAIN	541	200.9	1.9	58.57	2.02	0.02	1312
magd	TEST	541	209.0	100.0	56.86	2.65	0.03	1270
magd	TRAIN	542	237.0	1.9	57.37	2.47	0.03	1309
magd	TEST	542	205.3	100.0	57.16	2.55	0.03	1274
magd	TRAIN	543	240.5	1.8	58.01	2.22	0.02	1331
magd	TEST	543	233.9	100.0	54.96	3.36	0.03	1202
magd	TRAIN	544	252.0	1.8	54.54	3.52	0.03	1210
magd	TEST	544	236.0	100.0	54.09	3.64	0.03	1191
magd	TRAIN	545	237.4	1.8	57.93	2.22	0.03	1322
magd	TEST	545	203.3	100.0	58.34	2.05	0.02	1315
magd	TRAIN	546	243.9	1.8	57.05	2.55	0.03	1290
magd	TEST	546	239.7	100.0	54.71	3.45	0.03	1211
magd	TRAIN	547	239.9	1.8	58.12	2.17	0.03	1338
magd	TEST	547	191.6	100.0	58.80	1.90	0.02	1319
magd	TRAIN	548	207.6	1.8	59.56	1.64	0.02	1354
magd	TEST	548	193.7	100.0	58.88	1.89	0.02	1322
magd	TRAIN	549	203.1	1.7	58.97	1.87	0.02	1330
magd	TEST	549	190.9	100.0	58.87	1.89	0.02	1319
magd	TRAIN	550	200.9	1.7	58.81	1.92	0.02	1325
magd	TEST	550	193.4	100.0	58.80	1.92	0.02	1319
magd	TRAIN	551	199.5	1.6	59.14	1.80	0.02	1336
magd	TEST	551	188.1	100.0	58.87	1.88	0.02	1318
magd	TRAIN	552	199.1	1.6	58.87	1.88	0.02	1325
magd	TEST	552	190.5	100.0	58.79	1.91	0.02	1318
magd	TRAIN	553	185.8	1.6	59.68	1.58	0.02	1345
magd	TEST	553	191.5	100.0	58.74	1.93	0.02	1318
magd	TRAIN	554	216.3	1.7	58.96	1.84	0.02	1346
magd	TEST	554	206.5	100.0	58.67	1.95	0.02	1326
magd	TRAIN	555	199.1	1.7	59.07	1.80	0.02	1336
magd	TEST	555	197.9	100.0	58.87	1.86	0.02	1326
magd	TRAIN	556	219.6	1.6	59.07	1.80	0.02	1349
magd	TEST	556	192.4	100.0	58.69	1.94	0.02	1318
magd	TRAIN	557	193.6	1.6	59.19	1.75	0.02	1344
magd	TEST	557	190.2	100.0	58.80	1.89	0.02	1318
magd	TRAIN	558	199.9	1.6	59.11	1.78	0.02	1336
magd	TEST	558	191.0	100.0	59.00	1.82	0.02	1325
magd	TRAIN	559	224.9	1.6	56.72	2.69	0.03	1254
magd	TEST	559	205.2	100.0	58.72	1.93	0.02	1326
magd	TRAIN	560	222.8	1.6	58.96	1.84	0.02	1351
magd	TEST	560	194.9	100.0	58.91	1.86	0.02	1325
magd	TRAIN	561	191.7	1.7	58.98	1.84	0.02	1324
magd	TEST	561	195.7	100.0	58.95	1.84	0.02	1327
magd	TRAIN	562	189.6	1.6	59.05	1.82	0.02	1325
magd	TEST	562	189.2	100.0	58.82	1.90	0.02	1318
magd	TRAIN	563	204.6	1.6	59.50	1.65	0.02	1353
magd	TEST	563	189.6	100.0	58.87	1.88	0.02	1319
magd	TRAIN	564	192.2	1.6	59.55	1.62	0.02	1337
magd	TEST	564	211.7	100.0	56.29	2.86	0.03	1246
magd	TRAIN	565	231.6	1.7	57.86	2.27	0.03	1325
magd	TEST	565	193.7	100.0	58.77	1.93	0.02	1319
magd	TRAIN	566	205.1	1.7	59.37	1.72	0.02	1345
magd	TEST	566	193.9	100.0	58.82	1.92	0.02	1319
magd	TRAIN	567	210.1	1.7	59.41	1.70	0.02	1358
magd	TEST	567	223.8	100.0	57.04	2.59	0.03	1280
magd	TRAIN	568	253.0	1.7	56.31	2.88	0.03	1245
magd	TEST	568	218.4	100.0	56.23	2.91	0.03	1246
magd	TRAIN	569	220.4	1.7	59.06	1.83	0.02	1351
magd	TEST	569	193.5	100.0	58.78	1.92	0.02	1319
magd	TRAIN	570	202.0	1.8	59.17	1.78	0.02	1343
magd	TEST	570	215.5	100.0	58.04	2.19	0.02	1319
magd	TRAIN	571	233.2	1.7	55.48	3.18	0.03	1220
magd	TEST	571	242.5	100.0	54.44	3.57	0.03	1192
magd	TRAIN	572	257.2	1.7	55.95	3.01	0.03	1254
magd	TEST	572	240.9	100.0	55.21	3.29	0.03	1215
magd	TRAIN	573	265.3	1.8	55.74	3.09	0.03	1264
magd	TEST	573	238.2	100.0	55.04	3.35	0.03	1207
magd	TRAIN	574	262.9	1.8	55.43	3.20	0.03	1243
magd	TEST	574	235.2	100.0	55.22	3.25	0.03	1211
magd	TRAIN	575	254.4	1.9	55.80	3.06	0.04	1243
magd	TEST	575	270.7	100.0	53.20	4.05	0.04	1177
magd	TRAIN	576	272.0	1.8	54.33	3.63	0.04	1216
magd	TEST	576	256.5	100.0	53.03	4.11	0.04	1161
magd	TRAIN	577	266.0	1.9	55.01	3.37	0.04	1232
magd	TEST	577	266.6	100.0	53.35	3.99	0.04	1179
magd	TRAIN	578	275.4	1.9	55.15	3.29	0.04	1252
magd	TEST	578	245.7	100.0	54.52	3.52	0.03	1202
magd	TRAIN	579	254.7	1.9	55.11	3.31	0.03	1229
magd	TEST	579	244.8	100.0	54.37	3.60	0.04	1192
magd	TRAIN	580	247.9	1.9	55.81	3.04	0.03	1245
magd	TEST	580	250.5	100.0	53.28	4.01	0.04	1147
magd	TRAIN	581	295.6	1.8	53.99	3.75	0.04	1232
magd	TEST	581	247.2	100.0	53.98	3.74	0.04	1185
magd	TRAIN	582	244.5	1.9	55.28	3.25	0.04	1222
magd	TEST	582	233.9	100.0	54.51	3.53	0.04	1187
magd	TRAIN	583	235.9	1.8	55.66	3.10	0.03	1236
magd	TEST	583	237.8	100.0	54.64	3.51	0.03	1191
magd	TRAIN	584	258.8	1.9	55.58	3.15	0.03	1247
magd	TEST	584	242.0	100.0	54.69	3.47	0.03	1198
magd	TRAIN	585	238.6	1.8	54.92	3.39	0.04	1201
magd	TEST	585	238.8	100.0	54.17	3.68	0.04	1177
magd	TRAIN	586	246.7	1.8	55.23	3.27	0.03	1225
magd	TEST	586	238.7	100.0	54.41	3.56	0.03	1193
magd	TRAIN	587	238.9	1.9	56.28	2.88	0.03	1242
magd	TEST	587	234.7	100.0	54.96	3.38	0.03	1206
magd	TRAIN	588	247.5	1.8	55.28	3.27	0.03	1220
magd	TEST	588	232.0	100.0	54.74	3.47	0.03	1196
magd	TRAIN	589	247.5	1.8	56.30	2.88	0.03	1258
magd	TEST	589	276.2	100.0	53.09	4.09	0.04	1167
magd	TRAIN	590	272.1	1.8	53.61	3.89	0.04	1178
magd	TEST	590	269.6	100.0	52.80	4.20	0.04	1154
magd	TRAIN	591	266.5	1.9	55.88	3.03	0.03	1259
magd	TEST	591	232.2	100.0	54.88	3.41	0.03	1197
magd	TRAIN	592	252.2	1.9	55.46	3.19	0.03	1230
magd	TEST	592	236.1	100.0	54.63	3.51	0.03	1192
magd	TRAIN	593	254.3	1.8	55.40	3.22	0.03	1226
magd	TEST	593	241.1	100.0	54.59	3.52	0.03	1195
magd	TRAIN	594	250.6	1.8	55.83	3.07	0.03	1241
magd	TEST	594	241.3	100.0	54.49	3.56	0.03	1192
magd	TRAIN	595	257.6	1.8	54.93	3.40	0.03	1219
magd	TEST	595	241.1	100.0	54.49	3.56	0.03	1192
magd	TRAIN	596	242.1	1.7	55.84	3.06	0.03	1231
magd	TEST	596	240.3	100.0	54.51	3.55	0.03	1192
magd	TRAIN	597	251.7	1.8	56.19	2.92	0.03	1260
magd	TEST	597	242.6	100.0	54.42	3.58	0.03	1192
magd	TRAIN	598	241.0	1.9	55.64	3.10	0.03	1239
magd	TEST	598	242.9	100.0	54.25	3.60	0.04	1191
magd	TRAIN	599	259.1	1.7	54.03	3.72	0.04	1187
magd	TEST	599	279.7	100.0	50.85	4.92	0.05	1095
magd	TRAIN	600	304.3	1.7	52.73	4.21	0.05	1178
magd	TEST	600	237.5	100.0	53.66	3.83	0.04	1163
magd	TRAIN	601	257.7	1.8	54.82	3.40	0.03	1228
magd	TEST	601	235.0	100.0	54.31	3.61	0.04	1177
magd	TRAIN	602	238.8	1.8	55.63	3.13	0.03	1230
magd	TEST	602	228.2	100.0	55.03	3.36	0.03	1205
magd	TRAIN	603	231.5	1.8	56.07	2.97	0.03	1247
magd	TEST	603	228.4	100.0	54.96	3.38	0.03	1203
magd	TRAIN	604	234.5	1.8	55.41	3.22	0.03	1227
magd	TEST	604	234.1	100.0	55.33	3.24	0.03	1220
magd	TRAIN	605	236.2	1.9	56.00	2.99	0.03	1250
magd	TEST	605	225.3	100.0	55.29	3.25	0.03	1213
magd	TRAIN	606	225.4	1.9	55.74	3.09	0.03	1231
magd	TEST	606	228.1	100.0	54.96	3.36	0.03	1205
magd	TRAIN	607	241.3	1.8	55.69	3.07	0.03	1244
magd	TEST	607	236.3	100.0	54.35	3.56	0.04	1195
magd	TRAIN	608	254.4	2.0	54.28	3.62	0.04	1203
magd	TEST	608	256.5	100.0	51.83	4.56	0.05	1124
magd	TRAIN	609	228.8	2.0	55.67	3.09	0.04	1240
magd	TEST	609	228.1	100.0	54.83	3.40	0.03	1196
magd	TRAIN	610	244.2	1.8	56.25	2.90	0.03	1260
magd	TEST	610	232.6	100.0	54.73	3.47	0.03	1193
magd	TRAIN	611	238.8	1.7	55.00	3.37	0.03	1215
magd	TEST	611	230.2	100.0	54.99	3.37	0.03	1206
magd	TRAIN	612	248.3	1.8	55.52	3.18	0.03	1244
magd	TEST	612	226.4	100.0	54.91	3.39	0.03	1196
magd	TRAIN	613	228.5	1.7	55.85	3.05	0.03	1234
magd	TEST	613	238.6	100.0	54.34	3.61	0.04	1194
magd	TRAIN	614	248.6	1.8	55.47	3.18	0.03	1243
magd	TEST	614	225.3	100.0	55.30	3.23	0.03	1213
magd	TRAIN	615	227.0	1.8	56.26	2.87	0.03	1246
magd	TEST	615	234.6	100.0	54.56	3.51	0.04	1195
magd	TRAIN	616	272.7	1.9	52.94	4.14	0.04	1185
magd	TEST	616	259.2	100.0	51.83	4.56	0.04	1121
magd	TRAIN	617	228.2	1.7	56.25	2.89	0.03	1251
magd	TEST	617	227.0	100.0	55.05	3.34	0.03	1205
magd	TRAIN	618	216.0	1.8	56.05	2.97	0.03	1233
magd	TEST	618	233.6	100.0	54.74	3.47	0.04	1196
magd	TRAIN	619	236.0	1.7	55.74	3.09	0.03	1244
magd	TEST	619	248.0	100.0	53.98	3.74	0.04	1182
magd	TRAIN	620	263.4	1.7	54.21	3.67	0.04	1198
magd	TEST	620	245.7	100.0	53.10	4.08	0.05	1143
magd	TRAIN	621	254.2	1.8	55.88	3.04	0.04	1265
magd	TEST	621	236.7	100.0	54.45	3.58	0.04	1196
magd	TRAIN	622	258.3	1.7	55.86	3.05	0.03	1259
magd	TEST	622	238.7	100.0	54.37	3.61	0.04	1194
magd	TRAIN	623	255.4	1.6	55.47	3.20	0.03	1248
magd	TEST	623	240.6	100.0	54.59	3.52	0.04	1201
magd	TRAIN	624	233.4	1.6	56.33	2.87	0.03	1260
magd	TEST	624	238.6	100.0	54.37	3.61	0.04	1194
magd	TRAIN	625	241.6	1.6	55.63	3.13	0.03	1243
magd	TEST	625	238.7	100.0	54.36	3.61	0.04	1194
magd	TRAIN	626	257.0	1.6	55.32	3.25	0.03	1240
magd	TEST	626	230.7	100.0	55.29	3.26	0.03	1218
magd	TRAIN	627	235.8	1.7	56.21	2.90	0.03	1258
magd	TEST	627	234.6	100.0	54.48	3.54	0.04	1196
magd	TRAIN	628	253.1	1.7	55.64	3.10	0.03	1259
magd	TEST	628	222.8	100.0	55.21	3.25	0.03	1211
magd	TRAIN	629	252.5	1.7	55.72	3.05	0.03	1257
magd	TEST	629	238.2	100.0	54.79	3.38	0.04	1215
magd	TRAIN	630	234.4	1.7	55.60	3.10	0.03	1233
magd	TEST	630	230.5	100.0	55.17	3.27	0.04	1212
magd	TRAIN	631	225.9	1.7	55.18	3.27	0.04	1212
magd	TEST	631	211.3	100.0	56.96	2.59	0.03	1260
magd	TRAIN	632	235.8	1.6	58.32	2.10	0.03	1328
magd	TEST	632	195.0	100.0	59.12	1.78	0.02	1322
magd	TRAIN	633	196.7	1.7	59.92	1.50	0.02	1344
magd	TEST	633	189.5	100.0	59.43	1.70	0.02	1322
magd	TRAIN	634	205.4	1.7	59.81	1.56	0.02	1349
magd	TEST	634	233.0	100.0	57.53	2.41	0.03	1262
magd	TRAIN	635	212.2	1.7	59.92	1.52	0.02	1357
magd	TEST	635	189.3	100.0	59.42	1.70	0.02	1321
