dqn	TRAIN	0	218.5	0.0	-30.73	1.02	0.05	676
dqn	HELDOUT	0	444.5	100.0	-236.88	7.45	0.13	245
dqn	HELDOUT	0	454.2	100.0	-256.49	8.06	0.13	243
dqn	HELDOUT	0	462.2	100.0	-247.36	7.77	0.14	249
dqn	HELDOUT_MEAN	0	453.6	100.0	0.00	0.00	0.00	0
dqn	TRAIN	1	228.4	0.0	-36.02	1.19	0.06	707
dqn	TRAIN	2	216.8	0.0	-32.94	1.09	0.06	729
dqn	TRAIN	3	227.6	0.0	-38.79	1.28	0.06	778
dqn	TRAIN	4	217.4	0.0	-31.51	1.05	0.06	682
dqn	TRAIN	5	259.3	0.8	-84.55	2.70	0.08	560
dqn	TRAIN	6	418.0	1.0	-144.91	4.56	0.11	540
dqn	TRAIN	7	382.3	2.3	-130.88	4.13	0.11	568
dqn	TRAIN	8	343.6	4.9	-109.80	3.47	0.10	638
dqn	TRAIN	9	334.2	7.0	-91.43	2.89	0.09	641
dqn	TRAIN	10	297.1	7.9	-73.96	2.35	0.08	605
dqn	HELDOUT	10	288.8	100.0	-142.29	4.49	0.09	425
dqn	HELDOUT	10	296.3	100.0	-150.61	4.76	0.09	456
dqn	HELDOUT	10	305.6	100.0	-137.11	4.33	0.10	480
dqn	HELDOUT_MEAN	10	296.9	100.0	0.00	0.00	0.00	0
dqn	TRAIN	11	266.5	8.1	-64.18	2.05	0.08	659
dqn	TRAIN	12	260.1	7.3	-61.65	1.97	0.07	661
dqn	TRAIN	13	241.3	6.6	-55.18	1.78	0.07	732
dqn	TRAIN	14	257.2	6.0	-51.35	1.65	0.07	656
dqn	TRAIN	15	241.2	5.4	-41.11	1.33	0.07	721
dqn	TRAIN	16	235.6	4.7	-40.49	1.31	0.06	716
dqn	TRAIN	17	232.7	4.2	-46.16	1.49	0.06	720
dqn	TRAIN	18	204.8	3.7	-32.14	1.06	0.05	739
dqn	TRAIN	19	211.9	3.3	-31.39	1.03	0.05	717
dqn	TRAIN	20	196.9	3.0	-23.09	0.77	0.05	676
dqn	HELDOUT	20	210.3	100.0	-56.44	1.82	0.05	630
dqn	HELDOUT	20	216.3	100.0	-55.99	1.80	0.06	662
dqn	HELDOUT	20	213.7	100.0	-47.58	1.54	0.06	671
dqn	HELDOUT_MEAN	20	213.4	100.0	0.00	0.00	0.00	0
dqn	TRAIN	21	188.5	2.7	-20.72	0.70	0.04	712
dqn	TRAIN	22	201.7	2.4	-25.40	0.84	0.05	737
dqn	TRAIN	23	184.5	2.4	-18.16	0.63	0.04	790
dqn	TRAIN	24	180.9	2.0	-16.49	0.57	0.04	700
dqn	TRAIN	25	188.3	1.9	-17.82	0.61	0.04	742
dqn	TRAIN	26	177.7	1.7	-14.26	0.50	0.04	737
dqn	TRAIN	27	176.2	1.5	-14.99	0.53	0.04	751
dqn	TRAIN	28	172.7	1.3	-14.92	0.52	0.04	766
dqn	TRAIN	29	175.1	1.2	-12.47	0.44	0.04	733
dqn	TRAIN	30	172.9	1.1	-11.12	0.40	0.03	691
dqn	HELDOUT	30	174.5	100.0	-13.83	0.49	0.04	724
dqn	HELDOUT	30	173.2	100.0	-13.99	0.49	0.04	759
dqn	HELDOUT	30	173.3	100.0	-12.68	0.45	0.04	744
dqn	HELDOUT_MEAN	30	173.7	100.0	0.00	0.00	0.00	0
dqn	TRAIN	31	175.1	1.0	-12.17	0.44	0.03	732
dqn	TRAIN	32	172.0	0.9	-12.23	0.43	0.03	743
dqn	TRAIN	33	171.6	0.8	-11.76	0.43	0.03	799
dqn	TRAIN	34	169.1	0.8	-9.56	0.35	0.03	710
dqn	TRAIN	35	171.4	0.7	-10.41	0.38	0.03	746
dqn	TRAIN	36	174.0	0.6	-11.62	0.42	0.03	746
dqn	TRAIN	37	168.0	0.5	-9.98	0.37	0.03	755
dqn	TRAIN	38	167.3	0.5	-9.84	0.36	0.03	772
dqn	TRAIN	39	171.1	0.4	-10.44	0.38	0.03	739
dqn	TRAIN	40	168.3	0.4	-8.99	0.33	0.03	693
dqn	HELDOUT	40	168.4	100.0	-9.75	0.35	0.03	732
dqn	HELDOUT	40	169.1	100.0	-10.38	0.38	0.03	767
dqn	HELDOUT	40	167.8	100.0	-9.58	0.35	0.03	747
dqn	HELDOUT_MEAN	40	168.4	100.0	0.00	0.00	0.00	0
dqn	TRAIN	41	168.2	0.4	-9.35	0.35	0.03	732
dqn	TRAIN	42	168.9	0.3	-9.96	0.37	0.03	748
dqn	TRAIN	43	169.8	0.3	-10.99	0.40	0.03	797
dqn	TRAIN	44	166.1	0.3	-8.16	0.30	0.03	710
dqn	TRAIN	45	169.2	0.3	-9.32	0.34	0.03	747
dqn	TRAIN	46	168.0	0.3	-9.16	0.34	0.03	742
dqn	TRAIN	47	167.6	0.3	-9.63	0.35	0.03	760
dqn	TRAIN	48	166.1	0.3	-9.27	0.34	0.03	772
dqn	TRAIN	49	168.8	0.3	-9.16	0.33	0.03	740
dqn	TRAIN	50	166.5	0.3	-8.16	0.30	0.03	693
dqn	HELDOUT	50	167.1	100.0	-8.94	0.33	0.03	733
dqn	HELDOUT	50	166.2	100.0	-9.24	0.34	0.03	766
dqn	HELDOUT	50	165.4	100.0	-8.28	0.31	0.03	749
dqn	HELDOUT_MEAN	50	166.2	100.0	0.00	0.00	0.00	0
dqn	TRAIN	51	165.6	0.2	-8.30	0.31	0.03	734
dqn	TRAIN	52	168.3	0.2	-9.45	0.35	0.03	749
dqn	TRAIN	53	167.9	0.2	-10.14	0.38	0.03	797
dqn	TRAIN	54	164.1	0.2	-7.30	0.27	0.03	709
dqn	TRAIN	55	168.5	0.2	-9.12	0.33	0.03	746
dqn	TRAIN	56	168.3	0.2	-9.17	0.34	0.03	744
dqn	TRAIN	57	165.5	0.2	-8.66	0.32	0.03	758
dqn	TRAIN	58	165.9	0.2	-9.45	0.35	0.03	774
dqn	TRAIN	59	168.8	0.2	-9.38	0.34	0.03	736
dqn	TRAIN	60	167.9	0.2	-8.81	0.32	0.03	695
dqn	HELDOUT	60	168.0	100.0	-9.26	0.34	0.03	733
dqn	HELDOUT	60	168.5	100.0	-10.01	0.36	0.03	766
dqn	HELDOUT	60	166.0	100.0	-8.44	0.31	0.03	748
dqn	HELDOUT_MEAN	60	167.5	100.0	0.00	0.00	0.00	0
dqn	TRAIN	61	167.1	0.2	-8.91	0.33	0.03	735
dqn	TRAIN	62	167.1	0.2	-9.00	0.33	0.03	747
dqn	TRAIN	63	167.6	0.2	-10.00	0.37	0.03	797
dqn	TRAIN	64	164.8	0.2	-7.48	0.28	0.03	712
dqn	TRAIN	65	167.4	0.2	-8.59	0.31	0.03	745
dqn	TRAIN	66	167.5	0.2	-8.79	0.32	0.03	743
dqn	TRAIN	67	165.8	0.2	-9.05	0.33	0.03	758
dqn	TRAIN	68	165.8	0.2	-9.23	0.34	0.03	774
dqn	TRAIN	69	168.9	0.2	-9.58	0.35	0.03	738
dqn	HELDOUT	500	167.4	100.0	-9.19	0.34	0.03	735
dqn	HELDOUT	500	166.3	100.0	-8.93	0.33	0.03	767
dqn	HELDOUT	500	165.8	100.0	-8.19	0.30	0.03	750
dqn	HELDOUT_MEAN	500	166.5	100.0	0.00	0.00	0.00	0
dqn	HELDOUT	50	167.4	100.0	-9.19	0.34	0.03	735
dqn	HELDOUT	50	166.3	100.0	-8.93	0.33	0.03	767
dqn	HELDOUT	50	165.8	100.0	-8.19	0.30	0.03	750
dqn	HELDOUT_MEAN	50	166.5	100.0	0.00	0.00	0.00	0
