presslight	TRAIN	0	209.5	0.0	-9.07	1.00	0.05	678
presslight	HELDOUT	0	488.9	100.0	-103.86	8.18	0.12	198
presslight	HELDOUT	0	520.3	100.0	-98.24	8.47	0.13	227
presslight	HELDOUT	0	495.3	100.0	-90.02	8.31	0.13	207
presslight	HELDOUT_MEAN	0	501.5	100.0	0.00	0.00	0.00	0
presslight	TRAIN	1	218.1	0.0	-8.38	1.14	0.05	718
presslight	TRAIN	2	205.2	0.0	-9.65	1.02	0.05	732
presslight	TRAIN	3	216.5	0.0	-10.64	1.22	0.06	783
presslight	TRAIN	4	206.5	0.0	-8.16	0.99	0.05	689
presslight	TRAIN	5	255.2	0.9	-17.65	2.45	0.08	584
presslight	TRAIN	6	407.2	1.3	-39.48	4.80	0.11	512
presslight	TRAIN	7	344.1	3.1	-21.34	4.09	0.11	545
presslight	TRAIN	8	386.9	6.1	-36.77	5.01	0.11	518
presslight	TRAIN	9	357.8	9.3	-26.42	4.25	0.11	520
presslight	TRAIN	10	322.4	11.8	-33.79	3.83	0.10	464
presslight	HELDOUT	10	345.0	100.0	-55.76	5.92	0.11	335
presslight	HELDOUT	10	310.8	100.0	-54.51	4.72	0.11	468
presslight	HELDOUT	10	328.0	100.0	-41.41	5.33	0.12	398
presslight	HELDOUT_MEAN	10	327.9	100.0	0.00	0.00	0.00	0
presslight	TRAIN	11	296.6	13.8	-23.28	3.05	0.10	561
presslight	TRAIN	12	294.7	14.9	-35.31	3.09	0.09	596
presslight	TRAIN	13	311.4	16.0	-19.68	3.44	0.09	632
presslight	TRAIN	14	271.1	16.2	-25.98	2.63	0.09	563
presslight	TRAIN	15	286.6	16.3	-25.03	2.87	0.09	601
presslight	TRAIN	16	270.4	16.3	-20.81	2.26	0.08	655
presslight	TRAIN	17	235.8	16.5	-10.90	2.04	0.08	661
presslight	TRAIN	18	234.6	16.3	-11.04	1.88	0.08	688
presslight	TRAIN	19	249.7	16.0	-9.78	1.98	0.08	662
presslight	TRAIN	20	222.0	15.6	-10.32	1.42	0.07	646
presslight	HELDOUT	20	222.1	100.0	-9.06	1.69	0.07	647
presslight	HELDOUT	20	211.8	100.0	-7.26	1.33	0.07	712
presslight	HELDOUT	20	222.9	100.0	-7.33	1.39	0.07	697
presslight	HELDOUT_MEAN	20	218.9	100.0	0.00	0.00	0.00	0
presslight	TRAIN	21	223.2	14.6	-8.50	1.36	0.07	683
presslight	TRAIN	22	205.6	14.0	-7.47	1.17	0.06	705
presslight	TRAIN	23	215.0	13.2	-9.95	1.53	0.07	731
presslight	TRAIN	24	202.6	12.5	-7.93	1.32	0.06	634
presslight	TRAIN	25	223.8	12.1	-7.66	1.39	0.07	703
presslight	TRAIN	26	192.6	11.6	-5.82	0.94	0.06	712
presslight	TRAIN	27	194.6	11.5	-6.41	0.87	0.05	745
presslight	TRAIN	28	192.5	11.1	-6.41	0.90	0.05	752
presslight	TRAIN	29	190.9	10.7	-5.63	0.90	0.05	707
presslight	TRAIN	30	191.5	10.4	-5.70	0.78	0.05	680
presslight	HELDOUT	30	205.9	100.0	-12.07	1.61	0.07	635
presslight	HELDOUT	30	208.1	100.0	-10.49	1.31	0.06	718
presslight	HELDOUT	30	210.0	100.0	-20.88	2.13	0.07	602
presslight	HELDOUT_MEAN	30	208.0	100.0	0.00	0.00	0.00	0
presslight	TRAIN	31	207.5	10.5	-6.19	1.05	0.06	707
presslight	TRAIN	32	196.9	10.4	-6.13	0.98	0.05	718
presslight	TRAIN	33	194.4	9.8	-7.82	1.02	0.05	771
presslight	TRAIN	34	190.7	9.5	-5.76	0.83	0.05	685
presslight	TRAIN	35	197.2	9.0	-5.99	0.89	0.05	733
presslight	TRAIN	36	194.9	8.5	-5.59	0.91	0.05	722
presslight	TRAIN	37	189.1	7.9	-6.57	0.83	0.05	749
presslight	TRAIN	38	189.5	7.5	-6.39	0.87	0.05	753
presslight	TRAIN	39	188.5	6.9	-6.01	0.76	0.05	728
presslight	TRAIN	40	190.4	6.4	-6.38	0.75	0.05	683
presslight	HELDOUT	40	195.6	100.0	-6.92	1.74	0.06	615
presslight	HELDOUT	40	215.9	100.0	-7.80	2.23	0.06	636
presslight	HELDOUT	40	214.7	100.0	-8.23	2.24	0.07	603
presslight	HELDOUT_MEAN	40	208.7	100.0	0.00	0.00	0.00	0
presslight	TRAIN	41	194.7	5.8	-6.11	0.87	0.05	711
presslight	TRAIN	42	179.3	5.6	-5.62	0.65	0.04	741
presslight	TRAIN	43	186.1	5.1	-6.72	0.82	0.05	783
presslight	TRAIN	44	182.8	4.6	-6.18	0.65	0.04	702
presslight	TRAIN	45	186.7	4.5	-6.32	0.76	0.05	729
presslight	TRAIN	46	178.8	4.3	-5.67	0.60	0.04	741
presslight	TRAIN	47	177.5	3.9	-6.30	0.63	0.04	754
presslight	TRAIN	48	169.0	3.8	-5.86	0.54	0.04	765
presslight	TRAIN	49	173.5	3.5	-5.31	0.53	0.04	732
presslight	TRAIN	50	179.5	3.3	-8.23	0.69	0.04	670
presslight	HELDOUT	50	172.0	100.0	-5.47	0.57	0.04	722
presslight	HELDOUT	50	177.2	100.0	-5.75	0.66	0.04	755
presslight	HELDOUT	50	173.9	100.0	-5.67	0.62	0.04	733
presslight	HELDOUT_MEAN	50	174.4	100.0	0.00	0.00	0.00	0
presslight	TRAIN	51	169.6	3.2	-5.15	0.48	0.04	726
presslight	TRAIN	52	172.3	2.9	-5.51	0.52	0.04	744
presslight	TRAIN	53	170.8	2.8	-6.54	0.57	0.04	793
presslight	TRAIN	54	167.0	2.6	-5.08	0.44	0.03	703
presslight	TRAIN	55	172.3	2.6	-5.93	0.50	0.04	745
presslight	TRAIN	56	169.9	2.5	-5.22	0.46	0.03	744
presslight	TRAIN	57	168.2	2.6	-5.73	0.49	0.04	757
presslight	TRAIN	58	166.1	2.4	-5.91	0.47	0.03	768
presslight	TRAIN	59	168.5	2.3	-5.19	0.45	0.03	735
presslight	TRAIN	60	166.7	2.3	-5.54	0.42	0.03	694
presslight	HELDOUT	60	179.6	100.0	-8.38	1.18	0.04	664
presslight	HELDOUT	60	184.6	100.0	-11.55	1.38	0.05	685
presslight	HELDOUT	60	170.8	100.0	-6.97	0.59	0.04	729
presslight	HELDOUT_MEAN	60	178.3	100.0	0.00	0.00	0.00	0
presslight	TRAIN	61	166.6	2.1	-5.50	0.44	0.03	728
presslight	TRAIN	62	176.8	2.0	-5.70	0.59	0.03	745
presslight	TRAIN	63	167.3	2.0	-6.18	0.48	0.03	799
presslight	TRAIN	64	164.5	1.9	-5.17	0.39	0.03	708
presslight	TRAIN	65	165.6	1.8	-5.32	0.41	0.03	745
presslight	TRAIN	66	165.1	1.8	-5.41	0.40	0.03	745
presslight	TRAIN	67	162.7	1.7	-5.73	0.40	0.03	760
presslight	TRAIN	68	161.7	1.7	-5.73	0.39	0.03	774
presslight	TRAIN	69	166.5	1.7	-5.14	0.42	0.03	741
presslight	TRAIN	70	164.1	1.6	-5.49	0.38	0.03	694
presslight	HELDOUT	70	165.9	100.0	-5.87	0.46	0.03	727
presslight	HELDOUT	70	167.2	100.0	-6.16	0.45	0.03	768
presslight	HELDOUT	70	165.6	100.0	-6.19	0.42	0.03	751
presslight	HELDOUT_MEAN	70	166.2	100.0	0.00	0.00	0.00	0
presslight	TRAIN	71	163.4	1.6	-5.36	0.38	0.03	730
presslight	TRAIN	72	163.4	1.6	-5.53	0.40	0.03	749
presslight	TRAIN	73	164.7	1.5	-6.15	0.43	0.03	800
presslight	TRAIN	74	161.9	1.5	-5.15	0.34	0.03	708
presslight	TRAIN	75	163.6	1.5	-5.21	0.38	0.03	748
presslight	TRAIN	76	163.5	1.4	-5.30	0.38	0.03	742
presslight	TRAIN	77	159.3	1.4	-5.48	0.34	0.03	762
presslight	TRAIN	78	162.0	1.4	-5.77	0.40	0.03	774
presslight	TRAIN	79	165.5	1.4	-5.09	0.40	0.03	741
presslight	TRAIN	80	162.2	1.4	-5.24	0.35	0.03	693
presslight	HELDOUT	80	163.4	100.0	-5.54	0.40	0.03	732
presslight	HELDOUT	80	163.4	100.0	-5.72	0.40	0.03	767
presslight	HELDOUT	80	160.1	100.0	-5.62	0.34	0.03	749
presslight	HELDOUT_MEAN	80	162.3	100.0	0.00	0.00	0.00	0
presslight	TRAIN	81	162.5	1.4	-5.26	0.36	0.03	732
presslight	TRAIN	82	163.7	1.4	-5.42	0.40	0.03	746
presslight	TRAIN	83	165.2	1.4	-6.57	0.44	0.03	804
presslight	TRAIN	84	162.2	1.5	-5.17	0.36	0.03	707
presslight	TRAIN	85	164.0	1.4	-5.28	0.37	0.03	750
presslight	TRAIN	86	162.5	1.4	-5.39	0.38	0.03	741
presslight	TRAIN	87	160.9	1.5	-5.76	0.36	0.03	760
presslight	TRAIN	88	160.4	1.4	-5.64	0.37	0.03	773
presslight	TRAIN	89	163.6	1.4	-4.96	0.36	0.03	743
presslight	TRAIN	90	162.9	1.4	-5.20	0.36	0.03	694
presslight	HELDOUT	90	163.7	100.0	-5.70	0.42	0.03	726
presslight	HELDOUT	90	163.9	100.0	-5.66	0.41	0.03	770
presslight	HELDOUT	90	160.9	100.0	-5.71	0.38	0.03	745
presslight	HELDOUT_MEAN	90	162.8	100.0	0.00	0.00	0.00	0
presslight	TRAIN	91	163.6	1.3	-5.59	0.38	0.03	732
presslight	TRAIN	92	161.0	1.3	-5.45	0.37	0.03	749
presslight	TRAIN	93	163.9	1.3	-6.11	0.42	0.03	799
presslight	TRAIN	94	161.6	1.3	-5.11	0.35	0.03	708
presslight	TRAIN	95	164.2	1.3	-5.33	0.38	0.03	749
presslight	TRAIN	96	160.8	1.3	-5.26	0.34	0.03	740
presslight	TRAIN	97	160.4	1.3	-5.55	0.36	0.03	761
presslight	TRAIN	98	160.3	1.3	-5.58	0.36	0.03	772
presslight	TRAIN	99	161.9	1.3	-5.06	0.34	0.03	741
presslight	TRAIN	100	161.9	1.3	-5.29	0.35	0.03	694
presslight	HELDOUT	100	165.5	100.0	-5.80	0.42	0.03	729
presslight	HELDOUT	100	164.5	100.0	-5.89	0.41	0.03	767
presslight	HELDOUT	100	159.8	100.0	-5.65	0.34	0.03	750
presslight	HELDOUT_MEAN	100	163.2	100.0	0.00	0.00	0.00	0
presslight	TRAIN	101	161.9	1.2	-5.58	0.35	0.03	731
presslight	TRAIN	102	162.9	1.3	-5.51	0.38	0.03	749
presslight	TRAIN	103	165.6	1.3	-6.22	0.44	0.03	797
presslight	TRAIN	104	160.5	1.3	-5.20	0.33	0.03	707
presslight	TRAIN	105	163.3	1.3	-5.26	0.36	0.03	749
presslight	TRAIN	106	161.7	1.3	-5.28	0.35	0.03	743
presslight	TRAIN	107	160.4	1.3	-5.54	0.34	0.03	760
presslight	TRAIN	108	160.5	1.2	-5.75	0.37	0.03	772
presslight	TRAIN	109	163.9	1.2	-5.34	0.37	0.03	741
presslight	TRAIN	110	160.3	1.2	-5.15	0.32	0.03	694
presslight	HELDOUT	110	164.8	100.0	-5.59	0.41	0.03	726
presslight	HELDOUT	110	163.4	100.0	-5.99	0.40	0.03	766
presslight	HELDOUT	110	161.0	100.0	-5.69	0.36	0.03	751
presslight	HELDOUT_MEAN	110	163.1	100.0	0.00	0.00	0.00	0
presslight	HELDOUT	500	163.4	100.0	-5.54	0.40	0.03	732
presslight	HELDOUT	500	163.4	100.0	-5.72	0.40	0.03	767
presslight	HELDOUT	500	160.1	100.0	-5.62	0.34	0.03	749
presslight	HELDOUT_MEAN	500	162.3	100.0	0.00	0.00	0.00	0
