early_stop enabled: mode=cycle_mean, min_episodes=30, max_episodes=500, patience=3, min_delta=0.0500, abs_floor=1.00, cycle_len=10, metric=wait
episode:0/500, train_demand:raw_data/ingolstadt21/od_hubs/demand_set/train_00.rou.xml
step:1800/1800, q_loss:0, rewards:-86.39389105902778, queue:7.8619047619047615, delay:0.21763171645068619, throughput:955
episode:0/500, real avg travel time:392.6973821989529
episode:0/500, median wait:94.0 (n=955)
HELDOUT episode:0/500, demand:raw_data/ingolstadt21/od_hubs/demand_set/hold_00.rou.xml, travel time:387.783606557377, rewards:-120.12664930555556, queue:10.765608465608466, delay:0.31418892996651787, throughput:610
HELDOUT episode:0/500, demand:raw_data/ingolstadt21/od_hubs/demand_set/hold_00.rou.xml, median wait:61.0
HELDOUT episode:0/500, demand:raw_data/ingolstadt21/od_hubs/demand_set/hold_01.rou.xml, travel time:388.1387195121951, rewards:-122.00779079861111, queue:10.812169312169312, delay:0.3239404426049934, throughput:656
HELDOUT episode:0/500, demand:raw_data/ingolstadt21/od_hubs/demand_set/hold_01.rou.xml, median wait:69.5
HELDOUT episode:0/500, demand:raw_data/ingolstadt21/od_hubs/demand_set/hold_02.rou.xml, travel time:386.95389507154215, rewards:-121.8822265625, queue:11.142063492063492, delay:0.32166347604580026, throughput:629
HELDOUT episode:0/500, demand:raw_data/ingolstadt21/od_hubs/demand_set/hold_02.rou.xml, median wait:67.0
HELDOUT_MEAN episode:0/500, travel time:387.6254070470381 (n=3)
New best heldout ATT=387.6254 at episode 0 (saved model/best_*.pt)
episode:1/500, train_demand:raw_data/ingolstadt21/od_hubs/demand_set/train_01.rou.xml
step:1800/1800, q_loss:0, rewards:-86.081103515625, queue:8.008201058201058, delay:0.2261606529276207, throughput:977
episode:1/500, real avg travel time:395.7676560900716
episode:1/500, median wait:97.0 (n=977)
episode:2/500, train_demand:raw_data/ingolstadt21/od_hubs/demand_set/train_02.rou.xml
step:1800/1800, q_loss:0, rewards:-85.96610785590278, queue:7.935978835978836, delay:0.22087468545903605, throughput:940
episode:2/500, real avg travel time:381.8978723404255
episode:2/500, median wait:83.0 (n=940)
episode:3/500, train_demand:raw_data/ingolstadt21/od_hubs/demand_set/train_03.rou.xml
step:1800/1800, q_loss:0, rewards:-80.91222330729167, queue:7.6915343915343914, delay:0.21954164858217592, throughput:1049
episode:3/500, real avg travel time:397.80648236415635
episode:3/500, median wait:96.0 (n=1049)
episode:4/500, train_demand:raw_data/ingolstadt21/od_hubs/demand_set/train_04.rou.xml
step:1800/1800, q_loss:0, rewards:-83.69611545138889, queue:7.947619047619048, delay:0.22427590990823412, throughput:948
episode:4/500, real avg travel time:398.29430379746833
episode:4/500, median wait:91.5 (n=948)
episode:5/500, train_demand:raw_data/ingolstadt21/od_hubs/demand_set/train_05.rou.xml
step:1800/1800, q_loss:11.325114250183105, rewards:-99.96110026041667, queue:9.13968253968254, delay:0.26076918506117724, throughput:819
episode:5/500, real avg travel time:367.8339438339438
episode:5/500, median wait:72.0 (n=819)
episode:6/500, train_demand:raw_data/ingolstadt21/od_hubs/demand_set/train_06.rou.xml
step:1800/1800, q_loss:21.572322845458984, rewards:-88.47388780381945, queue:8.177777777777777, delay:0.26580907428075395, throughput:576
episode:6/500, real avg travel time:368.48784722222223
episode:6/500, median wait:56.5 (n=576)
episode:7/500, train_demand:raw_data/ingolstadt21/od_hubs/demand_set/train_07.rou.xml
step:1800/1800, q_loss:43.76265335083008, rewards:-92.40889756944445, queue:8.376984126984127, delay:0.2703098842075893, throughput:550
episode:7/500, real avg travel time:395.74363636363637
episode:7/500, median wait:75.0 (n=550)
episode:8/500, train_demand:raw_data/ingolstadt21/od_hubs/demand_set/train_08.rou.xml
step:1800/1800, q_loss:51.7528076171875, rewards:-87.46165907118055, queue:8.147619047619047, delay:0.26687762548053073, throughput:641
episode:8/500, real avg travel time:363.82839313572543
episode:8/500, median wait:62.0 (n=641)
episode:9/500, train_demand:raw_data/ingolstadt21/od_hubs/demand_set/train_09.rou.xml
step:1800/1800, q_loss:54.311309814453125, rewards:-85.49944118923611, queue:8.042328042328043, delay:0.23498409210689483, throughput:664
episode:9/500, real avg travel time:369.7484939759036
episode:9/500, median wait:60.0 (n=664)
episode:10/500, train_demand:raw_data/ingolstadt21/od_hubs/demand_set/train_00.rou.xml
step:1800/1800, q_loss:53.689029693603516, rewards:-81.56555989583333, queue:7.893386243386243, delay:0.20818563794332837, throughput:638
episode:10/500, real avg travel time:336.16457680250784
episode:10/500, median wait:54.0 (n=638)
HELDOUT episode:10/500, demand:raw_data/ingolstadt21/od_hubs/demand_set/hold_00.rou.xml, travel time:322.33626373626373, rewards:-87.91944986979166, queue:8.435449735449735, delay:0.22501007564484127, throughput:455
HELDOUT episode:10/500, demand:raw_data/ingolstadt21/od_hubs/demand_set/hold_00.rou.xml, median wait:21.0
HELDOUT episode:10/500, demand:raw_data/ingolstadt21/od_hubs/demand_set/hold_01.rou.xml, travel time:313.3422680412371, rewards:-93.96167534722223, queue:8.585449735449735, delay:0.22884700714595735, throughput:485
HELDOUT episode:10/500, demand:raw_data/ingolstadt21/od_hubs/demand_set/hold_01.rou.xml, median wait:27.0
HELDOUT episode:10/500, demand:raw_data/ingolstadt21/od_hubs/demand_set/hold_02.rou.xml, travel time:323.38733705772813, rewards:-83.11444227430556, queue:8.066931216931216, delay:0.22464386470734127, throughput:537
HELDOUT episode:10/500, demand:raw_data/ingolstadt21/od_hubs/demand_set/hold_02.rou.xml, median wait:25.0
HELDOUT_MEAN episode:10/500, travel time:319.68862294507636 (n=3)
New best heldout ATT=319.6886 at episode 10 (saved model/best_*.pt)
episode:11/500, train_demand:raw_data/ingolstadt21/od_hubs/demand_set/train_01.rou.xml
step:1800/1800, q_loss:50.00859832763672, rewards:-79.14389105902778, queue:7.674074074074074, delay:0.21097144071387236, throughput:778
episode:11/500, real avg travel time:368.24164524421593
episode:11/500, median wait:62.0 (n=778)
episode:12/500, train_demand:raw_data/ingolstadt21/od_hubs/demand_set/train_02.rou.xml
step:1800/1800, q_loss:45.49327087402344, rewards:-80.68610568576389, queue:7.724338624338625, delay:0.20825108119419644, throughput:660
episode:12/500, real avg travel time:338.8151515151515
episode:12/500, median wait:44.0 (n=660)
episode:13/500, train_demand:raw_data/ingolstadt21/od_hubs/demand_set/train_03.rou.xml
step:1800/1800, q_loss:39.1418342590332, rewards:-74.88110894097223, queue:7.512962962962963, delay:0.19025499454881778, throughput:734
episode:13/500, real avg travel time:351.6158038147139
episode:13/500, median wait:51.5 (n=734)
episode:14/500, train_demand:raw_data/ingolstadt21/od_hubs/demand_set/train_04.rou.xml
step:1800/1800, q_loss:37.248199462890625, rewards:-77.18389214409723, queue:7.503968253968254, delay:0.18249120964575066, throughput:785
episode:14/500, real avg travel time:344.1095541401274
episode:14/500, median wait:41.0 (n=785)
episode:15/500, train_demand:raw_data/ingolstadt21/od_hubs/demand_set/train_05.rou.xml
step:1800/1800, q_loss:34.19105911254883, rewards:-71.80443250868055, queue:7.2444444444444445, delay:0.18208910422350363, throughput:837
episode:15/500, real avg travel time:341.51971326164875
episode:15/500, median wait:40.0 (n=837)
episode:16/500, train_demand:raw_data/ingolstadt21/od_hubs/demand_set/train_06.rou.xml
step:1800/1800, q_loss:32.65206527709961, rewards:-73.34444986979166, queue:7.345502645502646, delay:0.1853942386687748, throughput:810
episode:16/500, real avg travel time:344.2864197530864
episode:16/500, median wait:39.0 (n=810)
episode:17/500, train_demand:raw_data/ingolstadt21/od_hubs/demand_set/train_07.rou.xml
step:1800/1800, q_loss:30.34292984008789, rewards:-73.36387803819444, queue:7.303968253968254, delay:0.18788492515604333, throughput:861
episode:17/500, real avg travel time:345.26248548199766
episode:17/500, median wait:48.0 (n=861)
episode:18/500, train_demand:raw_data/ingolstadt21/od_hubs/demand_set/train_08.rou.xml
step:1800/1800, q_loss:28.28759002685547, rewards:-71.75111762152778, queue:7.234920634920635, delay:0.16862255278087798, throughput:867
episode:18/500, real avg travel time:331.6470588235294
episode:18/500, median wait:39.0 (n=867)
episode:19/500, train_demand:raw_data/ingolstadt21/od_hubs/demand_set/train_09.rou.xml
step:1800/1800, q_loss:26.505542755126953, rewards:-76.53555230034722, queue:7.493121693121693, delay:0.18330197611813823, throughput:772
episode:19/500, real avg travel time:331.8795336787565
episode:19/500, median wait:29.5 (n=772)
cycle_mean cycle=1 m_prev=78.70 m_curr=44.80 rel=-0.4307 delta=-33.90 flat=False improved=True patience=0/3
episode:20/500, train_demand:raw_data/ingolstadt21/od_hubs/demand_set/train_00.rou.xml
step:1800/1800, q_loss:25.870193481445312, rewards:-76.26610243055555, queue:7.453174603174603, delay:0.17669432302000662, throughput:807
episode:20/500, real avg travel time:356.24411400247834
episode:20/500, median wait:43.0 (n=807)
HELDOUT episode:20/500, demand:raw_data/ingolstadt21/od_hubs/demand_set/hold_00.rou.xml, travel time:329.80387409200966, rewards:-77.09944661458333, queue:7.503439153439153, delay:0.1916200668092758, throughput:826
HELDOUT episode:20/500, demand:raw_data/ingolstadt21/od_hubs/demand_set/hold_00.rou.xml, median wait:25.5
HELDOUT episode:20/500, demand:raw_data/ingolstadt21/od_hubs/demand_set/hold_01.rou.xml, travel time:304.0343137254902, rewards:-76.59278971354166, queue:7.492328042328042, delay:0.18374016978753308, throughput:816
HELDOUT episode:20/500, demand:raw_data/ingolstadt21/od_hubs/demand_set/hold_01.rou.xml, median wait:22.0
HELDOUT episode:20/500, demand:raw_data/ingolstadt21/od_hubs/demand_set/hold_02.rou.xml, travel time:317.5177478580171, rewards:-75.17555338541666, queue:7.428042328042328, delay:0.1809574187748016, throughput:817
HELDOUT episode:20/500, demand:raw_data/ingolstadt21/od_hubs/demand_set/hold_02.rou.xml, median wait:24.0
HELDOUT_MEAN episode:20/500, travel time:317.1186452251723 (n=3)
New best heldout ATT=317.1186 at episode 20 (saved model/best_*.pt)
episode:21/500, train_demand:raw_data/ingolstadt21/od_hubs/demand_set/train_01.rou.xml
step:1800/1800, q_loss:26.511672973632812, rewards:-72.50499131944444, queue:7.288095238095238, delay:0.17961262697896, throughput:811
episode:21/500, real avg travel time:324.09617755856965
episode:21/500, median wait:28.0 (n=811)
episode:22/500, train_demand:raw_data/ingolstadt21/od_hubs/demand_set/train_02.rou.xml
step:1800/1800, q_loss:24.832061767578125, rewards:-73.83611653645833, queue:7.286243386243386, delay:0.17506076065951554, throughput:886
episode:22/500, real avg travel time:324.64108352144467
episode:22/500, median wait:31.0 (n=886)
episode:23/500, train_demand:raw_data/ingolstadt21/od_hubs/demand_set/train_03.rou.xml
step:1800/1800, q_loss:24.382579803466797, rewards:-72.58277452256945, queue:7.292592592592593, delay:0.1681666137049438, throughput:880
episode:23/500, real avg travel time:330.3193181818182
episode:23/500, median wait:32.5 (n=880)
episode:24/500, train_demand:raw_data/ingolstadt21/od_hubs/demand_set/train_04.rou.xml
step:1800/1800, q_loss:24.780927658081055, rewards:-73.02332899305556, queue:7.302116402116402, delay:0.17869393484933035, throughput:849
episode:24/500, real avg travel time:356.75382803298
episode:24/500, median wait:38.0 (n=849)
episode:25/500, train_demand:raw_data/ingolstadt21/od_hubs/demand_set/train_05.rou.xml
step:1800/1800, q_loss:23.932233810424805, rewards:-65.9183376736111, queue:6.962169312169312, delay:0.1623280681630291, throughput:897
episode:25/500, real avg travel time:345.46822742474916
episode:25/500, median wait:46.0 (n=897)
episode:26/500, train_demand:raw_data/ingolstadt21/od_hubs/demand_set/train_06.rou.xml
step:1800/1800, q_loss:23.551563262939453, rewards:-69.90611436631944, queue:7.1835978835978835, delay:0.16252925812251984, throughput:811
episode:26/500, real avg travel time:314.54993834771886
episode:26/500, median wait:25.0 (n=811)
episode:27/500, train_demand:raw_data/ingolstadt21/od_hubs/demand_set/train_07.rou.xml
step:1800/1800, q_loss:22.327566146850586, rewards:-70.08888888888889, queue:7.1306878306878305, delay:0.16364369871755124, throughput:831
episode:27/500, real avg travel time:310.55354993983156
episode:27/500, median wait:27.0 (n=831)
episode:28/500, train_demand:raw_data/ingolstadt21/od_hubs/demand_set/train_08.rou.xml
step:1800/1800, q_loss:22.429410934448242, rewards:-68.34833441840277, queue:7.047883597883598, delay:0.15819705377810847, throughput:879
episode:28/500, real avg travel time:334.9943117178612
episode:28/500, median wait:33.0 (n=879)
episode:29/500, train_demand:raw_data/ingolstadt21/od_hubs/demand_set/train_09.rou.xml
step:1800/1800, q_loss:21.257225036621094, rewards:-70.80166558159722, queue:7.222751322751323, delay:0.16985622183986443, throughput:866
episode:29/500, real avg travel time:345.729792147806
episode:29/500, median wait:36.0 (n=866)
cycle_mean cycle=2 m_prev=44.80 m_curr=33.95 rel=-0.2422 delta=-10.85 flat=False improved=True patience=0/3
episode:30/500, train_demand:raw_data/ingolstadt21/od_hubs/demand_set/train_00.rou.xml
step:1800/1800, q_loss:21.385684967041016, rewards:-67.79611002604166, queue:7.035449735449736, delay:0.16194301383205192, throughput:822
episode:30/500, real avg travel time:353.18126520681267
episode:30/500, median wait:39.5 (n=822)
HELDOUT episode:30/500, demand:raw_data/ingolstadt21/od_hubs/demand_set/hold_00.rou.xml, travel time:324.9742014742015, rewards:-72.53389214409722, queue:7.402380952380953, delay:0.1846065945095486, throughput:814
HELDOUT episode:30/500, demand:raw_data/ingolstadt21/od_hubs/demand_set/hold_00.rou.xml, median wait:25.5
HELDOUT episode:30/500, demand:raw_data/ingolstadt21/od_hubs/demand_set/hold_01.rou.xml, travel time:334.34134007585334, rewards:-75.39444986979167, queue:7.499470899470899, delay:0.1922106869006283, throughput:791
HELDOUT episode:30/500, demand:raw_data/ingolstadt21/od_hubs/demand_set/hold_01.rou.xml, median wait:33.0
HELDOUT episode:30/500, demand:raw_data/ingolstadt21/od_hubs/demand_set/hold_02.rou.xml, travel time:326.5438144329897, rewards:-76.49943576388888, queue:7.567724867724868, delay:0.18847178302744708, throughput:776
HELDOUT episode:30/500, demand:raw_data/ingolstadt21/od_hubs/demand_set/hold_02.rou.xml, median wait:26.5
HELDOUT_MEAN episode:30/500, travel time:328.6197853276815 (n=3)
episode:31/500, train_demand:raw_data/ingolstadt21/od_hubs/demand_set/train_01.rou.xml
step:1800/1800, q_loss:21.521800994873047, rewards:-68.48555230034722, queue:7.072751322751323, delay:0.1724258342117229, throughput:890
episode:31/500, real avg travel time:332.3325842696629
episode:31/500, median wait:30.0 (n=890)
episode:32/500, train_demand:raw_data/ingolstadt21/od_hubs/demand_set/train_02.rou.xml
step:1800/1800, q_loss:20.743663787841797, rewards:-75.44722764756945, queue:7.391005291005291, delay:0.18053139984292327, throughput:909
episode:32/500, real avg travel time:360.0781078107811
episode:32/500, median wait:39.0 (n=909)
episode:33/500, train_demand:raw_data/ingolstadt21/od_hubs/demand_set/train_03.rou.xml
step:1800/1800, q_loss:20.751264572143555, rewards:-76.245556640625, queue:7.472222222222222, delay:0.1677764408172123, throughput:874
episode:33/500, real avg travel time:354.29862700228836
episode:33/500, median wait:45.0 (n=874)
episode:34/500, train_demand:raw_data/ingolstadt21/od_hubs/demand_set/train_04.rou.xml
step:1800/1800, q_loss:20.279462814331055, rewards:-70.32112087673612, queue:7.135978835978836, delay:0.16240256980613427, throughput:860
episode:34/500, real avg travel time:316.9
episode:34/500, median wait:28.0 (n=860)
episode:35/500, train_demand:raw_data/ingolstadt21/od_hubs/demand_set/train_05.rou.xml
step:1800/1800, q_loss:21.739173889160156, rewards:-77.84166666666667, queue:7.573280423280424, delay:0.17894879699384095, throughput:743
episode:35/500, real avg travel time:343.7294751009421
episode:35/500, median wait:34.0 (n=743)
episode:36/500, train_demand:raw_data/ingolstadt21/od_hubs/demand_set/train_06.rou.xml
step:1800/1800, q_loss:20.776697158813477, rewards:-67.15054796006945, queue:7.016402116402117, delay:0.16674478520791997, throughput:868
episode:36/500, real avg travel time:312.8652073732719
episode:36/500, median wait:28.0 (n=868)
episode:37/500, train_demand:raw_data/ingolstadt21/od_hubs/demand_set/train_07.rou.xml
step:1800/1800, q_loss:20.72929573059082, rewards:-72.5572265625, queue:7.256613756613756, delay:0.15850226185309194, throughput:873
episode:37/500, real avg travel time:319.0549828178694
episode:37/500, median wait:30.0 (n=873)
episode:38/500, train_demand:raw_data/ingolstadt21/od_hubs/demand_set/train_08.rou.xml
step:1800/1800, q_loss:20.905061721801758, rewards:-68.07444661458334, queue:7.017989417989418, delay:0.15909877555080193, throughput:852
episode:38/500, real avg travel time:321.22417840375584
episode:38/500, median wait:31.0 (n=852)
episode:39/500, train_demand:raw_data/ingolstadt21/od_hubs/demand_set/train_09.rou.xml
step:1800/1800, q_loss:20.036685943603516, rewards:-66.76055772569444, queue:6.98042328042328, delay:0.1547411075975529, throughput:877
episode:39/500, real avg travel time:333.09122006841505
episode:39/500, median wait:31.0 (n=877)
cycle_mean cycle=3 m_prev=33.95 m_curr=33.55 rel=-0.0118 delta=-0.40 flat=True improved=False patience=1/3
episode:40/500, train_demand:raw_data/ingolstadt21/od_hubs/demand_set/train_00.rou.xml
step:1800/1800, q_loss:18.838857650756836, rewards:-65.74000108506945, queue:6.928042328042328, delay:0.159653404276207, throughput:844
episode:40/500, real avg travel time:320.7594786729858
episode:40/500, median wait:38.0 (n=844)
HELDOUT episode:40/500, demand:raw_data/ingolstadt21/od_hubs/demand_set/hold_00.rou.xml, travel time:322.3104189044039, rewards:-65.6822265625, queue:7.002380952380952, delay:0.16257721431671626, throughput:931
HELDOUT episode:40/500, demand:raw_data/ingolstadt21/od_hubs/demand_set/hold_00.rou.xml, median wait:30.0
HELDOUT episode:40/500, demand:raw_data/ingolstadt21/od_hubs/demand_set/hold_01.rou.xml, travel time:327.1171270718232, rewards:-70.59444986979166, queue:7.156349206349207, delay:0.1566468253968254, throughput:905
HELDOUT episode:40/500, demand:raw_data/ingolstadt21/od_hubs/demand_set/hold_01.rou.xml, median wait:32.0
HELDOUT episode:40/500, demand:raw_data/ingolstadt21/od_hubs/demand_set/hold_02.rou.xml, travel time:306.86199095022624, rewards:-69.9677734375, queue:7.234656084656085, delay:0.16049698118179564, throughput:884
HELDOUT episode:40/500, demand:raw_data/ingolstadt21/od_hubs/demand_set/hold_02.rou.xml, median wait:30.0
HELDOUT_MEAN episode:40/500, travel time:318.76317897548444 (n=3)
episode:41/500, train_demand:raw_data/ingolstadt21/od_hubs/demand_set/train_01.rou.xml
step:1800/1800, q_loss:19.305761337280273, rewards:-67.975, queue:7.04973544973545, delay:0.16660046451306218, throughput:917
episode:41/500, real avg travel time:322.71319520174484
episode:41/500, median wait:28.0 (n=917)
episode:42/500, train_demand:raw_data/ingolstadt21/od_hubs/demand_set/train_02.rou.xml
step:1800/1800, q_loss:18.707014083862305, rewards:-72.81611328125, queue:7.213227513227514, delay:0.16777605329241072, throughput:913
episode:42/500, real avg travel time:341.55750273822565
episode:42/500, median wait:36.0 (n=913)
episode:43/500, train_demand:raw_data/ingolstadt21/od_hubs/demand_set/train_03.rou.xml
step:1800/1800, q_loss:17.948801040649414, rewards:-75.535546875, queue:7.451587301587302, delay:0.1730108836340526, throughput:749
episode:43/500, real avg travel time:340.022696929239
episode:43/500, median wait:23.0 (n=749)
episode:44/500, train_demand:raw_data/ingolstadt21/od_hubs/demand_set/train_04.rou.xml
step:1800/1800, q_loss:18.67598533630371, rewards:-72.81943901909722, queue:7.267195767195767, delay:0.16477979226087136, throughput:856
episode:44/500, real avg travel time:331.33878504672896
episode:44/500, median wait:28.5 (n=856)
episode:45/500, train_demand:raw_data/ingolstadt21/od_hubs/demand_set/train_05.rou.xml
step:1800/1800, q_loss:17.63405418395996, rewards:-71.93778211805555, queue:7.254497354497355, delay:0.1643611201533565, throughput:845
episode:45/500, real avg travel time:326.85562130177516
episode:45/500, median wait:25.0 (n=845)
episode:46/500, train_demand:raw_data/ingolstadt21/od_hubs/demand_set/train_06.rou.xml
step:1800/1800, q_loss:18.998559951782227, rewards:-68.67833658854167, queue:7.1158730158730155, delay:0.16202492688698744, throughput:901
episode:46/500, real avg travel time:319.14095449500553
episode:46/500, median wait:29.0 (n=901)
episode:47/500, train_demand:raw_data/ingolstadt21/od_hubs/demand_set/train_07.rou.xml
step:1800/1800, q_loss:19.218355178833008, rewards:-71.40999891493055, queue:7.241534391534391, delay:0.15881108682622355, throughput:812
episode:47/500, real avg travel time:307.64408866995075
episode:47/500, median wait:24.0 (n=812)
episode:48/500, train_demand:raw_data/ingolstadt21/od_hubs/demand_set/train_08.rou.xml
step:1800/1800, q_loss:18.567575454711914, rewards:-65.90555555555555, queue:6.917195767195767, delay:0.16368655250186012, throughput:908
episode:48/500, real avg travel time:312.54295154185024
episode:48/500, median wait:27.0 (n=908)
episode:49/500, train_demand:raw_data/ingolstadt21/od_hubs/demand_set/train_09.rou.xml
step:1800/1800, q_loss:19.287954330444336, rewards:-70.2227756076389, queue:7.158201058201058, delay:0.17055441235739088, throughput:828
episode:49/500, real avg travel time:335.07729468599035
episode:49/500, median wait:32.5 (n=828)
cycle_mean cycle=4 m_prev=33.55 m_curr=29.10 rel=-0.1326 delta=-4.45 flat=False improved=True patience=0/3
episode:50/500, train_demand:raw_data/ingolstadt21/od_hubs/demand_set/train_00.rou.xml
step:1800/1800, q_loss:17.827598571777344, rewards:-64.63222113715278, queue:6.8883597883597885, delay:0.15840705992683532, throughput:880
episode:50/500, real avg travel time:298.9488636363636
episode:50/500, median wait:27.0 (n=880)
HELDOUT episode:50/500, demand:raw_data/ingolstadt21/od_hubs/demand_set/hold_00.rou.xml, travel time:327.12947976878615, rewards:-68.03333875868056, queue:7.087830687830688, delay:0.16225382486979167, throughput:865
HELDOUT episode:50/500, demand:raw_data/ingolstadt21/od_hubs/demand_set/hold_00.rou.xml, median wait:30.0
HELDOUT episode:50/500, demand:raw_data/ingolstadt21/od_hubs/demand_set/hold_01.rou.xml, travel time:346.94961664841185, rewards:-68.87721354166666, queue:7.067724867724868, delay:0.14612326647238758, throughput:913
HELDOUT episode:50/500, demand:raw_data/ingolstadt21/od_hubs/demand_set/hold_01.rou.xml, median wait:33.0
HELDOUT episode:50/500, demand:raw_data/ingolstadt21/od_hubs/demand_set/hold_02.rou.xml, travel time:320.18843930635836, rewards:-67.68000759548612, queue:7.017460317460317, delay:0.15123465401785716, throughput:865
HELDOUT episode:50/500, demand:raw_data/ingolstadt21/od_hubs/demand_set/hold_02.rou.xml, median wait:30.0
HELDOUT_MEAN episode:50/500, travel time:331.42251190785214 (n=3)
episode:51/500, train_demand:raw_data/ingolstadt21/od_hubs/demand_set/train_01.rou.xml
step:1800/1800, q_loss:17.38591194152832, rewards:-62.564442274305556, queue:6.7407407407407405, delay:0.15875489572999338, throughput:999
episode:51/500, real avg travel time:334.2682682682683
episode:51/500, median wait:32.0 (n=999)
episode:52/500, train_demand:raw_data/ingolstadt21/od_hubs/demand_set/train_02.rou.xml
step:1800/1800, q_loss:16.6917781829834, rewards:-63.84611545138889, queue:6.806084656084656, delay:0.1545402244285301, throughput:972
episode:52/500, real avg travel time:342.358024691358
episode:52/500, median wait:26.0 (n=972)
episode:53/500, train_demand:raw_data/ingolstadt21/od_hubs/demand_set/train_03.rou.xml
step:1800/1800, q_loss:17.029830932617188, rewards:-67.9566677517361, queue:7.0661375661375665, delay:0.15695986470217427, throughput:922
episode:53/500, real avg travel time:323.1713665943601
episode:53/500, median wait:28.0 (n=922)
episode:54/500, train_demand:raw_data/ingolstadt21/od_hubs/demand_set/train_04.rou.xml
step:1800/1800, q_loss:16.120019912719727, rewards:-60.54666883680556, queue:6.675396825396826, delay:0.14899086926979993, throughput:993
episode:54/500, real avg travel time:338.89425981873114
episode:54/500, median wait:32.0 (n=993)
episode:55/500, train_demand:raw_data/ingolstadt21/od_hubs/demand_set/train_05.rou.xml
step:1800/1800, q_loss:15.854931831359863, rewards:-68.83889431423611, queue:7.086772486772487, delay:0.16083729254505622, throughput:912
episode:55/500, real avg travel time:341.69736842105266
episode:55/500, median wait:32.0 (n=912)
episode:56/500, train_demand:raw_data/ingolstadt21/od_hubs/demand_set/train_06.rou.xml
step:1800/1800, q_loss:16.06792449951172, rewards:-62.263330078125, queue:6.754232804232804, delay:0.1488726742053158, throughput:984
episode:56/500, real avg travel time:345.1310975609756
episode:56/500, median wait:34.0 (n=984)
episode:57/500, train_demand:raw_data/ingolstadt21/od_hubs/demand_set/train_07.rou.xml
step:1800/1800, q_loss:15.76669979095459, rewards:-70.18388671875, queue:7.112698412698412, delay:0.166048257817667, throughput:922
episode:57/500, real avg travel time:316.4295010845987
episode:57/500, median wait:28.0 (n=922)
episode:58/500, train_demand:raw_data/ingolstadt21/od_hubs/demand_set/train_08.rou.xml
step:1800/1800, q_loss:15.379679679870605, rewards:-66.71055772569444, queue:6.974603174603175, delay:0.15054175967261904, throughput:904
episode:58/500, real avg travel time:311.7212389380531
episode:58/500, median wait:28.0 (n=904)
episode:59/500, train_demand:raw_data/ingolstadt21/od_hubs/demand_set/train_09.rou.xml
step:1800/1800, q_loss:15.745576858520508, rewards:-69.6461154513889, queue:7.093915343915344, delay:0.16949818121693122, throughput:890
episode:59/500, real avg travel time:329.70449438202246
episode:59/500, median wait:35.0 (n=890)
cycle_mean cycle=5 m_prev=29.10 m_curr=30.20 rel=+0.0378 delta=+1.10 flat=True improved=False patience=1/3
episode:60/500, train_demand:raw_data/ingolstadt21/od_hubs/demand_set/train_00.rou.xml
step:1800/1800, q_loss:15.448278427124023, rewards:-61.48444552951389, queue:6.707407407407407, delay:0.14588866864562666, throughput:924
episode:60/500, real avg travel time:333.2305194805195
episode:60/500, median wait:35.0 (n=924)
HELDOUT episode:60/500, demand:raw_data/ingolstadt21/od_hubs/demand_set/hold_00.rou.xml, travel time:300.8522050059595, rewards:-71.09000651041667, queue:7.1798941798941796, delay:0.16052008734809028, throughput:839
HELDOUT episode:60/500, demand:raw_data/ingolstadt21/od_hubs/demand_set/hold_00.rou.xml, median wait:22.0
HELDOUT episode:60/500, demand:raw_data/ingolstadt21/od_hubs/demand_set/hold_01.rou.xml, travel time:304.4800884955752, rewards:-63.90888671875, queue:6.855820105820106, delay:0.1439124213324653, throughput:904
HELDOUT episode:60/500, demand:raw_data/ingolstadt21/od_hubs/demand_set/hold_01.rou.xml, median wait:26.0
HELDOUT episode:60/500, demand:raw_data/ingolstadt21/od_hubs/demand_set/hold_02.rou.xml, travel time:305.890022675737, rewards:-67.33555230034722, queue:7.0058201058201055, delay:0.1595654361462467, throughput:882
HELDOUT episode:60/500, demand:raw_data/ingolstadt21/od_hubs/demand_set/hold_02.rou.xml, median wait:23.0
HELDOUT_MEAN episode:60/500, travel time:303.74077205909055 (n=3)
New best heldout ATT=303.7408 at episode 60 (saved model/best_*.pt)
episode:61/500, train_demand:raw_data/ingolstadt21/od_hubs/demand_set/train_01.rou.xml
step:1800/1800, q_loss:15.000350952148438, rewards:-64.33777669270833, queue:6.822222222222222, delay:0.15617682239996694, throughput:1011
episode:61/500, real avg travel time:347.49357072205737
episode:61/500, median wait:34.0 (n=1011)
episode:62/500, train_demand:raw_data/ingolstadt21/od_hubs/demand_set/train_02.rou.xml
step:1800/1800, q_loss:14.103255271911621, rewards:-62.50944552951389, queue:6.716137566137566, delay:0.15606623250971396, throughput:1080
episode:62/500, real avg travel time:325.7944444444444
episode:62/500, median wait:35.5 (n=1080)
episode:63/500, train_demand:raw_data/ingolstadt21/od_hubs/demand_set/train_03.rou.xml
step:1800/1800, q_loss:13.500818252563477, rewards:-63.85333116319445, queue:6.801851851851852, delay:0.1498485908306465, throughput:1044
episode:63/500, real avg travel time:340.014367816092
episode:63/500, median wait:38.0 (n=1044)
episode:64/500, train_demand:raw_data/ingolstadt21/od_hubs/demand_set/train_04.rou.xml
step:1800/1800, q_loss:14.04427433013916, rewards:-60.909993489583336, queue:6.742328042328042, delay:0.14339788527715774, throughput:1030
episode:64/500, real avg travel time:346.90679611650484
episode:64/500, median wait:39.5 (n=1030)
episode:65/500, train_demand:raw_data/ingolstadt21/od_hubs/demand_set/train_05.rou.xml
step:1800/1800, q_loss:12.967935562133789, rewards:-65.20776909722223, queue:6.8693121693121695, delay:0.15149114699590774, throughput:1025
episode:65/500, real avg travel time:332.4468292682927
episode:65/500, median wait:37.0 (n=1025)
episode:66/500, train_demand:raw_data/ingolstadt21/od_hubs/demand_set/train_06.rou.xml
step:1800/1800, q_loss:12.472856521606445, rewards:-67.76833224826389, queue:6.997354497354498, delay:0.1605847716962219, throughput:1021
episode:66/500, real avg travel time:378.1106758080313
episode:66/500, median wait:46.0 (n=1021)
episode:67/500, train_demand:raw_data/ingolstadt21/od_hubs/demand_set/train_07.rou.xml
step:1800/1800, q_loss:12.77334976196289, rewards:-61.62444118923611, queue:6.692592592592592, delay:0.143574628880415, throughput:1038
episode:67/500, real avg travel time:337.64739884393066
episode:67/500, median wait:38.5 (n=1038)
episode:68/500, train_demand:raw_data/ingolstadt21/od_hubs/demand_set/train_08.rou.xml
step:1800/1800, q_loss:12.337366104125977, rewards:-69.09333224826389, queue:7.046825396825397, delay:0.15619686066158234, throughput:944
episode:68/500, real avg travel time:320.3824152542373
episode:68/500, median wait:29.0 (n=944)
episode:69/500, train_demand:raw_data/ingolstadt21/od_hubs/demand_set/train_09.rou.xml
step:1800/1800, q_loss:13.487546920776367, rewards:-64.89999457465278, queue:6.835978835978836, delay:0.14827444893973216, throughput:970
episode:69/500, real avg travel time:323.67525773195877
episode:69/500, median wait:28.5 (n=970)
cycle_mean cycle=6 m_prev=30.20 m_curr=36.10 rel=+0.1954 delta=+5.90 flat=False improved=False patience=2/3
episode:70/500, train_demand:raw_data/ingolstadt21/od_hubs/demand_set/train_00.rou.xml
step:1800/1800, q_loss:13.229220390319824, rewards:-63.348323567708334, queue:6.794444444444444, delay:0.14643196227058533, throughput:967
episode:70/500, real avg travel time:339.7776628748707
episode:70/500, median wait:34.0 (n=967)
HELDOUT episode:70/500, demand:raw_data/ingolstadt21/od_hubs/demand_set/hold_00.rou.xml, travel time:321.6125, rewards:-68.64222547743056, queue:7.138624338624338, delay:0.16473454874028604, throughput:880
HELDOUT episode:70/500, demand:raw_data/ingolstadt21/od_hubs/demand_set/hold_00.rou.xml, median wait:26.5
HELDOUT episode:70/500, demand:raw_data/ingolstadt21/od_hubs/demand_set/hold_01.rou.xml, travel time:318.1869469026549, rewards:-67.14722222222223, queue:6.985714285714286, delay:0.15315661556506283, throughput:904
HELDOUT episode:70/500, demand:raw_data/ingolstadt21/od_hubs/demand_set/hold_01.rou.xml, median wait:26.0
HELDOUT episode:70/500, demand:raw_data/ingolstadt21/od_hubs/demand_set/hold_02.rou.xml, travel time:334.0578703703704, rewards:-71.35833875868056, queue:7.242857142857143, delay:0.1695829845610119, throughput:864
HELDOUT episode:70/500, demand:raw_data/ingolstadt21/od_hubs/demand_set/hold_02.rou.xml, median wait:29.0
HELDOUT_MEAN episode:70/500, travel time:324.6191057576751 (n=3)
episode:71/500, train_demand:raw_data/ingolstadt21/od_hubs/demand_set/train_01.rou.xml
step:1800/1800, q_loss:12.198386192321777, rewards:-63.92666558159722, queue:6.803439153439154, delay:0.15731252841848545, throughput:991
episode:71/500, real avg travel time:327.5055499495459
episode:71/500, median wait:32.0 (n=991)
episode:72/500, train_demand:raw_data/ingolstadt21/od_hubs/demand_set/train_02.rou.xml
step:1800/1800, q_loss:11.176908493041992, rewards:-69.45833333333333, queue:7.044708994708995, delay:0.16726705561239252, throughput:1067
episode:72/500, real avg travel time:357.6860356138707
episode:72/500, median wait:45.0 (n=1067)
episode:73/500, train_demand:raw_data/ingolstadt21/od_hubs/demand_set/train_03.rou.xml
step:1800/1800, q_loss:11.208538055419922, rewards:-66.09443901909722, queue:6.898677248677249, delay:0.1535100220372437, throughput:1021
episode:73/500, real avg travel time:330.3134182174339
episode:73/500, median wait:35.0 (n=1021)
episode:74/500, train_demand:raw_data/ingolstadt21/od_hubs/demand_set/train_04.rou.xml
step:1800/1800, q_loss:10.961053848266602, rewards:-64.78388671875, queue:6.8542328042328045, delay:0.14979842251570769, throughput:1007
episode:74/500, real avg travel time:331.9265143992056
episode:74/500, median wait:34.0 (n=1007)
episode:75/500, train_demand:raw_data/ingolstadt21/od_hubs/demand_set/train_05.rou.xml
step:1800/1800, q_loss:11.135115623474121, rewards:-64.31943901909722, queue:6.832275132275132, delay:0.15031391123615245, throughput:1010
episode:75/500, real avg travel time:325.5693069306931
episode:75/500, median wait:31.0 (n=1010)
episode:76/500, train_demand:raw_data/ingolstadt21/od_hubs/demand_set/train_06.rou.xml
step:1800/1800, q_loss:10.867646217346191, rewards:-63.561121961805554, queue:6.791534391534391, delay:0.14985269213479663, throughput:1028
episode:76/500, real avg travel time:353.1887159533074
episode:76/500, median wait:42.0 (n=1028)
episode:77/500, train_demand:raw_data/ingolstadt21/od_hubs/demand_set/train_07.rou.xml
step:1800/1800, q_loss:10.583108901977539, rewards:-66.68166232638889, queue:6.934656084656084, delay:0.15734417627728176, throughput:954
episode:77/500, real avg travel time:311.85849056603774
episode:77/500, median wait:29.0 (n=954)
episode:78/500, train_demand:raw_data/ingolstadt21/od_hubs/demand_set/train_08.rou.xml
step:1800/1800, q_loss:11.197623252868652, rewards:-76.02388237847222, queue:7.378571428571429, delay:0.14900215592964616, throughput:845
episode:78/500, real avg travel time:314.091124260355
episode:78/500, median wait:23.0 (n=845)
episode:79/500, train_demand:raw_data/ingolstadt21/od_hubs/demand_set/train_09.rou.xml
step:1800/1800, q_loss:11.934135437011719, rewards:-68.96943901909722, queue:7.074074074074074, delay:0.15669830160796958, throughput:896
episode:79/500, real avg travel time:342.69642857142856
episode:79/500, median wait:29.5 (n=896)
cycle_mean cycle=7 m_prev=36.10 m_curr=33.45 rel=-0.0734 delta=-2.65 flat=False improved=True patience=0/3
episode:80/500, train_demand:raw_data/ingolstadt21/od_hubs/demand_set/train_00.rou.xml
step:1800/1800, q_loss:12.103267669677734, rewards:-62.95500217013889, queue:6.8010582010582015, delay:0.14790510551008598, throughput:954
episode:80/500, real avg travel time:332.29559748427675
episode:80/500, median wait:27.0 (n=954)
HELDOUT episode:80/500, demand:raw_data/ingolstadt21/od_hubs/demand_set/hold_00.rou.xml, travel time:320.5438596491228, rewards:-67.17667100694445, queue:6.972222222222222, delay:0.1551254837601273, throughput:912
HELDOUT episode:80/500, demand:raw_data/ingolstadt21/od_hubs/demand_set/hold_00.rou.xml, median wait:23.0
HELDOUT episode:80/500, demand:raw_data/ingolstadt21/od_hubs/demand_set/hold_01.rou.xml, travel time:317.4844444444444, rewards:-66.5333279079861, queue:6.974074074074074, delay:0.15455202778811178, throughput:900
HELDOUT episode:80/500, demand:raw_data/ingolstadt21/od_hubs/demand_set/hold_01.rou.xml, median wait:25.0
HELDOUT episode:80/500, demand:raw_data/ingolstadt21/od_hubs/demand_set/hold_02.rou.xml, travel time:307.0712589073634, rewards:-72.79555121527778, queue:7.3121693121693125, delay:0.16344883832981977, throughput:842
HELDOUT episode:80/500, demand:raw_data/ingolstadt21/od_hubs/demand_set/hold_02.rou.xml, median wait:22.0
HELDOUT_MEAN episode:80/500, travel time:315.03318766697686 (n=3)
episode:81/500, train_demand:raw_data/ingolstadt21/od_hubs/demand_set/train_01.rou.xml
step:1800/1800, q_loss:12.290953636169434, rewards:-67.10167100694444, queue:6.970899470899471, delay:0.1635461232018849, throughput:959
episode:81/500, real avg travel time:328.49426485922834
episode:81/500, median wait:33.0 (n=959)
episode:82/500, train_demand:raw_data/ingolstadt21/od_hubs/demand_set/train_02.rou.xml
step:1800/1800, q_loss:12.467962265014648, rewards:-68.90611979166667, queue:7.025132275132275, delay:0.1582044490430721, throughput:995
episode:82/500, real avg travel time:327.9899497487437
episode:82/500, median wait:35.0 (n=995)
episode:83/500, train_demand:raw_data/ingolstadt21/od_hubs/demand_set/train_03.rou.xml
step:1800/1800, q_loss:12.876380920410156, rewards:-68.06943901909722, queue:7.001587301587302, delay:0.15369792312541336, throughput:1005
episode:83/500, real avg travel time:348.27363184079604
episode:83/500, median wait:33.0 (n=1005)
episode:84/500, train_demand:raw_data/ingolstadt21/od_hubs/demand_set/train_04.rou.xml
step:1800/1800, q_loss:12.901000022888184, rewards:-64.49888780381944, queue:6.833333333333333, delay:0.14731752102967924, throughput:996
episode:84/500, real avg travel time:330.5431726907631
episode:84/500, median wait:30.0 (n=996)
episode:85/500, train_demand:raw_data/ingolstadt21/od_hubs/demand_set/train_05.rou.xml
step:1800/1800, q_loss:12.40418529510498, rewards:-61.88610568576389, queue:6.732010582010582, delay:0.1482764834449405, throughput:1025
episode:85/500, real avg travel time:310.6604878048781
episode:85/500, median wait:25.0 (n=1025)
episode:86/500, train_demand:raw_data/ingolstadt21/od_hubs/demand_set/train_06.rou.xml
step:1800/1800, q_loss:11.884420394897461, rewards:-65.71444227430555, queue:6.906084656084656, delay:0.15534044699694113, throughput:1043
episode:86/500, real avg travel time:335.90316395014383
episode:86/500, median wait:35.0 (n=1043)
episode:87/500, train_demand:raw_data/ingolstadt21/od_hubs/demand_set/train_07.rou.xml
step:1800/1800, q_loss:12.98937702178955, rewards:-65.98056098090278, queue:6.915343915343915, delay:0.15328621031746031, throughput:996
episode:87/500, real avg travel time:315.535140562249
episode:87/500, median wait:28.0 (n=996)
episode:88/500, train_demand:raw_data/ingolstadt21/od_hubs/demand_set/train_08.rou.xml
step:1800/1800, q_loss:13.411539077758789, rewards:-68.77167426215277, queue:7.048941798941799, delay:0.15288827078683034, throughput:948
episode:88/500, real avg travel time:319.30379746835445
episode:88/500, median wait:29.0 (n=948)
episode:89/500, train_demand:raw_data/ingolstadt21/od_hubs/demand_set/train_09.rou.xml
step:1800/1800, q_loss:14.34219741821289, rewards:-66.0816677517361, queue:6.944708994708995, delay:0.16205428189070767, throughput:949
episode:89/500, real avg travel time:328.91464699683877
episode:89/500, median wait:23.0 (n=949)
cycle_mean cycle=8 m_prev=33.45 m_curr=29.80 rel=-0.1091 delta=-3.65 flat=False improved=True patience=0/3
episode:90/500, train_demand:raw_data/ingolstadt21/od_hubs/demand_set/train_00.rou.xml
step:1800/1800, q_loss:13.882675170898438, rewards:-61.68222113715278, queue:6.6798941798941796, delay:0.14263029552641368, throughput:1029
episode:90/500, real avg travel time:336.1953352769679
episode:90/500, median wait:30.0 (n=1029)
HELDOUT episode:90/500, demand:raw_data/ingolstadt21/od_hubs/demand_set/hold_00.rou.xml, travel time:316.24321705426354, rewards:-66.26500651041667, queue:6.898148148148148, delay:0.154427164067667, throughput:1032
HELDOUT episode:90/500, demand:raw_data/ingolstadt21/od_hubs/demand_set/hold_00.rou.xml, median wait:28.5
HELDOUT episode:90/500, demand:raw_data/ingolstadt21/od_hubs/demand_set/hold_01.rou.xml, travel time:308.67039674465923, rewards:-64.69555121527777, queue:6.834920634920635, delay:0.14541312727347883, throughput:983
HELDOUT episode:90/500, demand:raw_data/ingolstadt21/od_hubs/demand_set/hold_01.rou.xml, median wait:27.0
HELDOUT episode:90/500, demand:raw_data/ingolstadt21/od_hubs/demand_set/hold_02.rou.xml, travel time:303.63713080168776, rewards:-71.71332465277777, queue:7.2005291005291, delay:0.157104249984499, throughput:948
HELDOUT episode:90/500, demand:raw_data/ingolstadt21/od_hubs/demand_set/hold_02.rou.xml, median wait:26.0
HELDOUT_MEAN episode:90/500, travel time:309.5169148668702 (n=3)
episode:91/500, train_demand:raw_data/ingolstadt21/od_hubs/demand_set/train_01.rou.xml
step:1800/1800, q_loss:14.718810081481934, rewards:-70.12332899305555, queue:7.137566137566138, delay:0.15793863932291666, throughput:973
episode:91/500, real avg travel time:337.7502569373073
episode:91/500, median wait:27.0 (n=973)
episode:92/500, train_demand:raw_data/ingolstadt21/od_hubs/demand_set/train_02.rou.xml
step:1800/1800, q_loss:14.86674690246582, rewards:-69.70110134548611, queue:7.093915343915344, delay:0.16030560851727843, throughput:1017
episode:92/500, real avg travel time:314.4591937069813
episode:92/500, median wait:27.0 (n=1017)
episode:93/500, train_demand:raw_data/ingolstadt21/od_hubs/demand_set/train_03.rou.xml
step:1800/1800, q_loss:15.433076858520508, rewards:-64.70500217013888, queue:6.832010582010582, delay:0.14963958578765707, throughput:1044
episode:93/500, real avg travel time:315.77969348659
episode:93/500, median wait:31.0 (n=1044)
episode:94/500, train_demand:raw_data/ingolstadt21/od_hubs/demand_set/train_04.rou.xml
step:1800/1800, q_loss:14.908945083618164, rewards:-60.29666341145833, queue:6.626455026455027, delay:0.140983476588335, throughput:1096
episode:94/500, real avg travel time:319.9653284671533
episode:94/500, median wait:32.0 (n=1096)
episode:95/500, train_demand:raw_data/ingolstadt21/od_hubs/demand_set/train_05.rou.xml
step:1800/1800, q_loss:14.37568187713623, rewards:-64.57111545138889, queue:6.856084656084656, delay:0.1504790290953621, throughput:1020
episode:95/500, real avg travel time:317.3558823529412
episode:95/500, median wait:28.0 (n=1020)
episode:96/500, train_demand:raw_data/ingolstadt21/od_hubs/demand_set/train_06.rou.xml
step:1800/1800, q_loss:14.429315567016602, rewards:-65.84332682291667, queue:6.889417989417989, delay:0.15501308542080028, throughput:995
episode:96/500, real avg travel time:307.82211055276383
episode:96/500, median wait:27.0 (n=995)
episode:97/500, train_demand:raw_data/ingolstadt21/od_hubs/demand_set/train_07.rou.xml
step:1800/1800, q_loss:14.373417854309082, rewards:-65.029443359375, queue:6.833333333333333, delay:0.14355924091641864, throughput:1002
episode:97/500, real avg travel time:306.8882235528942
episode:97/500, median wait:26.0 (n=1002)
episode:98/500, train_demand:raw_data/ingolstadt21/od_hubs/demand_set/train_08.rou.xml
step:1800/1800, q_loss:14.081255912780762, rewards:-64.47889539930556, queue:6.802116402116402, delay:0.14854109829695766, throughput:1006
episode:98/500, real avg travel time:310.59542743538765
episode:98/500, median wait:32.0 (n=1006)
episode:99/500, train_demand:raw_data/ingolstadt21/od_hubs/demand_set/train_09.rou.xml
step:1800/1800, q_loss:14.074150085449219, rewards:-65.71610785590278, queue:6.856613756613757, delay:0.1552788951409557, throughput:993
episode:99/500, real avg travel time:320.58106747230613
episode:99/500, median wait:26.0 (n=993)
cycle_mean cycle=9 m_prev=29.80 m_curr=28.60 rel=-0.0403 delta=-1.20 flat=True improved=False patience=1/3
episode:100/500, train_demand:raw_data/ingolstadt21/od_hubs/demand_set/train_00.rou.xml
step:1800/1800, q_loss:14.304473876953125, rewards:-61.240559895833336, queue:6.681746031746032, delay:0.14414545291315312, throughput:1023
episode:100/500, real avg travel time:322.7741935483871
episode:100/500, median wait:29.0 (n=1023)
HELDOUT episode:100/500, demand:raw_data/ingolstadt21/od_hubs/demand_set/hold_00.rou.xml, travel time:319.6290143964563, rewards:-68.21334092881945, queue:7.006349206349206, delay:0.14478564388537532, throughput:903
HELDOUT episode:100/500, demand:raw_data/ingolstadt21/od_hubs/demand_set/hold_00.rou.xml, median wait:25.0
HELDOUT episode:100/500, demand:raw_data/ingolstadt21/od_hubs/demand_set/hold_01.rou.xml, travel time:313.543137254902, rewards:-65.63943684895834, queue:6.855291005291005, delay:0.1410699753534226, throughput:1020
HELDOUT episode:100/500, demand:raw_data/ingolstadt21/od_hubs/demand_set/hold_01.rou.xml, median wait:25.0
HELDOUT episode:100/500, demand:raw_data/ingolstadt21/od_hubs/demand_set/hold_02.rou.xml, travel time:323.45094152626365, rewards:-61.993885633680556, queue:6.733068783068783, delay:0.14530192380229, throughput:1009
HELDOUT episode:100/500, demand:raw_data/ingolstadt21/od_hubs/demand_set/hold_02.rou.xml, median wait:35.0
HELDOUT_MEAN episode:100/500, travel time:318.87436439254066 (n=3)
episode:101/500, train_demand:raw_data/ingolstadt21/od_hubs/demand_set/train_01.rou.xml
step:1800/1800, q_loss:14.156715393066406, rewards:-65.94278428819445, queue:6.93068783068783, delay:0.15281486713066303, throughput:1032
episode:101/500, real avg travel time:307.8740310077519
episode:101/500, median wait:27.5 (n=1032)
episode:102/500, train_demand:raw_data/ingolstadt21/od_hubs/demand_set/train_02.rou.xml
step:1800/1800, q_loss:14.035453796386719, rewards:-62.534998914930554, queue:6.70952380952381, delay:0.15143865353215938, throughput:1074
episode:102/500, real avg travel time:304.93575418994413
episode:102/500, median wait:30.0 (n=1074)
episode:103/500, train_demand:raw_data/ingolstadt21/od_hubs/demand_set/train_03.rou.xml
step:1800/1800, q_loss:13.900609970092773, rewards:-68.53111436631944, queue:7.043915343915344, delay:0.15900636703249008, throughput:987
episode:103/500, real avg travel time:323.20060790273556
episode:103/500, median wait:29.0 (n=987)
episode:104/500, train_demand:raw_data/ingolstadt21/od_hubs/demand_set/train_04.rou.xml
step:1800/1800, q_loss:13.851814270019531, rewards:-67.87166883680555, queue:7.005291005291006, delay:0.14895426432291667, throughput:1031
episode:104/500, real avg travel time:340.61590688651796
episode:104/500, median wait:34.0 (n=1031)
episode:105/500, train_demand:raw_data/ingolstadt21/od_hubs/demand_set/train_05.rou.xml
step:1800/1800, q_loss:14.157649040222168, rewards:-70.43277994791667, queue:7.140740740740741, delay:0.15319611080109127, throughput:956
episode:105/500, real avg travel time:342.98012552301253
episode:105/500, median wait:28.0 (n=956)
episode:106/500, train_demand:raw_data/ingolstadt21/od_hubs/demand_set/train_06.rou.xml
step:1800/1800, q_loss:14.590373039245605, rewards:-69.01222873263889, queue:7.0436507936507935, delay:0.15819543909143519, throughput:1059
episode:106/500, real avg travel time:340.40509915014167
episode:106/500, median wait:34.0 (n=1059)
episode:107/500, train_demand:raw_data/ingolstadt21/od_hubs/demand_set/train_07.rou.xml
step:1800/1800, q_loss:13.968938827514648, rewards:-64.70888671875, queue:6.8201058201058204, delay:0.1447442756128059, throughput:1048
episode:107/500, real avg travel time:318.2986641221374
episode:107/500, median wait:31.0 (n=1048)
episode:108/500, train_demand:raw_data/ingolstadt21/od_hubs/demand_set/train_08.rou.xml
step:1800/1800, q_loss:13.758625984191895, rewards:-63.971110026041664, queue:6.788095238095238, delay:0.14600222955935846, throughput:1082
episode:108/500, real avg travel time:317.52402957486134
episode:108/500, median wait:33.0 (n=1082)
episode:109/500, train_demand:raw_data/ingolstadt21/od_hubs/demand_set/train_09.rou.xml
step:1800/1800, q_loss:13.775712966918945, rewards:-64.20890299479167, queue:6.8616402116402115, delay:0.14904751247829862, throughput:1016
episode:109/500, real avg travel time:325.11712598425197
episode:109/500, median wait:34.0 (n=1016)
cycle_mean cycle=10 m_prev=28.60 m_curr=30.95 rel=+0.0822 delta=+2.35 flat=False improved=False patience=2/3
episode:110/500, train_demand:raw_data/ingolstadt21/od_hubs/demand_set/train_00.rou.xml
step:1800/1800, q_loss:13.660467147827148, rewards:-63.42778862847222, queue:6.781746031746032, delay:0.141756023427166, throughput:963
episode:110/500, real avg travel time:334.92211838006233
episode:110/500, median wait:29.0 (n=963)
HELDOUT episode:110/500, demand:raw_data/ingolstadt21/od_hubs/demand_set/hold_00.rou.xml, travel time:311.4163669064748, rewards:-65.05054796006945, queue:6.8494708994709, delay:0.1490126513930225, throughput:1112
HELDOUT episode:110/500, demand:raw_data/ingolstadt21/od_hubs/demand_set/hold_00.rou.xml, median wait:32.0
HELDOUT episode:110/500, demand:raw_data/ingolstadt21/od_hubs/demand_set/hold_01.rou.xml, travel time:294.18829981718466, rewards:-62.629443359375, queue:6.706084656084656, delay:0.1425493351366154, throughput:1094
HELDOUT episode:110/500, demand:raw_data/ingolstadt21/od_hubs/demand_set/hold_01.rou.xml, median wait:26.0
HELDOUT episode:110/500, demand:raw_data/ingolstadt21/od_hubs/demand_set/hold_02.rou.xml, travel time:318.94501397949676, rewards:-64.95776909722223, queue:6.841005291005291, delay:0.15016250206679893, throughput:1073
HELDOUT episode:110/500, demand:raw_data/ingolstadt21/od_hubs/demand_set/hold_02.rou.xml, median wait:32.0
HELDOUT_MEAN episode:110/500, travel time:308.183226901052 (n=3)
episode:111/500, train_demand:raw_data/ingolstadt21/od_hubs/demand_set/train_01.rou.xml
step:1800/1800, q_loss:13.46573257446289, rewards:-60.94610460069445, queue:6.65978835978836, delay:0.147324060510706, throughput:1069
episode:111/500, real avg travel time:325.4031805425631
episode:111/500, median wait:34.0 (n=1069)
episode:112/500, train_demand:raw_data/ingolstadt21/od_hubs/demand_set/train_02.rou.xml
step:1800/1800, q_loss:13.232097625732422, rewards:-68.56166449652778, queue:7.004497354497355, delay:0.15951308800429895, throughput:1022
episode:112/500, real avg travel time:317.4784735812133
episode:112/500, median wait:29.5 (n=1022)
episode:113/500, train_demand:raw_data/ingolstadt21/od_hubs/demand_set/train_03.rou.xml
step:1800/1800, q_loss:13.43873405456543, rewards:-63.86944444444445, queue:6.779629629629629, delay:0.14773104228670636, throughput:1071
episode:113/500, real avg travel time:336.1232492997199
episode:113/500, median wait:43.0 (n=1071)
episode:114/500, train_demand:raw_data/ingolstadt21/od_hubs/demand_set/train_04.rou.xml
step:1800/1800, q_loss:13.041535377502441, rewards:-67.05722113715278, queue:6.981746031746032, delay:0.14911418289103837, throughput:924
episode:114/500, real avg travel time:325.1818181818182
episode:114/500, median wait:29.0 (n=924)
episode:115/500, train_demand:raw_data/ingolstadt21/od_hubs/demand_set/train_05.rou.xml
step:1800/1800, q_loss:13.175043106079102, rewards:-62.8, queue:6.745767195767196, delay:0.14518382561900628, throughput:1048
episode:115/500, real avg travel time:319.5477099236641
episode:115/500, median wait:29.0 (n=1048)
episode:116/500, train_demand:raw_data/ingolstadt21/od_hubs/demand_set/train_06.rou.xml
step:1800/1800, q_loss:13.297943115234375, rewards:-64.92554796006945, queue:6.852116402116402, delay:0.14518794307002314, throughput:1051
episode:116/500, real avg travel time:333.488106565176
episode:116/500, median wait:31.0 (n=1051)
episode:117/500, train_demand:raw_data/ingolstadt21/od_hubs/demand_set/train_07.rou.xml
step:1800/1800, q_loss:13.450704574584961, rewards:-66.78611111111111, queue:6.945502645502645, delay:0.14824272034660219, throughput:1004
episode:117/500, real avg travel time:308.96314741035854
episode:117/500, median wait:29.0 (n=1004)
episode:118/500, train_demand:raw_data/ingolstadt21/od_hubs/demand_set/train_08.rou.xml
step:1800/1800, q_loss:13.420418739318848, rewards:-72.45277777777778, queue:7.192592592592592, delay:0.15527878211288856, throughput:945
episode:118/500, real avg travel time:318.015873015873
episode:118/500, median wait:34.0 (n=945)
episode:119/500, train_demand:raw_data/ingolstadt21/od_hubs/demand_set/train_09.rou.xml
step:1800/1800, q_loss:13.853862762451172, rewards:-65.08556315104167, queue:6.841005291005291, delay:0.14899245166273975, throughput:995
episode:119/500, real avg travel time:328.92361809045224
episode:119/500, median wait:31.0 (n=995)
cycle_mean cycle=11 m_prev=30.95 m_curr=31.85 rel=+0.0291 delta=+0.90 flat=True improved=False patience=3/3
early_stop at episode 119/500 (cycle_mean wait, m=31.85, best ATT=303.74 at episode 60, source=heldout)
reloaded best checkpoint from episode 60 (ATT=303.74, source=heldout)
HELDOUT episode:500/500, demand:raw_data/ingolstadt21/od_hubs/demand_set/hold_00.rou.xml, travel time:299.42725173210164, rewards:-66.66222330729167, queue:6.964285714285714, delay:0.15180809384300595, throughput:866
HELDOUT episode:500/500, demand:raw_data/ingolstadt21/od_hubs/demand_set/hold_00.rou.xml, median wait:22.0
Saved 1939 vehicle trip records to data/output_data/tsc/sumo_presslight_rich_odh_l2_1x21/sumo1x21/l2_odh_posthetero/logger/new_metrics_hold_00.csv (ATT=299.43s, completion=44.7%)
HELDOUT episode:500/500, demand:raw_data/ingolstadt21/od_hubs/demand_set/hold_01.rou.xml, travel time:314.10689655172416, rewards:-69.10277235243055, queue:7.084391534391535, delay:0.15676429385230656, throughput:870
HELDOUT episode:500/500, demand:raw_data/ingolstadt21/od_hubs/demand_set/hold_01.rou.xml, median wait:25.0
Saved 1944 vehicle trip records to data/output_data/tsc/sumo_presslight_rich_odh_l2_1x21/sumo1x21/l2_odh_posthetero/logger/new_metrics_hold_01.csv (ATT=314.11s, completion=44.8%)
HELDOUT episode:500/500, demand:raw_data/ingolstadt21/od_hubs/demand_set/hold_02.rou.xml, travel time:334.02488687782807, rewards:-69.220556640625, queue:7.0777777777777775, delay:0.1625697544642857, throughput:884
HELDOUT episode:500/500, demand:raw_data/ingolstadt21/od_hubs/demand_set/hold_02.rou.xml, median wait:26.0
Saved 1945 vehicle trip records to data/output_data/tsc/sumo_presslight_rich_odh_l2_1x21/sumo1x21/l2_odh_posthetero/logger/new_metrics_hold_02.csv (ATT=334.02s, completion=45.4%)
HELDOUT_MEAN episode:500/500, travel time:315.85301172055125 (n=3)
HELDOUT episode:60/500, demand:raw_data/ingolstadt21/od_hubs/demand_set/hold_00.rou.xml, travel time:319.8167770419426, rewards:-67.35499674479166, queue:6.985185185185185, delay:0.15171568532469412, throughput:906
HELDOUT episode:60/500, demand:raw_data/ingolstadt21/od_hubs/demand_set/hold_00.rou.xml, median wait:26.0
Saved 1935 vehicle trip records to data/output_data/tsc/sumo_presslight_rich_odh_l2_1x21/sumo1x21/l2_odh_posthetero/logger/new_metrics_best_hold_00.csv (ATT=319.82s, completion=46.8%)
HELDOUT episode:60/500, demand:raw_data/ingolstadt21/od_hubs/demand_set/hold_01.rou.xml, travel time:314.4068965517241, rewards:-67.11166449652778, queue:6.993915343915344, delay:0.15638356688161376, throughput:870
HELDOUT episode:60/500, demand:raw_data/ingolstadt21/od_hubs/demand_set/hold_01.rou.xml, median wait:23.0
Saved 1939 vehicle trip records to data/output_data/tsc/sumo_presslight_rich_odh_l2_1x21/sumo1x21/l2_odh_posthetero/logger/new_metrics_best_hold_01.csv (ATT=314.41s, completion=44.9%)
HELDOUT episode:60/500, demand:raw_data/ingolstadt21/od_hubs/demand_set/hold_02.rou.xml, travel time:317.57922912205566, rewards:-67.42333984375, queue:6.993386243386244, delay:0.15622295399822256, throughput:934
HELDOUT episode:60/500, demand:raw_data/ingolstadt21/od_hubs/demand_set/hold_02.rou.xml, median wait:28.0
Saved 1955 vehicle trip records to data/output_data/tsc/sumo_presslight_rich_odh_l2_1x21/sumo1x21/l2_odh_posthetero/logger/new_metrics_best_hold_02.csv (ATT=317.58s, completion=47.8%)
HELDOUT_MEAN episode:60/500, travel time:317.26763423857415 (n=3)
Total time taken: 2262.66158080101
