colight	TRAIN	0	349.6	0.0	-128.94	3.25	0.21	1177
colight	HELDOUT	0	564.9	100.0	-435.24	10.09	0.47	111
colight	HELDOUT	0	526.2	100.0	-452.37	10.37	0.47	116
colight	HELDOUT	0	572.6	100.0	-456.63	10.56	0.48	106
colight	HELDOUT_MEAN	0	554.6	100.0	0.00	0.00	0.00	0
colight	TRAIN	1	328.7	0.0	-143.08	3.65	0.22	1189
colight	TRAIN	2	344.4	0.0	-137.18	3.46	0.23	1211
colight	TRAIN	3	368.4	0.0	-141.32	3.51	0.23	1176
colight	TRAIN	4	358.9	0.0	-120.56	3.09	0.21	1202
colight	TRAIN	5	342.3	12.8	-132.42	3.34	0.22	1225
colight	TRAIN	6	323.9	4.0	-100.96	2.64	0.20	1343
colight	TRAIN	7	313.6	4.2	-114.48	2.99	0.20	1207
colight	TRAIN	8	364.2	8.0	-106.57	2.85	0.20	1199
colight	TRAIN	9	334.4	6.3	-97.62	2.69	0.20	1203
colight	TRAIN	10	352.2	5.1	-101.47	2.69	0.19	1178
colight	HELDOUT	10	354.4	100.0	-312.60	8.07	0.30	335
colight	HELDOUT	10	342.4	100.0	-325.61	8.19	0.29	328
colight	HELDOUT	10	345.5	100.0	-317.35	8.10	0.29	347
colight	HELDOUT_MEAN	10	347.4	100.0	0.00	0.00	0.00	0
colight	TRAIN	11	331.4	5.1	-136.77	3.33	0.22	1059
colight	TRAIN	12	324.1	7.3	-122.13	2.80	0.20	1268
colight	TRAIN	13	324.6	6.4	-89.32	2.42	0.19	1306
colight	TRAIN	14	312.5	7.7	-103.64	2.57	0.18	1243
colight	TRAIN	15	376.8	6.6	-132.51	3.08	0.20	1175
colight	TRAIN	16	330.3	6.4	-123.99	3.19	0.19	1218
colight	TRAIN	17	337.0	6.6	-148.91	3.53	0.20	1033
colight	TRAIN	18	351.8	9.3	-139.65	3.25	0.19	1092
colight	TRAIN	19	371.7	7.0	-120.36	3.21	0.19	1251
colight	TRAIN	20	349.5	6.8	-191.09	4.17	0.25	1065
colight	HELDOUT	20	337.1	100.0	-261.05	5.88	0.30	699
colight	HELDOUT	20	345.9	100.0	-272.03	6.32	0.31	585
colight	HELDOUT	20	347.8	100.0	-271.52	6.15	0.31	643
colight	HELDOUT_MEAN	20	343.6	100.0	0.00	0.00	0.00	0
colight	TRAIN	21	353.4	8.0	-216.03	4.73	0.26	1087
colight	TRAIN	22	384.2	6.1	-192.03	4.18	0.25	1045
colight	TRAIN	23	395.0	5.8	-203.52	4.93	0.27	1023
colight	TRAIN	24	417.9	5.2	-196.78	4.69	0.26	916
colight	TRAIN	25	376.2	5.4	-212.63	5.04	0.27	749
colight	TRAIN	26	371.2	5.9	-198.03	4.84	0.27	680
colight	TRAIN	27	336.5	6.1	-193.87	4.67	0.25	739
colight	TRAIN	28	407.1	6.4	-206.31	4.97	0.26	925
colight	TRAIN	29	308.5	6.6	-190.71	5.51	0.24	727
colight	TRAIN	30	317.0	5.6	-187.36	5.47	0.21	710
colight	HELDOUT	30	343.1	100.0	-258.79	7.44	0.26	516
colight	HELDOUT	30	301.4	100.0	-258.34	7.48	0.25	469
colight	HELDOUT	30	350.2	100.0	-251.30	7.23	0.26	488
colight	HELDOUT_MEAN	30	331.6	100.0	0.00	0.00	0.00	0
colight	TRAIN	31	366.8	5.3	-250.17	7.39	0.25	629
colight	TRAIN	32	342.6	7.4	-227.78	6.53	0.24	704
colight	TRAIN	33	324.7	9.4	-216.41	6.25	0.23	654
colight	TRAIN	34	370.5	7.1	-255.07	7.37	0.24	584
colight	TRAIN	35	358.5	7.6	-223.23	6.49	0.22	651
colight	TRAIN	36	383.7	7.9	-186.52	5.21	0.23	821
colight	TRAIN	37	357.9	8.2	-283.93	6.22	0.29	643
colight	TRAIN	38	325.2	9.2	-290.52	6.60	0.29	705
colight	TRAIN	39	355.8	8.7	-245.80	5.45	0.27	716
colight	TRAIN	40	318.7	8.2	-255.96	5.67	0.28	659
colight	HELDOUT	40	325.6	100.0	-287.66	6.56	0.31	607
colight	HELDOUT	40	306.8	100.0	-257.87	5.76	0.29	664
colight	HELDOUT	40	351.1	100.0	-292.84	6.70	0.31	585
colight	HELDOUT_MEAN	40	327.8	100.0	0.00	0.00	0.00	0
colight	TRAIN	41	309.1	8.6	-258.67	5.74	0.28	661
colight	TRAIN	42	317.8	9.8	-275.85	6.21	0.30	666
colight	TRAIN	43	326.8	9.7	-287.01	6.31	0.30	655
colight	TRAIN	44	322.3	10.6	-271.87	5.94	0.29	605
colight	TRAIN	45	310.1	13.0	-280.99	6.55	0.29	702
colight	TRAIN	46	376.8	12.7	-246.81	5.53	0.29	784
colight	TRAIN	47	336.0	11.9	-246.96	6.03	0.27	498
colight	TRAIN	48	388.5	14.8	-253.65	6.22	0.28	466
colight	TRAIN	49	350.5	13.2	-240.79	5.59	0.29	845
colight	TRAIN	50	341.0	10.9	-255.32	5.85	0.29	712
colight	HELDOUT	50	301.4	100.0	-305.95	6.77	0.29	633
colight	HELDOUT	50	305.0	100.0	-298.95	6.55	0.30	637
colight	HELDOUT	50	324.4	100.0	-298.97	6.64	0.30	672
colight	HELDOUT_MEAN	50	310.3	100.0	0.00	0.00	0.00	0
colight	TRAIN	51	381.5	10.7	-229.16	5.32	0.26	773
colight	TRAIN	52	299.2	9.5	-273.14	6.10	0.29	659
colight	TRAIN	53	326.4	14.4	-252.63	5.80	0.28	762
colight	TRAIN	54	318.0	14.6	-241.13	5.42	0.27	780
colight	TRAIN	55	333.7	13.3	-270.40	6.10	0.29	713
colight	TRAIN	56	322.4	14.8	-290.64	6.40	0.29	641
colight	TRAIN	57	330.7	13.2	-292.52	6.40	0.29	693
colight	TRAIN	58	343.9	14.6	-287.29	6.33	0.29	735
colight	TRAIN	59	308.7	11.4	-277.70	6.12	0.28	609
colight	TRAIN	60	327.2	11.1	-271.83	6.05	0.28	644
colight	HELDOUT	60	335.7	100.0	-301.69	6.72	0.30	653
colight	HELDOUT	60	338.8	100.0	-272.38	6.11	0.29	685
colight	HELDOUT	60	332.0	100.0	-304.60	6.88	0.30	675
colight	HELDOUT_MEAN	60	335.5	100.0	0.00	0.00	0.00	0
colight	TRAIN	61	311.4	9.0	-277.48	6.17	0.29	637
colight	TRAIN	62	319.0	10.1	-280.65	6.42	0.30	687
colight	TRAIN	63	309.3	12.8	-264.85	6.02	0.28	727
colight	TRAIN	64	294.5	13.1	-258.77	5.70	0.27	596
colight	TRAIN	65	348.1	17.3	-253.15	5.58	0.28	764
colight	TRAIN	66	326.2	17.4	-265.70	6.00	0.28	688
colight	TRAIN	67	296.9	21.2	-277.89	6.29	0.28	697
colight	TRAIN	68	329.1	23.3	-288.85	6.60	0.31	693
colight	TRAIN	69	333.9	20.8	-290.42	6.43	0.29	620
colight	TRAIN	70	387.8	20.8	-295.12	6.38	0.29	600
colight	HELDOUT	70	297.2	100.0	-293.43	6.66	0.28	666
colight	HELDOUT	70	322.4	100.0	-314.84	6.96	0.29	648
colight	HELDOUT	70	320.8	100.0	-302.26	6.79	0.28	621
colight	HELDOUT_MEAN	70	313.5	100.0	0.00	0.00	0.00	0
colight	TRAIN	71	311.2	17.8	-289.68	6.46	0.29	628
colight	TRAIN	72	329.1	15.9	-277.85	6.20	0.29	677
colight	TRAIN	73	319.7	14.6	-275.45	6.07	0.30	690
colight	TRAIN	74	321.6	12.5	-278.63	6.18	0.29	595
colight	TRAIN	75	340.2	15.6	-263.46	5.98	0.30	622
colight	TRAIN	76	327.1	14.1	-269.92	5.94	0.27	624
colight	TRAIN	77	301.5	15.0	-277.52	6.17	0.28	671
colight	TRAIN	78	340.5	15.8	-303.23	6.69	0.29	720
colight	TRAIN	79	360.2	19.2	-285.53	6.39	0.29	546
colight	TRAIN	80	337.3	17.2	-298.56	6.84	0.28	615
colight	HELDOUT	80	329.9	100.0	-279.48	6.16	0.29	657
colight	HELDOUT	80	311.5	100.0	-262.04	5.79	0.28	718
colight	HELDOUT	80	345.6	100.0	-302.06	6.58	0.30	663
colight	HELDOUT_MEAN	80	329.0	100.0	0.00	0.00	0.00	0
colight	HELDOUT	500	324.8	100.0	-276.26	6.17	0.28	631
colight	HELDOUT	500	309.6	100.0	-258.80	5.65	0.28	711
colight	HELDOUT	500	314.7	100.0	-290.92	6.53	0.30	598
colight	HELDOUT_MEAN	500	316.3	100.0	0.00	0.00	0.00	0
