mplight	TRAIN	0	296.2	0.0	-5.11	1.96	0.06	1435
mplight	TEST	0	338.4	100.0	-16.52	6.23	0.08	1048
mplight	TRAIN	1	301.1	0.0	-5.34	2.05	0.06	1422
mplight	TEST	1	369.3	100.0	-19.52	7.36	0.10	949
mplight	TRAIN	2	321.2	0.0	-6.45	2.46	0.06	1389
mplight	TEST	2	378.4	100.0	-18.88	7.11	0.10	994
mplight	TRAIN	3	280.2	0.0	-4.63	1.78	0.06	1425
mplight	TEST	3	443.7	100.0	-19.63	7.39	0.10	1029
mplight	TRAIN	4	315.8	0.0	-5.96	2.28	0.07	1411
mplight	TEST	4	380.5	100.0	-19.85	7.48	0.10	959
mplight	TRAIN	5	302.7	0.1	-5.53	2.12	0.06	1414
mplight	TEST	5	338.6	100.0	-17.93	6.76	0.09	997
mplight	TRAIN	6	293.0	0.1	-5.07	1.95	0.06	1424
mplight	TEST	6	396.7	100.0	-20.61	7.76	0.10	960
mplight	TRAIN	7	313.9	0.1	-5.83	2.23	0.06	1427
mplight	TEST	7	362.2	100.0	-18.68	7.04	0.09	987
mplight	TRAIN	8	298.9	0.1	-5.22	2.01	0.06	1421
mplight	TEST	8	452.5	100.0	-20.43	7.69	0.10	995
mplight	TRAIN	9	299.5	0.1	-5.28	2.02	0.06	1429
mplight	TEST	9	354.0	100.0	-17.98	6.78	0.09	1011
mplight	TRAIN	10	292.6	0.1	-5.12	1.96	0.06	1412
mplight	TEST	10	395.8	100.0	-20.15	7.59	0.10	952
mplight	TRAIN	11	303.6	0.1	-5.67	2.17	0.06	1408
mplight	TEST	11	364.7	100.0	-17.60	6.63	0.09	1030
mplight	TRAIN	12	301.8	0.1	-5.46	2.09	0.06	1419
mplight	TEST	12	349.5	100.0	-16.72	6.30	0.08	1048
mplight	TRAIN	13	288.4	0.1	-5.07	1.94	0.06	1407
mplight	TEST	13	443.9	100.0	-21.07	7.93	0.11	970
mplight	TRAIN	14	290.8	0.2	-4.99	1.92	0.06	1427
mplight	TEST	14	354.5	100.0	-18.19	6.86	0.10	990
mplight	TRAIN	15	291.8	0.2	-5.16	1.98	0.06	1419
mplight	TEST	15	405.3	100.0	-20.42	7.69	0.11	982
mplight	TRAIN	16	308.3	0.2	-5.60	2.14	0.06	1430
mplight	TEST	16	413.0	100.0	-19.74	7.44	0.10	982
mplight	TRAIN	17	298.2	0.2	-5.19	1.99	0.06	1429
mplight	TEST	17	363.6	100.0	-15.06	5.68	0.09	1096
mplight	TRAIN	18	294.2	0.2	-5.21	2.00	0.06	1412
mplight	TEST	18	386.7	100.0	-15.34	5.79	0.09	1115
mplight	TRAIN	19	294.5	0.3	-5.16	1.98	0.06	1420
mplight	TEST	19	383.1	100.0	-18.70	7.05	0.09	1024
mplight	TRAIN	20	309.6	0.3	-5.51	2.11	0.06	1427
mplight	TEST	20	367.7	100.0	-19.62	7.39	0.09	951
mplight	TRAIN	21	324.9	0.3	-6.30	2.40	0.06	1416
mplight	TEST	21	417.7	100.0	-18.30	6.89	0.09	1022
mplight	TRAIN	22	289.0	0.3	-4.96	1.90	0.06	1422
mplight	TEST	22	387.1	100.0	-15.04	5.67	0.09	1134
mplight	TRAIN	23	297.6	0.3	-5.41	2.07	0.06	1405
mplight	TEST	23	294.1	100.0	-12.27	4.64	0.07	1151
mplight	TRAIN	24	324.1	0.3	-6.29	2.40	0.06	1407
mplight	TEST	24	377.8	100.0	-14.17	5.35	0.09	1146
mplight	TRAIN	25	292.9	0.3	-5.26	2.01	0.06	1404
mplight	TEST	25	365.1	100.0	-14.31	5.40	0.09	1144
mplight	TRAIN	26	297.7	0.3	-5.40	2.07	0.06	1410
mplight	TEST	26	435.3	100.0	-14.57	5.50	0.09	1210
mplight	TRAIN	27	299.6	0.3	-5.34	2.05	0.06	1423
mplight	TEST	27	329.6	100.0	-14.11	5.33	0.09	1107
mplight	TRAIN	28	287.4	0.3	-5.06	1.94	0.06	1407
mplight	TEST	28	339.0	100.0	-16.17	6.10	0.09	1047
mplight	TRAIN	29	313.9	0.3	-5.84	2.24	0.06	1419
mplight	TEST	29	252.6	100.0	-8.72	3.31	0.06	1215
mplight	TRAIN	30	289.5	0.3	-4.89	1.88	0.06	1428
mplight	TEST	30	262.5	100.0	-7.88	3.00	0.06	1255
mplight	TRAIN	31	283.9	0.3	-4.84	1.86	0.06	1422
mplight	TEST	31	327.8	100.0	-10.49	3.97	0.08	1240
mplight	TRAIN	32	304.7	0.3	-5.46	2.09	0.06	1424
mplight	TEST	32	390.7	100.0	-17.46	6.58	0.10	1047
mplight	TRAIN	33	298.2	0.3	-5.29	2.03	0.06	1430
mplight	TEST	33	313.5	100.0	-10.01	3.79	0.08	1235
mplight	TRAIN	34	329.1	0.3	-6.33	2.42	0.06	1413
mplight	TEST	34	273.6	100.0	-6.69	2.55	0.06	1331
mplight	TRAIN	35	270.0	0.3	-4.21	1.62	0.06	1434
mplight	TEST	35	334.4	100.0	-16.04	6.06	0.08	1042
mplight	TRAIN	36	292.9	0.4	-5.14	1.97	0.06	1413
mplight	TEST	36	277.7	100.0	-7.55	2.87	0.06	1315
mplight	TRAIN	37	287.6	0.4	-5.04	1.93	0.06	1411
mplight	TEST	37	309.5	100.0	-14.83	5.60	0.08	1075
mplight	TRAIN	38	297.5	0.3	-5.21	2.00	0.06	1423
mplight	TEST	38	309.8	100.0	-14.02	5.30	0.08	1110
mplight	TRAIN	39	298.8	0.4	-5.18	1.98	0.06	1431
mplight	TEST	39	338.7	100.0	-11.43	4.32	0.08	1208
mplight	TRAIN	40	267.5	0.4	-4.16	1.60	0.06	1428
mplight	TEST	40	369.8	100.0	-17.37	6.55	0.10	1027
mplight	TRAIN	41	292.6	0.3	-5.09	1.95	0.06	1427
mplight	TEST	41	352.6	100.0	-12.53	4.73	0.09	1182
mplight	TRAIN	42	265.6	0.4	-4.14	1.60	0.06	1418
mplight	TEST	42	423.9	100.0	-18.68	7.04	0.10	1050
mplight	TRAIN	43	306.9	0.4	-5.48	2.10	0.06	1432
mplight	TEST	43	346.0	100.0	-11.57	4.38	0.08	1216
mplight	TRAIN	44	293.5	0.4	-5.06	1.94	0.06	1424
mplight	TEST	44	304.8	100.0	-11.36	4.30	0.08	1197
mplight	TRAIN	45	283.2	0.4	-4.71	1.81	0.06	1426
mplight	TEST	45	361.5	100.0	-8.98	3.40	0.07	1334
mplight	TRAIN	46	273.8	0.4	-4.45	1.71	0.06	1421
mplight	TEST	46	293.7	100.0	-6.22	2.37	0.07	1345
mplight	TRAIN	47	273.0	0.4	-4.41	1.70	0.06	1417
mplight	TEST	47	322.5	100.0	-11.72	4.43	0.08	1189
mplight	TRAIN	48	271.5	0.4	-4.28	1.65	0.05	1430
mplight	TEST	48	307.6	100.0	-7.15	2.72	0.07	1334
mplight	TRAIN	49	258.3	0.4	-3.85	1.49	0.05	1427
mplight	TEST	49	269.7	100.0	-8.66	3.29	0.07	1241
mplight	TRAIN	50	268.7	0.4	-4.16	1.60	0.05	1437
mplight	TEST	50	294.2	100.0	-10.37	3.93	0.07	1222
mplight	TRAIN	51	285.2	0.4	-4.82	1.85	0.06	1419
mplight	TEST	51	269.6	100.0	-7.98	3.03	0.06	1270
mplight	TRAIN	52	289.4	0.4	-5.06	1.94	0.06	1416
mplight	TEST	52	266.7	100.0	-10.81	4.10	0.07	1166
mplight	TRAIN	53	275.7	0.5	-4.41	1.70	0.06	1432
mplight	TEST	53	247.1	100.0	-6.49	2.48	0.06	1304
mplight	TRAIN	54	281.4	0.4	-4.58	1.76	0.06	1438
mplight	TEST	54	273.9	100.0	-11.10	4.21	0.07	1143
mplight	TRAIN	55	276.0	0.4	-4.52	1.74	0.06	1422
mplight	TEST	55	321.9	100.0	-11.25	4.25	0.07	1207
mplight	TRAIN	56	279.5	0.4	-4.55	1.75	0.06	1434
mplight	TEST	56	255.6	100.0	-6.97	2.65	0.06	1297
mplight	TRAIN	57	270.4	0.4	-4.26	1.64	0.06	1424
mplight	TEST	57	249.0	100.0	-6.57	2.51	0.06	1292
mplight	TRAIN	58	279.6	0.4	-4.53	1.74	0.06	1437
mplight	TEST	58	330.2	100.0	-10.06	3.81	0.08	1253
mplight	TRAIN	59	283.5	0.5	-4.72	1.81	0.06	1419
mplight	TEST	59	244.8	100.0	-5.19	1.99	0.05	1356
mplight	TRAIN	60	267.0	0.5	-4.13	1.59	0.06	1430
mplight	TEST	60	249.6	100.0	-6.51	2.48	0.06	1282
mplight	TRAIN	61	267.8	0.5	-4.15	1.60	0.05	1429
mplight	TEST	61	257.3	100.0	-5.85	2.24	0.06	1325
mplight	TRAIN	62	282.9	0.5	-4.48	1.72	0.06	1421
mplight	TEST	62	324.4	100.0	-13.22	5.00	0.08	1147
mplight	TRAIN	63	262.1	0.5	-3.97	1.53	0.05	1427
mplight	TEST	63	293.0	100.0	-7.19	2.73	0.07	1321
mplight	TRAIN	64	282.2	0.5	-4.64	1.78	0.06	1434
mplight	TEST	64	275.2	100.0	-5.24	2.00	0.06	1377
mplight	TRAIN	65	255.4	0.6	-3.80	1.47	0.05	1423
mplight	TEST	65	294.8	100.0	-8.25	3.14	0.07	1274
mplight	TRAIN	66	267.6	0.5	-4.13	1.59	0.05	1430
mplight	TEST	66	261.2	100.0	-3.95	1.52	0.05	1430
mplight	TRAIN	67	242.5	0.5	-3.29	1.28	0.05	1433
mplight	TEST	67	275.8	100.0	-7.04	2.68	0.06	1307
mplight	TRAIN	68	269.9	0.5	-4.22	1.63	0.06	1430
mplight	TEST	68	328.3	100.0	-9.62	3.65	0.07	1258
mplight	TRAIN	69	268.9	0.6	-4.19	1.62	0.06	1435
mplight	TEST	69	316.5	100.0	-8.50	3.23	0.07	1291
mplight	TRAIN	70	257.0	0.5	-3.74	1.44	0.05	1433
mplight	TEST	70	288.6	100.0	-5.37	2.05	0.05	1386
mplight	TRAIN	71	244.2	0.6	-3.37	1.31	0.05	1430
mplight	TEST	71	292.3	100.0	-6.23	2.38	0.06	1350
mplight	TRAIN	72	273.7	0.6	-4.37	1.68	0.06	1431
mplight	TEST	72	334.8	100.0	-13.62	5.14	0.08	1128
mplight	TRAIN	73	291.8	0.6	-5.12	1.96	0.06	1420
mplight	TEST	73	293.2	100.0	-7.24	2.75	0.07	1313
mplight	TRAIN	74	248.4	0.7	-3.45	1.34	0.05	1434
mplight	TEST	74	317.9	100.0	-6.66	2.53	0.07	1364
mplight	TRAIN	75	252.8	0.6	-3.68	1.42	0.06	1428
mplight	TEST	75	302.5	100.0	-5.68	2.17	0.08	1391
mplight	TRAIN	76	271.5	0.6	-4.35	1.67	0.06	1422
mplight	TEST	76	293.0	100.0	-6.75	2.57	0.07	1353
mplight	TRAIN	77	283.4	0.6	-4.83	1.85	0.06	1420
mplight	TEST	77	282.6	100.0	-11.28	4.27	0.08	1149
mplight	TRAIN	78	255.4	0.6	-3.71	1.43	0.06	1432
mplight	TEST	78	295.1	100.0	-6.68	2.55	0.07	1349
mplight	TRAIN	79	246.9	0.6	-3.42	1.33	0.05	1436
mplight	TEST	79	297.5	100.0	-12.32	4.66	0.08	1120
mplight	TRAIN	80	274.4	0.6	-4.34	1.67	0.06	1434
mplight	TEST	80	338.6	100.0	-9.22	3.50	0.07	1298
mplight	TRAIN	81	271.6	0.7	-4.28	1.65	0.06	1430
mplight	TEST	81	332.0	100.0	-9.68	3.67	0.07	1271
mplight	TRAIN	82	248.5	0.6	-3.46	1.34	0.05	1440
mplight	TEST	82	216.1	100.0	-2.41	0.95	0.04	1434
mplight	TRAIN	83	239.3	0.5	-3.16	1.23	0.05	1435
mplight	TEST	83	236.5	100.0	-4.21	1.62	0.05	1368
mplight	TRAIN	84	246.2	0.5	-3.40	1.32	0.05	1439
mplight	TEST	84	249.3	100.0	-4.42	1.70	0.05	1372
mplight	TRAIN	85	258.8	0.5	-3.82	1.48	0.05	1437
mplight	TEST	85	255.2	100.0	-3.72	1.44	0.05	1427
mplight	TRAIN	86	281.0	0.5	-4.57	1.76	0.06	1434
mplight	TEST	86	284.8	100.0	-5.18	1.98	0.06	1396
mplight	TRAIN	87	249.3	0.6	-3.49	1.35	0.05	1435
mplight	TEST	87	250.8	100.0	-4.35	1.68	0.06	1373
mplight	TRAIN	88	252.7	0.6	-3.60	1.39	0.05	1440
mplight	TEST	88	284.1	100.0	-7.62	2.90	0.06	1273
mplight	TRAIN	89	268.8	0.6	-4.14	1.60	0.06	1434
mplight	TEST	89	272.4	100.0	-5.45	2.09	0.06	1364
mplight	TRAIN	90	253.8	0.6	-3.66	1.41	0.05	1434
mplight	TEST	90	246.1	100.0	-4.95	1.90	0.05	1352
mplight	TRAIN	91	256.8	0.7	-3.92	1.51	0.06	1418
mplight	TEST	91	247.8	100.0	-5.03	1.93	0.06	1348
mplight	TRAIN	92	250.1	0.6	-3.56	1.38	0.05	1436
mplight	TEST	92	298.6	100.0	-8.42	3.20	0.07	1293
mplight	TRAIN	93	255.8	0.6	-3.74	1.45	0.06	1434
mplight	TEST	93	272.8	100.0	-4.40	1.69	0.06	1414
mplight	TRAIN	94	296.1	0.7	-5.07	1.95	0.06	1431
mplight	TEST	94	257.8	100.0	-3.88	1.50	0.06	1424
mplight	TRAIN	95	283.9	0.7	-4.68	1.80	0.06	1427
mplight	TEST	95	244.4	100.0	-3.39	1.31	0.06	1428
mplight	TRAIN	96	287.4	0.7	-4.77	1.83	0.06	1424
mplight	TEST	96	253.3	100.0	-3.72	1.44	0.06	1421
mplight	TRAIN	97	288.9	0.7	-4.81	1.85	0.06	1426
mplight	TEST	97	295.3	100.0	-13.26	5.02	0.08	1076
mplight	TRAIN	98	245.9	0.7	-3.47	1.35	0.06	1422
mplight	TEST	98	346.3	100.0	-16.40	6.19	0.08	1040
mplight	TRAIN	99	254.0	0.7	-3.71	1.44	0.06	1430
mplight	TEST	99	307.6	100.0	-6.70	2.55	0.07	1369
mplight	TRAIN	100	290.2	0.7	-4.92	1.88	0.06	1434
mplight	TEST	100	266.7	100.0	-4.86	1.86	0.07	1379
mplight	TRAIN	101	268.4	0.7	-4.15	1.60	0.06	1437
mplight	TEST	101	241.4	100.0	-4.69	1.80	0.05	1363
mplight	TRAIN	102	267.9	0.7	-4.19	1.61	0.06	1430
mplight	TEST	102	277.6	100.0	-5.93	2.26	0.06	1339
mplight	TRAIN	103	284.6	0.7	-4.71	1.81	0.06	1425
mplight	TEST	103	290.6	100.0	-7.78	2.96	0.07	1291
mplight	TRAIN	104	253.1	0.8	-4.06	1.57	0.06	1403
mplight	TEST	104	284.9	100.0	-7.43	2.83	0.07	1295
mplight	TRAIN	105	293.9	0.7	-5.04	1.93	0.06	1433
mplight	TEST	105	251.2	100.0	-5.52	2.11	0.06	1331
mplight	TRAIN	106	260.5	0.7	-3.93	1.51	0.06	1430
mplight	TEST	106	236.3	100.0	-3.24	1.25	0.05	1415
mplight	TRAIN	107	268.4	0.7	-4.31	1.66	0.06	1413
mplight	TEST	107	260.8	100.0	-5.30	2.02	0.06	1350
mplight	TRAIN	108	250.4	0.7	-3.59	1.39	0.05	1424
mplight	TEST	108	336.1	100.0	-7.00	2.66	0.08	1380
mplight	TRAIN	109	267.9	0.7	-4.17	1.60	0.06	1431
mplight	TEST	109	244.7	100.0	-3.35	1.30	0.05	1434
mplight	TRAIN	110	247.6	0.8	-3.46	1.34	0.05	1434
mplight	TEST	110	253.3	100.0	-3.84	1.48	0.06	1416
mplight	TRAIN	111	254.1	0.7	-3.68	1.42	0.06	1431
mplight	TEST	111	271.9	100.0	-5.69	2.18	0.06	1352
mplight	TRAIN	112	260.2	0.7	-3.89	1.50	0.06	1433
mplight	TEST	112	276.9	100.0	-5.65	2.16	0.06	1355
mplight	TRAIN	113	268.4	0.7	-4.32	1.66	0.06	1425
mplight	TEST	113	258.4	100.0	-3.82	1.47	0.05	1434
mplight	TRAIN	114	266.5	0.8	-4.17	1.60	0.06	1423
mplight	TEST	114	253.1	100.0	-6.58	2.51	0.06	1292
mplight	TRAIN	115	271.1	0.7	-4.30	1.65	0.06	1425
mplight	TEST	115	335.3	100.0	-7.75	2.94	0.07	1347
mplight	TRAIN	116	280.0	0.8	-4.59	1.76	0.06	1434
mplight	TEST	116	274.3	100.0	-5.68	2.17	0.06	1362
mplight	TRAIN	117	291.6	0.8	-5.17	1.98	0.06	1404
mplight	TEST	117	335.5	100.0	-13.47	5.09	0.09	1116
mplight	TRAIN	118	250.9	0.8	-3.63	1.40	0.06	1425
mplight	TEST	118	253.8	100.0	-4.64	1.78	0.06	1368
mplight	TRAIN	119	270.8	0.8	-4.20	1.62	0.06	1430
mplight	TEST	119	257.6	100.0	-7.20	2.74	0.07	1293
mplight	TRAIN	120	253.0	0.8	-3.64	1.40	0.05	1434
mplight	TEST	120	237.1	100.0	-5.90	2.26	0.06	1314
mplight	TRAIN	121	268.4	0.8	-4.18	1.61	0.06	1437
mplight	TEST	121	274.4	100.0	-6.77	2.58	0.07	1325
mplight	TRAIN	122	301.4	0.8	-5.32	2.03	0.06	1425
mplight	TEST	122	262.4	100.0	-8.09	3.07	0.07	1252
mplight	TRAIN	123	253.7	0.9	-3.72	1.43	0.05	1422
mplight	TEST	123	294.5	100.0	-5.59	2.13	0.07	1385
mplight	TRAIN	124	265.0	0.9	-4.06	1.56	0.06	1433
mplight	TEST	124	274.4	100.0	-5.01	1.92	0.07	1385
mplight	TRAIN	125	269.2	0.8	-4.32	1.66	0.06	1420
mplight	TEST	125	241.9	100.0	-3.33	1.29	0.05	1421
mplight	TRAIN	126	275.6	0.8	-4.47	1.72	0.06	1426
mplight	TEST	126	235.3	100.0	-3.22	1.25	0.05	1419
mplight	TRAIN	127	259.5	0.8	-3.96	1.52	0.06	1419
mplight	TEST	127	284.7	100.0	-7.05	2.69	0.07	1308
mplight	TRAIN	128	263.7	0.8	-3.98	1.54	0.06	1438
mplight	TEST	128	266.6	100.0	-4.42	1.70	0.06	1397
mplight	TRAIN	129	278.4	0.8	-4.70	1.80	0.06	1412
mplight	TEST	129	255.5	100.0	-4.15	1.60	0.06	1406
mplight	TRAIN	130	278.3	0.8	-4.44	1.71	0.06	1421
mplight	TEST	130	266.8	100.0	-4.82	1.85	0.07	1381
mplight	TRAIN	131	256.5	0.8	-4.09	1.58	0.06	1403
mplight	TEST	131	257.2	100.0	-4.98	1.91	0.07	1364
mplight	TRAIN	132	244.3	0.8	-3.87	1.49	0.06	1400
mplight	TEST	132	288.0	100.0	-5.64	2.16	0.07	1373
mplight	TRAIN	133	250.7	0.8	-3.57	1.39	0.06	1432
mplight	TEST	133	247.9	100.0	-3.71	1.44	0.05	1387
mplight	TRAIN	134	260.3	0.8	-3.93	1.52	0.06	1422
mplight	TEST	134	243.6	100.0	-3.70	1.43	0.06	1414
mplight	TRAIN	135	276.1	0.9	-4.47	1.72	0.06	1424
mplight	TEST	135	226.3	100.0	-2.75	1.07	0.04	1436
mplight	TRAIN	136	248.3	0.9	-3.59	1.39	0.05	1415
mplight	TEST	136	315.3	100.0	-11.06	4.19	0.08	1182
mplight	TRAIN	137	295.1	0.9	-5.22	1.99	0.06	1420
mplight	TEST	137	280.0	100.0	-5.77	2.20	0.06	1370
mplight	TRAIN	138	245.0	1.0	-3.64	1.41	0.05	1413
mplight	TEST	138	242.3	100.0	-3.56	1.38	0.05	1407
mplight	TRAIN	139	275.2	0.9	-4.56	1.75	0.06	1422
mplight	TEST	139	372.1	100.0	-10.84	4.11	0.08	1265
mplight	TRAIN	140	254.3	0.9	-4.03	1.55	0.06	1417
mplight	TEST	140	260.2	100.0	-3.97	1.52	0.06	1424
mplight	TRAIN	141	257.1	0.8	-4.09	1.57	0.06	1407
mplight	TEST	141	266.1	100.0	-4.61	1.77	0.06	1387
mplight	TRAIN	142	257.0	0.9	-4.03	1.55	0.06	1409
mplight	TEST	142	250.5	100.0	-4.68	1.80	0.06	1370
mplight	TRAIN	143	264.8	0.9	-4.18	1.61	0.06	1426
mplight	TEST	143	249.1	100.0	-3.91	1.51	0.05	1410
mplight	TRAIN	144	261.0	0.8	-3.95	1.52	0.06	1427
mplight	TEST	144	278.7	100.0	-5.24	2.00	0.06	1381
mplight	TRAIN	145	263.1	0.9	-4.06	1.56	0.06	1425
mplight	TEST	145	262.5	100.0	-4.12	1.58	0.06	1415
mplight	TRAIN	146	299.5	0.9	-5.50	2.10	0.06	1402
mplight	TEST	146	254.1	100.0	-3.77	1.45	0.06	1419
mplight	TRAIN	147	282.9	0.9	-4.76	1.83	0.06	1424
mplight	TEST	147	272.4	100.0	-4.39	1.68	0.06	1425
mplight	TRAIN	148	226.3	0.9	-2.72	1.06	0.05	1436
mplight	TEST	148	241.2	100.0	-5.45	2.09	0.06	1325
mplight	TRAIN	149	269.3	0.9	-4.78	1.83	0.06	1405
mplight	TEST	149	263.9	100.0	-7.02	2.67	0.07	1292
mplight	TRAIN	150	239.7	0.9	-3.18	1.23	0.05	1439
mplight	TEST	150	242.3	100.0	-3.81	1.47	0.05	1408
mplight	TRAIN	151	249.1	0.9	-3.50	1.36	0.05	1441
mplight	TEST	151	251.7	100.0	-4.37	1.68	0.06	1386
mplight	TRAIN	152	284.9	0.8	-5.57	2.13	0.07	1378
mplight	TEST	152	244.5	100.0	-3.49	1.35	0.05	1417
mplight	TRAIN	153	281.0	0.9	-4.65	1.78	0.06	1424
mplight	TEST	153	240.7	100.0	-3.44	1.33	0.06	1405
mplight	TRAIN	154	265.1	0.9	-4.48	1.72	0.05	1406
mplight	TEST	154	253.7	100.0	-3.97	1.53	0.06	1408
mplight	TRAIN	155	251.9	0.8	-3.68	1.42	0.06	1419
mplight	TEST	155	252.7	100.0	-3.87	1.49	0.06	1400
mplight	TRAIN	156	274.8	0.8	-4.46	1.71	0.06	1421
mplight	TEST	156	272.8	100.0	-10.74	4.07	0.08	1146
mplight	TRAIN	157	275.7	0.8	-4.45	1.71	0.06	1431
mplight	TEST	157	265.6	100.0	-4.93	1.89	0.06	1385
mplight	TRAIN	158	251.0	0.9	-3.66	1.41	0.06	1431
mplight	TEST	158	328.4	100.0	-13.85	5.23	0.09	1103
mplight	TRAIN	159	290.9	0.9	-5.09	1.95	0.06	1423
mplight	TEST	159	263.0	100.0	-4.90	1.88	0.06	1369
mplight	TRAIN	160	244.2	0.8	-3.38	1.30	0.06	1429
mplight	TEST	160	284.3	100.0	-10.82	4.10	0.07	1158
mplight	TRAIN	161	244.4	0.9	-4.23	1.63	0.05	1384
mplight	TEST	161	247.6	100.0	-4.91	1.88	0.06	1360
mplight	TRAIN	162	255.7	0.8	-3.72	1.44	0.05	1432
mplight	TEST	162	251.1	100.0	-5.84	2.23	0.06	1337
mplight	TRAIN	163	280.8	0.8	-5.31	2.03	0.06	1386
mplight	TEST	163	264.1	100.0	-6.07	2.32	0.06	1328
mplight	TRAIN	164	235.2	0.8	-3.02	1.17	0.05	1437
mplight	TEST	164	260.6	100.0	-4.22	1.62	0.05	1415
mplight	TRAIN	165	297.1	0.8	-5.55	2.12	0.06	1404
mplight	TEST	165	232.2	100.0	-3.08	1.20	0.05	1419
mplight	TRAIN	166	235.4	0.8	-3.21	1.24	0.05	1417
mplight	TEST	166	218.4	100.0	-2.53	0.99	0.04	1426
mplight	TRAIN	167	245.3	0.8	-3.66	1.41	0.05	1408
mplight	TEST	167	276.4	100.0	-4.57	1.75	0.06	1425
mplight	TRAIN	168	266.7	0.8	-4.17	1.60	0.06	1428
mplight	TEST	168	235.2	100.0	-3.03	1.17	0.05	1439
mplight	TRAIN	169	257.1	0.9	-5.70	2.18	0.06	1343
mplight	TEST	169	264.2	100.0	-4.27	1.64	0.06	1408
mplight	TRAIN	170	269.5	0.8	-4.76	1.82	0.06	1390
mplight	TEST	170	228.0	100.0	-2.76	1.08	0.04	1442
mplight	TRAIN	171	246.8	0.8	-3.63	1.40	0.05	1412
mplight	TEST	171	290.3	100.0	-5.14	1.97	0.07	1407
mplight	TRAIN	172	243.9	0.8	-3.34	1.29	0.06	1431
mplight	TEST	172	231.5	100.0	-2.92	1.13	0.05	1434
mplight	TRAIN	173	246.1	0.8	-3.46	1.33	0.05	1432
mplight	TEST	173	233.7	100.0	-3.22	1.25	0.05	1417
mplight	TRAIN	174	248.3	0.7	-3.57	1.38	0.06	1430
mplight	TEST	174	248.4	100.0	-3.54	1.36	0.06	1430
mplight	TRAIN	175	242.2	0.7	-4.01	1.54	0.06	1374
mplight	TEST	175	251.0	100.0	-4.51	1.73	0.06	1375
mplight	TRAIN	176	271.2	0.7	-4.64	1.78	0.05	1411
mplight	TEST	176	228.3	100.0	-2.82	1.10	0.05	1430
mplight	TRAIN	177	317.9	0.7	-6.21	2.37	0.06	1403
mplight	TEST	177	278.6	100.0	-5.01	1.92	0.06	1398
mplight	TRAIN	178	252.1	0.7	-3.64	1.40	0.05	1420
mplight	TEST	178	243.9	100.0	-4.69	1.80	0.06	1356
mplight	TRAIN	179	240.7	0.7	-3.23	1.25	0.05	1431
mplight	TEST	179	256.4	100.0	-3.89	1.50	0.05	1415
mplight	TRAIN	180	235.9	0.7	-3.08	1.19	0.05	1426
mplight	TEST	180	243.5	100.0	-3.46	1.33	0.05	1428
mplight	TRAIN	181	249.0	0.7	-3.80	1.47	0.05	1414
mplight	TEST	181	254.5	100.0	-4.31	1.66	0.06	1391
mplight	TRAIN	182	231.9	0.6	-2.93	1.14	0.05	1438
mplight	TEST	182	247.2	100.0	-3.41	1.32	0.05	1432
mplight	TRAIN	183	229.2	0.6	-2.81	1.10	0.05	1433
mplight	TEST	183	238.2	100.0	-3.10	1.21	0.05	1423
mplight	TRAIN	184	253.5	0.6	-3.59	1.39	0.05	1436
mplight	TEST	184	220.7	100.0	-2.49	0.98	0.05	1439
mplight	TRAIN	185	242.9	0.6	-3.23	1.25	0.05	1440
mplight	TEST	185	214.5	100.0	-2.31	0.91	0.04	1436
mplight	TRAIN	186	301.1	0.6	-6.65	2.54	0.05	1324
mplight	TEST	186	245.2	100.0	-3.98	1.53	0.05	1395
mplight	TRAIN	187	230.9	0.6	-5.76	2.20	0.05	1328
mplight	TEST	187	236.8	100.0	-3.37	1.31	0.05	1414
mplight	TRAIN	188	233.1	0.6	-3.02	1.18	0.04	1424
mplight	TEST	188	219.8	100.0	-2.52	0.98	0.04	1424
mplight	TRAIN	189	245.9	0.6	-3.96	1.53	0.05	1408
mplight	TEST	189	236.0	100.0	-3.57	1.38	0.05	1407
mplight	TRAIN	190	219.8	0.6	-2.46	0.97	0.04	1438
mplight	TEST	190	224.8	100.0	-2.64	1.03	0.04	1430
mplight	TRAIN	191	267.0	0.6	-6.28	2.40	0.05	1344
mplight	TEST	191	209.7	100.0	-2.10	0.83	0.04	1446
mplight	TRAIN	192	213.4	0.7	-2.24	0.88	0.04	1440
mplight	TEST	192	213.8	100.0	-2.24	0.88	0.04	1433
mplight	TRAIN	193	234.9	0.6	-3.02	1.17	0.05	1429
mplight	TEST	193	251.1	100.0	-3.77	1.46	0.05	1420
mplight	TRAIN	194	239.0	0.6	-3.11	1.20	0.04	1441
mplight	TEST	194	212.6	100.0	-2.20	0.87	0.04	1440
mplight	TRAIN	195	227.0	0.7	-2.66	1.04	0.04	1442
mplight	TEST	195	248.6	100.0	-5.81	2.22	0.05	1322
mplight	TRAIN	196	225.8	0.5	-2.68	1.05	0.04	1429
mplight	TEST	196	219.0	100.0	-2.41	0.95	0.04	1442
mplight	TRAIN	197	235.8	0.5	-3.34	1.29	0.04	1415
mplight	TEST	197	250.4	100.0	-6.22	2.37	0.05	1319
mplight	TRAIN	198	237.1	0.6	-3.72	1.44	0.05	1387
mplight	TEST	198	219.6	100.0	-2.67	1.04	0.04	1416
mplight	TRAIN	199	267.3	0.6	-5.09	1.95	0.05	1400
mplight	TEST	199	244.2	100.0	-4.33	1.67	0.05	1371
