presslight	TRAIN	0	213.0	0.0	-4.41	5.65	0.04	676
presslight	HELDOUT	0	404.5	100.0	-64.52	9.88	0.10	282
presslight	HELDOUT	0	379.5	100.0	-62.22	9.59	0.10	329
presslight	HELDOUT	0	413.3	100.0	-60.21	9.77	0.10	324
presslight	HELDOUT_MEAN	0	399.1	100.0	0.00	0.00	0.00	0
presslight	TRAIN	1	221.3	0.0	-4.04	5.73	0.05	716
presslight	TRAIN	2	208.7	0.0	-5.04	5.66	0.05	729
presslight	TRAIN	3	220.1	0.0	-5.61	5.81	0.05	778
presslight	TRAIN	4	209.3	0.0	-4.05	5.64	0.04	688
presslight	TRAIN	5	247.3	0.8	-8.46	6.37	0.06	625
presslight	TRAIN	6	340.5	1.0	-10.65	7.40	0.09	571
presslight	TRAIN	7	300.3	1.4	-15.66	6.91	0.08	629
presslight	TRAIN	8	296.2	1.7	-16.16	6.93	0.07	648
presslight	TRAIN	9	268.1	1.9	-5.49	6.64	0.07	612
presslight	TRAIN	10	242.4	2.1	-5.91	5.87	0.06	670
presslight	HELDOUT	10	270.1	100.0	-11.06	6.96	0.08	564
presslight	HELDOUT	10	279.9	100.0	-7.93	6.72	0.07	643
presslight	HELDOUT	10	260.4	100.0	-12.91	6.60	0.07	604
presslight	HELDOUT_MEAN	10	270.2	100.0	0.00	0.00	0.00	0
presslight	TRAIN	11	229.4	2.1	-4.56	5.89	0.06	684
presslight	TRAIN	12	217.9	1.9	-5.54	5.78	0.05	715
presslight	TRAIN	13	224.9	1.8	-5.14	5.82	0.05	779
presslight	TRAIN	14	207.3	1.6	-4.10	5.62	0.05	689
presslight	TRAIN	15	217.9	1.6	-4.42	5.69	0.05	727
presslight	TRAIN	16	207.2	1.5	-4.33	5.63	0.05	720
presslight	TRAIN	17	203.3	1.4	-4.47	5.59	0.05	746
presslight	TRAIN	18	201.2	1.4	-4.75	5.60	0.04	753
presslight	TRAIN	19	207.6	1.3	-3.61	5.61	0.05	718
presslight	TRAIN	20	200.1	1.3	-3.57	5.54	0.04	681
presslight	HELDOUT	20	204.2	100.0	-4.40	5.59	0.05	719
presslight	HELDOUT	20	212.2	100.0	-4.90	5.66	0.05	756
presslight	HELDOUT	20	206.6	100.0	-4.56	5.65	0.05	730
presslight	HELDOUT_MEAN	20	207.6	100.0	0.00	0.00	0.00	0
presslight	TRAIN	21	199.1	1.3	-3.71	5.55	0.04	719
presslight	TRAIN	22	209.5	1.3	-3.58	5.66	0.05	736
presslight	TRAIN	23	199.2	1.2	-4.25	5.59	0.05	779
presslight	TRAIN	24	199.2	1.2	-3.69	5.54	0.04	689
presslight	TRAIN	25	201.0	1.2	-3.72	5.77	0.05	698
presslight	TRAIN	26	216.7	1.3	-3.78	5.73	0.05	724
presslight	TRAIN	27	196.3	1.3	-3.86	5.56	0.04	750
presslight	TRAIN	28	197.3	1.3	-4.73	5.57	0.04	756
presslight	TRAIN	29	206.2	1.3	-4.33	5.59	0.05	727
presslight	TRAIN	30	200.1	1.3	-3.70	5.54	0.04	684
presslight	HELDOUT	30	198.2	100.0	-4.19	5.52	0.04	722
presslight	HELDOUT	30	196.0	100.0	-4.22	5.53	0.04	757
presslight	HELDOUT	30	203.0	100.0	-4.22	5.58	0.04	733
presslight	HELDOUT_MEAN	30	199.1	100.0	0.00	0.00	0.00	0
presslight	TRAIN	31	206.4	1.3	-4.42	5.59	0.05	715
presslight	TRAIN	32	201.3	1.3	-3.85	5.58	0.04	740
presslight	TRAIN	33	199.1	1.2	-4.04	5.60	0.05	783
presslight	TRAIN	34	201.0	1.2	-3.54	5.54	0.04	700
presslight	TRAIN	35	199.2	1.1	-3.56	5.57	0.05	740
presslight	TRAIN	36	199.5	1.0	-3.76	5.55	0.04	731
presslight	TRAIN	37	196.8	0.9	-3.84	5.57	0.04	748
presslight	TRAIN	38	192.7	0.8	-3.85	5.54	0.04	760
presslight	TRAIN	39	197.4	0.8	-3.84	5.54	0.04	722
presslight	TRAIN	40	197.0	0.8	-3.51	5.54	0.04	672
presslight	HELDOUT	40	198.5	100.0	-3.96	5.54	0.04	720
presslight	HELDOUT	40	196.0	100.0	-4.02	5.54	0.04	755
presslight	HELDOUT	40	195.9	100.0	-3.77	5.54	0.04	733
presslight	HELDOUT_MEAN	40	196.8	100.0	0.00	0.00	0.00	0
presslight	TRAIN	41	195.8	0.8	-3.50	5.52	0.04	722
presslight	TRAIN	42	191.5	0.7	-3.42	5.50	0.04	739
presslight	TRAIN	43	196.1	0.7	-3.88	5.57	0.04	786
presslight	TRAIN	44	194.5	0.7	-3.14	5.50	0.04	695
presslight	TRAIN	45	195.2	0.7	-3.34	5.53	0.04	737
presslight	TRAIN	46	192.3	0.7	-3.42	5.50	0.04	729
presslight	TRAIN	47	194.5	0.7	-3.93	5.51	0.04	751
presslight	TRAIN	48	190.3	0.8	-4.07	5.50	0.04	758
presslight	TRAIN	49	195.7	0.7	-3.74	5.52	0.04	725
presslight	TRAIN	50	190.9	0.7	-3.33	5.45	0.04	681
presslight	HELDOUT	50	193.9	100.0	-3.94	5.48	0.04	719
presslight	HELDOUT	50	193.9	100.0	-4.04	5.51	0.04	756
presslight	HELDOUT	50	189.1	100.0	-4.00	5.49	0.04	736
presslight	HELDOUT_MEAN	50	192.3	100.0	0.00	0.00	0.00	0
presslight	TRAIN	51	191.3	0.7	-3.35	5.48	0.04	720
presslight	TRAIN	52	193.1	0.7	-3.52	5.50	0.04	737
presslight	TRAIN	53	193.2	0.7	-3.97	5.53	0.04	782
presslight	TRAIN	54	193.6	0.6	-3.15	5.48	0.04	696
presslight	TRAIN	55	193.6	0.6	-3.49	5.50	0.04	740
presslight	TRAIN	56	195.2	0.6	-3.35	5.51	0.04	733
presslight	TRAIN	57	192.3	0.6	-3.86	5.52	0.04	748
presslight	TRAIN	58	189.8	0.6	-3.72	5.48	0.04	764
presslight	TRAIN	59	195.9	0.6	-3.52	5.51	0.04	721
presslight	TRAIN	60	189.5	0.6	-3.25	5.45	0.04	692
presslight	HELDOUT	60	193.1	100.0	-3.78	5.51	0.04	726
presslight	HELDOUT	60	190.0	100.0	-3.55	5.49	0.04	758
presslight	HELDOUT	60	193.0	100.0	-3.87	5.50	0.04	733
presslight	HELDOUT_MEAN	60	192.0	100.0	0.00	0.00	0.00	0
presslight	TRAIN	61	192.8	0.5	-3.36	5.50	0.04	721
presslight	TRAIN	62	192.3	0.5	-3.27	5.53	0.04	735
presslight	TRAIN	63	193.4	0.5	-3.67	5.54	0.04	789
presslight	TRAIN	64	190.8	0.5	-2.98	5.47	0.04	696
presslight	TRAIN	65	192.0	0.5	-3.23	5.50	0.04	733
presslight	TRAIN	66	192.5	0.5	-3.22	5.49	0.04	734
presslight	TRAIN	67	189.4	0.5	-3.72	5.49	0.04	752
presslight	TRAIN	68	188.6	0.5	-3.72	5.49	0.04	758
presslight	TRAIN	69	192.5	0.5	-3.32	5.51	0.04	720
presslight	TRAIN	70	188.1	0.5	-3.11	5.45	0.04	686
presslight	HELDOUT	70	190.8	100.0	-3.53	5.49	0.04	720
presslight	HELDOUT	70	192.7	100.0	-3.68	5.48	0.04	757
presslight	HELDOUT	70	190.4	100.0	-3.75	5.49	0.04	736
presslight	HELDOUT_MEAN	70	191.3	100.0	0.00	0.00	0.00	0
presslight	TRAIN	71	188.9	0.5	-3.10	5.45	0.04	723
presslight	TRAIN	72	192.5	0.5	-3.27	5.50	0.04	738
presslight	TRAIN	73	192.7	0.5	-3.74	5.53	0.04	790
presslight	TRAIN	74	188.0	0.5	-2.97	5.45	0.04	699
presslight	TRAIN	75	191.6	0.5	-3.14	5.50	0.04	737
presslight	TRAIN	76	192.4	0.5	-3.00	5.49	0.04	736
presslight	TRAIN	77	187.8	0.5	-3.84	5.50	0.04	744
presslight	TRAIN	78	188.9	0.5	-3.82	5.49	0.04	766
presslight	TRAIN	79	192.0	0.5	-3.40	5.50	0.04	724
presslight	TRAIN	80	191.1	0.5	-3.08	5.47	0.04	687
presslight	HELDOUT	80	189.9	100.0	-3.72	5.48	0.04	725
presslight	HELDOUT	80	188.9	100.0	-3.96	5.47	0.04	756
presslight	HELDOUT	80	188.4	100.0	-3.62	5.48	0.04	736
presslight	HELDOUT_MEAN	80	189.1	100.0	0.00	0.00	0.00	0
presslight	TRAIN	81	189.0	0.5	-3.02	5.45	0.04	725
presslight	TRAIN	82	188.6	0.5	-3.26	5.46	0.04	742
presslight	TRAIN	83	187.1	0.5	-3.55	5.49	0.04	791
presslight	TRAIN	84	190.8	0.5	-3.06	5.46	0.04	702
presslight	TRAIN	85	190.5	0.5	-3.11	5.47	0.04	739
presslight	TRAIN	86	191.5	0.5	-3.31	5.49	0.04	735
presslight	TRAIN	87	187.9	0.5	-3.72	5.48	0.04	752
presslight	TRAIN	88	188.2	0.5	-3.65	5.50	0.04	764
presslight	TRAIN	89	189.5	0.5	-3.35	5.46	0.04	726
presslight	TRAIN	90	187.1	0.5	-3.32	5.44	0.04	685
presslight	HELDOUT	90	188.0	100.0	-3.53	5.46	0.04	724
presslight	HELDOUT	90	188.3	100.0	-3.62	5.47	0.04	757
presslight	HELDOUT	90	187.5	100.0	-3.71	5.48	0.04	732
presslight	HELDOUT_MEAN	90	187.9	100.0	0.00	0.00	0.00	0
presslight	TRAIN	91	188.0	0.5	-3.02	5.46	0.04	723
presslight	TRAIN	92	189.1	0.5	-3.37	5.48	0.04	741
presslight	TRAIN	93	192.3	0.5	-3.90	5.55	0.04	789
presslight	TRAIN	94	188.3	0.5	-2.90	5.43	0.04	700
presslight	TRAIN	95	191.0	0.5	-3.17	5.47	0.04	744
presslight	TRAIN	96	189.5	0.5	-3.26	5.48	0.04	730
presslight	TRAIN	97	187.5	0.5	-3.48	5.48	0.04	750
presslight	TRAIN	98	189.3	0.5	-3.71	5.49	0.04	763
presslight	TRAIN	99	191.2	0.5	-3.40	5.49	0.04	723
presslight	TRAIN	100	186.0	0.5	-3.03	5.43	0.03	690
presslight	HELDOUT	100	187.0	100.0	-3.59	5.47	0.04	729
presslight	HELDOUT	100	188.0	100.0	-3.65	5.47	0.04	760
presslight	HELDOUT	100	189.4	100.0	-3.89	5.48	0.04	735
presslight	HELDOUT_MEAN	100	188.1	100.0	0.00	0.00	0.00	0
presslight	TRAIN	101	191.1	0.5	-3.09	5.47	0.04	716
presslight	TRAIN	102	187.7	0.5	-3.22	5.47	0.04	745
presslight	TRAIN	103	193.0	0.5	-3.78	5.56	0.04	790
presslight	TRAIN	104	187.2	0.5	-3.05	5.43	0.04	698
presslight	TRAIN	105	187.1	0.5	-3.05	5.45	0.04	740
presslight	TRAIN	106	189.6	0.5	-3.31	5.48	0.04	737
presslight	TRAIN	107	184.1	0.5	-3.52	5.46	0.04	750
presslight	TRAIN	108	185.8	0.5	-3.65	5.48	0.04	760
presslight	TRAIN	109	188.4	0.5	-3.43	5.46	0.04	722
presslight	TRAIN	110	188.7	0.5	-3.09	5.46	0.04	685
presslight	HELDOUT	110	189.8	100.0	-3.73	5.46	0.04	723
presslight	HELDOUT	110	191.1	100.0	-3.72	5.50	0.04	761
presslight	HELDOUT	110	191.1	100.0	-3.90	5.50	0.04	732
presslight	HELDOUT_MEAN	110	190.7	100.0	0.00	0.00	0.00	0
presslight	HELDOUT	500	191.0	100.0	-4.02	5.49	0.04	726
presslight	HELDOUT	500	191.1	100.0	-4.19	5.50	0.04	758
presslight	HELDOUT	500	188.9	100.0	-3.65	5.47	0.04	735
presslight	HELDOUT_MEAN	500	190.3	100.0	0.00	0.00	0.00	0
