step:3600/3600, q_loss:0, rewards:-87.45528428819445, queue:4.006349206349206, delay:0.222121740270544, throughput:3859
episode:0/200, real avg travel time:333.30007774034726
Test step:0/200, travel time :779.6212804328223, rewards:-248.76085069444446, queue:16.60952380952381, delay:0.46323358444940477, throughput:1109
New best test ATT=779.6213 at episode 0 (saved model/best_*.pt)
step:3600/3600, q_loss:0, rewards:-86.52498914930555, queue:4.060185185185185, delay:0.22042078088831019, throughput:3934
episode:1/200, real avg travel time:325.24707676664974
Test step:1/200, travel time :779.6212804328223, rewards:-248.76085069444446, queue:16.60952380952381, delay:0.46323358444940477, throughput:1109
step:3600/3600, q_loss:19.061988830566406, rewards:-105.79861111111111, queue:4.955952380952381, delay:0.24161575559585813, throughput:3587
episode:2/200, real avg travel time:328.183997769724
Test step:2/200, travel time :589.4872749844817, rewards:-182.93914930555556, queue:10.601851851851851, delay:0.36068948412698415, throughput:1611
New best test ATT=589.4873 at episode 2 (saved model/best_*.pt)
step:3600/3600, q_loss:21.460693359375, rewards:-192.84722222222223, queue:10.371031746031745, delay:0.32724480200066136, throughput:1879
episode:3/200, real avg travel time:602.0659925492283
Test step:3/200, travel time :548.7755227552276, rewards:-101.66749131944445, queue:6.999206349206349, delay:0.30737785864128636, throughput:1626
New best test ATT=548.7755 at episode 3 (saved model/best_*.pt)
step:3600/3600, q_loss:51.027687072753906, rewards:-104.18722873263889, queue:5.639021164021164, delay:0.2514637942036624, throughput:2048
episode:4/200, real avg travel time:634.3642578125
Test step:4/200, travel time :321.23993453355155, rewards:-111.77913411458333, queue:6.514153439153439, delay:0.2080931163969494, throughput:3055
New best test ATT=321.2399 at episode 4 (saved model/best_*.pt)
step:3600/3600, q_loss:64.7181625366211, rewards:-58.717220052083334, queue:3.3853174603174603, delay:0.1983235031208664, throughput:3567
episode:5/200, real avg travel time:337.98906644238855
Test step:5/200, travel time :341.8209339774557, rewards:-72.36305338541666, queue:4.266137566137566, delay:0.20621079540757276, throughput:3105
step:3600/3600, q_loss:65.1116714477539, rewards:-41.37888454861111, queue:2.4362433862433863, delay:0.1851462066488922, throughput:3677
episode:6/200, real avg travel time:302.27386456350285
Test step:6/200, travel time :317.0403602401601, rewards:-62.07222764756944, queue:4.373412698412698, delay:0.22893935107680224, throughput:2998
New best test ATT=317.0404 at episode 6 (saved model/best_*.pt)
step:3600/3600, q_loss:62.627166748046875, rewards:-38.88917643229167, queue:2.119708994708995, delay:0.18094961983816965, throughput:3772
episode:7/200, real avg travel time:336.48064687168613
Test step:7/200, travel time :309.0060504201681, rewards:-45.10167643229167, queue:2.9851851851851854, delay:0.20077580850591104, throughput:2975
New best test ATT=309.0061 at episode 7 (saved model/best_*.pt)
step:3600/3600, q_loss:57.87040328979492, rewards:-50.686664496527776, queue:3.24021164021164, delay:0.19925755092075892, throughput:3379
episode:8/200, real avg travel time:366.0893755548979
Test step:8/200, travel time :355.0015552099533, rewards:-62.613346354166666, queue:4.231216931216931, delay:0.22395918911727017, throughput:3215
step:3600/3600, q_loss:52.653446197509766, rewards:-35.199717881944444, queue:2.03994708994709, delay:0.16931266986503804, throughput:3740
episode:9/200, real avg travel time:349.9227272727273
Test step:9/200, travel time :340.48252969951085, rewards:-57.13444552951389, queue:4.232804232804233, delay:0.2089488357463211, throughput:2862
step:3600/3600, q_loss:48.90006637573242, rewards:-36.303607855902776, queue:1.6939153439153438, delay:0.1586435630838707, throughput:3804
episode:10/200, real avg travel time:338.99053627760253
Test step:10/200, travel time :335.7994342291372, rewards:-40.729182942708334, queue:2.596296296296296, delay:0.17719393937045305, throughput:3535
step:3600/3600, q_loss:44.08891296386719, rewards:-34.104999457465276, queue:1.2284391534391534, delay:0.12173499859199322, throughput:3946
episode:11/200, real avg travel time:251.9614799797263
Test step:11/200, travel time :279.21351351351353, rewards:-39.50777994791667, queue:1.639021164021164, delay:0.14857208413421794, throughput:3700
New best test ATT=279.2135 at episode 11 (saved model/best_*.pt)
step:3600/3600, q_loss:40.65165710449219, rewards:-32.76916775173611, queue:1.091005291005291, delay:0.11567206811652612, throughput:3989
episode:12/200, real avg travel time:229.63173727751317
Test step:12/200, travel time :239.0218592964824, rewards:-32.64555392795139, queue:1.0043650793650793, delay:0.1129313312510334, throughput:3980
New best test ATT=239.0219 at episode 12 (saved model/best_*.pt)
step:3600/3600, q_loss:37.190643310546875, rewards:-32.678333875868056, queue:1.0244708994708995, delay:0.11732143018611524, throughput:4044
episode:13/200, real avg travel time:250.51854599406528
Test step:13/200, travel time :230.01323853885756, rewards:-36.26222330729167, queue:1.2119047619047618, delay:0.12433992416139633, throughput:4079
New best test ATT=230.0132 at episode 13 (saved model/best_*.pt)
step:3600/3600, q_loss:35.5228385925293, rewards:-34.08555501302083, queue:1.1144179894179893, delay:0.12106571096591849, throughput:4009
episode:14/200, real avg travel time:272.1494138189075
Test step:14/200, travel time :225.83564700049578, rewards:-31.070551215277778, queue:0.9082010582010582, delay:0.11059128695694857, throughput:4034
New best test ATT=225.8356 at episode 14 (saved model/best_*.pt)
step:3600/3600, q_loss:33.31626892089844, rewards:-39.037776692708334, queue:1.3617724867724867, delay:0.12428206993789269, throughput:3834
episode:15/200, real avg travel time:281.2157016171101
Test step:15/200, travel time :217.6650908186116, rewards:-30.565275065104167, queue:0.9415343915343916, delay:0.11761591674158813, throughput:4019
New best test ATT=217.6651 at episode 15 (saved model/best_*.pt)
step:3600/3600, q_loss:31.889591217041016, rewards:-44.336669921875, queue:1.6224867724867724, delay:0.13594722041377313, throughput:3792
episode:16/200, real avg travel time:310.53322784810126
Test step:16/200, travel time :382.3264722698685, rewards:-25.813894314236112, queue:1.627910052910053, delay:0.1508971683562748, throughput:3498
step:3600/3600, q_loss:31.305959701538086, rewards:-35.866389973958334, queue:1.3223544973544974, delay:0.13011183158430473, throughput:3853
episode:17/200, real avg travel time:307.74046197767973
Test step:17/200, travel time :271.40605296343, rewards:-34.08638780381944, queue:1.0667989417989419, delay:0.12107187099557705, throughput:3965
step:3600/3600, q_loss:29.13928985595703, rewards:-34.12361111111111, queue:1.2066137566137567, delay:0.1288168851660673, throughput:3983
episode:18/200, real avg travel time:280.3894049711273
Test step:18/200, travel time :301.8161044613711, rewards:-36.325556098090274, queue:1.385978835978836, delay:0.13618306154927248, throughput:3676
step:3600/3600, q_loss:23.797821044921875, rewards:-32.420003255208336, queue:1.0623015873015873, delay:0.11662684849330357, throughput:4002
episode:19/200, real avg travel time:260.26136931534234
Test step:19/200, travel time :245.39316239316238, rewards:-30.96055230034722, queue:0.9681216931216932, delay:0.11040985268890542, throughput:3861
step:3600/3600, q_loss:20.14932632446289, rewards:-32.97361111111111, queue:1.0544973544973546, delay:0.11203159554294809, throughput:3928
episode:20/200, real avg travel time:245.28207739307535
Test step:20/200, travel time :336.008681041725, rewards:-38.98944227430555, queue:1.5702380952380952, delay:0.1312722019417576, throughput:3571
step:3600/3600, q_loss:17.573511123657227, rewards:-30.911385091145835, queue:0.9502645502645503, delay:0.11068058720341435, throughput:4033
episode:21/200, real avg travel time:224.7830399206546
Test step:21/200, travel time :256.6722391084093, rewards:-34.80194769965278, queue:1.1396825396825396, delay:0.1166268646401703, throughput:3948
step:3600/3600, q_loss:15.807044982910156, rewards:-34.37611219618056, queue:1.1371693121693123, delay:0.1144187644675926, throughput:3915
episode:22/200, real avg travel time:234.30983397190295
Test step:22/200, travel time :214.5080068982508, rewards:-29.586111111111112, queue:0.8748677248677249, delay:0.10791160139457259, throughput:4059
New best test ATT=214.5080 at episode 22 (saved model/best_*.pt)
step:3600/3600, q_loss:13.335164070129395, rewards:-38.64722493489583, queue:1.3531746031746033, delay:0.12799198211185517, throughput:3705
episode:23/200, real avg travel time:263.31821862348176
Test step:23/200, travel time :232.63563962170235, rewards:-29.88889431423611, queue:0.8857142857142857, delay:0.10469265892392113, throughput:4018
step:3600/3600, q_loss:12.213290214538574, rewards:-31.985552300347223, queue:0.9866402116402117, delay:0.10918432972418568, throughput:4035
episode:24/200, real avg travel time:249.04039653035935
Test step:24/200, travel time :220.8777614138439, rewards:-28.396110026041665, queue:0.8161375661375662, delay:0.1008424062577505, throughput:4074
step:3600/3600, q_loss:11.870984077453613, rewards:-29.16166720920139, queue:0.8395502645502646, delay:0.1034954898571842, throughput:4047
episode:25/200, real avg travel time:224.25080306399803
Test step:25/200, travel time :231.6139825218477, rewards:-29.884166124131944, queue:0.8662698412698413, delay:0.10602567965391452, throughput:4005
step:3600/3600, q_loss:10.58619213104248, rewards:-31.559163411458332, queue:0.9525132275132275, delay:0.10795889556723297, throughput:4065
episode:26/200, real avg travel time:235.96580565805658
Test step:26/200, travel time :242.6987679155142, rewards:-31.678331163194443, queue:0.992989417989418, delay:0.11522044832744295, throughput:3977
step:3600/3600, q_loss:11.632275581359863, rewards:-32.016943359375, queue:0.9822751322751323, delay:0.10829971555679563, throughput:4013
episode:27/200, real avg travel time:225.86369299775728
Test step:27/200, travel time :258.09375, rewards:-36.75305447048611, queue:1.2358465608465607, delay:0.12418119238797949, throughput:3872
step:3600/3600, q_loss:11.992175102233887, rewards:-30.278889973958332, queue:0.8948412698412699, delay:0.10838640001085069, throughput:4008
episode:28/200, real avg travel time:240.16716566866268
Test step:28/200, travel time :223.8060712493728, rewards:-35.37805447048611, queue:1.1283068783068784, delay:0.11308141637731481, throughput:3986
step:3600/3600, q_loss:11.807692527770996, rewards:-33.46250271267361, queue:1.0587301587301587, delay:0.11226874457465277, throughput:3972
episode:29/200, real avg travel time:232.23338368580062
Test step:29/200, travel time :330.4493515597617, rewards:-62.21749674479167, queue:3.923941798941799, delay:0.17668406975963127, throughput:2853
step:3600/3600, q_loss:12.15689468383789, rewards:-37.831949869791664, queue:1.3705026455026454, delay:0.1271164586304357, throughput:3846
episode:30/200, real avg travel time:286.24284971398856
Test step:30/200, travel time :225.2122699386503, rewards:-28.668611653645833, queue:0.807010582010582, delay:0.10245719788566468, throughput:4075
step:3600/3600, q_loss:12.328791618347168, rewards:-32.499164496527776, queue:1.032010582010582, delay:0.11471334790426588, throughput:3967
episode:31/200, real avg travel time:265.5578522813209
Test step:31/200, travel time :226.10385681875474, rewards:-32.858056640625, queue:1.053042328042328, delay:0.11472095307849703, throughput:3967
step:3600/3600, q_loss:12.131210327148438, rewards:-31.690839301215277, queue:0.9494708994708995, delay:0.1132488109447338, throughput:3961
episode:32/200, real avg travel time:244.05402676091896
Test step:32/200, travel time :282.0429648241206, rewards:-33.276394314236114, queue:1.040873015873016, delay:0.1136261712937128, throughput:3980
step:3600/3600, q_loss:11.822986602783203, rewards:-33.837505425347224, queue:1.073015873015873, delay:0.11112196987898892, throughput:4016
episode:33/200, real avg travel time:248.97086653386455
Test step:33/200, travel time :228.4838792221085, rewards:-30.856111653645833, queue:0.9465608465608466, delay:0.10545485562117642, throughput:3908
step:3600/3600, q_loss:12.283843994140625, rewards:-30.463335503472223, queue:0.8753968253968254, delay:0.10732935345362103, throughput:4008
episode:34/200, real avg travel time:251.375748502994
Test step:34/200, travel time :280.2332227609084, rewards:-34.65861273871528, queue:1.1228835978835978, delay:0.12165235085462137, throughput:3919
step:3600/3600, q_loss:12.98190689086914, rewards:-31.899169921875, queue:0.9634920634920635, delay:0.10608202414537864, throughput:3978
episode:35/200, real avg travel time:245.10960281548518
Test step:35/200, travel time :290.4195183776933, rewards:-33.401936848958336, queue:1.0182539682539682, delay:0.11323188902839781, throughput:3945
step:3600/3600, q_loss:13.663911819458008, rewards:-29.986113823784724, queue:0.8760582010582011, delay:0.10756768928003059, throughput:4028
episode:36/200, real avg travel time:221.3771102284012
Test step:36/200, travel time :215.75734386571216, rewards:-30.59194607204861, queue:0.8935185185185185, delay:0.10448170818349041, throughput:4051
step:3600/3600, q_loss:12.706231117248535, rewards:-28.954722764756944, queue:0.801984126984127, delay:0.10253253109240658, throughput:4049
episode:37/200, real avg travel time:225.3578661397876
Test step:37/200, travel time :259.07466870540264, rewards:-43.17499457465278, queue:1.5833333333333333, delay:0.14009191119481648, throughput:3924
step:3600/3600, q_loss:12.184038162231445, rewards:-28.904448784722224, queue:0.805952380952381, delay:0.10086537517567791, throughput:4028
episode:38/200, real avg travel time:218.01638530287985
Test step:38/200, travel time :274.8671875, rewards:-34.96916775173611, queue:1.0921957671957672, delay:0.1179494302739542, throughput:3840
step:3600/3600, q_loss:12.559125900268555, rewards:-28.826947699652777, queue:0.8084656084656084, delay:0.10256336353443286, throughput:3998
episode:39/200, real avg travel time:223.46948474237118
Test step:39/200, travel time :276.20383887537173, rewards:-46.18805881076389, queue:1.6834656084656086, delay:0.1310948851247313, throughput:3699
step:3600/3600, q_loss:12.585722923278809, rewards:-30.845003255208333, queue:0.9226190476190477, delay:0.10776459224640376, throughput:4021
episode:40/200, real avg travel time:262.45610544640635
Test step:40/200, travel time :207.8955704033655, rewards:-27.915277777777778, queue:0.7509259259259259, delay:0.09848778134300595, throughput:4041
New best test ATT=207.8956 at episode 40 (saved model/best_*.pt)
step:3600/3600, q_loss:12.44304084777832, rewards:-28.243611653645832, queue:0.7794973544973545, delay:0.10357066966869213, throughput:4043
episode:41/200, real avg travel time:216.11377689834282
Test step:41/200, travel time :224.58320914058618, rewards:-30.091943359375, queue:0.8830687830687831, delay:0.10605027940538195, throughput:4026
step:3600/3600, q_loss:11.43873119354248, rewards:-30.561661783854166, queue:0.932936507936508, delay:0.10759458188657407, throughput:3914
episode:42/200, real avg travel time:236.73479816044966
Test step:42/200, travel time :337.4146689497717, rewards:-49.38805338541667, queue:1.9978835978835978, delay:0.14693262816736938, throughput:3504
step:3600/3600, q_loss:11.432886123657227, rewards:-30.41889105902778, queue:0.9197089947089947, delay:0.10487530420696925, throughput:4039
episode:43/200, real avg travel time:221.53701411240405
Test step:43/200, travel time :215.23406349987692, rewards:-28.325282118055554, queue:0.7883597883597884, delay:0.1044434078156002, throughput:4063
step:3600/3600, q_loss:10.823506355285645, rewards:-31.189165581597223, queue:0.9857142857142858, delay:0.10828303584346065, throughput:4027
episode:44/200, real avg travel time:260.6218028308915
Test step:44/200, travel time :222.56489675516224, rewards:-28.45722927517361, queue:0.7923280423280423, delay:0.09927891322544642, throughput:4068
step:3600/3600, q_loss:10.006882667541504, rewards:-31.509171549479166, queue:0.9611111111111111, delay:0.10894276452442957, throughput:4027
episode:45/200, real avg travel time:252.38614353116463
Test step:45/200, travel time :215.4037082818294, rewards:-28.78444281684028, queue:0.8128306878306878, delay:0.09953167627728175, throughput:4045
step:3600/3600, q_loss:9.762970924377441, rewards:-29.23805881076389, queue:0.8248677248677249, delay:0.10255159246858465, throughput:4019
episode:46/200, real avg travel time:231.17815376959442
Test step:46/200, travel time :239.57481108312342, rewards:-29.732777235243056, queue:0.8947089947089947, delay:0.10404465286820024, throughput:3970
step:3600/3600, q_loss:9.218297004699707, rewards:-33.1375, queue:1.0367724867724868, delay:0.11401024066581927, throughput:3970
episode:47/200, real avg travel time:283.3889168765743
Test step:47/200, travel time :227.5890748031496, rewards:-28.853887261284722, queue:0.8115079365079365, delay:0.09978279234871032, throughput:4064
step:3600/3600, q_loss:8.95523738861084, rewards:-31.823057725694444, queue:0.9798941798941799, delay:0.10664897293010087, throughput:3920
episode:48/200, real avg travel time:243.1420918367347
Test step:48/200, travel time :263.01691065118627, rewards:-31.73361545138889, queue:0.980026455026455, delay:0.11170455690414187, throughput:3962
step:3600/3600, q_loss:8.466712951660156, rewards:-30.434166124131945, queue:0.8816137566137566, delay:0.10964582332227596, throughput:4016
episode:49/200, real avg travel time:254.6710657370518
Test step:49/200, travel time :232.81543274244004, rewards:-34.808612738715276, queue:1.1369047619047619, delay:0.11074513430317874, throughput:3836
step:3600/3600, q_loss:8.457283973693848, rewards:-31.278607855902777, queue:0.969047619047619, delay:0.11260650473296957, throughput:4060
episode:50/200, real avg travel time:256.44310344827585
Test step:50/200, travel time :232.73726881175577, rewards:-30.747493489583334, queue:0.9038359788359789, delay:0.10719147535858961, throughput:3947
step:3600/3600, q_loss:8.511801719665527, rewards:-31.428884548611112, queue:0.9515873015873015, delay:0.10803392198350695, throughput:4018
episode:51/200, real avg travel time:238.94698855151816
Test step:51/200, travel time :212.66048007918832, rewards:-28.323887803819446, queue:0.8041005291005291, delay:0.10306373071418237, throughput:4041
step:3600/3600, q_loss:8.81203842163086, rewards:-29.90861545138889, queue:0.8746031746031746, delay:0.10328795417906746, throughput:4081
episode:52/200, real avg travel time:222.8429306542514
Test step:52/200, travel time :222.26129032258063, rewards:-30.745833333333334, queue:0.8976190476190476, delay:0.10369026951058201, throughput:4030
step:3600/3600, q_loss:9.661675453186035, rewards:-32.93388671875, queue:1.0078042328042327, delay:0.10997865061280589, throughput:4077
episode:53/200, real avg travel time:252.26367427029678
Test step:53/200, travel time :216.60320987654322, rewards:-27.813604058159722, queue:0.7531746031746032, delay:0.0981038734395668, throughput:4050
step:3600/3600, q_loss:9.594550132751465, rewards:-30.91750759548611, queue:0.9104497354497354, delay:0.10547648434916501, throughput:4011
episode:54/200, real avg travel time:231.91672899526301
Test step:54/200, travel time :234.96432964329642, rewards:-31.07139214409722, queue:0.9414021164021164, delay:0.1013355396412037, throughput:4065
step:3600/3600, q_loss:8.849981307983398, rewards:-28.21055230034722, queue:0.8026455026455026, delay:0.1024248718584656, throughput:4022
episode:55/200, real avg travel time:221.4838388861263
Test step:55/200, travel time :215.15687238750922, rewards:-28.1808349609375, queue:0.7755291005291005, delay:0.09807288760230655, throughput:4067
step:3600/3600, q_loss:8.938318252563477, rewards:-29.03944769965278, queue:0.8185185185185185, delay:0.10129570532097387, throughput:4066
episode:56/200, real avg travel time:228.9149040826365
Test step:56/200, travel time :230.75972427375677, rewards:-28.90000271267361, queue:0.792063492063492, delay:0.0998291257828001, throughput:4062
step:3600/3600, q_loss:8.850430488586426, rewards:-28.374997287326387, queue:0.7904761904761904, delay:0.09799376795531581, throughput:4039
episode:57/200, real avg travel time:218.72270363951472
Test step:57/200, travel time :216.52730933803173, rewards:-29.179454210069444, queue:0.8451058201058201, delay:0.1022362926018932, throughput:3973
step:3600/3600, q_loss:8.635368347167969, rewards:-30.010557725694444, queue:0.8851851851851852, delay:0.10453103686135913, throughput:4059
episode:58/200, real avg travel time:236.27864005912787
Test step:58/200, travel time :301.23108594956256, rewards:-39.745279947916664, queue:1.3388888888888888, delay:0.11087312244233631, throughput:3886
step:3600/3600, q_loss:8.8333101272583, rewards:-27.779448784722224, queue:0.758994708994709, delay:0.09742388044084821, throughput:4057
episode:59/200, real avg travel time:215.6955878728124
Test step:59/200, travel time :218.82187036120732, rewards:-28.00722113715278, queue:0.7812169312169313, delay:0.09881050069496114, throughput:4042
step:3600/3600, q_loss:8.514738082885742, rewards:-36.69472384982639, queue:1.2366402116402115, delay:0.1140382312593006, throughput:4053
episode:60/200, real avg travel time:261.1951640759931
Test step:60/200, travel time :235.72167243938645, rewards:-29.216666666666665, queue:0.8575396825396825, delay:0.10045656880373677, throughput:4042
step:3600/3600, q_loss:9.420428276062012, rewards:-30.81471896701389, queue:0.9365079365079365, delay:0.10672028556702629, throughput:4057
episode:61/200, real avg travel time:244.94503327581958
Test step:61/200, travel time :253.53288822947576, rewards:-32.9897216796875, queue:1.0284391534391535, delay:0.10535099090091767, throughput:4044
step:3600/3600, q_loss:10.43309497833252, rewards:-28.116666666666667, queue:0.7645502645502645, delay:0.09780709402901785, throughput:4079
episode:62/200, real avg travel time:233.23461632753126
Test step:62/200, travel time :215.3689296333003, rewards:-27.748616536458332, queue:0.7664021164021164, delay:0.09397913211237185, throughput:4036
step:3600/3600, q_loss:11.060503005981445, rewards:-33.24860568576389, queue:1.0535714285714286, delay:0.10940113370380704, throughput:3993
episode:63/200, real avg travel time:275.58727773603806
Test step:63/200, travel time :273.35471306154244, rewards:-33.70916883680555, queue:1.1203703703703705, delay:0.11525917658730159, throughput:3851
step:3600/3600, q_loss:10.610954284667969, rewards:-31.720274522569444, queue:0.9447089947089947, delay:0.1033560939566799, throughput:4030
episode:64/200, real avg travel time:246.67071960297767
Test step:64/200, travel time :239.30837563451777, rewards:-31.503336588541668, queue:0.9768518518518519, delay:0.10151455995267031, throughput:3940
step:3600/3600, q_loss:10.489995956420898, rewards:-29.11611056857639, queue:0.8130952380952381, delay:0.10070569881055721, throughput:3998
episode:65/200, real avg travel time:240.91745872936468
Test step:65/200, travel time :220.58762886597938, rewards:-27.929448784722222, queue:0.7530423280423281, delay:0.09375699966672867, throughput:4074
step:3600/3600, q_loss:10.473098754882812, rewards:-27.46250542534722, queue:0.7332010582010582, delay:0.09555380684988839, throughput:4040
episode:66/200, real avg travel time:215.1319306930693
Test step:66/200, travel time :224.13411006445216, rewards:-28.446668836805557, queue:0.7685185185185185, delay:0.09629805630477017, throughput:4034
step:3600/3600, q_loss:9.5902681350708, rewards:-32.981944444444444, queue:1.0542328042328042, delay:0.1079548023365162, throughput:3724
episode:67/200, real avg travel time:237.6047261009667
Test step:67/200, travel time :229.61573033707865, rewards:-28.72805447048611, queue:0.7928571428571428, delay:0.09512921691571594, throughput:4005
step:3600/3600, q_loss:8.815922737121582, rewards:-28.929720052083333, queue:0.8308201058201058, delay:0.10035694263599537, throughput:4031
episode:68/200, real avg travel time:233.74026296204417
Test step:68/200, travel time :244.85749875435974, rewards:-31.52777777777778, queue:0.9428571428571428, delay:0.10431793051421957, throughput:4014
step:3600/3600, q_loss:9.089550018310547, rewards:-31.642781575520832, queue:0.9527777777777777, delay:0.10826273115854415, throughput:4002
episode:69/200, real avg travel time:266.8980509745127
Test step:69/200, travel time :228.98527576740705, rewards:-29.278892686631945, queue:0.8181216931216931, delay:0.1017446205098793, throughput:4007
step:3600/3600, q_loss:9.634934425354004, rewards:-27.868055555555557, queue:0.7616402116402117, delay:0.09743490875082672, throughput:4040
episode:70/200, real avg travel time:219.78886138613862
Test step:70/200, travel time :244.03579418344518, rewards:-31.037505425347224, queue:0.908994708994709, delay:0.10039185216187169, throughput:4023
step:3600/3600, q_loss:9.305526733398438, rewards:-28.691946072048612, queue:0.8013227513227513, delay:0.09924825032552083, throughput:4021
episode:71/200, real avg travel time:238.2770455110669
Test step:71/200, travel time :243.37824351297405, rewards:-30.259722222222223, queue:0.8706349206349207, delay:0.10071709042503721, throughput:4008
step:3600/3600, q_loss:9.644818305969238, rewards:-27.74916720920139, queue:0.7395502645502645, delay:0.09757299675512567, throughput:4055
episode:72/200, real avg travel time:215.75684340320592
Test step:72/200, travel time :227.74626121635094, rewards:-30.063330078125, queue:0.8731481481481481, delay:0.10028720431857639, throughput:4012
step:3600/3600, q_loss:9.641705513000488, rewards:-30.252501085069444, queue:0.8960317460317461, delay:0.10122511929305142, throughput:3929
episode:73/200, real avg travel time:244.6530923899211
Test step:73/200, travel time :221.16340193404415, rewards:-30.08250054253472, queue:0.8814814814814815, delay:0.10221596369667658, throughput:4033
step:3600/3600, q_loss:9.278321266174316, rewards:-33.270833333333336, queue:1.0313492063492065, delay:0.10582668566829943, throughput:3988
episode:74/200, real avg travel time:244.73019057171516
Test step:74/200, travel time :252.28335030549897, rewards:-36.14333224826389, queue:1.1817460317460318, delay:0.10925079830109127, throughput:3928
step:3600/3600, q_loss:9.366406440734863, rewards:-27.627501085069444, queue:0.7416666666666667, delay:0.09610350270750662, throughput:4053
episode:75/200, real avg travel time:214.30249198124847
Test step:75/200, travel time :231.28155100024696, rewards:-29.276668294270834, queue:0.8887566137566137, delay:0.10457336587249917, throughput:4049
step:3600/3600, q_loss:9.600265502929688, rewards:-28.27861056857639, queue:0.7771164021164021, delay:0.09741423268797536, throughput:4068
episode:76/200, real avg travel time:226.07694198623403
Test step:76/200, travel time :232.3331679483999, rewards:-29.80222439236111, queue:0.8935185185185185, delay:0.10668688577318948, throughput:4031
step:3600/3600, q_loss:9.25570011138916, rewards:-28.17778049045139, queue:0.796031746031746, delay:0.0973888740337715, throughput:4010
episode:77/200, real avg travel time:220.2069825436409
Test step:77/200, travel time :252.4814631735047, rewards:-35.305560980902776, queue:1.1457671957671958, delay:0.10066163401124338, throughput:4046
step:3600/3600, q_loss:8.896235466003418, rewards:-29.19111328125, queue:0.8388888888888889, delay:0.10151654601727844, throughput:4052
episode:78/200, real avg travel time:227.5360315893386
Test step:78/200, travel time :233.75604787369494, rewards:-29.734174262152777, queue:0.8886243386243386, delay:0.10424727989883019, throughput:3927
step:3600/3600, q_loss:7.964572906494141, rewards:-28.276947699652776, queue:0.8161375661375662, delay:0.09833899603949653, throughput:4056
episode:79/200, real avg travel time:224.00714990138067
Test step:79/200, travel time :223.7545499262174, rewards:-30.50082736545139, queue:0.9018518518518519, delay:0.1035491458953373, throughput:4066
step:3600/3600, q_loss:8.233525276184082, rewards:-29.248055013020835, queue:0.8551587301587301, delay:0.0983640882703993, throughput:4042
episode:80/200, real avg travel time:229.6833250865908
Test step:80/200, travel time :209.82823297137216, rewards:-26.940557183159722, queue:0.7308201058201058, delay:0.09254526612619875, throughput:4052
step:3600/3600, q_loss:8.562707901000977, rewards:-28.139718967013888, queue:0.7768518518518519, delay:0.09638223799448165, throughput:4063
episode:81/200, real avg travel time:220.07211420132907
Test step:81/200, travel time :220.66131819303877, rewards:-27.698602973090278, queue:0.7489417989417989, delay:0.09821560975735781, throughput:4051
step:3600/3600, q_loss:8.406208992004395, rewards:-27.907221137152778, queue:0.7567460317460317, delay:0.09687233576698909, throughput:4064
episode:82/200, real avg travel time:223.51205708661416
Test step:82/200, travel time :203.9271115488796, rewards:-27.239998372395835, queue:0.7182539682539683, delay:0.09509430738983962, throughput:4061
New best test ATT=203.9271 at episode 82 (saved model/best_*.pt)
step:3600/3600, q_loss:7.168288707733154, rewards:-27.028333875868057, queue:0.725, delay:0.09683267098885995, throughput:4073
episode:83/200, real avg travel time:213.96366314755707
Test step:83/200, travel time :214.8857493857494, rewards:-26.63083224826389, queue:0.7091269841269842, delay:0.09595782567584325, throughput:4070
step:3600/3600, q_loss:7.012389659881592, rewards:-27.70500217013889, queue:0.757010582010582, delay:0.09548005603608631, throughput:4057
episode:84/200, real avg travel time:225.05225536110427
Test step:84/200, travel time :213.15671273445213, rewards:-27.429725477430555, queue:0.7383597883597883, delay:0.09420557577143271, throughput:4052
step:3600/3600, q_loss:7.246330261230469, rewards:-27.700835503472224, queue:0.773015873015873, delay:0.09771371669870205, throughput:4059
episode:85/200, real avg travel time:226.9280610987928
Test step:85/200, travel time :239.69758858267716, rewards:-31.98139105902778, queue:0.9912698412698413, delay:0.09997539217509921, throughput:4064
step:3600/3600, q_loss:7.4494428634643555, rewards:-29.640825737847223, queue:0.8582010582010582, delay:0.09712614836516203, throughput:4065
episode:86/200, real avg travel time:220.2039360393604
Test step:86/200, travel time :213.6164485058039, rewards:-27.494997829861113, queue:0.7357142857142858, delay:0.0934752206953745, throughput:4049
step:3600/3600, q_loss:7.9532790184021, rewards:-27.677501085069444, queue:0.7726190476190476, delay:0.09754613644231565, throughput:4074
episode:87/200, real avg travel time:216.27245949926362
Test step:87/200, travel time :215.1008114089009, rewards:-28.05361056857639, queue:0.7845238095238095, delay:0.09945641573144015, throughput:4067
step:3600/3600, q_loss:7.103301525115967, rewards:-28.350005425347224, queue:0.7928571428571428, delay:0.09676579066685267, throughput:4074
episode:88/200, real avg travel time:217.80535100638193
Test step:88/200, travel time :246.76960904843864, rewards:-30.362776692708334, queue:0.9141534391534392, delay:0.1045370757895172, throughput:4067
step:3600/3600, q_loss:6.045838356018066, rewards:-27.33110894097222, queue:0.7308201058201058, delay:0.09441134336764219, throughput:4066
episode:89/200, real avg travel time:213.35882931628134
Test step:89/200, travel time :240.83141557398983, rewards:-33.99250217013889, queue:1.1137566137566137, delay:0.10277458069816468, throughput:3737
step:3600/3600, q_loss:6.92673397064209, rewards:-32.860828993055556, queue:1.0509259259259258, delay:0.10756621184172453, throughput:3925
episode:90/200, real avg travel time:246.83210191082802
Test step:90/200, travel time :222.27594687653715, rewards:-28.715831163194444, queue:0.8234126984126984, delay:0.09842665737898892, throughput:4066
step:3600/3600, q_loss:7.221660137176514, rewards:-27.749452039930556, queue:0.7772486772486773, delay:0.09853363844452712, throughput:4059
episode:91/200, real avg travel time:221.28923380142894
Test step:91/200, travel time :206.50123517786562, rewards:-26.397501627604168, queue:0.694973544973545, delay:0.09170790576430225, throughput:4048
step:3600/3600, q_loss:7.789407730102539, rewards:-26.980832248263887, queue:0.7148148148148148, delay:0.0962249271453373, throughput:4083
episode:92/200, real avg travel time:218.83149644868968
Test step:92/200, travel time :219.44090796940537, rewards:-27.3022216796875, queue:0.7342592592592593, delay:0.09540206666976686, throughput:4053
step:3600/3600, q_loss:7.130636215209961, rewards:-27.295274522569443, queue:0.7447089947089947, delay:0.09493953967220568, throughput:4061
episode:93/200, real avg travel time:213.59738980546663
Test step:93/200, travel time :238.78455484505656, rewards:-29.173337131076387, queue:0.8514550264550265, delay:0.10233414261429398, throughput:4066
step:3600/3600, q_loss:7.043766498565674, rewards:-32.89416232638889, queue:1.037037037037037, delay:0.10908786834232391, throughput:4059
episode:94/200, real avg travel time:265.5518600640552
Test step:94/200, travel time :219.88239608801956, rewards:-27.820836046006946, queue:0.7587301587301587, delay:0.09538675944010416, throughput:4090
step:3600/3600, q_loss:7.739380836486816, rewards:-27.50222439236111, queue:0.7548941798941798, delay:0.09535824407345403, throughput:4049
episode:95/200, real avg travel time:228.35613731785625
Test step:95/200, travel time :232.00794241747332, rewards:-31.499169921875, queue:0.9478835978835979, delay:0.10077030242435515, throughput:4029
step:3600/3600, q_loss:7.558535575866699, rewards:-27.693617078993057, queue:0.7543650793650793, delay:0.0980105929904514, throughput:4072
episode:96/200, real avg travel time:214.6824656188605
Test step:96/200, travel time :244.33879781420765, rewards:-33.712223307291666, queue:1.0854497354497354, delay:0.104193930651145, throughput:4026
step:3600/3600, q_loss:7.908178329467773, rewards:-27.690836588541668, queue:0.75, delay:0.09688588298817791, throughput:4066
episode:97/200, real avg travel time:223.35391047712739
Test step:97/200, travel time :264.3617896631525, rewards:-42.5836181640625, queue:1.5218253968253967, delay:0.12009776281932044, throughput:3889
step:3600/3600, q_loss:7.432275295257568, rewards:-26.8322265625, queue:0.7083333333333334, delay:0.09448601455284805, throughput:4065
episode:98/200, real avg travel time:210.12521525215251
Test step:98/200, travel time :223.51569839307788, rewards:-29.581667751736113, queue:0.873015873015873, delay:0.10305167707816634, throughput:4045
step:3600/3600, q_loss:7.967636585235596, rewards:-31.90444607204861, queue:0.9876984126984127, delay:0.11162186879960317, throughput:4008
episode:99/200, real avg travel time:272.67914171656685
Test step:99/200, travel time :222.32575383094414, rewards:-29.878895399305556, queue:0.860978835978836, delay:0.09617384653242808, throughput:4046
step:3600/3600, q_loss:8.614428520202637, rewards:-36.732777235243056, queue:1.2021164021164021, delay:0.1107758537171379, throughput:3933
episode:100/200, real avg travel time:264.7546402237478
Test step:100/200, travel time :216.29864253393666, rewards:-31.355276150173612, queue:0.9279100529100529, delay:0.09458987119967345, throughput:3978
step:3600/3600, q_loss:9.728230476379395, rewards:-43.32972005208333, queue:1.5493386243386242, delay:0.11534516672608713, throughput:3904
episode:101/200, real avg travel time:296.06480532786884
Test step:101/200, travel time :257.3264248704663, rewards:-35.86445041232639, queue:1.2345238095238096, delay:0.11313826142164765, throughput:3860
step:3600/3600, q_loss:10.149771690368652, rewards:-28.123057725694444, queue:0.7838624338624338, delay:0.09817882719494048, throughput:4052
episode:102/200, real avg travel time:223.37265547877593
Test step:102/200, travel time :226.41885907788486, rewards:-29.009163411458335, queue:0.8555555555555555, delay:0.1006336353443287, throughput:3839
step:3600/3600, q_loss:10.140406608581543, rewards:-29.5236083984375, queue:0.8493386243386244, delay:0.10466929440775877, throughput:3989
episode:103/200, real avg travel time:241.69942341438957
Test step:103/200, travel time :238.87758663674893, rewards:-32.380832248263886, queue:0.9874338624338624, delay:0.10410827959656084, throughput:4011
step:3600/3600, q_loss:10.502570152282715, rewards:-32.915836588541666, queue:1.0242063492063491, delay:0.10397893512059772, throughput:4010
episode:104/200, real avg travel time:247.3199501246883
Test step:104/200, travel time :243.65651180502667, rewards:-33.301112196180554, queue:1.0886243386243386, delay:0.11150564365286045, throughput:3939
step:3600/3600, q_loss:11.859798431396484, rewards:-30.494444444444444, queue:0.9134920634920635, delay:0.10469738188244047, throughput:4023
episode:105/200, real avg travel time:232.63136962465822
Test step:105/200, travel time :228.7051282051282, rewards:-28.997501627604166, queue:0.8162698412698413, delay:0.09979333625268684, throughput:4056
step:3600/3600, q_loss:11.359755516052246, rewards:-28.997498914930556, queue:0.8157407407407408, delay:0.09823968473565642, throughput:4050
episode:106/200, real avg travel time:232.5274074074074
Test step:106/200, travel time :213.22974636788967, rewards:-27.38083224826389, queue:0.7432539682539683, delay:0.09498754430700232, throughput:4061
step:3600/3600, q_loss:11.536190032958984, rewards:-28.8147216796875, queue:0.8093915343915344, delay:0.1008636716812376, throughput:4048
episode:107/200, real avg travel time:222.78384387351778
Test step:107/200, travel time :260.1645218268988, rewards:-32.91527506510417, queue:1.0560846560846562, delay:0.10890666820384838, throughput:3963
step:3600/3600, q_loss:11.42292308807373, rewards:-35.26583116319444, queue:1.1625661375661376, delay:0.10573661844566386, throughput:3867
episode:108/200, real avg travel time:225.86733902249807
Test step:108/200, travel time :232.43101736972704, rewards:-28.36028374565972, queue:0.8145502645502646, delay:0.0996439292948082, throughput:4030
step:3600/3600, q_loss:11.89743423461914, rewards:-29.27944607204861, queue:0.8779100529100529, delay:0.10169398393580523, throughput:3869
episode:109/200, real avg travel time:222.96278108038254
Test step:109/200, travel time :226.85423473234482, rewards:-27.91611328125, queue:0.7785714285714286, delay:0.09652956200655176, throughput:3979
step:3600/3600, q_loss:11.683205604553223, rewards:-28.025835503472223, queue:0.792989417989418, delay:0.09740286529379547, throughput:4057
episode:110/200, real avg travel time:217.81266946019227
Test step:110/200, travel time :253.5568714532445, rewards:-30.046663411458333, queue:0.9194444444444444, delay:0.10721116646257027, throughput:4053
step:3600/3600, q_loss:12.992363929748535, rewards:-33.498052300347226, queue:1.0632275132275133, delay:0.10734498362061838, throughput:4046
episode:111/200, real avg travel time:237.91225902125555
Test step:111/200, travel time :250.3949248583395, rewards:-35.448613823784726, queue:1.1595238095238096, delay:0.10598652350208747, throughput:4059
step:3600/3600, q_loss:15.865531921386719, rewards:-28.746110026041666, queue:0.8298941798941799, delay:0.10213662606698495, throughput:4073
episode:112/200, real avg travel time:228.70365823717162
Test step:112/200, travel time :238.27863931965982, rewards:-31.957779947916666, queue:1.0087301587301587, delay:0.10636310072802993, throughput:3998
step:3600/3600, q_loss:14.580458641052246, rewards:-29.01833224826389, queue:0.8464285714285714, delay:0.10250529132822835, throughput:4049
episode:113/200, real avg travel time:237.8639170165473
Test step:113/200, travel time :220.45818986719135, rewards:-27.777783203125, queue:0.7898148148148149, delay:0.10314633001095404, throughput:4066
step:3600/3600, q_loss:14.66771125793457, rewards:-32.50111219618056, queue:1.0318783068783068, delay:0.10718466945426174, throughput:4038
episode:114/200, real avg travel time:239.85537394749875
Test step:114/200, travel time :226.02272727272728, rewards:-27.887220594618057, queue:0.7907407407407407, delay:0.09891924984240658, throughput:4048
step:3600/3600, q_loss:12.802401542663574, rewards:-27.25722927517361, queue:0.7538359788359789, delay:0.09644302287429729, throughput:4052
episode:115/200, real avg travel time:210.38721618953602
Test step:115/200, travel time :220.99479682854312, rewards:-28.022222222222222, queue:0.78505291005291, delay:0.09802798316592262, throughput:4036
step:3600/3600, q_loss:11.818466186523438, rewards:-27.242225477430555, queue:0.7543650793650793, delay:0.10054791162884424, throughput:4091
episode:116/200, real avg travel time:220.86066976289416
Test step:116/200, travel time :239.69721013565396, rewards:-30.218332248263888, queue:0.925, delay:0.10451120850901124, throughput:3907
step:3600/3600, q_loss:11.478693962097168, rewards:-28.559724934895833, queue:0.8275132275132275, delay:0.10342485538866154, throughput:4041
episode:117/200, real avg travel time:231.70131155654542
Test step:117/200, travel time :238.9822919301796, rewards:-30.53749728732639, queue:0.9731481481481481, delay:0.10550839055782904, throughput:3953
step:3600/3600, q_loss:13.317621231079102, rewards:-27.670833333333334, queue:0.7543650793650793, delay:0.09845939515128968, throughput:4056
episode:118/200, real avg travel time:211.70857988165682
Test step:118/200, travel time :232.6627277203348, rewards:-28.105837673611113, queue:0.8150793650793651, delay:0.10141174477874917, throughput:4062
step:3600/3600, q_loss:11.80347728729248, rewards:-27.47222222222222, queue:0.7693121693121693, delay:0.10105274341724536, throughput:4069
episode:119/200, real avg travel time:220.32366674858687
Test step:119/200, travel time :228.53925, rewards:-29.858892144097222, queue:0.9029100529100529, delay:0.10607737384775959, throughput:4000
step:3600/3600, q_loss:10.91599178314209, rewards:-31.108884006076387, queue:0.9697089947089947, delay:0.1087435041155134, throughput:4052
episode:120/200, real avg travel time:248.677690029615
Test step:120/200, travel time :209.8859670680757, rewards:-26.45139431423611, queue:0.6981481481481482, delay:0.09227197233331266, throughput:4069
step:3600/3600, q_loss:9.324456214904785, rewards:-28.181108940972223, queue:0.8037037037037037, delay:0.09853146669095156, throughput:4059
episode:121/200, real avg travel time:229.51047055925105
Test step:121/200, travel time :215.71948818897638, rewards:-28.869721137152776, queue:0.83505291005291, delay:0.09733896406870039, throughput:4064
step:3600/3600, q_loss:9.223917007446289, rewards:-26.828333875868054, queue:0.7193121693121693, delay:0.09616162335431135, throughput:4053
episode:122/200, real avg travel time:214.65013570194918
Test step:122/200, travel time :221.8234274393264, rewards:-27.5183349609375, queue:0.7461640211640211, delay:0.09681218868840939, throughput:4038
step:3600/3600, q_loss:7.888352870941162, rewards:-27.293332248263887, queue:0.7575396825396825, delay:0.0949215359157986, throughput:4072
episode:123/200, real avg travel time:216.93811394891944
Test step:123/200, travel time :227.18677235570968, rewards:-28.16111382378472, queue:0.7812169312169313, delay:0.09724896950696511, throughput:4037
step:3600/3600, q_loss:7.659594535827637, rewards:-27.611116536458333, queue:0.7518518518518519, delay:0.09464849239934689, throughput:4040
episode:124/200, real avg travel time:218.7980198019802
Test step:124/200, travel time :216.58704752524008, rewards:-27.09027777777778, queue:0.75, delay:0.09548211476159474, throughput:4061
step:3600/3600, q_loss:7.561209201812744, rewards:-28.277783203125, queue:0.830026455026455, delay:0.10093716414517195, throughput:3981
episode:125/200, real avg travel time:223.84199949761367
Test step:125/200, travel time :251.58889442231074, rewards:-33.85194227430556, queue:1.1014550264550265, delay:0.10520794580853175, throughput:4016
step:3600/3600, q_loss:6.985692501068115, rewards:-34.1941650390625, queue:1.131878306878307, delay:0.11031344782107722, throughput:3965
episode:126/200, real avg travel time:259.0948297604035
Test step:126/200, travel time :217.84433497536946, rewards:-26.929443359375, queue:0.7113756613756613, delay:0.09359906716321512, throughput:4060
step:3600/3600, q_loss:7.605197906494141, rewards:-31.382779947916667, queue:0.9629629629629629, delay:0.10535901589368386, throughput:4043
episode:127/200, real avg travel time:247.18080633193173
Test step:127/200, travel time :220.34629584051194, rewards:-26.659171549479165, queue:0.7178571428571429, delay:0.09637707907056052, throughput:4063
step:3600/3600, q_loss:6.774068832397461, rewards:-28.161949327256945, queue:0.7802910052910053, delay:0.09926082066127233, throughput:4059
episode:128/200, real avg travel time:229.97634885439763
Test step:128/200, travel time :207.98082595870207, rewards:-25.6530517578125, queue:0.6408730158730159, delay:0.09173378111824157, throughput:4068
step:3600/3600, q_loss:6.3035430908203125, rewards:-29.120000542534722, queue:0.8287037037037037, delay:0.09742988707527282, throughput:4037
episode:129/200, real avg travel time:217.69234580133764
Test step:129/200, travel time :271.83549783549785, rewards:-75.26248914930555, queue:3.0355820105820106, delay:0.117031497047061, throughput:3927
step:3600/3600, q_loss:6.468064308166504, rewards:-28.18027886284722, queue:0.7842592592592592, delay:0.09784481310970569, throughput:4067
episode:130/200, real avg travel time:220.9854929923777
Test step:130/200, travel time :255.54700183294057, rewards:-57.798611111111114, queue:2.233994708994709, delay:0.1076570298936632, throughput:3819
step:3600/3600, q_loss:6.308893203735352, rewards:-26.978889973958335, queue:0.735978835978836, delay:0.0949267997943535, throughput:4059
episode:131/200, real avg travel time:215.4680955900468
Test step:131/200, travel time :254.76315789473685, rewards:-58.96890190972222, queue:2.2981481481481483, delay:0.10977754138764881, throughput:3952
step:3600/3600, q_loss:5.943005084991455, rewards:-27.951112196180556, queue:0.766005291005291, delay:0.09660009959387401, throughput:4064
episode:132/200, real avg travel time:220.31225393700788
Test step:132/200, travel time :219.51290877796902, rewards:-26.78082953559028, queue:0.7095238095238096, delay:0.09403104428891783, throughput:4067
step:3600/3600, q_loss:5.595016002655029, rewards:-27.802503797743057, queue:0.78505291005291, delay:0.09932623969184028, throughput:4070
episode:133/200, real avg travel time:217.76584766584767
Test step:133/200, travel time :259.68567708333336, rewards:-57.66500651041667, queue:2.1845238095238093, delay:0.11089083555514219, throughput:3840
step:3600/3600, q_loss:5.81466817855835, rewards:-28.462223307291666, queue:0.816931216931217, delay:0.10033917300915592, throughput:4057
episode:134/200, real avg travel time:224.14961794429382
Test step:134/200, travel time :217.8088090551181, rewards:-28.386669921875, queue:0.7948412698412698, delay:0.09759276859343997, throughput:4064
step:3600/3600, q_loss:6.475890636444092, rewards:-46.87527669270833, queue:1.7481481481481482, delay:0.11910229233837633, throughput:3990
episode:135/200, real avg travel time:282.3070175438597
Test step:135/200, travel time :206.05003697313285, rewards:-26.095277235243056, queue:0.6891534391534392, delay:0.09251629864728009, throughput:4057
step:3600/3600, q_loss:8.442416191101074, rewards:-28.88972439236111, queue:0.8366402116402116, delay:0.09886894427910053, throughput:3981
episode:136/200, real avg travel time:224.07435317759357
Test step:136/200, travel time :213.83226600985222, rewards:-27.30000271267361, queue:0.7501322751322751, delay:0.09547506665426587, throughput:4060
step:3600/3600, q_loss:8.608772277832031, rewards:-27.97694769965278, queue:0.7771164021164021, delay:0.09607946002294147, throughput:4056
episode:137/200, real avg travel time:217.70981262327416
Test step:137/200, travel time :215.87730968218773, rewards:-27.205278862847223, queue:0.733994708994709, delay:0.09375665250909392, throughput:4059
step:3600/3600, q_loss:7.982194423675537, rewards:-27.994173177083333, queue:0.7693121693121693, delay:0.09667506949611442, throughput:4057
episode:138/200, real avg travel time:228.6901651466601
Test step:138/200, travel time :218.89802955665024, rewards:-28.38749728732639, queue:0.812037037037037, delay:0.09818178207155258, throughput:4060
step:3600/3600, q_loss:7.39846134185791, rewards:-28.68389214409722, queue:0.8121693121693122, delay:0.0988242093848173, throughput:4033
episode:139/200, real avg travel time:217.6518720555418
Test step:139/200, travel time :212.1283251231527, rewards:-27.375002712673613, queue:0.7481481481481481, delay:0.09390252330315807, throughput:4060
step:3600/3600, q_loss:6.822732925415039, rewards:-26.902775065104166, queue:0.7263227513227514, delay:0.09658727898168816, throughput:4058
episode:140/200, real avg travel time:214.1084277969443
Test step:140/200, travel time :238.70634920634922, rewards:-29.0219482421875, queue:0.8223544973544974, delay:0.09884707334811095, throughput:4032
step:3600/3600, q_loss:6.259673595428467, rewards:-26.490836588541665, queue:0.7187830687830687, delay:0.09541868179563492, throughput:4065
episode:141/200, real avg travel time:208.55006150061502
Test step:141/200, travel time :248.02005656981228, rewards:-35.83166775173611, queue:1.2751322751322751, delay:0.10652599839306383, throughput:3889
step:3600/3600, q_loss:6.101486682891846, rewards:-28.75, queue:0.860978835978836, delay:0.10511704702225942, throughput:3990
episode:142/200, real avg travel time:254.77543859649123
Test step:142/200, travel time :218.66420664206643, rewards:-28.03694118923611, queue:0.775, delay:0.09417647104414682, throughput:4065
step:3600/3600, q_loss:6.071120738983154, rewards:-34.210834418402776, queue:1.1002645502645503, delay:0.10167752220517114, throughput:3998
episode:143/200, real avg travel time:235.93071535767885
Test step:143/200, travel time :255.1797343058088, rewards:-32.545833333333334, queue:1.0636243386243387, delay:0.10624415483424272, throughput:3839
step:3600/3600, q_loss:7.386770248413086, rewards:-32.136669921875, queue:1.0175925925925926, delay:0.10750007427558697, throughput:4057
episode:144/200, real avg travel time:272.14715306877
Test step:144/200, travel time :212.20073891625617, rewards:-26.575558810763887, queue:0.7019841269841269, delay:0.09480666710586144, throughput:4060
step:3600/3600, q_loss:7.458111763000488, rewards:-26.51638454861111, queue:0.7007936507936507, delay:0.0930397558464575, throughput:4063
episode:145/200, real avg travel time:207.19665271966528
Test step:145/200, travel time :247.06254635352286, rewards:-30.070833333333333, queue:0.9084656084656084, delay:0.10423636461691882, throughput:4045
step:3600/3600, q_loss:6.83282470703125, rewards:-26.976388888888888, queue:0.7228835978835979, delay:0.09500813963552, throughput:4066
episode:146/200, real avg travel time:210.09468765371372
Test step:146/200, travel time :212.0458353868901, rewards:-27.402501085069446, queue:0.7515873015873016, delay:0.0959869142562624, throughput:4058
step:3600/3600, q_loss:7.063273906707764, rewards:-28.678342013888887, queue:0.8042328042328042, delay:0.09773843755166997, throughput:4067
episode:147/200, real avg travel time:227.66855175805262
Test step:147/200, travel time :222.6716049382716, rewards:-27.481949869791666, queue:0.766005291005291, delay:0.09739223258205192, throughput:4050
step:3600/3600, q_loss:7.510626316070557, rewards:-31.25138888888889, queue:0.9993386243386243, delay:0.1094799142665964, throughput:4069
episode:148/200, real avg travel time:260.51044482673876
Test step:148/200, travel time :234.9190323376944, rewards:-28.39638943142361, queue:0.8255291005291006, delay:0.09957230986741485, throughput:4051
step:3600/3600, q_loss:7.0200395584106445, rewards:-26.7072265625, queue:0.6923280423280423, delay:0.09533508139312583, throughput:4079
episode:149/200, real avg travel time:220.79210590831087
Test step:149/200, travel time :212.5134137336943, rewards:-27.139442274305555, queue:0.7462962962962963, delay:0.0976046123201885, throughput:4063
step:3600/3600, q_loss:6.492603302001953, rewards:-26.248621961805554, queue:0.6964285714285714, delay:0.09343105094142692, throughput:4087
episode:150/200, real avg travel time:214.80817225348667
Test step:150/200, travel time :229.56326630701324, rewards:-28.32138671875, queue:0.8022486772486772, delay:0.0992716875025835, throughput:4078
step:3600/3600, q_loss:6.69040584564209, rewards:-30.136393229166668, queue:0.9451058201058201, delay:0.10459125660083912, throughput:3743
episode:151/200, real avg travel time:226.02965535666578
Test step:151/200, travel time :220.12543295398316, rewards:-27.174164496527776, queue:0.7695767195767196, delay:0.09861897463520998, throughput:4042
step:3600/3600, q_loss:7.257643222808838, rewards:-27.856393771701388, queue:0.7748677248677248, delay:0.10012220756086723, throughput:4073
episode:152/200, real avg travel time:215.8409035109256
Test step:152/200, travel time :218.03134254689041, rewards:-28.429451497395835, queue:0.8042328042328042, delay:0.0958658531229332, throughput:4052
step:3600/3600, q_loss:7.046899795532227, rewards:-27.51860894097222, queue:0.7392857142857143, delay:0.09337193726231813, throughput:4076
episode:153/200, real avg travel time:228.13935230618253
Test step:153/200, travel time :209.75288060799215, rewards:-27.639168294270835, queue:0.7395502645502645, delay:0.09580925835503472, throughput:4079
step:3600/3600, q_loss:7.83604097366333, rewards:-33.98694118923611, queue:1.0845238095238094, delay:0.10536373885220321, throughput:4068
episode:154/200, real avg travel time:242.30039331366766
Test step:154/200, travel time :249.78715459297985, rewards:-34.21417100694445, queue:1.1124338624338623, delay:0.10458301362537202, throughput:4017
step:3600/3600, q_loss:8.616316795349121, rewards:-28.160004340277776, queue:0.7887566137566138, delay:0.09891119255590691, throughput:4078
episode:155/200, real avg travel time:226.65105443845022
Test step:155/200, travel time :210.72646623952687, rewards:-28.264447699652777, queue:0.8027777777777778, delay:0.0978678304682333, throughput:4058
step:3600/3600, q_loss:8.611249923706055, rewards:-27.46527777777778, queue:0.7472222222222222, delay:0.09933541918557788, throughput:4077
episode:156/200, real avg travel time:208.88079470198676
Test step:156/200, travel time :216.78359125521985, rewards:-28.853059895833333, queue:0.8218253968253968, delay:0.10167015116050761, throughput:4071
step:3600/3600, q_loss:8.355253219604492, rewards:-28.12888454861111, queue:0.7588624338624339, delay:0.0974317439649471, throughput:4071
episode:157/200, real avg travel time:219.9105870793417
Test step:157/200, travel time :212.82302193739216, rewards:-26.670279947916665, queue:0.7170634920634921, delay:0.0943249334103216, throughput:4057
step:3600/3600, q_loss:7.795572280883789, rewards:-27.570833333333333, queue:0.7584656084656085, delay:0.09641803559802828, throughput:4023
episode:158/200, real avg travel time:211.26199353716132
Test step:158/200, travel time :230.27071266683456, rewards:-28.15055881076389, queue:0.7996031746031746, delay:0.0964802414021164, throughput:3971
step:3600/3600, q_loss:7.990327835083008, rewards:-27.724446614583332, queue:0.7764550264550265, delay:0.09761199951171876, throughput:4068
episode:159/200, real avg travel time:221.02458210422813
Test step:159/200, travel time :233.44924672758705, rewards:-29.924169921875, queue:0.8727513227513227, delay:0.10195662887008101, throughput:4049
step:3600/3600, q_loss:8.549875259399414, rewards:-27.321110026041666, queue:0.7423280423280423, delay:0.09388400284701555, throughput:4066
episode:160/200, real avg travel time:214.0762420068864
Test step:160/200, travel time :229.02077527235875, rewards:-32.48194173177083, queue:1.0018518518518518, delay:0.10630741018466848, throughput:3947
step:3600/3600, q_loss:7.372556686401367, rewards:-28.097227647569444, queue:0.7896825396825397, delay:0.09854369794250166, throughput:4080
episode:161/200, real avg travel time:230.97132352941176
Test step:161/200, travel time :230.2391466137435, rewards:-28.179720052083333, queue:0.7822751322751322, delay:0.09753480134186922, throughput:4031
step:3600/3600, q_loss:7.6898956298828125, rewards:-27.016672092013888, queue:0.7338624338624339, delay:0.09521545733093585, throughput:4063
episode:162/200, real avg travel time:213.89662810730988
Test step:162/200, travel time :220.814842209073, rewards:-26.825830078125, queue:0.7502645502645503, delay:0.09590549368076223, throughput:4056
step:3600/3600, q_loss:7.2359938621521, rewards:-28.244449869791666, queue:0.8006613756613756, delay:0.09698759210172785, throughput:4066
episode:163/200, real avg travel time:222.58263649778652
Test step:163/200, travel time :227.03182042427233, rewards:-26.973616536458334, queue:0.7453703703703703, delay:0.09753769163101439, throughput:4054
step:3600/3600, q_loss:6.657506465911865, rewards:-29.607777235243056, queue:0.860978835978836, delay:0.10061538131148727, throughput:4023
episode:164/200, real avg travel time:231.03380561769825
Test step:164/200, travel time :258.9019556714472, rewards:-32.64611002604167, queue:1.0431216931216931, delay:0.10544771063264716, throughput:3835
step:3600/3600, q_loss:8.35241985321045, rewards:-30.8433349609375, queue:0.9203703703703704, delay:0.09833609767691799, throughput:4071
episode:165/200, real avg travel time:228.05354949643822
Test step:165/200, travel time :225.65259259259258, rewards:-29.391663953993056, queue:0.8523809523809524, delay:0.09855026164382853, throughput:4050
step:3600/3600, q_loss:8.967231750488281, rewards:-30.788056098090276, queue:0.9423280423280423, delay:0.10596754286024306, throughput:4018
episode:166/200, real avg travel time:236.13215530114485
Test step:166/200, travel time :226.95747295968536, rewards:-30.045833333333334, queue:0.8814814814814815, delay:0.10301072862413195, throughput:4068
step:3600/3600, q_loss:9.078907012939453, rewards:-36.52082790798611, queue:1.2084656084656085, delay:0.11020959117425182, throughput:4036
episode:167/200, real avg travel time:286.5445986124876
Test step:167/200, travel time :238.0538996522603, rewards:-28.62277560763889, queue:0.8347883597883597, delay:0.09966753601397156, throughput:4026
step:3600/3600, q_loss:9.837369918823242, rewards:-27.733333333333334, queue:0.7492063492063492, delay:0.09784074409928901, throughput:4067
episode:168/200, real avg travel time:213.80231128596017
Test step:168/200, travel time :209.71586715867159, rewards:-26.982779947916665, queue:0.7161375661375662, delay:0.0927641369047619, throughput:4065
step:3600/3600, q_loss:9.102888107299805, rewards:-28.295836046006944, queue:0.7817460317460317, delay:0.09611935893063822, throughput:4057
episode:169/200, real avg travel time:218.32758195711116
Test step:169/200, travel time :226.26666666666668, rewards:-28.304725477430555, queue:0.774074074074074, delay:0.09683007941674934, throughput:4050
step:3600/3600, q_loss:9.37651252746582, rewards:-28.396942816840276, queue:0.810978835978836, delay:0.0999844505673363, throughput:4031
episode:170/200, real avg travel time:226.7008186554205
Test step:170/200, travel time :234.1938927507448, rewards:-28.805558268229166, queue:0.7933862433862434, delay:0.10327584402901786, throughput:4028
step:3600/3600, q_loss:9.409899711608887, rewards:-27.10500217013889, queue:0.7226190476190476, delay:0.09526372838903356, throughput:4086
episode:171/200, real avg travel time:219.12628487518356
Test step:171/200, travel time :224.52952804546578, rewards:-29.133336046006946, queue:0.8198412698412698, delay:0.09679432218036954, throughput:4047
step:3600/3600, q_loss:8.035959243774414, rewards:-27.9522216796875, queue:0.7653439153439153, delay:0.0982183950918692, throughput:4064
episode:172/200, real avg travel time:223.57135826771653
Test step:172/200, travel time :240.1057915057915, rewards:-43.49362250434028, queue:1.5042328042328041, delay:0.106047526364604, throughput:3885
step:3600/3600, q_loss:7.350632667541504, rewards:-27.70138888888889, queue:0.742989417989418, delay:0.09660577521753058, throughput:4081
episode:173/200, real avg travel time:221.39402107326634
Test step:173/200, travel time :219.46161417322836, rewards:-27.240006510416666, queue:0.7378306878306878, delay:0.0924998611369461, throughput:4064
step:3600/3600, q_loss:7.127017021179199, rewards:-27.399446614583333, queue:0.7321428571428571, delay:0.09562467544797867, throughput:4074
episode:174/200, real avg travel time:217.53534609720177
Test step:174/200, travel time :220.3939764936337, rewards:-28.512782118055554, queue:0.7835978835978836, delay:0.09722248057208994, throughput:4084
step:3600/3600, q_loss:6.988006591796875, rewards:-28.155278862847222, queue:0.7776455026455027, delay:0.09947438719411375, throughput:4074
episode:175/200, real avg travel time:227.3895434462445
Test step:175/200, travel time :237.26779072650632, rewards:-31.419718424479168, queue:0.9702380952380952, delay:0.10396626790364584, throughput:4033
step:3600/3600, q_loss:6.389098644256592, rewards:-27.6875, queue:0.7626984126984127, delay:0.09731374266286376, throughput:4074
episode:176/200, real avg travel time:216.26730486008836
Test step:176/200, travel time :217.61791411042944, rewards:-27.42861328125, queue:0.7109788359788359, delay:0.093173096671937, throughput:4075
step:3600/3600, q_loss:6.217902660369873, rewards:-33.71861436631944, queue:1.1052910052910052, delay:0.1107625890661169, throughput:3832
episode:177/200, real avg travel time:261.31132567849687
Test step:177/200, travel time :223.5537819253438, rewards:-27.839724392361113, queue:0.7821428571428571, delay:0.09750431605747768, throughput:4072
step:3600/3600, q_loss:6.137800693511963, rewards:-27.180555555555557, queue:0.732010582010582, delay:0.09495396689763144, throughput:4064
episode:178/200, real avg travel time:214.83070866141733
Test step:178/200, travel time :220.56131727697223, rewards:-27.408892144097223, queue:0.7468253968253968, delay:0.09588253283626819, throughput:4069
step:3600/3600, q_loss:6.068925857543945, rewards:-27.735834418402778, queue:0.7716931216931217, delay:0.09747553426752646, throughput:4066
episode:179/200, real avg travel time:217.1859321200197
Test step:179/200, travel time :217.30571992110453, rewards:-27.124723307291667, queue:0.7133597883597883, delay:0.09388019218646661, throughput:4056
step:3600/3600, q_loss:5.753096103668213, rewards:-27.018885633680554, queue:0.7243386243386244, delay:0.0952157560479704, throughput:4088
episode:180/200, real avg travel time:222.8955479452055
Test step:180/200, travel time :205.19974715549938, rewards:-29.93083224826389, queue:0.8648148148148148, delay:0.10353932052693039, throughput:3955
step:3600/3600, q_loss:5.405601978302002, rewards:-27.93583984375, queue:0.7526455026455027, delay:0.0971507642634962, throughput:4060
episode:181/200, real avg travel time:211.48546798029557
Test step:181/200, travel time :225.27368679430535, rewards:-29.108889431423613, queue:0.8232804232804233, delay:0.09527326311383928, throughput:4074
step:3600/3600, q_loss:4.712186336517334, rewards:-26.60194769965278, queue:0.698941798941799, delay:0.09548514229910714, throughput:4079
episode:182/200, real avg travel time:213.48639372395195
Test step:182/200, travel time :223.68455882352941, rewards:-30.376665581597223, queue:0.8935185185185185, delay:0.10038935747096148, throughput:4080
step:3600/3600, q_loss:4.604067325592041, rewards:-31.26027560763889, queue:0.93994708994709, delay:0.10151133057932374, throughput:4040
episode:183/200, real avg travel time:229.2019801980198
Test step:183/200, travel time :226.37109855001228, rewards:-31.191392686631943, queue:0.9216931216931217, delay:0.09816657172309028, throughput:4069
step:3600/3600, q_loss:4.910251140594482, rewards:-30.378889973958334, queue:0.9075396825396825, delay:0.09967819294601521, throughput:4052
episode:184/200, real avg travel time:233.86179664363277
Test step:184/200, travel time :232.85011185682328, rewards:-30.09916720920139, queue:0.9056878306878307, delay:0.10133095393105158, throughput:4023
step:3600/3600, q_loss:5.483109951019287, rewards:-30.355555555555554, queue:0.9133597883597884, delay:0.10678650386749752, throughput:4047
episode:185/200, real avg travel time:253.27353595255744
Test step:185/200, travel time :221.90197530864197, rewards:-32.70750325520833, queue:0.9810846560846561, delay:0.10316061998801257, throughput:4050
step:3600/3600, q_loss:6.30842924118042, rewards:-33.437228732638886, queue:1.040873015873016, delay:0.1059409086035673, throughput:4046
episode:186/200, real avg travel time:252.15175481957488
Test step:186/200, travel time :214.79516010755316, rewards:-28.804443359375, queue:0.7854497354497354, delay:0.09845726376488095, throughput:4091
step:3600/3600, q_loss:5.929800033569336, rewards:-27.279999457465276, queue:0.7578042328042328, delay:0.0988587636796255, throughput:4047
episode:187/200, real avg travel time:212.527057079318
Test step:187/200, travel time :220.15403665180781, rewards:-27.256670464409723, queue:0.7358465608465609, delay:0.09305339994884673, throughput:4038
step:3600/3600, q_loss:6.896471977233887, rewards:-31.297781032986112, queue:0.9228835978835979, delay:0.10138462611607142, throughput:4070
episode:188/200, real avg travel time:222.66216216216216
Test step:188/200, travel time :215.24408866995074, rewards:-27.963056098090277, queue:0.7743386243386243, delay:0.09703706610139716, throughput:4060
step:3600/3600, q_loss:7.813155174255371, rewards:-28.0947265625, queue:0.791005291005291, delay:0.09937688433934772, throughput:4064
episode:189/200, real avg travel time:217.63582677165354
Test step:189/200, travel time :219.7597322092735, rewards:-28.296110026041667, queue:0.8017195767195767, delay:0.09592063136832424, throughput:4033
step:3600/3600, q_loss:8.099160194396973, rewards:-29.681108940972223, queue:0.8578042328042328, delay:0.10134777896618717, throughput:4070
episode:190/200, real avg travel time:230.14643734643735
Test step:190/200, travel time :212.06210869020785, rewards:-34.492778862847224, queue:1.0793650793650793, delay:0.10633955052290013, throughput:3993
step:3600/3600, q_loss:8.294844627380371, rewards:-32.711941189236114, queue:1.0234126984126983, delay:0.10946296005652695, throughput:3831
episode:191/200, real avg travel time:242.8373792743409
Test step:191/200, travel time :224.39164813442056, rewards:-31.65639377170139, queue:0.9703703703703703, delay:0.10089221126818783, throughput:4047
step:3600/3600, q_loss:8.407965660095215, rewards:-27.476671006944443, queue:0.7342592592592593, delay:0.09536507419808202, throughput:4072
episode:192/200, real avg travel time:211.14169941060905
Test step:192/200, travel time :233.1025388217895, rewards:-29.4619384765625, queue:0.8928571428571429, delay:0.10268088850394759, throughput:4057
step:3600/3600, q_loss:9.066238403320312, rewards:-32.0072265625, queue:0.9927248677248677, delay:0.10686512296161954, throughput:4019
episode:193/200, real avg travel time:248.10226424483702
Test step:193/200, travel time :234.54014227642276, rewards:-31.701112196180556, queue:0.985978835978836, delay:0.10364315295345569, throughput:3936
step:3600/3600, q_loss:8.431659698486328, rewards:-27.562779405381946, queue:0.7671957671957672, delay:0.09902384117166832, throughput:4071
episode:194/200, real avg travel time:216.5448292802751
Test step:194/200, travel time :211.74157026827467, rewards:-26.7736083984375, queue:0.7071428571428572, delay:0.09564275993871942, throughput:4063
step:3600/3600, q_loss:8.858904838562012, rewards:-28.35805121527778, queue:0.8018518518518518, delay:0.09814700979404349, throughput:4081
episode:195/200, real avg travel time:219.9828473413379
Test step:195/200, travel time :225.98890806014296, rewards:-29.777780490451388, queue:0.8798941798941798, delay:0.09966139213117974, throughput:4057
step:3600/3600, q_loss:9.8710298538208, rewards:-30.538056098090276, queue:0.9218253968253968, delay:0.10228031703404018, throughput:4052
episode:196/200, real avg travel time:235.1214215202369
Test step:196/200, travel time :231.8319306930693, rewards:-31.113883463541665, queue:0.9567460317460318, delay:0.10932567132213128, throughput:4040
step:3600/3600, q_loss:10.044251441955566, rewards:-27.22056206597222, queue:0.7453703703703703, delay:0.09654369858837632, throughput:4070
episode:197/200, real avg travel time:215.07199017199017
Test step:197/200, travel time :226.2340162922735, rewards:-28.510834418402776, queue:0.8115079365079365, delay:0.09590829516214038, throughput:4051
step:3600/3600, q_loss:10.439988136291504, rewards:-29.214718967013887, queue:0.8670634920634921, delay:0.10262216234964038, throughput:3974
episode:198/200, real avg travel time:231.7463512833417
Test step:198/200, travel time :234.7109510802086, rewards:-31.60361056857639, queue:0.9670634920634921, delay:0.10142951440558863, throughput:4027
step:3600/3600, q_loss:9.3370361328125, rewards:-28.845003255208333, queue:0.8357142857142857, delay:0.09869384765625, throughput:4046
episode:199/200, real avg travel time:233.39471082550668
Test step:199/200, travel time :236.42034739454095, rewards:-31.990836588541665, queue:0.9871693121693121, delay:0.10068265723172949, throughput:4030
Final Travel Time is 236.4203, mean rewards: -31.9908, queue: 0.9872, delay: 0.1007, throughput: 4030
Saved 4279 vehicle trip records to data/output_data/tsc/sumo_presslight/sumo1x21/m0_homo/logger/new_metrics.csv (ATT=236.42s, completion=94.2%)
Best-checkpoint Travel Time is 203.9271 (episode 82, source=test)
Saved 4280 vehicle trip records to data/output_data/tsc/sumo_presslight/sumo1x21/m0_homo/logger/new_metrics_best.csv (ATT=203.93s, completion=94.9%)
Total time taken: 9991.497079610825
