colight	TRAIN	0	322.9	0.0	-152.69	3.94	0.23	3961
colight	TEST	0	1198.0	100.0	-591.76	13.37	0.52	375
colight	TRAIN	1	324.1	0.0	-155.49	4.09	0.23	3926
colight	TEST	1	1198.0	100.0	-591.76	13.37	0.52	375
colight	TRAIN	2	320.7	13.3	-141.27	3.75	0.23	3953
colight	TEST	2	672.1	100.0	-568.73	13.65	0.42	1164
colight	TRAIN	3	284.0	7.6	-112.15	2.97	0.19	3950
colight	TEST	3	560.8	100.0	-451.25	10.70	0.35	1683
colight	TRAIN	4	291.6	8.2	-121.51	3.10	0.19	3983
colight	TEST	4	437.8	100.0	-363.04	8.89	0.30	2295
colight	TRAIN	5	280.0	6.7	-97.71	2.65	0.18	4017
colight	TEST	5	481.4	100.0	-300.71	7.21	0.30	2312
colight	TRAIN	6	271.9	7.2	-112.03	3.01	0.18	3942
colight	TEST	6	438.3	100.0	-304.13	7.74	0.29	2477
colight	TRAIN	7	272.4	6.3	-108.35	2.94	0.18	3976
colight	TEST	7	405.2	100.0	-262.13	6.54	0.27	2751
colight	TRAIN	8	332.9	4.9	-136.83	3.58	0.19	3854
colight	TEST	8	426.0	100.0	-249.52	6.71	0.27	2555
colight	TRAIN	9	300.5	4.9	-132.44	3.54	0.18	3727
colight	TEST	9	445.6	100.0	-314.17	8.15	0.25	2730
colight	TRAIN	10	344.8	5.3	-175.77	4.49	0.22	3532
colight	TEST	10	489.4	100.0	-375.57	9.46	0.34	1682
colight	TRAIN	11	522.9	4.8	-313.65	8.22	0.30	2872
colight	TEST	11	457.3	100.0	-419.24	10.52	0.37	2071
colight	TRAIN	12	324.6	4.9	-139.44	3.69	0.20	3784
colight	TEST	12	463.9	100.0	-414.52	10.37	0.37	2017
colight	TRAIN	13	364.1	5.0	-166.90	4.08	0.19	3372
colight	TEST	13	386.9	100.0	-237.81	5.74	0.26	2681
colight	TRAIN	14	317.8	4.8	-130.27	3.48	0.18	3521
colight	TEST	14	354.4	100.0	-221.58	5.40	0.23	2895
colight	TRAIN	15	344.3	5.1	-149.71	3.92	0.17	3537
colight	TEST	15	414.1	100.0	-234.73	6.06	0.24	2871
colight	TRAIN	16	330.7	4.9	-136.16	3.59	0.18	3344
colight	TEST	16	347.4	100.0	-198.15	4.60	0.23	3052
colight	TRAIN	17	339.0	4.6	-139.27	3.75	0.18	3524
colight	TEST	17	360.3	100.0	-187.43	4.91	0.22	3199
colight	TRAIN	18	341.0	4.5	-139.32	3.77	0.18	3535
colight	TEST	18	357.5	100.0	-189.01	4.80	0.21	3157
colight	TRAIN	19	340.9	4.4	-144.26	3.87	0.18	3504
colight	TEST	19	372.4	100.0	-226.49	5.80	0.23	2891
colight	TRAIN	20	331.3	4.6	-139.56	3.72	0.18	3335
colight	TEST	20	407.3	100.0	-216.44	5.61	0.24	2925
colight	TRAIN	21	385.8	4.5	-171.26	4.58	0.20	3213
colight	TEST	21	435.3	100.0	-233.71	5.85	0.23	2967
colight	TRAIN	22	341.6	4.6	-172.38	4.59	0.20	3283
colight	TEST	22	486.1	100.0	-266.42	6.63	0.24	2558
colight	TRAIN	23	409.7	4.9	-182.42	4.64	0.20	3026
colight	TEST	23	387.4	100.0	-210.03	5.37	0.25	2826
colight	TRAIN	24	344.6	5.8	-170.80	4.54	0.20	3332
colight	TEST	24	362.8	100.0	-165.10	4.23	0.20	3282
colight	TRAIN	25	320.2	4.6	-157.72	4.17	0.19	3400
colight	TEST	25	369.6	100.0	-202.73	5.37	0.22	2899
colight	TRAIN	26	319.2	5.7	-154.43	4.17	0.19	3350
colight	TEST	26	321.4	100.0	-152.87	3.93	0.20	3345
colight	TRAIN	27	332.1	5.7	-149.74	3.97	0.19	3137
colight	TEST	27	349.8	100.0	-197.86	5.24	0.22	3135
colight	TRAIN	28	362.8	6.0	-161.53	4.13	0.20	3276
colight	TEST	28	359.0	100.0	-189.91	4.78	0.22	2761
colight	TRAIN	29	301.1	5.1	-157.99	4.28	0.18	3380
colight	TEST	29	411.1	100.0	-195.70	5.25	0.22	3046
colight	TRAIN	30	337.8	5.9	-137.90	3.67	0.18	3370
colight	TEST	30	341.2	100.0	-179.59	4.76	0.21	3270
colight	TRAIN	31	338.4	4.9	-158.79	4.14	0.19	3494
colight	TEST	31	371.8	100.0	-185.79	4.44	0.23	3160
colight	TRAIN	32	412.2	4.4	-163.73	4.44	0.20	3402
colight	TEST	32	346.6	100.0	-205.37	5.19	0.23	3117
colight	TRAIN	33	365.9	4.5	-228.64	5.98	0.23	3432
colight	TEST	33	317.1	100.0	-153.28	3.96	0.19	3370
colight	TRAIN	34	345.0	4.3	-240.11	5.94	0.24	2460
colight	TEST	34	472.0	100.0	-363.89	9.46	0.33	1956
colight	TRAIN	35	347.0	5.1	-223.83	5.84	0.21	3189
colight	TEST	35	364.2	100.0	-181.51	4.85	0.20	3191
colight	TRAIN	36	323.4	3.4	-180.10	4.78	0.20	3199
colight	TEST	36	357.8	100.0	-165.81	4.12	0.20	3321
colight	TRAIN	37	370.3	3.4	-165.65	4.42	0.19	3264
colight	TEST	37	389.2	100.0	-204.05	4.85	0.22	3181
colight	TRAIN	38	301.4	3.5	-136.77	3.66	0.17	3323
colight	TEST	38	358.0	100.0	-162.05	4.31	0.18	3381
colight	TRAIN	39	299.5	3.1	-152.75	4.11	0.18	3329
colight	TEST	39	318.1	100.0	-154.72	4.07	0.18	3345
colight	TRAIN	40	347.4	3.2	-146.28	3.90	0.19	3424
colight	TEST	40	348.5	100.0	-177.41	4.41	0.21	3312
colight	TRAIN	41	352.4	3.4	-155.73	4.05	0.19	3291
colight	TEST	41	326.1	100.0	-165.14	4.16	0.22	3216
colight	TRAIN	42	323.7	3.2	-165.92	4.31	0.20	3203
colight	TEST	42	321.8	100.0	-164.69	4.31	0.19	3357
colight	TRAIN	43	293.9	3.5	-146.64	4.02	0.19	3407
colight	TEST	43	359.2	100.0	-170.42	4.21	0.22	3345
colight	TRAIN	44	366.5	3.9	-189.88	4.66	0.21	3237
colight	TEST	44	512.9	100.0	-311.64	7.54	0.27	1895
colight	TRAIN	45	329.8	3.6	-153.48	3.97	0.18	3349
colight	TEST	45	318.9	100.0	-151.33	3.87	0.20	3346
colight	TRAIN	46	329.0	3.8	-136.55	3.60	0.18	3385
colight	TEST	46	309.9	100.0	-152.92	4.03	0.20	3277
colight	TRAIN	47	304.4	3.7	-142.35	3.77	0.18	3460
colight	TEST	47	341.1	100.0	-149.19	3.89	0.19	3336
colight	TRAIN	48	280.8	3.6	-126.70	3.39	0.17	3483
colight	TEST	48	299.0	100.0	-148.92	3.86	0.18	3423
colight	TRAIN	49	301.0	3.1	-170.50	4.67	0.19	3376
colight	TEST	49	308.5	100.0	-176.03	4.78	0.19	3268
colight	TRAIN	50	343.4	3.1	-170.38	4.34	0.19	3206
colight	TEST	50	385.2	100.0	-219.84	5.74	0.21	3095
colight	TRAIN	51	301.9	3.2	-137.81	3.75	0.18	3395
colight	TEST	51	328.4	100.0	-189.42	4.64	0.20	3252
colight	TRAIN	52	294.3	3.3	-119.77	3.36	0.17	3540
colight	TEST	52	308.0	100.0	-213.05	5.18	0.22	3208
colight	TRAIN	53	323.9	3.2	-154.18	3.92	0.18	3469
colight	TEST	53	294.1	100.0	-237.97	6.05	0.19	3015
colight	TRAIN	54	313.8	3.1	-174.08	4.73	0.20	3340
colight	TEST	54	303.3	100.0	-152.98	3.89	0.20	3403
colight	TRAIN	55	308.9	3.4	-145.40	3.93	0.17	3493
colight	TEST	55	317.6	100.0	-146.34	3.89	0.18	3471
colight	TRAIN	56	346.8	3.1	-168.23	4.45	0.20	3389
colight	TEST	56	430.5	100.0	-194.74	5.18	0.21	3172
colight	TRAIN	57	300.8	2.7	-146.86	4.06	0.19	3432
colight	TEST	57	366.8	100.0	-159.65	4.13	0.21	3396
colight	TRAIN	58	360.5	2.5	-146.96	3.99	0.19	3371
colight	TEST	58	335.5	100.0	-167.11	4.36	0.19	3393
colight	TRAIN	59	327.6	2.4	-169.23	4.50	0.20	3406
colight	TEST	59	343.0	100.0	-185.13	5.00	0.21	3133
colight	TRAIN	60	307.5	2.5	-139.21	3.72	0.17	3471
colight	TEST	60	340.7	100.0	-181.68	4.88	0.21	3204
colight	TRAIN	61	315.5	2.4	-155.94	4.21	0.18	3307
colight	TEST	61	367.0	100.0	-188.51	4.76	0.21	3135
colight	TRAIN	62	306.2	2.5	-157.41	4.26	0.18	3425
colight	TEST	62	341.8	100.0	-162.22	4.16	0.20	3169
colight	TRAIN	63	304.0	2.4	-134.94	3.66	0.17	3395
colight	TEST	63	305.8	100.0	-157.37	4.04	0.20	3111
colight	TRAIN	64	379.4	2.3	-187.25	4.86	0.21	3148
colight	TEST	64	329.2	100.0	-217.85	5.80	0.21	3017
colight	TRAIN	65	394.2	2.4	-183.22	4.88	0.20	3071
colight	TEST	65	330.9	100.0	-179.15	4.81	0.20	3282
colight	TRAIN	66	329.5	2.5	-130.85	3.47	0.18	3424
colight	TEST	66	340.2	100.0	-192.66	5.10	0.20	2888
colight	TRAIN	67	317.8	2.4	-146.12	3.94	0.18	3445
colight	TEST	67	285.3	100.0	-163.33	4.33	0.20	3387
colight	TRAIN	68	357.8	2.7	-149.20	3.76	0.19	3358
colight	TEST	68	372.6	100.0	-180.15	4.57	0.21	3250
colight	TRAIN	69	352.8	2.6	-170.05	4.54	0.19	3291
colight	TEST	69	358.5	100.0	-162.96	4.15	0.21	3223
colight	TRAIN	70	297.6	2.6	-138.98	3.73	0.17	3488
colight	TEST	70	402.7	100.0	-202.84	4.98	0.21	3158
colight	TRAIN	71	315.6	2.5	-145.31	3.75	0.18	3229
colight	TEST	71	291.1	100.0	-147.60	3.87	0.18	3441
colight	TRAIN	72	310.1	3.0	-148.82	4.02	0.18	3468
colight	TEST	72	318.4	100.0	-179.32	4.74	0.20	3324
colight	TRAIN	73	336.5	3.2	-163.97	4.24	0.19	3302
colight	TEST	73	323.1	100.0	-153.84	4.00	0.18	3420
colight	TRAIN	74	418.6	3.0	-216.20	4.96	0.19	2967
colight	TEST	74	374.6	100.0	-242.31	6.67	0.22	2706
colight	TRAIN	75	337.5	3.9	-156.67	4.16	0.18	3419
colight	TEST	75	326.1	100.0	-175.07	4.47	0.19	3121
colight	TRAIN	76	292.9	3.8	-132.04	3.55	0.17	3520
colight	TEST	76	416.1	100.0	-232.45	5.80	0.23	2787
colight	TRAIN	77	344.8	4.0	-145.78	3.96	0.19	3341
colight	TEST	77	485.4	100.0	-274.77	7.02	0.24	2923
colight	TRAIN	78	371.3	4.9	-161.05	4.29	0.19	3363
colight	TEST	78	348.0	100.0	-180.27	4.71	0.21	3322
colight	TRAIN	79	341.1	6.1	-155.06	4.02	0.19	3376
colight	TEST	79	444.8	100.0	-250.72	6.36	0.22	2904
colight	TRAIN	80	329.2	6.1	-160.72	4.14	0.18	3209
colight	TEST	80	366.4	100.0	-213.97	5.72	0.20	3275
colight	TRAIN	81	326.5	4.8	-166.11	4.24	0.18	3345
colight	TEST	81	334.6	100.0	-156.73	4.00	0.21	3310
colight	TRAIN	82	365.8	4.7	-161.30	4.20	0.19	3354
colight	TEST	82	313.8	100.0	-164.15	4.25	0.19	3182
colight	TRAIN	83	343.1	4.6	-145.32	3.85	0.18	3449
colight	TEST	83	400.7	100.0	-222.76	5.60	0.22	2893
colight	TRAIN	84	326.8	5.4	-175.71	4.61	0.19	3392
colight	TEST	84	396.3	100.0	-170.42	4.46	0.20	3203
colight	TRAIN	85	290.0	5.7	-123.69	3.32	0.17	3510
colight	TEST	85	348.0	100.0	-182.64	4.68	0.21	3000
colight	TRAIN	86	306.0	6.1	-140.74	3.88	0.18	3384
colight	TEST	86	411.3	100.0	-200.74	5.40	0.21	2988
colight	TRAIN	87	309.7	4.6	-158.55	4.27	0.18	3402
colight	TEST	87	403.1	100.0	-175.79	4.54	0.21	3311
colight	TRAIN	88	316.3	4.3	-143.19	3.79	0.18	3359
colight	TEST	88	359.6	100.0	-204.25	5.10	0.22	3049
colight	TRAIN	89	328.4	5.0	-161.94	4.28	0.19	3362
colight	TEST	89	376.7	100.0	-169.98	4.36	0.21	3276
colight	TRAIN	90	318.6	5.2	-147.25	4.01	0.18	3318
colight	TEST	90	373.7	100.0	-183.35	4.74	0.22	3077
colight	TRAIN	91	321.6	4.4	-167.33	4.64	0.19	3217
colight	TEST	91	304.7	100.0	-159.93	4.20	0.20	3393
colight	TRAIN	92	353.7	3.8	-173.31	4.69	0.20	3258
colight	TEST	92	358.5	100.0	-185.85	4.52	0.23	3270
colight	TRAIN	93	373.4	4.1	-186.65	4.92	0.19	3535
colight	TEST	93	354.1	100.0	-173.00	4.68	0.20	3301
colight	TRAIN	94	294.7	3.8	-145.96	3.87	0.18	3467
colight	TEST	94	321.1	100.0	-164.68	4.22	0.20	3370
colight	TRAIN	95	282.5	3.4	-161.48	4.37	0.18	3378
colight	TEST	95	310.0	100.0	-168.00	4.20	0.20	3355
colight	TRAIN	96	324.4	3.5	-143.19	3.97	0.18	3390
colight	TEST	96	365.9	100.0	-165.03	4.27	0.19	3284
colight	TRAIN	97	325.1	3.5	-166.08	4.44	0.19	3443
colight	TEST	97	351.6	100.0	-199.94	5.39	0.22	3179
colight	TRAIN	98	313.3	3.2	-161.08	4.37	0.19	3315
colight	TEST	98	357.1	100.0	-180.86	4.80	0.21	3135
colight	TRAIN	99	361.4	3.2	-153.10	4.10	0.19	3445
colight	TEST	99	341.7	100.0	-172.06	4.60	0.19	3361
colight	TRAIN	100	346.0	4.4	-187.08	4.86	0.20	3268
colight	TEST	100	308.1	100.0	-151.22	4.03	0.19	3469
colight	TRAIN	101	361.2	4.8	-167.05	4.43	0.20	3289
colight	TEST	101	310.3	100.0	-145.01	3.84	0.18	3370
colight	TRAIN	102	308.9	4.2	-158.95	4.30	0.18	3397
colight	TEST	102	320.7	100.0	-164.76	4.31	0.19	3321
colight	TRAIN	103	288.6	4.0	-163.12	4.52	0.19	3356
colight	TEST	103	302.0	100.0	-173.86	4.63	0.19	3172
colight	TRAIN	104	285.0	4.3	-134.66	3.70	0.17	3504
colight	TEST	104	333.4	100.0	-158.76	4.09	0.20	3244
colight	TRAIN	105	309.4	3.9	-146.11	4.04	0.19	3436
colight	TEST	105	343.4	100.0	-157.76	4.11	0.21	3322
colight	TRAIN	106	293.9	3.7	-182.46	4.90	0.19	3252
colight	TEST	106	302.6	100.0	-145.15	3.85	0.18	3446
colight	TRAIN	107	300.3	3.6	-142.39	3.77	0.18	3368
colight	TEST	107	352.9	100.0	-164.34	4.36	0.20	3249
colight	TRAIN	108	338.4	4.0	-161.92	4.24	0.19	3335
colight	TEST	108	293.1	100.0	-166.51	4.55	0.19	3185
colight	TRAIN	109	317.0	3.6	-137.88	3.77	0.18	3393
colight	TEST	109	324.4	100.0	-154.77	4.03	0.18	3463
colight	TRAIN	110	319.8	3.9	-162.79	4.39	0.19	3266
colight	TEST	110	317.9	100.0	-155.19	4.09	0.19	3345
colight	TRAIN	111	299.9	3.4	-150.70	3.93	0.18	3360
colight	TEST	111	405.9	100.0	-176.53	4.64	0.20	3221
colight	TRAIN	112	304.3	3.6	-119.08	3.24	0.17	3532
colight	TEST	112	388.8	100.0	-184.04	4.83	0.20	3097
colight	TRAIN	113	309.8	3.6	-136.55	3.65	0.18	3381
colight	TEST	113	385.6	100.0	-245.70	6.03	0.25	2583
colight	TRAIN	114	309.4	3.2	-147.38	4.12	0.19	3297
colight	TEST	114	405.5	100.0	-194.76	5.06	0.21	3227
colight	TRAIN	115	329.7	2.6	-144.68	3.98	0.18	3351
colight	TEST	115	345.3	100.0	-166.17	4.20	0.21	3146
colight	TRAIN	116	342.1	2.4	-134.16	3.60	0.18	3509
colight	TEST	116	392.3	100.0	-166.71	4.35	0.20	3213
colight	TRAIN	117	334.0	2.3	-170.36	4.65	0.19	3275
colight	TEST	117	350.0	100.0	-176.57	4.83	0.20	3312
colight	TRAIN	118	348.1	2.4	-176.03	4.78	0.20	3223
colight	TEST	118	330.2	100.0	-156.99	4.12	0.19	3474
colight	TRAIN	119	338.4	2.4	-138.44	3.77	0.18	3371
colight	TEST	119	440.0	100.0	-232.42	5.67	0.24	2506
colight	TRAIN	120	306.5	2.4	-143.52	3.77	0.18	3516
colight	TEST	120	312.5	100.0	-149.22	3.85	0.19	3461
colight	TRAIN	121	281.6	2.3	-128.34	3.46	0.17	3533
colight	TEST	121	310.8	100.0	-163.35	4.32	0.19	3199
colight	TRAIN	122	317.3	2.2	-141.75	3.74	0.18	3400
colight	TEST	122	377.1	100.0	-183.25	4.84	0.20	3106
colight	TRAIN	123	336.1	2.2	-148.97	3.90	0.18	3453
colight	TEST	123	375.0	100.0	-191.52	4.85	0.21	2988
colight	TRAIN	124	299.0	2.2	-145.43	3.86	0.18	3504
colight	TEST	124	337.9	100.0	-181.13	4.36	0.22	3177
colight	TRAIN	125	349.4	2.5	-155.94	4.19	0.18	3389
colight	TEST	125	287.7	100.0	-149.29	3.98	0.18	3433
colight	TRAIN	126	317.4	2.9	-121.78	3.30	0.18	3397
colight	TEST	126	339.3	100.0	-175.99	4.75	0.20	3291
colight	TRAIN	127	445.8	3.2	-182.73	4.76	0.22	3147
colight	TEST	127	350.6	100.0	-184.45	4.97	0.20	3138
colight	TRAIN	128	322.9	3.1	-146.78	3.99	0.18	3315
colight	TEST	128	372.8	100.0	-247.14	6.01	0.23	2761
colight	TRAIN	129	305.5	2.8	-136.20	3.64	0.17	3422
colight	TEST	129	375.7	100.0	-178.74	4.50	0.22	3220
colight	TRAIN	130	291.5	2.7	-148.98	4.12	0.19	3403
colight	TEST	130	345.6	100.0	-211.06	5.26	0.22	2813
colight	TRAIN	131	340.4	2.8	-149.46	3.97	0.18	3363
colight	TEST	131	334.0	100.0	-153.90	4.10	0.18	3379
colight	TRAIN	132	315.2	2.7	-156.15	4.04	0.19	3258
colight	TEST	132	336.0	100.0	-153.12	4.00	0.18	3337
colight	TRAIN	133	330.6	3.2	-169.42	4.59	0.20	3326
colight	TEST	133	432.8	100.0	-207.38	5.01	0.24	2958
colight	TRAIN	134	318.2	2.8	-143.31	3.83	0.18	3508
colight	TEST	134	405.3	100.0	-220.55	5.46	0.23	2628
colight	TRAIN	135	301.5	3.1	-142.72	3.92	0.18	3436
colight	TEST	135	414.9	100.0	-192.42	5.09	0.21	2959
colight	TRAIN	136	376.6	3.0	-153.69	4.12	0.18	3387
colight	TEST	136	375.9	100.0	-173.84	4.63	0.20	3327
colight	TRAIN	137	309.3	3.3	-146.66	4.10	0.19	3348
colight	TEST	137	360.4	100.0	-172.56	4.63	0.19	3198
colight	TRAIN	138	331.4	3.5	-147.28	3.89	0.18	3541
colight	TEST	138	331.0	100.0	-165.17	4.37	0.18	3295
colight	TRAIN	139	325.0	3.2	-142.20	3.87	0.18	3335
colight	TEST	139	340.8	100.0	-161.29	4.28	0.19	3417
colight	TRAIN	140	350.8	3.1	-187.91	4.77	0.20	2881
colight	TEST	140	353.9	100.0	-155.17	4.05	0.19	3307
colight	TRAIN	141	380.0	3.1	-179.65	4.79	0.20	3190
colight	TEST	141	352.6	100.0	-183.08	4.83	0.20	3220
colight	TRAIN	142	299.4	3.4	-145.84	4.03	0.19	3261
colight	TEST	142	305.8	100.0	-156.70	3.98	0.19	3407
colight	TRAIN	143	287.3	3.0	-132.57	3.53	0.18	3498
colight	TEST	143	360.8	100.0	-174.92	4.73	0.20	3152
colight	TRAIN	144	334.7	3.0	-143.24	3.79	0.19	3348
colight	TEST	144	342.1	100.0	-185.41	4.84	0.21	3043
colight	TRAIN	145	313.6	2.9	-130.76	3.53	0.18	3372
colight	TEST	145	313.7	100.0	-160.86	4.17	0.20	3331
colight	TRAIN	146	323.9	2.9	-133.67	3.59	0.18	3508
colight	TEST	146	348.3	100.0	-170.13	4.43	0.19	3227
colight	TRAIN	147	318.3	2.6	-137.74	3.65	0.18	3356
colight	TEST	147	325.7	100.0	-177.10	4.61	0.20	3147
colight	TRAIN	148	312.1	2.5	-152.88	4.18	0.18	3322
colight	TEST	148	370.3	100.0	-206.47	5.21	0.23	3071
colight	TRAIN	149	323.6	2.5	-148.21	3.94	0.17	3376
colight	TEST	149	345.5	100.0	-199.86	4.79	0.23	3236
colight	TRAIN	150	287.8	2.5	-137.26	3.78	0.17	3475
colight	TEST	150	321.7	100.0	-168.17	4.38	0.19	3350
colight	TRAIN	151	314.1	2.4	-150.05	3.90	0.18	3499
colight	TEST	151	338.8	100.0	-189.36	4.43	0.21	3250
colight	TRAIN	152	286.2	2.4	-159.15	4.29	0.18	3414
colight	TEST	152	344.0	100.0	-200.39	4.96	0.23	3273
colight	TRAIN	153	322.6	2.4	-175.31	4.69	0.20	3057
colight	TEST	153	359.9	100.0	-182.52	4.75	0.22	3293
colight	TRAIN	154	348.1	2.7	-154.91	4.14	0.19	3276
colight	TEST	154	314.3	100.0	-154.49	4.02	0.19	3375
colight	TRAIN	155	315.0	2.7	-140.70	3.78	0.18	3426
colight	TEST	155	297.0	100.0	-157.81	4.08	0.19	3393
colight	TRAIN	156	328.7	2.5	-167.45	4.53	0.19	3186
colight	TEST	156	332.6	100.0	-169.97	4.40	0.19	3220
colight	TRAIN	157	322.2	2.6	-150.49	3.99	0.18	3407
colight	TEST	157	352.7	100.0	-177.51	4.73	0.20	3232
colight	TRAIN	158	287.2	2.5	-133.31	3.62	0.17	3545
colight	TEST	158	289.4	100.0	-162.38	4.08	0.21	3402
colight	TRAIN	159	314.4	2.5	-170.82	4.64	0.20	3360
colight	TEST	159	476.6	100.0	-365.25	9.33	0.32	1728
colight	TRAIN	160	373.1	2.5	-284.47	7.30	0.28	2300
colight	TEST	160	507.6	100.0	-377.26	9.39	0.32	1961
colight	TRAIN	161	302.8	2.8	-195.04	5.25	0.19	3334
colight	TEST	161	278.2	100.0	-154.97	3.96	0.20	3521
colight	TRAIN	162	327.5	3.0	-161.45	4.29	0.19	3343
colight	TEST	162	299.0	100.0	-148.31	3.91	0.18	3509
colight	TRAIN	163	320.6	2.9	-161.48	4.44	0.18	3333
colight	TEST	163	317.9	100.0	-168.37	4.61	0.19	3253
colight	TRAIN	164	341.2	3.0	-156.75	4.20	0.19	3089
colight	TEST	164	349.5	100.0	-169.13	4.32	0.20	3152
colight	TRAIN	165	331.8	3.2	-133.85	3.55	0.18	3446
colight	TEST	165	311.8	100.0	-168.24	4.40	0.20	3330
colight	TRAIN	166	309.7	3.0	-140.23	3.87	0.18	3385
colight	TEST	166	344.0	100.0	-178.76	4.73	0.20	3312
colight	TRAIN	167	342.5	3.0	-153.25	3.94	0.19	3390
colight	TEST	167	355.6	100.0	-210.47	5.92	0.23	3232
colight	TRAIN	168	298.2	3.1	-157.42	4.28	0.19	3497
colight	TEST	168	397.5	100.0	-195.47	5.07	0.23	3190
colight	TRAIN	169	340.2	3.2	-162.17	4.31	0.19	3203
colight	TEST	169	327.6	100.0	-195.82	5.06	0.20	3038
colight	TRAIN	170	373.4	3.1	-194.60	5.12	0.20	3256
colight	TEST	170	359.3	100.0	-170.42	4.40	0.19	3296
colight	TRAIN	171	338.2	3.3	-181.19	4.75	0.20	3114
colight	TEST	171	326.9	100.0	-174.35	4.48	0.21	3348
colight	TRAIN	172	379.7	3.7	-174.78	4.63	0.20	3174
colight	TEST	172	370.5	100.0	-174.70	4.60	0.20	3260
colight	TRAIN	173	420.5	3.3	-196.74	5.09	0.21	3065
colight	TEST	173	331.6	100.0	-177.34	4.69	0.19	3169
colight	TRAIN	174	297.0	4.0	-155.84	4.13	0.17	3437
colight	TEST	174	360.7	100.0	-170.97	4.35	0.20	3305
colight	TRAIN	175	272.4	3.9	-147.92	3.92	0.18	3410
colight	TEST	175	354.2	100.0	-174.78	4.62	0.21	3069
colight	TRAIN	176	359.2	3.4	-162.11	4.39	0.19	3219
colight	TEST	176	332.9	100.0	-165.74	4.40	0.19	3262
colight	TRAIN	177	330.8	4.2	-142.18	3.74	0.18	3498
colight	TEST	177	310.5	100.0	-169.31	4.42	0.20	3317
colight	TRAIN	178	326.9	3.9	-151.71	4.04	0.19	3470
colight	TEST	178	341.6	100.0	-184.12	4.85	0.20	3068
colight	TRAIN	179	353.7	3.9	-164.84	4.35	0.19	3308
colight	TEST	179	381.9	100.0	-170.26	4.40	0.21	3257
colight	TRAIN	180	345.4	4.3	-185.26	4.66	0.21	3042
colight	TEST	180	300.4	100.0	-163.50	4.44	0.19	3286
colight	TRAIN	181	332.7	4.0	-180.54	4.81	0.20	3167
colight	TEST	181	309.2	100.0	-157.59	4.12	0.19	3407
colight	TRAIN	182	302.4	3.9	-121.46	3.26	0.17	3464
colight	TEST	182	441.6	100.0	-213.03	5.42	0.23	2814
colight	TRAIN	183	335.3	3.7	-151.01	4.14	0.20	3245
colight	TEST	183	359.9	100.0	-165.42	4.27	0.21	3266
colight	TRAIN	184	343.0	4.2	-143.03	3.79	0.18	3450
colight	TEST	184	343.3	100.0	-190.40	5.07	0.21	3303
colight	TRAIN	185	358.9	3.7	-172.18	4.67	0.19	3162
colight	TEST	185	335.8	100.0	-148.15	3.89	0.19	3437
colight	TRAIN	186	296.9	3.5	-125.86	3.41	0.17	3506
colight	TEST	186	330.9	100.0	-159.09	4.14	0.18	3258
colight	TRAIN	187	308.5	3.5	-143.74	3.81	0.18	3425
colight	TEST	187	292.9	100.0	-157.58	4.15	0.18	3402
colight	TRAIN	188	308.0	3.0	-148.84	3.93	0.18	3475
colight	TEST	188	372.4	100.0	-195.14	5.00	0.21	2906
colight	TRAIN	189	375.3	3.2	-218.00	5.38	0.22	2776
colight	TEST	189	371.3	100.0	-179.72	4.68	0.21	3190
colight	TRAIN	190	318.0	2.8	-141.91	3.77	0.18	3395
colight	TEST	190	319.9	100.0	-146.06	3.83	0.18	3416
colight	TRAIN	191	300.2	2.6	-146.01	3.91	0.17	3372
colight	TEST	191	336.9	100.0	-169.26	4.33	0.19	3228
colight	TRAIN	192	329.0	2.6	-148.56	3.91	0.18	3481
colight	TEST	192	364.3	100.0	-153.57	3.97	0.19	3286
colight	TRAIN	193	323.8	2.5	-141.04	3.78	0.18	3355
colight	TEST	193	365.1	100.0	-167.83	4.31	0.20	3202
colight	TRAIN	194	322.8	2.5	-120.57	3.29	0.17	3468
colight	TEST	194	416.0	100.0	-201.32	5.19	0.22	2806
colight	TRAIN	195	346.3	2.4	-132.06	3.55	0.18	3452
colight	TEST	195	371.6	100.0	-182.92	4.86	0.21	3325
colight	TRAIN	196	368.8	2.8	-156.80	4.15	0.19	3168
colight	TEST	196	360.0	100.0	-179.64	4.76	0.20	3138
colight	TRAIN	197	351.7	2.6	-161.13	4.15	0.20	3323
colight	TEST	197	371.2	100.0	-189.96	5.20	0.20	3118
colight	TRAIN	198	310.7	2.9	-145.10	4.02	0.19	3342
colight	TEST	198	313.8	100.0	-160.64	4.18	0.18	3386
colight	TRAIN	199	284.8	2.8	-146.98	3.99	0.18	3459
colight	TEST	199	265.2	100.0	-139.56	3.74	0.17	3501
