colight	TRAIN	0	209.9	0.0	-30.07	1.00	0.05	683
colight	HELDOUT	0	510.1	100.0	-256.49	8.05	0.13	215
colight	HELDOUT	0	558.3	100.0	-268.71	8.44	0.13	251
colight	HELDOUT	0	517.0	100.0	-264.89	8.32	0.13	229
colight	HELDOUT_MEAN	0	528.4	100.0	0.00	0.00	0.00	0
colight	TRAIN	1	208.6	0.0	-31.29	1.04	0.05	716
colight	TRAIN	2	209.6	0.0	-32.50	1.07	0.05	729
colight	TRAIN	3	212.0	0.0	-35.60	1.18	0.06	779
colight	TRAIN	4	207.2	0.0	-30.04	1.00	0.05	684
colight	TRAIN	5	219.5	0.3	-36.53	1.20	0.06	723
colight	TRAIN	6	210.6	0.7	-33.08	1.09	0.05	718
colight	TRAIN	7	207.8	1.0	-32.88	1.09	0.05	741
colight	TRAIN	8	212.7	1.1	-36.40	1.20	0.06	740
colight	TRAIN	9	208.9	1.2	-31.00	1.03	0.06	726
colight	TRAIN	10	206.8	1.3	-28.81	0.96	0.05	683
colight	HELDOUT	10	239.9	100.0	-75.43	2.41	0.08	597
colight	HELDOUT	10	248.0	100.0	-82.12	2.62	0.08	624
colight	HELDOUT	10	243.1	100.0	-84.34	2.68	0.08	590
colight	HELDOUT_MEAN	10	243.7	100.0	0.00	0.00	0.00	0
colight	TRAIN	11	203.3	1.1	-28.05	0.93	0.06	720
colight	TRAIN	12	198.1	1.0	-27.41	0.92	0.05	732
colight	TRAIN	13	196.1	0.9	-27.86	0.93	0.05	783
colight	TRAIN	14	188.4	1.0	-21.41	0.73	0.05	704
colight	TRAIN	15	194.4	1.9	-24.16	0.81	0.05	738
colight	TRAIN	16	191.7	2.2	-23.29	0.79	0.05	734
colight	TRAIN	17	184.0	2.6	-21.17	0.72	0.04	750
colight	TRAIN	18	185.1	2.7	-22.03	0.75	0.04	765
colight	TRAIN	19	185.2	2.6	-20.18	0.69	0.04	735
colight	TRAIN	20	184.3	2.1	-19.49	0.66	0.04	685
colight	HELDOUT	20	212.0	100.0	-35.92	1.17	0.06	696
colight	HELDOUT	20	224.3	100.0	-40.49	1.31	0.06	747
colight	HELDOUT	20	203.5	100.0	-29.92	0.98	0.05	734
colight	HELDOUT_MEAN	20	213.2	100.0	0.00	0.00	0.00	0
colight	TRAIN	21	180.1	1.9	-17.82	0.61	0.04	732
colight	TRAIN	22	172.0	2.2	-15.27	0.53	0.03	745
colight	TRAIN	23	175.3	1.5	-17.29	0.60	0.04	798
colight	TRAIN	24	167.6	1.0	-12.24	0.44	0.03	706
colight	TRAIN	25	167.5	0.7	-11.79	0.42	0.03	746
colight	TRAIN	26	166.2	0.5	-11.29	0.40	0.03	742
colight	TRAIN	27	162.9	0.5	-11.03	0.40	0.03	759
colight	TRAIN	28	163.2	0.7	-11.05	0.40	0.03	768
colight	TRAIN	29	163.8	0.4	-9.98	0.36	0.03	743
colight	TRAIN	30	161.1	0.4	-9.07	0.33	0.03	694
colight	HELDOUT	30	158.8	100.0	-8.84	0.32	0.02	735
colight	HELDOUT	30	158.4	100.0	-8.46	0.31	0.03	771
colight	HELDOUT	30	157.9	100.0	-8.26	0.30	0.02	750
colight	HELDOUT_MEAN	30	158.4	100.0	0.00	0.00	0.00	0
colight	TRAIN	31	159.3	0.4	-8.49	0.31	0.03	733
colight	TRAIN	32	159.1	0.4	-8.84	0.33	0.03	750
colight	TRAIN	33	159.2	0.3	-9.33	0.35	0.03	802
colight	TRAIN	34	158.8	0.4	-8.23	0.30	0.02	710
colight	TRAIN	35	161.1	0.4	-9.05	0.33	0.03	751
colight	TRAIN	36	158.1	0.3	-7.69	0.28	0.02	745
colight	TRAIN	37	157.2	0.4	-7.91	0.29	0.02	762
colight	TRAIN	38	156.4	0.4	-8.01	0.29	0.02	778
colight	TRAIN	39	160.7	0.3	-8.50	0.31	0.03	740
colight	TRAIN	40	155.8	0.3	-7.09	0.26	0.02	697
colight	HELDOUT	40	157.9	100.0	-8.08	0.30	0.02	737
colight	HELDOUT	40	158.1	100.0	-8.27	0.30	0.03	769
colight	HELDOUT	40	156.8	100.0	-7.31	0.27	0.02	752
colight	HELDOUT_MEAN	40	157.6	100.0	0.00	0.00	0.00	0
colight	TRAIN	41	156.8	0.2	-7.13	0.26	0.02	737
colight	TRAIN	42	156.7	0.3	-7.90	0.29	0.02	752
colight	TRAIN	43	158.1	0.3	-8.83	0.33	0.03	802
colight	TRAIN	44	156.3	0.2	-7.00	0.26	0.02	712
colight	TRAIN	45	158.6	0.2	-8.07	0.30	0.02	750
colight	TRAIN	46	157.7	0.2	-7.62	0.28	0.02	747
colight	TRAIN	47	156.3	0.3	-7.61	0.28	0.02	762
colight	TRAIN	48	157.1	0.3	-8.34	0.31	0.02	778
colight	TRAIN	49	158.3	0.3	-7.83	0.29	0.02	741
colight	TRAIN	50	156.0	0.2	-7.13	0.26	0.02	696
colight	HELDOUT	50	157.1	100.0	-7.76	0.29	0.02	737
colight	HELDOUT	50	158.4	100.0	-8.47	0.31	0.03	770
colight	HELDOUT	50	156.3	100.0	-7.37	0.27	0.02	751
colight	HELDOUT_MEAN	50	157.3	100.0	0.00	0.00	0.00	0
colight	TRAIN	51	158.2	0.3	-7.68	0.29	0.02	736
colight	TRAIN	52	156.5	0.2	-7.73	0.28	0.02	753
colight	TRAIN	53	158.1	0.3	-8.63	0.32	0.03	804
colight	TRAIN	54	156.0	0.3	-6.93	0.26	0.02	709
colight	TRAIN	55	160.3	0.2	-8.62	0.32	0.03	749
colight	TRAIN	56	159.2	0.4	-8.27	0.30	0.02	746
colight	TRAIN	57	156.7	0.2	-7.85	0.29	0.02	762
colight	TRAIN	58	156.7	0.2	-8.24	0.30	0.02	776
colight	TRAIN	59	159.1	0.2	-8.00	0.29	0.02	742
colight	TRAIN	60	157.2	0.2	-7.46	0.27	0.02	695
colight	HELDOUT	60	156.9	100.0	-7.95	0.29	0.02	736
colight	HELDOUT	60	158.2	100.0	-8.52	0.31	0.03	771
colight	HELDOUT	60	156.8	100.0	-7.57	0.28	0.02	751
colight	HELDOUT_MEAN	60	157.3	100.0	0.00	0.00	0.00	0
colight	TRAIN	61	156.3	0.2	-6.78	0.25	0.02	735
colight	TRAIN	62	157.0	0.2	-7.86	0.29	0.02	751
colight	TRAIN	63	157.6	0.2	-8.67	0.32	0.02	802
colight	TRAIN	64	155.3	0.3	-6.64	0.25	0.02	707
colight	TRAIN	65	158.1	0.4	-7.56	0.28	0.02	753
colight	TRAIN	66	157.7	0.3	-7.68	0.28	0.02	747
colight	TRAIN	67	156.0	0.3	-7.34	0.27	0.02	762
colight	TRAIN	68	158.7	0.2	-9.10	0.33	0.03	778
colight	TRAIN	69	158.6	0.2	-7.61	0.28	0.02	744
colight	TRAIN	70	156.7	0.3	-7.26	0.26	0.02	697
colight	HELDOUT	70	156.0	100.0	-7.47	0.28	0.02	736
colight	HELDOUT	70	156.7	100.0	-7.86	0.29	0.02	770
colight	HELDOUT	70	157.6	100.0	-8.07	0.30	0.02	752
colight	HELDOUT_MEAN	70	156.8	100.0	0.00	0.00	0.00	0
colight	TRAIN	71	156.1	0.3	-6.79	0.25	0.02	736
colight	TRAIN	72	156.3	0.2	-7.47	0.27	0.02	752
colight	TRAIN	73	159.2	0.2	-9.54	0.34	0.03	803
colight	TRAIN	74	156.2	0.2	-6.93	0.26	0.02	711
colight	TRAIN	75	158.1	0.3	-7.57	0.28	0.02	751
colight	TRAIN	76	159.1	0.3	-8.10	0.30	0.02	747
colight	TRAIN	77	156.3	0.4	-7.80	0.29	0.02	762
colight	TRAIN	78	157.2	0.3	-8.40	0.31	0.02	780
colight	TRAIN	79	159.3	0.2	-8.14	0.30	0.02	740
colight	HELDOUT	500	157.3	100.0	-8.06	0.30	0.02	736
colight	HELDOUT	500	158.4	100.0	-8.50	0.31	0.02	770
colight	HELDOUT	500	156.4	100.0	-7.61	0.28	0.02	753
colight	HELDOUT_MEAN	500	157.4	100.0	0.00	0.00	0.00	0
colight	HELDOUT	70	157.3	100.0	-8.06	0.30	0.02	736
colight	HELDOUT	70	158.4	100.0	-8.50	0.31	0.02	770
colight	HELDOUT	70	156.4	100.0	-7.61	0.28	0.02	753
colight	HELDOUT_MEAN	70	157.4	100.0	0.00	0.00	0.00	0
