dqn	TRAIN	0	274.0	0.0	-50.24	1.64	0.07	1427
dqn	TEST	0	889.2	100.0	-480.55	15.05	0.17	400
dqn	TRAIN	1	278.2	0.0	-52.53	1.72	0.07	1421
dqn	TEST	1	889.2	100.0	-480.55	15.05	0.17	400
dqn	TRAIN	2	284.5	1.1	-64.54	2.09	0.08	1334
dqn	TEST	2	867.0	100.0	-471.27	14.77	0.16	425
dqn	TRAIN	3	649.6	2.8	-207.56	6.52	0.14	1320
dqn	TEST	3	785.0	100.0	-428.51	13.43	0.16	554
dqn	TRAIN	4	496.5	10.2	-150.63	4.75	0.13	1340
dqn	TEST	4	751.1	100.0	-417.92	13.10	0.16	569
dqn	TRAIN	5	407.2	12.0	-109.15	3.46	0.11	1374
dqn	TEST	5	587.0	100.0	-303.47	9.52	0.14	865
dqn	TRAIN	6	316.7	10.2	-68.17	2.19	0.09	1413
dqn	TEST	6	477.3	100.0	-279.34	8.78	0.13	886
dqn	TRAIN	7	283.7	7.4	-53.32	1.72	0.08	1424
dqn	TEST	7	354.6	100.0	-129.82	4.11	0.11	1223
dqn	TRAIN	8	267.3	5.4	-44.67	1.45	0.08	1438
dqn	TEST	8	324.1	100.0	-76.51	2.45	0.09	1398
dqn	TRAIN	9	239.1	4.0	-33.76	1.12	0.07	1435
dqn	TEST	9	269.7	100.0	-51.59	1.67	0.08	1408
dqn	TRAIN	10	233.8	3.0	-31.10	1.03	0.06	1444
dqn	TEST	10	262.4	100.0	-87.95	2.81	0.07	1280
dqn	TRAIN	11	225.4	2.4	-27.28	0.92	0.06	1442
dqn	TEST	11	233.3	100.0	-32.62	1.08	0.07	1430
dqn	TRAIN	12	217.4	2.1	-23.70	0.80	0.05	1451
dqn	TEST	12	224.5	100.0	-28.14	0.94	0.06	1440
dqn	TRAIN	13	207.9	1.8	-20.07	0.69	0.05	1444
dqn	TEST	13	206.5	100.0	-19.27	0.67	0.05	1448
dqn	TRAIN	14	202.6	1.6	-17.68	0.61	0.04	1450
dqn	TEST	14	205.3	100.0	-19.03	0.66	0.05	1443
dqn	TRAIN	15	200.8	1.4	-17.04	0.60	0.04	1449
dqn	TEST	15	230.8	100.0	-42.89	1.40	0.05	1385
dqn	TRAIN	16	204.6	1.2	-18.60	0.64	0.04	1449
dqn	TEST	16	263.7	100.0	-115.98	3.68	0.06	1170
dqn	TRAIN	17	203.2	1.1	-17.81	0.62	0.04	1449
dqn	TEST	17	197.2	100.0	-15.40	0.54	0.04	1448
dqn	TRAIN	18	198.9	0.9	-16.27	0.57	0.04	1448
dqn	TEST	18	197.9	100.0	-15.54	0.55	0.04	1450
dqn	TRAIN	19	195.8	0.8	-14.92	0.53	0.04	1450
dqn	TEST	19	198.4	100.0	-16.26	0.57	0.04	1443
dqn	TRAIN	20	195.1	0.7	-14.52	0.51	0.04	1451
dqn	TEST	20	194.7	100.0	-14.33	0.51	0.04	1448
dqn	TRAIN	21	194.2	0.7	-14.18	0.50	0.04	1453
dqn	TEST	21	194.8	100.0	-14.46	0.51	0.04	1450
dqn	TRAIN	22	192.9	0.6	-13.45	0.48	0.04	1446
dqn	TEST	22	192.9	100.0	-13.52	0.48	0.04	1450
dqn	TRAIN	23	193.0	0.6	-13.60	0.49	0.04	1447
dqn	TEST	23	193.4	100.0	-13.82	0.49	0.04	1450
dqn	TRAIN	24	191.6	0.5	-13.06	0.47	0.04	1452
dqn	TEST	24	190.1	100.0	-12.35	0.45	0.03	1451
dqn	TRAIN	25	192.5	0.5	-13.49	0.48	0.03	1450
dqn	TEST	25	192.2	100.0	-13.14	0.47	0.04	1450
dqn	TRAIN	26	189.9	0.5	-12.60	0.45	0.03	1450
dqn	TEST	26	189.7	100.0	-12.36	0.45	0.03	1449
dqn	TRAIN	27	190.7	0.5	-12.86	0.46	0.03	1449
dqn	TEST	27	190.2	100.0	-12.52	0.45	0.03	1449
dqn	TRAIN	28	189.8	0.4	-12.33	0.44	0.03	1451
dqn	TEST	28	189.7	100.0	-12.12	0.44	0.03	1451
dqn	TRAIN	29	189.9	0.4	-12.26	0.45	0.03	1450
dqn	TEST	29	190.6	100.0	-12.85	0.46	0.03	1451
dqn	TRAIN	30	189.1	0.4	-11.99	0.44	0.03	1450
dqn	TEST	30	188.6	100.0	-11.83	0.43	0.03	1452
dqn	TRAIN	31	189.1	0.4	-12.08	0.44	0.03	1448
dqn	TEST	31	189.6	100.0	-12.17	0.44	0.03	1449
dqn	TRAIN	32	188.9	0.4	-12.28	0.44	0.03	1450
dqn	TEST	32	189.7	100.0	-12.36	0.45	0.03	1449
dqn	TRAIN	33	189.6	0.4	-12.39	0.45	0.03	1449
dqn	TEST	33	189.2	100.0	-12.03	0.43	0.03	1450
dqn	TRAIN	34	189.0	0.4	-12.19	0.44	0.03	1449
dqn	TEST	34	189.5	100.0	-12.09	0.44	0.03	1449
dqn	TRAIN	35	189.6	0.4	-12.29	0.44	0.03	1449
dqn	TEST	35	188.4	100.0	-11.76	0.43	0.03	1448
dqn	TRAIN	36	189.2	0.4	-12.34	0.45	0.03	1448
dqn	TEST	36	190.2	100.0	-12.38	0.45	0.03	1449
dqn	TRAIN	37	189.0	0.4	-12.05	0.44	0.03	1450
dqn	TEST	37	189.6	100.0	-12.32	0.44	0.03	1449
dqn	TRAIN	38	189.6	0.4	-12.30	0.45	0.03	1451
dqn	TEST	38	188.2	100.0	-11.64	0.42	0.03	1450
dqn	TRAIN	39	188.9	0.4	-11.86	0.43	0.03	1449
dqn	TEST	39	189.3	100.0	-12.07	0.44	0.03	1449
dqn	TRAIN	40	189.1	0.4	-12.07	0.44	0.03	1449
dqn	TEST	40	188.5	100.0	-11.64	0.42	0.03	1449
dqn	TRAIN	41	189.9	0.4	-12.34	0.45	0.03	1450
dqn	TEST	41	190.0	100.0	-12.46	0.45	0.03	1447
dqn	TRAIN	42	188.4	0.4	-11.95	0.43	0.03	1449
dqn	TEST	42	189.7	100.0	-12.25	0.44	0.03	1448
dqn	TRAIN	43	189.1	0.4	-11.92	0.43	0.03	1451
dqn	TEST	43	189.4	100.0	-11.96	0.44	0.03	1450
dqn	TRAIN	44	188.5	0.4	-11.63	0.42	0.03	1447
dqn	TEST	44	189.0	100.0	-11.97	0.43	0.03	1450
dqn	TRAIN	45	188.9	0.4	-12.01	0.44	0.03	1448
dqn	TEST	45	187.7	100.0	-11.27	0.41	0.03	1450
dqn	TRAIN	46	187.9	0.4	-11.46	0.42	0.03	1450
dqn	TEST	46	189.4	100.0	-11.94	0.43	0.03	1449
dqn	TRAIN	47	188.4	0.4	-11.55	0.42	0.03	1449
dqn	TEST	47	189.2	100.0	-12.10	0.44	0.03	1450
dqn	TRAIN	48	188.5	0.4	-11.61	0.42	0.03	1449
dqn	TEST	48	188.6	100.0	-11.43	0.42	0.03	1450
dqn	TRAIN	49	188.6	0.4	-11.52	0.42	0.03	1449
dqn	TEST	49	189.1	100.0	-11.98	0.43	0.03	1452
dqn	TRAIN	50	188.6	0.4	-11.73	0.42	0.03	1448
dqn	TEST	50	188.9	100.0	-11.78	0.43	0.03	1451
dqn	TRAIN	51	188.7	0.4	-11.69	0.42	0.03	1448
dqn	TEST	51	189.7	100.0	-12.13	0.44	0.03	1450
dqn	TRAIN	52	188.9	0.4	-12.13	0.44	0.03	1449
dqn	TEST	52	187.4	100.0	-11.12	0.40	0.03	1447
dqn	TRAIN	53	189.4	0.4	-12.05	0.44	0.03	1451
dqn	TEST	53	187.4	100.0	-11.41	0.41	0.03	1448
dqn	TRAIN	54	189.5	0.4	-12.01	0.43	0.03	1450
dqn	TEST	54	188.2	100.0	-11.50	0.42	0.03	1447
dqn	TRAIN	55	187.4	0.4	-11.27	0.41	0.03	1450
dqn	TEST	55	187.5	100.0	-11.34	0.41	0.03	1448
dqn	TRAIN	56	187.9	0.4	-11.48	0.42	0.03	1449
dqn	TEST	56	187.3	100.0	-11.37	0.41	0.03	1448
dqn	TRAIN	57	188.9	0.4	-11.94	0.44	0.03	1450
dqn	TEST	57	188.1	100.0	-11.49	0.42	0.03	1450
dqn	TRAIN	58	188.4	0.4	-11.55	0.42	0.03	1447
dqn	TEST	58	186.6	100.0	-10.70	0.39	0.03	1451
dqn	TRAIN	59	189.9	0.3	-12.37	0.45	0.03	1447
dqn	TEST	59	188.2	100.0	-11.35	0.41	0.03	1451
dqn	TRAIN	60	189.0	0.4	-12.07	0.44	0.03	1448
dqn	TEST	60	189.1	100.0	-11.92	0.43	0.03	1449
dqn	TRAIN	61	189.3	0.4	-11.93	0.43	0.03	1449
dqn	TEST	61	187.4	100.0	-11.19	0.41	0.03	1449
dqn	TRAIN	62	188.9	0.4	-11.98	0.44	0.03	1447
dqn	TEST	62	188.4	100.0	-11.54	0.42	0.03	1446
dqn	TRAIN	63	188.7	0.4	-11.71	0.43	0.03	1448
dqn	TEST	63	188.7	100.0	-11.88	0.43	0.03	1446
dqn	TRAIN	64	189.3	0.4	-11.90	0.43	0.03	1448
dqn	TEST	64	188.0	100.0	-11.41	0.42	0.03	1449
dqn	TRAIN	65	188.9	0.4	-12.00	0.44	0.03	1450
dqn	TEST	65	188.6	100.0	-11.70	0.43	0.03	1449
dqn	TRAIN	66	188.5	0.4	-11.48	0.42	0.03	1451
dqn	TEST	66	189.1	100.0	-11.96	0.43	0.03	1450
dqn	TRAIN	67	188.7	0.3	-11.57	0.42	0.03	1449
dqn	TEST	67	187.8	100.0	-11.20	0.41	0.03	1450
dqn	TRAIN	68	189.1	0.3	-11.77	0.43	0.03	1448
dqn	TEST	68	188.6	100.0	-11.62	0.42	0.03	1452
dqn	TRAIN	69	190.0	0.3	-12.22	0.44	0.03	1450
dqn	TEST	69	189.2	100.0	-11.65	0.42	0.03	1450
dqn	TRAIN	70	190.2	0.4	-12.30	0.44	0.03	1450
dqn	TEST	70	188.1	100.0	-11.43	0.42	0.03	1449
dqn	TRAIN	71	189.7	0.4	-11.99	0.43	0.03	1449
dqn	TEST	71	187.8	100.0	-11.24	0.41	0.03	1449
dqn	TRAIN	72	188.6	0.4	-11.63	0.42	0.03	1449
dqn	TEST	72	189.3	100.0	-12.00	0.43	0.03	1450
dqn	TRAIN	73	188.8	0.4	-11.74	0.43	0.03	1449
dqn	TEST	73	188.2	100.0	-11.47	0.42	0.03	1450
dqn	TRAIN	74	189.6	0.3	-12.28	0.44	0.03	1450
dqn	TEST	74	188.6	100.0	-11.66	0.42	0.03	1449
dqn	TRAIN	75	188.4	0.4	-11.44	0.42	0.03	1450
dqn	TEST	75	188.4	100.0	-11.37	0.41	0.03	1449
dqn	TRAIN	76	189.9	0.4	-12.32	0.45	0.03	1449
dqn	TEST	76	188.3	100.0	-11.66	0.42	0.03	1447
dqn	TRAIN	77	189.4	0.4	-12.13	0.44	0.03	1450
dqn	TEST	77	187.9	100.0	-11.32	0.41	0.03	1451
dqn	TRAIN	78	188.4	0.4	-11.67	0.42	0.03	1449
dqn	TEST	78	188.0	100.0	-11.27	0.41	0.03	1447
dqn	TRAIN	79	189.4	0.4	-12.04	0.44	0.03	1451
dqn	TEST	79	189.3	100.0	-11.80	0.43	0.03	1451
dqn	TRAIN	80	188.8	0.4	-11.81	0.43	0.03	1451
dqn	TEST	80	189.2	100.0	-12.02	0.44	0.03	1448
dqn	TRAIN	81	187.8	0.4	-11.44	0.42	0.03	1450
dqn	TEST	81	188.2	100.0	-11.45	0.42	0.03	1450
dqn	TRAIN	82	188.7	0.4	-11.54	0.42	0.03	1449
dqn	TEST	82	189.7	100.0	-12.31	0.44	0.03	1449
dqn	TRAIN	83	188.9	0.4	-11.83	0.43	0.03	1447
dqn	TEST	83	189.4	100.0	-11.96	0.43	0.03	1449
dqn	TRAIN	84	189.7	0.4	-12.29	0.44	0.03	1450
dqn	TEST	84	187.8	100.0	-11.36	0.42	0.03	1449
dqn	TRAIN	85	189.8	0.4	-12.10	0.44	0.03	1450
dqn	TEST	85	188.6	100.0	-11.59	0.42	0.03	1450
dqn	TRAIN	86	189.5	0.4	-12.21	0.44	0.03	1448
dqn	TEST	86	189.8	100.0	-12.28	0.44	0.03	1449
dqn	TRAIN	87	187.7	0.4	-11.27	0.41	0.03	1448
dqn	TEST	87	188.8	100.0	-11.90	0.43	0.03	1449
dqn	TRAIN	88	189.0	0.4	-12.09	0.44	0.03	1448
dqn	TEST	88	189.1	100.0	-11.83	0.43	0.03	1450
dqn	TRAIN	89	188.5	0.4	-11.75	0.43	0.03	1448
dqn	TEST	89	189.5	100.0	-11.95	0.43	0.03	1449
dqn	TRAIN	90	188.4	0.4	-11.52	0.42	0.03	1451
dqn	TEST	90	188.8	100.0	-11.82	0.43	0.03	1449
dqn	TRAIN	91	189.0	0.4	-11.73	0.42	0.03	1452
dqn	TEST	91	188.4	100.0	-11.22	0.41	0.03	1449
dqn	TRAIN	92	188.6	0.4	-11.36	0.41	0.03	1449
dqn	TEST	92	189.2	100.0	-12.01	0.44	0.03	1448
dqn	TRAIN	93	189.0	0.4	-11.83	0.43	0.03	1450
dqn	TEST	93	189.6	100.0	-12.12	0.44	0.03	1449
dqn	TRAIN	94	188.8	0.4	-11.65	0.43	0.03	1451
dqn	TEST	94	188.8	100.0	-11.69	0.42	0.03	1448
dqn	TRAIN	95	189.8	0.4	-12.18	0.44	0.03	1449
dqn	TEST	95	188.8	100.0	-11.84	0.43	0.03	1449
dqn	TRAIN	96	189.0	0.4	-11.72	0.43	0.03	1452
dqn	TEST	96	188.9	100.0	-11.61	0.42	0.03	1450
dqn	TRAIN	97	188.8	0.4	-11.76	0.43	0.03	1448
dqn	TEST	97	187.9	100.0	-11.28	0.41	0.03	1451
dqn	TRAIN	98	187.7	0.4	-11.34	0.41	0.03	1448
dqn	TEST	98	188.8	100.0	-11.69	0.42	0.03	1450
dqn	TRAIN	99	188.6	0.4	-11.66	0.42	0.03	1448
dqn	TEST	99	190.0	100.0	-12.25	0.44	0.03	1449
dqn	TRAIN	100	187.8	0.4	-11.30	0.41	0.03	1447
dqn	TEST	100	189.8	100.0	-12.14	0.44	0.03	1451
dqn	TRAIN	101	188.5	0.4	-11.52	0.42	0.03	1448
dqn	TEST	101	188.0	100.0	-11.36	0.42	0.03	1450
dqn	TRAIN	102	189.6	0.4	-12.12	0.44	0.03	1451
dqn	TEST	102	188.7	100.0	-11.65	0.42	0.03	1450
dqn	TRAIN	103	189.1	0.4	-11.72	0.43	0.03	1447
dqn	TEST	103	188.5	100.0	-11.38	0.42	0.03	1448
dqn	TRAIN	104	187.6	0.4	-11.21	0.41	0.03	1450
dqn	TEST	104	188.2	100.0	-11.42	0.42	0.03	1452
dqn	TRAIN	105	188.0	0.4	-11.43	0.41	0.03	1449
dqn	TEST	105	188.0	100.0	-11.22	0.41	0.03	1450
dqn	TRAIN	106	187.9	0.4	-11.43	0.42	0.03	1449
dqn	TEST	106	188.0	100.0	-11.42	0.42	0.03	1450
dqn	TRAIN	107	189.0	0.4	-11.84	0.43	0.03	1448
dqn	TEST	107	187.9	100.0	-11.36	0.41	0.03	1449
dqn	TRAIN	108	189.0	0.4	-11.92	0.43	0.03	1449
dqn	TEST	108	189.3	100.0	-11.77	0.43	0.03	1450
dqn	TRAIN	109	188.2	0.3	-11.51	0.42	0.03	1452
dqn	TEST	109	188.3	100.0	-11.72	0.43	0.03	1451
dqn	TRAIN	110	189.1	0.3	-12.08	0.44	0.03	1450
dqn	TEST	110	188.0	100.0	-11.55	0.42	0.03	1450
dqn	TRAIN	111	189.1	0.3	-11.77	0.43	0.03	1450
dqn	TEST	111	187.9	100.0	-11.29	0.41	0.03	1449
dqn	TRAIN	112	188.7	0.3	-11.72	0.42	0.03	1449
dqn	TEST	112	187.5	100.0	-11.18	0.41	0.03	1449
dqn	TRAIN	113	187.8	0.3	-11.28	0.41	0.03	1450
dqn	TEST	113	188.4	100.0	-11.50	0.42	0.03	1449
dqn	TRAIN	114	188.3	0.3	-11.73	0.43	0.03	1449
dqn	TEST	114	188.9	100.0	-11.74	0.42	0.03	1448
dqn	TRAIN	115	189.5	0.3	-11.92	0.43	0.03	1448
dqn	TEST	115	188.4	100.0	-11.57	0.42	0.03	1449
dqn	TRAIN	116	188.3	0.4	-11.81	0.43	0.03	1450
dqn	TEST	116	188.4	100.0	-11.59	0.42	0.03	1449
dqn	TRAIN	117	188.8	0.3	-11.74	0.43	0.03	1449
dqn	TEST	117	188.6	100.0	-11.69	0.42	0.03	1448
dqn	TRAIN	118	188.8	0.3	-11.81	0.43	0.03	1450
dqn	TEST	118	189.2	100.0	-11.97	0.43	0.03	1448
dqn	TRAIN	119	188.5	0.3	-11.74	0.43	0.03	1447
dqn	TEST	119	188.2	100.0	-11.61	0.42	0.03	1449
dqn	TRAIN	120	188.3	0.4	-11.75	0.43	0.03	1448
dqn	TEST	120	187.7	100.0	-11.58	0.42	0.03	1447
dqn	TRAIN	121	187.5	0.4	-11.20	0.41	0.03	1448
dqn	TEST	121	188.5	100.0	-11.74	0.43	0.03	1449
dqn	TRAIN	122	187.6	0.4	-11.26	0.41	0.03	1449
dqn	TEST	122	188.0	100.0	-11.44	0.42	0.03	1449
dqn	TRAIN	123	188.1	0.4	-11.32	0.41	0.03	1447
dqn	TEST	123	188.7	100.0	-11.84	0.43	0.03	1449
dqn	TRAIN	124	187.8	0.4	-11.46	0.42	0.03	1447
dqn	TEST	124	187.7	100.0	-11.28	0.41	0.03	1447
dqn	TRAIN	125	187.4	0.3	-11.22	0.41	0.03	1449
dqn	TEST	125	187.6	100.0	-11.20	0.41	0.03	1449
dqn	TRAIN	126	188.8	0.3	-11.90	0.43	0.03	1449
dqn	TEST	126	187.2	100.0	-11.05	0.40	0.03	1449
dqn	TRAIN	127	188.0	0.4	-11.48	0.42	0.03	1450
dqn	TEST	127	187.1	100.0	-11.19	0.41	0.03	1449
dqn	TRAIN	128	188.4	0.4	-11.71	0.42	0.03	1449
dqn	TEST	128	187.7	100.0	-11.40	0.42	0.03	1449
dqn	TRAIN	129	188.4	0.3	-11.69	0.42	0.03	1448
dqn	TEST	129	188.0	100.0	-11.45	0.42	0.03	1449
dqn	TRAIN	130	188.3	0.3	-11.77	0.42	0.03	1448
dqn	TEST	130	188.1	100.0	-11.58	0.42	0.03	1448
dqn	TRAIN	131	188.8	0.3	-12.06	0.44	0.03	1448
dqn	TEST	131	187.6	100.0	-11.33	0.41	0.03	1449
dqn	TRAIN	132	188.3	0.4	-11.46	0.42	0.03	1450
dqn	TEST	132	188.4	100.0	-11.77	0.43	0.03	1446
dqn	TRAIN	133	187.5	0.4	-11.49	0.42	0.03	1447
dqn	TEST	133	187.9	100.0	-11.32	0.41	0.03	1447
dqn	TRAIN	134	188.7	0.3	-11.85	0.43	0.03	1450
dqn	TEST	134	188.1	100.0	-11.45	0.42	0.03	1449
dqn	TRAIN	135	188.2	0.4	-11.51	0.42	0.03	1449
dqn	TEST	135	187.4	100.0	-11.00	0.40	0.03	1448
dqn	TRAIN	136	187.3	0.3	-11.15	0.40	0.03	1449
dqn	TEST	136	186.4	100.0	-10.89	0.40	0.03	1451
dqn	TRAIN	137	188.1	0.3	-11.51	0.42	0.03	1450
dqn	TEST	137	187.4	100.0	-11.28	0.41	0.03	1450
dqn	TRAIN	138	188.4	0.3	-11.54	0.42	0.03	1451
dqn	TEST	138	188.7	100.0	-11.84	0.43	0.03	1451
dqn	TRAIN	139	188.1	0.4	-11.28	0.41	0.03	1450
dqn	TEST	139	189.0	100.0	-11.92	0.43	0.03	1450
dqn	TRAIN	140	187.7	0.4	-11.23	0.41	0.03	1450
dqn	TEST	140	187.0	100.0	-11.08	0.40	0.03	1450
dqn	TRAIN	141	187.9	0.3	-11.48	0.42	0.03	1451
dqn	TEST	141	188.4	100.0	-11.63	0.42	0.03	1450
dqn	TRAIN	142	188.0	0.3	-11.52	0.42	0.03	1449
dqn	TEST	142	188.2	100.0	-11.57	0.42	0.03	1452
dqn	TRAIN	143	188.4	0.4	-11.83	0.43	0.03	1450
dqn	TEST	143	188.3	100.0	-11.37	0.41	0.03	1452
dqn	TRAIN	144	188.8	0.3	-11.73	0.42	0.03	1448
dqn	TEST	144	188.7	100.0	-11.69	0.42	0.03	1451
dqn	TRAIN	145	187.9	0.4	-11.64	0.42	0.03	1450
dqn	TEST	145	187.3	100.0	-11.19	0.41	0.03	1450
dqn	TRAIN	146	188.3	0.3	-11.51	0.42	0.03	1451
dqn	TEST	146	189.0	100.0	-11.86	0.43	0.03	1448
dqn	TRAIN	147	188.8	0.3	-11.89	0.43	0.03	1448
dqn	TEST	147	187.8	100.0	-11.48	0.42	0.03	1449
dqn	TRAIN	148	188.0	0.4	-11.48	0.42	0.03	1448
dqn	TEST	148	188.4	100.0	-11.76	0.43	0.03	1448
dqn	TRAIN	149	187.9	0.3	-11.34	0.41	0.03	1451
dqn	TEST	149	189.0	100.0	-11.90	0.43	0.03	1449
dqn	TRAIN	150	188.7	0.4	-11.85	0.43	0.03	1449
dqn	TEST	150	186.7	100.0	-10.85	0.40	0.03	1450
dqn	TRAIN	151	189.1	0.4	-12.17	0.44	0.03	1447
dqn	TEST	151	188.2	100.0	-11.42	0.42	0.03	1450
dqn	TRAIN	152	187.3	0.4	-11.26	0.41	0.03	1449
dqn	TEST	152	188.8	100.0	-11.80	0.43	0.03	1453
dqn	TRAIN	153	187.3	0.4	-11.13	0.40	0.03	1449
dqn	TEST	153	187.9	100.0	-11.57	0.42	0.03	1450
dqn	TRAIN	154	187.5	0.4	-11.14	0.41	0.03	1450
dqn	TEST	154	187.8	100.0	-11.42	0.42	0.03	1450
dqn	TRAIN	155	188.5	0.4	-11.83	0.43	0.03	1448
dqn	TEST	155	188.2	100.0	-11.55	0.42	0.03	1452
dqn	TRAIN	156	188.0	0.4	-11.44	0.41	0.03	1451
dqn	TEST	156	188.9	100.0	-12.06	0.44	0.03	1449
dqn	TRAIN	157	189.2	0.4	-12.18	0.44	0.03	1450
dqn	TEST	157	188.2	100.0	-11.62	0.42	0.03	1450
dqn	TRAIN	158	187.8	0.4	-11.40	0.41	0.03	1451
dqn	TEST	158	188.5	100.0	-11.68	0.42	0.03	1450
dqn	TRAIN	159	188.3	0.4	-11.50	0.42	0.03	1449
dqn	TEST	159	187.1	100.0	-11.08	0.41	0.03	1450
dqn	TRAIN	160	188.7	0.4	-11.80	0.43	0.03	1450
dqn	TEST	160	187.3	100.0	-11.10	0.40	0.03	1452
dqn	TRAIN	161	188.8	0.4	-11.74	0.43	0.03	1450
dqn	TEST	161	188.3	100.0	-11.57	0.42	0.03	1450
dqn	TRAIN	162	188.3	0.4	-11.53	0.42	0.03	1450
dqn	TEST	162	186.3	100.0	-10.57	0.39	0.03	1449
dqn	TRAIN	163	188.0	0.4	-11.51	0.42	0.03	1449
dqn	TEST	163	187.9	100.0	-11.45	0.42	0.03	1449
dqn	TRAIN	164	186.4	0.4	-10.67	0.39	0.03	1450
dqn	TEST	164	187.9	100.0	-11.51	0.42	0.03	1449
dqn	TRAIN	165	187.5	0.4	-11.49	0.42	0.03	1450
dqn	TEST	165	188.2	100.0	-11.41	0.41	0.03	1448
dqn	TRAIN	166	188.9	0.3	-11.67	0.42	0.03	1452
dqn	TEST	166	187.8	100.0	-11.40	0.41	0.03	1449
dqn	TRAIN	167	188.1	0.3	-11.41	0.41	0.03	1449
dqn	TEST	167	189.3	100.0	-11.86	0.43	0.03	1452
dqn	TRAIN	168	188.6	0.4	-11.60	0.42	0.03	1448
dqn	TEST	168	188.2	100.0	-11.56	0.42	0.03	1451
dqn	TRAIN	169	187.5	0.4	-11.22	0.41	0.03	1449
dqn	TEST	169	187.5	100.0	-11.31	0.41	0.03	1450
dqn	TRAIN	170	188.0	0.4	-11.43	0.42	0.03	1450
dqn	TEST	170	188.8	100.0	-11.69	0.43	0.03	1451
dqn	TRAIN	171	188.4	0.3	-11.70	0.42	0.03	1452
dqn	TEST	171	189.0	100.0	-11.91	0.43	0.03	1450
dqn	TRAIN	172	188.3	0.3	-11.47	0.42	0.03	1449
dqn	TEST	172	188.9	100.0	-11.60	0.42	0.03	1449
dqn	TRAIN	173	188.9	0.3	-11.78	0.43	0.03	1452
dqn	TEST	173	187.8	100.0	-11.25	0.41	0.03	1450
dqn	TRAIN	174	187.8	0.3	-11.60	0.42	0.03	1450
dqn	TEST	174	189.5	100.0	-12.07	0.44	0.03	1449
dqn	TRAIN	175	189.2	0.3	-12.01	0.43	0.03	1450
dqn	TEST	175	187.0	100.0	-10.81	0.40	0.03	1448
dqn	TRAIN	176	188.6	0.3	-11.67	0.42	0.03	1447
dqn	TEST	176	188.7	100.0	-11.66	0.42	0.03	1448
dqn	TRAIN	177	188.3	0.4	-11.62	0.42	0.03	1451
dqn	TEST	177	187.3	100.0	-10.99	0.40	0.03	1451
dqn	TRAIN	178	188.1	0.3	-11.29	0.41	0.03	1450
dqn	TEST	178	186.7	100.0	-10.81	0.39	0.03	1451
dqn	TRAIN	179	189.0	0.4	-11.86	0.43	0.03	1449
dqn	TEST	179	187.8	100.0	-11.33	0.41	0.03	1450
dqn	TRAIN	180	187.7	0.4	-11.20	0.41	0.03	1451
dqn	TEST	180	187.5	100.0	-11.25	0.41	0.03	1449
dqn	TRAIN	181	187.0	0.4	-10.87	0.40	0.03	1451
dqn	TEST	181	187.9	100.0	-11.28	0.41	0.03	1448
dqn	TRAIN	182	187.7	0.3	-11.06	0.40	0.03	1451
dqn	TEST	182	187.1	100.0	-10.92	0.40	0.03	1452
dqn	TRAIN	183	188.7	0.4	-11.91	0.43	0.03	1452
dqn	TEST	183	187.6	100.0	-11.13	0.41	0.03	1448
dqn	TRAIN	184	189.4	0.4	-11.84	0.43	0.03	1451
dqn	TEST	184	187.2	100.0	-10.96	0.40	0.03	1450
dqn	TRAIN	185	188.1	0.4	-11.15	0.41	0.03	1449
dqn	TEST	185	187.1	100.0	-10.72	0.39	0.03	1451
dqn	TRAIN	186	187.9	0.3	-11.26	0.41	0.03	1450
dqn	TEST	186	186.3	100.0	-10.50	0.39	0.03	1448
dqn	TRAIN	187	188.1	0.3	-11.49	0.42	0.03	1448
dqn	TEST	187	187.2	100.0	-10.89	0.40	0.03	1449
dqn	TRAIN	188	187.9	0.3	-11.29	0.41	0.03	1447
dqn	TEST	188	186.9	100.0	-10.83	0.40	0.03	1448
dqn	TRAIN	189	187.9	0.3	-11.48	0.42	0.03	1448
dqn	TEST	189	187.8	100.0	-11.32	0.41	0.03	1449
dqn	TRAIN	190	188.0	0.3	-11.44	0.42	0.03	1450
dqn	TEST	190	188.9	100.0	-11.67	0.42	0.03	1450
dqn	TRAIN	191	189.3	0.3	-11.81	0.43	0.03	1452
dqn	TEST	191	187.8	100.0	-11.58	0.42	0.03	1449
dqn	TRAIN	192	187.0	0.3	-10.75	0.39	0.03	1449
dqn	TEST	192	186.8	100.0	-10.95	0.40	0.03	1451
dqn	TRAIN	193	188.1	0.3	-11.62	0.42	0.03	1448
dqn	TEST	193	188.1	100.0	-11.43	0.41	0.03	1448
dqn	TRAIN	194	187.4	0.3	-11.14	0.41	0.03	1449
dqn	TEST	194	188.2	100.0	-11.45	0.42	0.03	1450
dqn	TRAIN	195	187.6	0.3	-11.35	0.41	0.03	1450
dqn	TEST	195	187.8	100.0	-11.38	0.41	0.03	1448
dqn	TRAIN	196	188.3	0.3	-11.28	0.41	0.03	1449
dqn	TEST	196	188.1	100.0	-11.33	0.41	0.03	1448
dqn	TRAIN	197	187.7	0.3	-11.21	0.41	0.03	1449
dqn	TEST	197	187.4	100.0	-11.31	0.41	0.03	1448
dqn	TRAIN	198	188.7	0.3	-11.60	0.42	0.03	1452
dqn	TEST	198	187.2	100.0	-11.02	0.40	0.03	1450
dqn	TRAIN	199	189.0	0.3	-11.84	0.43	0.03	1450
dqn	TEST	199	187.7	100.0	-11.27	0.41	0.03	1449
