dqn_rich	TRAIN	0	337.5	0.0	-263.28	7.39	0.19	1352
dqn_rich	HELDOUT	0	334.7	100.0	-408.69	11.26	0.30	665
dqn_rich	HELDOUT	0	364.6	100.0	-414.37	11.29	0.31	677
dqn_rich	HELDOUT	0	353.0	100.0	-422.70	11.64	0.31	686
dqn_rich	HELDOUT_MEAN	0	350.8	100.0	0.00	0.00	0.00	0
dqn_rich	TRAIN	1	346.2	0.0	-265.41	7.52	0.19	1259
dqn_rich	TRAIN	2	345.8	0.0	-271.20	7.62	0.19	1307
dqn_rich	TRAIN	3	327.8	0.0	-257.58	7.31	0.19	1486
dqn_rich	TRAIN	4	345.0	0.0	-271.51	7.60	0.19	1260
dqn_rich	TRAIN	5	314.4	65.5	-322.18	8.95	0.25	952
dqn_rich	TRAIN	6	476.4	103.8	-381.66	10.19	0.31	648
dqn_rich	TRAIN	7	373.5	303.2	-334.56	9.02	0.28	556
dqn_rich	TRAIN	8	353.8	425.1	-305.14	8.50	0.28	610
dqn_rich	TRAIN	9	378.4	465.0	-333.45	8.96	0.27	575
dqn_rich	TRAIN	10	457.3	492.8	-320.38	8.71	0.26	600
dqn_rich	HELDOUT	10	373.8	100.0	-409.52	10.54	0.33	291
dqn_rich	HELDOUT	10	392.7	100.0	-422.17	10.83	0.34	295
dqn_rich	HELDOUT	10	402.3	100.0	-420.81	10.70	0.35	282
dqn_rich	HELDOUT_MEAN	10	389.6	100.0	0.00	0.00	0.00	0
dqn_rich	TRAIN	11	384.3	466.6	-304.02	8.55	0.26	638
dqn_rich	TRAIN	12	386.3	441.3	-314.11	8.68	0.26	823
dqn_rich	TRAIN	13	346.4	393.1	-287.12	8.08	0.24	816
dqn_rich	TRAIN	14	389.9	343.8	-311.26	8.49	0.23	896
dqn_rich	TRAIN	15	391.6	303.8	-299.50	8.09	0.22	868
dqn_rich	TRAIN	16	413.2	275.2	-286.62	8.07	0.22	976
dqn_rich	TRAIN	17	349.2	240.7	-284.63	7.83	0.20	990
dqn_rich	TRAIN	18	348.3	211.4	-274.43	7.62	0.19	966
dqn_rich	TRAIN	19	349.8	176.3	-282.95	7.75	0.20	1030
dqn_rich	TRAIN	20	377.5	154.9	-268.19	7.51	0.20	951
dqn_rich	HELDOUT	20	341.9	100.0	-291.22	7.94	0.20	705
dqn_rich	HELDOUT	20	337.2	100.0	-269.08	7.54	0.20	791
dqn_rich	HELDOUT	20	331.7	100.0	-281.62	7.75	0.21	785
dqn_rich	HELDOUT_MEAN	20	336.9	100.0	0.00	0.00	0.00	0
dqn_rich	TRAIN	21	333.9	140.5	-258.54	7.40	0.20	1071
dqn_rich	TRAIN	22	335.7	122.8	-269.36	7.61	0.19	985
dqn_rich	TRAIN	23	328.3	115.5	-275.79	7.80	0.19	962
dqn_rich	TRAIN	24	333.0	115.7	-270.02	7.53	0.18	965
dqn_rich	TRAIN	25	317.9	112.0	-248.00	7.30	0.17	1183
dqn_rich	TRAIN	26	318.5	108.3	-257.22	7.57	0.17	1112
dqn_rich	TRAIN	27	328.4	102.3	-282.99	7.71	0.19	1087
dqn_rich	TRAIN	28	301.7	105.9	-243.04	7.08	0.16	1209
dqn_rich	TRAIN	29	296.9	102.4	-270.16	7.73	0.18	1061
dqn_rich	TRAIN	30	337.4	109.2	-265.29	7.39	0.18	1043
dqn_rich	HELDOUT	30	292.3	100.0	-267.02	7.46	0.18	1089
dqn_rich	HELDOUT	30	287.3	100.0	-250.95	7.21	0.17	1172
dqn_rich	HELDOUT	30	281.2	100.0	-260.10	7.32	0.18	1089
dqn_rich	HELDOUT_MEAN	30	286.9	100.0	0.00	0.00	0.00	0
dqn_rich	TRAIN	31	322.0	105.5	-253.28	7.22	0.17	1110
dqn_rich	TRAIN	32	312.1	108.4	-254.62	7.39	0.17	1223
dqn_rich	TRAIN	33	329.3	102.7	-241.52	6.98	0.15	1205
dqn_rich	TRAIN	34	287.9	108.2	-259.19	7.40	0.17	1063
dqn_rich	TRAIN	35	323.2	103.9	-257.67	7.43	0.17	1175
dqn_rich	TRAIN	36	332.9	92.2	-250.25	7.18	0.16	1228
dqn_rich	TRAIN	37	300.1	98.9	-257.08	7.22	0.17	1147
dqn_rich	TRAIN	38	310.4	95.3	-246.44	7.10	0.16	1170
dqn_rich	TRAIN	39	314.3	92.8	-255.47	7.31	0.16	1052
dqn_rich	TRAIN	40	327.6	85.7	-256.30	7.23	0.17	1122
dqn_rich	HELDOUT	40	249.0	100.0	-267.57	7.74	0.17	963
dqn_rich	HELDOUT	40	259.7	100.0	-239.17	7.18	0.15	1150
dqn_rich	HELDOUT	40	275.1	100.0	-252.68	7.47	0.17	1108
dqn_rich	HELDOUT_MEAN	40	261.3	100.0	0.00	0.00	0.00	0
dqn_rich	TRAIN	41	331.3	89.1	-240.07	6.93	0.16	1255
dqn_rich	TRAIN	42	295.6	84.7	-245.46	7.00	0.16	1307
dqn_rich	TRAIN	43	307.4	81.2	-261.77	7.22	0.16	1113
dqn_rich	TRAIN	44	284.8	83.7	-249.47	7.11	0.15	1227
dqn_rich	TRAIN	45	301.3	82.5	-245.41	6.92	0.15	1217
dqn_rich	TRAIN	46	275.3	84.6	-265.13	7.24	0.16	1177
dqn_rich	TRAIN	47	326.2	86.4	-249.28	6.95	0.15	1274
dqn_rich	TRAIN	48	290.2	83.0	-254.04	7.14	0.15	1132
dqn_rich	TRAIN	49	294.4	91.2	-246.17	7.09	0.16	1147
dqn_rich	TRAIN	50	302.4	85.7	-238.21	6.80	0.15	1177
dqn_rich	HELDOUT	50	293.5	100.0	-251.56	7.24	0.18	1167
dqn_rich	HELDOUT	50	296.1	100.0	-247.31	7.08	0.17	1215
dqn_rich	HELDOUT	50	303.8	100.0	-256.32	7.29	0.19	1225
dqn_rich	HELDOUT_MEAN	50	297.8	100.0	0.00	0.00	0.00	0
dqn_rich	TRAIN	51	296.1	84.5	-255.63	7.20	0.16	1113
dqn_rich	TRAIN	52	339.3	81.2	-254.04	6.96	0.16	1190
dqn_rich	TRAIN	53	301.6	79.8	-247.11	6.98	0.15	1351
dqn_rich	TRAIN	54	298.6	79.5	-233.35	6.65	0.14	1337
dqn_rich	TRAIN	55	282.5	75.2	-230.71	6.64	0.14	1474
dqn_rich	TRAIN	56	281.6	72.7	-231.18	6.62	0.14	1321
dqn_rich	TRAIN	57	305.7	73.4	-263.23	7.20	0.15	1180
dqn_rich	TRAIN	58	289.7	74.7	-246.39	7.00	0.14	1291
dqn_rich	TRAIN	59	297.8	75.0	-238.87	6.82	0.15	1399
dqn_rich	TRAIN	60	317.2	71.9	-235.12	6.77	0.14	1265
dqn_rich	HELDOUT	60	267.6	100.0	-240.00	7.01	0.16	1257
dqn_rich	HELDOUT	60	271.3	100.0	-245.94	7.12	0.17	1244
dqn_rich	HELDOUT	60	272.2	100.0	-235.90	6.97	0.16	1305
dqn_rich	HELDOUT_MEAN	60	270.4	100.0	0.00	0.00	0.00	0
dqn_rich	TRAIN	61	301.4	70.5	-245.56	6.98	0.15	1267
dqn_rich	TRAIN	62	286.7	71.0	-234.12	6.73	0.14	1416
dqn_rich	TRAIN	63	299.2	66.0	-271.23	7.42	0.15	1304
dqn_rich	TRAIN	64	275.8	66.9	-255.02	7.05	0.15	1258
dqn_rich	TRAIN	65	281.3	69.3	-236.31	6.72	0.14	1346
dqn_rich	TRAIN	66	319.7	70.7	-267.18	7.31	0.15	1267
dqn_rich	TRAIN	67	291.9	74.4	-266.09	7.25	0.15	1197
dqn_rich	TRAIN	68	281.1	77.7	-275.86	7.49	0.15	1209
dqn_rich	TRAIN	69	286.6	86.2	-254.47	7.24	0.14	1300
dqn_rich	TRAIN	70	297.4	88.4	-255.73	7.08	0.15	1158
dqn_rich	HELDOUT	70	258.1	100.0	-259.40	7.34	0.16	1086
dqn_rich	HELDOUT	70	286.8	100.0	-255.11	7.24	0.16	1173
dqn_rich	HELDOUT	70	283.1	100.0	-246.98	7.05	0.16	1168
dqn_rich	HELDOUT_MEAN	70	276.0	100.0	0.00	0.00	0.00	0
dqn_rich	TRAIN	71	298.9	87.3	-245.53	6.91	0.15	1284
dqn_rich	TRAIN	72	267.7	94.7	-234.74	6.81	0.14	1371
dqn_rich	TRAIN	73	311.2	90.2	-259.10	7.14	0.14	1299
dqn_rich	TRAIN	74	272.6	90.7	-262.10	7.25	0.15	1146
dqn_rich	TRAIN	75	280.9	94.0	-267.87	7.29	0.14	1198
dqn_rich	TRAIN	76	282.3	101.4	-267.47	7.35	0.14	1245
dqn_rich	TRAIN	77	293.1	104.0	-243.33	6.83	0.14	1339
dqn_rich	TRAIN	78	265.7	103.4	-267.01	7.36	0.14	1209
dqn_rich	TRAIN	79	310.9	108.6	-270.58	7.40	0.15	1193
dqn_rich	TRAIN	80	315.0	109.7	-267.06	7.33	0.15	1191
dqn_rich	HELDOUT	80	267.9	100.0	-252.04	7.17	0.15	1117
dqn_rich	HELDOUT	80	266.7	100.0	-236.97	6.86	0.14	1237
dqn_rich	HELDOUT	80	265.6	100.0	-239.55	6.93	0.15	1246
dqn_rich	HELDOUT_MEAN	80	266.7	100.0	0.00	0.00	0.00	0
dqn_rich	TRAIN	81	308.5	115.5	-240.47	6.82	0.14	1279
dqn_rich	TRAIN	82	282.9	114.6	-245.31	6.90	0.15	1343
dqn_rich	TRAIN	83	307.0	116.3	-250.35	7.00	0.15	1322
dqn_rich	TRAIN	84	277.4	108.3	-246.17	6.94	0.14	1267
dqn_rich	TRAIN	85	291.4	115.3	-234.13	6.65	0.14	1454
dqn_rich	TRAIN	86	296.7	109.0	-236.96	6.72	0.13	1302
dqn_rich	TRAIN	87	287.9	105.3	-236.81	6.71	0.14	1417
dqn_rich	TRAIN	88	286.1	110.1	-247.15	7.00	0.14	1334
dqn_rich	TRAIN	89	305.1	112.4	-263.16	7.27	0.15	1253
dqn_rich	TRAIN	90	283.5	107.4	-242.93	6.85	0.14	1253
dqn_rich	HELDOUT	90	270.7	100.0	-245.29	7.02	0.14	1237
dqn_rich	HELDOUT	90	297.3	100.0	-253.37	7.13	0.15	1248
dqn_rich	HELDOUT	90	263.1	100.0	-239.07	6.94	0.14	1234
dqn_rich	HELDOUT_MEAN	90	277.0	100.0	0.00	0.00	0.00	0
dqn_rich	TRAIN	91	286.9	116.1	-246.57	6.89	0.14	1222
dqn_rich	TRAIN	92	305.7	112.9	-268.14	7.38	0.16	1271
dqn_rich	TRAIN	93	287.9	115.5	-261.29	7.21	0.14	1225
dqn_rich	TRAIN	94	292.1	115.7	-236.23	6.77	0.14	1344
dqn_rich	TRAIN	95	302.6	112.9	-276.31	7.47	0.15	1118
dqn_rich	TRAIN	96	290.7	121.6	-244.25	6.92	0.14	1202
dqn_rich	TRAIN	97	284.5	101.3	-233.80	6.67	0.14	1343
dqn_rich	TRAIN	98	292.6	93.7	-251.21	7.02	0.14	1297
dqn_rich	TRAIN	99	292.3	102.6	-249.12	7.05	0.14	1240
dqn_rich	TRAIN	100	293.2	104.7	-231.70	6.67	0.13	1400
dqn_rich	HELDOUT	100	287.8	100.0	-241.88	6.83	0.14	1338
dqn_rich	HELDOUT	100	294.6	100.0	-236.79	6.77	0.14	1430
dqn_rich	HELDOUT	100	300.1	100.0	-245.14	6.86	0.15	1290
dqn_rich	HELDOUT_MEAN	100	294.2	100.0	0.00	0.00	0.00	0
dqn_rich	TRAIN	101	292.2	108.3	-249.15	7.02	0.15	1277
dqn_rich	TRAIN	102	316.6	106.5	-245.26	6.95	0.14	1304
dqn_rich	TRAIN	103	284.0	103.9	-256.10	7.07	0.14	1348
dqn_rich	TRAIN	104	290.8	99.2	-235.64	6.71	0.14	1398
dqn_rich	TRAIN	105	304.8	92.5	-236.31	6.77	0.14	1260
dqn_rich	TRAIN	106	281.2	94.2	-255.65	7.05	0.14	1247
dqn_rich	TRAIN	107	297.6	94.0	-251.92	6.91	0.14	1244
dqn_rich	TRAIN	108	293.3	89.3	-250.01	6.94	0.13	1213
dqn_rich	TRAIN	109	288.6	85.5	-249.07	7.04	0.15	1181
dqn_rich	TRAIN	110	313.9	89.3	-247.78	6.90	0.14	1341
dqn_rich	HELDOUT	110	288.1	100.0	-249.73	6.97	0.14	1347
dqn_rich	HELDOUT	110	279.1	100.0	-230.64	6.70	0.13	1352
dqn_rich	HELDOUT	110	281.2	100.0	-231.70	6.63	0.14	1388
dqn_rich	HELDOUT_MEAN	110	282.8	100.0	0.00	0.00	0.00	0
dqn_rich	TRAIN	111	297.1	90.8	-237.74	6.81	0.14	1322
dqn_rich	TRAIN	112	281.7	89.6	-228.85	6.61	0.14	1375
dqn_rich	TRAIN	113	291.7	89.5	-235.97	6.76	0.14	1378
dqn_rich	TRAIN	114	278.8	89.9	-244.21	6.81	0.14	1292
dqn_rich	TRAIN	115	281.6	91.3	-266.50	7.24	0.15	1159
dqn_rich	TRAIN	116	284.7	95.0	-268.84	7.33	0.15	1233
dqn_rich	TRAIN	117	265.3	96.5	-249.01	6.95	0.14	1249
dqn_rich	TRAIN	118	306.1	96.9	-235.17	6.74	0.14	1326
dqn_rich	TRAIN	119	294.2	90.7	-235.90	6.80	0.14	1329
dqn_rich	TRAIN	120	273.5	85.5	-250.01	7.15	0.14	1185
dqn_rich	HELDOUT	120	268.2	100.0	-259.91	7.15	0.15	1075
dqn_rich	HELDOUT	120	297.4	100.0	-233.91	6.72	0.14	1216
dqn_rich	HELDOUT	120	283.3	100.0	-256.95	7.17	0.15	1146
dqn_rich	HELDOUT_MEAN	120	283.0	100.0	0.00	0.00	0.00	0
dqn_rich	TRAIN	121	290.1	84.5	-232.01	6.71	0.14	1424
dqn_rich	TRAIN	122	287.0	90.0	-245.15	6.86	0.14	1219
dqn_rich	TRAIN	123	269.8	89.0	-252.47	7.09	0.15	1333
dqn_rich	TRAIN	124	274.0	90.5	-238.61	6.77	0.14	1286
dqn_rich	TRAIN	125	292.0	90.1	-255.68	7.08	0.14	1231
dqn_rich	TRAIN	126	293.3	97.1	-237.10	6.75	0.13	1388
dqn_rich	TRAIN	127	266.7	94.9	-248.74	6.96	0.14	1339
dqn_rich	TRAIN	128	272.4	93.4	-254.94	7.13	0.14	1261
dqn_rich	TRAIN	129	290.2	97.4	-231.58	6.68	0.14	1382
dqn_rich	TRAIN	130	302.9	90.3	-280.79	7.65	0.15	1086
dqn_rich	HELDOUT	130	258.9	100.0	-257.79	7.20	0.15	1295
dqn_rich	HELDOUT	130	280.8	100.0	-251.09	7.04	0.14	1379
dqn_rich	HELDOUT	130	271.7	100.0	-229.87	6.63	0.13	1520
dqn_rich	HELDOUT_MEAN	130	270.5	100.0	0.00	0.00	0.00	0
dqn_rich	TRAIN	131	291.0	94.0	-239.99	6.85	0.14	1408
dqn_rich	TRAIN	132	296.0	91.9	-246.72	6.99	0.15	1312
dqn_rich	TRAIN	133	282.9	99.8	-246.11	6.97	0.14	1386
dqn_rich	TRAIN	134	269.9	101.5	-249.88	6.97	0.14	1247
dqn_rich	TRAIN	135	284.5	102.4	-261.10	7.21	0.15	1253
dqn_rich	TRAIN	136	276.8	89.8	-252.88	7.07	0.14	1287
dqn_rich	TRAIN	137	306.2	92.6	-244.11	6.86	0.15	1320
dqn_rich	TRAIN	138	285.9	90.1	-229.66	6.56	0.13	1355
dqn_rich	TRAIN	139	298.7	90.1	-235.79	6.84	0.14	1390
dqn_rich	TRAIN	140	277.9	87.3	-253.82	7.12	0.14	1205
dqn_rich	HELDOUT	140	278.2	100.0	-239.71	6.85	0.14	1421
dqn_rich	HELDOUT	140	291.6	100.0	-245.42	7.00	0.14	1293
dqn_rich	HELDOUT	140	279.3	100.0	-226.74	6.54	0.13	1403
dqn_rich	HELDOUT_MEAN	140	283.0	100.0	0.00	0.00	0.00	0
dqn_rich	TRAIN	141	298.2	93.6	-248.16	7.01	0.14	1358
dqn_rich	TRAIN	142	279.3	96.3	-244.74	6.89	0.14	1225
dqn_rich	TRAIN	143	290.9	97.0	-245.55	6.92	0.14	1303
dqn_rich	TRAIN	144	263.9	92.0	-244.71	6.93	0.14	1225
dqn_rich	TRAIN	145	280.7	90.5	-254.51	7.10	0.14	1265
dqn_rich	TRAIN	146	303.9	101.5	-258.74	7.17	0.15	1276
dqn_rich	TRAIN	147	296.5	95.0	-266.27	7.23	0.15	1175
dqn_rich	TRAIN	148	276.2	95.1	-239.26	6.79	0.14	1361
dqn_rich	TRAIN	149	306.9	99.0	-236.57	6.83	0.14	1420
dqn_rich	TRAIN	150	279.6	101.6	-255.49	7.09	0.14	1208
dqn_rich	HELDOUT	150	284.6	100.0	-234.41	6.78	0.13	1326
dqn_rich	HELDOUT	150	297.3	100.0	-270.18	7.40	0.15	1092
dqn_rich	HELDOUT	150	282.9	100.0	-231.34	6.66	0.14	1369
dqn_rich	HELDOUT_MEAN	150	288.3	100.0	0.00	0.00	0.00	0
dqn_rich	TRAIN	151	283.9	102.0	-233.26	6.76	0.14	1409
dqn_rich	TRAIN	152	257.5	104.5	-283.12	7.78	0.15	1160
dqn_rich	TRAIN	153	300.3	113.4	-248.92	7.00	0.14	1279
dqn_rich	TRAIN	154	275.2	111.9	-236.42	6.84	0.14	1405
dqn_rich	TRAIN	155	292.8	110.7	-245.56	6.87	0.14	1394
dqn_rich	TRAIN	156	283.1	115.3	-256.48	7.11	0.14	1279
dqn_rich	TRAIN	157	286.7	112.4	-271.13	7.40	0.14	1225
dqn_rich	TRAIN	158	274.2	113.7	-244.98	7.01	0.14	1248
dqn_rich	TRAIN	159	319.9	107.3	-245.52	7.03	0.14	1285
dqn_rich	TRAIN	160	274.7	106.2	-239.06	6.77	0.14	1297
dqn_rich	HELDOUT	160	267.9	100.0	-234.57	6.75	0.14	1379
dqn_rich	HELDOUT	160	272.2	100.0	-263.32	7.35	0.15	1223
dqn_rich	HELDOUT	160	265.3	100.0	-240.84	6.92	0.15	1381
dqn_rich	HELDOUT_MEAN	160	268.5	100.0	0.00	0.00	0.00	0
dqn_rich	TRAIN	161	274.4	109.3	-249.03	7.01	0.14	1250
dqn_rich	TRAIN	162	268.2	111.1	-240.57	6.80	0.15	1288
dqn_rich	TRAIN	163	314.2	106.9	-249.38	6.97	0.14	1373
dqn_rich	TRAIN	164	274.9	102.4	-229.27	6.61	0.13	1455
dqn_rich	TRAIN	165	268.2	106.2	-231.05	6.65	0.13	1387
dqn_rich	TRAIN	166	287.8	104.1	-230.35	6.66	0.13	1401
dqn_rich	TRAIN	167	294.9	96.9	-231.19	6.73	0.13	1445
dqn_rich	TRAIN	168	283.4	97.6	-241.40	7.02	0.13	1263
dqn_rich	TRAIN	169	303.7	97.2	-237.42	6.82	0.13	1406
dqn_rich	TRAIN	170	283.5	99.2	-242.90	6.85	0.14	1284
dqn_rich	HELDOUT	170	251.5	100.0	-255.97	7.25	0.14	1063
dqn_rich	HELDOUT	170	277.6	100.0	-235.57	6.78	0.14	1210
dqn_rich	HELDOUT	170	283.7	100.0	-233.50	6.73	0.14	1346
dqn_rich	HELDOUT_MEAN	170	270.9	100.0	0.00	0.00	0.00	0
dqn_rich	TRAIN	171	289.6	94.8	-252.47	7.07	0.14	1246
dqn_rich	TRAIN	172	289.5	98.9	-252.29	7.06	0.14	1217
dqn_rich	TRAIN	173	279.3	102.0	-237.59	6.79	0.14	1351
dqn_rich	TRAIN	174	273.4	100.0	-231.13	6.71	0.14	1395
dqn_rich	TRAIN	175	271.3	105.2	-237.00	6.83	0.14	1306
dqn_rich	TRAIN	176	289.0	94.1	-228.43	6.61	0.13	1393
dqn_rich	TRAIN	177	282.9	87.9	-230.90	6.67	0.13	1531
dqn_rich	TRAIN	178	284.6	86.6	-236.75	6.84	0.14	1345
dqn_rich	TRAIN	179	284.0	84.2	-233.73	6.83	0.14	1350
dqn_rich	HELDOUT	500	255.7	100.0	-244.49	7.34	0.15	1158
dqn_rich	HELDOUT	500	268.3	100.0	-241.64	7.20	0.15	1191
dqn_rich	HELDOUT	500	251.7	100.0	-235.16	7.05	0.14	1169
dqn_rich	HELDOUT_MEAN	500	258.6	100.0	0.00	0.00	0.00	0
dqn_rich	HELDOUT	40	248.9	100.0	-242.66	7.28	0.14	1134
dqn_rich	HELDOUT	40	258.0	100.0	-235.92	7.10	0.15	1191
dqn_rich	HELDOUT	40	248.4	100.0	-234.83	7.04	0.14	1186
dqn_rich	HELDOUT_MEAN	40	251.7	100.0	0.00	0.00	0.00	0
