dqn	TRAIN	0	292.4	0.0	-55.04	1.80	0.07	1427
dqn	TEST	0	918.6	100.0	-490.20	15.36	0.17	402
dqn	TRAIN	1	300.3	0.0	-58.53	1.90	0.07	1421
dqn	TEST	1	918.6	100.0	-490.20	15.36	0.17	402
dqn	TRAIN	2	303.3	1.5	-72.12	2.32	0.08	1314
dqn	TEST	2	912.7	100.0	-492.21	15.42	0.17	382
dqn	TRAIN	3	679.5	2.5	-222.30	6.98	0.14	1281
dqn	TEST	3	765.1	100.0	-451.72	14.16	0.16	491
dqn	TRAIN	4	527.4	9.3	-158.97	5.01	0.13	1335
dqn	TEST	4	742.2	100.0	-430.84	13.50	0.16	551
dqn	TRAIN	5	448.6	11.6	-124.80	3.94	0.12	1366
dqn	TEST	5	618.5	100.0	-355.26	11.14	0.15	739
dqn	TRAIN	6	378.2	10.6	-92.56	2.94	0.10	1398
dqn	TEST	6	570.0	100.0	-342.14	10.74	0.14	737
dqn	TRAIN	7	327.3	8.7	-72.88	2.34	0.09	1397
dqn	TEST	7	452.1	100.0	-237.80	7.49	0.12	960
dqn	TRAIN	8	300.3	7.2	-60.29	1.95	0.08	1415
dqn	TEST	8	477.6	100.0	-283.29	8.91	0.13	858
dqn	TRAIN	9	301.4	5.8	-60.70	1.96	0.08	1423
dqn	TEST	9	441.7	100.0	-216.58	6.82	0.12	1031
dqn	TRAIN	10	274.9	4.9	-49.80	1.62	0.08	1432
dqn	TEST	10	345.5	100.0	-131.01	4.16	0.09	1236
dqn	TRAIN	11	257.3	4.2	-41.78	1.37	0.07	1431
dqn	TEST	11	288.8	100.0	-75.87	2.43	0.08	1349
dqn	TRAIN	12	239.6	3.4	-34.35	1.14	0.06	1435
dqn	TEST	12	260.3	100.0	-47.40	1.55	0.07	1413
dqn	TRAIN	13	233.3	2.9	-30.86	1.03	0.06	1443
dqn	TEST	13	243.2	100.0	-83.10	2.66	0.06	1265
dqn	TRAIN	14	234.0	2.6	-31.66	1.06	0.05	1441
dqn	TEST	14	215.8	100.0	-25.03	0.85	0.05	1437
dqn	TRAIN	15	212.6	2.3	-22.94	0.79	0.05	1441
dqn	TEST	15	217.5	100.0	-26.41	0.89	0.05	1432
dqn	TRAIN	16	213.0	2.0	-24.08	0.82	0.05	1438
dqn	TEST	16	217.1	100.0	-25.60	0.87	0.05	1436
dqn	TRAIN	17	222.7	1.7	-26.84	0.91	0.05	1445
dqn	TEST	17	211.9	100.0	-23.88	0.81	0.05	1437
dqn	TRAIN	18	203.8	1.5	-19.38	0.68	0.04	1443
dqn	TEST	18	233.8	100.0	-93.49	2.98	0.05	1227
dqn	TRAIN	19	232.4	1.3	-30.97	1.03	0.04	1445
dqn	TEST	19	204.0	100.0	-19.76	0.68	0.04	1444
dqn	TRAIN	20	202.7	1.1	-18.81	0.66	0.04	1443
dqn	TEST	20	199.0	100.0	-17.33	0.61	0.04	1443
dqn	TRAIN	21	199.4	1.0	-17.42	0.61	0.04	1448
dqn	TEST	21	199.4	100.0	-17.40	0.61	0.04	1445
dqn	TRAIN	22	196.6	0.9	-16.13	0.57	0.04	1444
dqn	TEST	22	195.2	100.0	-15.87	0.56	0.04	1445
dqn	TRAIN	23	194.4	0.8	-15.32	0.54	0.04	1447
dqn	TEST	23	194.9	100.0	-15.62	0.55	0.04	1450
dqn	TRAIN	24	193.4	0.7	-14.92	0.53	0.03	1447
dqn	TEST	24	194.9	100.0	-15.68	0.55	0.04	1447
dqn	TRAIN	25	193.6	0.7	-14.94	0.53	0.03	1449
dqn	TEST	25	191.2	100.0	-14.09	0.50	0.03	1448
dqn	TRAIN	26	192.5	0.7	-14.39	0.51	0.03	1451
dqn	TEST	26	190.5	100.0	-13.79	0.49	0.03	1449
dqn	TRAIN	27	190.7	0.6	-13.65	0.49	0.03	1448
dqn	TEST	27	190.8	100.0	-13.76	0.49	0.03	1451
dqn	TRAIN	28	189.0	0.6	-13.11	0.47	0.03	1450
dqn	TEST	28	190.2	100.0	-13.72	0.49	0.03	1448
dqn	TRAIN	29	188.2	0.5	-12.72	0.46	0.03	1449
dqn	TEST	29	188.3	100.0	-12.82	0.46	0.03	1448
dqn	TRAIN	30	188.0	0.5	-12.81	0.46	0.03	1446
dqn	TEST	30	192.4	100.0	-14.53	0.51	0.03	1449
dqn	TRAIN	31	187.7	0.5	-12.56	0.45	0.03	1449
dqn	TEST	31	186.5	100.0	-12.27	0.45	0.03	1448
dqn	TRAIN	32	188.6	0.5	-12.82	0.46	0.03	1449
dqn	TEST	32	186.1	100.0	-11.89	0.43	0.03	1449
dqn	TRAIN	33	187.4	0.5	-12.50	0.45	0.03	1450
dqn	TEST	33	186.1	100.0	-11.96	0.43	0.03	1449
dqn	TRAIN	34	185.9	0.4	-11.68	0.43	0.03	1449
dqn	TEST	34	187.9	100.0	-12.57	0.45	0.03	1449
dqn	TRAIN	35	186.6	0.4	-12.09	0.44	0.03	1450
dqn	TEST	35	187.7	100.0	-12.70	0.46	0.03	1450
dqn	TRAIN	36	186.7	0.4	-12.15	0.44	0.03	1448
dqn	TEST	36	186.3	100.0	-12.12	0.44	0.03	1449
dqn	TRAIN	37	185.6	0.4	-11.73	0.43	0.03	1448
dqn	TEST	37	186.5	100.0	-12.24	0.44	0.03	1449
dqn	TRAIN	38	186.0	0.4	-11.91	0.43	0.03	1449
dqn	TEST	38	186.5	100.0	-12.07	0.44	0.03	1447
dqn	TRAIN	39	186.7	0.4	-11.98	0.43	0.03	1449
dqn	TEST	39	185.5	100.0	-11.62	0.42	0.03	1448
dqn	TRAIN	40	184.6	0.4	-11.35	0.41	0.03	1450
dqn	TEST	40	184.8	100.0	-11.44	0.42	0.03	1450
dqn	TRAIN	41	187.7	0.4	-12.50	0.45	0.03	1448
dqn	TEST	41	185.0	100.0	-11.48	0.42	0.03	1449
dqn	TRAIN	42	185.4	0.4	-11.55	0.42	0.03	1448
dqn	TEST	42	184.9	100.0	-11.36	0.41	0.03	1449
dqn	TRAIN	43	184.9	0.4	-11.46	0.41	0.03	1449
dqn	TEST	43	185.9	100.0	-11.81	0.42	0.03	1447
dqn	TRAIN	44	185.4	0.4	-11.42	0.41	0.03	1449
dqn	TEST	44	186.4	100.0	-12.09	0.43	0.03	1451
dqn	TRAIN	45	185.1	0.3	-11.60	0.42	0.03	1449
dqn	TEST	45	186.5	100.0	-12.07	0.44	0.03	1450
dqn	TRAIN	46	185.4	0.4	-11.80	0.43	0.03	1448
dqn	TEST	46	187.7	100.0	-12.42	0.44	0.03	1449
dqn	TRAIN	47	186.2	0.3	-11.78	0.43	0.03	1448
dqn	TEST	47	187.3	100.0	-12.23	0.44	0.03	1447
dqn	TRAIN	48	186.3	0.4	-11.71	0.42	0.03	1448
dqn	TEST	48	185.4	100.0	-11.52	0.42	0.03	1450
dqn	TRAIN	49	186.6	0.3	-11.93	0.43	0.03	1448
dqn	TEST	49	186.5	100.0	-11.84	0.43	0.03	1448
dqn	TRAIN	50	186.2	0.4	-11.67	0.42	0.03	1450
dqn	TEST	50	184.1	100.0	-11.10	0.40	0.03	1448
dqn	TRAIN	51	186.4	0.4	-11.87	0.43	0.03	1447
dqn	TEST	51	185.9	100.0	-11.81	0.43	0.03	1447
dqn	TRAIN	52	186.3	0.4	-11.91	0.43	0.03	1450
dqn	TEST	52	185.0	100.0	-11.70	0.42	0.03	1449
dqn	TRAIN	53	186.5	0.4	-11.98	0.43	0.03	1446
dqn	TEST	53	185.6	100.0	-11.64	0.42	0.03	1448
dqn	TRAIN	54	184.6	0.4	-11.26	0.41	0.03	1448
dqn	TEST	54	185.0	100.0	-11.23	0.41	0.03	1449
dqn	TRAIN	55	185.5	0.4	-11.64	0.42	0.03	1450
dqn	TEST	55	185.5	100.0	-11.64	0.42	0.03	1448
dqn	TRAIN	56	186.1	0.4	-11.77	0.43	0.03	1451
dqn	TEST	56	185.4	100.0	-11.46	0.41	0.03	1447
dqn	TRAIN	57	186.2	0.4	-11.81	0.43	0.03	1450
dqn	TEST	57	185.7	100.0	-11.47	0.42	0.03	1449
dqn	TRAIN	58	185.9	0.4	-11.41	0.42	0.03	1449
dqn	TEST	58	184.8	100.0	-11.27	0.41	0.03	1449
dqn	TRAIN	59	186.6	0.4	-11.92	0.43	0.03	1449
dqn	TEST	59	185.3	100.0	-11.46	0.42	0.03	1449
dqn	TRAIN	60	186.9	0.3	-11.85	0.43	0.03	1450
dqn	TEST	60	185.6	100.0	-11.41	0.41	0.03	1449
dqn	TRAIN	61	186.2	0.4	-11.67	0.43	0.03	1451
dqn	TEST	61	185.4	100.0	-11.49	0.42	0.03	1448
dqn	TRAIN	62	187.3	0.4	-12.22	0.44	0.03	1448
dqn	TEST	62	185.1	100.0	-11.13	0.41	0.03	1449
dqn	TRAIN	63	184.6	0.4	-11.18	0.41	0.03	1449
dqn	TEST	63	184.8	100.0	-11.21	0.41	0.03	1448
dqn	TRAIN	64	186.9	0.3	-12.05	0.44	0.03	1447
dqn	TEST	64	185.1	100.0	-11.41	0.41	0.03	1449
dqn	TRAIN	65	185.9	0.3	-11.50	0.42	0.03	1448
dqn	TEST	65	185.8	100.0	-11.65	0.42	0.03	1448
dqn	TRAIN	66	185.1	0.3	-11.48	0.42	0.03	1451
dqn	TEST	66	185.2	100.0	-11.30	0.41	0.03	1447
dqn	TRAIN	67	186.6	0.4	-11.94	0.43	0.03	1448
dqn	TEST	67	185.2	100.0	-11.29	0.41	0.03	1447
dqn	TRAIN	68	185.1	0.3	-11.20	0.41	0.03	1449
dqn	TEST	68	185.3	100.0	-11.32	0.41	0.03	1450
dqn	TRAIN	69	186.0	0.3	-11.72	0.42	0.03	1450
dqn	TEST	69	184.8	100.0	-11.29	0.41	0.03	1449
dqn	TRAIN	70	184.8	0.3	-11.13	0.41	0.03	1449
dqn	TEST	70	186.6	100.0	-11.99	0.43	0.03	1449
dqn	TRAIN	71	184.9	0.3	-11.21	0.41	0.03	1449
dqn	TEST	71	184.4	100.0	-10.98	0.40	0.03	1449
dqn	TRAIN	72	184.9	0.3	-11.24	0.41	0.03	1448
dqn	TEST	72	185.8	100.0	-11.67	0.42	0.03	1449
dqn	TRAIN	73	186.2	0.3	-11.79	0.43	0.03	1449
dqn	TEST	73	184.3	100.0	-11.18	0.41	0.03	1450
dqn	TRAIN	74	185.8	0.3	-11.76	0.43	0.03	1449
dqn	TEST	74	185.1	100.0	-11.48	0.42	0.03	1448
dqn	TRAIN	75	184.7	0.3	-11.23	0.41	0.03	1449
dqn	TEST	75	184.5	100.0	-11.13	0.40	0.03	1449
dqn	TRAIN	76	186.1	0.3	-11.77	0.43	0.03	1451
dqn	TEST	76	184.2	100.0	-10.95	0.40	0.03	1448
dqn	TRAIN	77	184.8	0.3	-11.15	0.41	0.03	1449
dqn	TEST	77	184.3	100.0	-10.90	0.40	0.03	1447
dqn	TRAIN	78	186.1	0.3	-11.54	0.42	0.03	1449
dqn	TEST	78	184.8	100.0	-11.16	0.41	0.03	1449
dqn	TRAIN	79	184.0	0.3	-10.87	0.40	0.03	1448
dqn	TEST	79	184.7	100.0	-11.26	0.41	0.03	1448
dqn	TRAIN	80	184.6	0.3	-11.07	0.40	0.03	1449
dqn	TEST	80	184.7	100.0	-11.13	0.40	0.03	1449
dqn	TRAIN	81	184.6	0.3	-11.08	0.40	0.03	1449
dqn	TEST	81	184.8	100.0	-11.19	0.41	0.03	1448
dqn	TRAIN	82	184.4	0.3	-10.89	0.39	0.03	1450
dqn	TEST	82	184.9	100.0	-11.28	0.41	0.03	1448
dqn	TRAIN	83	184.7	0.3	-11.30	0.41	0.03	1450
dqn	TEST	83	184.4	100.0	-11.08	0.40	0.03	1450
dqn	TRAIN	84	184.4	0.3	-10.99	0.40	0.03	1449
dqn	TEST	84	183.9	100.0	-10.86	0.40	0.03	1450
dqn	TRAIN	85	184.8	0.3	-11.34	0.41	0.03	1448
dqn	TEST	85	184.0	100.0	-10.84	0.40	0.03	1448
dqn	TRAIN	86	184.1	0.3	-11.00	0.40	0.03	1448
dqn	TEST	86	183.8	100.0	-10.80	0.39	0.03	1449
dqn	TRAIN	87	184.8	0.3	-11.01	0.40	0.03	1451
dqn	TEST	87	184.5	100.0	-10.97	0.40	0.03	1449
dqn	TRAIN	88	185.0	0.3	-11.21	0.41	0.03	1449
dqn	TEST	88	185.0	100.0	-11.19	0.40	0.03	1449
dqn	TRAIN	89	184.0	0.3	-10.72	0.39	0.03	1447
dqn	TEST	89	184.9	100.0	-11.14	0.40	0.03	1450
dqn	TRAIN	90	184.4	0.3	-11.08	0.40	0.03	1451
dqn	TEST	90	186.0	100.0	-11.67	0.42	0.03	1449
dqn	TRAIN	91	184.2	0.3	-10.70	0.39	0.03	1450
dqn	TEST	91	184.4	100.0	-11.03	0.40	0.03	1449
dqn	TRAIN	92	184.3	0.3	-10.90	0.40	0.03	1449
dqn	TEST	92	183.6	100.0	-10.66	0.39	0.03	1451
dqn	TRAIN	93	183.5	0.3	-10.85	0.39	0.03	1448
dqn	TEST	93	184.3	100.0	-10.95	0.40	0.03	1449
dqn	TRAIN	94	185.0	0.3	-11.28	0.41	0.03	1447
dqn	TEST	94	184.7	100.0	-11.00	0.40	0.03	1448
dqn	TRAIN	95	184.6	0.3	-11.00	0.40	0.03	1449
dqn	TEST	95	184.6	100.0	-11.21	0.41	0.03	1449
dqn	TRAIN	96	184.9	0.3	-11.23	0.41	0.03	1451
dqn	TEST	96	183.7	100.0	-10.77	0.39	0.03	1447
dqn	TRAIN	97	185.2	0.3	-11.34	0.41	0.03	1451
dqn	TEST	97	184.2	100.0	-10.82	0.40	0.03	1451
dqn	TRAIN	98	185.8	0.3	-11.51	0.42	0.03	1450
dqn	TEST	98	186.8	100.0	-11.98	0.43	0.03	1449
dqn	TRAIN	99	184.6	0.3	-11.19	0.41	0.03	1449
dqn	TEST	99	184.2	100.0	-10.93	0.40	0.03	1448
dqn	TRAIN	100	185.2	0.3	-11.37	0.41	0.03	1449
dqn	TEST	100	185.6	100.0	-11.43	0.42	0.03	1450
dqn	TRAIN	101	185.6	0.3	-11.60	0.42	0.03	1449
dqn	TEST	101	183.3	100.0	-10.59	0.38	0.02	1450
dqn	TRAIN	102	184.8	0.3	-11.22	0.41	0.03	1448
dqn	TEST	102	184.9	100.0	-11.39	0.41	0.03	1449
dqn	TRAIN	103	184.0	0.3	-11.02	0.40	0.03	1450
dqn	TEST	103	184.7	100.0	-11.46	0.41	0.03	1450
dqn	TRAIN	104	185.3	0.3	-11.63	0.42	0.03	1450
dqn	TEST	104	183.7	100.0	-10.78	0.39	0.02	1449
dqn	TRAIN	105	184.1	0.3	-10.96	0.40	0.03	1450
dqn	TEST	105	184.8	100.0	-11.33	0.41	0.03	1450
dqn	TRAIN	106	185.6	0.3	-11.46	0.42	0.03	1449
dqn	TEST	106	185.4	100.0	-11.49	0.41	0.03	1451
dqn	TRAIN	107	183.9	0.3	-10.80	0.39	0.03	1449
dqn	TEST	107	183.3	100.0	-10.50	0.38	0.02	1450
dqn	TRAIN	108	184.0	0.3	-10.98	0.40	0.03	1452
dqn	TEST	108	184.3	100.0	-10.97	0.40	0.03	1448
dqn	TRAIN	109	182.6	0.3	-10.45	0.38	0.02	1448
dqn	TEST	109	184.0	100.0	-10.79	0.39	0.03	1450
dqn	TRAIN	110	185.2	0.3	-11.44	0.42	0.03	1451
dqn	TEST	110	185.1	100.0	-11.25	0.41	0.03	1449
dqn	TRAIN	111	185.3	0.3	-11.46	0.42	0.03	1448
dqn	TEST	111	184.0	100.0	-11.08	0.40	0.03	1450
dqn	TRAIN	112	185.2	0.3	-11.54	0.42	0.03	1449
dqn	TEST	112	184.8	100.0	-11.45	0.42	0.03	1450
dqn	TRAIN	113	184.2	0.3	-11.11	0.40	0.03	1449
dqn	TEST	113	184.6	100.0	-11.04	0.40	0.03	1449
dqn	TRAIN	114	184.8	0.3	-11.20	0.41	0.03	1449
dqn	TEST	114	184.3	100.0	-11.12	0.40	0.03	1450
dqn	TRAIN	115	185.5	0.3	-11.58	0.42	0.03	1450
dqn	TEST	115	183.7	100.0	-10.66	0.39	0.02	1450
dqn	TRAIN	116	185.1	0.3	-11.32	0.41	0.03	1449
dqn	TEST	116	184.0	100.0	-10.80	0.39	0.02	1450
dqn	TRAIN	117	183.5	0.3	-10.57	0.39	0.02	1451
dqn	TEST	117	183.4	100.0	-10.49	0.38	0.03	1450
dqn	TRAIN	118	184.8	0.3	-11.29	0.41	0.03	1448
dqn	TEST	118	184.5	100.0	-11.08	0.40	0.03	1451
dqn	TRAIN	119	185.8	0.3	-11.50	0.42	0.03	1450
dqn	TEST	119	184.9	100.0	-11.21	0.41	0.03	1450
dqn	TRAIN	120	185.4	0.3	-11.40	0.41	0.03	1450
dqn	TEST	120	184.0	100.0	-10.76	0.39	0.03	1450
dqn	TRAIN	121	185.0	0.3	-11.11	0.40	0.03	1450
dqn	TEST	121	184.4	100.0	-10.86	0.40	0.02	1449
dqn	TRAIN	122	183.7	0.3	-10.60	0.39	0.02	1451
dqn	TEST	122	181.7	100.0	-9.81	0.36	0.02	1450
dqn	TRAIN	123	184.6	0.3	-11.25	0.41	0.03	1448
dqn	TEST	123	184.2	100.0	-10.90	0.40	0.03	1451
dqn	TRAIN	124	185.0	0.3	-11.29	0.41	0.03	1449
dqn	TEST	124	183.2	100.0	-10.40	0.38	0.02	1451
dqn	TRAIN	125	183.4	0.3	-10.47	0.39	0.03	1449
dqn	TEST	125	183.1	100.0	-10.55	0.38	0.02	1451
dqn	TRAIN	126	184.6	0.3	-10.95	0.40	0.03	1450
dqn	TEST	126	184.1	100.0	-11.09	0.40	0.02	1452
dqn	TRAIN	127	185.7	0.3	-11.50	0.42	0.03	1449
dqn	TEST	127	183.7	100.0	-10.80	0.40	0.03	1452
dqn	TRAIN	128	184.4	0.3	-10.86	0.39	0.03	1450
dqn	TEST	128	184.1	100.0	-10.93	0.40	0.03	1449
dqn	TRAIN	129	183.7	0.3	-10.81	0.39	0.02	1451
dqn	TEST	129	184.1	100.0	-10.73	0.39	0.02	1452
dqn	TRAIN	130	184.3	0.3	-11.11	0.40	0.03	1450
dqn	TEST	130	184.4	100.0	-10.74	0.39	0.03	1452
dqn	TRAIN	131	184.9	0.3	-10.81	0.39	0.03	1450
dqn	TEST	131	183.8	100.0	-10.76	0.39	0.02	1450
dqn	TRAIN	132	184.2	0.3	-10.87	0.39	0.03	1449
dqn	TEST	132	183.5	100.0	-10.73	0.39	0.02	1450
dqn	TRAIN	133	183.9	0.3	-10.79	0.39	0.03	1450
dqn	TEST	133	184.4	100.0	-10.90	0.40	0.03	1450
dqn	TRAIN	134	184.5	0.3	-10.95	0.40	0.03	1450
dqn	TEST	134	185.3	100.0	-11.46	0.41	0.03	1450
dqn	TRAIN	135	185.3	0.3	-11.30	0.41	0.03	1448
dqn	TEST	135	184.1	100.0	-10.83	0.39	0.03	1448
dqn	TRAIN	136	185.1	0.3	-11.22	0.41	0.03	1448
dqn	TEST	136	184.9	100.0	-10.84	0.40	0.03	1450
dqn	TRAIN	137	185.2	0.3	-11.33	0.41	0.03	1449
dqn	TEST	137	184.8	100.0	-11.09	0.40	0.03	1449
dqn	TRAIN	138	184.8	0.3	-11.05	0.40	0.03	1451
dqn	TEST	138	184.4	100.0	-11.03	0.40	0.03	1449
dqn	TRAIN	139	184.5	0.3	-10.95	0.40	0.03	1449
dqn	TEST	139	185.7	100.0	-11.40	0.41	0.03	1449
dqn	TRAIN	140	183.7	0.3	-10.84	0.40	0.03	1447
dqn	TEST	140	186.6	100.0	-11.78	0.42	0.03	1449
dqn	TRAIN	141	185.3	0.3	-11.24	0.41	0.03	1448
dqn	TEST	141	184.3	100.0	-10.92	0.40	0.03	1450
dqn	TRAIN	142	183.9	0.3	-10.71	0.39	0.03	1451
dqn	TEST	142	184.2	100.0	-10.95	0.40	0.03	1449
dqn	TRAIN	143	185.2	0.3	-11.26	0.41	0.03	1450
dqn	TEST	143	185.0	100.0	-11.20	0.41	0.03	1448
dqn	TRAIN	144	184.2	0.3	-11.09	0.40	0.03	1451
dqn	TEST	144	183.9	100.0	-10.67	0.39	0.03	1450
dqn	TRAIN	145	185.1	0.3	-11.24	0.41	0.03	1448
dqn	TEST	145	184.2	100.0	-10.66	0.39	0.03	1450
dqn	TRAIN	146	185.1	0.3	-11.28	0.41	0.03	1449
dqn	TEST	146	185.1	100.0	-11.23	0.41	0.03	1449
dqn	TRAIN	147	185.6	0.3	-11.31	0.41	0.03	1449
dqn	TEST	147	186.0	100.0	-11.67	0.43	0.03	1447
dqn	TRAIN	148	183.9	0.3	-10.76	0.39	0.02	1449
dqn	TEST	148	184.1	100.0	-10.81	0.40	0.03	1449
dqn	TRAIN	149	184.3	0.3	-10.85	0.40	0.03	1449
dqn	TEST	149	184.4	100.0	-10.79	0.39	0.03	1448
dqn	TRAIN	150	185.8	0.3	-11.57	0.42	0.03	1449
dqn	TEST	150	183.0	100.0	-10.51	0.39	0.02	1449
dqn	TRAIN	151	185.1	0.3	-11.17	0.41	0.03	1450
dqn	TEST	151	184.0	100.0	-10.87	0.40	0.03	1451
dqn	TRAIN	152	182.8	0.3	-10.15	0.38	0.02	1450
dqn	TEST	152	184.4	100.0	-10.95	0.40	0.03	1449
dqn	TRAIN	153	184.6	0.3	-10.88	0.40	0.03	1450
dqn	TEST	153	184.1	100.0	-10.88	0.40	0.03	1450
dqn	TRAIN	154	183.0	0.3	-10.33	0.38	0.02	1449
dqn	TEST	154	183.8	100.0	-10.44	0.38	0.02	1451
dqn	TRAIN	155	184.1	0.3	-10.75	0.39	0.03	1449
dqn	TEST	155	185.7	100.0	-11.43	0.42	0.03	1450
dqn	TRAIN	156	184.6	0.3	-10.87	0.40	0.03	1450
dqn	TEST	156	183.0	100.0	-10.41	0.38	0.02	1447
dqn	TRAIN	157	184.8	0.3	-10.99	0.40	0.03	1447
dqn	TEST	157	183.9	100.0	-10.74	0.39	0.03	1448
dqn	TRAIN	158	184.7	0.3	-10.94	0.40	0.03	1450
dqn	TEST	158	184.8	100.0	-11.11	0.41	0.03	1449
dqn	TRAIN	159	183.4	0.3	-10.40	0.38	0.02	1450
dqn	TEST	159	184.2	100.0	-10.80	0.40	0.03	1450
dqn	TRAIN	160	184.9	0.3	-10.92	0.40	0.03	1452
dqn	TEST	160	183.5	100.0	-10.39	0.38	0.03	1449
dqn	TRAIN	161	182.9	0.3	-10.27	0.38	0.02	1451
dqn	TEST	161	184.7	100.0	-11.05	0.41	0.03	1450
dqn	TRAIN	162	185.2	0.3	-11.20	0.41	0.03	1452
dqn	TEST	162	184.5	100.0	-11.04	0.40	0.03	1448
dqn	TRAIN	163	185.1	0.3	-11.02	0.40	0.03	1451
dqn	TEST	163	184.1	100.0	-10.62	0.39	0.03	1450
dqn	TRAIN	164	184.9	0.3	-11.13	0.41	0.03	1450
dqn	TEST	164	183.1	100.0	-10.29	0.38	0.02	1451
dqn	TRAIN	165	184.0	0.3	-10.71	0.39	0.02	1450
dqn	TEST	165	184.4	100.0	-10.84	0.40	0.03	1450
dqn	TRAIN	166	184.6	0.3	-10.85	0.39	0.03	1449
dqn	TEST	166	185.0	100.0	-11.04	0.40	0.03	1451
dqn	TRAIN	167	184.6	0.3	-11.06	0.41	0.03	1450
dqn	TEST	167	184.1	100.0	-10.86	0.40	0.03	1449
dqn	TRAIN	168	185.2	0.3	-11.09	0.41	0.03	1449
dqn	TEST	168	183.4	100.0	-10.41	0.38	0.02	1450
dqn	TRAIN	169	183.3	0.3	-10.46	0.38	0.02	1449
dqn	TEST	169	183.6	100.0	-10.56	0.39	0.03	1450
dqn	TRAIN	170	185.7	0.3	-11.29	0.41	0.03	1450
dqn	TEST	170	185.4	100.0	-10.98	0.40	0.03	1451
dqn	TRAIN	171	184.1	0.3	-10.72	0.39	0.02	1453
dqn	TEST	171	184.3	100.0	-10.76	0.39	0.02	1451
dqn	TRAIN	172	184.6	0.3	-10.93	0.40	0.03	1451
dqn	TEST	172	184.6	100.0	-10.81	0.40	0.03	1451
dqn	TRAIN	173	182.6	0.3	-10.08	0.37	0.02	1449
dqn	TEST	173	185.9	100.0	-11.48	0.42	0.03	1449
dqn	TRAIN	174	185.1	0.3	-11.20	0.41	0.03	1451
dqn	TEST	174	183.1	100.0	-10.56	0.39	0.02	1451
dqn	TRAIN	175	185.2	0.3	-11.27	0.41	0.03	1451
dqn	TEST	175	185.0	100.0	-10.96	0.40	0.03	1448
dqn	TRAIN	176	184.4	0.3	-10.85	0.40	0.03	1447
dqn	TEST	176	183.0	100.0	-10.46	0.38	0.02	1450
dqn	TRAIN	177	185.7	0.3	-11.29	0.41	0.03	1448
dqn	TEST	177	184.6	100.0	-10.80	0.39	0.03	1448
dqn	TRAIN	178	186.0	0.3	-11.51	0.42	0.03	1451
dqn	TEST	178	184.6	100.0	-10.95	0.40	0.03	1449
dqn	TRAIN	179	185.4	0.3	-11.40	0.42	0.03	1451
dqn	TEST	179	183.3	100.0	-10.48	0.38	0.02	1450
dqn	TRAIN	180	184.9	0.3	-11.16	0.41	0.03	1450
dqn	TEST	180	184.2	100.0	-10.89	0.40	0.03	1452
dqn	TRAIN	181	185.3	0.3	-11.21	0.41	0.03	1450
dqn	TEST	181	184.2	100.0	-10.75	0.39	0.02	1450
dqn	TRAIN	182	183.5	0.3	-10.27	0.38	0.02	1451
dqn	TEST	182	183.5	100.0	-10.56	0.39	0.02	1451
dqn	TRAIN	183	184.0	0.3	-10.56	0.38	0.02	1449
dqn	TEST	183	183.6	100.0	-10.64	0.39	0.02	1451
dqn	TRAIN	184	184.3	0.3	-10.82	0.40	0.03	1450
dqn	TEST	184	185.4	100.0	-11.33	0.41	0.03	1450
dqn	TRAIN	185	185.2	0.3	-11.21	0.41	0.03	1449
dqn	TEST	185	184.0	100.0	-10.83	0.39	0.02	1449
dqn	TRAIN	186	185.0	0.3	-11.09	0.40	0.03	1450
dqn	TEST	186	183.9	100.0	-10.52	0.38	0.02	1450
dqn	TRAIN	187	184.6	0.3	-10.99	0.40	0.03	1453
dqn	TEST	187	184.3	100.0	-10.79	0.39	0.03	1450
dqn	TRAIN	188	184.1	0.3	-10.86	0.40	0.03	1449
dqn	TEST	188	184.3	100.0	-10.78	0.39	0.03	1450
dqn	TRAIN	189	185.1	0.3	-11.18	0.41	0.03	1452
dqn	TEST	189	183.2	100.0	-10.51	0.38	0.02	1448
dqn	TRAIN	190	184.0	0.3	-10.52	0.39	0.02	1449
dqn	TEST	190	184.6	100.0	-10.97	0.40	0.03	1449
dqn	TRAIN	191	184.2	0.3	-10.67	0.39	0.03	1450
dqn	TEST	191	184.5	100.0	-10.89	0.40	0.03	1450
dqn	TRAIN	192	183.8	0.3	-10.45	0.38	0.02	1449
dqn	TEST	192	183.7	100.0	-10.52	0.39	0.02	1450
dqn	TRAIN	193	185.2	0.3	-11.20	0.41	0.03	1449
dqn	TEST	193	183.4	100.0	-10.58	0.39	0.02	1450
dqn	TRAIN	194	185.6	0.3	-11.44	0.42	0.03	1450
dqn	TEST	194	185.5	100.0	-11.40	0.41	0.03	1448
dqn	TRAIN	195	183.5	0.3	-10.38	0.38	0.02	1447
dqn	TEST	195	186.0	100.0	-11.28	0.41	0.03	1450
dqn	TRAIN	196	185.3	0.3	-11.11	0.40	0.03	1447
dqn	TEST	196	183.7	100.0	-10.52	0.38	0.02	1449
dqn	TRAIN	197	184.3	0.3	-10.97	0.40	0.03	1450
dqn	TEST	197	184.6	100.0	-11.21	0.41	0.03	1451
dqn	TRAIN	198	185.2	0.3	-11.31	0.41	0.03	1447
dqn	TEST	198	184.1	100.0	-10.73	0.39	0.02	1448
dqn	TRAIN	199	185.1	0.3	-11.10	0.40	0.03	1447
dqn	TEST	199	184.7	100.0	-10.85	0.40	0.03	1451
