early_stop enabled: mode=cycle_mean, min_episodes=30, max_episodes=500, patience=3, min_delta=0.0500, abs_floor=1.00, cycle_len=10, metric=wait
episode:0/500, train_demand:raw_data/grid4x4/od_hubs/demand_set/train_00.rou.xml
step:1800/1800, q_loss:0, rewards:-321.2222005208333, queue:5.651736111111111, delay:0.044629875818888345, throughput:676
episode:0/500, real avg travel time:213.02366863905326
episode:0/500, median wait:46.0 (n=676)
HELDOUT episode:0/500, demand:raw_data/grid4x4/od_hubs/demand_set/hold_00.rou.xml, travel time:403.89003436426117, rewards:-452.09331597222223, queue:9.755381944444444, delay:0.10119586520724827, throughput:291
HELDOUT episode:0/500, demand:raw_data/grid4x4/od_hubs/demand_set/hold_00.rou.xml, median wait:95.0
HELDOUT episode:0/500, demand:raw_data/grid4x4/od_hubs/demand_set/hold_01.rou.xml, travel time:419.21794871794873, rewards:-458.03780381944443, queue:9.945833333333333, delay:0.11006431579589844, throughput:312
HELDOUT episode:0/500, demand:raw_data/grid4x4/od_hubs/demand_set/hold_01.rou.xml, median wait:162.0
HELDOUT episode:0/500, demand:raw_data/grid4x4/od_hubs/demand_set/hold_02.rou.xml, travel time:424.3675496688742, rewards:-458.24444444444447, queue:9.9453125, delay:0.11069590250651042, throughput:302
HELDOUT episode:0/500, demand:raw_data/grid4x4/od_hubs/demand_set/hold_02.rou.xml, median wait:184.0
HELDOUT_MEAN episode:0/500, travel time:415.8251775836947 (n=3)
New best heldout ATT=415.8252 at episode 0 (saved model/best_*.pt)
episode:1/500, train_demand:raw_data/grid4x4/od_hubs/demand_set/train_01.rou.xml
step:1800/1800, q_loss:0, rewards:-323.85167100694446, queue:5.733333333333333, delay:0.047999593946668834, throughput:719
episode:1/500, real avg travel time:221.21279554937414
episode:1/500, median wait:53.0 (n=719)
episode:2/500, train_demand:raw_data/grid4x4/od_hubs/demand_set/train_02.rou.xml
step:1800/1800, q_loss:0, rewards:-321.35167100694446, queue:5.652083333333334, delay:0.046956041124131945, throughput:728
episode:2/500, real avg travel time:207.08104395604394
episode:2/500, median wait:44.0 (n=728)
episode:3/500, train_demand:raw_data/grid4x4/od_hubs/demand_set/train_03.rou.xml
step:1800/1800, q_loss:0, rewards:-325.69832899305555, queue:5.789236111111111, delay:0.05112400054931641, throughput:784
episode:3/500, real avg travel time:219.0076530612245
episode:3/500, median wait:51.5 (n=784)
episode:4/500, train_demand:raw_data/grid4x4/od_hubs/demand_set/train_04.rou.xml
step:1800/1800, q_loss:0, rewards:-320.68220486111113, queue:5.633333333333334, delay:0.04450105561150445, throughput:687
episode:4/500, real avg travel time:209.0174672489083
episode:4/500, median wait:45.0 (n=687)
episode:5/500, train_demand:raw_data/grid4x4/od_hubs/demand_set/train_05.rou.xml
step:1800/1800, q_loss:61.233482360839844, rewards:-361.28719618055555, queue:6.910069444444445, delay:0.07050522698296441, throughput:544
episode:5/500, real avg travel time:257.73161764705884
episode:5/500, median wait:52.0 (n=544)
episode:6/500, train_demand:raw_data/grid4x4/od_hubs/demand_set/train_06.rou.xml
step:1800/1800, q_loss:66.82545471191406, rewards:-417.5511284722222, queue:8.646354166666667, delay:0.10980500115288629, throughput:429
episode:6/500, real avg travel time:427.4149184149184
episode:6/500, median wait:233.0 (n=429)
episode:7/500, train_demand:raw_data/grid4x4/od_hubs/demand_set/train_07.rou.xml
step:1800/1800, q_loss:110.15821075439453, rewards:-412.31727430555554, queue:8.510069444444444, delay:0.10512572394476996, throughput:483
episode:7/500, real avg travel time:379.37474120082817
episode:7/500, median wait:168.0 (n=483)
episode:8/500, train_demand:raw_data/grid4x4/od_hubs/demand_set/train_08.rou.xml
step:1800/1800, q_loss:119.25794219970703, rewards:-418.1388888888889, queue:8.67170138888889, delay:0.10146527820163304, throughput:483
episode:8/500, real avg travel time:441.472049689441
episode:8/500, median wait:279.0 (n=483)
episode:9/500, train_demand:raw_data/grid4x4/od_hubs/demand_set/train_09.rou.xml
step:1800/1800, q_loss:89.92259216308594, rewards:-408.5099826388889, queue:8.368229166666667, delay:0.10384624269273546, throughput:502
episode:9/500, real avg travel time:435.8625498007968
episode:9/500, median wait:192.5 (n=502)
episode:10/500, train_demand:raw_data/grid4x4/od_hubs/demand_set/train_00.rou.xml
step:1800/1800, q_loss:72.79777526855469, rewards:-395.3005642361111, queue:7.9508680555555555, delay:0.09860587649875217, throughput:486
episode:10/500, real avg travel time:416.6255144032922
episode:10/500, median wait:194.5 (n=486)
HELDOUT episode:10/500, demand:raw_data/grid4x4/od_hubs/demand_set/hold_00.rou.xml, travel time:430.1078066914498, rewards:-461.08051215277777, queue:10.025520833333333, delay:0.1101559321085612, throughput:269
HELDOUT episode:10/500, demand:raw_data/grid4x4/od_hubs/demand_set/hold_00.rou.xml, median wait:180.0
HELDOUT episode:10/500, demand:raw_data/grid4x4/od_hubs/demand_set/hold_01.rou.xml, travel time:440.26241134751774, rewards:-466.4933159722222, queue:10.194791666666667, delay:0.11636377970377604, throughput:282
HELDOUT episode:10/500, demand:raw_data/grid4x4/od_hubs/demand_set/hold_01.rou.xml, median wait:224.5
HELDOUT episode:10/500, demand:raw_data/grid4x4/od_hubs/demand_set/hold_02.rou.xml, travel time:448.86805555555554, rewards:-465.65499131944443, queue:10.17170138888889, delay:0.11950482262505426, throughput:288
HELDOUT episode:10/500, demand:raw_data/grid4x4/od_hubs/demand_set/hold_02.rou.xml, median wait:243.0
HELDOUT_MEAN episode:10/500, travel time:439.7460911981743 (n=3)
episode:11/500, train_demand:raw_data/grid4x4/od_hubs/demand_set/train_01.rou.xml
step:1800/1800, q_loss:64.04924774169922, rewards:-390.02612847222224, queue:7.790625, delay:0.09310557047526041, throughput:551
episode:11/500, real avg travel time:397.4627949183303
episode:11/500, median wait:183.0 (n=551)
episode:12/500, train_demand:raw_data/grid4x4/od_hubs/demand_set/train_02.rou.xml
step:1800/1800, q_loss:54.16365051269531, rewards:-398.39835069444445, queue:8.0625, delay:0.0945182588365343, throughput:494
episode:12/500, real avg travel time:371.2995951417004
episode:12/500, median wait:141.0 (n=494)
episode:13/500, train_demand:raw_data/grid4x4/od_hubs/demand_set/train_03.rou.xml
step:1800/1800, q_loss:45.458168029785156, rewards:-391.35, queue:7.8199652777777775, delay:0.09504487779405382, throughput:623
episode:13/500, real avg travel time:372.00802568218296
episode:13/500, median wait:163.0 (n=623)
episode:14/500, train_demand:raw_data/grid4x4/od_hubs/demand_set/train_04.rou.xml
step:1800/1800, q_loss:37.71002197265625, rewards:-365.4967013888889, queue:7.033159722222222, delay:0.08459666040208605, throughput:589
episode:14/500, real avg travel time:354.04753820033955
episode:14/500, median wait:143.0 (n=589)
episode:15/500, train_demand:raw_data/grid4x4/od_hubs/demand_set/train_05.rou.xml
step:1800/1800, q_loss:32.107933044433594, rewards:-372.68776041666666, queue:7.263020833333333, delay:0.0878753768073188, throughput:584
episode:15/500, real avg travel time:332.93150684931504
episode:15/500, median wait:116.0 (n=584)
episode:16/500, train_demand:raw_data/grid4x4/od_hubs/demand_set/train_06.rou.xml
step:1800/1800, q_loss:27.052175521850586, rewards:-376.03723958333336, queue:7.363368055555555, delay:0.0827859984503852, throughput:593
episode:16/500, real avg travel time:348.45699831365937
episode:16/500, median wait:133.0 (n=593)
episode:17/500, train_demand:raw_data/grid4x4/od_hubs/demand_set/train_07.rou.xml
step:1800/1800, q_loss:25.240537643432617, rewards:-365.5038628472222, queue:7.0296875, delay:0.08035557534959581, throughput:636
episode:17/500, real avg travel time:316.14622641509436
episode:17/500, median wait:92.0 (n=636)
episode:18/500, train_demand:raw_data/grid4x4/od_hubs/demand_set/train_08.rou.xml
step:1800/1800, q_loss:23.49827766418457, rewards:-367.839453125, queue:7.107986111111111, delay:0.07961895200941298, throughput:631
episode:18/500, real avg travel time:309.5499207606973
episode:18/500, median wait:95.0 (n=631)
episode:19/500, train_demand:raw_data/grid4x4/od_hubs/demand_set/train_09.rou.xml
step:1800/1800, q_loss:22.2690486907959, rewards:-354.8172309027778, queue:6.705902777777778, delay:0.07510473463270399, throughput:651
episode:19/500, real avg travel time:307.97081413210446
episode:19/500, median wait:78.0 (n=651)
cycle_mean cycle=1 m_prev=116.40 m_curr=133.85 rel=+0.1499 delta=+17.45 flat=False improved=False patience=1/3
episode:20/500, train_demand:raw_data/grid4x4/od_hubs/demand_set/train_00.rou.xml
step:1800/1800, q_loss:21.199865341186523, rewards:-352.2888888888889, queue:6.621875, delay:0.06960212919447158, throughput:605
episode:20/500, real avg travel time:304.25454545454545
episode:20/500, median wait:87.0 (n=605)
HELDOUT episode:20/500, demand:raw_data/grid4x4/od_hubs/demand_set/hold_00.rou.xml, travel time:357.2640949554896, rewards:-439.4261284722222, queue:9.331944444444444, delay:0.09674158096313476, throughput:337
HELDOUT episode:20/500, demand:raw_data/grid4x4/od_hubs/demand_set/hold_00.rou.xml, median wait:40.0
HELDOUT episode:20/500, demand:raw_data/grid4x4/od_hubs/demand_set/hold_01.rou.xml, travel time:351.9942857142857, rewards:-440.9222222222222, queue:9.381423611111112, delay:0.1036492665608724, throughput:350
HELDOUT episode:20/500, demand:raw_data/grid4x4/od_hubs/demand_set/hold_01.rou.xml, median wait:43.0
HELDOUT episode:20/500, demand:raw_data/grid4x4/od_hubs/demand_set/hold_02.rou.xml, travel time:361.72543352601156, rewards:-440.19001736111113, queue:9.365104166666667, delay:0.10106941858927408, throughput:346
HELDOUT episode:20/500, demand:raw_data/grid4x4/od_hubs/demand_set/hold_02.rou.xml, median wait:48.5
HELDOUT_MEAN episode:20/500, travel time:356.994604731929 (n=3)
New best heldout ATT=356.9946 at episode 20 (saved model/best_*.pt)
episode:21/500, train_demand:raw_data/grid4x4/od_hubs/demand_set/train_01.rou.xml
step:1800/1800, q_loss:20.001972198486328, rewards:-352.1005642361111, queue:6.6203125, delay:0.07535586886935763, throughput:644
episode:21/500, real avg travel time:301.6024844720497
episode:21/500, median wait:86.0 (n=644)
episode:22/500, train_demand:raw_data/grid4x4/od_hubs/demand_set/train_02.rou.xml
step:1800/1800, q_loss:19.825336456298828, rewards:-350.8722222222222, queue:6.581597222222222, delay:0.07300600475735135, throughput:688
episode:22/500, real avg travel time:308.0029069767442
episode:22/500, median wait:93.0 (n=688)
episode:23/500, train_demand:raw_data/grid4x4/od_hubs/demand_set/train_03.rou.xml
step:1800/1800, q_loss:19.9431095123291, rewards:-348.96944444444443, queue:6.518229166666667, delay:0.07136810090806749, throughput:719
episode:23/500, real avg travel time:279.56884561891513
episode:23/500, median wait:58.0 (n=719)
episode:24/500, train_demand:raw_data/grid4x4/od_hubs/demand_set/train_04.rou.xml
step:1800/1800, q_loss:19.243196487426758, rewards:-340.0966579861111, queue:6.233506944444445, delay:0.06625863711039225, throughput:632
episode:24/500, real avg travel time:266.1867088607595
episode:24/500, median wait:60.0 (n=632)
episode:25/500, train_demand:raw_data/grid4x4/od_hubs/demand_set/train_05.rou.xml
step:1800/1800, q_loss:18.96829605102539, rewards:-349.41610243055555, queue:6.5394097222222225, delay:0.07356266445583767, throughput:658
episode:25/500, real avg travel time:286.32370820668694
episode:25/500, median wait:67.0 (n=658)
episode:26/500, train_demand:raw_data/grid4x4/od_hubs/demand_set/train_06.rou.xml
step:1800/1800, q_loss:18.65120506286621, rewards:-339.58276909722224, queue:6.206076388888889, delay:0.06352612177530924, throughput:686
episode:26/500, real avg travel time:268.1603498542274
episode:26/500, median wait:66.0 (n=686)
episode:27/500, train_demand:raw_data/grid4x4/od_hubs/demand_set/train_07.rou.xml
step:1800/1800, q_loss:18.319169998168945, rewards:-346.1783203125, queue:6.423263888888889, delay:0.06759075588650174, throughput:677
episode:27/500, real avg travel time:268.58197932053173
episode:27/500, median wait:44.0 (n=677)
episode:28/500, train_demand:raw_data/grid4x4/od_hubs/demand_set/train_08.rou.xml
step:1800/1800, q_loss:18.16761016845703, rewards:-338.43721788194443, queue:6.1921875, delay:0.06532662709554037, throughput:710
episode:28/500, real avg travel time:258.1478873239437
episode:28/500, median wait:56.0 (n=710)
episode:29/500, train_demand:raw_data/grid4x4/od_hubs/demand_set/train_09.rou.xml
step:1800/1800, q_loss:18.309690475463867, rewards:-337.88665364583335, queue:6.174479166666667, delay:0.0663937144809299, throughput:673
episode:29/500, real avg travel time:260.61961367013373
episode:29/500, median wait:55.0 (n=673)
cycle_mean cycle=2 m_prev=133.85 m_curr=67.20 rel=-0.4979 delta=-66.65 flat=False improved=True patience=0/3
episode:30/500, train_demand:raw_data/grid4x4/od_hubs/demand_set/train_00.rou.xml
step:1800/1800, q_loss:18.198680877685547, rewards:-337.44166666666666, queue:6.151909722222222, delay:0.06662117110358344, throughput:629
episode:30/500, real avg travel time:260.7758346581876
episode:30/500, median wait:59.0 (n=629)
HELDOUT episode:30/500, demand:raw_data/grid4x4/od_hubs/demand_set/hold_00.rou.xml, travel time:307.3156862745098, rewards:-381.96831597222223, queue:7.544791666666667, delay:0.08221105999416775, throughput:510
HELDOUT episode:30/500, demand:raw_data/grid4x4/od_hubs/demand_set/hold_00.rou.xml, median wait:41.0
HELDOUT episode:30/500, demand:raw_data/grid4x4/od_hubs/demand_set/hold_01.rou.xml, travel time:304.2887189292543, rewards:-389.7855034722222, queue:7.795486111111111, delay:0.08405652046203613, throughput:523
HELDOUT episode:30/500, demand:raw_data/grid4x4/od_hubs/demand_set/hold_01.rou.xml, median wait:33.0
HELDOUT episode:30/500, demand:raw_data/grid4x4/od_hubs/demand_set/hold_02.rou.xml, travel time:295.1367041198502, rewards:-384.96831597222223, queue:7.636631944444445, delay:0.08382759094238282, throughput:534
HELDOUT episode:30/500, demand:raw_data/grid4x4/od_hubs/demand_set/hold_02.rou.xml, median wait:29.5
HELDOUT_MEAN episode:30/500, travel time:302.2470364412048 (n=3)
New best heldout ATT=302.2470 at episode 30 (saved model/best_*.pt)
episode:31/500, train_demand:raw_data/grid4x4/od_hubs/demand_set/train_01.rou.xml
step:1800/1800, q_loss:17.54568862915039, rewards:-343.7066840277778, queue:6.338541666666667, delay:0.06502785152859158, throughput:661
episode:31/500, real avg travel time:269.45990922844175
episode:31/500, median wait:47.0 (n=661)
episode:32/500, train_demand:raw_data/grid4x4/od_hubs/demand_set/train_02.rou.xml
step:1800/1800, q_loss:17.531511306762695, rewards:-336.8844184027778, queue:6.1272569444444445, delay:0.06453204684787327, throughput:699
episode:32/500, real avg travel time:259.6952789699571
episode:32/500, median wait:47.0 (n=699)
episode:33/500, train_demand:raw_data/grid4x4/od_hubs/demand_set/train_03.rou.xml
step:1800/1800, q_loss:17.516864776611328, rewards:-343.1238715277778, queue:6.310416666666667, delay:0.06431011623806424, throughput:728
episode:33/500, real avg travel time:255.08653846153845
episode:33/500, median wait:43.5 (n=728)
episode:34/500, train_demand:raw_data/grid4x4/od_hubs/demand_set/train_04.rou.xml
step:1800/1800, q_loss:17.042552947998047, rewards:-328.65889756944443, queue:5.883333333333334, delay:0.056230984793768986, throughput:660
episode:34/500, real avg travel time:237.0939393939394
episode:34/500, median wait:34.0 (n=660)
episode:35/500, train_demand:raw_data/grid4x4/od_hubs/demand_set/train_05.rou.xml
step:1800/1800, q_loss:16.50562286376953, rewards:-331.9716579861111, queue:5.978993055555556, delay:0.06522926224602593, throughput:706
episode:35/500, real avg travel time:245.26628895184135
episode:35/500, median wait:36.5 (n=706)
episode:36/500, train_demand:raw_data/grid4x4/od_hubs/demand_set/train_06.rou.xml
step:1800/1800, q_loss:15.678656578063965, rewards:-335.50056423611113, queue:6.099826388888889, delay:0.05952304204305013, throughput:684
episode:36/500, real avg travel time:240.91374269005848
episode:36/500, median wait:40.0 (n=684)
episode:37/500, train_demand:raw_data/grid4x4/od_hubs/demand_set/train_07.rou.xml
step:1800/1800, q_loss:15.37194538116455, rewards:-329.84889322916666, queue:5.9109375, delay:0.05912024180094401, throughput:709
episode:37/500, real avg travel time:232.99153737658673
episode:37/500, median wait:35.0 (n=709)
episode:38/500, train_demand:raw_data/grid4x4/od_hubs/demand_set/train_08.rou.xml
step:1800/1800, q_loss:15.072545051574707, rewards:-330.7744357638889, queue:5.946354166666667, delay:0.06136991712782118, throughput:718
episode:38/500, real avg travel time:232.3676880222841
episode:38/500, median wait:38.0 (n=718)
episode:39/500, train_demand:raw_data/grid4x4/od_hubs/demand_set/train_09.rou.xml
step:1800/1800, q_loss:14.339069366455078, rewards:-339.1294270833333, queue:6.213020833333333, delay:0.057424767812093096, throughput:673
episode:39/500, real avg travel time:246.2852897473997
episode:39/500, median wait:32.0 (n=673)
cycle_mean cycle=3 m_prev=67.20 m_curr=41.20 rel=-0.3869 delta=-26.00 flat=False improved=True patience=0/3
episode:40/500, train_demand:raw_data/grid4x4/od_hubs/demand_set/train_00.rou.xml
step:1800/1800, q_loss:14.1735258102417, rewards:-327.1572482638889, queue:5.828125, delay:0.0521159913804796, throughput:653
episode:40/500, real avg travel time:227.39969372128638
episode:40/500, median wait:38.0 (n=653)
HELDOUT episode:40/500, demand:raw_data/grid4x4/od_hubs/demand_set/hold_00.rou.xml, travel time:291.35752212389383, rewards:-369.9099826388889, queue:7.165798611111111, delay:0.07111308309766981, throughput:565
HELDOUT episode:40/500, demand:raw_data/grid4x4/od_hubs/demand_set/hold_00.rou.xml, median wait:49.0
HELDOUT episode:40/500, demand:raw_data/grid4x4/od_hubs/demand_set/hold_01.rou.xml, travel time:294.4436741767764, rewards:-374.07000868055553, queue:7.301909722222222, delay:0.07633779843648275, throughput:577
HELDOUT episode:40/500, demand:raw_data/grid4x4/od_hubs/demand_set/hold_01.rou.xml, median wait:51.0
HELDOUT episode:40/500, demand:raw_data/grid4x4/od_hubs/demand_set/hold_02.rou.xml, travel time:286.8793706293706, rewards:-368.614453125, queue:7.122395833333333, delay:0.08182153701782227, throughput:572
HELDOUT episode:40/500, demand:raw_data/grid4x4/od_hubs/demand_set/hold_02.rou.xml, median wait:40.0
HELDOUT_MEAN episode:40/500, travel time:290.8935223100136 (n=3)
New best heldout ATT=290.8935 at episode 40 (saved model/best_*.pt)
episode:41/500, train_demand:raw_data/grid4x4/od_hubs/demand_set/train_01.rou.xml
step:1800/1800, q_loss:13.770398139953613, rewards:-329.2877604166667, queue:5.8953125, delay:0.056521277957492407, throughput:695
episode:41/500, real avg travel time:242.4705035971223
episode:41/500, median wait:43.0 (n=695)
episode:42/500, train_demand:raw_data/grid4x4/od_hubs/demand_set/train_02.rou.xml
step:1800/1800, q_loss:13.423535346984863, rewards:-327.70221354166665, queue:5.847222222222222, delay:0.055063258277045356, throughput:712
episode:42/500, real avg travel time:226.38202247191012
episode:42/500, median wait:38.0 (n=712)
episode:43/500, train_demand:raw_data/grid4x4/od_hubs/demand_set/train_03.rou.xml
step:1800/1800, q_loss:13.15211009979248, rewards:-328.53055555555557, queue:5.871527777777778, delay:0.05814790725708008, throughput:757
episode:43/500, real avg travel time:228.36327608982828
episode:43/500, median wait:37.0 (n=757)
episode:44/500, train_demand:raw_data/grid4x4/od_hubs/demand_set/train_04.rou.xml
step:1800/1800, q_loss:13.008091926574707, rewards:-325.8033420138889, queue:5.790625, delay:0.05422294404771593, throughput:670
episode:44/500, real avg travel time:227.9089552238806
episode:44/500, median wait:39.0 (n=670)
episode:45/500, train_demand:raw_data/grid4x4/od_hubs/demand_set/train_05.rou.xml
step:1800/1800, q_loss:12.820366859436035, rewards:-328.48997395833334, queue:5.864236111111111, delay:0.055354913075764976, throughput:717
episode:45/500, real avg travel time:236.8465829846583
episode:45/500, median wait:33.0 (n=717)
episode:46/500, train_demand:raw_data/grid4x4/od_hubs/demand_set/train_06.rou.xml
step:1800/1800, q_loss:12.47778034210205, rewards:-327.81553819444446, queue:5.865451388888889, delay:0.05807214313083225, throughput:701
episode:46/500, real avg travel time:227.90727532097003
episode:46/500, median wait:40.0 (n=701)
episode:47/500, train_demand:raw_data/grid4x4/od_hubs/demand_set/train_07.rou.xml
step:1800/1800, q_loss:12.155527114868164, rewards:-325.57890625, queue:5.790972222222222, delay:0.05070908334520128, throughput:729
episode:47/500, real avg travel time:219.84362139917695
episode:47/500, median wait:32.0 (n=729)
episode:48/500, train_demand:raw_data/grid4x4/od_hubs/demand_set/train_08.rou.xml
step:1800/1800, q_loss:12.066411972045898, rewards:-325.66888020833335, queue:5.787326388888889, delay:0.05187282562255859, throughput:737
episode:48/500, real avg travel time:215.74762550881954
episode:48/500, median wait:31.0 (n=737)
episode:49/500, train_demand:raw_data/grid4x4/od_hubs/demand_set/train_09.rou.xml
step:1800/1800, q_loss:11.91125774383545, rewards:-324.156640625, queue:5.733680555555556, delay:0.05220024850633409, throughput:714
episode:49/500, real avg travel time:226.81932773109244
episode:49/500, median wait:40.0 (n=714)
cycle_mean cycle=4 m_prev=41.20 m_curr=37.10 rel=-0.0995 delta=-4.10 flat=False improved=True patience=0/3
episode:50/500, train_demand:raw_data/grid4x4/od_hubs/demand_set/train_00.rou.xml
step:1800/1800, q_loss:11.761375427246094, rewards:-325.49275173611113, queue:5.778819444444444, delay:0.050146330727471246, throughput:663
episode:50/500, real avg travel time:227.93514328808448
episode:50/500, median wait:40.0 (n=663)
HELDOUT episode:50/500, demand:raw_data/grid4x4/od_hubs/demand_set/hold_00.rou.xml, travel time:245.08530805687204, rewards:-342.985546875, queue:6.323784722222222, delay:0.064653746287028, throughput:633
HELDOUT episode:50/500, demand:raw_data/grid4x4/od_hubs/demand_set/hold_00.rou.xml, median wait:40.0
HELDOUT episode:50/500, demand:raw_data/grid4x4/od_hubs/demand_set/hold_01.rou.xml, travel time:244.01664145234494, rewards:-346.7271918402778, queue:6.4527777777777775, delay:0.0679110844930013, throughput:661
HELDOUT episode:50/500, demand:raw_data/grid4x4/od_hubs/demand_set/hold_01.rou.xml, median wait:38.0
HELDOUT episode:50/500, demand:raw_data/grid4x4/od_hubs/demand_set/hold_02.rou.xml, travel time:244.36111111111111, rewards:-345.22109375, queue:6.396701388888889, delay:0.06692528194851345, throughput:648
HELDOUT episode:50/500, demand:raw_data/grid4x4/od_hubs/demand_set/hold_02.rou.xml, median wait:39.0
HELDOUT_MEAN episode:50/500, travel time:244.4876868734427 (n=3)
New best heldout ATT=244.4877 at episode 50 (saved model/best_*.pt)
episode:51/500, train_demand:raw_data/grid4x4/od_hubs/demand_set/train_01.rou.xml
step:1800/1800, q_loss:11.613175392150879, rewards:-329.4261067708333, queue:5.900868055555556, delay:0.053568702273898657, throughput:706
episode:51/500, real avg travel time:237.76912181303115
episode:51/500, median wait:42.0 (n=706)
episode:52/500, train_demand:raw_data/grid4x4/od_hubs/demand_set/train_02.rou.xml
step:1800/1800, q_loss:11.594619750976562, rewards:-322.28446180555557, queue:5.685416666666667, delay:0.052389876047770186, throughput:722
episode:52/500, real avg travel time:214.12603878116343
episode:52/500, median wait:36.0 (n=722)
episode:53/500, train_demand:raw_data/grid4x4/od_hubs/demand_set/train_03.rou.xml
step:1800/1800, q_loss:11.411157608032227, rewards:-325.50611979166666, queue:5.792361111111111, delay:0.05232268439398872, throughput:777
episode:53/500, real avg travel time:216.64736164736163
episode:53/500, median wait:32.0 (n=777)
episode:54/500, train_demand:raw_data/grid4x4/od_hubs/demand_set/train_04.rou.xml
step:1800/1800, q_loss:11.427836418151855, rewards:-320.72278645833336, queue:5.6296875, delay:0.04931740230984158, throughput:688
episode:54/500, real avg travel time:213.63808139534885
episode:54/500, median wait:37.5 (n=688)
episode:55/500, train_demand:raw_data/grid4x4/od_hubs/demand_set/train_05.rou.xml
step:1800/1800, q_loss:11.299641609191895, rewards:-325.3549913194444, queue:5.782638888888889, delay:0.05417959955003526, throughput:719
episode:55/500, real avg travel time:224.42141863699584
episode:55/500, median wait:37.0 (n=719)
episode:56/500, train_demand:raw_data/grid4x4/od_hubs/demand_set/train_06.rou.xml
step:1800/1800, q_loss:11.262231826782227, rewards:-325.6327690972222, queue:5.792708333333334, delay:0.050847127702501084, throughput:718
episode:56/500, real avg travel time:220.58217270194987
episode:56/500, median wait:35.0 (n=718)
episode:57/500, train_demand:raw_data/grid4x4/od_hubs/demand_set/train_07.rou.xml
step:1800/1800, q_loss:11.314961433410645, rewards:-323.7327907986111, queue:5.718576388888889, delay:0.04837446742587619, throughput:738
episode:57/500, real avg travel time:216.2479674796748
episode:57/500, median wait:34.0 (n=738)
episode:58/500, train_demand:raw_data/grid4x4/od_hubs/demand_set/train_08.rou.xml
step:1800/1800, q_loss:11.216970443725586, rewards:-322.39331597222224, queue:5.683680555555555, delay:0.050241777631971574, throughput:748
episode:58/500, real avg travel time:213.32219251336898
episode:58/500, median wait:36.0 (n=748)
episode:59/500, train_demand:raw_data/grid4x4/od_hubs/demand_set/train_09.rou.xml
step:1800/1800, q_loss:11.121832847595215, rewards:-321.8566623263889, queue:5.668229166666666, delay:0.05047994189792209, throughput:714
episode:59/500, real avg travel time:214.91176470588235
episode:59/500, median wait:33.0 (n=714)
cycle_mean cycle=5 m_prev=37.10 m_curr=36.25 rel=-0.0229 delta=-0.85 flat=True improved=False patience=1/3
episode:60/500, train_demand:raw_data/grid4x4/od_hubs/demand_set/train_00.rou.xml
step:1800/1800, q_loss:10.967428207397461, rewards:-320.56553819444446, queue:5.63125, delay:0.04510022799173991, throughput:675
episode:60/500, real avg travel time:211.02814814814815
episode:60/500, median wait:36.0 (n=675)
HELDOUT episode:60/500, demand:raw_data/grid4x4/od_hubs/demand_set/hold_00.rou.xml, travel time:262.46315789473687, rewards:-339.6094184027778, queue:6.225694444444445, delay:0.061719120873345266, throughput:665
HELDOUT episode:60/500, demand:raw_data/grid4x4/od_hubs/demand_set/hold_00.rou.xml, median wait:50.0
HELDOUT episode:60/500, demand:raw_data/grid4x4/od_hubs/demand_set/hold_01.rou.xml, travel time:266.13576642335767, rewards:-341.4761067708333, queue:6.2875, delay:0.06752121713426378, throughput:685
HELDOUT episode:60/500, demand:raw_data/grid4x4/od_hubs/demand_set/hold_01.rou.xml, median wait:46.0
HELDOUT episode:60/500, demand:raw_data/grid4x4/od_hubs/demand_set/hold_02.rou.xml, travel time:262.48973607038124, rewards:-341.80499131944447, queue:6.296180555555556, delay:0.06704729927910699, throughput:682
HELDOUT episode:60/500, demand:raw_data/grid4x4/od_hubs/demand_set/hold_02.rou.xml, median wait:44.0
HELDOUT_MEAN episode:60/500, travel time:263.6962201294919 (n=3)
episode:61/500, train_demand:raw_data/grid4x4/od_hubs/demand_set/train_01.rou.xml
step:1800/1800, q_loss:10.948518753051758, rewards:-320.17109375, queue:5.613541666666666, delay:0.046517504586113825, throughput:714
episode:61/500, real avg travel time:212.6778711484594
episode:61/500, median wait:35.0 (n=714)
episode:62/500, train_demand:raw_data/grid4x4/od_hubs/demand_set/train_02.rou.xml
step:1800/1800, q_loss:10.894631385803223, rewards:-320.09331597222223, queue:5.619791666666667, delay:0.04725200865003798, throughput:730
episode:62/500, real avg travel time:204.4191780821918
episode:62/500, median wait:33.5 (n=730)
episode:63/500, train_demand:raw_data/grid4x4/od_hubs/demand_set/train_03.rou.xml
step:1800/1800, q_loss:10.804530143737793, rewards:-321.1644314236111, queue:5.647916666666666, delay:0.049943033854166666, throughput:780
episode:63/500, real avg travel time:206.2525641025641
episode:63/500, median wait:34.0 (n=780)
episode:64/500, train_demand:raw_data/grid4x4/od_hubs/demand_set/train_04.rou.xml
step:1800/1800, q_loss:10.809868812561035, rewards:-317.45776909722224, queue:5.536284722222222, delay:0.0433252387576633, throughput:691
episode:64/500, real avg travel time:202.301013024602
episode:64/500, median wait:32.0 (n=691)
episode:65/500, train_demand:raw_data/grid4x4/od_hubs/demand_set/train_05.rou.xml
step:1800/1800, q_loss:10.738386154174805, rewards:-322.4183376736111, queue:5.681770833333333, delay:0.047861644956800675, throughput:727
episode:65/500, real avg travel time:217.15818431911967
episode:65/500, median wait:33.0 (n=727)
episode:66/500, train_demand:raw_data/grid4x4/od_hubs/demand_set/train_06.rou.xml
step:1800/1800, q_loss:10.7914400100708, rewards:-320.1844184027778, queue:5.6227430555555555, delay:0.04594674640231662, throughput:722
episode:66/500, real avg travel time:206.66897506925207
episode:66/500, median wait:31.0 (n=722)
episode:67/500, train_demand:raw_data/grid4x4/od_hubs/demand_set/train_07.rou.xml
step:1800/1800, q_loss:10.71341609954834, rewards:-320.83276909722224, queue:5.635590277777778, delay:0.048559241824679904, throughput:744
episode:67/500, real avg travel time:210.11155913978496
episode:67/500, median wait:34.0 (n=744)
episode:68/500, train_demand:raw_data/grid4x4/od_hubs/demand_set/train_08.rou.xml
step:1800/1800, q_loss:10.692785263061523, rewards:-320.24665798611113, queue:5.625868055555555, delay:0.04706353081597222, throughput:757
episode:68/500, real avg travel time:208.02509907529722
episode:68/500, median wait:32.0 (n=757)
episode:69/500, train_demand:raw_data/grid4x4/od_hubs/demand_set/train_09.rou.xml
step:1800/1800, q_loss:10.686912536621094, rewards:-320.43888888888887, queue:5.624305555555556, delay:0.0481449392106798, throughput:726
episode:69/500, real avg travel time:210.25619834710744
episode:69/500, median wait:32.0 (n=726)
cycle_mean cycle=6 m_prev=36.25 m_curr=33.25 rel=-0.0828 delta=-3.00 flat=False improved=True patience=0/3
episode:70/500, train_demand:raw_data/grid4x4/od_hubs/demand_set/train_00.rou.xml
step:1800/1800, q_loss:10.626049995422363, rewards:-317.93500434027777, queue:5.553125, delay:0.043385118908352324, throughput:675
episode:70/500, real avg travel time:202.90222222222224
episode:70/500, median wait:32.0 (n=675)
HELDOUT episode:70/500, demand:raw_data/grid4x4/od_hubs/demand_set/hold_00.rou.xml, travel time:237.10015174506827, rewards:-335.28055555555557, queue:6.086805555555555, delay:0.06230013635423448, throughput:659
HELDOUT episode:70/500, demand:raw_data/grid4x4/od_hubs/demand_set/hold_00.rou.xml, median wait:37.0
HELDOUT episode:70/500, demand:raw_data/grid4x4/od_hubs/demand_set/hold_01.rou.xml, travel time:237.91416309012877, rewards:-333.17608506944447, queue:6.019444444444445, delay:0.06500507460700142, throughput:699
HELDOUT episode:70/500, demand:raw_data/grid4x4/od_hubs/demand_set/hold_01.rou.xml, median wait:41.0
HELDOUT episode:70/500, demand:raw_data/grid4x4/od_hubs/demand_set/hold_02.rou.xml, travel time:244.59732540861813, rewards:-337.09223090277777, queue:6.141840277777778, delay:0.06839950349595812, throughput:673
HELDOUT episode:70/500, demand:raw_data/grid4x4/od_hubs/demand_set/hold_02.rou.xml, median wait:41.0
HELDOUT_MEAN episode:70/500, travel time:239.8705467479384 (n=3)
New best heldout ATT=239.8705 at episode 70 (saved model/best_*.pt)
episode:71/500, train_demand:raw_data/grid4x4/od_hubs/demand_set/train_01.rou.xml
step:1800/1800, q_loss:10.579025268554688, rewards:-319.1277777777778, queue:5.5859375, delay:0.04431135919358995, throughput:716
episode:71/500, real avg travel time:207.0349162011173
episode:71/500, median wait:31.0 (n=716)
episode:72/500, train_demand:raw_data/grid4x4/od_hubs/demand_set/train_02.rou.xml
step:1800/1800, q_loss:10.539079666137695, rewards:-320.814453125, queue:5.640104166666666, delay:0.0477742248111301, throughput:731
episode:72/500, real avg travel time:208.0984952120383
episode:72/500, median wait:33.0 (n=731)
episode:73/500, train_demand:raw_data/grid4x4/od_hubs/demand_set/train_03.rou.xml
step:1800/1800, q_loss:10.502056121826172, rewards:-320.4583333333333, queue:5.6234375, delay:0.049248960283067494, throughput:783
episode:73/500, real avg travel time:206.514687100894
episode:73/500, median wait:33.0 (n=783)
episode:74/500, train_demand:raw_data/grid4x4/od_hubs/demand_set/train_04.rou.xml
step:1800/1800, q_loss:10.628439903259277, rewards:-317.5722222222222, queue:5.535590277777778, delay:0.044240077336629234, throughput:692
episode:74/500, real avg travel time:202.59104046242774
episode:74/500, median wait:31.0 (n=692)
episode:75/500, train_demand:raw_data/grid4x4/od_hubs/demand_set/train_05.rou.xml
step:1800/1800, q_loss:10.49746322631836, rewards:-319.09611545138887, queue:5.5862847222222225, delay:0.046792459487915036, throughput:733
episode:75/500, real avg travel time:204.17598908594815
episode:75/500, median wait:33.0 (n=733)
episode:76/500, train_demand:raw_data/grid4x4/od_hubs/demand_set/train_06.rou.xml
step:1800/1800, q_loss:10.492383003234863, rewards:-319.97278645833336, queue:5.617708333333334, delay:0.044574430253770614, throughput:727
episode:76/500, real avg travel time:205.62310866574967
episode:76/500, median wait:31.0 (n=727)
episode:77/500, train_demand:raw_data/grid4x4/od_hubs/demand_set/train_07.rou.xml
step:1800/1800, q_loss:10.474727630615234, rewards:-320.7272135416667, queue:5.642361111111111, delay:0.04918460845947266, throughput:737
episode:77/500, real avg travel time:208.63229308005427
episode:77/500, median wait:37.0 (n=737)
episode:78/500, train_demand:raw_data/grid4x4/od_hubs/demand_set/train_08.rou.xml
step:1800/1800, q_loss:10.474952697753906, rewards:-319.06388888888887, queue:5.585416666666666, delay:0.046464967727661136, throughput:758
episode:78/500, real avg travel time:204.37598944591028
episode:78/500, median wait:34.0 (n=758)
episode:79/500, train_demand:raw_data/grid4x4/od_hubs/demand_set/train_09.rou.xml
step:1800/1800, q_loss:10.384037017822266, rewards:-319.0794270833333, queue:5.578645833333334, delay:0.046741522683037655, throughput:718
episode:79/500, real avg travel time:201.93314763231197
episode:79/500, median wait:29.0 (n=718)
cycle_mean cycle=7 m_prev=33.25 m_curr=32.40 rel=-0.0256 delta=-0.85 flat=True improved=False patience=1/3
episode:80/500, train_demand:raw_data/grid4x4/od_hubs/demand_set/train_00.rou.xml
step:1800/1800, q_loss:10.480501174926758, rewards:-317.56165364583336, queue:5.541145833333333, delay:0.04285221099853516, throughput:678
episode:80/500, real avg travel time:203.48230088495575
episode:80/500, median wait:33.0 (n=678)
HELDOUT episode:80/500, demand:raw_data/grid4x4/od_hubs/demand_set/hold_00.rou.xml, travel time:246.63742690058479, rewards:-331.4366753472222, queue:5.955902777777778, delay:0.05969827440049913, throughput:684
HELDOUT episode:80/500, demand:raw_data/grid4x4/od_hubs/demand_set/hold_00.rou.xml, median wait:46.0
HELDOUT episode:80/500, demand:raw_data/grid4x4/od_hubs/demand_set/hold_01.rou.xml, travel time:252.0114122681883, rewards:-336.5522135416667, queue:6.11875, delay:0.06474848323398166, throughput:701
HELDOUT episode:80/500, demand:raw_data/grid4x4/od_hubs/demand_set/hold_01.rou.xml, median wait:41.0
HELDOUT episode:80/500, demand:raw_data/grid4x4/od_hubs/demand_set/hold_02.rou.xml, travel time:251.88856729377713, rewards:-335.0727430555556, queue:6.063888888888889, delay:0.06312009493509928, throughput:691
HELDOUT episode:80/500, demand:raw_data/grid4x4/od_hubs/demand_set/hold_02.rou.xml, median wait:45.0
HELDOUT_MEAN episode:80/500, travel time:250.17913548751673 (n=3)
episode:81/500, train_demand:raw_data/grid4x4/od_hubs/demand_set/train_01.rou.xml
step:1800/1800, q_loss:10.460189819335938, rewards:-318.97000868055557, queue:5.579166666666667, delay:0.04518385993109809, throughput:718
episode:81/500, real avg travel time:205.67688022284122
episode:81/500, median wait:34.0 (n=718)
episode:82/500, train_demand:raw_data/grid4x4/od_hubs/demand_set/train_02.rou.xml
step:1800/1800, q_loss:10.409384727478027, rewards:-318.35831163194445, queue:5.568229166666667, delay:0.04548705418904622, throughput:730
episode:82/500, real avg travel time:201.1054794520548
episode:82/500, median wait:34.0 (n=730)
episode:83/500, train_demand:raw_data/grid4x4/od_hubs/demand_set/train_03.rou.xml
step:1800/1800, q_loss:10.442669868469238, rewards:-319.6988715277778, queue:5.601041666666666, delay:0.047806337144639756, throughput:787
episode:83/500, real avg travel time:203.68106734434562
episode:83/500, median wait:34.0 (n=787)
episode:84/500, train_demand:raw_data/grid4x4/od_hubs/demand_set/train_04.rou.xml
step:1800/1800, q_loss:10.399331092834473, rewards:-316.1827690972222, queue:5.496180555555555, delay:0.04064483907487657, throughput:690
episode:84/500, real avg travel time:198.1086956521739
episode:84/500, median wait:28.0 (n=690)
episode:85/500, train_demand:raw_data/grid4x4/od_hubs/demand_set/train_05.rou.xml
step:1800/1800, q_loss:10.399680137634277, rewards:-319.1600043402778, queue:5.588541666666667, delay:0.04745317565070258, throughput:735
episode:85/500, real avg travel time:205.23945578231292
episode:85/500, median wait:36.0 (n=735)
episode:86/500, train_demand:raw_data/grid4x4/od_hubs/demand_set/train_06.rou.xml
step:1800/1800, q_loss:10.419392585754395, rewards:-319.64166666666665, queue:5.603472222222222, delay:0.04603163401285807, throughput:729
episode:86/500, real avg travel time:205.98079561042525
episode:86/500, median wait:34.0 (n=729)
episode:87/500, train_demand:raw_data/grid4x4/od_hubs/demand_set/train_07.rou.xml
step:1800/1800, q_loss:10.36972427368164, rewards:-319.0699869791667, queue:5.581770833333334, delay:0.04700050883822971, throughput:748
episode:87/500, real avg travel time:202.1818181818182
episode:87/500, median wait:32.0 (n=748)
episode:88/500, train_demand:raw_data/grid4x4/od_hubs/demand_set/train_08.rou.xml
step:1800/1800, q_loss:10.347911834716797, rewards:-318.08719618055557, queue:5.555555555555555, delay:0.04467465082804362, throughput:757
episode:88/500, real avg travel time:200.21400264200793
episode:88/500, median wait:30.0 (n=757)
episode:89/500, train_demand:raw_data/grid4x4/od_hubs/demand_set/train_09.rou.xml
step:1800/1800, q_loss:10.413737297058105, rewards:-317.3683159722222, queue:5.530729166666666, delay:0.042879586749606666, throughput:727
episode:89/500, real avg travel time:201.56258596973865
episode:89/500, median wait:30.0 (n=727)
cycle_mean cycle=8 m_prev=32.40 m_curr=32.50 rel=+0.0031 delta=+0.10 flat=True improved=False patience=2/3
episode:90/500, train_demand:raw_data/grid4x4/od_hubs/demand_set/train_00.rou.xml
step:1800/1800, q_loss:10.342072486877441, rewards:-318.57890625, queue:5.567534722222222, delay:0.044285570250617134, throughput:679
episode:90/500, real avg travel time:205.54344624447717
episode:90/500, median wait:37.0 (n=679)
HELDOUT episode:90/500, demand:raw_data/grid4x4/od_hubs/demand_set/hold_00.rou.xml, travel time:235.7891654465593, rewards:-332.03389756944443, queue:5.987847222222222, delay:0.05733519130282932, throughput:683
HELDOUT episode:90/500, demand:raw_data/grid4x4/od_hubs/demand_set/hold_00.rou.xml, median wait:45.0
HELDOUT episode:90/500, demand:raw_data/grid4x4/od_hubs/demand_set/hold_01.rou.xml, travel time:229.067335243553, rewards:-332.02999131944443, queue:5.984895833333334, delay:0.06178691652086046, throughput:698
HELDOUT episode:90/500, demand:raw_data/grid4x4/od_hubs/demand_set/hold_01.rou.xml, median wait:36.0
HELDOUT episode:90/500, demand:raw_data/grid4x4/od_hubs/demand_set/hold_02.rou.xml, travel time:243.06277372262772, rewards:-336.6461154513889, queue:6.128993055555555, delay:0.06284350819057888, throughput:685
HELDOUT episode:90/500, demand:raw_data/grid4x4/od_hubs/demand_set/hold_02.rou.xml, median wait:37.0
HELDOUT_MEAN episode:90/500, travel time:235.97309147091335 (n=3)
New best heldout ATT=235.9731 at episode 90 (saved model/best_*.pt)
episode:91/500, train_demand:raw_data/grid4x4/od_hubs/demand_set/train_01.rou.xml
step:1800/1800, q_loss:10.398435592651367, rewards:-317.3794270833333, queue:5.534375, delay:0.04178056716918945, throughput:721
episode:91/500, real avg travel time:199.65325936199721
episode:91/500, median wait:32.0 (n=721)
episode:92/500, train_demand:raw_data/grid4x4/od_hubs/demand_set/train_02.rou.xml
step:1800/1800, q_loss:10.392327308654785, rewards:-318.45, queue:5.574826388888889, delay:0.04475639131334093, throughput:730
episode:92/500, real avg travel time:200.9150684931507
episode:92/500, median wait:33.0 (n=730)
episode:93/500, train_demand:raw_data/grid4x4/od_hubs/demand_set/train_03.rou.xml
step:1800/1800, q_loss:10.357852935791016, rewards:-319.92999131944447, queue:5.614236111111111, delay:0.04867833455403646, throughput:786
episode:93/500, real avg travel time:203.22137404580153
episode:93/500, median wait:32.0 (n=786)
episode:94/500, train_demand:raw_data/grid4x4/od_hubs/demand_set/train_04.rou.xml
step:1800/1800, q_loss:10.415474891662598, rewards:-317.31278211805557, queue:5.525868055555556, delay:0.04394488599565294, throughput:696
episode:94/500, real avg travel time:203.1594827586207
episode:94/500, median wait:34.5 (n=696)
episode:95/500, train_demand:raw_data/grid4x4/od_hubs/demand_set/train_05.rou.xml
step:1800/1800, q_loss:10.386335372924805, rewards:-319.3883246527778, queue:5.5914930555555555, delay:0.04602026409573025, throughput:729
episode:95/500, real avg travel time:204.0315500685871
episode:95/500, median wait:33.0 (n=729)
episode:96/500, train_demand:raw_data/grid4x4/od_hubs/demand_set/train_06.rou.xml
step:1800/1800, q_loss:10.318018913269043, rewards:-317.1388888888889, queue:5.524652777777778, delay:0.04168882369995117, throughput:732
episode:96/500, real avg travel time:198.15437158469945
episode:96/500, median wait:29.5 (n=732)
episode:97/500, train_demand:raw_data/grid4x4/od_hubs/demand_set/train_07.rou.xml
step:1800/1800, q_loss:10.348758697509766, rewards:-319.25334201388887, queue:5.590277777777778, delay:0.045593579610188804, throughput:742
episode:97/500, real avg travel time:204.0498652291105
episode:97/500, median wait:32.0 (n=742)
episode:98/500, train_demand:raw_data/grid4x4/od_hubs/demand_set/train_08.rou.xml
step:1800/1800, q_loss:10.327314376831055, rewards:-317.7661024305556, queue:5.539236111111111, delay:0.043770935800340444, throughput:761
episode:98/500, real avg travel time:198.41392904073587
episode:98/500, median wait:30.0 (n=761)
episode:99/500, train_demand:raw_data/grid4x4/od_hubs/demand_set/train_09.rou.xml
step:1800/1800, q_loss:10.444554328918457, rewards:-317.82109375, queue:5.5394097222222225, delay:0.04377962748209636, throughput:729
episode:99/500, real avg travel time:201.13991769547326
episode:99/500, median wait:32.0 (n=729)
cycle_mean cycle=9 m_prev=32.50 m_curr=32.50 rel=+0.0000 delta=+0.00 flat=True improved=False patience=3/3
early_stop at episode 99/500 (cycle_mean wait, m=32.50, best ATT=235.97 at episode 90, source=heldout)
reloaded best checkpoint from episode 90 (ATT=235.97, source=heldout)
HELDOUT episode:500/500, demand:raw_data/grid4x4/od_hubs/demand_set/hold_00.rou.xml, travel time:238.64970059880238, rewards:-333.24444444444447, queue:6.025868055555556, delay:0.05821946461995443, throughput:668
HELDOUT episode:500/500, demand:raw_data/grid4x4/od_hubs/demand_set/hold_00.rou.xml, median wait:40.0
Saved 780 vehicle trip records to data/output_data/tsc/sumo_dqn_odh_l2/sumo4x4/l2_odh/logger/new_metrics_hold_00.csv (ATT=238.65s, completion=85.6%)
HELDOUT episode:500/500, demand:raw_data/grid4x4/od_hubs/demand_set/hold_01.rou.xml, travel time:238.86562942008487, rewards:-336.5672309027778, queue:6.137326388888889, delay:0.06305745442708334, throughput:707
HELDOUT episode:500/500, demand:raw_data/grid4x4/od_hubs/demand_set/hold_01.rou.xml, median wait:41.0
Saved 817 vehicle trip records to data/output_data/tsc/sumo_dqn_odh_l2/sumo4x4/l2_odh/logger/new_metrics_hold_01.csv (ATT=238.87s, completion=86.5%)
HELDOUT episode:500/500, demand:raw_data/grid4x4/od_hubs/demand_set/hold_02.rou.xml, travel time:234.91055718475073, rewards:-332.6716579861111, queue:6.009722222222222, delay:0.06082123650444878, throughput:682
HELDOUT episode:500/500, demand:raw_data/grid4x4/od_hubs/demand_set/hold_02.rou.xml, median wait:39.0
Saved 795 vehicle trip records to data/output_data/tsc/sumo_dqn_odh_l2/sumo4x4/l2_odh/logger/new_metrics_hold_02.csv (ATT=234.91s, completion=85.8%)
HELDOUT_MEAN episode:500/500, travel time:237.475295734546 (n=3)
HELDOUT episode:90/500, demand:raw_data/grid4x4/od_hubs/demand_set/hold_00.rou.xml, travel time:242.4792284866469, rewards:-333.78276909722223, queue:6.0368055555555555, delay:0.05798567665947808, throughput:674
HELDOUT episode:90/500, demand:raw_data/grid4x4/od_hubs/demand_set/hold_00.rou.xml, median wait:45.5
Saved 780 vehicle trip records to data/output_data/tsc/sumo_dqn_odh_l2/sumo4x4/l2_odh/logger/new_metrics_best_hold_00.csv (ATT=242.48s, completion=86.4%)
HELDOUT episode:90/500, demand:raw_data/grid4x4/od_hubs/demand_set/hold_01.rou.xml, travel time:239.73170731707316, rewards:-336.9916666666667, queue:6.149131944444444, delay:0.0648164431254069, throughput:697
HELDOUT episode:90/500, demand:raw_data/grid4x4/od_hubs/demand_set/hold_01.rou.xml, median wait:46.0
Saved 817 vehicle trip records to data/output_data/tsc/sumo_dqn_odh_l2/sumo4x4/l2_odh/logger/new_metrics_best_hold_01.csv (ATT=239.73s, completion=85.3%)
HELDOUT episode:90/500, demand:raw_data/grid4x4/od_hubs/demand_set/hold_02.rou.xml, travel time:240.59384164222874, rewards:-334.05944010416664, queue:6.053645833333333, delay:0.06238969167073568, throughput:682
HELDOUT episode:90/500, demand:raw_data/grid4x4/od_hubs/demand_set/hold_02.rou.xml, median wait:42.0
Saved 795 vehicle trip records to data/output_data/tsc/sumo_dqn_odh_l2/sumo4x4/l2_odh/logger/new_metrics_best_hold_02.csv (ATT=240.59s, completion=85.8%)
HELDOUT_MEAN episode:90/500, travel time:240.9349258153163 (n=3)
Total time taken: 1484.6160025596619
