presslight_rich	TRAIN	0	235.9	0.0	-5.39	5.71	0.05	673
presslight_rich	HELDOUT	0	380.7	100.0	-28.75	9.21	0.10	332
presslight_rich	HELDOUT	0	361.9	100.0	-23.85	8.86	0.10	401
presslight_rich	HELDOUT	0	360.0	100.0	-30.33	9.04	0.10	359
presslight_rich	HELDOUT_MEAN	0	367.5	100.0	0.00	0.00	0.00	0
presslight_rich	TRAIN	1	253.0	0.0	-4.50	5.90	0.06	700
presslight_rich	TRAIN	2	236.8	0.0	-5.50	5.78	0.06	721
presslight_rich	TRAIN	3	253.9	0.0	-6.36	5.98	0.06	772
presslight_rich	TRAIN	4	234.6	0.0	-4.58	5.74	0.05	677
presslight_rich	TRAIN	5	264.0	0.9	-10.99	6.88	0.07	533
presslight_rich	TRAIN	6	367.1	1.8	-20.87	7.64	0.09	550
presslight_rich	TRAIN	7	328.4	2.7	-18.10	7.09	0.08	618
presslight_rich	TRAIN	8	331.0	3.7	-14.07	7.02	0.08	612
presslight_rich	TRAIN	9	275.9	4.3	-8.10	6.60	0.07	608
presslight_rich	TRAIN	10	276.2	4.6	-4.42	6.50	0.07	583
presslight_rich	HELDOUT	10	271.0	100.0	-10.32	6.72	0.07	591
presslight_rich	HELDOUT	10	263.3	100.0	-10.10	6.87	0.08	592
presslight_rich	HELDOUT	10	262.2	100.0	-8.10	6.61	0.07	605
presslight_rich	HELDOUT_MEAN	10	265.5	100.0	0.00	0.00	0.00	0
presslight_rich	TRAIN	11	262.1	4.3	-4.51	5.99	0.07	677
presslight_rich	TRAIN	12	258.1	4.1	-5.13	6.00	0.06	701
presslight_rich	TRAIN	13	255.5	3.7	-5.75	6.12	0.07	731
presslight_rich	TRAIN	14	259.5	3.4	-5.21	5.91	0.06	669
presslight_rich	TRAIN	15	240.5	3.2	-5.04	5.80	0.06	706
presslight_rich	TRAIN	16	233.8	3.1	-4.56	5.75	0.06	705
presslight_rich	TRAIN	17	236.7	2.9	-5.65	5.76	0.06	734
presslight_rich	TRAIN	18	231.2	2.8	-4.31	5.76	0.05	739
presslight_rich	TRAIN	19	234.5	2.8	-4.30	5.73	0.05	713
presslight_rich	TRAIN	20	220.7	2.6	-3.77	5.62	0.05	673
presslight_rich	HELDOUT	20	230.7	100.0	-8.17	5.81	0.05	692
presslight_rich	HELDOUT	20	226.4	100.0	-6.16	5.70	0.05	734
presslight_rich	HELDOUT	20	223.2	100.0	-7.11	5.70	0.05	717
presslight_rich	HELDOUT_MEAN	20	226.7	100.0	0.00	0.00	0.00	0
presslight_rich	TRAIN	21	230.2	2.5	-4.14	5.67	0.05	704
presslight_rich	TRAIN	22	238.1	2.4	-4.80	5.77	0.06	728
presslight_rich	TRAIN	23	232.5	2.5	-7.81	6.06	0.06	724
presslight_rich	TRAIN	24	222.8	2.5	-4.83	5.65	0.05	675
presslight_rich	TRAIN	25	224.0	2.4	-4.06	5.64	0.05	723
presslight_rich	TRAIN	26	224.7	2.5	-3.89	5.66	0.05	721
presslight_rich	TRAIN	27	223.1	2.3	-4.35	5.68	0.05	733
presslight_rich	TRAIN	28	220.7	2.3	-5.93	5.63	0.05	750
presslight_rich	TRAIN	29	220.7	2.4	-4.09	5.64	0.05	715
presslight_rich	TRAIN	30	221.8	2.5	-4.68	5.61	0.05	675
presslight_rich	HELDOUT	30	220.5	100.0	-7.85	5.72	0.05	693
presslight_rich	HELDOUT	30	226.3	100.0	-5.17	5.69	0.05	735
presslight_rich	HELDOUT	30	215.8	100.0	-7.21	5.64	0.05	715
presslight_rich	HELDOUT_MEAN	30	220.9	100.0	0.00	0.00	0.00	0
presslight_rich	TRAIN	31	211.7	2.2	-4.06	5.59	0.05	705
presslight_rich	TRAIN	32	219.4	2.3	-3.69	5.61	0.05	727
presslight_rich	TRAIN	33	216.2	2.1	-4.00	5.64	0.05	778
presslight_rich	TRAIN	34	219.7	1.8	-4.22	5.59	0.05	685
presslight_rich	TRAIN	35	227.7	1.6	-4.10	5.66	0.05	725
presslight_rich	TRAIN	36	221.6	1.4	-4.03	5.66	0.05	717
presslight_rich	TRAIN	37	215.9	1.2	-4.70	5.62	0.05	739
presslight_rich	TRAIN	38	215.7	1.2	-4.83	5.60	0.05	752
presslight_rich	TRAIN	39	213.2	1.1	-3.84	5.57	0.05	718
presslight_rich	TRAIN	40	216.4	1.1	-4.06	5.58	0.05	675
presslight_rich	HELDOUT	40	225.8	100.0	-8.04	5.70	0.05	707
presslight_rich	HELDOUT	40	221.8	100.0	-8.15	5.72	0.05	734
presslight_rich	HELDOUT	40	214.7	100.0	-5.15	5.58	0.05	727
presslight_rich	HELDOUT_MEAN	40	220.8	100.0	0.00	0.00	0.00	0
presslight_rich	TRAIN	41	212.0	1.0	-3.77	5.54	0.04	712
presslight_rich	TRAIN	42	212.5	1.0	-3.77	5.56	0.05	731
presslight_rich	TRAIN	43	211.6	1.0	-4.72	5.63	0.05	776
presslight_rich	TRAIN	44	209.2	0.9	-3.62	5.51	0.04	689
presslight_rich	TRAIN	45	210.7	0.9	-3.31	5.55	0.05	727
presslight_rich	TRAIN	46	211.4	0.9	-3.49	5.55	0.05	722
presslight_rich	TRAIN	47	210.1	0.9	-4.04	5.56	0.05	749
presslight_rich	TRAIN	48	207.5	0.9	-4.16	5.53	0.04	751
presslight_rich	TRAIN	49	212.9	0.9	-3.79	5.57	0.05	719
presslight_rich	TRAIN	50	209.8	0.9	-3.56	5.52	0.04	681
presslight_rich	HELDOUT	50	209.4	100.0	-3.85	5.51	0.04	716
presslight_rich	HELDOUT	50	212.5	100.0	-4.14	5.55	0.05	749
presslight_rich	HELDOUT	50	206.5	100.0	-3.98	5.53	0.05	728
presslight_rich	HELDOUT_MEAN	50	209.5	100.0	0.00	0.00	0.00	0
presslight_rich	TRAIN	51	208.8	0.8	-3.51	5.51	0.04	711
presslight_rich	TRAIN	52	206.5	0.8	-3.65	5.53	0.04	733
presslight_rich	TRAIN	53	222.7	0.7	-8.50	5.73	0.05	776
presslight_rich	TRAIN	54	210.5	0.8	-3.39	5.51	0.04	691
presslight_rich	TRAIN	55	212.4	0.7	-3.60	5.55	0.05	732
presslight_rich	TRAIN	56	212.8	0.7	-3.67	5.56	0.05	722
presslight_rich	TRAIN	57	207.0	0.7	-3.57	5.53	0.05	746
presslight_rich	TRAIN	58	211.6	0.7	-4.00	5.56	0.05	751
presslight_rich	TRAIN	59	213.6	0.7	-3.73	5.56	0.05	722
presslight_rich	TRAIN	60	208.1	0.7	-3.43	5.50	0.04	680
presslight_rich	HELDOUT	60	210.2	100.0	-3.66	5.54	0.04	717
presslight_rich	HELDOUT	60	202.9	100.0	-3.57	5.51	0.04	748
presslight_rich	HELDOUT	60	210.6	100.0	-3.71	5.57	0.05	727
presslight_rich	HELDOUT_MEAN	60	207.9	100.0	0.00	0.00	0.00	0
presslight_rich	TRAIN	61	214.9	0.7	-3.49	5.59	0.05	710
presslight_rich	TRAIN	62	211.0	0.7	-3.88	5.54	0.05	733
presslight_rich	TRAIN	63	213.4	0.7	-4.52	5.63	0.05	776
presslight_rich	TRAIN	64	208.3	0.7	-3.67	5.50	0.04	695
presslight_rich	TRAIN	65	211.5	0.7	-3.48	5.54	0.05	727
presslight_rich	TRAIN	66	209.0	0.7	-3.36	5.52	0.04	726
presslight_rich	TRAIN	67	202.3	0.7	-3.83	5.50	0.04	746
presslight_rich	TRAIN	68	204.6	0.7	-4.09	5.51	0.04	754
presslight_rich	TRAIN	69	211.2	0.6	-3.66	5.53	0.05	723
presslight_rich	TRAIN	70	203.1	0.7	-3.38	5.46	0.04	683
presslight_rich	HELDOUT	70	206.0	100.0	-3.75	5.50	0.04	721
presslight_rich	HELDOUT	70	204.8	100.0	-3.61	5.50	0.04	751
presslight_rich	HELDOUT	70	205.0	100.0	-3.83	5.50	0.04	730
presslight_rich	HELDOUT_MEAN	70	205.2	100.0	0.00	0.00	0.00	0
presslight_rich	TRAIN	71	204.7	0.7	-3.27	5.50	0.04	714
presslight_rich	TRAIN	72	204.7	0.6	-3.49	5.50	0.04	735
presslight_rich	TRAIN	73	210.0	0.6	-4.09	5.59	0.05	780
presslight_rich	TRAIN	74	204.7	0.6	-3.50	5.48	0.04	689
presslight_rich	TRAIN	75	208.8	0.6	-3.27	5.52	0.04	737
presslight_rich	TRAIN	76	209.7	0.6	-3.25	5.51	0.04	726
presslight_rich	TRAIN	77	202.4	0.6	-3.51	5.50	0.04	748
presslight_rich	TRAIN	78	203.9	0.6	-4.04	5.51	0.04	749
presslight_rich	TRAIN	79	208.5	0.6	-3.68	5.52	0.04	727
presslight_rich	TRAIN	80	204.0	0.6	-3.40	5.47	0.04	683
presslight_rich	HELDOUT	80	210.7	100.0	-3.99	5.52	0.04	713
presslight_rich	HELDOUT	80	208.0	100.0	-4.21	5.52	0.05	747
presslight_rich	HELDOUT	80	205.4	100.0	-4.12	5.52	0.04	726
presslight_rich	HELDOUT_MEAN	80	208.0	100.0	0.00	0.00	0.00	0
presslight_rich	TRAIN	81	207.9	0.6	-3.55	5.51	0.04	714
presslight_rich	TRAIN	82	204.7	0.6	-3.44	5.48	0.04	735
presslight_rich	TRAIN	83	207.9	0.6	-4.11	5.56	0.05	781
presslight_rich	TRAIN	84	202.9	0.6	-3.38	5.46	0.04	696
presslight_rich	TRAIN	85	206.9	0.6	-3.35	5.51	0.04	735
presslight_rich	TRAIN	86	205.7	0.6	-3.22	5.49	0.04	730
presslight_rich	TRAIN	87	199.4	0.6	-3.46	5.47	0.04	747
presslight_rich	TRAIN	88	200.1	0.6	-4.11	5.48	0.04	753
presslight_rich	TRAIN	89	208.2	0.6	-3.76	5.51	0.04	727
presslight_rich	TRAIN	90	202.2	0.6	-3.21	5.45	0.04	683
presslight_rich	HELDOUT	90	202.3	100.0	-3.85	5.48	0.04	719
presslight_rich	HELDOUT	90	199.6	100.0	-3.70	5.46	0.04	753
presslight_rich	HELDOUT	90	199.5	100.0	-3.56	5.46	0.04	730
presslight_rich	HELDOUT_MEAN	90	200.5	100.0	0.00	0.00	0.00	0
presslight_rich	TRAIN	91	207.4	0.6	-3.39	5.51	0.04	713
presslight_rich	TRAIN	92	202.8	0.6	-3.52	5.49	0.04	737
presslight_rich	TRAIN	93	206.9	0.6	-3.99	5.55	0.05	784
presslight_rich	TRAIN	94	204.4	0.6	-3.44	5.46	0.04	694
presslight_rich	TRAIN	95	207.4	0.6	-3.40	5.52	0.05	729
presslight_rich	TRAIN	96	205.4	0.6	-3.15	5.51	0.04	723
presslight_rich	TRAIN	97	200.8	0.6	-3.67	5.48	0.04	748
presslight_rich	TRAIN	98	205.3	0.6	-3.81	5.51	0.04	751
presslight_rich	TRAIN	99	205.8	0.6	-3.59	5.49	0.04	719
presslight_rich	TRAIN	100	200.2	0.6	-3.25	5.44	0.04	681
presslight_rich	HELDOUT	100	203.0	100.0	-3.73	5.47	0.04	716
presslight_rich	HELDOUT	100	201.2	100.0	-3.77	5.47	0.04	752
presslight_rich	HELDOUT	100	201.7	100.0	-3.97	5.48	0.04	731
presslight_rich	HELDOUT_MEAN	100	202.0	100.0	0.00	0.00	0.00	0
presslight_rich	TRAIN	101	204.3	0.6	-3.19	5.48	0.04	716
presslight_rich	TRAIN	102	204.2	0.6	-3.58	5.53	0.04	731
presslight_rich	TRAIN	103	207.4	0.6	-4.35	5.55	0.05	779
presslight_rich	TRAIN	104	199.8	0.6	-3.21	5.43	0.04	691
presslight_rich	TRAIN	105	202.8	0.6	-3.44	5.47	0.04	735
presslight_rich	TRAIN	106	205.3	0.6	-3.33	5.50	0.04	729
presslight_rich	TRAIN	107	200.4	0.6	-3.70	5.47	0.04	747
presslight_rich	TRAIN	108	203.9	0.6	-4.05	5.50	0.04	748
presslight_rich	TRAIN	109	203.2	0.6	-3.37	5.48	0.04	722
presslight_rich	HELDOUT	500	202.2	100.0	-4.11	5.48	0.04	719
presslight_rich	HELDOUT	500	199.7	100.0	-3.59	5.47	0.04	753
presslight_rich	HELDOUT	500	201.2	100.0	-3.55	5.46	0.04	736
presslight_rich	HELDOUT_MEAN	500	201.0	100.0	0.00	0.00	0.00	0
presslight_rich	HELDOUT	90	202.3	100.0	-3.75	5.47	0.04	723
presslight_rich	HELDOUT	90	199.3	100.0	-3.69	5.47	0.04	757
presslight_rich	HELDOUT	90	202.3	100.0	-3.73	5.48	0.04	730
presslight_rich	HELDOUT_MEAN	90	201.3	100.0	0.00	0.00	0.00	0
