presslight	TRAIN	0	283.7	0.0	-15.90	1.80	0.06	1433
presslight	TEST	0	440.3	100.0	-94.68	9.48	0.12	828
presslight	TRAIN	1	270.7	0.0	-15.52	1.61	0.06	1430
presslight	TEST	1	440.3	100.0	-94.68	9.48	0.12	828
presslight	TRAIN	2	273.2	3.1	-23.58	2.27	0.06	1328
presslight	TEST	2	314.6	100.0	-59.65	6.75	0.08	975
presslight	TRAIN	3	168.5	3.7	-7.51	0.23	0.01	1456
presslight	TEST	3	153.5	100.0	-6.70	0.02	0.01	1456
presslight	TRAIN	4	164.0	8.7	-6.92	0.16	0.01	1456
presslight	TEST	4	154.3	100.0	-6.85	0.03	0.01	1456
presslight	TRAIN	5	154.6	10.3	-6.73	0.05	0.01	1453
presslight	TEST	5	157.4	100.0	-6.95	0.09	0.01	1454
presslight	TRAIN	6	155.6	9.1	-6.88	0.06	0.01	1454
presslight	TEST	6	194.5	100.0	-20.41	0.99	0.02	1370
presslight	TRAIN	7	156.2	8.1	-7.00	0.06	0.01	1454
presslight	TEST	7	155.1	100.0	-6.75	0.05	0.01	1455
presslight	TRAIN	8	155.6	7.2	-6.81	0.06	0.01	1455
presslight	TEST	8	156.2	100.0	-6.82	0.07	0.01	1454
presslight	TRAIN	9	156.0	6.5	-6.86	0.06	0.01	1456
presslight	TEST	9	155.9	100.0	-6.82	0.06	0.01	1456
presslight	TRAIN	10	155.9	5.8	-6.82	0.06	0.01	1456
presslight	TEST	10	156.1	100.0	-6.83	0.07	0.01	1455
presslight	TRAIN	11	156.3	5.2	-6.92	0.07	0.01	1453
presslight	TEST	11	155.7	100.0	-6.93	0.06	0.01	1455
presslight	TRAIN	12	198.8	5.4	-13.23	1.00	0.02	1387
presslight	TEST	12	201.0	100.0	-9.62	0.53	0.02	1445
presslight	TRAIN	13	155.7	6.0	-6.86	0.06	0.01	1455
presslight	TEST	13	154.7	100.0	-6.84	0.05	0.01	1456
presslight	TRAIN	14	155.5	5.5	-6.89	0.06	0.01	1455
presslight	TEST	14	155.8	100.0	-6.98	0.06	0.01	1456
presslight	TRAIN	15	155.9	4.1	-6.95	0.06	0.01	1456
presslight	TEST	15	161.5	100.0	-7.29	0.10	0.01	1457
presslight	TRAIN	16	154.6	2.8	-6.83	0.04	0.01	1456
presslight	TEST	16	153.8	100.0	-6.72	0.02	0.01	1455
presslight	TRAIN	17	154.2	1.5	-6.73	0.03	0.01	1453
presslight	TEST	17	154.1	100.0	-6.76	0.03	0.01	1456
presslight	TRAIN	18	154.1	1.2	-6.75	0.03	0.01	1456
presslight	TEST	18	154.6	100.0	-6.85	0.04	0.01	1456
presslight	TRAIN	19	154.8	1.1	-6.79	0.04	0.01	1456
presslight	TEST	19	153.6	100.0	-6.71	0.02	0.01	1455
presslight	TRAIN	20	153.8	1.1	-6.72	0.02	0.01	1457
presslight	TEST	20	153.8	100.0	-6.74	0.03	0.01	1457
presslight	TRAIN	21	154.1	1.1	-6.77	0.03	0.01	1456
presslight	TEST	21	153.4	100.0	-6.69	0.02	0.01	1456
presslight	TRAIN	22	154.1	1.1	-6.76	0.03	0.01	1456
presslight	TEST	22	153.9	100.0	-6.73	0.03	0.01	1457
presslight	TRAIN	23	154.0	1.1	-6.76	0.03	0.01	1456
presslight	TEST	23	154.1	100.0	-6.72	0.03	0.01	1456
presslight	TRAIN	24	154.2	1.1	-6.79	0.03	0.01	1456
presslight	TEST	24	153.7	100.0	-6.71	0.02	0.01	1457
presslight	TRAIN	25	153.9	1.0	-6.73	0.03	0.01	1457
presslight	TEST	25	153.5	100.0	-6.73	0.02	0.01	1457
presslight	TRAIN	26	153.7	0.9	-6.73	0.02	0.01	1457
presslight	TEST	26	153.5	100.0	-6.72	0.02	0.01	1457
presslight	TRAIN	27	153.8	0.7	-6.73	0.02	0.01	1457
presslight	TEST	27	154.1	100.0	-6.74	0.03	0.01	1457
presslight	TRAIN	28	153.9	0.6	-6.74	0.03	0.01	1457
presslight	TEST	28	153.4	100.0	-6.71	0.02	0.01	1457
presslight	TRAIN	29	153.8	0.6	-6.74	0.02	0.01	1458
presslight	TEST	29	153.4	100.0	-6.73	0.02	0.01	1457
presslight	TRAIN	30	153.8	0.6	-6.76	0.02	0.01	1457
presslight	TEST	30	153.5	100.0	-6.73	0.02	0.01	1456
presslight	TRAIN	31	153.5	0.6	-6.72	0.02	0.01	1456
presslight	TEST	31	153.4	100.0	-6.73	0.02	0.01	1455
presslight	TRAIN	32	153.9	0.6	-6.74	0.03	0.01	1457
presslight	TEST	32	153.9	100.0	-6.77	0.02	0.01	1457
presslight	TRAIN	33	153.8	0.6	-6.73	0.02	0.01	1454
presslight	TEST	33	154.3	100.0	-6.75	0.03	0.01	1453
presslight	TRAIN	34	214.5	0.7	-6.72	0.69	0.01	1451
presslight	TEST	34	154.7	100.0	-6.72	0.04	0.01	1453
presslight	TRAIN	35	154.1	1.0	-6.72	0.03	0.01	1455
presslight	TEST	35	154.3	100.0	-6.72	0.03	0.01	1455
presslight	TRAIN	36	154.7	0.9	-6.73	0.04	0.01	1455
presslight	TEST	36	167.3	100.0	-6.71	0.53	0.01	1408
presslight	TRAIN	37	155.0	0.9	-6.75	0.04	0.01	1456
presslight	TEST	37	154.4	100.0	-6.74	0.03	0.01	1454
presslight	TRAIN	38	158.1	0.9	-6.76	0.08	0.01	1455
presslight	TEST	38	186.8	100.0	-6.77	1.78	0.02	1321
presslight	TRAIN	39	154.0	1.0	-6.77	0.03	0.01	1452
presslight	TEST	39	202.0	100.0	-23.94	1.02	0.02	1384
presslight	TRAIN	40	189.5	1.1	-6.76	0.42	0.01	1455
presslight	TEST	40	153.8	100.0	-6.72	0.02	0.01	1455
presslight	TRAIN	41	154.1	1.3	-6.75	0.03	0.01	1456
presslight	TEST	41	153.7	100.0	-6.72	0.02	0.01	1456
presslight	TRAIN	42	155.2	1.3	-6.72	0.04	0.01	1455
presslight	TEST	42	183.6	100.0	-6.72	0.94	0.02	1390
presslight	TRAIN	43	157.4	1.4	-6.75	0.07	0.01	1457
presslight	TEST	43	154.1	100.0	-6.78	0.02	0.01	1457
presslight	TRAIN	44	154.4	1.3	-6.75	0.03	0.01	1457
presslight	TEST	44	153.5	100.0	-6.74	0.02	0.01	1458
presslight	TRAIN	45	153.9	1.4	-6.75	0.02	0.01	1455
presslight	TEST	45	153.6	100.0	-6.72	0.02	0.01	1457
presslight	TRAIN	46	154.1	1.3	-6.74	0.03	0.01	1457
presslight	TEST	46	153.5	100.0	-6.72	0.02	0.01	1454
presslight	TRAIN	47	154.0	1.4	-6.75	0.03	0.01	1456
presslight	TEST	47	154.3	100.0	-6.71	0.03	0.01	1455
presslight	TRAIN	48	154.3	1.3	-6.78	0.03	0.01	1456
presslight	TEST	48	153.7	100.0	-6.78	0.02	0.01	1456
presslight	TRAIN	49	153.7	1.0	-6.76	0.02	0.01	1455
presslight	TEST	49	153.7	100.0	-6.74	0.02	0.01	1456
presslight	TRAIN	50	153.8	1.1	-6.77	0.03	0.01	1455
presslight	TEST	50	153.6	100.0	-6.76	0.02	0.01	1455
presslight	TRAIN	51	153.8	1.0	-6.74	0.02	0.01	1456
presslight	TEST	51	153.7	100.0	-6.77	0.02	0.01	1456
presslight	TRAIN	52	154.0	0.9	-6.78	0.02	0.01	1455
presslight	TEST	52	154.3	100.0	-6.72	0.03	0.01	1454
presslight	TRAIN	53	153.6	0.9	-6.76	0.02	0.01	1457
presslight	TEST	53	153.9	100.0	-6.76	0.03	0.01	1457
presslight	TRAIN	54	153.9	0.7	-6.76	0.03	0.01	1455
presslight	TEST	54	154.0	100.0	-6.83	0.02	0.01	1457
presslight	TRAIN	55	153.8	0.5	-6.76	0.02	0.01	1457
presslight	TEST	55	153.8	100.0	-6.81	0.02	0.01	1456
presslight	TRAIN	56	154.0	0.5	-6.79	0.03	0.01	1457
presslight	TEST	56	153.8	100.0	-6.78	0.02	0.01	1457
presslight	TRAIN	57	153.9	0.5	-6.76	0.03	0.01	1457
presslight	TEST	57	153.8	100.0	-6.75	0.02	0.01	1457
presslight	TRAIN	58	153.9	0.5	-6.78	0.02	0.01	1457
presslight	TEST	58	153.6	100.0	-6.74	0.02	0.01	1456
presslight	TRAIN	59	153.9	0.5	-6.74	0.02	0.01	1457
presslight	TEST	59	153.8	100.0	-6.78	0.02	0.01	1456
presslight	TRAIN	60	154.0	0.5	-6.78	0.02	0.01	1457
presslight	TEST	60	153.7	100.0	-6.74	0.02	0.01	1456
presslight	TRAIN	61	154.1	0.5	-6.76	0.03	0.01	1455
presslight	TEST	61	153.8	100.0	-6.76	0.02	0.01	1457
presslight	TRAIN	62	154.0	0.5	-6.74	0.02	0.01	1456
presslight	TEST	62	186.9	100.0	-7.78	0.39	0.01	1456
presslight	TRAIN	63	154.0	0.5	-6.75	0.03	0.01	1457
presslight	TEST	63	153.9	100.0	-6.74	0.03	0.01	1456
presslight	TRAIN	64	183.1	0.6	-6.73	0.33	0.01	1457
presslight	TEST	64	153.8	100.0	-6.74	0.02	0.01	1455
presslight	TRAIN	65	154.2	0.8	-6.76	0.03	0.01	1457
presslight	TEST	65	153.8	100.0	-6.73	0.02	0.01	1457
presslight	TRAIN	66	154.3	0.9	-6.76	0.03	0.01	1456
presslight	TEST	66	153.7	100.0	-6.75	0.02	0.01	1456
presslight	TRAIN	67	154.2	0.9	-6.78	0.03	0.01	1454
presslight	TEST	67	154.0	100.0	-6.76	0.02	0.01	1453
presslight	TRAIN	68	154.5	0.9	-6.73	0.03	0.01	1456
presslight	TEST	68	167.1	100.0	-6.75	0.17	0.01	1454
presslight	TRAIN	69	154.2	0.8	-6.75	0.03	0.01	1457
presslight	TEST	69	153.9	100.0	-6.71	0.02	0.01	1455
presslight	TRAIN	70	153.8	0.9	-6.74	0.02	0.01	1454
presslight	TEST	70	176.5	100.0	-10.62	0.57	0.01	1391
presslight	TRAIN	71	154.2	0.8	-6.74	0.03	0.01	1457
presslight	TEST	71	153.8	100.0	-6.72	0.02	0.01	1456
presslight	TRAIN	72	154.0	0.8	-6.74	0.02	0.01	1456
presslight	TEST	72	154.2	100.0	-6.71	0.03	0.01	1457
presslight	TRAIN	73	154.1	0.9	-6.77	0.02	0.01	1458
presslight	TEST	73	154.3	100.0	-6.74	0.03	0.01	1456
presslight	TRAIN	74	181.8	0.9	-7.65	0.29	0.01	1457
presslight	TEST	74	154.8	100.0	-6.78	0.03	0.01	1457
presslight	TRAIN	75	154.5	1.0	-6.76	0.04	0.01	1454
presslight	TEST	75	154.1	100.0	-6.75	0.03	0.01	1456
presslight	TRAIN	76	154.2	1.0	-6.78	0.03	0.01	1456
presslight	TEST	76	154.0	100.0	-6.79	0.03	0.01	1456
presslight	TRAIN	77	154.0	1.0	-6.77	0.03	0.01	1455
presslight	TEST	77	154.0	100.0	-6.72	0.03	0.01	1455
presslight	TRAIN	78	154.1	0.8	-6.75	0.03	0.01	1456
presslight	TEST	78	153.9	100.0	-6.72	0.02	0.01	1458
presslight	TRAIN	79	154.3	0.7	-6.75	0.03	0.01	1456
presslight	TEST	79	153.9	100.0	-6.75	0.03	0.01	1457
presslight	TRAIN	80	154.2	0.6	-6.76	0.03	0.01	1454
presslight	TEST	80	154.1	100.0	-6.73	0.03	0.01	1457
presslight	TRAIN	81	154.6	0.6	-6.79	0.03	0.01	1457
presslight	TEST	81	154.0	100.0	-6.76	0.02	0.01	1458
presslight	TRAIN	82	154.2	0.6	-6.74	0.03	0.01	1456
presslight	TEST	82	153.8	100.0	-6.74	0.02	0.01	1456
presslight	TRAIN	83	154.2	0.7	-6.74	0.03	0.01	1457
presslight	TEST	83	154.0	100.0	-6.76	0.03	0.01	1455
presslight	TRAIN	84	154.1	0.7	-6.74	0.03	0.01	1456
presslight	TEST	84	154.1	100.0	-6.73	0.03	0.01	1457
presslight	TRAIN	85	154.3	0.7	-6.77	0.03	0.01	1456
presslight	TEST	85	153.7	100.0	-6.73	0.02	0.01	1457
presslight	TRAIN	86	154.0	0.7	-6.75	0.03	0.01	1457
presslight	TEST	86	153.9	100.0	-6.72	0.02	0.01	1456
presslight	TRAIN	87	154.1	0.7	-6.75	0.03	0.01	1456
presslight	TEST	87	153.6	100.0	-6.74	0.02	0.01	1458
presslight	TRAIN	88	154.1	0.6	-6.76	0.03	0.01	1457
presslight	TEST	88	154.0	100.0	-6.73	0.03	0.01	1457
presslight	TRAIN	89	153.9	0.5	-6.75	0.03	0.01	1457
presslight	TEST	89	154.2	100.0	-6.76	0.03	0.01	1457
presslight	TRAIN	90	153.8	0.5	-6.75	0.03	0.01	1456
presslight	TEST	90	154.1	100.0	-6.81	0.03	0.01	1456
presslight	TRAIN	91	154.4	0.5	-6.78	0.03	0.01	1457
presslight	TEST	91	154.0	100.0	-6.75	0.02	0.01	1457
presslight	TRAIN	92	154.0	0.5	-6.77	0.03	0.01	1456
presslight	TEST	92	154.1	100.0	-6.74	0.03	0.01	1456
presslight	TRAIN	93	154.1	0.5	-6.76	0.03	0.01	1457
presslight	TEST	93	153.7	100.0	-6.74	0.02	0.01	1457
presslight	TRAIN	94	154.2	0.5	-6.81	0.03	0.01	1457
presslight	TEST	94	182.8	100.0	-6.76	0.59	0.01	1404
presslight	TRAIN	95	154.1	0.5	-6.76	0.03	0.01	1458
presslight	TEST	95	153.9	100.0	-6.76	0.03	0.01	1457
presslight	TRAIN	96	154.1	0.4	-6.77	0.03	0.01	1457
presslight	TEST	96	153.7	100.0	-6.79	0.02	0.01	1457
presslight	TRAIN	97	154.0	0.4	-6.75	0.03	0.01	1456
presslight	TEST	97	154.0	100.0	-6.80	0.03	0.01	1457
presslight	TRAIN	98	154.0	0.4	-6.83	0.03	0.01	1457
presslight	TEST	98	153.9	100.0	-6.82	0.02	0.01	1456
presslight	TRAIN	99	154.0	0.4	-6.77	0.03	0.01	1457
presslight	TEST	99	153.9	100.0	-6.82	0.03	0.01	1456
presslight	TRAIN	100	154.3	0.4	-6.83	0.03	0.01	1456
presslight	TEST	100	153.7	100.0	-6.75	0.02	0.01	1457
presslight	TRAIN	101	154.0	0.4	-6.79	0.03	0.01	1456
presslight	TEST	101	153.7	100.0	-6.77	0.02	0.01	1455
presslight	TRAIN	102	154.0	0.4	-6.76	0.03	0.01	1457
presslight	TEST	102	154.2	100.0	-6.82	0.03	0.01	1456
presslight	TRAIN	103	154.1	0.4	-6.83	0.03	0.01	1456
presslight	TEST	103	153.8	100.0	-6.76	0.02	0.01	1457
presslight	TRAIN	104	154.0	0.4	-6.79	0.03	0.01	1456
presslight	TEST	104	153.8	100.0	-6.77	0.02	0.01	1457
presslight	TRAIN	105	153.9	0.4	-6.81	0.03	0.01	1455
presslight	TEST	105	190.5	100.0	-6.77	1.13	0.01	1365
presslight	TRAIN	106	154.1	0.4	-6.75	0.03	0.01	1457
presslight	TEST	106	154.1	100.0	-6.78	0.03	0.01	1457
presslight	TRAIN	107	154.4	0.4	-6.77	0.03	0.01	1455
presslight	TEST	107	154.1	100.0	-6.78	0.03	0.01	1455
presslight	TRAIN	108	154.3	0.4	-6.78	0.03	0.01	1456
presslight	TEST	108	154.0	100.0	-6.80	0.03	0.01	1456
presslight	TRAIN	109	154.2	0.4	-6.76	0.03	0.01	1456
presslight	TEST	109	154.2	100.0	-6.78	0.03	0.01	1457
presslight	TRAIN	110	154.4	0.4	-6.79	0.03	0.01	1456
presslight	TEST	110	154.0	100.0	-6.74	0.02	0.01	1456
presslight	TRAIN	111	154.5	0.4	-6.79	0.03	0.01	1457
presslight	TEST	111	153.9	100.0	-6.79	0.02	0.01	1457
presslight	TRAIN	112	154.5	0.4	-6.79	0.03	0.01	1457
presslight	TEST	112	154.0	100.0	-6.76	0.03	0.01	1457
presslight	TRAIN	113	154.3	0.4	-6.75	0.03	0.01	1457
presslight	TEST	113	154.3	100.0	-6.79	0.03	0.01	1456
presslight	TRAIN	114	154.4	0.4	-6.78	0.03	0.01	1458
presslight	TEST	114	154.1	100.0	-6.78	0.03	0.01	1456
presslight	TRAIN	115	154.2	0.4	-6.80	0.03	0.01	1454
presslight	TEST	115	153.8	100.0	-6.80	0.02	0.01	1456
presslight	TRAIN	116	154.3	0.4	-6.78	0.03	0.01	1456
presslight	TEST	116	154.3	100.0	-6.75	0.03	0.01	1455
presslight	TRAIN	117	154.3	0.4	-6.80	0.03	0.01	1457
presslight	TEST	117	155.2	100.0	-6.79	0.04	0.01	1457
presslight	TRAIN	118	154.2	0.4	-6.83	0.03	0.01	1456
presslight	TEST	118	154.3	100.0	-6.76	0.03	0.01	1456
presslight	TRAIN	119	160.3	0.4	-6.92	0.11	0.01	1456
presslight	TEST	119	154.7	100.0	-7.02	0.04	0.01	1455
presslight	TRAIN	120	154.7	0.5	-7.02	0.04	0.01	1455
presslight	TEST	120	154.0	100.0	-6.85	0.03	0.01	1456
presslight	TRAIN	121	211.0	0.6	-7.07	0.69	0.01	1456
presslight	TEST	121	154.7	100.0	-6.81	0.04	0.01	1456
presslight	TRAIN	122	154.2	0.9	-6.75	0.03	0.01	1456
presslight	TEST	122	154.1	100.0	-6.74	0.03	0.01	1456
presslight	TRAIN	123	155.5	1.0	-6.74	0.05	0.01	1456
presslight	TEST	123	154.2	100.0	-6.75	0.03	0.01	1454
presslight	TRAIN	124	155.9	1.0	-6.78	0.06	0.01	1455
presslight	TEST	124	154.2	100.0	-6.74	0.03	0.01	1457
presslight	TRAIN	125	154.2	1.0	-6.75	0.03	0.01	1454
presslight	TEST	125	170.4	100.0	-7.35	0.19	0.01	1454
presslight	TRAIN	126	154.5	1.0	-6.80	0.04	0.01	1456
presslight	TEST	126	154.2	100.0	-6.78	0.03	0.01	1455
presslight	TRAIN	127	182.0	1.0	-15.03	0.51	0.01	1409
presslight	TEST	127	155.0	100.0	-6.75	0.04	0.01	1455
presslight	TRAIN	128	154.3	1.2	-6.77	0.03	0.01	1456
presslight	TEST	128	154.3	100.0	-6.76	0.03	0.01	1456
presslight	TRAIN	129	154.9	1.2	-6.79	0.04	0.01	1457
presslight	TEST	129	158.3	100.0	-6.79	0.08	0.01	1458
presslight	TRAIN	130	154.8	1.2	-6.78	0.04	0.01	1456
presslight	TEST	130	154.1	100.0	-6.76	0.03	0.01	1455
presslight	TRAIN	131	154.4	1.2	-6.79	0.03	0.01	1457
presslight	TEST	131	154.0	100.0	-6.74	0.03	0.01	1455
presslight	TRAIN	132	154.2	1.3	-6.78	0.03	0.01	1458
presslight	TEST	132	154.2	100.0	-6.80	0.03	0.01	1457
presslight	TRAIN	133	155.3	1.2	-6.78	0.04	0.01	1455
presslight	TEST	133	156.5	100.0	-6.75	0.06	0.01	1455
presslight	TRAIN	134	154.6	1.2	-6.84	0.04	0.01	1456
presslight	TEST	134	154.1	100.0	-6.79	0.03	0.01	1457
presslight	TRAIN	135	154.4	1.1	-6.84	0.03	0.01	1455
presslight	TEST	135	154.0	100.0	-6.73	0.02	0.01	1456
presslight	TRAIN	136	153.9	0.7	-6.73	0.03	0.01	1457
presslight	TEST	136	153.7	100.0	-6.73	0.02	0.01	1456
presslight	TRAIN	137	154.2	0.7	-6.77	0.03	0.01	1457
presslight	TEST	137	153.9	100.0	-6.75	0.03	0.01	1456
presslight	TRAIN	138	154.5	0.7	-6.80	0.03	0.01	1458
presslight	TEST	138	154.4	100.0	-6.75	0.03	0.01	1458
presslight	TRAIN	139	170.6	0.7	-8.00	0.21	0.01	1455
presslight	TEST	139	154.0	100.0	-6.78	0.03	0.01	1455
presslight	TRAIN	140	154.4	0.8	-6.79	0.03	0.01	1456
presslight	TEST	140	173.2	100.0	-6.79	0.72	0.01	1378
presslight	TRAIN	141	154.5	0.7	-6.79	0.03	0.01	1456
presslight	TEST	141	154.3	100.0	-6.82	0.03	0.01	1455
presslight	TRAIN	142	154.2	0.6	-6.79	0.03	0.01	1457
presslight	TEST	142	154.1	100.0	-6.76	0.03	0.01	1455
presslight	TRAIN	143	204.3	0.7	-12.12	0.53	0.01	1455
presslight	TEST	143	154.0	100.0	-6.78	0.03	0.01	1456
presslight	TRAIN	144	154.2	0.9	-6.77	0.03	0.01	1456
presslight	TEST	144	161.1	100.0	-7.19	0.08	0.01	1457
presslight	TRAIN	145	154.3	0.9	-6.81	0.03	0.01	1457
presslight	TEST	145	153.8	100.0	-6.76	0.02	0.01	1456
presslight	TRAIN	146	154.2	0.8	-6.77	0.03	0.01	1455
presslight	TEST	146	154.0	100.0	-6.74	0.02	0.01	1457
presslight	TRAIN	147	154.5	0.8	-6.79	0.03	0.01	1457
presslight	TEST	147	154.0	100.0	-6.75	0.02	0.01	1454
presslight	TRAIN	148	165.5	0.9	-8.26	0.16	0.01	1456
presslight	TEST	148	154.0	100.0	-6.77	0.03	0.01	1455
presslight	TRAIN	149	154.2	1.0	-6.78	0.03	0.01	1456
presslight	TEST	149	154.1	100.0	-6.80	0.03	0.01	1457
presslight	TRAIN	150	154.2	1.0	-6.79	0.03	0.01	1458
presslight	TEST	150	154.3	100.0	-6.77	0.03	0.01	1457
presslight	TRAIN	151	154.3	1.0	-6.77	0.03	0.01	1456
presslight	TEST	151	154.0	100.0	-6.74	0.03	0.01	1457
presslight	TRAIN	152	154.3	1.0	-6.73	0.03	0.01	1457
presslight	TEST	152	154.0	100.0	-6.75	0.03	0.01	1456
presslight	TRAIN	153	154.5	0.9	-6.77	0.03	0.01	1457
presslight	TEST	153	154.4	100.0	-6.75	0.03	0.01	1457
presslight	TRAIN	154	154.2	0.8	-6.76	0.03	0.01	1457
presslight	TEST	154	154.2	100.0	-6.78	0.03	0.01	1454
presslight	TRAIN	155	154.3	0.8	-6.75	0.03	0.01	1457
presslight	TEST	155	153.9	100.0	-6.74	0.02	0.01	1457
presslight	TRAIN	156	154.0	0.9	-6.78	0.03	0.01	1456
presslight	TEST	156	154.0	100.0	-6.83	0.03	0.01	1456
presslight	TRAIN	157	154.1	0.8	-6.77	0.03	0.01	1453
presslight	TEST	157	153.9	100.0	-6.76	0.02	0.01	1456
presslight	TRAIN	158	154.2	0.6	-6.76	0.03	0.01	1455
presslight	TEST	158	154.1	100.0	-6.77	0.03	0.01	1455
presslight	TRAIN	159	154.4	0.6	-6.82	0.03	0.01	1457
presslight	TEST	159	154.0	100.0	-6.77	0.02	0.01	1458
presslight	TRAIN	160	154.3	0.6	-6.80	0.03	0.01	1455
presslight	TEST	160	153.9	100.0	-6.76	0.03	0.01	1457
presslight	TRAIN	161	154.0	0.6	-6.76	0.03	0.01	1456
presslight	TEST	161	153.9	100.0	-6.78	0.02	0.01	1457
presslight	TRAIN	162	154.4	0.5	-6.81	0.03	0.01	1458
presslight	TEST	162	153.9	100.0	-6.77	0.02	0.01	1457
presslight	TRAIN	163	154.4	0.4	-6.79	0.03	0.01	1455
presslight	TEST	163	154.0	100.0	-6.76	0.03	0.01	1457
presslight	TRAIN	164	154.1	0.4	-6.79	0.03	0.01	1457
presslight	TEST	164	153.9	100.0	-6.79	0.03	0.01	1456
presslight	TRAIN	165	154.2	0.4	-6.77	0.03	0.01	1456
presslight	TEST	165	154.0	100.0	-6.78	0.02	0.01	1455
presslight	TRAIN	166	211.7	0.5	-10.70	0.93	0.02	1410
presslight	TEST	166	157.2	100.0	-6.93	0.07	0.01	1454
presslight	TRAIN	167	154.6	1.0	-6.79	0.03	0.01	1456
presslight	TEST	167	154.4	100.0	-6.77	0.03	0.01	1456
presslight	TRAIN	168	154.8	1.0	-6.83	0.03	0.01	1456
presslight	TEST	168	154.3	100.0	-6.78	0.03	0.01	1454
presslight	TRAIN	169	154.6	1.0	-6.80	0.04	0.01	1456
presslight	TEST	169	154.3	100.0	-6.74	0.03	0.01	1456
presslight	TRAIN	170	154.5	1.1	-6.77	0.03	0.01	1456
presslight	TEST	170	154.5	100.0	-6.78	0.03	0.01	1458
presslight	TRAIN	171	154.5	1.0	-6.83	0.03	0.01	1456
presslight	TEST	171	154.8	100.0	-6.86	0.04	0.01	1456
presslight	TRAIN	172	154.2	1.0	-6.80	0.03	0.01	1457
presslight	TEST	172	154.2	100.0	-6.82	0.03	0.01	1456
presslight	TRAIN	173	154.5	1.0	-6.83	0.03	0.01	1456
presslight	TEST	173	154.3	100.0	-6.83	0.03	0.01	1456
presslight	TRAIN	174	154.1	1.0	-6.83	0.03	0.01	1456
presslight	TEST	174	154.3	100.0	-6.79	0.03	0.01	1456
presslight	TRAIN	175	154.3	1.0	-6.82	0.03	0.01	1455
presslight	TEST	175	165.0	100.0	-8.24	0.15	0.01	1456
presslight	TRAIN	176	195.0	1.1	-10.52	0.45	0.01	1456
presslight	TEST	176	154.2	100.0	-6.84	0.03	0.01	1456
presslight	TRAIN	177	154.5	1.3	-6.82	0.03	0.01	1457
presslight	TEST	177	154.0	100.0	-6.81	0.03	0.01	1456
presslight	TRAIN	178	154.5	1.3	-6.83	0.04	0.01	1456
presslight	TEST	178	218.5	100.0	-21.90	1.68	0.02	1295
presslight	TRAIN	179	154.1	1.4	-6.81	0.03	0.01	1455
presslight	TEST	179	154.2	100.0	-6.80	0.03	0.01	1456
presslight	TRAIN	180	154.5	1.1	-6.83	0.03	0.01	1455
presslight	TEST	180	154.3	100.0	-6.81	0.03	0.01	1456
presslight	TRAIN	181	154.2	0.7	-6.79	0.03	0.01	1457
presslight	TEST	181	154.1	100.0	-6.77	0.03	0.01	1457
presslight	TRAIN	182	154.2	0.7	-6.80	0.03	0.01	1456
presslight	TEST	182	154.3	100.0	-6.79	0.03	0.01	1457
presslight	TRAIN	183	154.4	0.7	-6.78	0.03	0.01	1457
presslight	TEST	183	153.9	100.0	-6.79	0.03	0.01	1456
presslight	TRAIN	184	154.2	0.7	-6.80	0.03	0.01	1456
presslight	TEST	184	154.2	100.0	-6.78	0.03	0.01	1456
presslight	TRAIN	185	154.4	0.7	-6.81	0.03	0.01	1455
presslight	TEST	185	154.6	100.0	-6.79	0.03	0.01	1457
presslight	TRAIN	186	154.3	0.7	-6.80	0.03	0.01	1457
presslight	TEST	186	154.1	100.0	-6.78	0.03	0.01	1457
presslight	TRAIN	187	154.2	0.6	-6.81	0.03	0.01	1457
presslight	TEST	187	154.1	100.0	-6.76	0.03	0.01	1456
presslight	TRAIN	188	154.3	0.6	-6.80	0.03	0.01	1456
presslight	TEST	188	154.1	100.0	-6.79	0.03	0.01	1456
presslight	TRAIN	189	154.0	0.6	-6.76	0.03	0.01	1454
presslight	TEST	189	154.2	100.0	-6.78	0.03	0.01	1456
presslight	TRAIN	190	154.3	0.6	-6.76	0.03	0.01	1457
presslight	TEST	190	154.0	100.0	-6.76	0.03	0.01	1455
presslight	TRAIN	191	154.3	0.4	-6.80	0.03	0.01	1456
presslight	TEST	191	154.1	100.0	-6.80	0.03	0.01	1457
presslight	TRAIN	192	154.5	0.4	-6.85	0.04	0.01	1456
presslight	TEST	192	154.2	100.0	-6.82	0.03	0.01	1456
presslight	TRAIN	193	154.3	0.4	-6.82	0.03	0.01	1456
presslight	TEST	193	154.2	100.0	-6.83	0.03	0.01	1457
presslight	TRAIN	194	154.3	0.4	-6.79	0.03	0.01	1458
presslight	TEST	194	154.2	100.0	-6.80	0.02	0.01	1457
presslight	TRAIN	195	154.4	0.4	-6.81	0.03	0.01	1457
presslight	TEST	195	154.2	100.0	-6.82	0.03	0.01	1458
presslight	TRAIN	196	154.1	0.4	-6.82	0.03	0.01	1457
presslight	TEST	196	154.2	100.0	-6.83	0.03	0.01	1455
presslight	TRAIN	197	154.4	0.4	-6.84	0.03	0.01	1455
presslight	TEST	197	154.4	100.0	-6.86	0.03	0.01	1456
presslight	TRAIN	198	154.4	0.4	-6.84	0.03	0.01	1456
presslight	TEST	198	154.4	100.0	-6.81	0.03	0.01	1455
presslight	TRAIN	199	154.6	0.4	-6.80	0.04	0.01	1457
presslight	TEST	199	154.2	100.0	-6.81	0.03	0.01	1455
