presslight	TRAIN	0	392.7	0.0	-86.39	7.86	0.22	955
presslight	HELDOUT	0	365.9	100.0	-120.06	10.48	0.31	602
presslight	HELDOUT	0	403.5	100.0	-129.51	11.06	0.31	611
presslight	HELDOUT	0	413.1	100.0	-123.38	11.11	0.33	633
presslight	HELDOUT_MEAN	0	394.2	100.0	0.00	0.00	0.00	0
presslight	TRAIN	1	400.9	0.0	-85.45	8.02	0.23	953
presslight	TRAIN	2	385.2	0.0	-86.40	7.99	0.23	913
presslight	TRAIN	3	392.6	0.0	-78.78	7.62	0.22	1070
presslight	TRAIN	4	410.0	0.0	-95.38	8.48	0.24	823
presslight	TRAIN	5	338.5	12.4	-106.03	9.36	0.24	760
presslight	TRAIN	6	399.1	20.3	-101.44	8.89	0.26	561
presslight	TRAIN	7	345.4	45.8	-96.89	8.60	0.30	515
presslight	TRAIN	8	449.8	53.5	-96.37	8.72	0.26	488
presslight	TRAIN	9	411.5	58.1	-96.96	8.53	0.25	568
presslight	TRAIN	10	386.7	58.6	-91.78	8.34	0.23	512
presslight	HELDOUT	10	334.1	100.0	-129.82	10.15	0.26	396
presslight	HELDOUT	10	363.4	100.0	-132.82	10.28	0.27	397
presslight	HELDOUT	10	363.3	100.0	-127.12	10.03	0.26	425
presslight	HELDOUT_MEAN	10	353.6	100.0	0.00	0.00	0.00	0
presslight	TRAIN	11	375.4	54.6	-83.40	7.85	0.22	715
presslight	TRAIN	12	361.5	48.6	-89.07	8.06	0.23	662
presslight	TRAIN	13	336.6	42.3	-87.26	8.00	0.21	678
presslight	TRAIN	14	335.2	37.2	-83.90	7.85	0.20	716
presslight	TRAIN	15	304.6	33.5	-71.22	7.22	0.18	749
presslight	TRAIN	16	364.0	28.9	-83.54	7.80	0.20	687
presslight	TRAIN	17	325.5	27.6	-76.17	7.46	0.19	768
presslight	TRAIN	18	297.0	25.7	-75.38	7.38	0.18	804
presslight	TRAIN	19	348.4	23.3	-75.47	7.40	0.19	742
presslight	TRAIN	20	330.5	22.4	-69.37	7.09	0.17	803
presslight	HELDOUT	20	312.1	100.0	-77.07	7.49	0.19	786
presslight	HELDOUT	20	346.4	100.0	-77.97	7.55	0.18	774
presslight	HELDOUT	20	359.1	100.0	-77.70	7.53	0.19	790
presslight	HELDOUT_MEAN	20	339.2	100.0	0.00	0.00	0.00	0
presslight	TRAIN	21	323.8	21.9	-70.99	7.24	0.20	844
presslight	TRAIN	22	319.0	20.4	-81.33	7.67	0.20	779
presslight	TRAIN	23	349.7	20.9	-73.08	7.27	0.18	812
presslight	TRAIN	24	316.2	20.7	-67.81	7.04	0.17	828
presslight	TRAIN	25	313.5	19.7	-72.64	7.27	0.18	822
presslight	TRAIN	26	356.8	19.8	-78.14	7.55	0.20	872
presslight	TRAIN	27	330.3	18.9	-75.33	7.43	0.20	782
presslight	TRAIN	28	338.1	18.6	-69.87	7.09	0.17	852
presslight	TRAIN	29	349.0	18.3	-73.24	7.43	0.20	739
presslight	TRAIN	30	346.4	18.8	-71.06	7.19	0.18	821
presslight	HELDOUT	30	307.8	100.0	-76.59	7.46	0.19	814
presslight	HELDOUT	30	315.0	100.0	-79.67	7.59	0.19	817
presslight	HELDOUT	30	337.3	100.0	-76.11	7.50	0.19	826
presslight	HELDOUT_MEAN	30	320.0	100.0	0.00	0.00	0.00	0
presslight	TRAIN	31	329.1	18.4	-71.05	7.20	0.19	786
presslight	TRAIN	32	329.5	18.4	-73.26	7.29	0.18	818
presslight	TRAIN	33	327.9	17.1	-74.03	7.43	0.18	747
presslight	TRAIN	34	285.1	17.4	-71.10	7.20	0.18	838
presslight	TRAIN	35	337.3	16.6	-80.14	7.61	0.19	886
presslight	TRAIN	36	337.8	15.5	-75.73	7.39	0.18	813
presslight	TRAIN	37	338.3	16.2	-67.39	7.08	0.19	832
presslight	TRAIN	38	321.7	15.9	-70.15	7.09	0.17	872
presslight	TRAIN	39	344.7	15.4	-74.33	7.43	0.19	790
presslight	TRAIN	40	333.7	15.0	-70.18	7.15	0.18	811
presslight	HELDOUT	40	314.2	100.0	-84.88	7.94	0.16	710
presslight	HELDOUT	40	319.8	100.0	-83.60	7.84	0.16	733
presslight	HELDOUT	40	310.1	100.0	-81.61	7.82	0.17	744
presslight	HELDOUT_MEAN	40	314.7	100.0	0.00	0.00	0.00	0
presslight	TRAIN	41	335.3	14.4	-79.37	7.55	0.19	853
presslight	TRAIN	42	339.1	13.4	-68.75	7.07	0.18	923
presslight	TRAIN	43	354.3	12.0	-70.82	7.20	0.18	928
presslight	TRAIN	44	338.7	12.5	-71.74	7.22	0.18	884
presslight	TRAIN	45	324.8	11.9	-73.91	7.34	0.19	836
presslight	TRAIN	46	362.1	12.7	-70.08	7.14	0.19	907
presslight	TRAIN	47	340.1	12.7	-70.46	7.19	0.18	834
presslight	TRAIN	48	331.5	11.9	-71.11	7.16	0.17	872
presslight	TRAIN	49	320.7	12.9	-69.31	7.12	0.18	812
presslight	TRAIN	50	358.0	11.7	-72.37	7.22	0.17	804
presslight	HELDOUT	50	345.7	100.0	-71.90	7.21	0.19	803
presslight	HELDOUT	50	357.2	100.0	-74.75	7.39	0.18	699
presslight	HELDOUT	50	325.1	100.0	-74.20	7.49	0.19	715
presslight	HELDOUT_MEAN	50	342.7	100.0	0.00	0.00	0.00	0
presslight	TRAIN	51	341.3	11.7	-69.04	7.09	0.19	923
presslight	TRAIN	52	353.9	11.4	-77.33	7.46	0.19	805
presslight	TRAIN	53	377.0	11.5	-73.52	7.28	0.18	840
presslight	TRAIN	54	336.1	11.4	-70.66	7.19	0.18	817
presslight	TRAIN	55	345.6	11.5	-69.86	7.09	0.18	897
presslight	TRAIN	56	348.2	11.2	-76.65	7.47	0.18	772
presslight	TRAIN	57	348.2	11.3	-75.90	7.42	0.18	767
presslight	TRAIN	58	336.4	11.3	-72.47	7.18	0.17	894
presslight	TRAIN	59	321.8	11.7	-73.41	7.41	0.18	728
presslight	TRAIN	60	343.9	11.7	-76.98	7.46	0.18	709
presslight	HELDOUT	60	276.8	100.0	-71.07	7.18	0.17	757
presslight	HELDOUT	60	289.2	100.0	-69.25	7.07	0.16	839
presslight	HELDOUT	60	284.1	100.0	-71.73	7.22	0.17	763
presslight	HELDOUT_MEAN	60	283.4	100.0	0.00	0.00	0.00	0
presslight	TRAIN	61	355.1	11.7	-70.39	7.15	0.18	1000
presslight	TRAIN	62	324.9	12.0	-69.60	7.05	0.18	910
presslight	TRAIN	63	308.0	11.2	-74.80	7.32	0.18	860
presslight	TRAIN	64	330.3	11.9	-71.70	7.20	0.17	886
presslight	TRAIN	65	351.4	11.1	-74.10	7.27	0.17	896
presslight	TRAIN	66	336.1	11.9	-71.22	7.16	0.17	914
presslight	TRAIN	67	304.3	12.3	-75.09	7.36	0.16	870
presslight	TRAIN	68	300.9	12.0	-71.25	7.16	0.16	832
presslight	TRAIN	69	335.6	12.0	-72.93	7.24	0.18	833
presslight	HELDOUT	500	289.0	100.0	-68.51	7.04	0.16	797
presslight	HELDOUT	500	288.5	100.0	-70.09	7.11	0.16	846
presslight	HELDOUT	500	287.5	100.0	-71.59	7.24	0.17	785
presslight	HELDOUT_MEAN	500	288.4	100.0	0.00	0.00	0.00	0
presslight	HELDOUT	60	297.3	100.0	-69.15	7.09	0.16	797
presslight	HELDOUT	60	282.7	100.0	-70.26	7.12	0.16	799
presslight	HELDOUT	60	306.7	100.0	-69.57	7.08	0.17	802
presslight	HELDOUT_MEAN	60	295.6	100.0	0.00	0.00	0.00	0
