presslight	TRAIN	0	314.5	0.0	-9.48	6.29	0.07	1426
presslight	TEST	0	670.8	100.0	-131.22	13.50	0.13	551
presslight	TRAIN	1	324.3	0.0	-10.29	6.39	0.07	1414
presslight	TEST	1	667.8	100.0	-131.72	13.55	0.13	546
presslight	TRAIN	2	326.7	1.1	-12.24	6.51	0.08	1356
presslight	TEST	2	669.6	100.0	-110.41	13.57	0.14	548
presslight	TRAIN	3	569.2	1.7	-33.57	10.04	0.12	1079
presslight	TEST	3	568.6	100.0	-64.48	13.06	0.13	643
presslight	TRAIN	4	678.7	4.3	-33.33	9.98	0.13	1205
presslight	TEST	4	553.3	100.0	-51.40	11.56	0.13	813
presslight	TRAIN	5	575.0	6.9	-22.20	9.29	0.12	1195
presslight	TEST	5	530.5	100.0	-23.40	10.25	0.12	1019
presslight	TRAIN	6	562.2	8.6	-20.48	9.30	0.12	1210
presslight	TEST	6	404.5	100.0	-13.11	7.75	0.10	1266
presslight	TRAIN	7	428.8	8.3	-16.19	7.86	0.10	1285
presslight	TEST	7	373.5	100.0	-16.85	8.35	0.10	1168
presslight	TRAIN	8	380.5	7.9	-10.69	7.67	0.10	1268
presslight	TEST	8	394.4	100.0	-26.23	8.02	0.10	1189
presslight	TRAIN	9	384.8	8.3	-8.82	7.21	0.09	1354
presslight	TEST	9	346.8	100.0	-18.52	7.04	0.09	1322
presslight	TRAIN	10	308.8	8.5	-8.14	6.20	0.08	1413
presslight	TEST	10	332.1	100.0	-11.93	6.48	0.08	1396
presslight	TRAIN	11	311.5	7.8	-7.94	6.22	0.08	1417
presslight	TEST	11	333.1	100.0	-22.10	7.34	0.09	1266
presslight	TRAIN	12	314.8	6.9	-11.08	6.28	0.07	1421
presslight	TEST	12	320.8	100.0	-24.51	7.18	0.08	1288
presslight	TRAIN	13	293.4	6.3	-7.20	6.03	0.07	1429
presslight	TEST	13	279.7	100.0	-6.62	5.94	0.07	1431
presslight	TRAIN	14	303.3	5.8	-8.56	6.18	0.07	1417
presslight	TEST	14	305.9	100.0	-9.49	6.60	0.07	1348
presslight	TRAIN	15	334.0	5.8	-9.10	6.45	0.07	1418
presslight	TEST	15	315.1	100.0	-8.97	6.95	0.08	1294
presslight	TRAIN	16	300.6	5.9	-7.49	6.11	0.07	1426
presslight	TEST	16	309.0	100.0	-11.67	6.25	0.07	1414
presslight	TRAIN	17	308.7	5.6	-7.92	6.17	0.07	1426
presslight	TEST	17	343.2	100.0	-26.28	7.93	0.08	1195
presslight	TRAIN	18	290.4	4.6	-7.73	6.04	0.07	1428
presslight	TEST	18	298.1	100.0	-12.35	6.18	0.07	1422
presslight	TRAIN	19	301.5	3.9	-8.90	6.12	0.07	1429
presslight	TEST	19	290.8	100.0	-9.78	6.07	0.07	1421
presslight	TRAIN	20	279.2	3.1	-7.39	5.97	0.07	1422
presslight	TEST	20	327.2	100.0	-16.59	7.49	0.08	1236
presslight	TRAIN	21	314.0	2.6	-10.75	6.26	0.07	1425
presslight	TEST	21	276.1	100.0	-7.78	5.95	0.07	1421
presslight	TRAIN	22	277.5	2.4	-7.57	5.96	0.07	1424
presslight	TEST	22	271.8	100.0	-7.40	5.92	0.07	1426
presslight	TRAIN	23	272.6	1.8	-8.27	5.93	0.06	1433
presslight	TEST	23	267.2	100.0	-6.46	5.86	0.06	1431
presslight	TRAIN	24	271.9	1.5	-6.43	5.91	0.06	1430
presslight	TEST	24	261.6	100.0	-6.63	5.82	0.06	1428
presslight	TRAIN	25	264.4	1.5	-6.42	5.83	0.06	1433
presslight	TEST	25	268.0	100.0	-7.12	5.87	0.06	1429
presslight	TRAIN	26	267.4	1.4	-7.04	5.87	0.06	1429
presslight	TEST	26	261.1	100.0	-6.28	5.81	0.06	1432
presslight	TRAIN	27	268.9	1.4	-7.00	5.86	0.06	1428
presslight	TEST	27	271.5	100.0	-6.65	5.89	0.07	1426
presslight	TRAIN	28	264.3	1.3	-6.78	5.85	0.06	1425
presslight	TEST	28	262.7	100.0	-6.90	5.83	0.06	1425
presslight	TRAIN	29	264.2	1.3	-6.52	5.84	0.06	1429
presslight	TEST	29	264.0	100.0	-6.74	5.83	0.06	1424
presslight	TRAIN	30	259.5	1.2	-6.53	5.83	0.06	1427
presslight	TEST	30	264.2	100.0	-6.58	5.85	0.06	1427
presslight	TRAIN	31	252.4	1.1	-6.37	5.76	0.06	1427
presslight	TEST	31	262.2	100.0	-6.58	5.83	0.06	1433
presslight	TRAIN	32	259.1	1.1	-6.64	5.80	0.06	1429
presslight	TEST	32	282.9	100.0	-16.46	6.57	0.07	1332
presslight	TRAIN	33	257.0	1.1	-6.41	5.78	0.06	1432
presslight	TEST	33	264.4	100.0	-7.15	5.85	0.06	1429
presslight	TRAIN	34	263.2	1.1	-6.64	5.84	0.06	1428
presslight	TEST	34	260.2	100.0	-6.36	5.82	0.06	1431
presslight	TRAIN	35	259.8	1.0	-6.26	5.83	0.06	1430
presslight	TEST	35	263.8	100.0	-6.87	5.85	0.06	1428
presslight	TRAIN	36	258.5	0.9	-6.50	5.81	0.06	1427
presslight	TEST	36	259.6	100.0	-6.50	5.82	0.06	1429
presslight	TRAIN	37	258.9	0.9	-6.58	5.80	0.06	1425
presslight	TEST	37	258.5	100.0	-6.54	5.81	0.06	1427
presslight	TRAIN	38	260.2	0.9	-6.64	5.82	0.06	1430
presslight	TEST	38	258.6	100.0	-6.29	5.82	0.06	1430
presslight	TRAIN	39	256.8	0.9	-6.40	5.79	0.06	1430
presslight	TEST	39	258.3	100.0	-6.33	5.79	0.06	1430
presslight	TRAIN	40	264.9	0.9	-7.04	5.87	0.06	1426
presslight	TEST	40	255.5	100.0	-6.14	5.79	0.06	1431
presslight	TRAIN	41	257.6	0.9	-6.52	5.80	0.06	1429
presslight	TEST	41	261.5	100.0	-6.82	5.83	0.06	1431
presslight	TRAIN	42	260.3	0.9	-6.56	5.82	0.06	1428
presslight	TEST	42	267.8	100.0	-6.25	5.87	0.06	1433
presslight	TRAIN	43	257.9	0.9	-6.34	5.80	0.06	1430
presslight	TEST	43	261.0	100.0	-6.52	5.83	0.06	1430
presslight	TRAIN	44	258.4	0.9	-6.33	5.80	0.06	1427
presslight	TEST	44	257.8	100.0	-6.93	5.80	0.06	1431
presslight	TRAIN	45	258.0	0.9	-6.42	5.79	0.06	1426
presslight	TEST	45	257.4	100.0	-6.65	5.78	0.06	1434
presslight	TRAIN	46	255.9	0.9	-6.53	5.78	0.06	1432
presslight	TEST	46	250.8	100.0	-6.41	5.75	0.06	1432
presslight	TRAIN	47	262.3	0.9	-6.43	5.83	0.06	1432
presslight	TEST	47	256.9	100.0	-6.87	5.79	0.06	1428
presslight	TRAIN	48	256.1	0.9	-6.46	5.78	0.06	1432
presslight	TEST	48	261.2	100.0	-6.19	5.81	0.06	1429
presslight	TRAIN	49	254.4	0.9	-6.69	5.78	0.06	1424
presslight	TEST	49	259.7	100.0	-6.62	5.79	0.06	1434
presslight	TRAIN	50	260.3	0.9	-6.35	5.81	0.06	1432
presslight	TEST	50	258.7	100.0	-6.61	5.79	0.06	1431
presslight	TRAIN	51	258.3	0.9	-6.52	5.79	0.06	1432
presslight	TEST	51	261.2	100.0	-6.99	5.81	0.06	1432
presslight	TRAIN	52	261.3	0.9	-6.91	5.83	0.06	1430
presslight	TEST	52	257.2	100.0	-6.52	5.79	0.06	1430
presslight	TRAIN	53	257.4	0.9	-6.40	5.78	0.06	1432
presslight	TEST	53	288.3	100.0	-10.29	6.07	0.06	1424
presslight	TRAIN	54	260.3	0.9	-6.75	5.80	0.06	1429
presslight	TEST	54	253.8	100.0	-6.46	5.77	0.06	1429
presslight	TRAIN	55	258.9	0.9	-6.59	5.79	0.06	1429
presslight	TEST	55	258.5	100.0	-6.67	5.81	0.06	1432
presslight	TRAIN	56	258.9	0.9	-6.60	5.81	0.06	1431
presslight	TEST	56	258.9	100.0	-6.28	5.80	0.06	1427
presslight	TRAIN	57	255.9	0.9	-6.46	5.78	0.06	1432
presslight	TEST	57	256.4	100.0	-6.45	5.79	0.06	1432
presslight	TRAIN	58	255.0	0.9	-6.30	5.78	0.06	1430
presslight	TEST	58	256.1	100.0	-6.35	5.79	0.06	1431
presslight	TRAIN	59	260.4	0.9	-6.39	5.81	0.06	1426
presslight	TEST	59	254.0	100.0	-6.16	5.76	0.06	1428
presslight	TRAIN	60	254.1	0.9	-6.39	5.77	0.06	1429
presslight	TEST	60	257.7	100.0	-6.67	5.79	0.06	1434
presslight	TRAIN	61	257.0	0.9	-6.62	5.79	0.06	1433
presslight	TEST	61	253.8	100.0	-6.44	5.77	0.06	1433
presslight	TRAIN	62	255.2	0.9	-6.24	5.78	0.06	1431
presslight	TEST	62	256.0	100.0	-6.46	5.78	0.06	1429
presslight	TRAIN	63	258.3	0.9	-6.50	5.78	0.06	1434
presslight	TEST	63	251.7	100.0	-6.39	5.76	0.06	1430
presslight	TRAIN	64	257.2	0.9	-6.22	5.78	0.06	1430
presslight	TEST	64	254.9	100.0	-6.05	5.79	0.06	1432
presslight	TRAIN	65	259.3	0.9	-6.59	5.79	0.06	1431
presslight	TEST	65	249.8	100.0	-6.24	5.74	0.06	1429
presslight	TRAIN	66	255.3	0.9	-6.33	5.79	0.06	1431
presslight	TEST	66	254.4	100.0	-6.42	5.78	0.06	1430
presslight	TRAIN	67	254.4	0.9	-6.52	5.77	0.06	1431
presslight	TEST	67	252.2	100.0	-6.42	5.78	0.06	1435
presslight	TRAIN	68	257.4	0.9	-6.39	5.81	0.06	1429
presslight	TEST	68	253.9	100.0	-6.34	5.78	0.06	1429
presslight	TRAIN	69	254.7	0.9	-6.19	5.78	0.06	1436
presslight	TEST	69	254.6	100.0	-6.35	5.78	0.06	1431
presslight	TRAIN	70	249.4	0.9	-6.35	5.76	0.05	1433
presslight	TEST	70	253.9	100.0	-6.70	5.77	0.06	1430
presslight	TRAIN	71	254.8	0.9	-6.71	5.80	0.06	1434
presslight	TEST	71	255.5	100.0	-6.38	5.79	0.06	1428
presslight	TRAIN	72	257.2	0.9	-6.25	5.79	0.06	1432
presslight	TEST	72	260.0	100.0	-6.33	5.80	0.06	1434
presslight	TRAIN	73	251.3	0.9	-6.07	5.76	0.06	1431
presslight	TEST	73	253.4	100.0	-6.20	5.78	0.06	1432
presslight	TRAIN	74	253.9	0.9	-6.23	5.78	0.06	1434
presslight	TEST	74	253.7	100.0	-6.09	5.77	0.06	1433
presslight	TRAIN	75	255.6	0.9	-6.27	5.78	0.06	1434
presslight	TEST	75	253.7	100.0	-6.42	5.77	0.06	1434
presslight	TRAIN	76	257.7	0.9	-6.51	5.80	0.06	1430
presslight	TEST	76	256.2	100.0	-6.18	5.79	0.06	1430
presslight	TRAIN	77	258.6	0.9	-6.49	5.80	0.06	1430
presslight	TEST	77	255.6	100.0	-6.60	5.77	0.06	1435
presslight	TRAIN	78	255.8	0.9	-6.21	5.78	0.06	1429
presslight	TEST	78	254.3	100.0	-6.22	5.78	0.06	1433
presslight	TRAIN	79	251.8	0.9	-6.15	5.76	0.06	1430
presslight	TEST	79	250.4	100.0	-6.06	5.76	0.06	1430
presslight	TRAIN	80	252.4	0.9	-6.14	5.76	0.05	1431
presslight	TEST	80	251.2	100.0	-6.26	5.76	0.06	1430
presslight	TRAIN	81	253.0	0.9	-6.36	5.77	0.06	1432
presslight	TEST	81	256.3	100.0	-5.86	5.79	0.06	1431
presslight	TRAIN	82	248.3	0.9	-5.87	5.73	0.05	1432
presslight	TEST	82	254.0	100.0	-6.44	5.78	0.06	1436
presslight	TRAIN	83	250.6	0.9	-6.27	5.76	0.06	1434
presslight	TEST	83	252.0	100.0	-6.24	5.76	0.06	1434
presslight	TRAIN	84	250.9	0.9	-6.19	5.75	0.06	1430
presslight	TEST	84	252.4	100.0	-6.09	5.75	0.06	1432
presslight	TRAIN	85	249.2	0.9	-6.12	5.74	0.05	1434
presslight	TEST	85	254.7	100.0	-6.03	5.78	0.06	1430
presslight	TRAIN	86	253.2	0.9	-6.33	5.77	0.06	1431
presslight	TEST	86	253.6	100.0	-6.35	5.76	0.06	1430
presslight	TRAIN	87	254.0	0.9	-6.39	5.78	0.06	1430
presslight	TEST	87	254.7	100.0	-6.40	5.78	0.06	1438
presslight	TRAIN	88	254.1	0.9	-6.35	5.77	0.06	1435
presslight	TEST	88	252.3	100.0	-5.93	5.76	0.06	1434
presslight	TRAIN	89	250.4	0.9	-6.22	5.75	0.06	1432
presslight	TEST	89	256.4	100.0	-6.27	5.79	0.06	1433
presslight	TRAIN	90	250.1	0.8	-6.01	5.76	0.06	1431
presslight	TEST	90	256.5	100.0	-6.24	5.78	0.06	1432
presslight	TRAIN	91	252.8	0.8	-6.40	5.77	0.06	1434
presslight	TEST	91	254.1	100.0	-6.28	5.77	0.06	1435
presslight	TRAIN	92	254.5	0.8	-6.12	5.76	0.06	1430
presslight	TEST	92	253.3	100.0	-6.14	5.76	0.05	1434
presslight	TRAIN	93	256.1	0.8	-5.99	5.78	0.06	1434
presslight	TEST	93	252.3	100.0	-6.01	5.76	0.06	1438
presslight	TRAIN	94	253.6	0.9	-6.19	5.76	0.05	1433
presslight	TEST	94	252.9	100.0	-6.35	5.76	0.06	1431
presslight	TRAIN	95	255.8	0.9	-6.11	5.79	0.06	1431
presslight	TEST	95	251.8	100.0	-5.95	5.75	0.06	1434
presslight	TRAIN	96	255.5	0.9	-6.11	5.78	0.06	1431
presslight	TEST	96	253.6	100.0	-6.53	5.76	0.06	1433
presslight	TRAIN	97	252.6	0.9	-6.01	5.76	0.06	1430
presslight	TEST	97	253.5	100.0	-6.18	5.75	0.06	1434
presslight	TRAIN	98	255.1	0.9	-6.14	5.78	0.06	1434
presslight	TEST	98	254.1	100.0	-6.48	5.77	0.06	1432
presslight	TRAIN	99	258.4	0.9	-6.33	5.80	0.06	1435
presslight	TEST	99	255.6	100.0	-6.23	5.79	0.06	1429
presslight	TRAIN	100	256.7	0.9	-6.34	5.77	0.06	1433
presslight	TEST	100	250.7	100.0	-6.39	5.75	0.06	1431
presslight	TRAIN	101	257.5	0.9	-6.62	5.81	0.06	1430
presslight	TEST	101	260.8	100.0	-6.54	5.83	0.06	1431
presslight	TRAIN	102	250.0	0.9	-6.04	5.75	0.05	1428
presslight	TEST	102	255.4	100.0	-6.16	5.79	0.06	1431
presslight	TRAIN	103	249.5	0.9	-6.03	5.73	0.06	1432
presslight	TEST	103	253.5	100.0	-6.18	5.77	0.06	1434
presslight	TRAIN	104	252.5	0.9	-6.41	5.76	0.05	1430
presslight	TEST	104	253.0	100.0	-6.27	5.76	0.05	1428
presslight	TRAIN	105	255.8	0.9	-6.63	5.78	0.06	1437
presslight	TEST	105	253.9	100.0	-6.31	5.77	0.06	1430
presslight	TRAIN	106	253.5	0.9	-6.24	5.76	0.06	1429
presslight	TEST	106	253.4	100.0	-6.21	5.77	0.06	1437
presslight	TRAIN	107	250.4	0.9	-6.53	5.74	0.05	1434
presslight	TEST	107	254.6	100.0	-6.22	5.76	0.06	1436
presslight	TRAIN	108	253.8	0.9	-6.47	5.76	0.06	1430
presslight	TEST	108	253.6	100.0	-6.29	5.76	0.06	1432
presslight	TRAIN	109	253.0	0.8	-6.50	5.76	0.06	1435
presslight	TEST	109	252.8	100.0	-6.22	5.76	0.06	1437
presslight	TRAIN	110	257.0	0.8	-6.55	5.78	0.06	1430
presslight	TEST	110	255.8	100.0	-6.33	5.76	0.06	1437
presslight	TRAIN	111	250.3	0.8	-6.46	5.75	0.05	1432
presslight	TEST	111	248.0	100.0	-6.18	5.73	0.05	1431
presslight	TRAIN	112	253.0	0.8	-6.49	5.77	0.05	1433
presslight	TEST	112	250.0	100.0	-5.92	5.74	0.05	1434
presslight	TRAIN	113	250.9	0.8	-6.16	5.74	0.05	1431
presslight	TEST	113	252.4	100.0	-6.15	5.75	0.06	1438
presslight	TRAIN	114	251.5	0.8	-6.32	5.76	0.05	1433
presslight	TEST	114	252.8	100.0	-6.01	5.76	0.05	1432
presslight	TRAIN	115	251.1	0.8	-6.03	5.73	0.05	1429
presslight	TEST	115	252.4	100.0	-6.13	5.75	0.06	1434
presslight	TRAIN	116	253.7	0.8	-6.30	5.77	0.05	1435
presslight	TEST	116	248.6	100.0	-6.08	5.73	0.05	1438
presslight	TRAIN	117	249.3	0.8	-6.36	5.75	0.05	1437
presslight	TEST	117	254.4	100.0	-6.13	5.78	0.06	1432
presslight	TRAIN	118	252.6	0.8	-6.09	5.76	0.06	1434
presslight	TEST	118	251.8	100.0	-5.99	5.75	0.05	1436
presslight	TRAIN	119	249.1	0.8	-6.07	5.74	0.05	1436
presslight	TEST	119	252.4	100.0	-5.95	5.76	0.06	1434
presslight	TRAIN	120	255.3	0.8	-6.03	5.78	0.06	1428
presslight	TEST	120	254.1	100.0	-5.97	5.76	0.06	1432
presslight	TRAIN	121	255.5	0.8	-6.02	5.79	0.06	1433
presslight	TEST	121	251.6	100.0	-6.03	5.76	0.06	1436
presslight	TRAIN	122	252.2	0.9	-6.06	5.75	0.05	1430
presslight	TEST	122	251.7	100.0	-6.04	5.76	0.06	1433
presslight	TRAIN	123	253.1	0.9	-5.93	5.76	0.06	1433
presslight	TEST	123	255.2	100.0	-6.31	5.78	0.06	1434
presslight	TRAIN	124	249.8	0.9	-5.97	5.75	0.05	1433
presslight	TEST	124	257.4	100.0	-6.31	5.79	0.06	1432
presslight	TRAIN	125	249.0	0.9	-5.93	5.74	0.06	1432
presslight	TEST	125	255.8	100.0	-5.96	5.77	0.06	1432
presslight	TRAIN	126	252.4	0.9	-6.33	5.76	0.05	1434
presslight	TEST	126	252.9	100.0	-6.13	5.75	0.05	1432
presslight	TRAIN	127	252.6	0.9	-5.97	5.75	0.05	1432
presslight	TEST	127	249.6	100.0	-6.33	5.74	0.05	1436
presslight	TRAIN	128	251.8	0.9	-6.01	5.73	0.05	1437
presslight	TEST	128	251.4	100.0	-6.15	5.76	0.05	1436
presslight	TRAIN	129	251.3	0.9	-5.90	5.74	0.05	1437
presslight	TEST	129	248.8	100.0	-6.21	5.73	0.05	1435
presslight	TRAIN	130	252.5	0.9	-6.27	5.76	0.05	1437
presslight	TEST	130	252.2	100.0	-6.07	5.76	0.05	1436
presslight	TRAIN	131	248.6	0.9	-5.90	5.72	0.05	1432
presslight	TEST	131	253.8	100.0	-6.04	5.77	0.06	1435
presslight	TRAIN	132	250.8	0.9	-6.23	5.74	0.06	1433
presslight	TEST	132	247.8	100.0	-6.11	5.71	0.05	1432
presslight	TRAIN	133	254.7	0.9	-6.09	5.76	0.05	1435
presslight	TEST	133	252.0	100.0	-6.43	5.75	0.05	1429
presslight	TRAIN	134	253.1	0.9	-6.32	5.75	0.05	1437
presslight	TEST	134	254.1	100.0	-6.18	5.76	0.06	1434
presslight	TRAIN	135	253.9	0.9	-6.43	5.76	0.06	1434
presslight	TEST	135	251.1	100.0	-6.23	5.74	0.05	1431
presslight	TRAIN	136	254.9	0.9	-6.15	5.77	0.05	1436
presslight	TEST	136	253.0	100.0	-6.17	5.75	0.05	1435
presslight	TRAIN	137	253.9	0.9	-6.37	5.75	0.06	1436
presslight	TEST	137	252.7	100.0	-6.27	5.75	0.05	1431
presslight	TRAIN	138	249.7	0.9	-6.43	5.73	0.05	1434
presslight	TEST	138	249.4	100.0	-6.01	5.74	0.05	1434
presslight	TRAIN	139	252.9	0.9	-6.36	5.74	0.05	1435
presslight	TEST	139	255.1	100.0	-6.52	5.78	0.06	1431
presslight	TRAIN	140	252.9	0.9	-6.26	5.77	0.05	1434
presslight	TEST	140	251.7	100.0	-6.28	5.75	0.05	1435
presslight	TRAIN	141	250.7	0.9	-6.05	5.75	0.05	1430
presslight	TEST	141	250.8	100.0	-6.33	5.74	0.05	1433
presslight	TRAIN	142	254.4	0.9	-6.32	5.77	0.05	1430
presslight	TEST	142	251.9	100.0	-6.51	5.74	0.05	1435
presslight	TRAIN	143	253.1	0.9	-6.23	5.75	0.05	1432
presslight	TEST	143	254.4	100.0	-6.39	5.77	0.06	1432
presslight	TRAIN	144	249.0	0.9	-6.18	5.72	0.05	1433
presslight	TEST	144	252.2	100.0	-6.22	5.74	0.05	1433
presslight	TRAIN	145	255.0	0.9	-6.37	5.75	0.05	1434
presslight	TEST	145	253.4	100.0	-6.39	5.76	0.06	1430
presslight	TRAIN	146	254.8	0.9	-6.23	5.77	0.06	1437
presslight	TEST	146	258.1	100.0	-6.34	5.78	0.05	1431
presslight	TRAIN	147	248.4	0.9	-6.18	5.72	0.05	1429
presslight	TEST	147	252.2	100.0	-6.24	5.74	0.05	1435
presslight	TRAIN	148	251.8	0.9	-6.26	5.75	0.05	1435
presslight	TEST	148	251.0	100.0	-6.40	5.76	0.05	1430
presslight	TRAIN	149	253.1	0.9	-6.40	5.76	0.05	1433
presslight	TEST	149	251.0	100.0	-6.27	5.76	0.05	1437
presslight	TRAIN	150	247.5	0.9	-6.22	5.73	0.05	1433
presslight	TEST	150	253.0	100.0	-6.64	5.76	0.05	1432
presslight	TRAIN	151	251.5	0.9	-6.34	5.75	0.05	1433
presslight	TEST	151	250.7	100.0	-6.36	5.75	0.05	1436
presslight	TRAIN	152	253.0	0.9	-6.43	5.76	0.05	1433
presslight	TEST	152	254.6	100.0	-6.69	5.77	0.05	1434
presslight	TRAIN	153	250.4	0.9	-6.34	5.75	0.05	1429
presslight	TEST	153	251.8	100.0	-6.22	5.75	0.05	1433
presslight	TRAIN	154	252.6	0.9	-6.36	5.75	0.06	1433
presslight	TEST	154	250.8	100.0	-6.13	5.74	0.05	1432
presslight	TRAIN	155	253.6	0.9	-6.44	5.76	0.05	1434
presslight	TEST	155	253.0	100.0	-6.11	5.76	0.05	1439
presslight	TRAIN	156	253.8	0.9	-6.18	5.76	0.05	1433
presslight	TEST	156	250.6	100.0	-6.24	5.73	0.05	1435
presslight	TRAIN	157	250.5	0.9	-6.25	5.74	0.05	1431
presslight	TEST	157	248.8	100.0	-6.11	5.73	0.05	1437
presslight	TRAIN	158	251.7	0.9	-6.39	5.75	0.05	1435
presslight	TEST	158	251.7	100.0	-6.22	5.74	0.05	1437
presslight	TRAIN	159	252.3	0.9	-6.30	5.75	0.05	1433
presslight	TEST	159	248.1	100.0	-6.08	5.73	0.05	1431
presslight	TRAIN	160	248.1	0.9	-5.92	5.71	0.05	1434
presslight	TEST	160	249.4	100.0	-6.20	5.74	0.05	1434
presslight	TRAIN	161	252.2	0.9	-6.13	5.74	0.05	1431
presslight	TEST	161	251.0	100.0	-6.51	5.74	0.05	1431
presslight	TRAIN	162	251.1	0.9	-6.06	5.74	0.05	1432
presslight	TEST	162	248.0	100.0	-6.16	5.73	0.05	1431
presslight	TRAIN	163	248.0	0.9	-5.95	5.72	0.05	1431
presslight	TEST	163	252.3	100.0	-5.95	5.75	0.05	1429
presslight	TRAIN	164	247.7	0.8	-6.35	5.72	0.05	1436
presslight	TEST	164	245.5	100.0	-5.76	5.71	0.05	1433
presslight	TRAIN	165	250.9	0.8	-6.14	5.74	0.05	1431
presslight	TEST	165	252.0	100.0	-6.16	5.74	0.06	1434
presslight	TRAIN	166	251.9	0.8	-6.08	5.75	0.05	1440
presslight	TEST	166	246.4	100.0	-5.99	5.71	0.05	1438
presslight	TRAIN	167	249.0	0.8	-6.21	5.72	0.05	1435
presslight	TEST	167	249.1	100.0	-6.25	5.72	0.05	1434
presslight	TRAIN	168	250.2	0.9	-6.16	5.73	0.05	1438
presslight	TEST	168	247.9	100.0	-6.18	5.73	0.05	1439
presslight	TRAIN	169	249.2	0.8	-6.16	5.72	0.05	1437
presslight	TEST	169	248.8	100.0	-5.92	5.73	0.05	1432
presslight	TRAIN	170	247.1	0.8	-6.22	5.71	0.05	1432
presslight	TEST	170	248.1	100.0	-6.26	5.73	0.05	1432
presslight	TRAIN	171	246.3	0.8	-6.12	5.71	0.05	1435
presslight	TEST	171	243.2	100.0	-6.26	5.69	0.05	1434
presslight	TRAIN	172	245.1	0.8	-6.31	5.70	0.05	1433
presslight	TEST	172	248.8	100.0	-6.51	5.73	0.05	1434
presslight	TRAIN	173	251.3	0.8	-6.12	5.74	0.05	1437
presslight	TEST	173	244.1	100.0	-6.29	5.70	0.05	1435
presslight	TRAIN	174	247.3	0.8	-6.11	5.72	0.05	1434
presslight	TEST	174	249.3	100.0	-6.19	5.72	0.05	1434
presslight	TRAIN	175	247.1	0.8	-6.08	5.71	0.05	1436
presslight	TEST	175	250.2	100.0	-6.63	5.73	0.05	1438
presslight	TRAIN	176	246.4	0.8	-6.32	5.73	0.05	1433
presslight	TEST	176	249.1	100.0	-6.24	5.74	0.05	1439
presslight	TRAIN	177	248.3	0.8	-6.26	5.72	0.05	1436
presslight	TEST	177	250.4	100.0	-6.33	5.73	0.05	1436
presslight	TRAIN	178	252.3	0.8	-6.44	5.76	0.05	1438
presslight	TEST	178	253.1	100.0	-6.30	5.74	0.05	1433
presslight	TRAIN	179	252.2	0.8	-6.87	5.76	0.05	1435
presslight	TEST	179	245.5	100.0	-6.03	5.72	0.05	1433
presslight	TRAIN	180	246.1	0.8	-6.16	5.70	0.05	1433
presslight	TEST	180	248.9	100.0	-6.16	5.73	0.05	1437
presslight	TRAIN	181	247.6	0.8	-6.17	5.73	0.05	1436
presslight	TEST	181	248.7	100.0	-6.36	5.72	0.05	1436
presslight	TRAIN	182	248.6	0.8	-6.17	5.73	0.05	1435
presslight	TEST	182	252.3	100.0	-6.43	5.75	0.05	1434
presslight	TRAIN	183	248.1	0.8	-6.31	5.72	0.05	1433
presslight	TEST	183	249.3	100.0	-6.10	5.74	0.05	1435
presslight	TRAIN	184	249.5	0.8	-6.21	5.73	0.05	1431
presslight	TEST	184	251.1	100.0	-6.07	5.75	0.05	1438
presslight	TRAIN	185	249.6	0.8	-6.38	5.74	0.05	1432
presslight	TEST	185	254.4	100.0	-6.31	5.77	0.05	1431
presslight	TRAIN	186	252.0	0.8	-6.38	5.74	0.05	1432
presslight	TEST	186	251.0	100.0	-6.04	5.74	0.05	1432
presslight	TRAIN	187	247.6	0.8	-5.93	5.71	0.05	1432
presslight	TEST	187	244.0	100.0	-5.98	5.70	0.05	1434
presslight	TRAIN	188	248.8	0.8	-5.88	5.73	0.05	1437
presslight	TEST	188	247.8	100.0	-5.78	5.73	0.05	1432
presslight	TRAIN	189	249.3	0.8	-6.36	5.74	0.05	1433
presslight	TEST	189	247.5	100.0	-6.18	5.72	0.05	1434
presslight	TRAIN	190	246.9	0.8	-6.13	5.72	0.05	1435
presslight	TEST	190	248.1	100.0	-5.93	5.72	0.05	1430
presslight	TRAIN	191	251.4	0.8	-5.87	5.75	0.05	1430
presslight	TEST	191	249.8	100.0	-6.00	5.73	0.05	1434
presslight	TRAIN	192	249.3	0.8	-6.04	5.72	0.05	1436
presslight	TEST	192	248.6	100.0	-5.96	5.73	0.05	1433
presslight	TRAIN	193	245.9	0.8	-5.65	5.71	0.05	1436
presslight	TEST	193	251.8	100.0	-5.98	5.75	0.05	1432
presslight	TRAIN	194	248.2	0.8	-5.84	5.72	0.05	1435
presslight	TEST	194	245.1	100.0	-5.84	5.71	0.05	1436
presslight	TRAIN	195	252.9	0.8	-5.87	5.75	0.06	1433
presslight	TEST	195	251.0	100.0	-6.04	5.75	0.05	1436
presslight	TRAIN	196	250.3	0.8	-6.17	5.77	0.05	1434
presslight	TEST	196	250.5	100.0	-6.00	5.73	0.05	1437
presslight	TRAIN	197	250.2	0.8	-5.90	5.74	0.05	1435
presslight	TEST	197	247.4	100.0	-5.71	5.73	0.05	1436
presslight	TRAIN	198	247.2	0.8	-5.89	5.72	0.05	1433
presslight	TEST	198	249.1	100.0	-6.00	5.75	0.05	1434
presslight	TRAIN	199	247.2	0.8	-6.06	5.72	0.05	1437
presslight	TEST	199	248.0	100.0	-6.12	5.75	0.05	1431
