mplight	TRAIN	0	104.5	nan	-5.41	9.50	0.44	2803
mplight	TEST	0	112.0	100.0	-4.35	8.88	0.43	2811
mplight	TRAIN	1	145.2	0.3	-5.49	11.09	0.46	2755
mplight	TEST	1	115.0	100.0	-4.26	8.67	0.44	2793
mplight	TRAIN	2	118.5	0.4	-4.30	8.63	0.41	2784
mplight	TEST	2	112.0	100.0	-3.82	7.80	0.42	2808
mplight	TRAIN	3	104.8	0.4	-4.83	9.23	0.42	2797
mplight	TEST	3	109.4	100.0	-4.49	9.15	0.42	2794
mplight	TRAIN	4	153.9	0.5	-4.82	10.58	0.44	2745
mplight	TEST	4	120.1	100.0	-3.80	8.50	0.42	2794
mplight	TRAIN	5	98.2	0.5	-4.34	8.55	0.42	2777
mplight	TEST	5	133.1	100.0	-5.42	11.60	0.45	2793
mplight	TRAIN	6	116.5	0.5	-4.71	8.91	0.43	2801
mplight	TEST	6	116.8	100.0	-4.91	10.20	0.42	2787
mplight	TRAIN	7	123.8	0.6	-4.45	9.56	0.43	2762
mplight	TEST	7	109.5	100.0	-3.93	8.00	0.41	2799
mplight	TRAIN	8	94.7	0.6	-3.77	7.93	0.40	2793
mplight	TEST	8	109.1	100.0	-4.42	8.38	0.42	2781
mplight	TRAIN	9	102.6	0.6	-3.88	8.21	0.41	2808
mplight	TEST	9	105.0	100.0	-3.79	8.44	0.43	2804
mplight	TRAIN	10	121.6	0.6	-4.88	9.97	0.42	2748
mplight	TEST	10	98.1	100.0	-3.46	7.01	0.40	2814
mplight	TRAIN	11	117.0	0.6	-4.49	9.34	0.44	2741
mplight	TEST	11	112.1	100.0	-3.68	7.68	0.40	2799
mplight	TRAIN	12	104.9	0.6	-3.31	7.63	0.40	2800
mplight	TEST	12	117.5	100.0	-3.73	7.61	0.41	2810
mplight	TRAIN	13	116.2	0.6	-4.21	8.31	0.41	2792
mplight	TEST	13	111.4	100.0	-3.24	6.67	0.40	2802
mplight	TRAIN	14	97.6	0.6	-3.35	7.50	0.40	2789
mplight	TEST	14	93.3	100.0	-3.73	7.44	0.42	2805
mplight	TRAIN	15	135.7	0.6	-4.02	8.41	0.41	2819
mplight	TEST	15	101.9	100.0	-3.45	6.91	0.39	2783
mplight	TRAIN	16	104.3	0.6	-3.41	7.50	0.40	2801
mplight	TEST	16	122.1	100.0	-3.72	7.74	0.41	2792
mplight	TRAIN	17	104.8	0.7	-3.41	6.86	0.40	2800
mplight	TEST	17	94.6	100.0	-3.36	6.78	0.39	2793
mplight	TRAIN	18	98.3	0.7	-3.31	7.28	0.38	2785
mplight	TEST	18	110.3	100.0	-3.33	7.93	0.40	2798
mplight	TRAIN	19	101.6	0.7	-3.13	6.45	0.39	2781
mplight	TEST	19	95.7	100.0	-3.08	6.36	0.37	2810
mplight	TRAIN	20	102.5	0.6	-3.52	6.64	0.38	2788
mplight	TEST	20	104.8	100.0	-3.46	7.33	0.40	2804
mplight	TRAIN	21	94.9	0.6	-3.04	6.05	0.37	2807
mplight	TEST	21	104.2	100.0	-3.85	7.99	0.40	2791
mplight	TRAIN	22	102.2	0.6	-3.38	7.01	0.39	2795
mplight	TEST	22	104.2	100.0	-3.35	7.51	0.41	2781
mplight	TRAIN	23	101.3	0.5	-3.75	7.49	0.40	2782
mplight	TEST	23	112.3	100.0	-4.11	9.05	0.41	2815
mplight	TRAIN	24	94.6	0.5	-2.66	5.66	0.37	2804
mplight	TEST	24	96.8	100.0	-3.29	6.94	0.39	2807
mplight	TRAIN	25	102.3	0.5	-3.34	7.62	0.39	2813
mplight	TEST	25	101.9	100.0	-3.14	6.93	0.39	2790
mplight	TRAIN	26	95.6	0.5	-3.37	7.86	0.38	2773
mplight	TEST	26	85.5	100.0	-2.73	5.78	0.37	2820
mplight	TRAIN	27	88.6	0.6	-2.80	5.98	0.38	2797
mplight	TEST	27	105.6	100.0	-3.21	6.61	0.40	2789
mplight	TRAIN	28	88.7	0.5	-2.74	6.16	0.37	2801
mplight	TEST	28	86.1	100.0	-2.67	5.83	0.37	2799
mplight	TRAIN	29	91.1	0.6	-2.70	5.55	0.37	2804
mplight	TEST	29	97.9	100.0	-2.86	6.07	0.39	2797
mplight	TRAIN	30	94.6	0.6	-3.11	6.25	0.38	2812
mplight	TEST	30	96.4	100.0	-2.60	5.46	0.39	2802
mplight	TRAIN	31	100.5	0.6	-2.86	6.19	0.38	2788
mplight	TEST	31	91.6	100.0	-2.89	6.15	0.38	2808
mplight	TRAIN	32	106.1	0.6	-2.77	6.34	0.38	2797
mplight	TEST	32	89.3	100.0	-2.86	5.93	0.36	2793
mplight	TRAIN	33	85.2	0.5	-2.70	5.36	0.37	2813
mplight	TEST	33	91.3	100.0	-2.19	5.11	0.36	2796
mplight	TRAIN	34	99.6	0.5	-3.05	6.64	0.38	2797
mplight	TEST	34	101.8	100.0	-3.17	6.77	0.37	2813
mplight	TRAIN	35	86.2	0.4	-2.47	5.32	0.37	2805
mplight	TEST	35	87.0	100.0	-2.41	5.53	0.36	2785
mplight	TRAIN	36	85.4	0.4	-2.14	4.83	0.36	2803
mplight	TEST	36	84.2	100.0	-2.32	4.97	0.36	2806
mplight	TRAIN	37	89.9	0.4	-2.23	5.21	0.35	2808
mplight	TEST	37	99.5	100.0	-2.38	5.31	0.36	2816
mplight	TRAIN	38	91.1	0.4	-2.54	5.86	0.37	2773
mplight	TEST	38	103.2	100.0	-2.69	6.23	0.37	2799
mplight	TRAIN	39	83.9	0.4	-2.57	5.40	0.36	2798
mplight	TEST	39	94.4	100.0	-2.60	5.48	0.36	2799
mplight	TRAIN	40	101.4	0.4	-2.57	5.87	0.36	2810
mplight	TEST	40	95.8	100.0	-2.27	4.86	0.36	2806
mplight	TRAIN	41	84.0	0.4	-2.36	4.88	0.35	2810
mplight	TEST	41	84.6	100.0	-2.18	4.71	0.34	2805
mplight	TRAIN	42	95.9	0.4	-2.23	5.02	0.36	2818
mplight	TEST	42	112.7	100.0	-3.43	7.80	0.39	2812
mplight	TRAIN	43	97.6	0.4	-1.99	4.57	0.37	2814
mplight	TEST	43	93.9	100.0	-2.51	5.59	0.36	2812
mplight	TRAIN	44	86.8	0.4	-2.48	5.50	0.37	2810
mplight	TEST	44	84.7	100.0	-1.98	4.37	0.35	2811
mplight	TRAIN	45	96.0	0.4	-2.70	5.85	0.37	2810
mplight	TEST	45	92.4	100.0	-2.05	4.60	0.35	2808
mplight	TRAIN	46	83.1	0.4	-2.22	5.14	0.35	2808
mplight	TEST	46	91.5	100.0	-2.92	6.74	0.37	2779
mplight	TRAIN	47	80.2	0.4	-1.95	4.36	0.34	2820
mplight	TEST	47	81.9	100.0	-1.98	4.67	0.34	2801
mplight	TRAIN	48	89.4	0.3	-1.93	4.56	0.35	2799
mplight	TEST	48	77.5	100.0	-1.55	3.69	0.32	2811
mplight	TRAIN	49	99.8	0.3	-2.60	6.02	0.36	2790
mplight	TEST	49	105.7	100.0	-2.52	5.90	0.37	2784
mplight	TRAIN	50	78.8	0.4	-1.98	4.36	0.34	2808
mplight	TEST	50	87.7	100.0	-2.32	5.32	0.37	2810
mplight	TRAIN	51	92.7	0.4	-2.46	5.75	0.36	2812
mplight	TEST	51	103.7	100.0	-2.12	5.09	0.35	2803
mplight	TRAIN	52	104.2	0.4	-2.73	6.47	0.38	2816
mplight	TEST	52	90.0	100.0	-2.07	4.81	0.34	2802
mplight	TRAIN	53	90.9	0.4	-1.97	4.58	0.34	2813
mplight	TEST	53	103.6	100.0	-2.76	6.17	0.36	2808
mplight	TRAIN	54	85.8	0.4	-1.97	4.53	0.34	2810
mplight	TEST	54	94.4	100.0	-2.31	5.50	0.34	2805
mplight	TRAIN	55	78.2	0.3	-1.64	3.81	0.32	2806
mplight	TEST	55	86.5	100.0	-1.92	4.56	0.34	2803
mplight	TRAIN	56	83.0	0.3	-1.93	4.30	0.33	2815
mplight	TEST	56	111.2	100.0	-2.22	4.93	0.37	2811
mplight	TRAIN	57	82.7	0.3	-1.88	4.23	0.34	2805
mplight	TEST	57	100.6	100.0	-2.69	6.48	0.37	2809
mplight	TRAIN	58	80.1	0.3	-1.74	4.02	0.32	2803
mplight	TEST	58	80.0	100.0	-2.04	4.73	0.35	2806
mplight	TRAIN	59	106.6	0.4	-2.65	6.46	0.37	2814
mplight	TEST	59	100.5	100.0	-2.41	5.91	0.36	2807
mplight	TRAIN	60	151.8	0.4	-4.78	12.09	0.40	2691
mplight	TEST	60	97.6	100.0	-2.37	5.27	0.34	2816
mplight	TRAIN	61	96.8	0.5	-2.26	5.28	0.34	2802
mplight	TEST	61	83.3	100.0	-2.51	5.45	0.34	2802
mplight	TRAIN	62	79.8	0.5	-2.09	4.88	0.32	2818
mplight	TEST	62	77.3	100.0	-1.53	3.65	0.32	2810
mplight	TRAIN	63	78.2	0.5	-1.55	3.60	0.32	2818
mplight	TEST	63	77.3	100.0	-1.53	3.50	0.31	2812
mplight	TRAIN	64	86.4	0.5	-1.96	4.50	0.33	2811
mplight	TEST	64	82.7	100.0	-1.58	3.80	0.32	2814
mplight	TRAIN	65	76.4	0.5	-1.70	3.90	0.31	2813
mplight	TEST	65	75.6	100.0	-1.56	3.60	0.31	2807
mplight	TRAIN	66	75.8	0.5	-1.69	3.79	0.32	2797
mplight	TEST	66	84.6	100.0	-1.74	4.14	0.33	2812
mplight	TRAIN	67	82.1	0.4	-1.68	3.91	0.33	2812
mplight	TEST	67	76.0	100.0	-1.75	3.83	0.33	2813
mplight	TRAIN	68	78.5	0.4	-1.69	3.89	0.32	2807
mplight	TEST	68	84.8	100.0	-1.77	4.13	0.31	2807
mplight	TRAIN	69	77.0	0.4	-1.67	3.95	0.32	2805
mplight	TEST	69	80.9	100.0	-1.88	4.29	0.32	2803
mplight	TRAIN	70	82.3	0.3	-1.82	4.17	0.33	2812
mplight	TEST	70	74.7	100.0	-1.53	3.61	0.31	2817
mplight	TRAIN	71	76.0	0.3	-1.58	3.59	0.30	2818
mplight	TEST	71	76.4	100.0	-1.69	3.91	0.32	2815
mplight	TRAIN	72	93.2	0.2	-1.73	4.14	0.32	2806
mplight	TEST	72	79.8	100.0	-1.81	4.26	0.32	2806
mplight	TRAIN	73	76.7	0.2	-1.44	3.32	0.30	2813
mplight	TEST	73	86.5	100.0	-1.58	3.74	0.31	2807
mplight	TRAIN	74	74.6	0.2	-1.55	3.55	0.31	2807
mplight	TEST	74	98.5	100.0	-2.40	5.89	0.34	2807
mplight	TRAIN	75	77.9	0.2	-1.44	3.44	0.31	2797
mplight	TEST	75	77.2	100.0	-1.39	3.28	0.30	2801
mplight	TRAIN	76	73.8	0.2	-1.42	3.22	0.31	2810
mplight	TEST	76	75.7	100.0	-1.30	3.25	0.31	2813
mplight	TRAIN	77	76.5	0.2	-1.64	3.82	0.32	2805
mplight	TEST	77	80.9	100.0	-1.51	3.54	0.31	2818
mplight	TRAIN	78	85.3	0.2	-1.54	3.58	0.32	2802
mplight	TEST	78	96.1	100.0	-1.95	4.92	0.34	2814
mplight	TRAIN	79	79.7	0.2	-1.63	3.96	0.32	2820
mplight	TEST	79	76.7	100.0	-1.32	3.20	0.30	2814
mplight	TRAIN	80	75.5	0.2	-1.34	3.25	0.30	2815
mplight	TEST	80	73.9	100.0	-1.47	3.37	0.31	2793
mplight	TRAIN	81	73.6	0.2	-1.28	3.08	0.30	2807
mplight	TEST	81	73.1	100.0	-1.36	3.15	0.30	2811
mplight	TRAIN	82	72.5	0.2	-1.26	3.02	0.30	2817
mplight	TEST	82	82.1	100.0	-1.34	3.37	0.30	2815
mplight	TRAIN	83	74.2	0.2	-1.45	3.46	0.30	2798
mplight	TEST	83	81.3	100.0	-1.38	3.03	0.28	2818
mplight	TRAIN	84	79.6	0.2	-1.65	3.86	0.31	2805
mplight	TEST	84	72.2	100.0	-1.31	3.11	0.29	2815
mplight	TRAIN	85	85.1	0.2	-1.30	3.17	0.29	2816
mplight	TEST	85	73.8	100.0	-1.29	2.99	0.29	2814
mplight	TRAIN	86	84.4	0.2	-1.25	3.04	0.30	2811
mplight	TEST	86	97.3	100.0	-2.14	5.44	0.33	2811
mplight	TRAIN	87	71.4	0.2	-1.21	2.86	0.28	2809
mplight	TEST	87	82.6	100.0	-1.41	3.49	0.29	2810
mplight	TRAIN	88	74.8	0.2	-1.30	3.11	0.30	2802
mplight	TEST	88	76.1	100.0	-1.41	3.38	0.30	2784
mplight	TRAIN	89	73.5	0.2	-1.28	3.09	0.29	2819
mplight	TEST	89	83.2	100.0	-1.37	3.31	0.31	2806
mplight	TRAIN	90	76.1	0.2	-1.56	3.80	0.31	2818
mplight	TEST	90	80.3	100.0	-1.63	4.08	0.31	2812
mplight	TRAIN	91	75.9	0.2	-1.28	3.09	0.29	2813
mplight	TEST	91	76.7	100.0	-1.35	3.24	0.29	2813
mplight	TRAIN	92	75.7	0.2	-1.21	2.97	0.29	2812
mplight	TEST	92	74.3	100.0	-1.23	3.05	0.30	2816
mplight	TRAIN	93	72.0	0.2	-1.22	2.90	0.28	2804
mplight	TEST	93	76.4	100.0	-1.15	2.85	0.28	2814
mplight	TRAIN	94	79.9	0.2	-1.19	3.05	0.29	2812
mplight	TEST	94	73.6	100.0	-1.28	3.04	0.29	2812
mplight	TRAIN	95	73.6	0.2	-1.30	3.23	0.30	2814
mplight	TEST	95	77.6	100.0	-1.29	3.26	0.29	2811
mplight	TRAIN	96	74.3	0.2	-1.22	3.07	0.29	2815
mplight	TEST	96	72.0	100.0	-1.10	2.78	0.29	2812
mplight	TRAIN	97	72.3	0.2	-0.99	2.46	0.27	2800
mplight	TEST	97	79.3	100.0	-1.31	3.14	0.30	2817
mplight	TRAIN	98	79.1	0.2	-1.37	3.41	0.28	2815
mplight	TEST	98	74.0	100.0	-1.33	3.20	0.29	2810
mplight	TRAIN	99	73.6	0.2	-1.17	2.89	0.28	2814
mplight	TEST	99	72.5	100.0	-1.15	2.69	0.28	2815
mplight	TRAIN	100	70.5	0.2	-1.09	2.67	0.28	2811
mplight	TEST	100	71.7	100.0	-1.18	2.94	0.28	2817
mplight	TRAIN	101	79.9	0.2	-1.20	3.05	0.28	2808
mplight	TEST	101	99.3	100.0	-1.40	3.50	0.29	2812
mplight	TRAIN	102	72.0	0.2	-1.12	2.73	0.27	2804
mplight	TEST	102	119.3	100.0	-2.99	7.67	0.35	2810
mplight	TRAIN	103	67.3	0.2	-0.96	2.43	0.26	2816
mplight	TEST	103	67.8	100.0	-0.91	2.30	0.27	2806
mplight	TRAIN	104	82.4	0.2	-1.17	2.87	0.27	2809
mplight	TEST	104	81.6	100.0	-1.53	3.70	0.28	2813
mplight	TRAIN	105	69.3	0.2	-1.05	2.65	0.27	2811
mplight	TEST	105	84.6	100.0	-0.98	2.42	0.26	2805
mplight	TRAIN	106	88.4	0.2	-1.70	4.31	0.30	2802
mplight	TEST	106	75.2	100.0	-2.00	3.87	0.29	2806
mplight	TRAIN	107	73.3	0.2	-1.66	3.31	0.29	2799
mplight	TEST	107	70.6	100.0	-1.24	2.96	0.27	2819
mplight	TRAIN	108	73.1	0.2	-1.14	2.77	0.27	2816
mplight	TEST	108	73.6	100.0	-1.20	3.05	0.29	2811
mplight	TRAIN	109	121.1	0.2	-3.18	8.30	0.34	2720
mplight	TEST	109	68.4	100.0	-0.92	2.38	0.27	2820
mplight	TRAIN	110	71.5	0.2	-0.99	2.51	0.28	2814
mplight	TEST	110	74.1	100.0	-1.14	2.80	0.28	2793
mplight	TRAIN	111	67.9	0.2	-0.83	2.20	0.26	2810
mplight	TEST	111	75.1	100.0	-1.10	2.61	0.27	2820
mplight	TRAIN	112	68.3	0.2	-0.98	2.44	0.27	2812
mplight	TEST	112	71.9	100.0	-1.13	2.82	0.27	2807
mplight	TRAIN	113	76.3	0.2	-1.13	2.84	0.28	2802
mplight	TEST	113	104.1	100.0	-1.98	5.15	0.31	2813
mplight	TRAIN	114	71.6	0.2	-0.92	2.34	0.26	2814
mplight	TEST	114	75.0	100.0	-1.09	2.87	0.28	2812
mplight	TRAIN	115	70.5	0.2	-0.99	2.57	0.26	2808
mplight	TEST	115	70.0	100.0	-1.13	2.91	0.27	2820
mplight	TRAIN	116	82.7	0.2	-1.15	2.95	0.29	2806
mplight	TEST	116	78.3	100.0	-1.17	2.96	0.28	2808
mplight	TRAIN	117	74.6	0.2	-1.33	3.47	0.28	2814
mplight	TEST	117	69.8	100.0	-1.01	2.56	0.27	2800
mplight	TRAIN	118	71.4	0.2	-1.00	2.57	0.27	2816
mplight	TEST	118	90.3	100.0	-1.79	4.71	0.30	2817
mplight	TRAIN	119	72.4	0.2	-0.95	2.54	0.27	2813
mplight	TEST	119	88.9	100.0	-1.80	4.63	0.30	2811
mplight	TRAIN	120	70.5	0.2	-0.92	2.29	0.25	2814
mplight	TEST	120	69.3	100.0	-1.04	2.65	0.26	2813
mplight	TRAIN	121	68.1	0.2	-0.84	2.23	0.26	2819
mplight	TEST	121	80.1	100.0	-1.00	2.54	0.28	2812
mplight	TRAIN	122	81.2	0.2	-0.92	2.41	0.26	2803
mplight	TEST	122	71.3	100.0	-0.86	2.20	0.25	2806
mplight	TRAIN	123	77.2	0.2	-1.49	3.83	0.29	2803
mplight	TEST	123	86.1	100.0	-1.56	4.10	0.29	2815
mplight	TRAIN	124	71.5	0.2	-0.97	2.43	0.26	2794
mplight	TEST	124	78.2	100.0	-0.84	2.20	0.26	2819
mplight	TRAIN	125	71.5	0.2	-1.04	2.67	0.27	2819
mplight	TEST	125	67.7	100.0	-1.03	2.39	0.27	2817
mplight	TRAIN	126	69.5	0.2	-0.81	2.12	0.25	2811
mplight	TEST	126	70.6	100.0	-0.85	2.27	0.26	2803
mplight	TRAIN	127	72.6	0.2	-0.85	2.14	0.25	2808
mplight	TEST	127	83.5	100.0	-1.58	4.05	0.29	2811
mplight	TRAIN	128	69.4	0.2	-0.92	2.38	0.26	2806
mplight	TEST	128	65.8	100.0	-0.73	1.92	0.25	2812
mplight	TRAIN	129	77.8	0.2	-0.83	2.20	0.25	2818
mplight	TEST	129	67.1	100.0	-0.86	2.20	0.26	2814
mplight	TRAIN	130	69.0	0.2	-0.83	2.10	0.25	2810
mplight	TEST	130	90.2	100.0	-1.68	4.32	0.27	2812
mplight	TRAIN	131	66.1	0.2	-0.77	2.02	0.25	2813
mplight	TEST	131	99.9	100.0	-1.94	5.08	0.31	2817
mplight	TRAIN	132	66.5	0.2	-0.72	1.95	0.25	2814
mplight	TEST	132	72.4	100.0	-1.01	2.63	0.28	2814
mplight	TRAIN	133	66.8	0.2	-0.79	2.08	0.26	2811
mplight	TEST	133	68.2	100.0	-0.81	2.15	0.26	2810
mplight	TRAIN	134	83.2	0.2	-1.36	3.53	0.28	2814
mplight	TEST	134	69.6	100.0	-0.80	2.17	0.25	2811
mplight	TRAIN	135	69.0	0.2	-0.91	2.36	0.25	2815
mplight	TEST	135	81.1	100.0	-1.01	2.58	0.26	2808
mplight	TRAIN	136	65.7	0.2	-0.71	1.85	0.24	2812
mplight	TEST	136	86.5	100.0	-0.81	2.05	0.24	2821
mplight	TRAIN	137	78.5	0.2	-0.79	2.08	0.24	2815
mplight	TEST	137	67.4	100.0	-0.72	1.95	0.24	2813
mplight	TRAIN	138	69.5	0.2	-0.83	2.24	0.25	2810
mplight	TEST	138	81.7	100.0	-1.16	3.09	0.27	2819
mplight	TRAIN	139	67.4	0.2	-0.70	1.89	0.24	2812
mplight	TEST	139	68.4	100.0	-0.72	1.97	0.24	2809
mplight	TRAIN	140	72.3	0.2	-0.89	2.29	0.25	2821
mplight	TEST	140	90.9	100.0	-1.65	4.31	0.27	2820
mplight	TRAIN	141	68.3	0.2	-0.81	2.22	0.24	2808
mplight	TEST	141	82.0	100.0	-0.83	2.12	0.25	2815
mplight	TRAIN	142	68.5	0.2	-0.76	1.98	0.23	2813
mplight	TEST	142	69.4	100.0	-0.83	2.12	0.25	2812
mplight	TRAIN	143	65.2	0.1	-0.64	1.73	0.23	2815
mplight	TEST	143	66.1	100.0	-0.74	1.98	0.23	2808
mplight	TRAIN	144	64.8	0.1	-0.72	1.87	0.24	2804
mplight	TEST	144	67.2	100.0	-0.72	1.94	0.24	2821
mplight	TRAIN	145	65.8	0.1	-0.73	1.93	0.24	2816
mplight	TEST	145	71.1	100.0	-0.94	2.42	0.25	2812
mplight	TRAIN	146	65.4	0.1	-0.73	1.92	0.24	2819
mplight	TEST	146	64.6	100.0	-0.67	1.80	0.24	2819
mplight	TRAIN	147	67.4	0.1	-0.74	1.95	0.24	2809
mplight	TEST	147	64.7	100.0	-0.70	1.80	0.24	2816
mplight	TRAIN	148	64.3	0.2	-0.66	1.78	0.23	2805
mplight	TEST	148	64.5	100.0	-0.62	1.65	0.22	2814
mplight	TRAIN	149	63.0	0.2	-0.61	1.63	0.23	2810
mplight	TEST	149	77.5	100.0	-0.71	1.87	0.24	2819
mplight	TRAIN	150	67.4	0.2	-0.66	1.77	0.24	2823
mplight	TEST	150	64.5	100.0	-0.62	1.72	0.22	2812
mplight	TRAIN	151	65.3	0.2	-0.68	1.82	0.23	2807
mplight	TEST	151	65.0	100.0	-0.67	1.78	0.24	2819
mplight	TRAIN	152	65.4	0.2	-0.65	1.72	0.23	2821
mplight	TEST	152	65.0	100.0	-0.62	1.68	0.23	2812
mplight	TRAIN	153	64.0	0.2	-0.62	1.67	0.23	2813
mplight	TEST	153	66.9	100.0	-0.69	1.83	0.24	2816
mplight	TRAIN	154	63.5	0.1	-0.56	1.54	0.22	2814
mplight	TEST	154	64.9	100.0	-0.64	1.73	0.23	2808
mplight	TRAIN	155	63.3	0.1	-0.60	1.58	0.22	2814
mplight	TEST	155	65.5	100.0	-0.67	1.77	0.24	2820
mplight	TRAIN	156	65.5	0.1	-0.69	1.85	0.24	2819
mplight	TEST	156	63.4	100.0	-0.60	1.63	0.22	2818
mplight	TRAIN	157	63.2	0.1	-0.66	1.77	0.23	2813
mplight	TEST	157	63.9	100.0	-0.60	1.62	0.22	2813
mplight	TRAIN	158	69.0	0.1	-0.64	1.71	0.22	2821
mplight	TEST	158	63.7	100.0	-0.60	1.63	0.22	2814
mplight	TRAIN	159	64.8	0.1	-0.64	1.71	0.22	2810
mplight	TEST	159	68.0	100.0	-0.62	1.62	0.22	2822
mplight	TRAIN	160	63.1	0.1	-0.57	1.58	0.22	2819
mplight	TEST	160	64.4	100.0	-0.58	1.59	0.22	2819
mplight	TRAIN	161	67.9	0.1	-0.69	1.82	0.23	2819
mplight	TEST	161	63.1	100.0	-0.59	1.63	0.23	2816
mplight	TRAIN	162	64.9	0.1	-0.59	1.63	0.23	2815
mplight	TEST	162	62.8	100.0	-0.56	1.52	0.22	2818
mplight	TRAIN	163	74.0	0.1	-0.61	1.68	0.22	2813
mplight	TEST	163	90.4	100.0	-1.54	3.97	0.26	2815
mplight	TRAIN	164	65.5	0.1	-0.61	1.66	0.23	2818
mplight	TEST	164	66.2	100.0	-0.61	1.60	0.22	2819
mplight	TRAIN	165	63.7	0.1	-0.64	1.71	0.23	2816
mplight	TEST	165	68.4	100.0	-0.68	1.81	0.24	2817
mplight	TRAIN	166	65.4	0.1	-0.64	1.72	0.23	2819
mplight	TEST	166	82.9	100.0	-1.45	3.87	0.27	2817
mplight	TRAIN	167	63.8	0.1	-0.58	1.62	0.22	2816
mplight	TEST	167	63.7	100.0	-0.57	1.61	0.22	2820
mplight	TRAIN	168	66.9	0.1	-0.69	1.89	0.24	2813
mplight	TEST	168	63.7	100.0	-0.57	1.58	0.22	2819
mplight	TRAIN	169	63.4	0.1	-0.58	1.63	0.22	2820
mplight	TEST	169	67.1	100.0	-0.61	1.65	0.22	2806
mplight	TRAIN	170	72.9	0.1	-0.64	1.69	0.23	2813
mplight	TEST	170	64.9	100.0	-0.59	1.63	0.22	2813
mplight	TRAIN	171	64.9	0.1	-0.67	1.77	0.23	2814
mplight	TEST	171	72.9	100.0	-0.66	1.77	0.22	2816
mplight	TRAIN	172	65.3	0.1	-0.64	1.72	0.23	2819
mplight	TEST	172	64.8	100.0	-0.62	1.71	0.22	2814
mplight	TRAIN	173	66.1	0.1	-0.61	1.74	0.23	2818
mplight	TEST	173	63.7	100.0	-0.53	1.48	0.21	2818
mplight	TRAIN	174	69.3	0.1	-0.88	2.38	0.25	2816
mplight	TEST	174	62.9	100.0	-0.56	1.55	0.22	2818
mplight	TRAIN	175	64.0	0.1	-0.57	1.58	0.22	2814
mplight	TEST	175	67.6	100.0	-0.72	1.94	0.25	2811
mplight	TRAIN	176	65.3	0.1	-0.61	1.69	0.22	2813
mplight	TEST	176	83.4	100.0	-0.65	1.77	0.23	2823
mplight	TRAIN	177	63.7	0.2	-0.57	1.56	0.22	2818
mplight	TEST	177	79.8	100.0	-1.34	3.57	0.26	2818
mplight	TRAIN	178	65.0	0.1	-0.58	1.62	0.22	2812
mplight	TEST	178	69.5	100.0	-0.77	2.11	0.24	2811
mplight	TRAIN	179	66.1	0.1	-0.69	1.89	0.23	2816
mplight	TEST	179	63.6	100.0	-0.60	1.67	0.23	2815
mplight	TRAIN	180	64.1	0.1	-0.61	1.62	0.22	2821
mplight	TEST	180	65.4	100.0	-0.56	1.60	0.22	2820
mplight	TRAIN	181	69.2	0.1	-0.74	1.94	0.23	2816
mplight	TEST	181	64.3	100.0	-0.59	1.63	0.22	2811
mplight	TRAIN	182	84.1	0.1	-0.69	1.82	0.23	2814
mplight	TEST	182	64.4	100.0	-0.56	1.64	0.23	2817
mplight	TRAIN	183	65.7	0.1	-0.67	1.83	0.23	2814
mplight	TEST	183	70.8	100.0	-0.79	2.14	0.24	2814
mplight	TRAIN	184	64.6	0.1	-0.60	1.68	0.23	2818
mplight	TEST	184	64.5	100.0	-0.61	1.69	0.23	2818
mplight	TRAIN	185	83.8	0.1	-1.29	3.47	0.26	2806
mplight	TEST	185	65.8	100.0	-0.62	1.71	0.22	2806
mplight	TRAIN	186	67.8	0.1	-0.58	1.61	0.22	2812
mplight	TEST	186	64.2	100.0	-0.53	1.50	0.22	2819
mplight	TRAIN	187	64.1	0.1	-0.58	1.61	0.22	2818
mplight	TEST	187	73.0	100.0	-0.56	1.55	0.21	2813
mplight	TRAIN	188	67.1	0.2	-0.63	1.65	0.22	2814
mplight	TEST	188	66.9	100.0	-0.65	1.72	0.23	2818
mplight	TRAIN	189	66.3	0.2	-0.73	2.00	0.23	2817
mplight	TEST	189	64.1	100.0	-0.60	1.68	0.22	2810
mplight	TRAIN	190	63.8	0.2	-0.56	1.59	0.22	2813
mplight	TEST	190	64.2	100.0	-0.65	1.72	0.23	2813
mplight	TRAIN	191	63.6	0.2	-0.56	1.52	0.22	2816
mplight	TEST	191	62.0	100.0	-0.56	1.47	0.22	2817
mplight	TRAIN	192	62.3	0.2	-0.58	1.59	0.22	2823
mplight	TEST	192	176.7	100.0	-6.89	17.86	0.40	1868
mplight	TRAIN	193	63.7	0.1	-0.58	1.55	0.23	2819
mplight	TEST	193	193.9	100.0	-6.26	16.39	0.39	2077
mplight	TRAIN	194	62.4	0.1	-0.53	1.46	0.21	2813
mplight	TEST	194	66.2	100.0	-0.64	1.75	0.23	2813
mplight	TRAIN	195	221.1	0.2	-7.07	18.37	0.39	1912
mplight	TEST	195	63.5	100.0	-0.64	1.71	0.23	2807
mplight	TRAIN	196	64.8	0.2	-0.70	1.90	0.23	2819
mplight	TEST	196	63.2	100.0	-0.56	1.56	0.22	2814
mplight	TRAIN	197	63.5	0.2	-0.58	1.60	0.23	2817
mplight	TEST	197	62.8	100.0	-0.57	1.57	0.22	2817
mplight	TRAIN	198	62.6	0.2	-0.60	1.62	0.22	2814
mplight	TEST	198	63.3	100.0	-0.60	1.65	0.22	2817
mplight	TRAIN	199	67.9	0.2	-0.71	1.86	0.23	2816
mplight	TEST	199	63.3	100.0	-0.59	1.64	0.22	2818
