colight	TRAIN	0	322.9	0.0	-152.69	3.94	0.23	3961
colight	TEST	0	1198.0	100.0	-591.76	13.37	0.52	375
colight	TRAIN	1	324.1	0.0	-155.49	4.09	0.23	3926
colight	TEST	1	1198.0	100.0	-591.76	13.37	0.52	375
colight	TRAIN	2	320.7	13.3	-141.27	3.75	0.23	3953
colight	TEST	2	672.1	100.0	-568.73	13.65	0.42	1164
colight	TRAIN	3	284.0	7.6	-112.15	2.97	0.19	3950
colight	TEST	3	560.8	100.0	-451.25	10.70	0.35	1683
colight	TRAIN	4	289.8	7.7	-119.92	3.07	0.19	3981
colight	TEST	4	483.7	100.0	-381.99	9.36	0.30	1913
colight	TRAIN	5	281.8	7.0	-108.54	2.91	0.18	3993
colight	TEST	5	533.5	100.0	-363.00	8.82	0.29	2241
colight	TRAIN	6	268.3	7.6	-105.77	2.88	0.17	4004
colight	TEST	6	505.6	100.0	-308.78	7.43	0.29	2478
colight	TRAIN	7	323.7	6.9	-118.69	3.18	0.19	3949
colight	TEST	7	397.8	100.0	-297.47	7.59	0.28	2419
colight	TRAIN	8	341.5	5.3	-134.00	3.50	0.19	3876
colight	TEST	8	378.1	100.0	-230.14	6.27	0.25	2759
colight	TRAIN	9	325.2	5.2	-123.45	3.29	0.18	3726
colight	TEST	9	418.1	100.0	-251.14	6.27	0.26	2895
colight	TRAIN	10	303.2	5.8	-150.37	3.89	0.20	3604
colight	TEST	10	500.2	100.0	-351.46	8.97	0.32	2058
colight	TRAIN	11	531.5	5.1	-260.77	6.45	0.25	3287
colight	TEST	11	332.4	100.0	-254.10	6.23	0.25	2786
colight	TRAIN	12	307.4	5.4	-167.24	4.54	0.22	3227
colight	TEST	12	438.9	100.0	-402.75	10.01	0.37	2166
colight	TRAIN	13	529.6	5.2	-282.15	7.69	0.29	3423
colight	TEST	13	443.8	100.0	-241.19	6.10	0.25	2514
colight	TRAIN	14	323.9	5.2	-141.10	3.69	0.19	3665
colight	TEST	14	370.6	100.0	-220.61	5.21	0.25	3032
colight	TRAIN	15	328.5	4.6	-123.70	3.27	0.17	3557
colight	TEST	15	403.4	100.0	-194.66	5.04	0.23	2916
colight	TRAIN	16	316.9	4.4	-125.40	3.39	0.17	3550
colight	TEST	16	491.1	100.0	-299.05	7.38	0.28	2420
colight	TRAIN	17	377.4	4.1	-160.04	4.28	0.19	3282
colight	TEST	17	445.5	100.0	-217.27	5.73	0.23	2829
colight	TRAIN	18	309.4	4.0	-107.81	2.99	0.16	3525
colight	TEST	18	408.3	100.0	-191.29	5.00	0.23	2887
colight	TRAIN	19	357.8	3.8	-145.76	3.88	0.18	3430
colight	TEST	19	358.4	100.0	-184.39	4.83	0.20	2994
colight	TRAIN	20	316.5	4.2	-141.12	3.77	0.19	3193
colight	TEST	20	357.7	100.0	-182.20	4.75	0.20	3170
colight	TRAIN	21	344.3	3.9	-160.56	4.30	0.19	3344
colight	TEST	21	340.8	100.0	-169.50	4.48	0.20	3307
colight	TRAIN	22	289.4	3.9	-144.52	3.88	0.18	3495
colight	TEST	22	475.8	100.0	-247.31	6.40	0.24	2816
colight	TRAIN	23	335.8	3.9	-150.06	4.01	0.18	3408
colight	TEST	23	373.5	100.0	-197.43	4.76	0.23	3231
colight	TRAIN	24	317.5	3.6	-145.31	3.85	0.18	3487
colight	TEST	24	520.5	100.0	-321.18	7.10	0.24	2294
colight	TRAIN	25	348.7	3.5	-208.33	5.44	0.20	3290
colight	TEST	25	440.8	100.0	-296.63	7.32	0.27	2354
colight	TRAIN	26	332.7	3.4	-138.94	3.64	0.18	3465
colight	TEST	26	272.5	100.0	-172.21	4.23	0.19	3491
colight	TRAIN	27	336.0	3.4	-169.26	4.43	0.19	3321
colight	TEST	27	353.4	100.0	-184.86	4.66	0.22	3216
colight	TRAIN	28	312.0	3.1	-162.48	4.27	0.18	3392
colight	TEST	28	354.4	100.0	-188.46	5.07	0.20	3117
colight	TRAIN	29	302.4	3.1	-154.28	4.17	0.18	3394
colight	TEST	29	340.3	100.0	-167.55	4.17	0.21	3281
colight	TRAIN	30	307.0	3.0	-130.10	3.47	0.17	3513
colight	TEST	30	330.7	100.0	-171.70	4.67	0.19	3338
colight	TRAIN	31	346.6	3.2	-166.07	4.46	0.19	3459
colight	TEST	31	471.5	100.0	-264.49	6.52	0.23	2722
colight	TRAIN	32	357.0	2.9	-158.04	4.38	0.20	3367
colight	TEST	32	323.7	100.0	-176.36	4.37	0.23	3282
colight	TRAIN	33	465.7	2.9	-198.23	5.05	0.22	3403
colight	TEST	33	364.9	100.0	-223.56	5.62	0.23	2655
colight	TRAIN	34	337.9	2.8	-146.60	3.93	0.18	3462
colight	TEST	34	338.8	100.0	-196.52	4.85	0.22	2979
colight	TRAIN	35	307.3	2.8	-128.53	3.43	0.17	3444
colight	TEST	35	323.5	100.0	-156.14	3.90	0.19	3385
colight	TRAIN	36	334.8	2.6	-271.95	7.32	0.24	2846
colight	TEST	36	378.3	100.0	-353.60	9.32	0.33	2313
colight	TRAIN	37	377.9	2.6	-186.05	4.80	0.19	3294
colight	TEST	37	376.6	100.0	-176.23	4.57	0.21	3256
colight	TRAIN	38	359.6	2.7	-164.18	4.47	0.19	3229
colight	TEST	38	344.3	100.0	-218.40	5.82	0.22	3178
colight	TRAIN	39	356.8	2.8	-151.63	4.02	0.18	3351
colight	TEST	39	315.9	100.0	-155.62	4.08	0.19	3404
colight	TRAIN	40	349.5	3.1	-162.61	4.25	0.20	3348
colight	TEST	40	324.9	100.0	-157.79	4.10	0.19	3373
colight	TRAIN	41	361.2	3.2	-176.36	4.73	0.20	3302
colight	TEST	41	340.8	100.0	-163.94	4.25	0.19	3429
colight	TRAIN	42	322.9	3.3	-170.31	4.62	0.19	3340
colight	TEST	42	348.1	100.0	-211.05	5.16	0.22	2754
colight	TRAIN	43	330.0	2.9	-155.63	4.17	0.19	3331
colight	TEST	43	346.1	100.0	-181.81	4.72	0.21	3087
colight	TRAIN	44	326.7	3.0	-157.33	4.21	0.18	3380
colight	TEST	44	315.2	100.0	-170.84	4.57	0.20	3246
colight	TRAIN	45	357.2	2.8	-150.76	3.93	0.19	3294
colight	TEST	45	377.1	100.0	-210.17	5.63	0.20	3168
colight	TRAIN	46	349.3	2.7	-153.67	4.20	0.19	3328
colight	TEST	46	293.5	100.0	-166.18	4.37	0.18	3378
