early_stop enabled: min_episodes=20, max_episodes=2000, patience=20, min_delta=0.0100, metric=test
step:3600/3600, q_loss:0, rewards:-334.91104600694445, queue:8.033862433862433, delay:0.3098542390046296, throughput:3061
episode:0/2000, real avg travel time:534.7118588696504
intersection:0, mean_episode_reward:-1.2388888597488403, mean_queue:0.7416666746139526
intersection:1, mean_episode_reward:-29.50222396850586, mean_queue:14.891666412353516
intersection:2, mean_episode_reward:-12.823884010314941, mean_queue:3.23888897895813
intersection:3, mean_episode_reward:-68.14835357666016, mean_queue:17.38888931274414
intersection:4, mean_episode_reward:-53.16165542602539, mean_queue:35.61111068725586
intersection:5, mean_episode_reward:-3.348519802093506, mean_queue:1.9277777671813965
intersection:6, mean_episode_reward:-18.90814781188965, mean_queue:9.883333206176758
intersection:7, mean_episode_reward:-14.33166790008545, mean_queue:7.469444274902344
intersection:8, mean_episode_reward:-3.2068519592285156, mean_queue:1.869444489479065
intersection:9, mean_episode_reward:-17.409996032714844, mean_queue:11.899999618530273
intersection:10, mean_episode_reward:-5.459166526794434, mean_queue:3.5250000953674316
intersection:11, mean_episode_reward:-2.7081499099731445, mean_queue:1.7166666984558105
intersection:12, mean_episode_reward:-7.310370445251465, mean_queue:3.6777777671813965
intersection:13, mean_episode_reward:-1.3240973949432373, mean_queue:1.6944444179534912
intersection:14, mean_episode_reward:-2.088055372238159, mean_queue:2.2055554389953613
intersection:15, mean_episode_reward:-7.192224025726318, mean_queue:5.652777671813965
intersection:16, mean_episode_reward:-25.009450912475586, mean_queue:16.825000762939453
intersection:17, mean_episode_reward:-20.685558319091797, mean_queue:6.705555438995361
intersection:18, mean_episode_reward:-11.22471809387207, mean_queue:8.844444274902344
intersection:19, mean_episode_reward:-7.914629936218262, mean_queue:5.344444274902344
intersection:20, mean_episode_reward:-21.91444969177246, mean_queue:7.597222328186035
Test step:0/2000, travel time :1025.1582278481012, rewards:-574.0473524305555, queue:13.273015873015874, delay:0.4572526558366402, throughput:474
new best ATT=1025.16 at episode 0 (metric=test)
step:3600/3600, q_loss:0, rewards:-300.6033420138889, queue:7.039021164021164, delay:0.30102787724247687, throughput:3147
episode:1/2000, real avg travel time:517.7445185891326
intersection:0, mean_episode_reward:-1.1851855516433716, mean_queue:0.7194444537162781
intersection:1, mean_episode_reward:-27.103343963623047, mean_queue:13.666666984558105
intersection:2, mean_episode_reward:-9.04555606842041, mean_queue:2.3138887882232666
intersection:3, mean_episode_reward:-64.53278350830078, mean_queue:16.524999618530273
intersection:4, mean_episode_reward:-42.76706314086914, mean_queue:28.700000762939453
intersection:5, mean_episode_reward:-3.5531489849090576, mean_queue:2.0166666507720947
intersection:6, mean_episode_reward:-18.25739288330078, mean_queue:9.402777671813965
intersection:7, mean_episode_reward:-14.596850395202637, mean_queue:7.611111164093018
intersection:8, mean_episode_reward:-3.285555601119995, mean_queue:1.9249999523162842
intersection:9, mean_episode_reward:-17.45652961730957, mean_queue:11.938888549804688
intersection:10, mean_episode_reward:-3.376667022705078, mean_queue:2.105555534362793
intersection:11, mean_episode_reward:-3.1137051582336426, mean_queue:2.0222222805023193
intersection:12, mean_episode_reward:-7.112963676452637, mean_queue:3.3333332538604736
intersection:13, mean_episode_reward:-1.2234724760055542, mean_queue:1.5555555820465088
intersection:14, mean_episode_reward:-1.898611068725586, mean_queue:2.0138888359069824
intersection:15, mean_episode_reward:-8.010369300842285, mean_queue:6.294444561004639
intersection:16, mean_episode_reward:-19.663333892822266, mean_queue:12.891666412353516
intersection:17, mean_episode_reward:-16.21500015258789, mean_queue:4.902777671813965
intersection:18, mean_episode_reward:-5.820093631744385, mean_queue:4.738888740539551
intersection:19, mean_episode_reward:-3.6429638862609863, mean_queue:2.347222328186035
intersection:20, mean_episode_reward:-28.742773056030273, mean_queue:10.79444408416748
Test step:1/2000, travel time :1025.1582278481012, rewards:-574.0473524305555, queue:13.273015873015874, delay:0.4572526558366402, throughput:474
step:3600/3600, q_loss:193.45281982421875, rewards:-324.451171875, queue:7.673809523809524, delay:0.3153277038897156, throughput:2848
episode:2/2000, real avg travel time:503.43574438202245
intersection:0, mean_episode_reward:-2.07277774810791, mean_queue:1.1611111164093018
intersection:1, mean_episode_reward:-35.22278594970703, mean_queue:17.761110305786133
intersection:2, mean_episode_reward:-9.152217864990234, mean_queue:2.297222137451172
intersection:3, mean_episode_reward:-57.7277717590332, mean_queue:14.744444847106934
intersection:4, mean_episode_reward:-54.696659088134766, mean_queue:36.61944580078125
intersection:5, mean_episode_reward:-2.330185651779175, mean_queue:1.3388888835906982
intersection:6, mean_episode_reward:-16.140928268432617, mean_queue:8.566666603088379
intersection:7, mean_episode_reward:-14.231483459472656, mean_queue:7.449999809265137
intersection:8, mean_episode_reward:-3.3948147296905518, mean_queue:1.961111068725586
intersection:9, mean_episode_reward:-18.824167251586914, mean_queue:12.675000190734863
intersection:10, mean_episode_reward:-6.107916355133057, mean_queue:3.3694443702697754
intersection:11, mean_episode_reward:-3.927591562271118, mean_queue:2.508333444595337
intersection:12, mean_episode_reward:-5.546297073364258, mean_queue:2.491666555404663
intersection:13, mean_episode_reward:-1.514652967453003, mean_queue:1.9361110925674438
intersection:14, mean_episode_reward:-2.528333902359009, mean_queue:2.6305556297302246
intersection:15, mean_episode_reward:-4.528887748718262, mean_queue:3.577777862548828
intersection:16, mean_episode_reward:-20.0551815032959, mean_queue:11.76111125946045
intersection:17, mean_episode_reward:-23.119441986083984, mean_queue:7.883333206176758
intersection:18, mean_episode_reward:-6.660552501678467, mean_queue:5.336111068725586
intersection:19, mean_episode_reward:-4.424631595611572, mean_queue:2.780555486679077
intersection:20, mean_episode_reward:-32.24388122558594, mean_queue:12.300000190734863
Test step:2/2000, travel time :805.5772495755518, rewards:-534.1082465277777, queue:12.523544973544974, delay:0.3960246091166501, throughput:589
new best ATT=805.58 at episode 2 (metric=test)
step:3600/3600, q_loss:156.96751403808594, rewards:-510.01002604166666, queue:11.56521164021164, delay:0.35525102564897487, throughput:1594
episode:3/2000, real avg travel time:760.7967377666248
intersection:0, mean_episode_reward:-7.947589874267578, mean_queue:4.311110973358154
intersection:1, mean_episode_reward:-70.44999694824219, mean_queue:35.280555725097656
intersection:2, mean_episode_reward:-6.573333263397217, mean_queue:1.6527777910232544
intersection:3, mean_episode_reward:-89.30500793457031, mean_queue:22.383333206176758
intersection:4, mean_episode_reward:-41.32667922973633, mean_queue:27.65277862548828
intersection:5, mean_episode_reward:-3.6224098205566406, mean_queue:2.6027777194976807
intersection:6, mean_episode_reward:-18.442607879638672, mean_queue:10.166666984558105
intersection:7, mean_episode_reward:-44.784427642822266, mean_queue:22.761110305786133
intersection:8, mean_episode_reward:-23.136486053466797, mean_queue:16.424999237060547
intersection:9, mean_episode_reward:-18.55721664428711, mean_queue:11.48888874053955
intersection:10, mean_episode_reward:-21.819581985473633, mean_queue:9.094444274902344
intersection:11, mean_episode_reward:-4.195925712585449, mean_queue:2.11388897895813
intersection:12, mean_episode_reward:-29.744443893432617, mean_queue:8.791666984558105
intersection:13, mean_episode_reward:-1.3374310731887817, mean_queue:1.4333332777023315
intersection:14, mean_episode_reward:-0.4236111044883728, mean_queue:0.4277777671813965
intersection:15, mean_episode_reward:-1.8133331537246704, mean_queue:1.3972222805023193
intersection:16, mean_episode_reward:-9.470185279846191, mean_queue:4.866666793823242
intersection:17, mean_episode_reward:-27.292224884033203, mean_queue:9.475000381469727
intersection:18, mean_episode_reward:-19.67992401123047, mean_queue:15.241666793823242
intersection:19, mean_episode_reward:-15.342583656311035, mean_queue:10.850000381469727
intersection:20, mean_episode_reward:-54.74501419067383, mean_queue:24.452777862548828
Test step:3/2000, travel time :507.93042813455656, rewards:-465.29852430555553, queue:10.567063492063491, delay:0.35005454411582343, throughput:1308
new best ATT=507.93 at episode 3 (metric=test)
step:3600/3600, q_loss:171.7952423095703, rewards:-391.9070746527778, queue:9.692460317460318, delay:0.33102226459160056, throughput:1729
episode:4/2000, real avg travel time:623.0248698669751
intersection:0, mean_episode_reward:-2.3681490421295166, mean_queue:1.2138888835906982
intersection:1, mean_episode_reward:-29.552783966064453, mean_queue:14.813888549804688
intersection:2, mean_episode_reward:-5.6288886070251465, mean_queue:1.4166666269302368
intersection:3, mean_episode_reward:-70.89553833007812, mean_queue:18.119443893432617
intersection:4, mean_episode_reward:-81.97917175292969, mean_queue:54.780555725097656
intersection:5, mean_episode_reward:-0.9264816045761108, mean_queue:0.730555534362793
intersection:6, mean_episode_reward:-13.760375022888184, mean_queue:8.377778053283691
intersection:7, mean_episode_reward:-29.362401962280273, mean_queue:15.411110877990723
intersection:8, mean_episode_reward:-23.6400089263916, mean_queue:16.90833282470703
intersection:9, mean_episode_reward:-14.053751945495605, mean_queue:7.986111164093018
intersection:10, mean_episode_reward:-2.333750009536743, mean_queue:1.619444489479065
intersection:11, mean_episode_reward:-0.3324074149131775, mean_queue:0.3583333194255829
intersection:12, mean_episode_reward:-1.0700002908706665, mean_queue:0.40833333134651184
intersection:13, mean_episode_reward:-0.8370834589004517, mean_queue:0.9611111283302307
intersection:14, mean_episode_reward:-1.4336110353469849, mean_queue:1.4694443941116333
intersection:15, mean_episode_reward:-1.4851852655410767, mean_queue:1.1277778148651123
intersection:16, mean_episode_reward:-6.202406883239746, mean_queue:3.722222328186035
intersection:17, mean_episode_reward:-44.67611312866211, mean_queue:19.497222900390625
intersection:18, mean_episode_reward:-22.676382064819336, mean_queue:17.436111450195312
intersection:19, mean_episode_reward:-12.883692741394043, mean_queue:9.733333587646484
intersection:20, mean_episode_reward:-25.808889389038086, mean_queue:7.449999809265137
Test step:4/2000, travel time :446.72882388787326, rewards:-361.0931423611111, queue:8.829894179894179, delay:0.2866571335565476, throughput:1641
new best ATT=446.73 at episode 4 (metric=test)
step:3600/3600, q_loss:244.69577026367188, rewards:-339.30525173611113, queue:8.718518518518518, delay:0.27671750992063493, throughput:2054
episode:5/2000, real avg travel time:478.6110029211295
intersection:0, mean_episode_reward:-0.45185181498527527, mean_queue:0.24444444477558136
intersection:1, mean_episode_reward:-32.635005950927734, mean_queue:16.358333587646484
intersection:2, mean_episode_reward:-0.04999999329447746, mean_queue:0.01944444514811039
intersection:3, mean_episode_reward:-45.12554931640625, mean_queue:12.172222137451172
intersection:4, mean_episode_reward:-93.67333221435547, mean_queue:62.602779388427734
intersection:5, mean_episode_reward:-0.3983331322669983, mean_queue:0.36944442987442017
intersection:6, mean_episode_reward:-4.942222595214844, mean_queue:2.9194445610046387
intersection:7, mean_episode_reward:-29.73867416381836, mean_queue:15.658333778381348
intersection:8, mean_episode_reward:-19.953346252441406, mean_queue:14.247221946716309
intersection:9, mean_episode_reward:-9.050553321838379, mean_queue:5.169444561004639
intersection:10, mean_episode_reward:-0.6133333444595337, mean_queue:0.42222222685813904
intersection:11, mean_episode_reward:-0.0672222226858139, mean_queue:0.0694444477558136
intersection:12, mean_episode_reward:-0.1966666728258133, mean_queue:0.125
intersection:13, mean_episode_reward:-0.574236273765564, mean_queue:0.7194444537162781
intersection:14, mean_episode_reward:-2.279444456100464, mean_queue:2.336111068725586
intersection:15, mean_episode_reward:-0.18407408893108368, mean_queue:0.18611110746860504
intersection:16, mean_episode_reward:-6.154258728027344, mean_queue:3.730555534362793
intersection:17, mean_episode_reward:-40.71000671386719, mean_queue:17.461111068725586
intersection:18, mean_episode_reward:-19.02583885192871, mean_queue:14.469444274902344
intersection:19, mean_episode_reward:-10.050737380981445, mean_queue:7.394444465637207
intersection:20, mean_episode_reward:-23.43055534362793, mean_queue:6.413888931274414
Test step:5/2000, travel time :411.04816513761466, rewards:-348.4135633680556, queue:8.490079365079366, delay:0.2624681099382027, throughput:1744
new best ATT=411.05 at episode 5 (metric=test)
step:3600/3600, q_loss:268.1158447265625, rewards:-311.5830078125, queue:7.723544973544974, delay:0.24418998597160219, throughput:2103
episode:6/2000, real avg travel time:399.6300523062292
intersection:0, mean_episode_reward:-0.030740737915039062, mean_queue:0.03611111268401146
intersection:1, mean_episode_reward:-33.84722137451172, mean_queue:16.969444274902344
intersection:2, mean_episode_reward:-0.031111108139157295, mean_queue:0.013888888992369175
intersection:3, mean_episode_reward:-44.363887786865234, mean_queue:12.208333015441895
intersection:4, mean_episode_reward:-91.33914947509766, mean_queue:61.016666412353516
intersection:5, mean_episode_reward:-0.12518522143363953, mean_queue:0.14444445073604584
intersection:6, mean_episode_reward:-4.810742378234863, mean_queue:2.816666603088379
intersection:7, mean_episode_reward:-41.49829864501953, mean_queue:21.59166717529297
intersection:8, mean_episode_reward:-9.15185260772705, mean_queue:6.5722222328186035
intersection:9, mean_episode_reward:-1.7726376056671143, mean_queue:1.1972222328186035
intersection:10, mean_episode_reward:-0.39125001430511475, mean_queue:0.3222222328186035
intersection:11, mean_episode_reward:-0.04999999329447746, mean_queue:0.05833333358168602
intersection:12, mean_episode_reward:-0.1227777898311615, mean_queue:0.0694444477558136
intersection:13, mean_episode_reward:-0.5647221207618713, mean_queue:0.7111111283302307
intersection:14, mean_episode_reward:-1.6836111545562744, mean_queue:1.7361111640930176
intersection:15, mean_episode_reward:-0.08925925195217133, mean_queue:0.10555555671453476
intersection:16, mean_episode_reward:-5.447223663330078, mean_queue:3.155555486679077
intersection:17, mean_episode_reward:-37.48833465576172, mean_queue:15.324999809265137
intersection:18, mean_episode_reward:-13.980371475219727, mean_queue:10.661110877990723
intersection:19, mean_episode_reward:-1.4057421684265137, mean_queue:1.005555510520935
intersection:20, mean_episode_reward:-23.38888931274414, mean_queue:6.47777795791626
Test step:6/2000, travel time :421.1831412977562, rewards:-348.0073350694444, queue:8.517592592592592, delay:0.2620964252128803, throughput:1649
step:3600/3600, q_loss:276.7419738769531, rewards:-290.083203125, queue:7.228174603174603, delay:0.23247856664909888, throughput:2270
episode:7/2000, real avg travel time:453.2251101321586
intersection:0, mean_episode_reward:-0.15925930440425873, mean_queue:0.15000000596046448
intersection:1, mean_episode_reward:-33.25, mean_queue:16.683332443237305
intersection:2, mean_episode_reward:-0.025555552914738655, mean_queue:0.01944444514811039
intersection:3, mean_episode_reward:-33.706661224365234, mean_queue:9.461111068725586
intersection:4, mean_episode_reward:-93.82666015625, mean_queue:62.67499923706055
intersection:5, mean_episode_reward:-0.15092599391937256, mean_queue:0.1944444477558136
intersection:6, mean_episode_reward:-3.2133328914642334, mean_queue:1.8638888597488403
intersection:7, mean_episode_reward:-42.53814697265625, mean_queue:22.122222900390625
intersection:8, mean_episode_reward:-1.9616674184799194, mean_queue:1.105555534362793
intersection:9, mean_episode_reward:-1.3768057823181152, mean_queue:1.0444444417953491
intersection:10, mean_episode_reward:-0.4800000488758087, mean_queue:0.3499999940395355
intersection:11, mean_episode_reward:-0.02111111208796501, mean_queue:0.02500000037252903
intersection:12, mean_episode_reward:-0.2007407546043396, mean_queue:0.1111111119389534
intersection:13, mean_episode_reward:-0.5668749213218689, mean_queue:0.7138888835906982
intersection:14, mean_episode_reward:-1.9519445896148682, mean_queue:1.9722222089767456
intersection:15, mean_episode_reward:-0.17444440722465515, mean_queue:0.15833333134651184
intersection:16, mean_episode_reward:-4.574628829956055, mean_queue:2.4944443702697754
intersection:17, mean_episode_reward:-35.308326721191406, mean_queue:14.252778053283691
intersection:18, mean_episode_reward:-10.472594261169434, mean_queue:8.16944408416748
intersection:19, mean_episode_reward:-3.415186643600464, mean_queue:2.0833332538604736
intersection:20, mean_episode_reward:-22.708343505859375, mean_queue:6.141666889190674
Test step:7/2000, travel time :411.18682566723453, rewards:-281.946484375, queue:6.271560846560846, delay:0.2490811786954365, throughput:1761
step:3600/3600, q_loss:284.599609375, rewards:-236.23611111111111, queue:6.205687830687831, delay:0.2144414669622189, throughput:2470
episode:8/2000, real avg travel time:443.7825910931174
intersection:0, mean_episode_reward:-0.1107407882809639, mean_queue:0.12777778506278992
intersection:1, mean_episode_reward:-32.76444625854492, mean_queue:16.450000762939453
intersection:2, mean_episode_reward:-0.036666665226221085, mean_queue:0.013888888992369175
intersection:3, mean_episode_reward:-8.02055549621582, mean_queue:2.8916666507720947
intersection:4, mean_episode_reward:-81.89456176757812, mean_queue:54.73055648803711
intersection:5, mean_episode_reward:-0.1627778708934784, mean_queue:0.18611110746860504
intersection:6, mean_episode_reward:-0.8951842188835144, mean_queue:0.7055555582046509
intersection:7, mean_episode_reward:-31.393342971801758, mean_queue:16.494443893432617
intersection:8, mean_episode_reward:-4.775184154510498, mean_queue:3.23888897895813
intersection:9, mean_episode_reward:-1.0097224712371826, mean_queue:0.8055555820465088
intersection:10, mean_episode_reward:-0.4404166638851166, mean_queue:0.3361110985279083
intersection:11, mean_episode_reward:-0.0470370277762413, mean_queue:0.05000000074505806
intersection:12, mean_episode_reward:-0.18129636347293854, mean_queue:0.10000000149011612
intersection:13, mean_episode_reward:-0.5236110091209412, mean_queue:0.7027778029441833
intersection:14, mean_episode_reward:-1.848888874053955, mean_queue:1.8833333253860474
intersection:15, mean_episode_reward:-0.15962961316108704, mean_queue:0.14166666567325592
intersection:16, mean_episode_reward:-5.193334102630615, mean_queue:2.905555486679077
intersection:17, mean_episode_reward:-33.57223129272461, mean_queue:13.130555152893066
intersection:18, mean_episode_reward:-10.535924911499023, mean_queue:8.300000190734863
intersection:19, mean_episode_reward:-2.0133330821990967, mean_queue:1.5777777433395386
intersection:20, mean_episode_reward:-20.657228469848633, mean_queue:5.547222137451172
Test step:8/2000, travel time :382.993490235353, rewards:-338.2163411458333, queue:8.598544973544973, delay:0.2540438858920304, throughput:1997
new best ATT=382.99 at episode 8 (metric=test)
step:3600/3600, q_loss:279.86151123046875, rewards:-243.458203125, queue:6.479365079365079, delay:0.21130012633308531, throughput:2514
episode:9/2000, real avg travel time:417.7024661893397
intersection:0, mean_episode_reward:-0.02333333157002926, mean_queue:0.02500000037252903
intersection:1, mean_episode_reward:-31.60167121887207, mean_queue:15.891666412353516
intersection:2, mean_episode_reward:-0.02333333157002926, mean_queue:0.011111111380159855
intersection:3, mean_episode_reward:-8.318333625793457, mean_queue:2.98888897895813
intersection:4, mean_episode_reward:-82.18793487548828, mean_queue:54.94444274902344
intersection:5, mean_episode_reward:-0.1372222900390625, mean_queue:0.17222222685813904
intersection:6, mean_episode_reward:-0.8488889336585999, mean_queue:0.6583333611488342
intersection:7, mean_episode_reward:-34.45037078857422, mean_queue:17.78611183166504
intersection:8, mean_episode_reward:-14.493147850036621, mean_queue:10.541666984558105
intersection:9, mean_episode_reward:-1.216666579246521, mean_queue:0.8833333253860474
intersection:10, mean_episode_reward:-0.5020833611488342, mean_queue:0.3611111044883728
intersection:11, mean_episode_reward:-0.03981480747461319, mean_queue:0.05000000074505806
intersection:12, mean_episode_reward:-0.20111118257045746, mean_queue:0.0972222238779068
intersection:13, mean_episode_reward:-0.5571527481079102, mean_queue:0.7527777552604675
intersection:14, mean_episode_reward:-1.6922221183776855, mean_queue:1.7333333492279053
intersection:15, mean_episode_reward:-0.1407407522201538, mean_queue:0.13055555522441864
intersection:16, mean_episode_reward:-4.875370502471924, mean_queue:2.7638888359069824
intersection:17, mean_episode_reward:-26.082212448120117, mean_queue:9.76111125946045
intersection:18, mean_episode_reward:-11.54083251953125, mean_queue:8.927778244018555
intersection:19, mean_episode_reward:-2.224627733230591, mean_queue:1.5694444179534912
intersection:20, mean_episode_reward:-22.301116943359375, mean_queue:6.016666889190674
Test step:9/2000, travel time :364.47014925373134, rewards:-236.32944878472222, queue:6.25489417989418, delay:0.21020191333912036, throughput:2278
new best ATT=364.47 at episode 9 (metric=test)
step:3600/3600, q_loss:268.12744140625, rewards:-243.2590277777778, queue:6.478174603174603, delay:0.2044431656125992, throughput:2568
episode:10/2000, real avg travel time:407.9376947040498
intersection:0, mean_episode_reward:-0.0331481471657753, mean_queue:0.03333333507180214
intersection:1, mean_episode_reward:-31.14556121826172, mean_queue:15.66944408416748
intersection:2, mean_episode_reward:-0.14333337545394897, mean_queue:0.07777778059244156
intersection:3, mean_episode_reward:-6.951667785644531, mean_queue:2.5722222328186035
intersection:4, mean_episode_reward:-82.43999481201172, mean_queue:55.13333511352539
intersection:5, mean_episode_reward:-0.17240749299526215, mean_queue:0.19166666269302368
intersection:6, mean_episode_reward:-2.22462797164917, mean_queue:1.3111110925674438
intersection:7, mean_episode_reward:-35.00166702270508, mean_queue:18.080554962158203
intersection:8, mean_episode_reward:-13.58203411102295, mean_queue:9.938888549804688
intersection:9, mean_episode_reward:-0.8580554723739624, mean_queue:0.6361111402511597
intersection:10, mean_episode_reward:-0.5183333158493042, mean_queue:0.3722222149372101
intersection:11, mean_episode_reward:-0.04981481656432152, mean_queue:0.05000000074505806
intersection:12, mean_episode_reward:-0.18388889729976654, mean_queue:0.08055555820465088
intersection:13, mean_episode_reward:-0.4045831859111786, mean_queue:0.5555555820465088
intersection:14, mean_episode_reward:-1.6158335208892822, mean_queue:1.6666666269302368
intersection:15, mean_episode_reward:-0.10851850360631943, mean_queue:0.1111111119389534
intersection:16, mean_episode_reward:-4.787038326263428, mean_queue:2.6500000953674316
intersection:17, mean_episode_reward:-26.670557022094727, mean_queue:9.777777671813965
intersection:18, mean_episode_reward:-12.42221450805664, mean_queue:9.574999809265137
intersection:19, mean_episode_reward:-2.509073257446289, mean_queue:1.7944444417953491
intersection:20, mean_episode_reward:-21.436670303344727, mean_queue:5.763888835906982
Test step:10/2000, travel time :417.03497212366955, rewards:-339.0151258680556, queue:7.963624338624339, delay:0.2435938759455605, throughput:1973
step:3600/3600, q_loss:260.4913024902344, rewards:-246.31178385416666, queue:6.662566137566137, delay:0.20940545299065808, throughput:2462
episode:11/2000, real avg travel time:415.9402924451665
intersection:0, mean_episode_reward:-0.01962962932884693, mean_queue:0.02222222276031971
intersection:1, mean_episode_reward:-30.49778175354004, mean_queue:15.372221946716309
intersection:2, mean_episode_reward:-0.23166672885417938, mean_queue:0.125
intersection:3, mean_episode_reward:-6.639999866485596, mean_queue:2.616666555404663
intersection:4, mean_episode_reward:-82.80501556396484, mean_queue:55.352779388427734
intersection:5, mean_episode_reward:-0.11962965875864029, mean_queue:0.13611111044883728
intersection:6, mean_episode_reward:-0.9225929379463196, mean_queue:0.7277777791023254
intersection:7, mean_episode_reward:-31.825368881225586, mean_queue:16.3527774810791
intersection:8, mean_episode_reward:-22.457416534423828, mean_queue:16.405555725097656
intersection:9, mean_episode_reward:-0.7641667723655701, mean_queue:0.6111111044883728
intersection:10, mean_episode_reward:-0.5412499308586121, mean_queue:0.4055555462837219
intersection:11, mean_episode_reward:-0.05148148536682129, mean_queue:0.05277777835726738
intersection:12, mean_episode_reward:-0.1994444578886032, mean_queue:0.10000000149011612
intersection:13, mean_episode_reward:-0.5693053603172302, mean_queue:0.7222222089767456
intersection:14, mean_episode_reward:-1.5166666507720947, mean_queue:1.5416666269302368
intersection:15, mean_episode_reward:-0.30629631876945496, mean_queue:0.27222222089767456
intersection:16, mean_episode_reward:-5.608518600463867, mean_queue:3.230555534362793
intersection:17, mean_episode_reward:-26.157777786254883, mean_queue:9.591666221618652
intersection:18, mean_episode_reward:-11.779627799987793, mean_queue:9.122221946716309
intersection:19, mean_episode_reward:-1.507591724395752, mean_queue:1.1916667222976685
intersection:20, mean_episode_reward:-21.790563583374023, mean_queue:5.961111068725586
Test step:11/2000, travel time :331.3062015503876, rewards:-291.08014322916665, queue:7.8121693121693125, delay:0.22019017133763227, throughput:2322
new best ATT=331.31 at episode 11 (metric=test)
step:3600/3600, q_loss:243.32904052734375, rewards:-246.62647569444445, queue:6.740079365079365, delay:0.20640289468109294, throughput:2520
episode:12/2000, real avg travel time:423.14642857142854
intersection:0, mean_episode_reward:-0.36444443464279175, mean_queue:0.2083333283662796
intersection:1, mean_episode_reward:-31.26333236694336, mean_queue:15.76388931274414
intersection:2, mean_episode_reward:-0.08611110597848892, mean_queue:0.06111111119389534
intersection:3, mean_episode_reward:-6.942776679992676, mean_queue:2.644444465637207
intersection:4, mean_episode_reward:-83.09291076660156, mean_queue:55.54722213745117
intersection:5, mean_episode_reward:-0.08277776837348938, mean_queue:0.12222222238779068
intersection:6, mean_episode_reward:-1.0899989604949951, mean_queue:0.8666666746139526
intersection:7, mean_episode_reward:-26.92185401916504, mean_queue:13.941666603088379
intersection:8, mean_episode_reward:-21.841297149658203, mean_queue:15.994444847106934
intersection:9, mean_episode_reward:-0.8273610472679138, mean_queue:0.6861110925674438
intersection:10, mean_episode_reward:-0.550000011920929, mean_queue:0.4138889014720917
intersection:11, mean_episode_reward:-0.03833333030343056, mean_queue:0.04444444552063942
intersection:12, mean_episode_reward:-0.22555556893348694, mean_queue:0.11388888955116272
intersection:13, mean_episode_reward:-0.3184027075767517, mean_queue:0.4861111044883728
intersection:14, mean_episode_reward:-1.806944489479065, mean_queue:1.8444443941116333
intersection:15, mean_episode_reward:-0.3811110258102417, mean_queue:0.3194444477558136
intersection:16, mean_episode_reward:-6.358334064483643, mean_queue:3.88611102104187
intersection:17, mean_episode_reward:-25.11722183227539, mean_queue:9.050000190734863
intersection:18, mean_episode_reward:-15.215103149414062, mean_queue:11.600000381469727
intersection:19, mean_episode_reward:-2.818150281906128, mean_queue:2.183333396911621
intersection:20, mean_episode_reward:-21.284452438354492, mean_queue:5.763888835906982
Test step:12/2000, travel time :435.73062330623304, rewards:-335.7045572916667, queue:8.350529100529101, delay:0.23571289708374668, throughput:1845
step:3600/3600, q_loss:237.1514129638672, rewards:-233.75286458333332, queue:6.387698412698413, delay:0.20355029232287533, throughput:2567
episode:13/2000, real avg travel time:464.6092715231788
intersection:0, mean_episode_reward:-0.10907407104969025, mean_queue:0.07500000298023224
intersection:1, mean_episode_reward:-29.002227783203125, mean_queue:14.625
intersection:2, mean_episode_reward:-0.10444442927837372, mean_queue:0.06388889253139496
intersection:3, mean_episode_reward:-6.4116692543029785, mean_queue:2.5222222805023193
intersection:4, mean_episode_reward:-75.19416046142578, mean_queue:50.2944450378418
intersection:5, mean_episode_reward:-0.13370376825332642, mean_queue:0.15000000596046448
intersection:6, mean_episode_reward:-0.4631480276584625, mean_queue:0.375
intersection:7, mean_episode_reward:-26.13443946838379, mean_queue:13.649999618530273
intersection:8, mean_episode_reward:-20.405929565429688, mean_queue:14.997221946716309
intersection:9, mean_episode_reward:-0.9093055725097656, mean_queue:0.7361111044883728
intersection:10, mean_episode_reward:-0.4570833742618561, mean_queue:0.33888888359069824
intersection:11, mean_episode_reward:-0.05833333358168602, mean_queue:0.0555555559694767
intersection:12, mean_episode_reward:-0.14444448053836823, mean_queue:0.0833333358168602
intersection:13, mean_episode_reward:-0.4341663718223572, mean_queue:0.574999988079071
intersection:14, mean_episode_reward:-1.7163891792297363, mean_queue:1.7527778148651123
intersection:15, mean_episode_reward:-0.22925928235054016, mean_queue:0.20555555820465088
intersection:16, mean_episode_reward:-5.221296787261963, mean_queue:3.0444445610046387
intersection:17, mean_episode_reward:-25.793886184692383, mean_queue:9.600000381469727
intersection:18, mean_episode_reward:-15.30082893371582, mean_queue:11.647222518920898
intersection:19, mean_episode_reward:-5.16351842880249, mean_queue:3.930555582046509
intersection:20, mean_episode_reward:-20.365558624267578, mean_queue:5.419444561004639
Test step:13/2000, travel time :441.5547984099943, rewards:-289.1155815972222, queue:6.477116402116402, delay:0.22366809340381116, throughput:1761
step:3600/3600, q_loss:222.52638244628906, rewards:-204.45872395833334, queue:5.23505291005291, delay:0.18969074229083996, throughput:2847
episode:14/2000, real avg travel time:405.7853881278539
intersection:0, mean_episode_reward:-0.40833333134651184, mean_queue:0.2222222238779068
intersection:1, mean_episode_reward:-34.30723571777344, mean_queue:17.274999618530273
intersection:2, mean_episode_reward:-0.07611110061407089, mean_queue:0.0555555559694767
intersection:3, mean_episode_reward:-4.838890552520752, mean_queue:2.0222222805023193
intersection:4, mean_episode_reward:-63.911251068115234, mean_queue:42.786109924316406
intersection:5, mean_episode_reward:-0.21777784824371338, mean_queue:0.2611111104488373
intersection:6, mean_episode_reward:-0.9438892006874084, mean_queue:0.7138888835906982
intersection:7, mean_episode_reward:-32.12462615966797, mean_queue:16.280555725097656
intersection:8, mean_episode_reward:-1.3720369338989258, mean_queue:0.8388888835906982
intersection:9, mean_episode_reward:-0.8631949424743652, mean_queue:0.7444444298744202
intersection:10, mean_episode_reward:-0.10749999433755875, mean_queue:0.09166666865348816
intersection:11, mean_episode_reward:-0.06611111015081406, mean_queue:0.06388889253139496
intersection:12, mean_episode_reward:-0.16296297311782837, mean_queue:0.09166666865348816
intersection:13, mean_episode_reward:-0.32993054389953613, mean_queue:0.48055556416511536
intersection:14, mean_episode_reward:-3.437777280807495, mean_queue:3.491666555404663
intersection:15, mean_episode_reward:-0.24333332479000092, mean_queue:0.2222222238779068
intersection:16, mean_episode_reward:-4.388519287109375, mean_queue:2.5138888359069824
intersection:17, mean_episode_reward:-27.476673126220703, mean_queue:9.774999618530273
intersection:18, mean_episode_reward:-6.756667137145996, mean_queue:5.269444465637207
intersection:19, mean_episode_reward:-1.5181491374969482, mean_queue:1.0666667222976685
intersection:20, mean_episode_reward:-20.907779693603516, mean_queue:5.669444561004639
Test step:14/2000, travel time :395.90713765477057, rewards:-194.8963107638889, queue:4.825, delay:0.18301186536354994, throughput:2746
step:3600/3600, q_loss:217.64157104492188, rewards:-209.23645833333333, queue:5.433994708994709, delay:0.1852710380756035, throughput:2982
episode:15/2000, real avg travel time:368.3031522468142
intersection:0, mean_episode_reward:-0.035370368510484695, mean_queue:0.03611111268401146
intersection:1, mean_episode_reward:-33.694454193115234, mean_queue:16.98055648803711
intersection:2, mean_episode_reward:-0.06055554375052452, mean_queue:0.04444444552063942
intersection:3, mean_episode_reward:-4.299445152282715, mean_queue:1.8388888835906982
intersection:4, mean_episode_reward:-71.48918914794922, mean_queue:47.852779388427734
intersection:5, mean_episode_reward:-0.2875926196575165, mean_queue:0.3222222328186035
intersection:6, mean_episode_reward:-0.548703670501709, mean_queue:0.43888887763023376
intersection:7, mean_episode_reward:-33.7596321105957, mean_queue:17.15833282470703
intersection:8, mean_episode_reward:-1.4124072790145874, mean_queue:0.8833333253860474
intersection:9, mean_episode_reward:-0.6348612308502197, mean_queue:0.5583333373069763
intersection:10, mean_episode_reward:-0.1158333346247673, mean_queue:0.10833333432674408
intersection:11, mean_episode_reward:-0.08555556833744049, mean_queue:0.08611111342906952
intersection:12, mean_episode_reward:-0.2968519926071167, mean_queue:0.15833333134651184
intersection:13, mean_episode_reward:-0.5181249380111694, mean_queue:0.6638888716697693
intersection:14, mean_episode_reward:-2.6902780532836914, mean_queue:2.741666555404663
intersection:15, mean_episode_reward:-0.5037035346031189, mean_queue:0.43888887763023376
intersection:16, mean_episode_reward:-3.460742473602295, mean_queue:2.200000047683716
intersection:17, mean_episode_reward:-25.543899536132812, mean_queue:9.147222518920898
intersection:18, mean_episode_reward:-6.966480731964111, mean_queue:5.4472222328186035
intersection:19, mean_episode_reward:-2.226109266281128, mean_queue:1.5111111402511597
intersection:20, mean_episode_reward:-20.606674194335938, mean_queue:5.497222423553467
Test step:15/2000, travel time :338.1222222222222, rewards:-228.2199652777778, queue:5.271957671957672, delay:0.19379866665633266, throughput:2430
step:3600/3600, q_loss:214.85604858398438, rewards:-209.17419704861112, queue:5.439814814814815, delay:0.18850502942604994, throughput:2966
episode:16/2000, real avg travel time:384.29130141604855
intersection:0, mean_episode_reward:-0.47499996423721313, mean_queue:0.25555557012557983
intersection:1, mean_episode_reward:-33.525020599365234, mean_queue:16.886110305786133
intersection:2, mean_episode_reward:-0.055555541068315506, mean_queue:0.03888889029622078
intersection:3, mean_episode_reward:-6.188332557678223, mean_queue:2.3388888835906982
intersection:4, mean_episode_reward:-74.97457885742188, mean_queue:50.150001525878906
intersection:5, mean_episode_reward:-0.19074082374572754, mean_queue:0.27222222089767456
intersection:6, mean_episode_reward:-0.511296272277832, mean_queue:0.44999998807907104
intersection:7, mean_episode_reward:-27.767608642578125, mean_queue:14.23611068725586
intersection:8, mean_episode_reward:-1.0914815664291382, mean_queue:0.7555555701255798
intersection:9, mean_episode_reward:-0.6841667890548706, mean_queue:0.5888888835906982
intersection:10, mean_episode_reward:-0.14000000059604645, mean_queue:0.12777778506278992
intersection:11, mean_episode_reward:-0.046481482684612274, mean_queue:0.04444444552063942
intersection:12, mean_episode_reward:-0.11722222715616226, mean_queue:0.07777778059244156
intersection:13, mean_episode_reward:-0.3406943082809448, mean_queue:0.5166666507720947
intersection:14, mean_episode_reward:-2.1783335208892822, mean_queue:2.2277777194976807
intersection:15, mean_episode_reward:-0.5851851105690002, mean_queue:0.5277777910232544
intersection:16, mean_episode_reward:-2.207963466644287, mean_queue:1.394444465637207
intersection:17, mean_episode_reward:-27.79444122314453, mean_queue:9.925000190734863
intersection:18, mean_episode_reward:-8.483057022094727, mean_queue:6.613888740539551
intersection:19, mean_episode_reward:-2.0470361709594727, mean_queue:1.5361111164093018
intersection:20, mean_episode_reward:-19.76999855041504, mean_queue:5.27222204208374
Test step:16/2000, travel time :415.7355573637103, rewards:-282.74014756944445, queue:7.095634920634921, delay:0.20742135830026456, throughput:2458
step:3600/3600, q_loss:217.19322204589844, rewards:-235.14995659722223, queue:6.324603174603174, delay:0.20179327101934524, throughput:2681
episode:17/2000, real avg travel time:377.212980231257
intersection:0, mean_episode_reward:-0.48759251832962036, mean_queue:0.2777777910232544
intersection:1, mean_episode_reward:-29.612226486206055, mean_queue:14.908333778381348
intersection:2, mean_episode_reward:-0.07222221791744232, mean_queue:0.0416666679084301
intersection:3, mean_episode_reward:-5.350554943084717, mean_queue:2.183333396911621
intersection:4, mean_episode_reward:-79.58541107177734, mean_queue:53.21666717529297
intersection:5, mean_episode_reward:-0.15759265422821045, mean_queue:0.17777778208255768
intersection:6, mean_episode_reward:-1.2290762662887573, mean_queue:0.9388889074325562
intersection:7, mean_episode_reward:-34.53462600708008, mean_queue:17.46388816833496
intersection:8, mean_episode_reward:-13.89814567565918, mean_queue:10.158333778381348
intersection:9, mean_episode_reward:-0.6762502193450928, mean_queue:0.605555534362793
intersection:10, mean_episode_reward:-0.10666663944721222, mean_queue:0.10277777910232544
intersection:11, mean_episode_reward:-0.05148148164153099, mean_queue:0.05277777835726738
intersection:12, mean_episode_reward:-0.16611114144325256, mean_queue:0.10833333432674408
intersection:13, mean_episode_reward:-0.30624982714653015, mean_queue:0.5083333253860474
intersection:14, mean_episode_reward:-2.7841668128967285, mean_queue:2.825000047683716
intersection:15, mean_episode_reward:-0.5870369672775269, mean_queue:0.5555555820465088
intersection:16, mean_episode_reward:-2.8705549240112305, mean_queue:1.7999999523162842
intersection:17, mean_episode_reward:-26.183887481689453, mean_queue:9.691666603088379
intersection:18, mean_episode_reward:-11.228797912597656, mean_queue:8.58055591583252
intersection:19, mean_episode_reward:-3.9946303367614746, mean_queue:3.0166666507720947
intersection:20, mean_episode_reward:-21.26666259765625, mean_queue:5.60277795791626
Test step:17/2000, travel time :407.0599692465402, rewards:-355.0940755208333, queue:8.525925925925925, delay:0.24027309518642526, throughput:1951
step:3600/3600, q_loss:206.84494018554688, rewards:-215.4228732638889, queue:5.6951058201058204, delay:0.19565697725487766, throughput:2894
episode:18/2000, real avg travel time:387.3880442294402
intersection:0, mean_episode_reward:-0.5416666269302368, mean_queue:0.2944444417953491
intersection:1, mean_episode_reward:-29.426130294799805, mean_queue:14.824999809265137
intersection:2, mean_episode_reward:-0.09111110866069794, mean_queue:0.03888889029622078
intersection:3, mean_episode_reward:-5.312222003936768, mean_queue:2.1888887882232666
intersection:4, mean_episode_reward:-76.06336212158203, mean_queue:50.88333511352539
intersection:5, mean_episode_reward:-0.23629631102085114, mean_queue:0.3055555522441864
intersection:6, mean_episode_reward:-1.3305553197860718, mean_queue:1.024999976158142
intersection:7, mean_episode_reward:-31.463699340820312, mean_queue:15.938888549804688
intersection:8, mean_episode_reward:-0.6716663241386414, mean_queue:0.5583333373069763
intersection:9, mean_episode_reward:-0.6087502837181091, mean_queue:0.5583333373069763
intersection:10, mean_episode_reward:-0.3100000321865082, mean_queue:0.23333333432674408
intersection:11, mean_episode_reward:-0.036296289414167404, mean_queue:0.03888889029622078
intersection:12, mean_episode_reward:-0.13388891518115997, mean_queue:0.10277777910232544
intersection:13, mean_episode_reward:-0.21749992668628693, mean_queue:0.38055557012557983
intersection:14, mean_episode_reward:-2.2563889026641846, mean_queue:2.3305554389953613
intersection:15, mean_episode_reward:-0.7899999618530273, mean_queue:0.7194444537162781
intersection:16, mean_episode_reward:-2.1807403564453125, mean_queue:1.3305555582046509
intersection:17, mean_episode_reward:-25.00222396850586, mean_queue:9.266666412353516
intersection:18, mean_episode_reward:-12.125927925109863, mean_queue:9.333333015441895
intersection:19, mean_episode_reward:-4.574998378753662, mean_queue:3.2472221851348877
intersection:20, mean_episode_reward:-22.049449920654297, mean_queue:5.997222423553467
Test step:18/2000, travel time :317.8602825745683, rewards:-253.77964409722222, queue:5.64920634920635, delay:0.2132016136532738, throughput:2548
new best ATT=317.86 at episode 18 (metric=test)
step:3600/3600, q_loss:180.9003143310547, rewards:-205.13020833333334, queue:5.402116402116402, delay:0.18898856349723048, throughput:3023
episode:19/2000, real avg travel time:377.7628183923255
intersection:0, mean_episode_reward:-0.6335184574127197, mean_queue:0.35555556416511536
intersection:1, mean_episode_reward:-28.12944793701172, mean_queue:14.172222137451172
intersection:2, mean_episode_reward:-0.059999994933605194, mean_queue:0.03333333507180214
intersection:3, mean_episode_reward:-5.588890075683594, mean_queue:2.219444513320923
intersection:4, mean_episode_reward:-76.96626281738281, mean_queue:51.525001525878906
intersection:5, mean_episode_reward:-0.26814815402030945, mean_queue:0.32499998807907104
intersection:6, mean_episode_reward:-0.9474077224731445, mean_queue:0.7388888597488403
intersection:7, mean_episode_reward:-30.482036590576172, mean_queue:15.472222328186035
intersection:8, mean_episode_reward:-0.6446293592453003, mean_queue:0.5472221970558167
intersection:9, mean_episode_reward:-0.584444522857666, mean_queue:0.5249999761581421
intersection:10, mean_episode_reward:-0.11249998956918716, mean_queue:0.09444444626569748
intersection:11, mean_episode_reward:-0.0887037143111229, mean_queue:0.09166666865348816
intersection:12, mean_episode_reward:-0.16055552661418915, mean_queue:0.10833333432674408
intersection:13, mean_episode_reward:-0.2279166281223297, mean_queue:0.36666667461395264
intersection:14, mean_episode_reward:-1.8322224617004395, mean_queue:1.894444465637207
intersection:15, mean_episode_reward:-0.5555557608604431, mean_queue:0.5138888955116272
intersection:16, mean_episode_reward:-1.788333773612976, mean_queue:1.1138888597488403
intersection:17, mean_episode_reward:-24.789447784423828, mean_queue:9.327777862548828
intersection:18, mean_episode_reward:-7.808517932891846, mean_queue:6.074999809265137
intersection:19, mean_episode_reward:-3.6766676902770996, mean_queue:2.652777671813965
intersection:20, mean_episode_reward:-19.78499984741211, mean_queue:5.291666507720947
Test step:19/2000, travel time :358.9450915141431, rewards:-265.0345269097222, queue:6.356481481481482, delay:0.21215729890046298, throughput:2404
step:3600/3600, q_loss:144.04660034179688, rewards:-168.50142144097222, queue:4.457539682539682, delay:0.18421656694361774, throughput:3086
episode:20/2000, real avg travel time:384.2320155541154
intersection:0, mean_episode_reward:-0.4775925874710083, mean_queue:0.25555557012557983
intersection:1, mean_episode_reward:-21.293333053588867, mean_queue:10.758333206176758
intersection:2, mean_episode_reward:-0.07111109793186188, mean_queue:0.0416666679084301
intersection:3, mean_episode_reward:-9.193890571594238, mean_queue:2.9166667461395264
intersection:4, mean_episode_reward:-58.67668151855469, mean_queue:39.33611297607422
intersection:5, mean_episode_reward:-0.31407392024993896, mean_queue:0.3333333432674408
intersection:6, mean_episode_reward:-0.3677777051925659, mean_queue:0.30000001192092896
intersection:7, mean_episode_reward:-12.433886528015137, mean_queue:6.713889122009277
intersection:8, mean_episode_reward:-0.6696289777755737, mean_queue:0.5555555820465088
intersection:9, mean_episode_reward:-0.5395833849906921, mean_queue:0.5027777552604675
intersection:10, mean_episode_reward:-0.11500000208616257, mean_queue:0.10555555671453476
intersection:11, mean_episode_reward:-0.05796296149492264, mean_queue:0.0694444477558136
intersection:12, mean_episode_reward:-0.15222224593162537, mean_queue:0.09166666865348816
intersection:13, mean_episode_reward:-0.2695832848548889, mean_queue:0.41111111640930176
intersection:14, mean_episode_reward:-0.09749999642372131, mean_queue:0.11388888955116272
intersection:15, mean_episode_reward:-0.8092591166496277, mean_queue:0.7027778029441833
intersection:16, mean_episode_reward:-1.8272231817245483, mean_queue:1.149999976158142
intersection:17, mean_episode_reward:-23.240556716918945, mean_queue:9.158333778381348
intersection:18, mean_episode_reward:-10.464902877807617, mean_queue:8.05555534362793
intersection:19, mean_episode_reward:-9.436854362487793, mean_queue:7.050000190734863
intersection:20, mean_episode_reward:-17.992786407470703, mean_queue:4.986111164093018
Test step:20/2000, travel time :355.21355547141235, rewards:-258.62391493055554, queue:6.2214285714285715, delay:0.20584502043547453, throughput:2641
step:3600/3600, q_loss:128.9509735107422, rewards:-177.59635416666666, queue:4.734391534391534, delay:0.18931122633515213, throughput:2987
episode:21/2000, real avg travel time:428.08101774355544
intersection:0, mean_episode_reward:-0.5127777457237244, mean_queue:0.28333333134651184
intersection:1, mean_episode_reward:-23.663883209228516, mean_queue:11.93055534362793
intersection:2, mean_episode_reward:-0.08444444090127945, mean_queue:0.03055555559694767
intersection:3, mean_episode_reward:-11.663883209228516, mean_queue:3.48888897895813
intersection:4, mean_episode_reward:-60.132083892822266, mean_queue:40.29166793823242
intersection:5, mean_episode_reward:-0.2225925177335739, mean_queue:0.24166665971279144
intersection:6, mean_episode_reward:-0.3337037265300751, mean_queue:0.2777777910232544
intersection:7, mean_episode_reward:-9.362223625183105, mean_queue:5.208333492279053
intersection:8, mean_episode_reward:-0.6861106753349304, mean_queue:0.6000000238418579
intersection:9, mean_episode_reward:-0.6155557036399841, mean_queue:0.5722222328186035
intersection:10, mean_episode_reward:-0.1508333683013916, mean_queue:0.10833333432674408
intersection:11, mean_episode_reward:-0.05314814671874046, mean_queue:0.0555555559694767
intersection:12, mean_episode_reward:-0.16518521308898926, mean_queue:0.10277777910232544
intersection:13, mean_episode_reward:-0.21020828187465668, mean_queue:0.32777777314186096
intersection:14, mean_episode_reward:-0.10111110657453537, mean_queue:0.1111111119389534
intersection:15, mean_episode_reward:-0.8148148655891418, mean_queue:0.730555534362793
intersection:16, mean_episode_reward:-2.36926007270813, mean_queue:1.4416667222976685
intersection:17, mean_episode_reward:-23.503887176513672, mean_queue:9.369444847106934
intersection:18, mean_episode_reward:-12.691946983337402, mean_queue:9.758333206176758
intersection:19, mean_episode_reward:-12.732035636901855, mean_queue:9.630555152893066
intersection:20, mean_episode_reward:-17.52666473388672, mean_queue:4.861111164093018
Test step:21/2000, travel time :401.5732061385317, rewards:-292.7209201388889, queue:7.1683862433862435, delay:0.22177545456659226, throughput:2411
step:3600/3600, q_loss:111.54153442382812, rewards:-225.9369140625, queue:5.394444444444445, delay:0.1956315620866402, throughput:2842
episode:22/2000, real avg travel time:436.07248416608024
intersection:0, mean_episode_reward:-0.43648138642311096, mean_queue:0.24722221493721008
intersection:1, mean_episode_reward:-26.050567626953125, mean_queue:13.13611125946045
intersection:2, mean_episode_reward:-0.0716666579246521, mean_queue:0.0416666679084301
intersection:3, mean_episode_reward:-47.107765197753906, mean_queue:12.458333015441895
intersection:4, mean_episode_reward:-64.13458251953125, mean_queue:42.92499923706055
intersection:5, mean_episode_reward:-0.18500006198883057, mean_queue:0.19722221791744232
intersection:6, mean_episode_reward:-6.572037220001221, mean_queue:3.6194443702697754
intersection:7, mean_episode_reward:-14.916291236877441, mean_queue:7.85277795791626
intersection:8, mean_episode_reward:-0.6131476759910583, mean_queue:0.5555555820465088
intersection:9, mean_episode_reward:-0.6376389265060425, mean_queue:0.5861111283302307
intersection:10, mean_episode_reward:-0.13500002026557922, mean_queue:0.12777778506278992
intersection:11, mean_episode_reward:-0.0631481483578682, mean_queue:0.07222222536802292
intersection:12, mean_episode_reward:-0.17018520832061768, mean_queue:0.1111111119389534
intersection:13, mean_episode_reward:-0.20666663348674774, mean_queue:0.32777777314186096
intersection:14, mean_episode_reward:-0.19611111283302307, mean_queue:0.21388888359069824
intersection:15, mean_episode_reward:-0.8518518805503845, mean_queue:0.7611111402511597
intersection:16, mean_episode_reward:-2.4033334255218506, mean_queue:1.4472222328186035
intersection:17, mean_episode_reward:-24.12944793701172, mean_queue:9.447221755981445
intersection:18, mean_episode_reward:-10.82583236694336, mean_queue:8.413888931274414
intersection:19, mean_episode_reward:-7.2779622077941895, mean_queue:5.547222137451172
intersection:20, mean_episode_reward:-18.952228546142578, mean_queue:5.19444465637207
Test step:22/2000, travel time :379.4791252485089, rewards:-153.4350368923611, queue:4.218386243386243, delay:0.18088696999524637, throughput:3018
step:3600/3600, q_loss:117.29847717285156, rewards:-185.7849175347222, queue:4.944708994708995, delay:0.1896519898106812, throughput:2900
episode:23/2000, real avg travel time:442.49758620689653
intersection:0, mean_episode_reward:-0.5520370006561279, mean_queue:0.2944444417953491
intersection:1, mean_episode_reward:-19.64166831970215, mean_queue:9.938888549804688
intersection:2, mean_episode_reward:-0.058888886123895645, mean_queue:0.03055555559694767
intersection:3, mean_episode_reward:-19.262773513793945, mean_queue:5.313889026641846
intersection:4, mean_episode_reward:-56.546669006347656, mean_queue:37.86666488647461
intersection:5, mean_episode_reward:-0.19166670739650726, mean_queue:0.20277777314186096
intersection:6, mean_episode_reward:-0.8701851963996887, mean_queue:0.5888888835906982
intersection:7, mean_episode_reward:-4.904446601867676, mean_queue:2.7138888835906982
intersection:8, mean_episode_reward:-10.81963062286377, mean_queue:7.875
intersection:9, mean_episode_reward:-0.6212500929832458, mean_queue:0.5527777671813965
intersection:10, mean_episode_reward:-0.12333332747220993, mean_queue:0.09444444626569748
intersection:11, mean_episode_reward:-0.08314815163612366, mean_queue:0.0833333358168602
intersection:12, mean_episode_reward:-0.17500001192092896, mean_queue:0.11388888955116272
intersection:13, mean_episode_reward:-0.1970832645893097, mean_queue:0.3222222328186035
intersection:14, mean_episode_reward:-0.20333331823349, mean_queue:0.23055554926395416
intersection:15, mean_episode_reward:-0.668889045715332, mean_queue:0.6166666746139526
intersection:16, mean_episode_reward:-2.040926218032837, mean_queue:1.2833333015441895
intersection:17, mean_episode_reward:-23.180002212524414, mean_queue:9.308333396911621
intersection:18, mean_episode_reward:-14.619356155395508, mean_queue:11.191666603088379
intersection:19, mean_episode_reward:-13.815741539001465, mean_queue:10.425000190734863
intersection:20, mean_episode_reward:-17.20888328552246, mean_queue:4.791666507720947
Test step:23/2000, travel time :451.5545781687325, rewards:-258.42547743055553, queue:6.568915343915344, delay:0.22581653090381118, throughput:2501
step:3600/3600, q_loss:128.0996551513672, rewards:-171.36112196180557, queue:4.709391534391535, delay:0.1866998581659226, throughput:2981
episode:24/2000, real avg travel time:427.1891982556189
intersection:0, mean_episode_reward:-0.3633332848548889, mean_queue:0.20555555820465088
intersection:1, mean_episode_reward:-15.892778396606445, mean_queue:8.066666603088379
intersection:2, mean_episode_reward:-0.03222221881151199, mean_queue:0.01666666753590107
intersection:3, mean_episode_reward:-14.995559692382812, mean_queue:4.31944465637207
intersection:4, mean_episode_reward:-50.08457946777344, mean_queue:33.588890075683594
intersection:5, mean_episode_reward:-0.12574081122875214, mean_queue:0.1527777761220932
intersection:6, mean_episode_reward:-0.3744444251060486, mean_queue:0.31388887763023376
intersection:7, mean_episode_reward:-2.271110773086548, mean_queue:1.4027777910232544
intersection:8, mean_episode_reward:-14.569997787475586, mean_queue:10.747221946716309
intersection:9, mean_episode_reward:-0.6902774572372437, mean_queue:0.6277777552604675
intersection:10, mean_episode_reward:-0.1329166442155838, mean_queue:0.0972222238779068
intersection:11, mean_episode_reward:-0.07111110538244247, mean_queue:0.07500000298023224
intersection:12, mean_episode_reward:-0.1492592990398407, mean_queue:0.10555555671453476
intersection:13, mean_episode_reward:-0.18840274214744568, mean_queue:0.29722222685813904
intersection:14, mean_episode_reward:-0.0208333320915699, mean_queue:0.03055555559694767
intersection:15, mean_episode_reward:-0.7737036943435669, mean_queue:0.675000011920929
intersection:16, mean_episode_reward:-2.1601858139038086, mean_queue:1.3388888835906982
intersection:17, mean_episode_reward:-21.123884201049805, mean_queue:8.880555152893066
intersection:18, mean_episode_reward:-15.498529434204102, mean_queue:11.841666221618652
intersection:19, mean_episode_reward:-14.947783470153809, mean_queue:11.324999809265137
intersection:20, mean_episode_reward:-16.894453048706055, mean_queue:4.788888931274414
Test step:24/2000, travel time :443.26913834534844, rewards:-199.54401041666668, queue:5.202116402116402, delay:0.19181361930080193, throughput:2913
step:3600/3600, q_loss:127.6846694946289, rewards:-160.81531032986112, queue:4.433201058201059, delay:0.18079377028046462, throughput:2978
episode:25/2000, real avg travel time:386.461719274681
intersection:0, mean_episode_reward:-0.028148142620921135, mean_queue:0.02777777798473835
intersection:1, mean_episode_reward:-13.659442901611328, mean_queue:6.958333492279053
intersection:2, mean_episode_reward:-0.014444445259869099, mean_queue:0.011111111380159855
intersection:3, mean_episode_reward:-13.35444164276123, mean_queue:3.902777671813965
intersection:4, mean_episode_reward:-45.837493896484375, mean_queue:30.76388931274414
intersection:5, mean_episode_reward:-0.1174074038863182, mean_queue:0.15000000596046448
intersection:6, mean_episode_reward:-0.4983331561088562, mean_queue:0.39444443583488464
intersection:7, mean_episode_reward:-0.8612962365150452, mean_queue:0.6222222447395325
intersection:8, mean_episode_reward:-19.10425567626953, mean_queue:14.08055591583252
intersection:9, mean_episode_reward:-0.5688889026641846, mean_queue:0.5416666865348816
intersection:10, mean_episode_reward:-0.12458334863185883, mean_queue:0.10555555671453476
intersection:11, mean_episode_reward:-0.04851850867271423, mean_queue:0.0694444477558136
intersection:12, mean_episode_reward:-0.157777801156044, mean_queue:0.10000000149011612
intersection:13, mean_episode_reward:-0.2216665893793106, mean_queue:0.3777777850627899
intersection:14, mean_episode_reward:-0.10999998450279236, mean_queue:0.13333334028720856
intersection:15, mean_episode_reward:-0.674814760684967, mean_queue:0.6194444298744202
intersection:16, mean_episode_reward:-1.7277776002883911, mean_queue:1.0722222328186035
intersection:17, mean_episode_reward:-20.146116256713867, mean_queue:8.505555152893066
intersection:18, mean_episode_reward:-14.3397216796875, mean_queue:10.975000381469727
intersection:19, mean_episode_reward:-11.481852531433105, mean_queue:8.633333206176758
intersection:20, mean_episode_reward:-17.73833465576172, mean_queue:5.0527777671813965
Test step:25/2000, travel time :413.85672832789265, rewards:-212.5953125, queue:5.92010582010582, delay:0.20511555343708665, throughput:2757
step:3600/3600, q_loss:128.29249572753906, rewards:-157.78916015625, queue:4.455687830687831, delay:0.1840503349506035, throughput:3024
episode:26/2000, real avg travel time:407.4923941798942
intersection:0, mean_episode_reward:-0.0438888855278492, mean_queue:0.04444444552063942
intersection:1, mean_episode_reward:-15.529443740844727, mean_queue:7.877777576446533
intersection:2, mean_episode_reward:-0.07222221791744232, mean_queue:0.02777777798473835
intersection:3, mean_episode_reward:-8.82388687133789, mean_queue:2.674999952316284
intersection:4, mean_episode_reward:-42.03831481933594, mean_queue:28.225000381469727
intersection:5, mean_episode_reward:-0.104814812541008, mean_queue:0.13611111044883728
intersection:6, mean_episode_reward:-0.24703699350357056, mean_queue:0.21944443881511688
intersection:7, mean_episode_reward:-1.356852650642395, mean_queue:0.9277777671813965
intersection:8, mean_episode_reward:-19.78777503967285, mean_queue:14.375
intersection:9, mean_episode_reward:-0.5656945109367371, mean_queue:0.5611110925674438
intersection:10, mean_episode_reward:-0.13250000774860382, mean_queue:0.11666666716337204
intersection:11, mean_episode_reward:-0.06351851671934128, mean_queue:0.07500000298023224
intersection:12, mean_episode_reward:-0.10962963849306107, mean_queue:0.0833333358168602
intersection:13, mean_episode_reward:-0.2142360955476761, mean_queue:0.3361110985279083
intersection:14, mean_episode_reward:-0.11027777940034866, mean_queue:0.13611111044883728
intersection:15, mean_episode_reward:-0.6903702616691589, mean_queue:0.6277777552604675
intersection:16, mean_episode_reward:-2.2648158073425293, mean_queue:1.3527777194976807
intersection:17, mean_episode_reward:-18.187772750854492, mean_queue:7.580555438995361
intersection:18, mean_episode_reward:-15.154623985290527, mean_queue:11.627778053283691
intersection:19, mean_episode_reward:-15.908148765563965, mean_queue:11.941666603088379
intersection:20, mean_episode_reward:-16.38334083557129, mean_queue:4.622222423553467
Test step:26/2000, travel time :320.8960988798764, rewards:-231.43819444444443, queue:5.151719576719577, delay:0.20214719419126156, throughput:2589
step:3600/3600, q_loss:127.7457275390625, rewards:-183.45164930555555, queue:5.05, delay:0.1867706298828125, throughput:2993
episode:27/2000, real avg travel time:405.01503508185766
intersection:0, mean_episode_reward:-0.020185183733701706, mean_queue:0.01666666753590107
intersection:1, mean_episode_reward:-16.213335037231445, mean_queue:8.258333206176758
intersection:2, mean_episode_reward:-0.0672222226858139, mean_queue:0.02777777798473835
intersection:3, mean_episode_reward:-17.68722152709961, mean_queue:4.97777795791626
intersection:4, mean_episode_reward:-55.03166198730469, mean_queue:36.91666793823242
intersection:5, mean_episode_reward:-0.1290740966796875, mean_queue:0.17222222685813904
intersection:6, mean_episode_reward:-0.32240739464759827, mean_queue:0.2611111104488373
intersection:7, mean_episode_reward:-4.077407360076904, mean_queue:2.3805556297302246
intersection:8, mean_episode_reward:-18.177780151367188, mean_queue:13.408333778381348
intersection:9, mean_episode_reward:-0.523888885974884, mean_queue:0.5222222208976746
intersection:10, mean_episode_reward:-0.14041663706302643, mean_queue:0.1111111119389534
intersection:11, mean_episode_reward:-0.047407399863004684, mean_queue:0.05833333358168602
intersection:12, mean_episode_reward:-0.1890740692615509, mean_queue:0.12777778506278992
intersection:13, mean_episode_reward:-0.2218054085969925, mean_queue:0.3611111044883728
intersection:14, mean_episode_reward:-0.11027777940034866, mean_queue:0.13055555522441864
intersection:15, mean_episode_reward:-0.6385184526443481, mean_queue:0.5722222328186035
intersection:16, mean_episode_reward:-2.3135194778442383, mean_queue:1.4666666984558105
intersection:17, mean_episode_reward:-18.672779083251953, mean_queue:7.644444465637207
intersection:18, mean_episode_reward:-15.16174030303955, mean_queue:11.597222328186035
intersection:19, mean_episode_reward:-16.015941619873047, mean_queue:12.097222328186035
intersection:20, mean_episode_reward:-17.690004348754883, mean_queue:4.941666603088379
Test step:27/2000, travel time :437.2732454577841, rewards:-189.1203559027778, queue:4.950925925925926, delay:0.1903122997788525, throughput:2807
step:3600/3600, q_loss:129.05978393554688, rewards:-155.11180555555555, queue:4.135846560846561, delay:0.1803236381086723, throughput:3015
episode:28/2000, real avg travel time:397.4172470978441
intersection:0, mean_episode_reward:-0.027222223579883575, mean_queue:0.03611111268401146
intersection:1, mean_episode_reward:-17.138885498046875, mean_queue:8.697221755981445
intersection:2, mean_episode_reward:-0.06666665524244308, mean_queue:0.02777777798473835
intersection:3, mean_episode_reward:-13.736109733581543, mean_queue:3.9944443702697754
intersection:4, mean_episode_reward:-48.17165756225586, mean_queue:32.33333206176758
intersection:5, mean_episode_reward:-0.131851926445961, mean_queue:0.17499999701976776
intersection:6, mean_episode_reward:-0.4338887929916382, mean_queue:0.35277777910232544
intersection:7, mean_episode_reward:-1.2701854705810547, mean_queue:0.8277778029441833
intersection:8, mean_episode_reward:-3.713517665863037, mean_queue:2.730555534362793
intersection:9, mean_episode_reward:-0.5690277814865112, mean_queue:0.5555555820465088
intersection:10, mean_episode_reward:-0.10624998807907104, mean_queue:0.09166666865348816
intersection:11, mean_episode_reward:-0.04037036746740341, mean_queue:0.04444444552063942
intersection:12, mean_episode_reward:-0.16444449126720428, mean_queue:0.11388888955116272
intersection:13, mean_episode_reward:-0.21534723043441772, mean_queue:0.3638888895511627
intersection:14, mean_episode_reward:-0.10833333432674408, mean_queue:0.13611111044883728
intersection:15, mean_episode_reward:-0.5725924968719482, mean_queue:0.5333333611488342
intersection:16, mean_episode_reward:-1.7898144721984863, mean_queue:1.1027777194976807
intersection:17, mean_episode_reward:-21.83277702331543, mean_queue:8.772222518920898
intersection:18, mean_episode_reward:-14.047308921813965, mean_queue:10.79444408416748
intersection:19, mean_episode_reward:-13.807783126831055, mean_queue:10.308333396911621
intersection:20, mean_episode_reward:-17.16777801513672, mean_queue:4.861111164093018
Test step:28/2000, travel time :393.509296390813, rewards:-188.62243923611112, queue:5.333597883597884, delay:0.19322044735863095, throughput:2743
step:3600/3600, q_loss:126.65522003173828, rewards:-157.09165581597222, queue:4.334391534391535, delay:0.17858731708829365, throughput:3026
episode:29/2000, real avg travel time:390.20125578321216
intersection:0, mean_episode_reward:-0.03740740567445755, mean_queue:0.03611111268401146
intersection:1, mean_episode_reward:-19.190555572509766, mean_queue:9.713889122009277
intersection:2, mean_episode_reward:-0.050555553287267685, mean_queue:0.02777777798473835
intersection:3, mean_episode_reward:-8.913885116577148, mean_queue:2.719444513320923
intersection:4, mean_episode_reward:-51.69834899902344, mean_queue:34.68333435058594
intersection:5, mean_episode_reward:-0.1827777922153473, mean_queue:0.19722221791744232
intersection:6, mean_episode_reward:-0.2692592740058899, mean_queue:0.22777777910232544
intersection:7, mean_episode_reward:-1.0081486701965332, mean_queue:0.7444444298744202
intersection:8, mean_episode_reward:-5.959259510040283, mean_queue:4.30555534362793
intersection:9, mean_episode_reward:-0.6816668510437012, mean_queue:0.6194444298744202
intersection:10, mean_episode_reward:-0.1316666603088379, mean_queue:0.11666666716337204
intersection:11, mean_episode_reward:-0.056111108511686325, mean_queue:0.05833333358168602
intersection:12, mean_episode_reward:-0.18444444239139557, mean_queue:0.11666666716337204
intersection:13, mean_episode_reward:-0.19423609972000122, mean_queue:0.3333333432674408
intersection:14, mean_episode_reward:-0.10305554419755936, mean_queue:0.12222222238779068
intersection:15, mean_episode_reward:-0.6774073839187622, mean_queue:0.6111111044883728
intersection:16, mean_episode_reward:-1.858889102935791, mean_queue:1.1666666269302368
intersection:17, mean_episode_reward:-18.915006637573242, mean_queue:7.099999904632568
intersection:18, mean_episode_reward:-15.311381340026855, mean_queue:11.75
intersection:19, mean_episode_reward:-15.75703239440918, mean_queue:11.902777671813965
intersection:20, mean_episode_reward:-15.910553932189941, mean_queue:4.469444274902344
Test step:29/2000, travel time :410.9316851008458, rewards:-165.34673394097223, queue:4.643121693121693, delay:0.18467344253782242, throughput:3074
step:3600/3600, q_loss:122.29750061035156, rewards:-168.13796657986111, queue:4.675396825396826, delay:0.1831016257957176, throughput:3063
episode:30/2000, real avg travel time:429.5648057460007
intersection:0, mean_episode_reward:-0.039074067026376724, mean_queue:0.0416666679084301
intersection:1, mean_episode_reward:-21.433332443237305, mean_queue:10.847222328186035
intersection:2, mean_episode_reward:-0.058888886123895645, mean_queue:0.02777777798473835
intersection:3, mean_episode_reward:-8.77778148651123, mean_queue:2.6888887882232666
intersection:4, mean_episode_reward:-52.481239318847656, mean_queue:35.18055725097656
intersection:5, mean_episode_reward:-0.19981488585472107, mean_queue:0.21111111342906952
intersection:6, mean_episode_reward:-0.46666669845581055, mean_queue:0.38333332538604736
intersection:7, mean_episode_reward:-0.7598146200180054, mean_queue:0.5694444179534912
intersection:8, mean_episode_reward:-13.253515243530273, mean_queue:9.641666412353516
intersection:9, mean_episode_reward:-0.5719443559646606, mean_queue:0.5305555462837219
intersection:10, mean_episode_reward:-0.11041665822267532, mean_queue:0.10555555671453476
intersection:11, mean_episode_reward:-0.060370370745658875, mean_queue:0.06666667014360428
intersection:12, mean_episode_reward:-0.19166670739650726, mean_queue:0.125
intersection:13, mean_episode_reward:-0.21729157865047455, mean_queue:0.3305555582046509
intersection:14, mean_episode_reward:-0.046944454312324524, mean_queue:0.06111111119389534
intersection:15, mean_episode_reward:-0.7829631567001343, mean_queue:0.7027778029441833
intersection:16, mean_episode_reward:-1.9909262657165527, mean_queue:1.269444465637207
intersection:17, mean_episode_reward:-20.130565643310547, mean_queue:7.511111259460449
intersection:18, mean_episode_reward:-15.552704811096191, mean_queue:11.972222328186035
intersection:19, mean_episode_reward:-15.128710746765137, mean_queue:11.416666984558105
intersection:20, mean_episode_reward:-15.883329391479492, mean_queue:4.5
Test step:30/2000, travel time :419.04482984293196, rewards:-180.22786458333334, queue:4.534391534391534, delay:0.18224626167741403, throughput:3056
step:3600/3600, q_loss:119.28694915771484, rewards:-145.9828125, queue:3.924867724867725, delay:0.1696592300657242, throughput:3175
episode:31/2000, real avg travel time:408.6667716535433
intersection:0, mean_episode_reward:-0.014999998733401299, mean_queue:0.01666666753590107
intersection:1, mean_episode_reward:-20.542224884033203, mean_queue:10.405555725097656
intersection:2, mean_episode_reward:-0.0811111107468605, mean_queue:0.02777777798473835
intersection:3, mean_episode_reward:-10.137776374816895, mean_queue:3.008333444595337
intersection:4, mean_episode_reward:-51.135013580322266, mean_queue:34.30833435058594
intersection:5, mean_episode_reward:-0.19944453239440918, mean_queue:0.24166665971279144
intersection:6, mean_episode_reward:-0.42074084281921387, mean_queue:0.3499999940395355
intersection:7, mean_episode_reward:-1.3396296501159668, mean_queue:0.9527778029441833
intersection:8, mean_episode_reward:-0.6981475353240967, mean_queue:0.5916666388511658
intersection:9, mean_episode_reward:-0.6372223496437073, mean_queue:0.6111111044883728
intersection:10, mean_episode_reward:-0.12791667878627777, mean_queue:0.1111111119389534
intersection:11, mean_episode_reward:-0.07555555552244186, mean_queue:0.07777778059244156
intersection:12, mean_episode_reward:-0.15166670083999634, mean_queue:0.11388888955116272
intersection:13, mean_episode_reward:-0.19729168713092804, mean_queue:0.3222222328186035
intersection:14, mean_episode_reward:-0.09861110150814056, mean_queue:0.12222222238779068
intersection:15, mean_episode_reward:-0.6914816498756409, mean_queue:0.6361111402511597
intersection:16, mean_episode_reward:-1.4709259271621704, mean_queue:0.9111111164093018
intersection:17, mean_episode_reward:-18.087778091430664, mean_queue:6.863888740539551
intersection:18, mean_episode_reward:-12.970270156860352, mean_queue:10.022222518920898
intersection:19, mean_episode_reward:-10.827223777770996, mean_queue:8.158333778381348
intersection:20, mean_episode_reward:-16.077787399291992, mean_queue:4.56944465637207
Test step:31/2000, travel time :397.9402751719825, rewards:-153.70546875, queue:4.102645502645503, delay:0.17632956530051255, throughput:3198
step:3600/3600, q_loss:120.58451843261719, rewards:-150.02782118055555, queue:4.01468253968254, delay:0.17422393314422124, throughput:3097
episode:32/2000, real avg travel time:400.6341620923474
intersection:0, mean_episode_reward:-0.056481484323740005, mean_queue:0.05833333358168602
intersection:1, mean_episode_reward:-18.43556022644043, mean_queue:9.33055591583252
intersection:2, mean_episode_reward:-0.02777777425944805, mean_queue:0.01666666753590107
intersection:3, mean_episode_reward:-13.306110382080078, mean_queue:3.805555582046509
intersection:4, mean_episode_reward:-52.30416488647461, mean_queue:35.06111145019531
intersection:5, mean_episode_reward:-0.17185187339782715, mean_queue:0.23333333432674408
intersection:6, mean_episode_reward:-0.27944445610046387, mean_queue:0.24444444477558136
intersection:7, mean_episode_reward:-0.9246296286582947, mean_queue:0.6888889074325562
intersection:8, mean_episode_reward:-0.5603699684143066, mean_queue:0.5138888955116272
intersection:9, mean_episode_reward:-0.5577778220176697, mean_queue:0.5333333611488342
intersection:10, mean_episode_reward:-0.14541664719581604, mean_queue:0.12777778506278992
intersection:11, mean_episode_reward:-0.032592590898275375, mean_queue:0.03333333507180214
intersection:12, mean_episode_reward:-0.16037039458751678, mean_queue:0.11388888955116272
intersection:13, mean_episode_reward:-0.21111108362674713, mean_queue:0.3333333432674408
intersection:14, mean_episode_reward:-0.01944444514811039, mean_queue:0.03055555559694767
intersection:15, mean_episode_reward:-0.9022220373153687, mean_queue:0.8027777671813965
intersection:16, mean_episode_reward:-2.524629831314087, mean_queue:1.5583332777023315
intersection:17, mean_episode_reward:-17.400556564331055, mean_queue:6.508333206176758
intersection:18, mean_episode_reward:-14.139161109924316, mean_queue:10.869444847106934
intersection:19, mean_episode_reward:-11.753149032592773, mean_queue:8.891666412353516
intersection:20, mean_episode_reward:-16.114999771118164, mean_queue:4.5527777671813965
Test step:32/2000, travel time :414.99417098445593, rewards:-183.69748263888889, queue:5.089682539682539, delay:0.17776416596912203, throughput:3088
step:3600/3600, q_loss:125.01304626464844, rewards:-160.62313368055555, queue:4.31521164021164, delay:0.17345937900442296, throughput:3167
episode:33/2000, real avg travel time:421.5667824439533
intersection:0, mean_episode_reward:-0.027407407760620117, mean_queue:0.03888889029622078
intersection:1, mean_episode_reward:-22.726116180419922, mean_queue:11.491666793823242
intersection:2, mean_episode_reward:-0.0555555485188961, mean_queue:0.02777777798473835
intersection:3, mean_episode_reward:-11.86722183227539, mean_queue:3.4666666984558105
intersection:4, mean_episode_reward:-54.55416488647461, mean_queue:36.588890075683594
intersection:5, mean_episode_reward:-0.19759267568588257, mean_queue:0.25555557012557983
intersection:6, mean_episode_reward:-0.2805555760860443, mean_queue:0.2361111044883728
intersection:7, mean_episode_reward:-1.0905559062957764, mean_queue:0.75
intersection:8, mean_episode_reward:-0.5425921082496643, mean_queue:0.5083333253860474
intersection:9, mean_episode_reward:-0.5543054938316345, mean_queue:0.5305555462837219
intersection:10, mean_episode_reward:-0.10750000923871994, mean_queue:0.09444444626569748
intersection:11, mean_episode_reward:-0.08055555820465088, mean_queue:0.07500000298023224
intersection:12, mean_episode_reward:-0.19259262084960938, mean_queue:0.13055555522441864
intersection:13, mean_episode_reward:-0.22437497973442078, mean_queue:0.3583333194255829
intersection:14, mean_episode_reward:-0.03166666999459267, mean_queue:0.06111111119389534
intersection:15, mean_episode_reward:-0.8274074196815491, mean_queue:0.7222222089767456
intersection:16, mean_episode_reward:-2.301666498184204, mean_queue:1.399999976158142
intersection:17, mean_episode_reward:-18.32500457763672, mean_queue:6.747222423553467
intersection:18, mean_episode_reward:-14.49406623840332, mean_queue:11.08055591583252
intersection:19, mean_episode_reward:-14.788333892822266, mean_queue:11.186111450195312
intersection:20, mean_episode_reward:-17.35388946533203, mean_queue:4.869444370269775
Test step:33/2000, travel time :378.3183497536946, rewards:-155.05562065972222, queue:4.191931216931217, delay:0.17348802354600695, throughput:3248
step:3600/3600, q_loss:123.4410171508789, rewards:-136.89210069444445, queue:3.6033068783068782, delay:0.1692383781312004, throughput:3113
episode:34/2000, real avg travel time:365.17892707998715
intersection:0, mean_episode_reward:-0.03351851552724838, mean_queue:0.03055555559694767
intersection:1, mean_episode_reward:-14.068330764770508, mean_queue:7.150000095367432
intersection:2, mean_episode_reward:-0.05666666105389595, mean_queue:0.02222222276031971
intersection:3, mean_episode_reward:-19.489444732666016, mean_queue:5.469444274902344
intersection:4, mean_episode_reward:-43.54917907714844, mean_queue:29.211111068725586
intersection:5, mean_episode_reward:-0.22203706204891205, mean_queue:0.26944443583488464
intersection:6, mean_episode_reward:-0.3633333742618561, mean_queue:0.31111112236976624
intersection:7, mean_episode_reward:-0.8568516969680786, mean_queue:0.6361111402511597
intersection:8, mean_episode_reward:-0.5811105370521545, mean_queue:0.5472221970558167
intersection:9, mean_episode_reward:-0.6243056654930115, mean_queue:0.5722222328186035
intersection:10, mean_episode_reward:-0.09916664659976959, mean_queue:0.0972222238779068
intersection:11, mean_episode_reward:-0.07351851463317871, mean_queue:0.07500000298023224
intersection:12, mean_episode_reward:-0.1505555808544159, mean_queue:0.0972222238779068
intersection:13, mean_episode_reward:-0.18159721791744232, mean_queue:0.29722222685813904
intersection:14, mean_episode_reward:-0.03777778148651123, mean_queue:0.07777778059244156
intersection:15, mean_episode_reward:-0.8248150944709778, mean_queue:0.730555534362793
intersection:16, mean_episode_reward:-2.1707417964935303, mean_queue:1.2638888359069824
intersection:17, mean_episode_reward:-11.713333129882812, mean_queue:4.436110973358154
intersection:18, mean_episode_reward:-14.06100845336914, mean_queue:10.76111125946045
intersection:19, mean_episode_reward:-11.9453706741333, mean_queue:9.047222137451172
intersection:20, mean_episode_reward:-15.789443969726562, mean_queue:4.566666603088379
Test step:34/2000, travel time :546.7981105668299, rewards:-217.7353732638889, queue:5.450793650793651, delay:0.1942393630900711, throughput:2858
step:3600/3600, q_loss:121.17530059814453, rewards:-145.78621961805555, queue:3.8798941798941797, delay:0.17398000242848877, throughput:3186
episode:35/2000, real avg travel time:406.78907721280603
intersection:0, mean_episode_reward:-0.020555555820465088, mean_queue:0.02222222276031971
intersection:1, mean_episode_reward:-15.436111450195312, mean_queue:7.883333206176758
intersection:2, mean_episode_reward:-0.04111110791563988, mean_queue:0.02222222276031971
intersection:3, mean_episode_reward:-18.401662826538086, mean_queue:5.122222423553467
intersection:4, mean_episode_reward:-49.102500915527344, mean_queue:32.974998474121094
intersection:5, mean_episode_reward:-0.2375926375389099, mean_queue:0.2750000059604645
intersection:6, mean_episode_reward:-0.3633332848548889, mean_queue:0.31111112236976624
intersection:7, mean_episode_reward:-1.9548158645629883, mean_queue:1.244444489479065
intersection:8, mean_episode_reward:-0.5361107587814331, mean_queue:0.49166667461395264
intersection:9, mean_episode_reward:-0.6741666197776794, mean_queue:0.625
intersection:10, mean_episode_reward:-0.11583331227302551, mean_queue:0.10277777910232544
intersection:11, mean_episode_reward:-0.09370370209217072, mean_queue:0.10555555671453476
intersection:12, mean_episode_reward:-0.23425926268100739, mean_queue:0.1527777761220932
intersection:13, mean_episode_reward:-0.17298614978790283, mean_queue:0.32499998807907104
intersection:14, mean_episode_reward:-0.04555555805563927, mean_queue:0.0972222238779068
intersection:15, mean_episode_reward:-0.8848148584365845, mean_queue:0.7861111164093018
intersection:16, mean_episode_reward:-2.1211116313934326, mean_queue:1.2972222566604614
intersection:17, mean_episode_reward:-12.155553817749023, mean_queue:4.516666889190674
intersection:18, mean_episode_reward:-14.2711181640625, mean_queue:10.883333206176758
intersection:19, mean_episode_reward:-12.970000267028809, mean_queue:9.75
intersection:20, mean_episode_reward:-15.953332901000977, mean_queue:4.488888740539551
Test step:35/2000, travel time :406.0776038121171, rewards:-170.21299913194446, queue:4.684259259259259, delay:0.1751703494440311, throughput:2938
step:3600/3600, q_loss:120.04823303222656, rewards:-141.60244140625, queue:3.928174603174603, delay:0.17074014976541832, throughput:3126
episode:36/2000, real avg travel time:400.8093410108765
intersection:0, mean_episode_reward:-0.022777777165174484, mean_queue:0.02777777798473835
intersection:1, mean_episode_reward:-16.77777862548828, mean_queue:8.530555725097656
intersection:2, mean_episode_reward:-0.09333332628011703, mean_queue:0.03055555559694767
intersection:3, mean_episode_reward:-7.875555515289307, mean_queue:2.480555534362793
intersection:4, mean_episode_reward:-49.11290740966797, mean_queue:32.95000076293945
intersection:5, mean_episode_reward:-0.2825925648212433, mean_queue:0.3055555522441864
intersection:6, mean_episode_reward:-0.335185170173645, mean_queue:0.2888889014720917
intersection:7, mean_episode_reward:-1.0300003290176392, mean_queue:0.7527777552604675
intersection:8, mean_episode_reward:-0.5085182785987854, mean_queue:0.48055556416511536
intersection:9, mean_episode_reward:-0.8116670250892639, mean_queue:0.7083333134651184
intersection:10, mean_episode_reward:-0.10875000059604645, mean_queue:0.10277777910232544
intersection:11, mean_episode_reward:-0.0587037019431591, mean_queue:0.06388889253139496
intersection:12, mean_episode_reward:-0.16037039458751678, mean_queue:0.1111111119389534
intersection:13, mean_episode_reward:-0.20263886451721191, mean_queue:0.3333333432674408
intersection:14, mean_episode_reward:-0.06194445118308067, mean_queue:0.13611111044883728
intersection:15, mean_episode_reward:-0.7011110782623291, mean_queue:0.6222222447395325
intersection:16, mean_episode_reward:-2.234074354171753, mean_queue:1.4055556058883667
intersection:17, mean_episode_reward:-15.039443969726562, mean_queue:5.5
intersection:18, mean_episode_reward:-14.509353637695312, mean_queue:11.04444408416748
intersection:19, mean_episode_reward:-16.11629867553711, mean_queue:12.183333396911621
intersection:20, mean_episode_reward:-15.559442520141602, mean_queue:4.433333396911621
Test step:36/2000, travel time :376.3767331755157, rewards:-159.48897569444443, queue:4.558333333333334, delay:0.17907698696883267, throughput:2957
step:3600/3600, q_loss:109.34075164794922, rewards:-172.31239149305554, queue:4.393783068783069, delay:0.1779439128895916, throughput:2999
episode:37/2000, real avg travel time:414.837945981994
intersection:0, mean_episode_reward:-0.039074067026376724, mean_queue:0.03611111268401146
intersection:1, mean_episode_reward:-21.33889389038086, mean_queue:10.813888549804688
intersection:2, mean_episode_reward:-0.07833331823348999, mean_queue:0.03888889029622078
intersection:3, mean_episode_reward:-28.833894729614258, mean_queue:7.744444370269775
intersection:4, mean_episode_reward:-53.644161224365234, mean_queue:35.94722366333008
intersection:5, mean_episode_reward:-0.2231481969356537, mean_queue:0.25555557012557983
intersection:6, mean_episode_reward:-0.5824072360992432, mean_queue:0.3861111104488373
intersection:7, mean_episode_reward:-1.1287033557891846, mean_queue:0.8416666388511658
intersection:8, mean_episode_reward:-0.47092559933662415, mean_queue:0.4333333373069763
intersection:9, mean_episode_reward:-0.5604166388511658, mean_queue:0.5611110925674438
intersection:10, mean_episode_reward:-0.10083331167697906, mean_queue:0.10277777910232544
intersection:11, mean_episode_reward:-0.07500000298023224, mean_queue:0.08055555820465088
intersection:12, mean_episode_reward:-0.14166668057441711, mean_queue:0.10000000149011612
intersection:13, mean_episode_reward:-0.2224305272102356, mean_queue:0.3472222089767456
intersection:14, mean_episode_reward:-0.017500000074505806, mean_queue:0.0416666679084301
intersection:15, mean_episode_reward:-0.7977780699729919, mean_queue:0.7083333134651184
intersection:16, mean_episode_reward:-1.8446298837661743, mean_queue:1.1138888597488403
intersection:17, mean_episode_reward:-16.711109161376953, mean_queue:6.125
intersection:18, mean_episode_reward:-13.761481285095215, mean_queue:10.655555725097656
intersection:19, mean_episode_reward:-14.77721881866455, mean_queue:11.161110877990723
intersection:20, mean_episode_reward:-16.96277618408203, mean_queue:4.775000095367432
Test step:37/2000, travel time :388.8891829308634, rewards:-162.69439019097223, queue:4.677513227513227, delay:0.18455886437148644, throughput:3023
step:3600/3600, q_loss:113.64857482910156, rewards:-161.66004774305554, queue:4.515740740740741, delay:0.17454283376219412, throughput:3081
episode:38/2000, real avg travel time:420.19961051606623
intersection:0, mean_episode_reward:-0.04833333194255829, mean_queue:0.05000000074505806
intersection:1, mean_episode_reward:-18.161115646362305, mean_queue:9.219444274902344
intersection:2, mean_episode_reward:-0.06888887286186218, mean_queue:0.03055555559694767
intersection:3, mean_episode_reward:-11.234444618225098, mean_queue:3.402777671813965
intersection:4, mean_episode_reward:-58.193756103515625, mean_queue:38.95000076293945
intersection:5, mean_episode_reward:-0.120555579662323, mean_queue:0.14722222089767456
intersection:6, mean_episode_reward:-0.5598146319389343, mean_queue:0.3861111104488373
intersection:7, mean_episode_reward:-1.2092597484588623, mean_queue:0.800000011920929
intersection:8, mean_episode_reward:-9.34481430053711, mean_queue:6.775000095367432
intersection:9, mean_episode_reward:-0.5494444370269775, mean_queue:0.5083333253860474
intersection:10, mean_episode_reward:-0.14291667938232422, mean_queue:0.13055555522441864
intersection:11, mean_episode_reward:-0.07018518447875977, mean_queue:0.08055555820465088
intersection:12, mean_episode_reward:-0.14444445073604584, mean_queue:0.0972222238779068
intersection:13, mean_episode_reward:-0.21236102283000946, mean_queue:0.3472222089767456
intersection:14, mean_episode_reward:-0.01944444142282009, mean_queue:0.04722222313284874
intersection:15, mean_episode_reward:-0.5629631280899048, mean_queue:0.5027777552604675
intersection:16, mean_episode_reward:-1.7648154497146606, mean_queue:1.0972222089767456
intersection:17, mean_episode_reward:-13.988887786865234, mean_queue:5.152777671813965
intersection:18, mean_episode_reward:-14.953420639038086, mean_queue:11.422222137451172
intersection:19, mean_episode_reward:-14.944074630737305, mean_queue:11.302778244018555
intersection:20, mean_episode_reward:-15.366111755371094, mean_queue:4.380555629730225
Test step:38/2000, travel time :364.3025522041763, rewards:-300.72599826388887, queue:7.4298941798941796, delay:0.2151459224640377, throughput:2155
early_stop at episode 38/2000 (best ATT=317.86 at episode 18, patience=20)
saved final checkpoint from best episode 18 (ATT=317.86) as episode 2000
Final Travel Time is 334.0731, mean rewards: -263.7232, queue: 5.9591, delay: 0.2141, throughput: 2461
Total time taken: 1584.9112575054169
