early_stop enabled: min_episodes=20, max_episodes=2000, patience=20, min_delta=0.0100, metric=test
step:3600/3600, q_loss:0, rewards:-408.9710503472222, queue:10.601719576719576, delay:0.23925610093212632, throughput:3647
episode:0/2000, real avg travel time:401.05593638607075
intersection:0, mean_episode_reward:-10.279073715209961, mean_queue:6.150000095367432
intersection:1, mean_episode_reward:-25.25833511352539, mean_queue:12.811111450195312
intersection:2, mean_episode_reward:-18.297775268554688, mean_queue:5.280555725097656
intersection:3, mean_episode_reward:-64.92334747314453, mean_queue:17.40833282470703
intersection:4, mean_episode_reward:-51.96125793457031, mean_queue:34.61944580078125
intersection:5, mean_episode_reward:-11.340926170349121, mean_queue:7.44444465637207
intersection:6, mean_episode_reward:-20.239627838134766, mean_queue:11.95555591583252
intersection:7, mean_episode_reward:-12.858147621154785, mean_queue:7.455555438995361
intersection:8, mean_episode_reward:-11.797590255737305, mean_queue:6.766666889190674
intersection:9, mean_episode_reward:-15.651117324829102, mean_queue:10.425000190734863
intersection:10, mean_episode_reward:-12.960005760192871, mean_queue:7.191666603088379
intersection:11, mean_episode_reward:-11.12629508972168, mean_queue:6.733333110809326
intersection:12, mean_episode_reward:-13.95796012878418, mean_queue:7.088889122009277
intersection:13, mean_episode_reward:-10.134172439575195, mean_queue:12.19444465637207
intersection:14, mean_episode_reward:-10.697503089904785, mean_queue:10.913888931274414
intersection:15, mean_episode_reward:-12.935181617736816, mean_queue:9.630555152893066
intersection:16, mean_episode_reward:-17.344810485839844, mean_queue:10.422222137451172
intersection:17, mean_episode_reward:-20.984437942504883, mean_queue:7.691666603088379
intersection:18, mean_episode_reward:-13.13943862915039, mean_queue:10.63611125946045
intersection:19, mean_episode_reward:-11.66073989868164, mean_queue:7.747222423553467
intersection:20, mean_episode_reward:-31.423320770263672, mean_queue:12.06944465637207
Test step:0/2000, travel time :950.28125, rewards:-801.9385416666667, queue:19.74153439153439, delay:0.42717504753637564, throughput:672
new best ATT=950.28 at episode 0 (metric=test)
step:3600/3600, q_loss:0, rewards:-386.24092881944443, queue:10.18558201058201, delay:0.23322387372375164, throughput:3724
episode:1/2000, real avg travel time:354.7859828141783
intersection:0, mean_episode_reward:-10.216662406921387, mean_queue:6.14722204208374
intersection:1, mean_episode_reward:-17.727216720581055, mean_queue:8.961111068725586
intersection:2, mean_episode_reward:-16.29556655883789, mean_queue:4.8027777671813965
intersection:3, mean_episode_reward:-55.530582427978516, mean_queue:15.052778244018555
intersection:4, mean_episode_reward:-53.555870056152344, mean_queue:35.497222900390625
intersection:5, mean_episode_reward:-11.757963180541992, mean_queue:7.616666793823242
intersection:6, mean_episode_reward:-23.04111099243164, mean_queue:13.336111068725586
intersection:7, mean_episode_reward:-11.473331451416016, mean_queue:6.786110877990723
intersection:8, mean_episode_reward:-11.435552597045898, mean_queue:6.64722204208374
intersection:9, mean_episode_reward:-15.751386642456055, mean_queue:10.469444274902344
intersection:10, mean_episode_reward:-11.310831069946289, mean_queue:6.013888835906982
intersection:11, mean_episode_reward:-11.376297950744629, mean_queue:6.886111259460449
intersection:12, mean_episode_reward:-13.91777515411377, mean_queue:7.06944465637207
intersection:13, mean_episode_reward:-10.02972412109375, mean_queue:12.091666221618652
intersection:14, mean_episode_reward:-10.387774467468262, mean_queue:10.58055591583252
intersection:15, mean_episode_reward:-13.326284408569336, mean_queue:9.966666221618652
intersection:16, mean_episode_reward:-17.87778663635254, mean_queue:11.005555152893066
intersection:17, mean_episode_reward:-19.755556106567383, mean_queue:7.155555725097656
intersection:18, mean_episode_reward:-11.65185546875, mean_queue:9.547222137451172
intersection:19, mean_episode_reward:-11.540742874145508, mean_queue:7.6583333015441895
intersection:20, mean_episode_reward:-28.281108856201172, mean_queue:10.605555534362793
Test step:1/2000, travel time :950.28125, rewards:-801.9385416666667, queue:19.74153439153439, delay:0.42717504753637564, throughput:672
step:3600/3600, q_loss:199.62872314453125, rewards:-423.9294704861111, queue:11.187830687830688, delay:0.25142189308449076, throughput:3314
episode:2/2000, real avg travel time:365.51418225709114
intersection:0, mean_episode_reward:-10.394074440002441, mean_queue:6.191666603088379
intersection:1, mean_episode_reward:-29.56888771057129, mean_queue:14.911110877990723
intersection:2, mean_episode_reward:-15.262785911560059, mean_queue:4.550000190734863
intersection:3, mean_episode_reward:-53.523338317871094, mean_queue:14.524999618530273
intersection:4, mean_episode_reward:-64.24291229248047, mean_queue:42.70833206176758
intersection:5, mean_episode_reward:-11.271666526794434, mean_queue:7.294444561004639
intersection:6, mean_episode_reward:-17.997404098510742, mean_queue:10.958333015441895
intersection:7, mean_episode_reward:-10.879996299743652, mean_queue:6.497222423553467
intersection:8, mean_episode_reward:-11.609070777893066, mean_queue:6.666666507720947
intersection:9, mean_episode_reward:-17.606809616088867, mean_queue:11.69444465637207
intersection:10, mean_episode_reward:-12.693754196166992, mean_queue:6.80555534362793
intersection:11, mean_episode_reward:-11.797592163085938, mean_queue:7.22777795791626
intersection:12, mean_episode_reward:-13.390372276306152, mean_queue:6.730555534362793
intersection:13, mean_episode_reward:-10.227299690246582, mean_queue:12.372221946716309
intersection:14, mean_episode_reward:-10.75194263458252, mean_queue:10.933333396911621
intersection:15, mean_episode_reward:-12.052592277526855, mean_queue:9.033333778381348
intersection:16, mean_episode_reward:-20.475738525390625, mean_queue:11.655555725097656
intersection:17, mean_episode_reward:-25.58389663696289, mean_queue:9.463889122009277
intersection:18, mean_episode_reward:-13.009530067443848, mean_queue:10.600000381469727
intersection:19, mean_episode_reward:-12.03647232055664, mean_queue:8.0
intersection:20, mean_episode_reward:-39.55332946777344, mean_queue:16.125
Test step:2/2000, travel time :692.2024242424243, rewards:-733.0604166666667, queue:18.251851851851853, delay:0.39762786380828374, throughput:825
new best ATT=692.20 at episode 2 (metric=test)
step:3600/3600, q_loss:306.4219665527344, rewards:-645.92109375, queue:16.27698412698413, delay:0.3672974601624504, throughput:1726
episode:3/2000, real avg travel time:651.9015063731171
intersection:0, mean_episode_reward:-11.888145446777344, mean_queue:6.991666793823242
intersection:1, mean_episode_reward:-83.89498138427734, mean_queue:41.997222900390625
intersection:2, mean_episode_reward:-14.401113510131836, mean_queue:4.269444465637207
intersection:3, mean_episode_reward:-89.33724212646484, mean_queue:23.297222137451172
intersection:4, mean_episode_reward:-66.78541564941406, mean_queue:44.35555648803711
intersection:5, mean_episode_reward:-13.23926067352295, mean_queue:8.772222518920898
intersection:6, mean_episode_reward:-26.47686004638672, mean_queue:15.627778053283691
intersection:7, mean_episode_reward:-17.746660232543945, mean_queue:10.024999618530273
intersection:8, mean_episode_reward:-31.53704071044922, mean_queue:20.68055534362793
intersection:9, mean_episode_reward:-19.020002365112305, mean_queue:11.63611125946045
intersection:10, mean_episode_reward:-23.161659240722656, mean_queue:10.927778244018555
intersection:11, mean_episode_reward:-13.541666984558105, mean_queue:7.666666507720947
intersection:12, mean_episode_reward:-39.58758544921875, mean_queue:14.844444274902344
intersection:13, mean_episode_reward:-10.813543319702148, mean_queue:12.766666412353516
intersection:14, mean_episode_reward:-9.726667404174805, mean_queue:9.850000381469727
intersection:15, mean_episode_reward:-20.25221824645996, mean_queue:14.969444274902344
intersection:16, mean_episode_reward:-14.555740356445312, mean_queue:8.341666221618652
intersection:17, mean_episode_reward:-40.01554489135742, mean_queue:15.755555152893066
intersection:18, mean_episode_reward:-29.742141723632812, mean_queue:23.133333206176758
intersection:19, mean_episode_reward:-24.00314712524414, mean_queue:16.422222137451172
intersection:20, mean_episode_reward:-46.19443893432617, mean_queue:19.48611068725586
Test step:3/2000, travel time :642.037691401649, rewards:-738.509375, queue:18.529761904761905, delay:0.4047892898478836, throughput:849
new best ATT=642.04 at episode 3 (metric=test)
step:3600/3600, q_loss:847.2639770507812, rewards:-563.4982638888889, queue:14.774206349206349, delay:0.37612198118179563, throughput:1762
episode:4/2000, real avg travel time:647.4625425652667
intersection:0, mean_episode_reward:-13.13481330871582, mean_queue:7.561110973358154
intersection:1, mean_episode_reward:-52.64168930053711, mean_queue:26.34166717529297
intersection:2, mean_episode_reward:-15.353338241577148, mean_queue:4.513888835906982
intersection:3, mean_episode_reward:-63.17498016357422, mean_queue:17.16666603088379
intersection:4, mean_episode_reward:-95.9779052734375, mean_queue:63.74166488647461
intersection:5, mean_episode_reward:-12.20814323425293, mean_queue:8.216666221618652
intersection:6, mean_episode_reward:-16.77925682067871, mean_queue:10.93055534362793
intersection:7, mean_episode_reward:-30.157041549682617, mean_queue:16.530555725097656
intersection:8, mean_episode_reward:-30.4144344329834, mean_queue:20.33888816833496
intersection:9, mean_episode_reward:-19.498056411743164, mean_queue:11.788888931274414
intersection:10, mean_episode_reward:-17.62667465209961, mean_queue:8.147222518920898
intersection:11, mean_episode_reward:-11.854257583618164, mean_queue:6.972222328186035
intersection:12, mean_episode_reward:-26.275177001953125, mean_queue:11.522222518920898
intersection:13, mean_episode_reward:-10.717290878295898, mean_queue:12.61388874053955
intersection:14, mean_episode_reward:-10.58749771118164, mean_queue:10.722222328186035
intersection:15, mean_episode_reward:-10.581853866577148, mean_queue:7.786110877990723
intersection:16, mean_episode_reward:-12.015365600585938, mean_queue:7.066666603088379
intersection:17, mean_episode_reward:-38.247215270996094, mean_queue:15.838889122009277
intersection:18, mean_episode_reward:-28.47518539428711, mean_queue:22.127777099609375
intersection:19, mean_episode_reward:-17.417591094970703, mean_queue:10.844444274902344
intersection:20, mean_episode_reward:-30.360557556152344, mean_queue:9.48611068725586
Test step:4/2000, travel time :449.39459084604715, rewards:-602.1277777777777, queue:15.31058201058201, delay:0.37055990229208, throughput:1442
new best ATT=449.39 at episode 4 (metric=test)
step:3600/3600, q_loss:1107.78759765625, rewards:-563.2705729166667, queue:14.915079365079364, delay:0.35827630260003307, throughput:1849
episode:5/2000, real avg travel time:608.8431584640346
intersection:0, mean_episode_reward:-12.204999923706055, mean_queue:7.025000095367432
intersection:1, mean_episode_reward:-59.68556213378906, mean_queue:29.927778244018555
intersection:2, mean_episode_reward:-14.256668090820312, mean_queue:4.233333110809326
intersection:3, mean_episode_reward:-67.35222625732422, mean_queue:18.28611183166504
intersection:4, mean_episode_reward:-82.02709197998047, mean_queue:54.47222137451172
intersection:5, mean_episode_reward:-11.235556602478027, mean_queue:7.511111259460449
intersection:6, mean_episode_reward:-16.89797019958496, mean_queue:11.063888549804688
intersection:7, mean_episode_reward:-27.843334197998047, mean_queue:15.30555534362793
intersection:8, mean_episode_reward:-38.44371032714844, mean_queue:26.09722137451172
intersection:9, mean_episode_reward:-24.899856567382812, mean_queue:16.094444274902344
intersection:10, mean_episode_reward:-14.514591217041016, mean_queue:7.891666889190674
intersection:11, mean_episode_reward:-11.51648235321045, mean_queue:6.797222137451172
intersection:12, mean_episode_reward:-15.197040557861328, mean_queue:6.963889122009277
intersection:13, mean_episode_reward:-10.41353988647461, mean_queue:12.561111450195312
intersection:14, mean_episode_reward:-12.212780952453613, mean_queue:12.336111068725586
intersection:15, mean_episode_reward:-9.938517570495605, mean_queue:7.344444274902344
intersection:16, mean_episode_reward:-14.473331451416016, mean_queue:8.827777862548828
intersection:17, mean_episode_reward:-45.60166549682617, mean_queue:18.377777099609375
intersection:18, mean_episode_reward:-27.78675079345703, mean_queue:21.90277862548828
intersection:19, mean_episode_reward:-15.17277717590332, mean_queue:10.125
intersection:20, mean_episode_reward:-31.59610939025879, mean_queue:10.072221755981445
Test step:5/2000, travel time :921.056527590848, rewards:-630.8263888888889, queue:16.520502645502646, delay:0.39249009228257276, throughput:743
step:3600/3600, q_loss:1196.1444091796875, rewards:-523.9797743055556, queue:14.033201058201058, delay:0.3129493350074405, throughput:2128
episode:6/2000, real avg travel time:486.51362781954884
intersection:0, mean_episode_reward:-11.447958946228027, mean_queue:6.64722204208374
intersection:1, mean_episode_reward:-52.729427337646484, mean_queue:26.452777862548828
intersection:2, mean_episode_reward:-13.145556449890137, mean_queue:3.9749999046325684
intersection:3, mean_episode_reward:-44.56890106201172, mean_queue:12.541666984558105
intersection:4, mean_episode_reward:-83.73955535888672, mean_queue:55.56666564941406
intersection:5, mean_episode_reward:-10.181855201721191, mean_queue:6.858333110809326
intersection:6, mean_episode_reward:-16.62963104248047, mean_queue:10.466666221618652
intersection:7, mean_episode_reward:-46.46277618408203, mean_queue:24.386110305786133
intersection:8, mean_episode_reward:-29.109638214111328, mean_queue:19.205554962158203
intersection:9, mean_episode_reward:-22.395822525024414, mean_queue:14.5
intersection:10, mean_episode_reward:-11.284164428710938, mean_queue:6.150000095367432
intersection:11, mean_episode_reward:-11.925742149353027, mean_queue:6.847222328186035
intersection:12, mean_episode_reward:-11.387968063354492, mean_queue:5.5722222328186035
intersection:13, mean_episode_reward:-10.101318359375, mean_queue:12.077777862548828
intersection:14, mean_episode_reward:-11.447497367858887, mean_queue:11.552778244018555
intersection:15, mean_episode_reward:-9.999629020690918, mean_queue:7.436110973358154
intersection:16, mean_episode_reward:-12.841668128967285, mean_queue:7.599999904632568
intersection:17, mean_episode_reward:-46.612213134765625, mean_queue:18.822221755981445
intersection:18, mean_episode_reward:-26.276945114135742, mean_queue:20.813888549804688
intersection:19, mean_episode_reward:-11.720924377441406, mean_queue:7.80555534362793
intersection:20, mean_episode_reward:-29.97055435180664, mean_queue:9.41944408416748
Test step:6/2000, travel time :446.61084745762713, rewards:-526.8930121527778, queue:13.247486772486772, delay:0.3054104598110946, throughput:1475
step:3600/3600, q_loss:1157.649169921875, rewards:-529.2264756944444, queue:13.886243386243386, delay:0.2874817863343254, throughput:2205
episode:7/2000, real avg travel time:461.38367346938776
intersection:0, mean_episode_reward:-13.470365524291992, mean_queue:7.777777671813965
intersection:1, mean_episode_reward:-53.052242279052734, mean_queue:26.600000381469727
intersection:2, mean_episode_reward:-10.048334121704102, mean_queue:3.1583333015441895
intersection:3, mean_episode_reward:-69.61109924316406, mean_queue:19.005556106567383
intersection:4, mean_episode_reward:-85.85791778564453, mean_queue:57.122222900390625
intersection:5, mean_episode_reward:-10.747405052185059, mean_queue:7.113888740539551
intersection:6, mean_episode_reward:-14.70166301727295, mean_queue:9.288888931274414
intersection:7, mean_episode_reward:-42.94426345825195, mean_queue:22.80555534362793
intersection:8, mean_episode_reward:-31.537778854370117, mean_queue:20.94444465637207
intersection:9, mean_episode_reward:-18.717357635498047, mean_queue:11.752778053283691
intersection:10, mean_episode_reward:-10.251664161682129, mean_queue:5.44444465637207
intersection:11, mean_episode_reward:-10.706296920776367, mean_queue:6.261111259460449
intersection:12, mean_episode_reward:-10.318522453308105, mean_queue:5.297222137451172
intersection:13, mean_episode_reward:-10.37993049621582, mean_queue:12.438888549804688
intersection:14, mean_episode_reward:-11.465274810791016, mean_queue:11.577777862548828
intersection:15, mean_episode_reward:-9.69222640991211, mean_queue:7.161110877990723
intersection:16, mean_episode_reward:-12.52037239074707, mean_queue:7.252777576446533
intersection:17, mean_episode_reward:-40.05777359008789, mean_queue:15.600000381469727
intersection:18, mean_episode_reward:-23.690834045410156, mean_queue:18.844444274902344
intersection:19, mean_episode_reward:-11.388520240783691, mean_queue:7.422222137451172
intersection:20, mean_episode_reward:-28.066675186157227, mean_queue:8.741666793823242
Test step:7/2000, travel time :427.7603896103896, rewards:-604.3526041666667, queue:15.838756613756614, delay:0.34320804656498016, throughput:1540
new best ATT=427.76 at episode 7 (metric=test)
step:3600/3600, q_loss:1091.4805908203125, rewards:-522.2458767361111, queue:14.047354497354497, delay:0.29213573314525465, throughput:2052
episode:8/2000, real avg travel time:448.54873294346976
intersection:0, mean_episode_reward:-10.212586402893066, mean_queue:6.0333333015441895
intersection:1, mean_episode_reward:-41.92055892944336, mean_queue:21.061111450195312
intersection:2, mean_episode_reward:-9.519444465637207, mean_queue:3.038888931274414
intersection:3, mean_episode_reward:-54.766109466552734, mean_queue:15.29444408416748
intersection:4, mean_episode_reward:-96.93630981445312, mean_queue:64.49722290039062
intersection:5, mean_episode_reward:-10.638520240783691, mean_queue:7.10277795791626
intersection:6, mean_episode_reward:-16.170373916625977, mean_queue:10.605555534362793
intersection:7, mean_episode_reward:-45.017765045166016, mean_queue:23.672222137451172
intersection:8, mean_episode_reward:-30.526288986206055, mean_queue:20.386110305786133
intersection:9, mean_episode_reward:-20.42722511291504, mean_queue:12.730555534362793
intersection:10, mean_episode_reward:-9.884583473205566, mean_queue:5.161110877990723
intersection:11, mean_episode_reward:-11.877220153808594, mean_queue:6.816666603088379
intersection:12, mean_episode_reward:-10.042037010192871, mean_queue:5.199999809265137
intersection:13, mean_episode_reward:-10.03923511505127, mean_queue:12.01388931274414
intersection:14, mean_episode_reward:-11.670278549194336, mean_queue:11.777777671813965
intersection:15, mean_episode_reward:-9.794073104858398, mean_queue:7.213889122009277
intersection:16, mean_episode_reward:-12.674077987670898, mean_queue:7.377777576446533
intersection:17, mean_episode_reward:-43.16722869873047, mean_queue:17.627777099609375
intersection:18, mean_episode_reward:-25.836198806762695, mean_queue:20.163888931274414
intersection:19, mean_episode_reward:-12.476293563842773, mean_queue:8.266666412353516
intersection:20, mean_episode_reward:-28.649438858032227, mean_queue:8.952777862548828
Test step:8/2000, travel time :445.5051124744376, rewards:-531.4506510416667, queue:12.95383597883598, delay:0.2752338389240245, throughput:1467
step:3600/3600, q_loss:1024.6312255859375, rewards:-498.0395399305556, queue:13.683730158730159, delay:0.2849177930720899, throughput:2110
episode:9/2000, real avg travel time:441.3857819905213
intersection:0, mean_episode_reward:-9.905365943908691, mean_queue:5.900000095367432
intersection:1, mean_episode_reward:-39.848880767822266, mean_queue:20.066667556762695
intersection:2, mean_episode_reward:-9.636667251586914, mean_queue:3.069444417953491
intersection:3, mean_episode_reward:-39.420555114746094, mean_queue:11.538888931274414
intersection:4, mean_episode_reward:-94.13502502441406, mean_queue:62.497222900390625
intersection:5, mean_episode_reward:-11.522595405578613, mean_queue:7.4083333015441895
intersection:6, mean_episode_reward:-15.830743789672852, mean_queue:10.56944465637207
intersection:7, mean_episode_reward:-41.83240509033203, mean_queue:22.191667556762695
intersection:8, mean_episode_reward:-32.45220947265625, mean_queue:21.6472225189209
intersection:9, mean_episode_reward:-16.68291473388672, mean_queue:10.733333587646484
intersection:10, mean_episode_reward:-9.872499465942383, mean_queue:5.169444561004639
intersection:11, mean_episode_reward:-11.099818229675293, mean_queue:6.44444465637207
intersection:12, mean_episode_reward:-9.948518753051758, mean_queue:5.144444465637207
intersection:13, mean_episode_reward:-9.786113739013672, mean_queue:11.777777671813965
intersection:14, mean_episode_reward:-11.682222366333008, mean_queue:11.772222518920898
intersection:15, mean_episode_reward:-10.002220153808594, mean_queue:7.4083333015441895
intersection:16, mean_episode_reward:-12.937041282653809, mean_queue:7.597222328186035
intersection:17, mean_episode_reward:-43.192779541015625, mean_queue:17.91666603088379
intersection:18, mean_episode_reward:-27.533048629760742, mean_queue:21.447221755981445
intersection:19, mean_episode_reward:-11.619072914123535, mean_queue:7.8027777671813965
intersection:20, mean_episode_reward:-29.098878860473633, mean_queue:9.255555152893066
Test step:9/2000, travel time :473.8910558170814, rewards:-548.8305989583333, queue:13.906878306878307, delay:0.3106966533358135, throughput:1487
step:3600/3600, q_loss:1000.441650390625, rewards:-501.9627170138889, queue:13.586904761904762, delay:0.2760193194031085, throughput:2073
episode:10/2000, real avg travel time:445.03810902074287
intersection:0, mean_episode_reward:-9.90888500213623, mean_queue:5.922222137451172
intersection:1, mean_episode_reward:-41.764442443847656, mean_queue:20.927778244018555
intersection:2, mean_episode_reward:-9.62722110748291, mean_queue:3.0638887882232666
intersection:3, mean_episode_reward:-47.931678771972656, mean_queue:13.58055591583252
intersection:4, mean_episode_reward:-97.82290649414062, mean_queue:64.97777557373047
intersection:5, mean_episode_reward:-10.181665420532227, mean_queue:6.741666793823242
intersection:6, mean_episode_reward:-16.778322219848633, mean_queue:10.994444847106934
intersection:7, mean_episode_reward:-44.611114501953125, mean_queue:23.572221755981445
intersection:8, mean_episode_reward:-30.68372344970703, mean_queue:20.744443893432617
intersection:9, mean_episode_reward:-13.373750686645508, mean_queue:8.541666984558105
intersection:10, mean_episode_reward:-9.9541654586792, mean_queue:5.238888740539551
intersection:11, mean_episode_reward:-10.152968406677246, mean_queue:5.97777795791626
intersection:12, mean_episode_reward:-9.978707313537598, mean_queue:5.163888931274414
intersection:13, mean_episode_reward:-9.77562427520752, mean_queue:11.719444274902344
intersection:14, mean_episode_reward:-11.059444427490234, mean_queue:11.199999809265137
intersection:15, mean_episode_reward:-9.981853485107422, mean_queue:7.4083333015441895
intersection:16, mean_episode_reward:-12.437589645385742, mean_queue:7.222222328186035
intersection:17, mean_episode_reward:-42.96833419799805, mean_queue:17.6027774810791
intersection:18, mean_episode_reward:-22.512041091918945, mean_queue:17.663888931274414
intersection:19, mean_episode_reward:-12.42166519165039, mean_queue:8.23611068725586
intersection:20, mean_episode_reward:-28.036664962768555, mean_queue:8.824999809265137
Test step:10/2000, travel time :475.3268998793727, rewards:-537.2466579861111, queue:14.173280423280424, delay:0.29961173244254297, throughput:1658
step:3600/3600, q_loss:945.9349365234375, rewards:-498.94409722222224, queue:13.475793650793651, delay:0.2786427654286541, throughput:2274
episode:11/2000, real avg travel time:519.6121372031662
intersection:0, mean_episode_reward:-10.208887100219727, mean_queue:6.058333396911621
intersection:1, mean_episode_reward:-46.15834045410156, mean_queue:23.116666793823242
intersection:2, mean_episode_reward:-9.539999961853027, mean_queue:3.0444445610046387
intersection:3, mean_episode_reward:-51.871116638183594, mean_queue:14.433333396911621
intersection:4, mean_episode_reward:-90.38502502441406, mean_queue:60.06388854980469
intersection:5, mean_episode_reward:-11.474077224731445, mean_queue:7.413888931274414
intersection:6, mean_episode_reward:-15.37221908569336, mean_queue:10.358333587646484
intersection:7, mean_episode_reward:-37.099082946777344, mean_queue:19.80555534362793
intersection:8, mean_episode_reward:-31.499805450439453, mean_queue:21.200000762939453
intersection:9, mean_episode_reward:-17.209440231323242, mean_queue:10.80555534362793
intersection:10, mean_episode_reward:-9.927084922790527, mean_queue:5.202777862548828
intersection:11, mean_episode_reward:-10.282597541809082, mean_queue:6.02222204208374
intersection:12, mean_episode_reward:-9.905182838439941, mean_queue:5.094444274902344
intersection:13, mean_episode_reward:-9.735069274902344, mean_queue:11.719444274902344
intersection:14, mean_episode_reward:-11.944726943969727, mean_queue:12.119444847106934
intersection:15, mean_episode_reward:-10.02629280090332, mean_queue:7.449999809265137
intersection:16, mean_episode_reward:-11.84333324432373, mean_queue:6.900000095367432
intersection:17, mean_episode_reward:-39.62723159790039, mean_queue:15.991666793823242
intersection:18, mean_episode_reward:-25.232410430908203, mean_queue:19.774999618530273
intersection:19, mean_episode_reward:-10.992778778076172, mean_queue:7.433333396911621
intersection:20, mean_episode_reward:-28.60942840576172, mean_queue:8.983333587646484
Test step:11/2000, travel time :418.8723010487353, rewards:-527.3523003472222, queue:13.382671957671958, delay:0.3004763648623512, throughput:1621
new best ATT=418.87 at episode 11 (metric=test)
step:3600/3600, q_loss:880.6785888671875, rewards:-492.3732638888889, queue:13.244708994708995, delay:0.2687341437768684, throughput:2134
episode:12/2000, real avg travel time:486.0998125585754
intersection:0, mean_episode_reward:-9.887221336364746, mean_queue:5.891666889190674
intersection:1, mean_episode_reward:-40.79111862182617, mean_queue:20.516666412353516
intersection:2, mean_episode_reward:-9.642777442932129, mean_queue:3.075000047683716
intersection:3, mean_episode_reward:-51.36279296875, mean_queue:14.258333206176758
intersection:4, mean_episode_reward:-87.85294342041016, mean_queue:58.349998474121094
intersection:5, mean_episode_reward:-11.018710136413574, mean_queue:7.155555725097656
intersection:6, mean_episode_reward:-16.66722297668457, mean_queue:10.958333015441895
intersection:7, mean_episode_reward:-41.55388259887695, mean_queue:21.927778244018555
intersection:8, mean_episode_reward:-31.299829483032227, mean_queue:21.09166717529297
intersection:9, mean_episode_reward:-11.52763557434082, mean_queue:7.583333492279053
intersection:10, mean_episode_reward:-9.820417404174805, mean_queue:5.130555629730225
intersection:11, mean_episode_reward:-10.173707008361816, mean_queue:6.0
intersection:12, mean_episode_reward:-10.091485023498535, mean_queue:5.14722204208374
intersection:13, mean_episode_reward:-9.734651565551758, mean_queue:11.697221755981445
intersection:14, mean_episode_reward:-11.79111099243164, mean_queue:11.908333778381348
intersection:15, mean_episode_reward:-10.028523445129395, mean_queue:7.461111068725586
intersection:16, mean_episode_reward:-11.93388557434082, mean_queue:6.9472222328186035
intersection:17, mean_episode_reward:-42.442787170410156, mean_queue:17.39444351196289
intersection:18, mean_episode_reward:-23.04397964477539, mean_queue:18.127777099609375
intersection:19, mean_episode_reward:-11.101850509643555, mean_queue:7.519444465637207
intersection:20, mean_episode_reward:-30.60666275024414, mean_queue:9.997221946716309
Test step:12/2000, travel time :433.9413942011104, rewards:-505.07348090277776, queue:12.543915343915344, delay:0.27810882083953375, throughput:1621
step:3600/3600, q_loss:869.264404296875, rewards:-497.23368055555557, queue:13.336243386243387, delay:0.27250598725818453, throughput:2136
episode:13/2000, real avg travel time:425.5852059925094
intersection:0, mean_episode_reward:-10.07592487335205, mean_queue:5.997222423553467
intersection:1, mean_episode_reward:-41.39445877075195, mean_queue:20.808332443237305
intersection:2, mean_episode_reward:-9.547779083251953, mean_queue:3.058333396911621
intersection:3, mean_episode_reward:-54.09052276611328, mean_queue:14.994444847106934
intersection:4, mean_episode_reward:-94.73584747314453, mean_queue:63.04166793823242
intersection:5, mean_episode_reward:-11.146114349365234, mean_queue:7.213889122009277
intersection:6, mean_episode_reward:-15.816293716430664, mean_queue:10.375
intersection:7, mean_episode_reward:-42.63279724121094, mean_queue:22.68055534362793
intersection:8, mean_episode_reward:-32.63518142700195, mean_queue:21.58888816833496
intersection:9, mean_episode_reward:-12.703751564025879, mean_queue:7.955555438995361
intersection:10, mean_episode_reward:-9.784998893737793, mean_queue:5.122222423553467
intersection:11, mean_episode_reward:-10.179262161254883, mean_queue:6.038888931274414
intersection:12, mean_episode_reward:-10.023889541625977, mean_queue:5.155555725097656
intersection:13, mean_episode_reward:-9.729722023010254, mean_queue:11.66944408416748
intersection:14, mean_episode_reward:-11.5841646194458, mean_queue:11.741666793823242
intersection:15, mean_episode_reward:-10.058147430419922, mean_queue:7.472222328186035
intersection:16, mean_episode_reward:-11.92351245880127, mean_queue:6.9277777671813965
intersection:17, mean_episode_reward:-39.01832962036133, mean_queue:15.983333587646484
intersection:18, mean_episode_reward:-19.519073486328125, mean_queue:15.347222328186035
intersection:19, mean_episode_reward:-10.627225875854492, mean_queue:7.222222328186035
intersection:20, mean_episode_reward:-30.006664276123047, mean_queue:9.666666984558105
Test step:13/2000, travel time :413.9742441209406, rewards:-570.0168402777778, queue:14.858068783068783, delay:0.2838298171916336, throughput:1786
new best ATT=413.97 at episode 13 (metric=test)
step:3600/3600, q_loss:874.0828857421875, rewards:-496.81553819444446, queue:13.371825396825397, delay:0.26241495445291835, throughput:2323
episode:14/2000, real avg travel time:453.0770555316401
intersection:0, mean_episode_reward:-9.862035751342773, mean_queue:5.916666507720947
intersection:1, mean_episode_reward:-39.521671295166016, mean_queue:19.86111068725586
intersection:2, mean_episode_reward:-9.537222862243652, mean_queue:3.058333396911621
intersection:3, mean_episode_reward:-52.42499923706055, mean_queue:14.716666221618652
intersection:4, mean_episode_reward:-98.71839141845703, mean_queue:65.5888900756836
intersection:5, mean_episode_reward:-10.646852493286133, mean_queue:6.955555438995361
intersection:6, mean_episode_reward:-15.194632530212402, mean_queue:10.155555725097656
intersection:7, mean_episode_reward:-42.87370300292969, mean_queue:22.73055648803711
intersection:8, mean_episode_reward:-30.984081268310547, mean_queue:20.883333206176758
intersection:9, mean_episode_reward:-10.78749942779541, mean_queue:7.0
intersection:10, mean_episode_reward:-9.925833702087402, mean_queue:5.202777862548828
intersection:11, mean_episode_reward:-10.080188751220703, mean_queue:5.972222328186035
intersection:12, mean_episode_reward:-9.760743141174316, mean_queue:5.011111259460449
intersection:13, mean_episode_reward:-9.753890991210938, mean_queue:11.76111125946045
intersection:14, mean_episode_reward:-11.655004501342773, mean_queue:11.802778244018555
intersection:15, mean_episode_reward:-10.095556259155273, mean_queue:7.505555629730225
intersection:16, mean_episode_reward:-12.59833812713623, mean_queue:7.230555534362793
intersection:17, mean_episode_reward:-41.389991760253906, mean_queue:16.927778244018555
intersection:18, mean_episode_reward:-18.53824806213379, mean_queue:14.686111450195312
intersection:19, mean_episode_reward:-10.633893966674805, mean_queue:7.138888835906982
intersection:20, mean_episode_reward:-31.83277130126953, mean_queue:10.702777862548828
Test step:14/2000, travel time :402.8474576271187, rewards:-513.8173611111112, queue:13.371693121693122, delay:0.2864589792080027, throughput:1770
new best ATT=402.85 at episode 14 (metric=test)
step:3600/3600, q_loss:882.4822387695312, rewards:-493.94327256944445, queue:12.814814814814815, delay:0.2546329235904431, throughput:2191
episode:15/2000, real avg travel time:486.6115928799635
intersection:0, mean_episode_reward:-10.05055046081543, mean_queue:5.97777795791626
intersection:1, mean_episode_reward:-34.91999053955078, mean_queue:17.516666412353516
intersection:2, mean_episode_reward:-9.760555267333984, mean_queue:3.1194443702697754
intersection:3, mean_episode_reward:-82.97054290771484, mean_queue:22.22222137451172
intersection:4, mean_episode_reward:-83.51875305175781, mean_queue:55.44722366333008
intersection:5, mean_episode_reward:-11.572221755981445, mean_queue:7.44444465637207
intersection:6, mean_episode_reward:-22.729806900024414, mean_queue:13.897222518920898
intersection:7, mean_episode_reward:-38.18704605102539, mean_queue:20.33333396911621
intersection:8, mean_episode_reward:-31.68186378479004, mean_queue:21.2277774810791
intersection:9, mean_episode_reward:-10.848610877990723, mean_queue:7.22777795791626
intersection:10, mean_episode_reward:-9.714582443237305, mean_queue:5.0916666984558105
intersection:11, mean_episode_reward:-9.92556095123291, mean_queue:5.922222137451172
intersection:12, mean_episode_reward:-9.911667823791504, mean_queue:5.125
intersection:13, mean_episode_reward:-9.774441719055176, mean_queue:11.688888549804688
intersection:14, mean_episode_reward:-11.240278244018555, mean_queue:11.369444847106934
intersection:15, mean_episode_reward:-9.705558776855469, mean_queue:7.1777777671813965
intersection:16, mean_episode_reward:-12.1090726852417, mean_queue:7.06944465637207
intersection:17, mean_episode_reward:-28.522218704223633, mean_queue:11.100000381469727
intersection:18, mean_episode_reward:-18.12361717224121, mean_queue:14.286110877990723
intersection:19, mean_episode_reward:-10.473517417907715, mean_queue:7.038888931274414
intersection:20, mean_episode_reward:-28.202777862548828, mean_queue:8.827777862548828
Test step:15/2000, travel time :436.77235294117645, rewards:-619.8936197916667, queue:16.322751322751323, delay:0.307781982421875, throughput:1700
step:3600/3600, q_loss:901.2194213867188, rewards:-445.6699652777778, queue:12.432275132275132, delay:0.23562029480303406, throughput:2756
episode:16/2000, real avg travel time:487.49346879535557
intersection:0, mean_episode_reward:-9.82851791381836, mean_queue:5.866666793823242
intersection:1, mean_episode_reward:-38.850555419921875, mean_queue:19.516666412353516
intersection:2, mean_episode_reward:-9.876667976379395, mean_queue:3.133333444595337
intersection:3, mean_episode_reward:-24.99888801574707, mean_queue:7.702777862548828
intersection:4, mean_episode_reward:-88.59251403808594, mean_queue:58.974998474121094
intersection:5, mean_episode_reward:-9.923892974853516, mean_queue:6.650000095367432
intersection:6, mean_episode_reward:-12.811298370361328, mean_queue:8.399999618530273
intersection:7, mean_episode_reward:-41.291847229003906, mean_queue:21.994443893432617
intersection:8, mean_episode_reward:-30.413143157958984, mean_queue:20.43055534362793
intersection:9, mean_episode_reward:-10.424996376037598, mean_queue:6.961111068725586
intersection:10, mean_episode_reward:-9.645834922790527, mean_queue:5.025000095367432
intersection:11, mean_episode_reward:-10.065741539001465, mean_queue:6.013888835906982
intersection:12, mean_episode_reward:-9.760001182556152, mean_queue:5.02222204208374
intersection:13, mean_episode_reward:-9.825141906738281, mean_queue:11.813888549804688
intersection:14, mean_episode_reward:-12.873891830444336, mean_queue:12.969444274902344
intersection:15, mean_episode_reward:-9.826665878295898, mean_queue:7.25
intersection:16, mean_episode_reward:-13.244818687438965, mean_queue:7.952777862548828
intersection:17, mean_episode_reward:-34.457786560058594, mean_queue:14.05555534362793
intersection:18, mean_episode_reward:-18.032594680786133, mean_queue:14.31944465637207
intersection:19, mean_episode_reward:-10.378520011901855, mean_queue:6.911110877990723
intersection:20, mean_episode_reward:-30.54665184020996, mean_queue:10.11388874053955
Test step:16/2000, travel time :425.4639296187683, rewards:-561.2901909722223, queue:14.137433862433863, delay:0.2867317966683201, throughput:1705
step:3600/3600, q_loss:881.0263671875, rewards:-491.83311631944446, queue:13.08505291005291, delay:0.24207485945767196, throughput:2566
episode:17/2000, real avg travel time:470.06274356975837
intersection:0, mean_episode_reward:-9.758698463439941, mean_queue:5.8027777671813965
intersection:1, mean_episode_reward:-52.67667007446289, mean_queue:26.386110305786133
intersection:2, mean_episode_reward:-9.592779159545898, mean_queue:3.049999952316284
intersection:3, mean_episode_reward:-60.4900016784668, mean_queue:16.63888931274414
intersection:4, mean_episode_reward:-87.93753051757812, mean_queue:58.477779388427734
intersection:5, mean_episode_reward:-10.011483192443848, mean_queue:6.661110877990723
intersection:6, mean_episode_reward:-18.03944206237793, mean_queue:11.322221755981445
intersection:7, mean_episode_reward:-39.237403869628906, mean_queue:20.919445037841797
intersection:8, mean_episode_reward:-31.281301498413086, mean_queue:21.100000381469727
intersection:9, mean_episode_reward:-10.532918930053711, mean_queue:6.97777795791626
intersection:10, mean_episode_reward:-9.671248435974121, mean_queue:5.047222137451172
intersection:11, mean_episode_reward:-9.934449195861816, mean_queue:5.994444370269775
intersection:12, mean_episode_reward:-9.789631843566895, mean_queue:5.044444561004639
intersection:13, mean_episode_reward:-9.842571258544922, mean_queue:11.850000381469727
intersection:14, mean_episode_reward:-12.29000473022461, mean_queue:12.380555152893066
intersection:15, mean_episode_reward:-9.792221069335938, mean_queue:7.213889122009277
intersection:16, mean_episode_reward:-11.49777603149414, mean_queue:6.997222423553467
intersection:17, mean_episode_reward:-34.524986267089844, mean_queue:14.286110877990723
intersection:18, mean_episode_reward:-15.592320442199707, mean_queue:12.438888549804688
intersection:19, mean_episode_reward:-10.080740928649902, mean_queue:6.7833333015441895
intersection:20, mean_episode_reward:-29.258880615234375, mean_queue:9.413888931274414
Test step:17/2000, travel time :437.86557930258715, rewards:-556.6056423611111, queue:14.85925925925926, delay:0.2799027377335483, throughput:1778
step:3600/3600, q_loss:856.6251220703125, rewards:-499.38880208333336, queue:13.39510582010582, delay:0.26636610888930223, throughput:2274
episode:18/2000, real avg travel time:413.4934036939314
intersection:0, mean_episode_reward:-10.059259414672852, mean_queue:6.066666603088379
intersection:1, mean_episode_reward:-38.10221862792969, mean_queue:19.155555725097656
intersection:2, mean_episode_reward:-9.62055492401123, mean_queue:3.055555582046509
intersection:3, mean_episode_reward:-59.046669006347656, mean_queue:16.325000762939453
intersection:4, mean_episode_reward:-91.70793151855469, mean_queue:60.900001525878906
intersection:5, mean_episode_reward:-9.984817504882812, mean_queue:6.669444561004639
intersection:6, mean_episode_reward:-17.34537124633789, mean_queue:11.380555152893066
intersection:7, mean_episode_reward:-43.14665985107422, mean_queue:22.799999237060547
intersection:8, mean_episode_reward:-32.562965393066406, mean_queue:21.91666603088379
intersection:9, mean_episode_reward:-10.350970268249512, mean_queue:6.894444465637207
intersection:10, mean_episode_reward:-9.671249389648438, mean_queue:5.044444561004639
intersection:11, mean_episode_reward:-10.189812660217285, mean_queue:6.074999809265137
intersection:12, mean_episode_reward:-9.77796459197998, mean_queue:5.038888931274414
intersection:13, mean_episode_reward:-9.75715446472168, mean_queue:11.68055534362793
intersection:14, mean_episode_reward:-12.760009765625, mean_queue:12.891666412353516
intersection:15, mean_episode_reward:-9.882593154907227, mean_queue:7.261111259460449
intersection:16, mean_episode_reward:-12.426484107971191, mean_queue:7.699999809265137
intersection:17, mean_episode_reward:-41.142791748046875, mean_queue:17.255556106567383
intersection:18, mean_episode_reward:-19.41777801513672, mean_queue:15.391666412353516
intersection:19, mean_episode_reward:-11.008333206176758, mean_queue:7.405555725097656
intersection:20, mean_episode_reward:-31.427196502685547, mean_queue:10.38888931274414
Test step:18/2000, travel time :396.4422423556059, rewards:-494.4486979166667, queue:12.325529100529101, delay:0.2648697787491733, throughput:1766
new best ATT=396.44 at episode 18 (metric=test)
step:3600/3600, q_loss:848.1378173828125, rewards:-472.544140625, queue:12.667195767195768, delay:0.256237550765749, throughput:2560
episode:19/2000, real avg travel time:455.30625
intersection:0, mean_episode_reward:-9.991291999816895, mean_queue:5.969444274902344
intersection:1, mean_episode_reward:-34.508872985839844, mean_queue:17.322221755981445
intersection:2, mean_episode_reward:-9.65111255645752, mean_queue:3.066666603088379
intersection:3, mean_episode_reward:-54.47943878173828, mean_queue:15.005555152893066
intersection:4, mean_episode_reward:-77.48417663574219, mean_queue:51.5805549621582
intersection:5, mean_episode_reward:-11.00444221496582, mean_queue:7.1583333015441895
intersection:6, mean_episode_reward:-18.799633026123047, mean_queue:11.88611125946045
intersection:7, mean_episode_reward:-37.680747985839844, mean_queue:19.94444465637207
intersection:8, mean_episode_reward:-34.85554504394531, mean_queue:23.51944351196289
intersection:9, mean_episode_reward:-10.319580078125, mean_queue:6.886111259460449
intersection:10, mean_episode_reward:-9.60291576385498, mean_queue:4.938889026641846
intersection:11, mean_episode_reward:-10.30870532989502, mean_queue:6.22777795791626
intersection:12, mean_episode_reward:-9.702778816223145, mean_queue:4.988888740539551
intersection:13, mean_episode_reward:-9.823813438415527, mean_queue:11.769444465637207
intersection:14, mean_episode_reward:-12.501943588256836, mean_queue:12.63611125946045
intersection:15, mean_episode_reward:-9.957039833068848, mean_queue:7.3222222328186035
intersection:16, mean_episode_reward:-11.267037391662598, mean_queue:6.847222328186035
intersection:17, mean_episode_reward:-41.4699821472168, mean_queue:17.747222900390625
intersection:18, mean_episode_reward:-14.820457458496094, mean_queue:11.93055534362793
intersection:19, mean_episode_reward:-10.940743446350098, mean_queue:7.411110877990723
intersection:20, mean_episode_reward:-33.37388229370117, mean_queue:11.852777481079102
Test step:19/2000, travel time :385.44, rewards:-569.6544270833333, queue:14.890079365079366, delay:0.2845396657469411, throughput:1775
new best ATT=385.44 at episode 19 (metric=test)
step:3600/3600, q_loss:852.1735229492188, rewards:-480.47586805555557, queue:12.529232804232803, delay:0.25092289031498016, throughput:2358
episode:20/2000, real avg travel time:412.7192536047498
intersection:0, mean_episode_reward:-9.926848411560059, mean_queue:5.963889122009277
intersection:1, mean_episode_reward:-35.994991302490234, mean_queue:18.09722137451172
intersection:2, mean_episode_reward:-9.550559043884277, mean_queue:3.058333396911621
intersection:3, mean_episode_reward:-72.95829772949219, mean_queue:19.69444465637207
intersection:4, mean_episode_reward:-87.29875183105469, mean_queue:57.96111297607422
intersection:5, mean_episode_reward:-10.145183563232422, mean_queue:6.830555438995361
intersection:6, mean_episode_reward:-20.69019317626953, mean_queue:12.902777671813965
intersection:7, mean_episode_reward:-35.02555465698242, mean_queue:18.69444465637207
intersection:8, mean_episode_reward:-12.055551528930664, mean_queue:6.808333396911621
intersection:9, mean_episode_reward:-10.590002059936523, mean_queue:7.02222204208374
intersection:10, mean_episode_reward:-9.656668663024902, mean_queue:5.02222204208374
intersection:11, mean_episode_reward:-10.048521995544434, mean_queue:6.0527777671813965
intersection:12, mean_episode_reward:-9.912225723266602, mean_queue:5.083333492279053
intersection:13, mean_episode_reward:-9.727291107177734, mean_queue:11.683333396911621
intersection:14, mean_episode_reward:-12.048334121704102, mean_queue:12.16944408416748
intersection:15, mean_episode_reward:-9.951483726501465, mean_queue:7.311110973358154
intersection:16, mean_episode_reward:-11.639812469482422, mean_queue:7.0916666984558105
intersection:17, mean_episode_reward:-39.76056671142578, mean_queue:16.955554962158203
intersection:18, mean_episode_reward:-20.669160842895508, mean_queue:16.452777862548828
intersection:19, mean_episode_reward:-12.556479454040527, mean_queue:8.505555152893066
intersection:20, mean_episode_reward:-30.26943016052246, mean_queue:9.752778053283691
Test step:20/2000, travel time :380.9198140615921, rewards:-569.8766927083333, queue:14.81468253968254, delay:0.2983499193948413, throughput:1721
new best ATT=380.92 at episode 20 (metric=test)
step:3600/3600, q_loss:813.50537109375, rewards:-497.0984375, queue:12.973677248677248, delay:0.24515422841228504, throughput:2249
episode:21/2000, real avg travel time:377.03779457536683
intersection:0, mean_episode_reward:-9.962961196899414, mean_queue:5.9666666984558105
intersection:1, mean_episode_reward:-39.8155517578125, mean_queue:19.938888549804688
intersection:2, mean_episode_reward:-9.556110382080078, mean_queue:3.0611112117767334
intersection:3, mean_episode_reward:-72.78334045410156, mean_queue:19.65833282470703
intersection:4, mean_episode_reward:-93.37210083007812, mean_queue:61.9555549621582
intersection:5, mean_episode_reward:-10.057221412658691, mean_queue:6.744444370269775
intersection:6, mean_episode_reward:-22.53592300415039, mean_queue:13.533333778381348
intersection:7, mean_episode_reward:-47.83574676513672, mean_queue:25.024999618530273
intersection:8, mean_episode_reward:-18.33666229248047, mean_queue:11.394444465637207
intersection:9, mean_episode_reward:-10.451533317565918, mean_queue:6.963889122009277
intersection:10, mean_episode_reward:-9.626251220703125, mean_queue:4.988888740539551
intersection:11, mean_episode_reward:-9.991299629211426, mean_queue:6.0333333015441895
intersection:12, mean_episode_reward:-9.781665802001953, mean_queue:5.038888931274414
intersection:13, mean_episode_reward:-9.794583320617676, mean_queue:11.755555152893066
intersection:14, mean_episode_reward:-12.468058586120605, mean_queue:12.524999618530273
intersection:15, mean_episode_reward:-9.85851764678955, mean_queue:7.230555534362793
intersection:16, mean_episode_reward:-11.666111946105957, mean_queue:7.191666603088379
intersection:17, mean_episode_reward:-30.523900985717773, mean_queue:11.880555152893066
intersection:18, mean_episode_reward:-20.13184928894043, mean_queue:15.827777862548828
intersection:19, mean_episode_reward:-10.33685302734375, mean_queue:6.969444274902344
intersection:20, mean_episode_reward:-28.212215423583984, mean_queue:8.76388931274414
Test step:21/2000, travel time :352.429566148902, rewards:-574.36953125, queue:14.894312169312169, delay:0.25177657515914353, throughput:1867
new best ATT=352.43 at episode 21 (metric=test)
step:3600/3600, q_loss:837.7494506835938, rewards:-497.3080729166667, queue:13.212962962962964, delay:0.2561894008091518, throughput:2276
episode:22/2000, real avg travel time:393.8774165202109
intersection:0, mean_episode_reward:-9.935555458068848, mean_queue:5.952777862548828
intersection:1, mean_episode_reward:-37.85946273803711, mean_queue:19.011110305786133
intersection:2, mean_episode_reward:-9.60222053527832, mean_queue:3.055555582046509
intersection:3, mean_episode_reward:-62.879432678222656, mean_queue:17.063888549804688
intersection:4, mean_episode_reward:-91.8258056640625, mean_queue:60.93055725097656
intersection:5, mean_episode_reward:-9.769631385803223, mean_queue:6.544444561004639
intersection:6, mean_episode_reward:-18.44203758239746, mean_queue:11.269444465637207
intersection:7, mean_episode_reward:-44.975730895996094, mean_queue:23.616666793823242
intersection:8, mean_episode_reward:-29.53351593017578, mean_queue:19.688888549804688
intersection:9, mean_episode_reward:-10.44444751739502, mean_queue:6.974999904632568
intersection:10, mean_episode_reward:-9.77583122253418, mean_queue:5.061110973358154
intersection:11, mean_episode_reward:-9.994447708129883, mean_queue:5.9666666984558105
intersection:12, mean_episode_reward:-9.804818153381348, mean_queue:5.061110973358154
intersection:13, mean_episode_reward:-9.761113166809082, mean_queue:11.708333015441895
intersection:14, mean_episode_reward:-12.390830993652344, mean_queue:12.48888874053955
intersection:15, mean_episode_reward:-10.002222061157227, mean_queue:7.386111259460449
intersection:16, mean_episode_reward:-11.506478309631348, mean_queue:7.005555629730225
intersection:17, mean_episode_reward:-38.887779235839844, mean_queue:16.15833282470703
intersection:18, mean_episode_reward:-19.775096893310547, mean_queue:15.797222137451172
intersection:19, mean_episode_reward:-10.409443855285645, mean_queue:7.027777671813965
intersection:20, mean_episode_reward:-29.732221603393555, mean_queue:9.702777862548828
Test step:22/2000, travel time :366.6751807228916, rewards:-502.46649305555553, queue:12.723280423280423, delay:0.26477343039537865, throughput:2075
step:3600/3600, q_loss:825.05859375, rewards:-488.96671006944445, queue:12.705026455026456, delay:0.2542617394179894, throughput:2141
episode:23/2000, real avg travel time:425.2241943017282
intersection:0, mean_episode_reward:-9.765182495117188, mean_queue:5.855555534362793
intersection:1, mean_episode_reward:-37.64445114135742, mean_queue:18.880556106567383
intersection:2, mean_episode_reward:-9.591110229492188, mean_queue:3.0611112117767334
intersection:3, mean_episode_reward:-74.66500854492188, mean_queue:20.005556106567383
intersection:4, mean_episode_reward:-80.98667907714844, mean_queue:53.73611068725586
intersection:5, mean_episode_reward:-10.75074291229248, mean_queue:7.088889122009277
intersection:6, mean_episode_reward:-22.920190811157227, mean_queue:13.866666793823242
intersection:7, mean_episode_reward:-40.6357307434082, mean_queue:21.4777774810791
intersection:8, mean_episode_reward:-23.265735626220703, mean_queue:15.155555725097656
intersection:9, mean_episode_reward:-10.474862098693848, mean_queue:6.94444465637207
intersection:10, mean_episode_reward:-9.687500953674316, mean_queue:4.997222423553467
intersection:11, mean_episode_reward:-10.129817962646484, mean_queue:6.074999809265137
intersection:12, mean_episode_reward:-9.931853294372559, mean_queue:5.088889122009277
intersection:13, mean_episode_reward:-9.650554656982422, mean_queue:11.61111068725586
intersection:14, mean_episode_reward:-12.670278549194336, mean_queue:12.783333778381348
intersection:15, mean_episode_reward:-9.90185260772705, mean_queue:7.261111259460449
intersection:16, mean_episode_reward:-12.293145179748535, mean_queue:7.644444465637207
intersection:17, mean_episode_reward:-34.195552825927734, mean_queue:13.29444408416748
intersection:18, mean_episode_reward:-18.907777786254883, mean_queue:15.13611125946045
intersection:19, mean_episode_reward:-10.494257926940918, mean_queue:7.094444274902344
intersection:20, mean_episode_reward:-30.404443740844727, mean_queue:9.747221946716309
Test step:23/2000, travel time :416.805152979066, rewards:-530.651171875, queue:14.144973544973546, delay:0.27466230442915013, throughput:1863
step:3600/3600, q_loss:843.3196411132812, rewards:-474.281640625, queue:12.197883597883598, delay:0.24558409029844577, throughput:2496
episode:24/2000, real avg travel time:428.3161057692308
intersection:0, mean_episode_reward:-9.885367393493652, mean_queue:5.900000095367432
intersection:1, mean_episode_reward:-37.255008697509766, mean_queue:18.697221755981445
intersection:2, mean_episode_reward:-9.55000114440918, mean_queue:3.0611112117767334
intersection:3, mean_episode_reward:-78.09281158447266, mean_queue:20.975000381469727
intersection:4, mean_episode_reward:-77.02750396728516, mean_queue:51.0805549621582
intersection:5, mean_episode_reward:-10.31944465637207, mean_queue:6.905555725097656
intersection:6, mean_episode_reward:-19.802967071533203, mean_queue:11.936111450195312
intersection:7, mean_episode_reward:-42.93943786621094, mean_queue:22.669445037841797
intersection:8, mean_episode_reward:-11.72296142578125, mean_queue:6.627777576446533
intersection:9, mean_episode_reward:-10.35291576385498, mean_queue:6.875
intersection:10, mean_episode_reward:-9.764167785644531, mean_queue:5.063889026641846
intersection:11, mean_episode_reward:-10.161112785339355, mean_queue:6.088889122009277
intersection:12, mean_episode_reward:-9.869629859924316, mean_queue:5.063889026641846
intersection:13, mean_episode_reward:-9.78396224975586, mean_queue:11.79444408416748
intersection:14, mean_episode_reward:-12.946944236755371, mean_queue:13.083333015441895
intersection:15, mean_episode_reward:-9.832222938537598, mean_queue:7.233333110809326
intersection:16, mean_episode_reward:-12.129816055297852, mean_queue:7.491666793823242
intersection:17, mean_episode_reward:-35.0816650390625, mean_queue:14.675000190734863
intersection:18, mean_episode_reward:-19.079071044921875, mean_queue:14.908333778381348
intersection:19, mean_episode_reward:-10.737409591674805, mean_queue:7.18055534362793
intersection:20, mean_episode_reward:-27.947233200073242, mean_queue:8.844444274902344
Test step:24/2000, travel time :365.17724288840265, rewards:-499.2840277777778, queue:13.59457671957672, delay:0.2600264614852017, throughput:2285
step:3600/3600, q_loss:835.797607421875, rewards:-491.935546875, queue:12.847486772486773, delay:0.24771986865492726, throughput:2316
episode:25/2000, real avg travel time:365.9145077720207
intersection:0, mean_episode_reward:-9.637219429016113, mean_queue:5.763888835906982
intersection:1, mean_episode_reward:-33.51055145263672, mean_queue:16.883333206176758
intersection:2, mean_episode_reward:-9.895556449890137, mean_queue:3.1583333015441895
intersection:3, mean_episode_reward:-74.17169952392578, mean_queue:19.913888931274414
intersection:4, mean_episode_reward:-79.53166961669922, mean_queue:52.786109924316406
intersection:5, mean_episode_reward:-9.845190048217773, mean_queue:6.544444561004639
intersection:6, mean_episode_reward:-21.25203514099121, mean_queue:12.875
intersection:7, mean_episode_reward:-40.328155517578125, mean_queue:21.436111450195312
intersection:8, mean_episode_reward:-31.716657638549805, mean_queue:21.266666412353516
intersection:9, mean_episode_reward:-10.533886909484863, mean_queue:6.994444370269775
intersection:10, mean_episode_reward:-9.617916107177734, mean_queue:4.93055534362793
intersection:11, mean_episode_reward:-9.944634437561035, mean_queue:5.938889026641846
intersection:12, mean_episode_reward:-9.942595481872559, mean_queue:5.097222328186035
intersection:13, mean_episode_reward:-9.734793663024902, mean_queue:11.722222328186035
intersection:14, mean_episode_reward:-12.715002059936523, mean_queue:12.833333015441895
intersection:15, mean_episode_reward:-9.906667709350586, mean_queue:7.275000095367432
intersection:16, mean_episode_reward:-12.126847267150879, mean_queue:7.505555629730225
intersection:17, mean_episode_reward:-41.38555908203125, mean_queue:17.33333396911621
intersection:18, mean_episode_reward:-17.35232162475586, mean_queue:13.708333015441895
intersection:19, mean_episode_reward:-10.035553932189941, mean_queue:6.780555725097656
intersection:20, mean_episode_reward:-28.7511043548584, mean_queue:9.050000190734863
Test step:25/2000, travel time :383.3917025862069, rewards:-535.3262152777778, queue:13.640079365079366, delay:0.2551959163928158, throughput:1856
step:3600/3600, q_loss:854.5222778320312, rewards:-474.2682291666667, queue:12.43994708994709, delay:0.23998130515769675, throughput:2407
episode:26/2000, real avg travel time:425.7353552139593
intersection:0, mean_episode_reward:-9.64277458190918, mean_queue:5.775000095367432
intersection:1, mean_episode_reward:-34.20611572265625, mean_queue:17.183332443237305
intersection:2, mean_episode_reward:-9.633889198303223, mean_queue:3.075000047683716
intersection:3, mean_episode_reward:-71.3255615234375, mean_queue:19.19444465637207
intersection:4, mean_episode_reward:-82.3687515258789, mean_queue:54.713890075683594
intersection:5, mean_episode_reward:-10.483705520629883, mean_queue:6.941666603088379
intersection:6, mean_episode_reward:-22.407215118408203, mean_queue:13.438888549804688
intersection:7, mean_episode_reward:-31.76924705505371, mean_queue:17.18055534362793
intersection:8, mean_episode_reward:-25.743331909179688, mean_queue:17.005556106567383
intersection:9, mean_episode_reward:-10.453750610351562, mean_queue:6.94444465637207
intersection:10, mean_episode_reward:-9.72958755493164, mean_queue:5.041666507720947
intersection:11, mean_episode_reward:-9.932597160339355, mean_queue:5.9277777671813965
intersection:12, mean_episode_reward:-9.958891868591309, mean_queue:5.099999904632568
intersection:13, mean_episode_reward:-9.795485496520996, mean_queue:11.688888549804688
intersection:14, mean_episode_reward:-11.331666946411133, mean_queue:11.48611068725586
intersection:15, mean_episode_reward:-10.035557746887207, mean_queue:7.402777671813965
intersection:16, mean_episode_reward:-10.801294326782227, mean_queue:6.5333333015441895
intersection:17, mean_episode_reward:-39.676673889160156, mean_queue:16.844444274902344
intersection:18, mean_episode_reward:-17.12565040588379, mean_queue:13.655555725097656
intersection:19, mean_episode_reward:-11.120928764343262, mean_queue:7.544444561004639
intersection:20, mean_episode_reward:-26.725542068481445, mean_queue:8.561111450195312
Test step:26/2000, travel time :414.2299035369775, rewards:-471.09934895833334, queue:11.658201058201058, delay:0.25068033208291995, throughput:1866
step:3600/3600, q_loss:833.8187255859375, rewards:-483.0729166666667, queue:12.524470899470899, delay:0.24225767428282077, throughput:2464
episode:27/2000, real avg travel time:448.24918831168833
intersection:0, mean_episode_reward:-9.63518238067627, mean_queue:5.761111259460449
intersection:1, mean_episode_reward:-34.12554931640625, mean_queue:17.172222137451172
intersection:2, mean_episode_reward:-9.547779083251953, mean_queue:3.0416667461395264
intersection:3, mean_episode_reward:-76.77275848388672, mean_queue:20.580554962158203
intersection:4, mean_episode_reward:-75.9604263305664, mean_queue:50.31111145019531
intersection:5, mean_episode_reward:-10.192410469055176, mean_queue:6.797222137451172
intersection:6, mean_episode_reward:-19.091665267944336, mean_queue:11.574999809265137
intersection:7, mean_episode_reward:-42.30427551269531, mean_queue:22.461111068725586
intersection:8, mean_episode_reward:-26.245174407958984, mean_queue:17.31944465637207
intersection:9, mean_episode_reward:-10.36708927154541, mean_queue:6.8416666984558105
intersection:10, mean_episode_reward:-9.753334999084473, mean_queue:5.027777671813965
intersection:11, mean_episode_reward:-9.943520545959473, mean_queue:5.969444274902344
intersection:12, mean_episode_reward:-10.024447441101074, mean_queue:5.125
intersection:13, mean_episode_reward:-9.71562671661377, mean_queue:11.711111068725586
intersection:14, mean_episode_reward:-12.69694709777832, mean_queue:12.833333015441895
intersection:15, mean_episode_reward:-9.863706588745117, mean_queue:7.230555534362793
intersection:16, mean_episode_reward:-12.282227516174316, mean_queue:7.55555534362793
intersection:17, mean_episode_reward:-36.923336029052734, mean_queue:15.661110877990723
intersection:18, mean_episode_reward:-16.42185401916504, mean_queue:12.963889122009277
intersection:19, mean_episode_reward:-10.175559043884277, mean_queue:6.838889122009277
intersection:20, mean_episode_reward:-31.030004501342773, mean_queue:10.23611068725586
Test step:27/2000, travel time :376.30825116761804, rewards:-516.15703125, queue:13.53452380952381, delay:0.2618852080491485, throughput:1927
step:3600/3600, q_loss:847.4949951171875, rewards:-443.2682291666667, queue:11.626719576719577, delay:0.239276123046875, throughput:2502
episode:28/2000, real avg travel time:446.87849720223824
intersection:0, mean_episode_reward:-9.962224960327148, mean_queue:5.941666603088379
intersection:1, mean_episode_reward:-20.84665870666504, mean_queue:10.519444465637207
intersection:2, mean_episode_reward:-9.857779502868652, mean_queue:3.1500000953674316
intersection:3, mean_episode_reward:-69.76387786865234, mean_queue:18.89444351196289
intersection:4, mean_episode_reward:-60.818355560302734, mean_queue:40.40833282470703
intersection:5, mean_episode_reward:-11.290556907653809, mean_queue:7.3027777671813965
intersection:6, mean_episode_reward:-22.586305618286133, mean_queue:13.425000190734863
intersection:7, mean_episode_reward:-33.87704849243164, mean_queue:18.244443893432617
intersection:8, mean_episode_reward:-26.25408172607422, mean_queue:17.2722225189209
intersection:9, mean_episode_reward:-10.161114692687988, mean_queue:6.711111068725586
intersection:10, mean_episode_reward:-9.63749885559082, mean_queue:4.936110973358154
intersection:11, mean_episode_reward:-9.955558776855469, mean_queue:5.9277777671813965
intersection:12, mean_episode_reward:-9.9503755569458, mean_queue:5.06944465637207
intersection:13, mean_episode_reward:-9.715693473815918, mean_queue:11.666666984558105
intersection:14, mean_episode_reward:-10.860831260681152, mean_queue:11.005555152893066
intersection:15, mean_episode_reward:-9.93037223815918, mean_queue:7.316666603088379
intersection:16, mean_episode_reward:-10.674999237060547, mean_queue:6.516666889190674
intersection:17, mean_episode_reward:-33.96499252319336, mean_queue:14.916666984558105
intersection:18, mean_episode_reward:-19.061946868896484, mean_queue:15.066666603088379
intersection:19, mean_episode_reward:-14.586852073669434, mean_queue:10.022222518920898
intersection:20, mean_episode_reward:-29.511106491088867, mean_queue:9.847222328186035
Test step:28/2000, travel time :392.01098297638663, rewards:-567.9788194444444, queue:14.856084656084656, delay:0.2679353259858631, throughput:1821
step:3600/3600, q_loss:806.46435546875, rewards:-465.0804253472222, queue:11.951455026455026, delay:0.2355377197265625, throughput:2330
episode:29/2000, real avg travel time:457.54935622317595
intersection:0, mean_episode_reward:-9.881855010986328, mean_queue:5.891666889190674
intersection:1, mean_episode_reward:-26.267778396606445, mean_queue:13.191666603088379
intersection:2, mean_episode_reward:-9.612778663635254, mean_queue:3.075000047683716
intersection:3, mean_episode_reward:-85.80943298339844, mean_queue:22.994443893432617
intersection:4, mean_episode_reward:-67.87377166748047, mean_queue:45.025001525878906
intersection:5, mean_episode_reward:-11.48833179473877, mean_queue:7.525000095367432
intersection:6, mean_episode_reward:-22.625551223754883, mean_queue:13.463889122009277
intersection:7, mean_episode_reward:-37.950355529785156, mean_queue:20.241666793823242
intersection:8, mean_episode_reward:-25.3255615234375, mean_queue:16.66666603088379
intersection:9, mean_episode_reward:-10.289444923400879, mean_queue:6.813889026641846
intersection:10, mean_episode_reward:-9.658334732055664, mean_queue:4.991666793823242
intersection:11, mean_episode_reward:-9.868338584899902, mean_queue:5.872222423553467
intersection:12, mean_episode_reward:-9.963521003723145, mean_queue:5.108333110809326
intersection:13, mean_episode_reward:-9.694652557373047, mean_queue:11.633333206176758
intersection:14, mean_episode_reward:-11.775836944580078, mean_queue:11.911110877990723
intersection:15, mean_episode_reward:-9.857406616210938, mean_queue:7.244444370269775
intersection:16, mean_episode_reward:-10.57499885559082, mean_queue:6.383333206176758
intersection:17, mean_episode_reward:-28.388898849487305, mean_queue:11.79444408416748
intersection:18, mean_episode_reward:-16.906667709350586, mean_queue:13.358333587646484
intersection:19, mean_episode_reward:-13.204630851745605, mean_queue:8.997221946716309
intersection:20, mean_episode_reward:-28.062231063842773, mean_queue:8.797222137451172
Test step:29/2000, travel time :392.8595041322314, rewards:-430.371484375, queue:11.03888888888889, delay:0.2324583992125496, throughput:2299
step:3600/3600, q_loss:814.631591796875, rewards:-482.0110677083333, queue:12.574074074074074, delay:0.24210353629298942, throughput:2444
episode:30/2000, real avg travel time:499.5720130932897
intersection:0, mean_episode_reward:-10.11722183227539, mean_queue:6.02222204208374
intersection:1, mean_episode_reward:-35.231109619140625, mean_queue:17.705554962158203
intersection:2, mean_episode_reward:-9.665555000305176, mean_queue:3.075000047683716
intersection:3, mean_episode_reward:-73.15554809570312, mean_queue:19.738889694213867
intersection:4, mean_episode_reward:-86.5945816040039, mean_queue:57.48611068725586
intersection:5, mean_episode_reward:-10.918519020080566, mean_queue:7.1777777671813965
intersection:6, mean_episode_reward:-22.392223358154297, mean_queue:13.300000190734863
intersection:7, mean_episode_reward:-35.54001235961914, mean_queue:19.072221755981445
intersection:8, mean_episode_reward:-28.8148136138916, mean_queue:19.038888931274414
intersection:9, mean_episode_reward:-10.104304313659668, mean_queue:6.650000095367432
intersection:10, mean_episode_reward:-9.654166221618652, mean_queue:4.974999904632568
intersection:11, mean_episode_reward:-9.955187797546387, mean_queue:5.949999809265137
intersection:12, mean_episode_reward:-9.867225646972656, mean_queue:5.027777671813965
intersection:13, mean_episode_reward:-9.729864120483398, mean_queue:11.68055534362793
intersection:14, mean_episode_reward:-11.559720993041992, mean_queue:11.677778244018555
intersection:15, mean_episode_reward:-10.180742263793945, mean_queue:7.491666793823242
intersection:16, mean_episode_reward:-10.660558700561523, mean_queue:6.527777671813965
intersection:17, mean_episode_reward:-36.402217864990234, mean_queue:15.177778244018555
intersection:18, mean_episode_reward:-12.571022033691406, mean_queue:10.255555152893066
intersection:19, mean_episode_reward:-10.157594680786133, mean_queue:6.747222423553467
intersection:20, mean_episode_reward:-28.7388858795166, mean_queue:9.277777671813965
Test step:30/2000, travel time :397.49765502866074, rewards:-524.748828125, queue:14.054100529100529, delay:0.2670436314174107, throughput:1919
step:3600/3600, q_loss:840.9725952148438, rewards:-477.01979166666666, queue:12.646560846560847, delay:0.2297050677910053, throughput:2801
episode:31/2000, real avg travel time:487.7800785433774
intersection:0, mean_episode_reward:-10.006851196289062, mean_queue:5.949999809265137
intersection:1, mean_episode_reward:-40.21779251098633, mean_queue:20.155555725097656
intersection:2, mean_episode_reward:-9.755556106567383, mean_queue:3.1083333492279053
intersection:3, mean_episode_reward:-61.86722183227539, mean_queue:16.71388816833496
intersection:4, mean_episode_reward:-91.72289276123047, mean_queue:60.93611145019531
intersection:5, mean_episode_reward:-9.836109161376953, mean_queue:6.577777862548828
intersection:6, mean_episode_reward:-19.316850662231445, mean_queue:11.663888931274414
intersection:7, mean_episode_reward:-25.017589569091797, mean_queue:13.711111068725586
intersection:8, mean_episode_reward:-29.731857299804688, mean_queue:19.98611068725586
intersection:9, mean_episode_reward:-10.269165992736816, mean_queue:6.800000190734863
intersection:10, mean_episode_reward:-9.689580917358398, mean_queue:4.986111164093018
intersection:11, mean_episode_reward:-9.933704376220703, mean_queue:5.980555534362793
intersection:12, mean_episode_reward:-9.895373344421387, mean_queue:5.061110973358154
intersection:13, mean_episode_reward:-9.799722671508789, mean_queue:11.822221755981445
intersection:14, mean_episode_reward:-9.855558395385742, mean_queue:10.002778053283691
intersection:15, mean_episode_reward:-9.81481647491455, mean_queue:7.238888740539551
intersection:16, mean_episode_reward:-10.55240535736084, mean_queue:6.405555725097656
intersection:17, mean_episode_reward:-45.097774505615234, mean_queue:19.34722137451172
intersection:18, mean_episode_reward:-14.495274543762207, mean_queue:11.68055534362793
intersection:19, mean_episode_reward:-10.165376663208008, mean_queue:6.75
intersection:20, mean_episode_reward:-29.978321075439453, mean_queue:10.699999809265137
Test step:31/2000, travel time :398.144527098831, rewards:-536.0865451388889, queue:14.075529100529101, delay:0.2671282894396908, throughput:1882
step:3600/3600, q_loss:825.1567993164062, rewards:-474.6412326388889, queue:12.395238095238096, delay:0.22932393714864419, throughput:2353
episode:32/2000, real avg travel time:476.84827879303015
intersection:0, mean_episode_reward:-9.898147583007812, mean_queue:5.900000095367432
intersection:1, mean_episode_reward:-36.71110534667969, mean_queue:18.516666412353516
intersection:2, mean_episode_reward:-9.55999755859375, mean_queue:3.0611112117767334
intersection:3, mean_episode_reward:-75.25885772705078, mean_queue:20.327777862548828
intersection:4, mean_episode_reward:-83.77041625976562, mean_queue:55.641666412353516
intersection:5, mean_episode_reward:-10.142599105834961, mean_queue:6.744444370269775
intersection:6, mean_episode_reward:-21.505186080932617, mean_queue:12.719444274902344
intersection:7, mean_episode_reward:-28.8700008392334, mean_queue:15.808333396911621
intersection:8, mean_episode_reward:-29.401296615600586, mean_queue:19.71666717529297
intersection:9, mean_episode_reward:-10.136942863464355, mean_queue:6.713889122009277
intersection:10, mean_episode_reward:-9.68375015258789, mean_queue:5.0
intersection:11, mean_episode_reward:-9.893336296081543, mean_queue:5.916666507720947
intersection:12, mean_episode_reward:-9.880372047424316, mean_queue:5.038888931274414
intersection:13, mean_episode_reward:-9.704096794128418, mean_queue:11.661110877990723
intersection:14, mean_episode_reward:-9.87610912322998, mean_queue:10.038888931274414
intersection:15, mean_episode_reward:-10.048523902893066, mean_queue:7.416666507720947
intersection:16, mean_episode_reward:-10.451295852661133, mean_queue:6.327777862548828
intersection:17, mean_episode_reward:-31.320009231567383, mean_queue:12.716666221618652
intersection:18, mean_episode_reward:-17.459163665771484, mean_queue:13.780555725097656
intersection:19, mean_episode_reward:-10.219446182250977, mean_queue:6.858333110809326
intersection:20, mean_episode_reward:-30.85056495666504, mean_queue:10.394444465637207
Test step:32/2000, travel time :542.5876585928489, rewards:-550.5419704861112, queue:14.453703703703704, delay:0.29197290814112103, throughput:1734
step:3600/3600, q_loss:778.5941772460938, rewards:-448.7562065972222, queue:12.130026455026455, delay:0.22345259732039519, throughput:2798
episode:33/2000, real avg travel time:461.9614010007148
intersection:0, mean_episode_reward:-9.882405281066895, mean_queue:5.891666889190674
intersection:1, mean_episode_reward:-39.57944107055664, mean_queue:19.84722137451172
intersection:2, mean_episode_reward:-9.659997940063477, mean_queue:3.077777862548828
intersection:3, mean_episode_reward:-43.213890075683594, mean_queue:12.108333587646484
intersection:4, mean_episode_reward:-91.11250305175781, mean_queue:60.483333587646484
intersection:5, mean_episode_reward:-9.959446907043457, mean_queue:6.683333396911621
intersection:6, mean_episode_reward:-17.370935440063477, mean_queue:10.502778053283691
intersection:7, mean_episode_reward:-34.187965393066406, mean_queue:18.46388816833496
intersection:8, mean_episode_reward:-21.670738220214844, mean_queue:13.850000381469727
intersection:9, mean_episode_reward:-10.353754043579102, mean_queue:6.777777671813965
intersection:10, mean_episode_reward:-9.646668434143066, mean_queue:4.941666603088379
intersection:11, mean_episode_reward:-9.8909330368042, mean_queue:5.9666666984558105
intersection:12, mean_episode_reward:-9.768706321716309, mean_queue:5.008333206176758
intersection:13, mean_episode_reward:-9.815624237060547, mean_queue:11.827777862548828
intersection:14, mean_episode_reward:-11.933612823486328, mean_queue:12.050000190734863
intersection:15, mean_episode_reward:-9.926665306091309, mean_queue:7.313889026641846
intersection:16, mean_episode_reward:-10.978519439697266, mean_queue:6.722222328186035
intersection:17, mean_episode_reward:-36.44832992553711, mean_queue:15.105555534362793
intersection:18, mean_episode_reward:-14.617222785949707, mean_queue:11.852777481079102
intersection:19, mean_episode_reward:-10.19111442565918, mean_queue:6.872222423553467
intersection:20, mean_episode_reward:-28.547779083251953, mean_queue:9.383333206176758
Test step:33/2000, travel time :426.5266846361186, rewards:-487.481640625, queue:13.383201058201058, delay:0.28187937257151124, throughput:1855
step:3600/3600, q_loss:802.857421875, rewards:-443.89509548611113, queue:12.36494708994709, delay:0.23773161065641535, throughput:2637
episode:34/2000, real avg travel time:429.2711414486159
intersection:0, mean_episode_reward:-9.80129337310791, mean_queue:5.8416666984558105
intersection:1, mean_episode_reward:-43.377201080322266, mean_queue:21.816667556762695
intersection:2, mean_episode_reward:-9.696110725402832, mean_queue:3.0999999046325684
intersection:3, mean_episode_reward:-15.595002174377441, mean_queue:5.31944465637207
intersection:4, mean_episode_reward:-90.68797302246094, mean_queue:60.26944351196289
intersection:5, mean_episode_reward:-9.98018741607666, mean_queue:6.675000190734863
intersection:6, mean_episode_reward:-16.204631805419922, mean_queue:9.872221946716309
intersection:7, mean_episode_reward:-43.52778244018555, mean_queue:23.09166717529297
intersection:8, mean_episode_reward:-20.76666831970215, mean_queue:13.202777862548828
intersection:9, mean_episode_reward:-10.01986312866211, mean_queue:6.594444274902344
intersection:10, mean_episode_reward:-9.680414199829102, mean_queue:5.011111259460449
intersection:11, mean_episode_reward:-9.963520050048828, mean_queue:5.958333492279053
intersection:12, mean_episode_reward:-9.790002822875977, mean_queue:5.044444561004639
intersection:13, mean_episode_reward:-9.809514999389648, mean_queue:11.808333396911621
intersection:14, mean_episode_reward:-12.881115913391113, mean_queue:12.994444847106934
intersection:15, mean_episode_reward:-9.898152351379395, mean_queue:7.275000095367432
intersection:16, mean_episode_reward:-14.143879890441895, mean_queue:8.94444465637207
intersection:17, mean_episode_reward:-39.25168228149414, mean_queue:15.83055591583252
intersection:18, mean_episode_reward:-17.437685012817383, mean_queue:13.699999809265137
intersection:19, mean_episode_reward:-11.146295547485352, mean_queue:7.4666666984558105
intersection:20, mean_episode_reward:-30.236103057861328, mean_queue:9.847222328186035
Test step:34/2000, travel time :348.93300492610837, rewards:-567.6846788194445, queue:15.209126984126984, delay:0.28353510458002645, throughput:2030
step:3600/3600, q_loss:768.5917358398438, rewards:-449.72139756944443, queue:12.607275132275133, delay:0.24436784370866402, throughput:2566
episode:35/2000, real avg travel time:459.03507404520656
intersection:0, mean_episode_reward:-10.16703987121582, mean_queue:6.063889026641846
intersection:1, mean_episode_reward:-39.55667495727539, mean_queue:19.91111183166504
intersection:2, mean_episode_reward:-9.778888702392578, mean_queue:3.116666555404663
intersection:3, mean_episode_reward:-20.477781295776367, mean_queue:6.580555438995361
intersection:4, mean_episode_reward:-86.58250427246094, mean_queue:57.536109924316406
intersection:5, mean_episode_reward:-10.072775840759277, mean_queue:6.755555629730225
intersection:6, mean_episode_reward:-16.550003051757812, mean_queue:10.027777671813965
intersection:7, mean_episode_reward:-38.46462631225586, mean_queue:20.600000381469727
intersection:8, mean_episode_reward:-30.76111602783203, mean_queue:20.71666717529297
intersection:9, mean_episode_reward:-10.362641334533691, mean_queue:6.747222423553467
intersection:10, mean_episode_reward:-9.670417785644531, mean_queue:4.980555534362793
intersection:11, mean_episode_reward:-9.90278148651123, mean_queue:5.9083333015441895
intersection:12, mean_episode_reward:-9.906482696533203, mean_queue:5.063889026641846
intersection:13, mean_episode_reward:-9.771318435668945, mean_queue:11.76388931274414
intersection:14, mean_episode_reward:-12.746390342712402, mean_queue:12.86388874053955
intersection:15, mean_episode_reward:-9.805928230285645, mean_queue:7.233333110809326
intersection:16, mean_episode_reward:-11.015924453735352, mean_queue:6.733333110809326
intersection:17, mean_episode_reward:-34.85944747924805, mean_queue:13.963889122009277
intersection:18, mean_episode_reward:-22.088239669799805, mean_queue:17.40277862548828
intersection:19, mean_episode_reward:-14.686481475830078, mean_queue:9.894444465637207
intersection:20, mean_episode_reward:-32.493892669677734, mean_queue:10.88888931274414
Test step:35/2000, travel time :413.9588888888889, rewards:-538.5380208333333, queue:14.374074074074073, delay:0.2714819206762566, throughput:1800
step:3600/3600, q_loss:740.3534545898438, rewards:-486.176171875, queue:13.066402116402116, delay:0.2553881448412698, throughput:2526
episode:36/2000, real avg travel time:500.8258115597783
intersection:0, mean_episode_reward:-9.886666297912598, mean_queue:5.902777671813965
intersection:1, mean_episode_reward:-41.98334503173828, mean_queue:21.06944465637207
intersection:2, mean_episode_reward:-9.564445495605469, mean_queue:3.047222137451172
intersection:3, mean_episode_reward:-46.92723083496094, mean_queue:13.333333015441895
intersection:4, mean_episode_reward:-99.14453887939453, mean_queue:65.98332977294922
intersection:5, mean_episode_reward:-10.242040634155273, mean_queue:6.880555629730225
intersection:6, mean_episode_reward:-13.787224769592285, mean_queue:8.649999618530273
intersection:7, mean_episode_reward:-45.35259246826172, mean_queue:24.061111450195312
intersection:8, mean_episode_reward:-11.977590560913086, mean_queue:6.64722204208374
intersection:9, mean_episode_reward:-10.283333778381348, mean_queue:6.763888835906982
intersection:10, mean_episode_reward:-9.618331909179688, mean_queue:4.969444274902344
intersection:11, mean_episode_reward:-9.882596969604492, mean_queue:5.886111259460449
intersection:12, mean_episode_reward:-9.745742797851562, mean_queue:4.997222423553467
intersection:13, mean_episode_reward:-9.788125991821289, mean_queue:11.76388931274414
intersection:14, mean_episode_reward:-12.960562705993652, mean_queue:13.066666603088379
intersection:15, mean_episode_reward:-9.981112480163574, mean_queue:7.375
intersection:16, mean_episode_reward:-13.98259162902832, mean_queue:8.947221755981445
intersection:17, mean_episode_reward:-37.554439544677734, mean_queue:15.43055534362793
intersection:18, mean_episode_reward:-20.619447708129883, mean_queue:16.23055648803711
intersection:19, mean_episode_reward:-12.843155860900879, mean_queue:8.447221755981445
intersection:20, mean_episode_reward:-40.05110549926758, mean_queue:14.941666603088379
Test step:36/2000, travel time :371.95573440643864, rewards:-507.89609375, queue:13.606216931216931, delay:0.27032842081059855, throughput:1988
step:3600/3600, q_loss:752.9800415039062, rewards:-486.89244791666664, queue:13.30462962962963, delay:0.2553414158089451, throughput:2525
episode:37/2000, real avg travel time:509.9960396039604
intersection:0, mean_episode_reward:-9.64703369140625, mean_queue:5.755555629730225
intersection:1, mean_episode_reward:-42.266109466552734, mean_queue:21.211111068725586
intersection:2, mean_episode_reward:-9.681114196777344, mean_queue:3.0999999046325684
intersection:3, mean_episode_reward:-39.119998931884766, mean_queue:11.394444465637207
intersection:4, mean_episode_reward:-97.75457763671875, mean_queue:64.89167022705078
intersection:5, mean_episode_reward:-9.97018814086914, mean_queue:6.6972222328186035
intersection:6, mean_episode_reward:-15.529634475708008, mean_queue:9.541666984558105
intersection:7, mean_episode_reward:-44.64629364013672, mean_queue:23.797222137451172
intersection:8, mean_episode_reward:-29.253707885742188, mean_queue:19.633333206176758
intersection:9, mean_episode_reward:-10.111804008483887, mean_queue:6.599999904632568
intersection:10, mean_episode_reward:-9.800419807434082, mean_queue:5.05555534362793
intersection:11, mean_episode_reward:-9.90148639678955, mean_queue:5.9472222328186035
intersection:12, mean_episode_reward:-9.869077682495117, mean_queue:5.047222137451172
intersection:13, mean_episode_reward:-9.782082557678223, mean_queue:11.73888874053955
intersection:14, mean_episode_reward:-12.985283851623535, mean_queue:13.100000381469727
intersection:15, mean_episode_reward:-9.824447631835938, mean_queue:7.263888835906982
intersection:16, mean_episode_reward:-12.0055570602417, mean_queue:7.438889026641846
intersection:17, mean_episode_reward:-42.07667541503906, mean_queue:17.61111068725586
intersection:18, mean_episode_reward:-19.751758575439453, mean_queue:15.58055591583252
intersection:19, mean_episode_reward:-11.165185928344727, mean_queue:7.474999904632568
intersection:20, mean_episode_reward:-31.74998664855957, mean_queue:10.516666412353516
Test step:37/2000, travel time :444.4202597402597, rewards:-528.5784722222222, queue:13.9739417989418, delay:0.28006701595568784, throughput:1925
step:3600/3600, q_loss:736.1387329101562, rewards:-492.39249131944445, queue:13.199867724867724, delay:0.24772842649429563, throughput:2451
episode:38/2000, real avg travel time:446.94288045695635
intersection:0, mean_episode_reward:-9.754631042480469, mean_queue:5.830555438995361
intersection:1, mean_episode_reward:-40.139442443847656, mean_queue:20.141666412353516
intersection:2, mean_episode_reward:-9.595555305480957, mean_queue:3.0611112117767334
intersection:3, mean_episode_reward:-54.61610412597656, mean_queue:15.20555591583252
intersection:4, mean_episode_reward:-95.18128967285156, mean_queue:63.261112213134766
intersection:5, mean_episode_reward:-10.00222396850586, mean_queue:6.688889026641846
intersection:6, mean_episode_reward:-16.279996871948242, mean_queue:10.008333206176758
intersection:7, mean_episode_reward:-42.57685089111328, mean_queue:22.711111068725586
intersection:8, mean_episode_reward:-31.028898239135742, mean_queue:20.797222137451172
intersection:9, mean_episode_reward:-10.19527816772461, mean_queue:6.661110877990723
intersection:10, mean_episode_reward:-9.642083168029785, mean_queue:4.938889026641846
intersection:11, mean_episode_reward:-9.930930137634277, mean_queue:5.955555438995361
intersection:12, mean_episode_reward:-9.80963134765625, mean_queue:5.019444465637207
intersection:13, mean_episode_reward:-9.749515533447266, mean_queue:11.752778053283691
intersection:14, mean_episode_reward:-12.474166870117188, mean_queue:12.574999809265137
intersection:15, mean_episode_reward:-9.905926704406738, mean_queue:7.333333492279053
intersection:16, mean_episode_reward:-12.20888900756836, mean_queue:7.583333492279053
intersection:17, mean_episode_reward:-38.82110595703125, mean_queue:16.163888931274414
intersection:18, mean_episode_reward:-16.30240821838379, mean_queue:12.925000190734863
intersection:19, mean_episode_reward:-10.748700141906738, mean_queue:7.19444465637207
intersection:20, mean_episode_reward:-33.428890228271484, mean_queue:11.38888931274414
Test step:38/2000, travel time :368.67636171337915, rewards:-535.6457465277778, queue:13.971164021164022, delay:0.2770895337301587, throughput:1891
step:3600/3600, q_loss:744.3702392578125, rewards:-465.4261284722222, queue:12.767063492063492, delay:0.25552032309234457, throughput:2398
episode:39/2000, real avg travel time:453.9912427022519
intersection:0, mean_episode_reward:-10.047223091125488, mean_queue:5.986111164093018
intersection:1, mean_episode_reward:-39.6177864074707, mean_queue:19.89444351196289
intersection:2, mean_episode_reward:-9.54777717590332, mean_queue:3.0527777671813965
intersection:3, mean_episode_reward:-35.746097564697266, mean_queue:10.516666412353516
intersection:4, mean_episode_reward:-92.69628143310547, mean_queue:61.61666488647461
intersection:5, mean_episode_reward:-9.94573974609375, mean_queue:6.644444465637207
intersection:6, mean_episode_reward:-12.993887901306152, mean_queue:8.199999809265137
intersection:7, mean_episode_reward:-42.39501190185547, mean_queue:22.594444274902344
intersection:8, mean_episode_reward:-27.16907501220703, mean_queue:17.98055648803711
intersection:9, mean_episode_reward:-10.679862022399902, mean_queue:7.002777576446533
intersection:10, mean_episode_reward:-9.76417064666748, mean_queue:5.019444465637207
intersection:11, mean_episode_reward:-9.882782936096191, mean_queue:5.913888931274414
intersection:12, mean_episode_reward:-9.787595748901367, mean_queue:5.025000095367432
intersection:13, mean_episode_reward:-9.700212478637695, mean_queue:11.675000190734863
intersection:14, mean_episode_reward:-11.675833702087402, mean_queue:11.800000190734863
intersection:15, mean_episode_reward:-10.091853141784668, mean_queue:7.452777862548828
intersection:16, mean_episode_reward:-10.998517990112305, mean_queue:6.655555725097656
intersection:17, mean_episode_reward:-35.3005485534668, mean_queue:14.43055534362793
intersection:18, mean_episode_reward:-20.62509536743164, mean_queue:16.133333206176758
intersection:19, mean_episode_reward:-17.08019256591797, mean_queue:11.225000381469727
intersection:20, mean_episode_reward:-29.6805477142334, mean_queue:9.288888931274414
Test step:39/2000, travel time :431.9210968102966, rewards:-537.9717013888888, queue:14.292195767195768, delay:0.2730084777509094, throughput:1787
step:3600/3600, q_loss:716.7474975585938, rewards:-450.4131076388889, queue:12.517063492063492, delay:0.2390061474351025, throughput:2533
episode:40/2000, real avg travel time:418.8918278720884
intersection:0, mean_episode_reward:-10.245183944702148, mean_queue:6.105555534362793
intersection:1, mean_episode_reward:-38.352230072021484, mean_queue:19.280555725097656
intersection:2, mean_episode_reward:-9.97221851348877, mean_queue:3.183333396911621
intersection:3, mean_episode_reward:-24.928890228271484, mean_queue:7.813889026641846
intersection:4, mean_episode_reward:-90.56209564208984, mean_queue:60.141666412353516
intersection:5, mean_episode_reward:-9.94832992553711, mean_queue:6.691666603088379
intersection:6, mean_episode_reward:-13.25314712524414, mean_queue:8.350000381469727
intersection:7, mean_episode_reward:-44.811485290527344, mean_queue:23.697221755981445
intersection:8, mean_episode_reward:-29.48667335510254, mean_queue:19.788888931274414
intersection:9, mean_episode_reward:-10.147917747497559, mean_queue:6.644444465637207
intersection:10, mean_episode_reward:-9.879168510437012, mean_queue:5.083333492279053
intersection:11, mean_episode_reward:-9.879817962646484, mean_queue:5.94444465637207
intersection:12, mean_episode_reward:-10.01703929901123, mean_queue:5.077777862548828
intersection:13, mean_episode_reward:-9.69243335723877, mean_queue:11.672222137451172
intersection:14, mean_episode_reward:-12.880281448364258, mean_queue:13.0
intersection:15, mean_episode_reward:-9.79222297668457, mean_queue:7.2166666984558105
intersection:16, mean_episode_reward:-11.552775382995605, mean_queue:7.077777862548828
intersection:17, mean_episode_reward:-37.024444580078125, mean_queue:15.127778053283691
intersection:18, mean_episode_reward:-18.990463256835938, mean_queue:14.966666221618652
intersection:19, mean_episode_reward:-10.753520011901855, mean_queue:7.1972222328186035
intersection:20, mean_episode_reward:-28.24277687072754, mean_queue:8.797222137451172
Test step:40/2000, travel time :390.8461155378486, rewards:-491.81328125, queue:12.256216931216931, delay:0.25078354285507604, throughput:2008
step:3600/3600, q_loss:702.9290771484375, rewards:-454.11124131944445, queue:12.582671957671957, delay:0.2430976665839947, throughput:2701
episode:41/2000, real avg travel time:476.3324694557571
intersection:0, mean_episode_reward:-10.171294212341309, mean_queue:6.0722222328186035
intersection:1, mean_episode_reward:-39.272220611572266, mean_queue:19.741666793823242
intersection:2, mean_episode_reward:-9.588886260986328, mean_queue:3.0361111164093018
intersection:3, mean_episode_reward:-25.180559158325195, mean_queue:7.863888740539551
intersection:4, mean_episode_reward:-90.68749237060547, mean_queue:60.24444580078125
intersection:5, mean_episode_reward:-9.88463020324707, mean_queue:6.641666889190674
intersection:6, mean_episode_reward:-12.842602729797363, mean_queue:8.147222518920898
intersection:7, mean_episode_reward:-46.72684860229492, mean_queue:24.697221755981445
intersection:8, mean_episode_reward:-30.453887939453125, mean_queue:20.4777774810791
intersection:9, mean_episode_reward:-10.117639541625977, mean_queue:6.611111164093018
intersection:10, mean_episode_reward:-9.693329811096191, mean_queue:4.986111164093018
intersection:11, mean_episode_reward:-10.053709983825684, mean_queue:6.002777576446533
intersection:12, mean_episode_reward:-9.95093059539795, mean_queue:5.061110973358154
intersection:13, mean_episode_reward:-9.7701416015625, mean_queue:11.752778053283691
intersection:14, mean_episode_reward:-11.941390037536621, mean_queue:12.088889122009277
intersection:15, mean_episode_reward:-9.926664352416992, mean_queue:7.313889026641846
intersection:16, mean_episode_reward:-10.722406387329102, mean_queue:6.508333206176758
intersection:17, mean_episode_reward:-38.623329162597656, mean_queue:16.047222137451172
intersection:18, mean_episode_reward:-18.6449031829834, mean_queue:14.708333015441895
intersection:19, mean_episode_reward:-11.002779960632324, mean_queue:7.366666793823242
intersection:20, mean_episode_reward:-28.85555076599121, mean_queue:8.866666793823242
Test step:41/2000, travel time :420.4266441821248, rewards:-520.8908854166667, queue:13.802777777777777, delay:0.2788115970672123, throughput:1779
early_stop at episode 41/2000 (best ATT=352.43 at episode 21, patience=20)
saved final checkpoint from best episode 21 (ATT=352.43) as episode 2000
Final Travel Time is 392.4080, mean rewards: -514.3472, queue: 12.8581, delay: 0.2631, throughput: 1853
Total time taken: 2347.5578904151917
