dqn	TRAIN	0	336.9	0.0	-103.81	2.52	0.21	1344
dqn	HELDOUT	0	370.6	100.0	-395.34	9.24	0.41	324
dqn	HELDOUT	0	422.2	100.0	-404.68	9.35	0.40	290
dqn	HELDOUT	0	368.4	100.0	-389.64	9.04	0.41	349
dqn	HELDOUT_MEAN	0	387.1	100.0	0.00	0.00	0.00	0
dqn	TRAIN	1	350.7	0.0	-109.20	2.69	0.21	1335
dqn	TRAIN	2	330.7	0.0	-116.26	2.80	0.21	1279
dqn	TRAIN	3	327.9	0.0	-93.76	2.37	0.21	1512
dqn	TRAIN	4	344.8	0.0	-116.08	2.80	0.21	1333
dqn	TRAIN	5	332.8	43.7	-171.28	4.12	0.24	1062
dqn	TRAIN	6	370.8	40.1	-194.58	4.95	0.29	677
dqn	TRAIN	7	427.1	44.0	-248.62	5.75	0.29	716
dqn	TRAIN	8	307.3	85.9	-140.44	3.38	0.23	1073
dqn	TRAIN	9	316.4	121.2	-150.65	3.45	0.20	913
dqn	TRAIN	10	298.0	146.4	-123.06	2.64	0.18	1014
dqn	HELDOUT	10	242.2	100.0	-84.60	1.99	0.16	1041
dqn	HELDOUT	10	263.1	100.0	-87.30	2.08	0.16	1073
dqn	HELDOUT	10	246.9	100.0	-97.52	2.17	0.16	1053
dqn	HELDOUT_MEAN	10	250.7	100.0	0.00	0.00	0.00	0
dqn	TRAIN	11	339.4	153.7	-128.54	2.79	0.17	1109
dqn	TRAIN	12	296.4	161.5	-90.23	2.09	0.16	1143
dqn	TRAIN	13	286.0	158.7	-78.28	1.95	0.15	1196
dqn	TRAIN	14	272.5	155.7	-80.24	1.94	0.15	1247
dqn	TRAIN	15	268.0	149.4	-64.93	1.50	0.14	1245
dqn	TRAIN	16	293.8	142.0	-84.79	2.06	0.15	1162
dqn	TRAIN	17	278.3	138.0	-51.22	1.28	0.14	1287
dqn	TRAIN	18	277.8	130.7	-89.49	2.20	0.15	1149
dqn	TRAIN	19	286.8	127.6	-44.53	1.32	0.13	1304
dqn	TRAIN	20	300.4	123.1	-53.64	1.39	0.14	1293
dqn	HELDOUT	20	252.1	100.0	-39.69	0.97	0.13	1416
dqn	HELDOUT	20	260.7	100.0	-49.84	1.26	0.14	1387
dqn	HELDOUT	20	265.2	100.0	-53.00	1.21	0.14	1378
dqn	HELDOUT_MEAN	20	259.3	100.0	0.00	0.00	0.00	0
dqn	TRAIN	21	278.4	119.7	-49.19	1.21	0.13	1354
dqn	TRAIN	22	273.2	113.0	-36.47	0.96	0.12	1526
dqn	TRAIN	23	300.7	107.4	-57.06	1.26	0.13	1441
dqn	TRAIN	24	285.6	110.0	-32.73	0.83	0.12	1407
dqn	TRAIN	25	275.1	104.4	-42.25	1.06	0.12	1420
dqn	TRAIN	26	278.2	101.6	-40.87	0.97	0.12	1389
dqn	TRAIN	27	272.1	98.8	-68.72	1.62	0.14	1315
dqn	TRAIN	28	306.3	96.7	-68.62	1.50	0.13	1386
dqn	TRAIN	29	274.1	98.6	-55.71	1.32	0.14	1426
dqn	TRAIN	30	279.3	100.6	-43.84	1.03	0.12	1378
dqn	HELDOUT	30	274.6	100.0	-59.73	1.36	0.13	1347
dqn	HELDOUT	30	293.7	100.0	-64.95	1.46	0.13	1344
dqn	HELDOUT	30	270.0	100.0	-51.47	1.17	0.13	1374
dqn	HELDOUT_MEAN	30	279.4	100.0	0.00	0.00	0.00	0
dqn	TRAIN	31	277.4	100.9	-41.18	1.08	0.13	1386
dqn	TRAIN	32	275.9	103.9	-30.33	0.83	0.12	1542
dqn	TRAIN	33	293.3	102.3	-52.40	1.28	0.13	1438
dqn	TRAIN	34	293.9	104.4	-56.66	1.27	0.13	1376
dqn	TRAIN	35	279.3	110.4	-71.38	1.58	0.13	1253
dqn	TRAIN	36	268.7	113.7	-82.20	1.67	0.14	1241
dqn	TRAIN	37	273.3	113.5	-34.02	0.89	0.12	1469
dqn	TRAIN	38	295.6	111.8	-58.29	1.42	0.13	1399
dqn	TRAIN	39	274.3	109.8	-50.70	1.42	0.12	1224
dqn	TRAIN	40	290.5	110.5	-56.75	1.21	0.12	1330
dqn	HELDOUT	40	276.0	100.0	-70.25	1.73	0.13	1219
dqn	HELDOUT	40	304.9	100.0	-60.55	1.49	0.12	1296
dqn	HELDOUT	40	271.3	100.0	-30.89	0.81	0.11	1422
dqn	HELDOUT_MEAN	40	284.1	100.0	0.00	0.00	0.00	0
dqn	TRAIN	41	305.1	110.3	-57.66	1.39	0.13	1262
dqn	TRAIN	42	264.0	108.7	-35.35	0.92	0.11	1442
dqn	TRAIN	43	283.2	105.2	-39.90	1.02	0.12	1469
dqn	TRAIN	44	261.4	103.2	-32.96	0.91	0.11	1432
dqn	TRAIN	45	278.0	94.1	-37.80	1.06	0.11	1426
dqn	TRAIN	46	270.3	90.8	-41.78	1.16	0.12	1410
dqn	TRAIN	47	258.2	89.0	-32.83	0.92	0.11	1458
dqn	TRAIN	48	265.6	87.4	-33.94	0.88	0.11	1475
dqn	TRAIN	49	276.2	86.1	-61.03	1.52	0.13	1279
dqn	TRAIN	50	280.3	88.0	-57.15	1.39	0.13	1251
dqn	HELDOUT	50	284.4	100.0	-46.16	1.15	0.12	1402
dqn	HELDOUT	50	269.6	100.0	-57.55	1.54	0.12	1385
dqn	HELDOUT	50	271.3	100.0	-72.92	1.67	0.13	1278
dqn	HELDOUT_MEAN	50	275.1	100.0	0.00	0.00	0.00	0
dqn	TRAIN	51	298.5	88.0	-42.54	1.17	0.12	1391
dqn	TRAIN	52	252.4	88.4	-66.30	1.55	0.12	1242
dqn	TRAIN	53	281.6	93.5	-50.63	1.39	0.12	1440
dqn	TRAIN	54	277.8	98.4	-27.29	0.75	0.11	1427
dqn	TRAIN	55	265.6	94.7	-54.31	1.26	0.12	1359
dqn	TRAIN	56	265.9	99.0	-52.71	1.47	0.13	1394
dqn	TRAIN	57	278.4	93.1	-57.60	1.39	0.12	1408
dqn	TRAIN	58	263.4	91.5	-32.95	0.86	0.11	1525
dqn	TRAIN	59	291.1	89.8	-38.23	1.12	0.12	1400
dqn	TRAIN	60	256.2	87.3	-62.86	1.46	0.12	1231
dqn	HELDOUT	60	270.5	100.0	-36.97	1.01	0.11	1418
dqn	HELDOUT	60	258.5	100.0	-44.49	1.31	0.11	1398
dqn	HELDOUT	60	274.6	100.0	-53.37	1.23	0.12	1367
dqn	HELDOUT_MEAN	60	267.8	100.0	0.00	0.00	0.00	0
dqn	TRAIN	61	273.1	89.4	-36.75	1.05	0.12	1352
dqn	TRAIN	62	293.4	89.6	-40.83	0.98	0.12	1329
dqn	TRAIN	63	273.0	84.0	-72.62	1.73	0.13	1331
dqn	TRAIN	64	270.1	85.5	-49.02	1.11	0.12	1220
dqn	TRAIN	65	292.8	85.6	-54.79	1.35	0.12	1371
dqn	TRAIN	66	273.6	83.5	-51.06	1.17	0.12	1329
dqn	TRAIN	67	267.0	86.5	-70.09	1.49	0.13	1320
dqn	TRAIN	68	275.3	89.3	-42.31	1.01	0.11	1475
dqn	TRAIN	69	279.0	92.3	-46.38	1.41	0.12	1364
dqn	TRAIN	70	266.3	91.1	-36.43	1.03	0.11	1346
dqn	HELDOUT	70	285.1	100.0	-59.80	1.35	0.12	1336
dqn	HELDOUT	70	271.2	100.0	-42.60	1.23	0.11	1355
dqn	HELDOUT	70	261.3	100.0	-63.28	1.45	0.12	1269
dqn	HELDOUT_MEAN	70	272.5	100.0	0.00	0.00	0.00	0
dqn	TRAIN	71	282.9	87.6	-55.00	1.40	0.12	1289
dqn	TRAIN	72	250.6	90.1	-74.65	1.62	0.13	1251
dqn	TRAIN	73	274.1	95.0	-79.65	1.90	0.13	1275
dqn	TRAIN	74	289.7	98.1	-29.53	0.87	0.11	1353
dqn	TRAIN	75	276.8	103.5	-35.66	1.03	0.12	1405
dqn	TRAIN	76	271.8	104.0	-30.91	0.86	0.11	1483
dqn	TRAIN	77	292.0	100.6	-59.45	1.38	0.12	1444
dqn	TRAIN	78	247.0	97.1	-36.78	1.10	0.12	1473
dqn	TRAIN	79	270.3	96.8	-65.90	1.69	0.13	1245
dqn	TRAIN	80	266.5	98.5	-29.93	0.83	0.11	1422
dqn	HELDOUT	80	264.1	100.0	-34.16	0.96	0.11	1432
dqn	HELDOUT	80	280.8	100.0	-49.18	1.21	0.12	1429
dqn	HELDOUT	80	255.6	100.0	-28.49	0.79	0.11	1534
dqn	HELDOUT_MEAN	80	266.8	100.0	0.00	0.00	0.00	0
dqn	TRAIN	81	287.7	98.2	-33.89	0.92	0.11	1425
dqn	TRAIN	82	254.0	93.3	-26.20	0.75	0.11	1459
dqn	TRAIN	83	267.3	94.2	-35.73	0.93	0.11	1522
dqn	TRAIN	84	271.1	92.3	-49.96	1.20	0.12	1378
dqn	TRAIN	85	258.8	89.3	-37.97	1.18	0.11	1502
dqn	TRAIN	86	282.9	92.7	-50.89	1.22	0.12	1311
dqn	TRAIN	87	254.0	98.6	-32.93	0.92	0.11	1515
dqn	TRAIN	88	284.2	100.1	-64.95	1.47	0.12	1386
dqn	TRAIN	89	275.7	97.5	-37.10	1.11	0.11	1385
dqn	HELDOUT	500	245.1	100.0	-110.20	2.21	0.16	971
dqn	HELDOUT	500	246.4	100.0	-108.96	2.18	0.16	1018
dqn	HELDOUT	500	249.9	100.0	-109.03	2.17	0.17	1015
dqn	HELDOUT_MEAN	500	247.2	100.0	0.00	0.00	0.00	0
dqn	HELDOUT	10	245.1	100.0	-110.20	2.21	0.16	971
dqn	HELDOUT	10	246.4	100.0	-108.96	2.18	0.16	1018
dqn	HELDOUT	10	249.9	100.0	-109.03	2.17	0.17	1015
dqn	HELDOUT_MEAN	10	247.2	100.0	0.00	0.00	0.00	0
