mplight	TRAIN	0	312.3	0.0	-5.78	2.21	0.06	1415
mplight	TEST	0	316.7	100.0	-16.98	6.40	0.08	1005
mplight	TRAIN	1	308.5	0.0	-5.59	2.14	0.06	1418
mplight	TEST	1	398.4	100.0	-20.82	7.84	0.11	942
mplight	TRAIN	2	321.4	0.0	-6.03	2.30	0.07	1421
mplight	TEST	2	376.0	100.0	-18.21	6.86	0.09	1011
mplight	TRAIN	3	319.9	0.0	-6.18	2.36	0.06	1412
mplight	TEST	3	325.4	100.0	-15.40	5.81	0.08	1059
mplight	TRAIN	4	283.0	0.1	-4.93	1.89	0.06	1409
mplight	TEST	4	370.9	100.0	-16.57	6.24	0.09	1055
mplight	TRAIN	5	315.0	0.1	-5.93	2.27	0.07	1412
mplight	TEST	5	450.6	100.0	-22.31	8.39	0.12	926
mplight	TRAIN	6	327.6	0.1	-6.19	2.36	0.07	1423
mplight	TEST	6	425.8	100.0	-21.82	8.21	0.11	925
mplight	TRAIN	7	315.2	0.1	-6.24	2.38	0.06	1395
mplight	TEST	7	499.1	100.0	-24.18	9.10	0.12	937
mplight	TRAIN	8	349.8	0.1	-7.40	2.82	0.07	1382
mplight	TEST	8	353.8	100.0	-15.55	5.87	0.10	1078
mplight	TRAIN	9	301.9	0.1	-5.72	2.19	0.06	1396
mplight	TEST	9	339.0	100.0	-16.50	6.22	0.08	1034
mplight	TRAIN	10	287.2	0.1	-4.88	1.87	0.06	1419
mplight	TEST	10	336.9	100.0	-15.14	5.71	0.09	1081
mplight	TRAIN	11	306.5	0.1	-5.51	2.11	0.06	1427
mplight	TEST	11	395.4	100.0	-16.58	6.25	0.11	1074
mplight	TRAIN	12	317.0	0.1	-6.52	2.49	0.07	1352
mplight	TEST	12	369.6	100.0	-16.17	6.10	0.09	1058
mplight	TRAIN	13	299.4	0.2	-5.25	2.01	0.06	1430
mplight	TEST	13	433.4	100.0	-16.99	6.40	0.10	1117
mplight	TRAIN	14	284.6	0.2	-4.88	1.87	0.06	1420
mplight	TEST	14	363.4	100.0	-17.94	6.76	0.10	1018
mplight	TRAIN	15	312.5	0.2	-5.71	2.18	0.06	1427
mplight	TEST	15	324.0	100.0	-15.77	5.95	0.08	1045
mplight	TRAIN	16	309.3	0.2	-5.79	2.21	0.06	1415
mplight	TEST	16	431.9	100.0	-17.61	6.63	0.10	1063
mplight	TRAIN	17	307.6	0.2	-5.83	2.23	0.06	1412
mplight	TEST	17	373.9	100.0	-18.51	6.97	0.10	987
mplight	TRAIN	18	297.8	0.2	-5.26	2.01	0.06	1420
mplight	TEST	18	369.6	100.0	-18.55	6.99	0.10	994
mplight	TRAIN	19	310.3	0.2	-6.14	2.35	0.06	1390
mplight	TEST	19	437.9	100.0	-19.09	7.19	0.09	1040
mplight	TRAIN	20	313.1	0.2	-5.92	2.26	0.07	1416
mplight	TEST	20	380.8	100.0	-16.81	6.34	0.09	1082
mplight	TRAIN	21	288.7	0.3	-4.99	1.91	0.06	1419
mplight	TEST	21	349.6	100.0	-15.81	5.96	0.09	1065
mplight	TRAIN	22	291.0	0.2	-5.09	1.95	0.06	1410
mplight	TEST	22	335.1	100.0	-15.02	5.67	0.09	1103
mplight	TRAIN	23	298.8	0.2	-5.45	2.08	0.06	1416
mplight	TEST	23	285.9	100.0	-11.49	4.35	0.06	1170
mplight	TRAIN	24	320.2	0.2	-6.07	2.32	0.06	1416
mplight	TEST	24	314.0	100.0	-14.07	5.31	0.08	1109
mplight	TRAIN	25	292.3	0.2	-5.07	1.94	0.06	1423
mplight	TEST	25	401.3	100.0	-17.66	6.66	0.10	1077
mplight	TRAIN	26	324.6	0.2	-6.18	2.36	0.07	1421
mplight	TEST	26	422.7	100.0	-15.49	5.84	0.10	1164
mplight	TRAIN	27	298.2	0.3	-5.47	2.10	0.06	1417
mplight	TEST	27	361.4	100.0	-16.33	6.16	0.10	1063
mplight	TRAIN	28	336.5	0.3	-6.40	2.44	0.07	1420
mplight	TEST	28	339.7	100.0	-13.22	4.99	0.09	1170
mplight	TRAIN	29	304.0	0.3	-5.38	2.06	0.06	1430
mplight	TEST	29	342.6	100.0	-13.71	5.17	0.08	1135
mplight	TRAIN	30	298.1	0.3	-5.25	2.01	0.06	1415
mplight	TEST	30	377.3	100.0	-14.72	5.55	0.08	1149
mplight	TRAIN	31	305.0	0.3	-5.52	2.12	0.06	1418
mplight	TEST	31	345.8	100.0	-14.61	5.52	0.09	1104
mplight	TRAIN	32	291.7	0.3	-4.98	1.91	0.06	1426
mplight	TEST	32	360.6	100.0	-13.29	5.02	0.08	1176
mplight	TRAIN	33	304.2	0.3	-5.49	2.10	0.06	1421
mplight	TEST	33	289.2	100.0	-8.59	3.26	0.07	1262
mplight	TRAIN	34	286.1	0.3	-4.85	1.86	0.06	1418
mplight	TEST	34	333.9	100.0	-14.35	5.42	0.08	1115
mplight	TRAIN	35	303.3	0.4	-5.44	2.09	0.06	1415
mplight	TEST	35	318.1	100.0	-9.11	3.45	0.07	1275
mplight	TRAIN	36	275.8	0.4	-4.43	1.70	0.06	1429
mplight	TEST	36	345.6	100.0	-16.45	6.21	0.08	1058
mplight	TRAIN	37	316.6	0.4	-5.88	2.25	0.06	1421
mplight	TEST	37	347.8	100.0	-10.84	4.10	0.08	1226
mplight	TRAIN	38	306.4	0.4	-5.63	2.16	0.06	1409
mplight	TEST	38	345.4	100.0	-11.85	4.48	0.08	1215
mplight	TRAIN	39	304.3	0.4	-5.43	2.08	0.06	1423
mplight	TEST	39	358.2	100.0	-13.22	4.99	0.09	1161
mplight	TRAIN	40	298.5	0.4	-5.37	2.06	0.06	1421
mplight	TEST	40	316.6	100.0	-14.32	5.41	0.08	1094
mplight	TRAIN	41	308.8	0.4	-5.56	2.13	0.06	1423
mplight	TEST	41	322.5	100.0	-13.99	5.28	0.09	1113
mplight	TRAIN	42	289.0	0.4	-5.02	1.92	0.06	1410
mplight	TEST	42	311.5	100.0	-9.28	3.51	0.08	1257
mplight	TRAIN	43	302.8	0.4	-5.51	2.11	0.06	1411
mplight	TEST	43	290.0	100.0	-6.67	2.54	0.07	1318
mplight	TRAIN	44	289.0	0.4	-5.21	2.00	0.06	1406
mplight	TEST	44	430.1	100.0	-15.87	5.99	0.10	1136
mplight	TRAIN	45	294.6	0.4	-5.20	1.99	0.06	1415
mplight	TEST	45	355.2	100.0	-12.79	4.83	0.09	1181
mplight	TRAIN	46	291.6	0.5	-5.34	2.05	0.06	1402
mplight	TEST	46	363.4	100.0	-14.91	5.63	0.09	1120
mplight	TRAIN	47	286.7	0.5	-4.84	1.86	0.06	1421
mplight	TEST	47	278.9	100.0	-12.54	4.74	0.07	1121
mplight	TRAIN	48	298.2	0.5	-5.52	2.12	0.06	1412
mplight	TEST	48	294.6	100.0	-10.22	3.87	0.07	1209
mplight	TRAIN	49	273.6	0.5	-4.34	1.67	0.06	1427
mplight	TEST	49	317.6	100.0	-7.79	2.96	0.07	1300
mplight	TRAIN	50	302.4	0.5	-5.38	2.06	0.06	1422
mplight	TEST	50	359.6	100.0	-12.43	4.70	0.09	1181
mplight	TRAIN	51	290.0	0.5	-5.04	1.94	0.06	1417
mplight	TEST	51	385.6	100.0	-12.03	4.55	0.09	1225
mplight	TRAIN	52	305.2	0.4	-5.64	2.16	0.06	1410
mplight	TEST	52	304.7	100.0	-9.25	3.51	0.07	1247
mplight	TRAIN	53	277.0	0.4	-4.59	1.76	0.06	1416
mplight	TEST	53	301.8	100.0	-9.44	3.58	0.07	1241
mplight	TRAIN	54	331.0	0.4	-6.18	2.35	0.06	1422
mplight	TEST	54	334.0	100.0	-8.85	3.36	0.08	1291
mplight	TRAIN	55	279.8	0.5	-4.59	1.76	0.06	1426
mplight	TEST	55	320.5	100.0	-7.92	3.01	0.08	1313
mplight	TRAIN	56	298.0	0.4	-5.25	2.01	0.06	1421
mplight	TEST	56	387.2	100.0	-14.52	5.48	0.10	1119
mplight	TRAIN	57	286.3	0.4	-4.78	1.84	0.06	1425
mplight	TEST	57	358.7	100.0	-17.16	6.47	0.09	1010
mplight	TRAIN	58	284.1	0.5	-4.82	1.85	0.06	1417
mplight	TEST	58	383.0	100.0	-16.45	6.20	0.10	1055
mplight	TRAIN	59	286.7	0.5	-4.79	1.84	0.06	1431
mplight	TEST	59	298.7	100.0	-10.80	4.09	0.07	1184
mplight	TRAIN	60	300.7	0.5	-5.41	2.07	0.06	1429
mplight	TEST	60	399.9	100.0	-14.00	5.29	0.09	1177
mplight	TRAIN	61	283.8	0.5	-4.88	1.87	0.06	1411
mplight	TEST	61	384.6	100.0	-18.94	7.14	0.10	983
mplight	TRAIN	62	300.7	0.5	-5.26	2.01	0.06	1430
mplight	TEST	62	404.7	100.0	-20.60	7.76	0.10	937
mplight	TRAIN	63	278.3	0.5	-4.72	1.81	0.06	1414
mplight	TEST	63	378.6	100.0	-14.74	5.57	0.09	1125
mplight	TRAIN	64	279.6	0.5	-4.58	1.76	0.06	1425
mplight	TEST	64	349.8	100.0	-12.04	4.55	0.07	1186
mplight	TRAIN	65	296.3	0.5	-5.11	1.96	0.06	1430
mplight	TEST	65	379.2	100.0	-13.94	5.26	0.09	1155
mplight	TRAIN	66	299.1	0.6	-5.37	2.06	0.06	1419
mplight	TEST	66	350.8	100.0	-16.78	6.33	0.09	1008
mplight	TRAIN	67	292.3	0.5	-5.00	1.92	0.06	1428
mplight	TEST	67	251.8	100.0	-4.66	1.79	0.06	1371
mplight	TRAIN	68	268.3	0.5	-4.23	1.63	0.06	1420
mplight	TEST	68	349.4	100.0	-8.02	3.04	0.08	1343
mplight	TRAIN	69	278.6	0.5	-4.51	1.74	0.06	1430
mplight	TEST	69	355.4	100.0	-15.07	5.68	0.09	1069
mplight	TRAIN	70	286.9	0.5	-5.11	1.96	0.06	1410
mplight	TEST	70	333.7	100.0	-9.50	3.60	0.08	1256
mplight	TRAIN	71	288.4	0.5	-4.89	1.88	0.06	1423
mplight	TEST	71	308.6	100.0	-9.67	3.67	0.07	1235
mplight	TRAIN	72	282.4	0.5	-4.66	1.79	0.06	1426
mplight	TEST	72	311.0	100.0	-7.01	2.67	0.07	1330
mplight	TRAIN	73	266.1	0.5	-4.07	1.57	0.05	1435
mplight	TEST	73	279.9	100.0	-9.80	3.72	0.07	1205
mplight	TRAIN	74	263.2	0.5	-4.04	1.56	0.06	1421
mplight	TEST	74	255.8	100.0	-6.55	2.50	0.06	1289
mplight	TRAIN	75	284.2	0.5	-4.69	1.80	0.06	1434
mplight	TEST	75	333.5	100.0	-10.96	4.15	0.07	1222
mplight	TRAIN	76	272.5	0.5	-4.34	1.67	0.06	1428
mplight	TEST	76	423.0	100.0	-22.18	8.35	0.12	903
mplight	TRAIN	77	271.6	0.5	-4.29	1.65	0.06	1431
mplight	TEST	77	351.8	100.0	-13.87	5.23	0.09	1122
mplight	TRAIN	78	292.7	0.5	-5.03	1.93	0.06	1423
mplight	TEST	78	380.0	100.0	-13.75	5.19	0.09	1171
mplight	TRAIN	79	315.7	0.5	-5.96	2.27	0.06	1417
mplight	TEST	79	289.9	100.0	-5.87	2.24	0.06	1367
mplight	TRAIN	80	274.7	0.5	-4.40	1.69	0.06	1432
mplight	TEST	80	393.8	100.0	-18.72	7.05	0.11	989
mplight	TRAIN	81	266.7	0.5	-4.12	1.59	0.05	1434
mplight	TEST	81	352.1	100.0	-11.72	4.43	0.08	1212
mplight	TRAIN	82	280.2	0.5	-4.58	1.76	0.06	1433
mplight	TEST	82	361.3	100.0	-11.06	4.18	0.09	1219
mplight	TRAIN	83	298.7	0.5	-5.20	1.99	0.06	1430
mplight	TEST	83	291.9	100.0	-6.98	2.66	0.07	1311
mplight	TRAIN	84	272.4	0.5	-4.36	1.68	0.06	1423
mplight	TEST	84	240.9	100.0	-5.51	2.11	0.05	1323
mplight	TRAIN	85	269.0	0.6	-4.23	1.63	0.06	1426
mplight	TEST	85	289.4	100.0	-8.67	3.29	0.07	1248
mplight	TRAIN	86	297.5	0.6	-5.22	2.00	0.06	1424
mplight	TEST	86	302.9	100.0	-10.43	3.95	0.07	1200
mplight	TRAIN	87	281.9	0.5	-4.66	1.79	0.06	1420
mplight	TEST	87	357.3	100.0	-10.15	3.84	0.08	1263
mplight	TRAIN	88	264.0	0.6	-4.05	1.56	0.06	1429
mplight	TEST	88	363.5	100.0	-13.23	5.00	0.09	1141
mplight	TRAIN	89	302.9	0.5	-5.85	2.24	0.06	1402
mplight	TEST	89	335.1	100.0	-12.66	4.78	0.09	1136
mplight	TRAIN	90	279.7	0.6	-4.58	1.76	0.06	1420
mplight	TEST	90	304.2	100.0	-8.61	3.27	0.08	1262
mplight	TRAIN	91	283.2	0.6	-4.69	1.80	0.06	1429
mplight	TEST	91	360.9	100.0	-12.05	4.55	0.08	1206
mplight	TRAIN	92	275.7	0.6	-4.45	1.71	0.06	1430
mplight	TEST	92	347.9	100.0	-10.61	4.02	0.08	1243
mplight	TRAIN	93	265.3	0.6	-4.10	1.58	0.06	1420
mplight	TEST	93	421.7	100.0	-15.10	5.70	0.09	1177
mplight	TRAIN	94	293.7	0.6	-5.08	1.95	0.06	1420
mplight	TEST	94	308.7	100.0	-6.01	2.30	0.07	1395
mplight	TRAIN	95	275.4	0.6	-4.47	1.72	0.06	1418
mplight	TEST	95	310.1	100.0	-10.32	3.91	0.08	1227
mplight	TRAIN	96	262.9	0.6	-3.99	1.54	0.06	1434
mplight	TEST	96	278.8	100.0	-4.67	1.79	0.07	1410
mplight	TRAIN	97	267.0	0.5	-4.27	1.64	0.06	1420
mplight	TEST	97	282.1	100.0	-7.45	2.84	0.06	1295
mplight	TRAIN	98	279.7	0.6	-4.62	1.78	0.06	1427
mplight	TEST	98	352.2	100.0	-11.54	4.36	0.09	1217
mplight	TRAIN	99	276.3	0.6	-4.47	1.72	0.06	1420
mplight	TEST	99	307.8	100.0	-14.01	5.29	0.09	1084
mplight	TRAIN	100	275.1	0.6	-4.41	1.70	0.06	1426
mplight	TEST	100	369.6	100.0	-16.83	6.35	0.10	1046
mplight	TRAIN	101	280.0	0.6	-4.58	1.76	0.06	1429
mplight	TEST	101	350.7	100.0	-10.64	4.03	0.08	1225
mplight	TRAIN	102	276.9	0.6	-4.56	1.75	0.06	1426
mplight	TEST	102	288.2	100.0	-6.98	2.66	0.07	1304
mplight	TRAIN	103	273.2	0.6	-4.34	1.67	0.06	1425
mplight	TEST	103	385.5	100.0	-20.36	7.67	0.10	928
mplight	TRAIN	104	249.6	0.6	-3.55	1.38	0.05	1431
mplight	TEST	104	283.5	100.0	-6.75	2.57	0.07	1301
mplight	TRAIN	105	278.5	0.6	-4.61	1.77	0.06	1425
mplight	TEST	105	262.8	100.0	-7.15	2.72	0.06	1273
mplight	TRAIN	106	267.9	0.5	-4.17	1.61	0.05	1429
mplight	TEST	106	267.0	100.0	-4.78	1.83	0.06	1378
mplight	TRAIN	107	271.0	0.6	-4.28	1.65	0.06	1420
mplight	TEST	107	269.4	100.0	-5.68	2.18	0.06	1362
mplight	TRAIN	108	277.8	0.6	-4.50	1.73	0.06	1433
mplight	TEST	108	299.8	100.0	-7.49	2.85	0.07	1322
mplight	TRAIN	109	290.7	0.6	-4.97	1.90	0.06	1421
mplight	TEST	109	272.8	100.0	-6.36	2.42	0.06	1317
mplight	TRAIN	110	276.8	0.6	-4.44	1.71	0.06	1430
mplight	TEST	110	309.4	100.0	-9.10	3.45	0.07	1256
mplight	TRAIN	111	272.5	0.6	-4.34	1.67	0.06	1425
mplight	TEST	111	357.0	100.0	-11.59	4.39	0.08	1234
mplight	TRAIN	112	281.3	0.6	-4.68	1.80	0.06	1423
mplight	TEST	112	330.8	100.0	-10.24	3.88	0.08	1255
mplight	TRAIN	113	270.2	0.6	-4.32	1.66	0.06	1418
mplight	TEST	113	357.4	100.0	-12.26	4.64	0.09	1203
mplight	TRAIN	114	280.8	0.5	-4.57	1.76	0.06	1425
mplight	TEST	114	334.2	100.0	-11.87	4.49	0.08	1181
mplight	TRAIN	115	280.1	0.6	-4.50	1.73	0.06	1425
mplight	TEST	115	317.6	100.0	-7.82	2.97	0.08	1317
mplight	TRAIN	116	291.5	0.6	-5.01	1.92	0.06	1422
mplight	TEST	116	331.0	100.0	-9.24	3.50	0.08	1283
mplight	TRAIN	117	260.8	0.6	-3.93	1.51	0.06	1423
mplight	TEST	117	441.6	100.0	-19.45	7.33	0.11	1021
mplight	TRAIN	118	299.3	0.6	-5.28	2.02	0.06	1416
mplight	TEST	118	378.9	100.0	-11.49	4.35	0.09	1229
mplight	TRAIN	119	278.6	0.6	-4.52	1.74	0.06	1424
mplight	TEST	119	390.2	100.0	-19.42	7.32	0.11	970
mplight	TRAIN	120	262.8	0.6	-4.00	1.55	0.06	1427
mplight	TEST	120	270.5	100.0	-5.24	2.01	0.05	1377
mplight	TRAIN	121	286.1	0.6	-4.76	1.83	0.06	1428
mplight	TEST	121	362.0	100.0	-14.68	5.54	0.10	1119
mplight	TRAIN	122	269.0	0.6	-4.21	1.62	0.06	1428
mplight	TEST	122	316.2	100.0	-9.81	3.72	0.07	1244
mplight	TRAIN	123	264.6	0.5	-4.14	1.60	0.06	1417
mplight	TEST	123	354.9	100.0	-17.88	6.74	0.11	997
mplight	TRAIN	124	280.1	0.5	-4.55	1.75	0.06	1429
mplight	TEST	124	287.2	100.0	-6.57	2.50	0.07	1332
mplight	TRAIN	125	270.7	0.6	-4.29	1.65	0.06	1423
mplight	TEST	125	395.5	100.0	-12.38	4.68	0.09	1247
mplight	TRAIN	126	264.1	0.6	-4.05	1.56	0.06	1431
mplight	TEST	126	365.3	100.0	-14.63	5.53	0.09	1124
mplight	TRAIN	127	300.9	0.6	-5.28	2.03	0.06	1431
mplight	TEST	127	288.2	100.0	-7.15	2.72	0.07	1294
mplight	TRAIN	128	284.1	0.6	-4.72	1.81	0.06	1428
mplight	TEST	128	311.3	100.0	-6.89	2.62	0.07	1343
mplight	TRAIN	129	271.4	0.6	-4.28	1.65	0.06	1430
mplight	TEST	129	341.3	100.0	-9.27	3.51	0.08	1291
mplight	TRAIN	130	277.3	0.6	-4.47	1.72	0.06	1437
mplight	TEST	130	332.2	100.0	-7.99	3.03	0.08	1330
mplight	TRAIN	131	269.7	0.7	-4.25	1.64	0.06	1422
mplight	TEST	131	254.9	100.0	-5.92	2.27	0.06	1310
mplight	TRAIN	132	269.7	0.6	-4.21	1.62	0.06	1430
mplight	TEST	132	317.0	100.0	-11.23	4.25	0.08	1197
mplight	TRAIN	133	271.4	0.7	-4.31	1.66	0.06	1423
mplight	TEST	133	276.6	100.0	-5.75	2.19	0.07	1342
mplight	TRAIN	134	259.5	0.6	-3.90	1.51	0.06	1426
mplight	TEST	134	338.9	100.0	-11.25	4.26	0.08	1218
mplight	TRAIN	135	275.1	0.6	-4.41	1.70	0.06	1428
mplight	TEST	135	407.7	100.0	-16.30	6.15	0.10	1096
mplight	TRAIN	136	256.2	0.6	-3.78	1.46	0.05	1433
mplight	TEST	136	275.6	100.0	-6.52	2.49	0.06	1316
mplight	TRAIN	137	275.6	0.6	-4.44	1.71	0.06	1428
mplight	TEST	137	311.2	100.0	-10.21	3.87	0.07	1214
mplight	TRAIN	138	289.9	0.6	-4.84	1.86	0.06	1426
mplight	TEST	138	334.8	100.0	-10.69	4.05	0.08	1234
mplight	TRAIN	139	278.7	0.6	-4.54	1.75	0.06	1419
mplight	TEST	139	290.5	100.0	-5.67	2.17	0.07	1379
mplight	TRAIN	140	277.3	0.7	-4.43	1.71	0.06	1438
mplight	TEST	140	302.1	100.0	-9.83	3.72	0.08	1232
mplight	TRAIN	141	263.8	0.6	-3.99	1.54	0.06	1432
mplight	TEST	141	370.3	100.0	-14.41	5.44	0.10	1150
mplight	TRAIN	142	254.0	0.7	-3.72	1.44	0.05	1423
mplight	TEST	142	333.8	100.0	-9.14	3.47	0.08	1281
mplight	TRAIN	143	259.7	0.7	-4.04	1.56	0.06	1411
mplight	TEST	143	433.3	100.0	-14.45	5.46	0.11	1196
mplight	TRAIN	144	292.3	0.7	-4.99	1.91	0.06	1430
mplight	TEST	144	351.0	100.0	-10.57	4.00	0.08	1247
mplight	TRAIN	145	259.2	0.7	-3.88	1.50	0.06	1432
mplight	TEST	145	414.2	100.0	-19.79	7.46	0.11	983
mplight	TRAIN	146	272.5	0.7	-4.30	1.66	0.06	1428
mplight	TEST	146	297.2	100.0	-8.92	3.39	0.07	1272
mplight	TRAIN	147	288.6	0.7	-4.87	1.87	0.06	1430
mplight	TEST	147	329.1	100.0	-11.53	4.36	0.08	1188
mplight	TRAIN	148	278.8	0.6	-4.49	1.73	0.06	1431
mplight	TEST	148	337.6	100.0	-9.88	3.74	0.08	1267
mplight	TRAIN	149	289.9	0.7	-4.81	1.85	0.06	1433
mplight	TEST	149	377.2	100.0	-13.01	4.91	0.09	1191
mplight	TRAIN	150	276.7	0.6	-4.48	1.72	0.06	1429
mplight	TEST	150	373.2	100.0	-9.22	3.50	0.09	1322
mplight	TRAIN	151	295.7	0.6	-5.12	1.96	0.06	1431
mplight	TEST	151	280.3	100.0	-6.84	2.61	0.07	1297
mplight	TRAIN	152	279.0	0.6	-4.54	1.75	0.06	1430
mplight	TEST	152	390.6	100.0	-13.61	5.14	0.09	1184
mplight	TRAIN	153	285.6	0.6	-4.76	1.83	0.06	1433
mplight	TEST	153	367.5	100.0	-16.69	6.30	0.10	1050
mplight	TRAIN	154	259.0	0.7	-3.93	1.51	0.06	1428
mplight	TEST	154	288.7	100.0	-4.86	1.86	0.06	1434
mplight	TRAIN	155	267.4	0.6	-4.14	1.60	0.06	1432
mplight	TEST	155	408.8	100.0	-17.71	6.67	0.11	1051
mplight	TRAIN	156	269.3	0.6	-4.20	1.62	0.06	1438
mplight	TEST	156	329.8	100.0	-7.08	2.69	0.08	1366
mplight	TRAIN	157	264.0	0.6	-4.00	1.54	0.06	1434
mplight	TEST	157	349.5	100.0	-13.69	5.17	0.08	1138
mplight	TRAIN	158	273.1	0.6	-4.38	1.68	0.06	1425
mplight	TEST	158	348.5	100.0	-8.64	3.28	0.08	1327
mplight	TRAIN	159	258.8	0.6	-3.87	1.49	0.06	1426
mplight	TEST	159	318.1	100.0	-6.84	2.60	0.08	1358
mplight	TRAIN	160	272.3	0.6	-4.33	1.67	0.06	1422
mplight	TEST	160	323.0	100.0	-11.07	4.19	0.08	1205
mplight	TRAIN	161	297.2	0.7	-5.17	1.98	0.06	1428
mplight	TEST	161	376.2	100.0	-11.96	4.52	0.09	1213
mplight	TRAIN	162	279.9	0.6	-4.51	1.73	0.06	1428
mplight	TEST	162	368.2	100.0	-19.05	7.18	0.10	968
mplight	TRAIN	163	262.8	0.6	-4.03	1.56	0.06	1423
mplight	TEST	163	345.8	100.0	-11.58	4.38	0.09	1208
mplight	TRAIN	164	255.3	0.6	-3.76	1.45	0.06	1428
mplight	TEST	164	321.2	100.0	-8.91	3.38	0.08	1282
mplight	TRAIN	165	258.8	0.6	-3.93	1.52	0.06	1418
mplight	TEST	165	375.0	100.0	-10.47	3.96	0.08	1288
mplight	TRAIN	166	268.9	0.6	-4.20	1.62	0.06	1435
mplight	TEST	166	298.1	100.0	-8.97	3.40	0.08	1254
mplight	TRAIN	167	248.5	0.6	-3.52	1.36	0.05	1429
mplight	TEST	167	338.8	100.0	-10.48	3.97	0.08	1243
mplight	TRAIN	168	280.3	0.7	-4.60	1.77	0.06	1423
mplight	TEST	168	331.3	100.0	-9.70	3.67	0.08	1259
mplight	TRAIN	169	262.0	0.7	-3.98	1.53	0.06	1429
mplight	TEST	169	328.7	100.0	-11.66	4.41	0.08	1181
mplight	TRAIN	170	272.3	0.6	-4.32	1.66	0.06	1424
mplight	TEST	170	370.8	100.0	-16.86	6.36	0.10	1052
mplight	TRAIN	171	253.6	0.7	-3.71	1.44	0.06	1431
mplight	TEST	171	361.5	100.0	-11.15	4.22	0.08	1249
mplight	TRAIN	172	267.9	0.7	-4.15	1.60	0.06	1433
mplight	TEST	172	344.0	100.0	-10.09	3.82	0.08	1253
mplight	TRAIN	173	270.5	0.7	-4.24	1.64	0.06	1434
mplight	TEST	173	304.9	100.0	-9.80	3.72	0.08	1217
mplight	TRAIN	174	291.1	0.8	-4.95	1.90	0.06	1424
mplight	TEST	174	388.8	100.0	-14.60	5.51	0.10	1122
mplight	TRAIN	175	247.6	0.9	-3.50	1.36	0.05	1425
mplight	TEST	175	280.3	100.0	-6.95	2.65	0.07	1316
mplight	TRAIN	176	328.3	0.8	-6.24	2.38	0.06	1424
mplight	TEST	176	273.5	100.0	-6.22	2.37	0.07	1345
mplight	TRAIN	177	285.0	0.7	-4.80	1.84	0.06	1419
mplight	TEST	177	379.2	100.0	-10.15	3.84	0.08	1305
mplight	TRAIN	178	272.4	0.7	-4.34	1.67	0.06	1432
mplight	TEST	178	281.9	100.0	-4.78	1.83	0.07	1411
mplight	TRAIN	179	259.7	0.7	-3.91	1.51	0.06	1427
mplight	TEST	179	346.2	100.0	-9.92	3.76	0.09	1271
mplight	TRAIN	180	258.8	0.7	-3.81	1.48	0.06	1436
mplight	TEST	180	329.6	100.0	-9.47	3.60	0.08	1261
mplight	TRAIN	181	268.3	0.7	-4.23	1.63	0.06	1402
mplight	TEST	181	291.2	100.0	-5.27	2.01	0.08	1394
mplight	TRAIN	182	277.5	0.7	-4.49	1.73	0.06	1431
mplight	TEST	182	288.5	100.0	-5.52	2.11	0.07	1383
mplight	TRAIN	183	258.8	0.7	-3.90	1.51	0.06	1423
mplight	TEST	183	366.5	100.0	-13.16	4.97	0.09	1171
mplight	TRAIN	184	259.8	0.7	-3.94	1.52	0.06	1419
mplight	TEST	184	291.1	100.0	-5.04	1.93	0.07	1418
mplight	TRAIN	185	281.4	0.7	-4.87	1.87	0.06	1403
mplight	TEST	185	314.0	100.0	-7.41	2.82	0.08	1323
mplight	TRAIN	186	253.0	0.8	-3.72	1.44	0.06	1419
mplight	TEST	186	326.3	100.0	-11.67	4.42	0.09	1193
mplight	TRAIN	187	251.6	0.7	-3.63	1.41	0.06	1420
mplight	TEST	187	330.2	100.0	-12.61	4.77	0.08	1159
mplight	TRAIN	188	266.4	0.7	-4.18	1.61	0.06	1417
mplight	TEST	188	354.5	100.0	-11.64	4.41	0.09	1219
mplight	TRAIN	189	260.5	0.7	-3.90	1.51	0.06	1433
mplight	TEST	189	324.8	100.0	-12.40	4.68	0.08	1143
mplight	TRAIN	190	278.5	0.7	-4.60	1.77	0.06	1418
mplight	TEST	190	280.8	100.0	-5.27	2.01	0.07	1376
mplight	TRAIN	191	260.7	0.7	-3.90	1.50	0.06	1437
mplight	TEST	191	296.7	100.0	-6.21	2.37	0.07	1352
mplight	TRAIN	192	264.2	0.7	-4.10	1.58	0.06	1413
mplight	TEST	192	379.1	100.0	-18.97	7.15	0.10	980
mplight	TRAIN	193	252.3	0.7	-3.62	1.40	0.06	1432
mplight	TEST	193	283.8	100.0	-5.22	2.00	0.06	1391
mplight	TRAIN	194	252.0	0.7	-3.64	1.41	0.06	1422
mplight	TEST	194	300.9	100.0	-6.60	2.51	0.07	1350
mplight	TRAIN	195	297.0	0.7	-5.17	1.98	0.06	1427
mplight	TEST	195	282.4	100.0	-5.02	1.92	0.07	1398
mplight	TRAIN	196	271.2	0.7	-4.26	1.64	0.06	1435
mplight	TEST	196	287.0	100.0	-5.90	2.25	0.06	1367
mplight	TRAIN	197	268.8	0.7	-4.21	1.62	0.06	1430
mplight	TEST	197	283.8	100.0	-7.03	2.68	0.06	1293
mplight	TRAIN	198	304.5	0.7	-5.59	2.14	0.07	1414
mplight	TEST	198	326.7	100.0	-9.49	3.60	0.08	1247
mplight	TRAIN	199	278.2	0.7	-4.53	1.74	0.06	1425
mplight	TEST	199	283.6	100.0	-5.32	2.03	0.07	1373
mplight	TRAIN	200	257.2	0.7	-3.83	1.48	0.06	1428
mplight	TEST	200	337.0	100.0	-8.85	3.36	0.08	1289
mplight	TRAIN	201	285.7	0.7	-4.77	1.83	0.06	1430
mplight	TEST	201	248.4	100.0	-6.17	2.36	0.06	1297
mplight	TRAIN	202	278.0	0.7	-4.44	1.71	0.06	1427
mplight	TEST	202	270.3	100.0	-4.40	1.69	0.07	1419
mplight	TRAIN	203	265.7	0.7	-4.06	1.57	0.06	1434
mplight	TEST	203	259.3	100.0	-4.03	1.55	0.06	1416
mplight	TRAIN	204	266.7	0.7	-4.17	1.61	0.06	1422
mplight	TEST	204	329.1	100.0	-9.49	3.60	0.08	1262
mplight	TRAIN	205	268.4	0.7	-4.20	1.61	0.06	1427
mplight	TEST	205	322.3	100.0	-10.21	3.87	0.08	1241
mplight	TRAIN	206	260.2	0.7	-3.89	1.50	0.06	1431
mplight	TEST	206	268.5	100.0	-5.54	2.12	0.06	1372
mplight	TRAIN	207	253.9	0.7	-3.67	1.42	0.06	1433
mplight	TEST	207	248.7	100.0	-5.12	1.96	0.06	1347
mplight	TRAIN	208	270.8	0.7	-4.34	1.67	0.06	1416
mplight	TEST	208	281.2	100.0	-6.76	2.57	0.07	1315
mplight	TRAIN	209	284.5	0.6	-4.74	1.82	0.06	1431
mplight	TEST	209	368.3	100.0	-8.02	3.04	0.08	1383
mplight	TRAIN	210	271.6	0.7	-4.31	1.66	0.06	1431
mplight	TEST	210	292.7	100.0	-7.00	2.66	0.06	1309
mplight	TRAIN	211	243.5	0.7	-3.35	1.30	0.05	1428
mplight	TEST	211	290.0	100.0	-11.05	4.18	0.08	1160
mplight	TRAIN	212	258.0	0.6	-3.95	1.53	0.06	1422
mplight	TEST	212	277.0	100.0	-4.97	1.90	0.07	1396
mplight	TRAIN	213	268.3	0.7	-4.21	1.62	0.06	1425
mplight	TEST	213	286.1	100.0	-6.07	2.31	0.07	1354
mplight	TRAIN	214	270.7	0.7	-4.30	1.65	0.06	1421
mplight	TEST	214	280.2	100.0	-5.08	1.95	0.07	1387
mplight	TRAIN	215	284.2	0.8	-4.77	1.83	0.06	1424
mplight	TEST	215	268.4	100.0	-4.48	1.72	0.07	1404
mplight	TRAIN	216	272.1	0.8	-4.37	1.68	0.06	1425
mplight	TEST	216	318.1	100.0	-8.63	3.28	0.07	1294
mplight	TRAIN	217	254.3	0.8	-3.70	1.43	0.06	1427
mplight	TEST	217	382.1	100.0	-16.30	6.15	0.10	1043
mplight	TRAIN	218	258.2	0.6	-3.86	1.49	0.06	1426
mplight	TEST	218	269.8	100.0	-4.36	1.68	0.07	1414
mplight	TRAIN	219	262.1	0.7	-4.00	1.54	0.06	1423
mplight	TEST	219	315.8	100.0	-7.18	2.73	0.08	1343
mplight	TRAIN	220	273.3	0.7	-4.39	1.69	0.06	1420
mplight	TEST	220	290.2	100.0	-10.58	4.01	0.08	1202
mplight	TRAIN	221	277.3	0.7	-4.49	1.73	0.06	1428
mplight	TEST	221	285.0	100.0	-6.24	2.38	0.07	1344
mplight	TRAIN	222	277.5	0.7	-4.50	1.73	0.06	1425
mplight	TEST	222	280.0	100.0	-4.62	1.77	0.07	1419
mplight	TRAIN	223	257.9	0.7	-3.88	1.50	0.06	1421
mplight	TEST	223	310.4	100.0	-6.29	2.40	0.07	1379
mplight	TRAIN	224	246.7	0.7	-3.45	1.34	0.06	1432
mplight	TEST	224	262.7	100.0	-4.10	1.58	0.06	1419
mplight	TRAIN	225	245.7	0.7	-3.39	1.31	0.05	1433
mplight	TEST	225	232.6	100.0	-4.89	1.88	0.05	1336
mplight	TRAIN	226	250.6	0.7	-3.59	1.39	0.05	1428
mplight	TEST	226	306.3	100.0	-8.17	3.11	0.08	1287
mplight	TRAIN	227	276.4	0.7	-4.47	1.72	0.06	1422
mplight	TEST	227	275.7	100.0	-6.90	2.63	0.07	1297
mplight	TRAIN	228	282.2	0.8	-4.84	1.86	0.06	1420
mplight	TEST	228	297.7	100.0	-7.92	3.01	0.07	1285
mplight	TRAIN	229	247.0	0.8	-3.48	1.35	0.06	1432
mplight	TEST	229	275.6	100.0	-7.99	3.04	0.08	1270
mplight	TRAIN	230	260.2	0.8	-3.90	1.50	0.06	1436
mplight	TEST	230	246.8	100.0	-4.55	1.75	0.06	1384
mplight	TRAIN	231	270.0	0.8	-4.28	1.65	0.06	1423
mplight	TEST	231	285.1	100.0	-5.77	2.20	0.07	1352
mplight	TRAIN	232	274.3	0.8	-4.43	1.71	0.06	1422
mplight	TEST	232	277.9	100.0	-4.67	1.79	0.07	1402
mplight	TRAIN	233	274.9	0.8	-4.37	1.68	0.06	1430
mplight	TEST	233	289.7	100.0	-6.65	2.53	0.07	1338
mplight	TRAIN	234	290.7	0.8	-5.06	1.94	0.06	1414
mplight	TEST	234	269.2	100.0	-4.88	1.87	0.07	1382
mplight	TRAIN	235	279.2	0.9	-4.55	1.75	0.06	1435
mplight	TEST	235	245.3	100.0	-3.44	1.33	0.05	1428
mplight	TRAIN	236	278.7	0.8	-4.58	1.76	0.06	1421
mplight	TEST	236	257.3	100.0	-5.57	2.13	0.06	1335
mplight	TRAIN	237	259.9	0.8	-4.01	1.55	0.06	1419
mplight	TEST	237	303.1	100.0	-6.54	2.49	0.07	1349
mplight	TRAIN	238	279.0	0.8	-4.56	1.75	0.06	1428
mplight	TEST	238	264.3	100.0	-4.09	1.58	0.06	1423
mplight	TRAIN	239	267.2	0.8	-4.14	1.60	0.06	1430
mplight	TEST	239	287.8	100.0	-6.15	2.34	0.07	1342
mplight	TRAIN	240	255.3	0.8	-3.74	1.44	0.06	1428
mplight	TEST	240	291.9	100.0	-6.33	2.41	0.07	1345
mplight	TRAIN	241	257.5	0.8	-3.87	1.49	0.06	1425
mplight	TEST	241	277.5	100.0	-5.37	2.05	0.07	1369
mplight	TRAIN	242	267.0	0.8	-4.15	1.60	0.06	1427
mplight	TEST	242	321.7	100.0	-7.04	2.68	0.08	1356
mplight	TRAIN	243	258.7	0.8	-3.94	1.52	0.06	1419
mplight	TEST	243	240.1	100.0	-3.83	1.48	0.05	1396
mplight	TRAIN	244	273.3	0.8	-4.37	1.68	0.06	1432
mplight	TEST	244	345.8	100.0	-7.15	2.72	0.07	1410
mplight	TRAIN	245	267.1	0.8	-4.21	1.62	0.06	1422
mplight	TEST	245	251.6	100.0	-3.64	1.41	0.06	1431
mplight	TRAIN	246	295.7	0.8	-5.10	1.95	0.06	1430
mplight	TEST	246	276.6	100.0	-4.67	1.79	0.06	1404
mplight	TRAIN	247	278.5	0.8	-4.54	1.75	0.06	1427
mplight	TEST	247	244.7	100.0	-3.39	1.31	0.06	1427
mplight	TRAIN	248	283.8	0.8	-4.74	1.82	0.06	1423
mplight	TEST	248	275.3	100.0	-4.81	1.84	0.07	1400
mplight	TRAIN	249	279.5	0.9	-4.58	1.76	0.06	1429
mplight	TEST	249	271.6	100.0	-5.99	2.29	0.07	1338
mplight	TRAIN	250	266.2	0.9	-4.13	1.59	0.06	1428
mplight	TEST	250	310.1	100.0	-5.88	2.24	0.07	1402
mplight	TRAIN	251	297.3	0.9	-5.28	2.02	0.06	1418
mplight	TEST	251	290.2	100.0	-5.30	2.03	0.07	1399
mplight	TRAIN	252	255.3	0.9	-3.80	1.47	0.06	1429
mplight	TEST	252	283.2	100.0	-5.90	2.25	0.07	1347
mplight	TRAIN	253	274.1	0.9	-4.41	1.69	0.06	1431
mplight	TEST	253	352.9	100.0	-16.40	6.19	0.10	1054
mplight	TRAIN	254	286.2	0.9	-4.75	1.82	0.06	1434
mplight	TEST	254	315.1	100.0	-11.02	4.17	0.07	1179
mplight	TRAIN	255	280.1	0.8	-4.76	1.83	0.06	1409
mplight	TEST	255	273.1	100.0	-8.22	3.12	0.07	1268
mplight	TRAIN	256	263.1	0.9	-4.04	1.55	0.06	1435
mplight	TEST	256	285.8	100.0	-7.34	2.79	0.07	1295
mplight	TRAIN	257	271.7	0.9	-4.39	1.69	0.06	1423
mplight	TEST	257	285.8	100.0	-6.43	2.45	0.07	1337
mplight	TRAIN	258	257.8	0.9	-3.83	1.48	0.05	1428
mplight	TEST	258	249.5	100.0	-3.52	1.36	0.06	1428
mplight	TRAIN	259	247.6	0.9	-3.48	1.35	0.05	1437
mplight	TEST	259	272.1	100.0	-4.78	1.83	0.07	1389
mplight	TRAIN	260	254.2	0.9	-3.71	1.43	0.06	1427
mplight	TEST	260	266.5	100.0	-4.89	1.88	0.07	1370
mplight	TRAIN	261	250.9	0.9	-3.57	1.38	0.06	1438
mplight	TEST	261	285.3	100.0	-10.14	3.84	0.08	1197
mplight	TRAIN	262	263.9	0.9	-4.07	1.57	0.06	1424
mplight	TEST	262	268.2	100.0	-4.53	1.74	0.07	1394
mplight	TRAIN	263	258.7	0.9	-3.87	1.49	0.06	1427
mplight	TEST	263	239.7	100.0	-3.19	1.24	0.06	1430
mplight	TRAIN	264	260.2	0.9	-3.91	1.51	0.06	1431
mplight	TEST	264	245.3	100.0	-3.52	1.36	0.06	1421
mplight	TRAIN	265	262.6	0.9	-3.98	1.53	0.06	1430
mplight	TEST	265	340.2	100.0	-9.89	3.75	0.08	1259
mplight	TRAIN	266	253.2	0.9	-3.69	1.43	0.06	1424
mplight	TEST	266	256.4	100.0	-5.87	2.25	0.07	1332
mplight	TRAIN	267	264.0	0.9	-4.01	1.55	0.06	1434
mplight	TEST	267	256.2	100.0	-3.80	1.47	0.06	1432
mplight	TRAIN	268	289.4	0.9	-4.90	1.88	0.06	1429
mplight	TEST	268	304.0	100.0	-6.77	2.58	0.07	1337
mplight	TRAIN	269	258.2	0.9	-3.91	1.51	0.06	1423
mplight	TEST	269	282.0	100.0	-5.15	1.97	0.07	1387
mplight	TRAIN	270	256.3	0.8	-3.90	1.50	0.05	1417
mplight	TEST	270	299.1	100.0	-9.66	3.66	0.07	1231
mplight	TRAIN	271	277.3	0.9	-4.50	1.73	0.06	1421
mplight	TEST	271	245.1	100.0	-5.71	2.19	0.06	1336
mplight	TRAIN	272	262.7	0.9	-4.08	1.57	0.06	1421
mplight	TEST	272	261.6	100.0	-4.03	1.55	0.06	1422
mplight	TRAIN	273	285.1	0.9	-4.79	1.84	0.06	1430
mplight	TEST	273	266.9	100.0	-4.25	1.63	0.07	1415
mplight	TRAIN	274	362.2	0.8	-6.97	2.65	0.07	1408
mplight	TEST	274	314.6	100.0	-14.35	5.42	0.09	1078
mplight	TRAIN	275	298.9	0.8	-5.27	2.02	0.07	1422
mplight	TEST	275	297.4	100.0	-5.30	2.03	0.07	1413
mplight	TRAIN	276	273.7	0.9	-4.42	1.70	0.06	1428
mplight	TEST	276	311.4	100.0	-7.21	2.74	0.08	1334
mplight	TRAIN	277	251.8	0.9	-3.70	1.43	0.06	1422
mplight	TEST	277	270.1	100.0	-6.12	2.34	0.07	1350
mplight	TRAIN	278	289.0	0.8	-4.95	1.90	0.06	1421
mplight	TEST	278	247.1	100.0	-3.52	1.36	0.06	1425
mplight	TRAIN	279	262.7	0.9	-4.06	1.57	0.06	1419
mplight	TEST	279	259.6	100.0	-3.88	1.50	0.06	1432
mplight	TRAIN	280	256.5	0.9	-3.79	1.46	0.06	1432
mplight	TEST	280	277.2	100.0	-6.51	2.49	0.07	1330
mplight	TRAIN	281	262.6	0.9	-3.98	1.54	0.06	1420
mplight	TEST	281	304.8	100.0	-6.86	2.61	0.07	1337
mplight	TRAIN	282	251.5	0.8	-3.63	1.40	0.06	1424
mplight	TEST	282	274.2	100.0	-5.14	1.97	0.06	1377
mplight	TRAIN	283	246.5	0.8	-3.62	1.40	0.06	1409
mplight	TEST	283	262.4	100.0	-4.41	1.69	0.07	1400
mplight	TRAIN	284	290.6	0.9	-4.94	1.90	0.06	1428
mplight	TEST	284	266.6	100.0	-4.40	1.69	0.07	1407
mplight	TRAIN	285	281.9	0.9	-4.72	1.81	0.06	1418
mplight	TEST	285	224.7	100.0	-2.70	1.05	0.05	1431
mplight	TRAIN	286	255.2	1.0	-3.77	1.45	0.06	1431
mplight	TEST	286	359.8	100.0	-19.87	7.49	0.10	925
mplight	TRAIN	287	247.5	0.9	-3.49	1.35	0.06	1429
mplight	TEST	287	297.3	100.0	-6.42	2.45	0.07	1356
mplight	TRAIN	288	270.3	0.8	-4.34	1.67	0.06	1415
mplight	TEST	288	267.8	100.0	-5.34	2.04	0.06	1350
mplight	TRAIN	289	282.9	0.8	-4.94	1.90	0.06	1405
mplight	TEST	289	264.1	100.0	-4.74	1.82	0.07	1393
mplight	TRAIN	290	266.3	0.9	-4.15	1.60	0.06	1421
mplight	TEST	290	266.1	100.0	-4.53	1.74	0.07	1396
mplight	TRAIN	291	259.4	0.8	-3.91	1.51	0.06	1427
mplight	TEST	291	323.6	100.0	-15.26	5.76	0.09	1059
mplight	TRAIN	292	257.9	0.9	-3.87	1.50	0.06	1423
mplight	TEST	292	281.7	100.0	-8.93	3.39	0.07	1237
mplight	TRAIN	293	273.6	0.9	-4.31	1.66	0.06	1442
mplight	TEST	293	235.9	100.0	-3.08	1.20	0.05	1431
mplight	TRAIN	294	377.3	0.9	-8.02	3.05	0.07	1401
mplight	TEST	294	265.0	100.0	-6.28	2.40	0.07	1316
mplight	TRAIN	295	265.1	1.0	-4.41	1.70	0.06	1402
mplight	TEST	295	303.1	100.0	-6.91	2.63	0.08	1330
mplight	TRAIN	296	262.0	1.0	-3.97	1.53	0.06	1430
mplight	TEST	296	264.0	100.0	-4.13	1.59	0.06	1424
mplight	TRAIN	297	249.1	0.9	-3.56	1.38	0.06	1428
mplight	TEST	297	263.5	100.0	-6.26	2.39	0.07	1334
mplight	TRAIN	298	261.2	0.9	-3.97	1.53	0.06	1425
mplight	TEST	298	267.7	100.0	-5.91	2.26	0.07	1329
mplight	TRAIN	299	274.9	1.0	-4.80	1.84	0.06	1385
mplight	TEST	299	286.8	100.0	-7.20	2.74	0.07	1315
mplight	TRAIN	300	325.3	0.9	-6.12	2.33	0.07	1430
mplight	TEST	300	273.0	100.0	-4.64	1.78	0.07	1408
mplight	TRAIN	301	253.8	1.0	-3.72	1.43	0.06	1425
mplight	TEST	301	252.6	100.0	-3.69	1.42	0.06	1433
mplight	TRAIN	302	259.5	0.9	-3.92	1.51	0.06	1425
mplight	TEST	302	271.0	100.0	-5.60	2.14	0.06	1356
mplight	TRAIN	303	263.7	1.0	-4.12	1.59	0.06	1421
mplight	TEST	303	253.3	100.0	-3.83	1.48	0.05	1417
mplight	TRAIN	304	291.6	1.0	-5.33	2.04	0.06	1402
mplight	TEST	304	321.6	100.0	-7.50	2.85	0.07	1362
mplight	TRAIN	305	263.9	1.0	-4.08	1.57	0.06	1425
mplight	TEST	305	341.4	100.0	-8.98	3.40	0.08	1295
mplight	TRAIN	306	268.2	0.9	-4.22	1.62	0.06	1424
mplight	TEST	306	323.5	100.0	-10.65	4.04	0.08	1220
mplight	TRAIN	307	304.7	0.9	-5.44	2.08	0.06	1429
mplight	TEST	307	242.4	100.0	-3.71	1.43	0.05	1408
mplight	TRAIN	308	253.4	0.9	-3.70	1.43	0.06	1428
mplight	TEST	308	270.1	100.0	-5.10	1.95	0.06	1378
mplight	TRAIN	309	246.8	0.9	-3.41	1.32	0.05	1441
mplight	TEST	309	318.7	100.0	-7.29	2.77	0.07	1339
mplight	TRAIN	310	245.9	0.9	-3.40	1.32	0.05	1430
mplight	TEST	310	263.1	100.0	-4.32	1.66	0.06	1405
mplight	TRAIN	311	260.1	0.9	-3.96	1.52	0.06	1422
mplight	TEST	311	310.5	100.0	-8.78	3.33	0.08	1286
mplight	TRAIN	312	302.3	0.9	-5.27	2.02	0.06	1406
mplight	TEST	312	228.4	100.0	-3.61	1.40	0.05	1391
mplight	TRAIN	313	282.3	0.9	-6.06	2.31	0.06	1366
mplight	TEST	313	277.8	100.0	-4.93	1.89	0.06	1400
mplight	TRAIN	314	271.9	1.0	-4.31	1.66	0.06	1434
mplight	TEST	314	269.2	100.0	-6.29	2.40	0.07	1340
mplight	TRAIN	315	262.2	1.0	-4.03	1.55	0.06	1417
mplight	TEST	315	246.4	100.0	-3.49	1.35	0.06	1419
mplight	TRAIN	316	316.0	1.0	-5.85	2.23	0.07	1424
mplight	TEST	316	259.9	100.0	-4.29	1.65	0.07	1399
mplight	TRAIN	317	257.0	1.0	-4.19	1.61	0.06	1401
mplight	TEST	317	317.6	100.0	-7.30	2.77	0.07	1341
mplight	TRAIN	318	245.5	0.9	-3.43	1.33	0.06	1425
mplight	TEST	318	298.3	100.0	-5.17	1.98	0.06	1426
mplight	TRAIN	319	268.5	0.9	-4.23	1.63	0.06	1428
mplight	TEST	319	271.8	100.0	-5.08	1.95	0.06	1378
mplight	TRAIN	320	272.6	0.9	-4.22	1.63	0.06	1431
mplight	TEST	320	258.6	100.0	-8.55	3.25	0.07	1219
mplight	TRAIN	321	276.2	0.9	-4.45	1.71	0.05	1434
mplight	TEST	321	277.1	100.0	-4.58	1.75	0.06	1423
mplight	TRAIN	322	271.7	0.8	-4.29	1.65	0.06	1435
mplight	TEST	322	298.1	100.0	-12.53	4.74	0.08	1123
mplight	TRAIN	323	299.0	0.9	-6.22	2.37	0.06	1365
mplight	TEST	323	248.8	100.0	-3.64	1.41	0.06	1419
mplight	TRAIN	324	276.0	0.9	-4.53	1.74	0.06	1419
mplight	TEST	324	246.6	100.0	-3.45	1.34	0.06	1435
mplight	TRAIN	325	258.2	0.9	-3.84	1.48	0.06	1433
mplight	TEST	325	264.8	100.0	-5.34	2.04	0.06	1346
mplight	TRAIN	326	238.1	0.9	-3.18	1.23	0.05	1427
mplight	TEST	326	238.1	100.0	-3.18	1.23	0.05	1420
mplight	TRAIN	327	257.2	0.8	-3.80	1.47	0.05	1431
mplight	TEST	327	246.1	100.0	-3.44	1.34	0.06	1424
mplight	TRAIN	328	266.7	0.8	-4.14	1.60	0.06	1431
mplight	TEST	328	264.0	100.0	-4.01	1.54	0.06	1435
mplight	TRAIN	329	250.5	0.8	-3.61	1.39	0.05	1430
mplight	TEST	329	252.8	100.0	-3.69	1.42	0.06	1427
mplight	TRAIN	330	282.5	0.8	-4.59	1.76	0.06	1437
mplight	TEST	330	276.2	100.0	-5.69	2.17	0.06	1362
mplight	TRAIN	331	260.7	0.7	-3.98	1.53	0.06	1423
mplight	TEST	331	229.9	100.0	-2.91	1.13	0.05	1426
mplight	TRAIN	332	253.3	0.7	-3.66	1.41	0.05	1431
mplight	TEST	332	294.3	100.0	-11.23	4.25	0.08	1162
mplight	TRAIN	333	274.5	0.7	-4.64	1.78	0.06	1413
mplight	TEST	333	246.6	100.0	-3.61	1.39	0.06	1410
mplight	TRAIN	334	241.3	0.7	-3.28	1.27	0.05	1429
mplight	TEST	334	336.5	100.0	-8.18	3.11	0.08	1316
mplight	TRAIN	335	259.5	0.7	-3.86	1.49	0.06	1433
mplight	TEST	335	252.8	100.0	-4.20	1.62	0.06	1380
mplight	TRAIN	336	248.6	0.7	-3.52	1.37	0.06	1430
mplight	TEST	336	264.9	100.0	-7.09	2.70	0.07	1293
mplight	TRAIN	337	258.3	0.8	-3.95	1.53	0.06	1418
mplight	TEST	337	267.7	100.0	-5.61	2.15	0.06	1344
mplight	TRAIN	338	252.6	0.8	-3.66	1.41	0.05	1433
mplight	TEST	338	248.6	100.0	-3.93	1.51	0.06	1407
mplight	TRAIN	339	258.4	0.8	-3.84	1.48	0.06	1437
mplight	TEST	339	304.1	100.0	-14.97	5.65	0.09	1026
mplight	TRAIN	340	256.0	0.8	-3.78	1.46	0.06	1431
mplight	TEST	340	261.6	100.0	-7.44	2.83	0.07	1265
mplight	TRAIN	341	296.9	0.7	-5.16	1.97	0.06	1425
mplight	TEST	341	258.4	100.0	-3.92	1.51	0.06	1424
mplight	TRAIN	342	278.8	0.8	-4.56	1.76	0.06	1427
mplight	TEST	342	278.8	100.0	-6.36	2.43	0.07	1331
mplight	TRAIN	343	248.4	0.7	-3.51	1.36	0.06	1431
mplight	TEST	343	254.1	100.0	-3.73	1.44	0.06	1424
mplight	TRAIN	344	255.3	0.7	-3.85	1.49	0.06	1423
mplight	TEST	344	244.9	100.0	-3.41	1.32	0.06	1432
mplight	TRAIN	345	287.5	0.6	-4.81	1.84	0.06	1434
mplight	TEST	345	272.9	100.0	-7.56	2.87	0.07	1276
mplight	TRAIN	346	272.7	0.7	-4.31	1.66	0.06	1433
mplight	TEST	346	336.2	100.0	-8.49	3.23	0.08	1306
mplight	TRAIN	347	265.9	0.7	-4.06	1.56	0.06	1442
mplight	TEST	347	248.2	100.0	-3.51	1.36	0.06	1430
mplight	TRAIN	348	251.4	0.7	-3.58	1.38	0.06	1440
mplight	TEST	348	247.0	100.0	-4.20	1.62	0.05	1383
mplight	TRAIN	349	277.4	0.6	-4.48	1.72	0.06	1428
mplight	TEST	349	288.2	100.0	-8.35	3.17	0.07	1293
mplight	TRAIN	350	338.3	0.7	-6.74	2.57	0.07	1401
mplight	TEST	350	257.4	100.0	-4.51	1.73	0.06	1388
mplight	TRAIN	351	292.5	0.7	-5.11	1.96	0.06	1421
mplight	TEST	351	250.2	100.0	-3.81	1.47	0.06	1417
mplight	TRAIN	352	274.5	0.6	-4.34	1.67	0.06	1441
mplight	TEST	352	233.2	100.0	-2.96	1.15	0.05	1440
mplight	TRAIN	353	254.4	0.6	-3.68	1.43	0.05	1434
mplight	TEST	353	247.6	100.0	-3.72	1.44	0.05	1410
mplight	TRAIN	354	303.1	0.6	-5.45	2.08	0.06	1425
mplight	TEST	354	271.2	100.0	-6.78	2.58	0.06	1306
mplight	TRAIN	355	291.3	0.6	-5.26	2.01	0.06	1409
mplight	TEST	355	264.9	100.0	-4.07	1.57	0.06	1432
mplight	TRAIN	356	250.2	0.7	-3.62	1.40	0.06	1429
mplight	TEST	356	260.6	100.0	-4.01	1.54	0.06	1427
mplight	TRAIN	357	240.0	0.6	-3.22	1.25	0.05	1436
mplight	TEST	357	331.8	100.0	-7.36	2.80	0.07	1359
mplight	TRAIN	358	247.3	0.6	-4.29	1.65	0.06	1376
mplight	TEST	358	262.1	100.0	-4.29	1.65	0.06	1397
mplight	TRAIN	359	272.7	0.6	-4.36	1.67	0.06	1428
mplight	TEST	359	238.5	100.0	-3.16	1.23	0.05	1434
mplight	TRAIN	360	246.6	0.6	-3.91	1.51	0.06	1403
mplight	TEST	360	233.6	100.0	-3.02	1.17	0.05	1431
mplight	TRAIN	361	240.5	0.6	-3.23	1.25	0.05	1430
mplight	TEST	361	285.0	100.0	-10.68	4.04	0.07	1162
mplight	TRAIN	362	302.3	0.6	-5.47	2.09	0.06	1413
mplight	TEST	362	289.8	100.0	-6.31	2.40	0.06	1357
mplight	TRAIN	363	269.4	0.6	-4.20	1.62	0.06	1434
mplight	TEST	363	246.8	100.0	-3.45	1.33	0.06	1426
mplight	TRAIN	364	310.0	0.6	-5.85	2.23	0.06	1405
mplight	TEST	364	237.3	100.0	-3.14	1.22	0.05	1434
mplight	TRAIN	365	247.2	0.7	-3.47	1.34	0.05	1430
mplight	TEST	365	241.1	100.0	-3.26	1.26	0.05	1435
mplight	TRAIN	366	273.2	0.6	-4.37	1.68	0.06	1432
mplight	TEST	366	242.7	100.0	-3.30	1.28	0.05	1433
mplight	TRAIN	367	266.1	0.6	-4.68	1.80	0.06	1391
mplight	TEST	367	241.2	100.0	-5.12	1.96	0.05	1348
mplight	TRAIN	368	268.0	0.6	-4.16	1.60	0.06	1421
mplight	TEST	368	261.1	100.0	-4.00	1.54	0.06	1423
mplight	TRAIN	369	280.4	0.6	-5.38	2.06	0.06	1377
mplight	TEST	369	236.1	100.0	-3.23	1.25	0.06	1419
mplight	TRAIN	370	269.9	0.6	-4.21	1.62	0.06	1434
mplight	TEST	370	266.4	100.0	-9.82	3.73	0.07	1183
mplight	TRAIN	371	244.8	0.6	-3.37	1.31	0.06	1430
mplight	TEST	371	247.8	100.0	-3.40	1.32	0.05	1441
mplight	TRAIN	372	233.9	0.5	-3.04	1.18	0.05	1424
mplight	TEST	372	247.5	100.0	-3.66	1.42	0.06	1407
mplight	TRAIN	373	243.2	0.5	-3.31	1.28	0.05	1434
mplight	TEST	373	293.1	100.0	-13.33	5.04	0.08	1073
mplight	TRAIN	374	279.0	0.5	-4.52	1.74	0.06	1433
mplight	TEST	374	245.6	100.0	-3.52	1.36	0.06	1419
mplight	TRAIN	375	260.1	0.6	-3.93	1.51	0.06	1430
mplight	TEST	375	252.0	100.0	-3.71	1.43	0.06	1417
mplight	TRAIN	376	251.3	0.6	-3.62	1.40	0.06	1428
mplight	TEST	376	242.4	100.0	-3.37	1.31	0.06	1423
mplight	TRAIN	377	263.8	0.6	-4.20	1.62	0.06	1415
mplight	TEST	377	243.8	100.0	-3.35	1.30	0.06	1432
mplight	TRAIN	378	245.3	0.6	-3.45	1.33	0.06	1426
mplight	TEST	378	255.3	100.0	-3.98	1.53	0.06	1411
mplight	TRAIN	379	282.9	0.6	-4.97	1.91	0.06	1403
mplight	TEST	379	230.8	100.0	-3.04	1.18	0.05	1419
mplight	TRAIN	380	249.7	0.6	-3.80	1.47	0.06	1406
mplight	TEST	380	235.2	100.0	-3.52	1.36	0.06	1399
mplight	TRAIN	381	254.7	0.6	-3.74	1.45	0.06	1423
mplight	TEST	381	280.1	100.0	-12.16	4.60	0.08	1107
mplight	TRAIN	382	274.8	0.6	-4.53	1.74	0.06	1421
mplight	TEST	382	255.3	100.0	-3.91	1.51	0.06	1420
mplight	TRAIN	383	249.4	0.7	-3.56	1.37	0.05	1424
mplight	TEST	383	247.6	100.0	-3.58	1.38	0.06	1427
mplight	TRAIN	384	255.4	0.7	-3.77	1.45	0.06	1431
mplight	TEST	384	265.8	100.0	-5.03	1.93	0.06	1369
mplight	TRAIN	385	255.7	0.7	-4.40	1.69	0.06	1390
mplight	TEST	385	220.0	100.0	-2.58	1.01	0.04	1426
mplight	TRAIN	386	318.5	0.7	-6.39	2.44	0.06	1391
mplight	TEST	386	267.8	100.0	-8.14	3.09	0.07	1261
mplight	TRAIN	387	256.9	0.7	-3.85	1.49	0.06	1422
mplight	TEST	387	239.0	100.0	-3.21	1.25	0.06	1428
mplight	TRAIN	388	255.3	0.6	-3.76	1.45	0.05	1422
mplight	TEST	388	307.7	100.0	-6.44	2.45	0.07	1386
mplight	TRAIN	389	237.5	0.6	-3.17	1.23	0.05	1429
mplight	TEST	389	240.7	100.0	-3.27	1.27	0.05	1436
mplight	TRAIN	390	252.4	0.6	-3.70	1.43	0.06	1427
mplight	TEST	390	290.8	100.0	-5.08	1.94	0.06	1404
mplight	TRAIN	391	247.7	0.6	-3.50	1.35	0.06	1433
mplight	TEST	391	248.6	100.0	-3.56	1.38	0.06	1428
mplight	TRAIN	392	243.5	0.6	-3.36	1.30	0.06	1429
mplight	TEST	392	238.7	100.0	-3.23	1.25	0.05	1427
mplight	TRAIN	393	256.6	0.6	-3.80	1.47	0.06	1428
mplight	TEST	393	257.4	100.0	-3.76	1.45	0.05	1428
mplight	TRAIN	394	254.3	0.7	-3.70	1.43	0.05	1436
mplight	TEST	394	282.1	100.0	-9.51	3.60	0.07	1208
mplight	TRAIN	395	297.9	0.6	-5.41	2.06	0.06	1417
mplight	TEST	395	249.2	100.0	-3.77	1.45	0.06	1398
mplight	TRAIN	396	250.0	0.7	-3.54	1.37	0.06	1430
mplight	TEST	396	235.0	100.0	-3.04	1.18	0.05	1435
mplight	TRAIN	397	237.6	0.6	-3.53	1.37	0.05	1401
mplight	TEST	397	260.3	100.0	-4.09	1.58	0.05	1413
mplight	TRAIN	398	261.5	0.6	-3.91	1.51	0.05	1444
mplight	TEST	398	231.1	100.0	-3.11	1.21	0.05	1414
mplight	TRAIN	399	261.2	0.6	-3.91	1.50	0.05	1432
mplight	TEST	399	328.9	100.0	-10.00	3.79	0.07	1248
mplight	TRAIN	400	246.4	0.6	-3.44	1.32	0.05	1435
mplight	TEST	400	267.5	100.0	-4.91	1.89	0.06	1384
mplight	TRAIN	401	252.5	0.7	-3.70	1.42	0.06	1424
mplight	TEST	401	242.8	100.0	-3.51	1.36	0.06	1414
mplight	TRAIN	402	234.2	0.6	-3.00	1.17	0.05	1429
mplight	TEST	402	222.9	100.0	-2.62	1.02	0.05	1433
mplight	TRAIN	403	255.8	0.5	-3.77	1.46	0.05	1427
mplight	TEST	403	211.3	100.0	-2.16	0.85	0.04	1443
mplight	TRAIN	404	233.7	0.6	-3.07	1.19	0.05	1424
mplight	TEST	404	291.0	100.0	-6.52	2.48	0.06	1336
mplight	TRAIN	405	211.9	0.6	-2.20	0.87	0.04	1437
mplight	TEST	405	217.3	100.0	-2.48	0.97	0.04	1418
mplight	TRAIN	406	209.0	0.5	-2.11	0.84	0.04	1431
mplight	TEST	406	203.4	100.0	-1.93	0.76	0.04	1430
mplight	TRAIN	407	210.0	0.5	-2.21	0.87	0.04	1424
mplight	TEST	407	230.7	100.0	-2.88	1.12	0.04	1431
mplight	TRAIN	408	222.4	0.6	-2.64	1.03	0.04	1430
mplight	TEST	408	231.9	100.0	-3.30	1.28	0.05	1407
mplight	TRAIN	409	270.9	0.6	-4.21	1.62	0.05	1431
mplight	TEST	409	247.5	100.0	-5.53	2.11	0.05	1333
mplight	TRAIN	410	295.6	0.7	-5.14	1.97	0.05	1425
mplight	TEST	410	219.7	100.0	-2.46	0.96	0.04	1430
mplight	TRAIN	411	231.1	0.6	-2.84	1.10	0.04	1441
mplight	TEST	411	214.8	100.0	-2.28	0.89	0.04	1447
mplight	TRAIN	412	211.8	0.5	-2.16	0.85	0.04	1437
mplight	TEST	412	199.8	100.0	-1.75	0.70	0.03	1445
mplight	TRAIN	413	224.3	0.5	-2.59	1.01	0.04	1444
mplight	TEST	413	208.8	100.0	-2.10	0.83	0.04	1434
mplight	TRAIN	414	220.0	0.6	-2.45	0.96	0.04	1438
mplight	TEST	414	209.3	100.0	-2.07	0.82	0.04	1445
mplight	TRAIN	415	219.8	0.5	-2.47	0.96	0.04	1433
mplight	TEST	415	263.9	100.0	-6.79	2.58	0.05	1300
mplight	TRAIN	416	245.1	0.5	-3.44	1.33	0.04	1423
mplight	TEST	416	207.3	100.0	-2.04	0.80	0.04	1430
mplight	TRAIN	417	231.4	0.5	-2.86	1.11	0.04	1437
mplight	TEST	417	209.1	100.0	-2.09	0.82	0.04	1434
mplight	TRAIN	418	228.6	0.5	-2.78	1.08	0.04	1438
mplight	TEST	418	216.2	100.0	-2.84	1.11	0.04	1400
mplight	TRAIN	419	216.9	0.5	-2.96	1.15	0.04	1403
mplight	TEST	419	249.8	100.0	-3.81	1.47	0.05	1404
mplight	TRAIN	420	246.6	0.5	-4.20	1.62	0.05	1388
mplight	TEST	420	222.1	100.0	-2.58	1.01	0.04	1427
mplight	TRAIN	421	227.2	0.6	-2.71	1.05	0.04	1440
mplight	TEST	421	215.5	100.0	-2.37	0.93	0.04	1429
mplight	TRAIN	422	224.3	0.5	-2.62	1.02	0.04	1431
mplight	TEST	422	220.4	100.0	-2.57	1.00	0.04	1421
mplight	TRAIN	423	233.1	0.6	-2.94	1.14	0.04	1436
mplight	TEST	423	213.9	100.0	-2.28	0.89	0.04	1437
mplight	TRAIN	424	212.1	0.5	-2.19	0.86	0.04	1436
mplight	TEST	424	205.5	100.0	-2.00	0.79	0.04	1426
mplight	TRAIN	425	210.7	0.5	-2.16	0.85	0.04	1439
mplight	TEST	425	250.5	100.0	-5.36	2.05	0.05	1334
mplight	TRAIN	426	209.8	0.4	-2.11	0.83	0.04	1437
mplight	TEST	426	220.3	100.0	-2.68	1.05	0.04	1413
mplight	TRAIN	427	234.2	0.5	-2.91	1.13	0.04	1429
mplight	TEST	427	207.6	100.0	-2.01	0.80	0.04	1444
mplight	TRAIN	428	219.5	0.5	-4.44	1.71	0.04	1349
mplight	TEST	428	269.6	100.0	-5.30	2.03	0.05	1360
mplight	TRAIN	429	232.8	0.4	-5.25	2.01	0.05	1319
mplight	TEST	429	217.7	100.0	-3.77	1.46	0.04	1368
mplight	TRAIN	430	217.7	0.5	-2.43	0.95	0.04	1427
mplight	TEST	430	224.4	100.0	-5.44	2.08	0.04	1331
mplight	TRAIN	431	247.2	0.4	-6.11	2.33	0.05	1333
mplight	TEST	431	225.7	100.0	-3.21	1.25	0.04	1413
mplight	TRAIN	432	227.9	0.5	-2.75	1.07	0.04	1431
mplight	TEST	432	206.3	100.0	-1.92	0.76	0.04	1445
mplight	TRAIN	433	206.8	0.5	-1.99	0.79	0.04	1443
mplight	TEST	433	245.5	100.0	-3.34	1.29	0.04	1447
mplight	TRAIN	434	224.8	0.4	-2.76	1.07	0.04	1421
mplight	TEST	434	206.7	100.0	-2.16	0.85	0.04	1427
mplight	TRAIN	435	224.2	0.5	-2.50	0.98	0.04	1441
mplight	TEST	435	221.8	100.0	-2.56	1.00	0.04	1438
mplight	TRAIN	436	216.8	0.5	-2.34	0.92	0.04	1444
mplight	TEST	436	227.3	100.0	-2.71	1.06	0.04	1439
mplight	TRAIN	437	228.5	0.5	-2.72	1.06	0.04	1446
mplight	TEST	437	214.9	100.0	-2.43	0.95	0.04	1424
mplight	TRAIN	438	230.5	0.5	-2.83	1.10	0.04	1438
mplight	TEST	438	220.7	100.0	-2.47	0.97	0.04	1443
mplight	TRAIN	439	232.7	0.5	-2.96	1.15	0.04	1429
mplight	TEST	439	214.2	100.0	-2.26	0.88	0.04	1438
mplight	TRAIN	440	269.7	0.5	-4.38	1.68	0.05	1416
mplight	TEST	440	212.4	100.0	-2.20	0.86	0.04	1442
mplight	TRAIN	441	229.4	0.6	-2.91	1.13	0.04	1421
mplight	TEST	441	222.3	100.0	-2.56	1.00	0.04	1434
mplight	TRAIN	442	218.9	0.5	-2.40	0.94	0.04	1443
mplight	TEST	442	214.2	100.0	-2.24	0.88	0.04	1438
mplight	TRAIN	443	215.5	0.6	-2.30	0.90	0.04	1444
mplight	TEST	443	221.5	100.0	-2.68	1.04	0.04	1421
mplight	TRAIN	444	247.1	0.5	-3.41	1.32	0.05	1428
mplight	TEST	444	242.9	100.0	-3.33	1.29	0.05	1421
mplight	TRAIN	445	271.7	0.5	-4.32	1.66	0.05	1435
mplight	TEST	445	214.3	100.0	-2.26	0.89	0.04	1437
mplight	TRAIN	446	234.4	0.7	-3.82	1.47	0.05	1396
mplight	TEST	446	238.8	100.0	-2.91	1.13	0.04	1431
mplight	TRAIN	447	211.6	0.5	-2.16	0.85	0.04	1437
mplight	TEST	447	225.2	100.0	-2.70	1.06	0.04	1427
mplight	TRAIN	448	222.0	0.5	-2.52	0.98	0.04	1441
mplight	TEST	448	217.4	100.0	-2.38	0.93	0.04	1437
mplight	TRAIN	449	221.8	0.5	-2.50	0.98	0.04	1445
mplight	TEST	449	219.3	100.0	-2.85	1.11	0.04	1407
mplight	TRAIN	450	283.2	0.5	-4.59	1.76	0.05	1440
mplight	TEST	450	206.7	100.0	-1.98	0.79	0.04	1437
mplight	TRAIN	451	215.7	0.6	-2.31	0.91	0.04	1441
mplight	TEST	451	216.6	100.0	-2.45	0.96	0.04	1421
mplight	TRAIN	452	238.7	0.5	-3.07	1.19	0.04	1444
mplight	TEST	452	252.6	100.0	-4.44	1.71	0.05	1386
mplight	TRAIN	453	236.0	0.5	-3.24	1.26	0.04	1424
mplight	TEST	453	222.5	100.0	-2.51	0.98	0.04	1446
mplight	TRAIN	454	225.4	0.5	-5.79	2.21	0.05	1313
mplight	TEST	454	220.9	100.0	-2.52	0.98	0.04	1437
mplight	TRAIN	455	225.7	0.5	-2.67	1.04	0.04	1440
mplight	TEST	455	220.4	100.0	-2.48	0.97	0.04	1432
mplight	TRAIN	456	215.1	0.5	-2.44	0.95	0.04	1421
mplight	TEST	456	217.0	100.0	-2.46	0.96	0.04	1421
mplight	TRAIN	457	220.3	0.4	-2.56	1.00	0.04	1419
mplight	TEST	457	224.3	100.0	-2.68	1.04	0.04	1421
mplight	TRAIN	458	216.8	0.5	-2.30	0.90	0.04	1443
mplight	TEST	458	212.9	100.0	-2.21	0.87	0.04	1437
mplight	TRAIN	459	224.6	0.5	-2.63	1.03	0.04	1430
mplight	TEST	459	212.4	100.0	-2.29	0.90	0.04	1422
mplight	TRAIN	460	218.9	0.6	-2.46	0.96	0.04	1420
mplight	TEST	460	220.8	100.0	-2.47	0.97	0.04	1439
mplight	TRAIN	461	236.7	0.5	-2.96	1.15	0.04	1446
mplight	TEST	461	199.6	100.0	-1.75	0.69	0.03	1440
mplight	TRAIN	462	221.8	0.6	-2.60	1.01	0.04	1421
mplight	TEST	462	225.5	100.0	-2.76	1.08	0.05	1415
mplight	TRAIN	463	237.7	0.5	-3.15	1.22	0.04	1425
mplight	TEST	463	212.9	100.0	-2.25	0.88	0.04	1427
mplight	TRAIN	464	251.8	0.5	-4.00	1.54	0.05	1374
mplight	TEST	464	231.7	100.0	-2.84	1.11	0.04	1442
mplight	TRAIN	465	243.2	0.6	-5.24	2.01	0.05	1340
mplight	TEST	465	225.0	100.0	-5.71	2.19	0.04	1327
mplight	TRAIN	466	213.5	0.7	-2.33	0.92	0.04	1430
mplight	TEST	466	212.5	100.0	-2.16	0.85	0.04	1448
mplight	TRAIN	467	215.1	0.5	-2.35	0.92	0.04	1428
mplight	TEST	467	202.1	100.0	-1.85	0.73	0.04	1438
mplight	TRAIN	468	231.6	0.5	-2.84	1.10	0.04	1443
mplight	TEST	468	237.5	100.0	-3.07	1.19	0.04	1436
mplight	TRAIN	469	216.9	0.6	-2.64	1.03	0.04	1411
mplight	TEST	469	231.9	100.0	-3.74	1.44	0.04	1396
mplight	TRAIN	470	221.1	0.6	-2.50	0.98	0.04	1448
mplight	TEST	470	218.4	100.0	-2.43	0.95	0.04	1436
mplight	TRAIN	471	234.8	0.6	-2.97	1.15	0.04	1433
mplight	TEST	471	199.3	100.0	-1.75	0.69	0.03	1437
mplight	TRAIN	472	226.0	0.7	-2.66	1.04	0.04	1444
mplight	TEST	472	251.5	100.0	-4.20	1.62	0.04	1394
mplight	TRAIN	473	220.7	0.6	-2.52	0.98	0.04	1429
mplight	TEST	473	203.7	100.0	-1.89	0.75	0.03	1433
mplight	TRAIN	474	239.8	0.6	-3.15	1.22	0.04	1426
mplight	TEST	474	274.2	100.0	-4.60	1.77	0.05	1394
mplight	TRAIN	475	225.9	0.5	-2.72	1.06	0.04	1424
mplight	TEST	475	218.2	100.0	-2.45	0.96	0.04	1430
mplight	TRAIN	476	219.0	0.6	-4.71	1.81	0.04	1340
mplight	TEST	476	238.6	100.0	-4.02	1.55	0.05	1385
mplight	TRAIN	477	266.2	0.5	-4.02	1.55	0.05	1438
mplight	TEST	477	226.5	100.0	-5.00	1.92	0.05	1340
mplight	TRAIN	478	237.6	0.7	-5.67	2.17	0.05	1328
mplight	TEST	478	237.6	100.0	-6.10	2.33	0.05	1314
mplight	TRAIN	479	248.6	0.7	-6.52	2.48	0.05	1301
mplight	TEST	479	234.1	100.0	-3.24	1.26	0.05	1410
mplight	TRAIN	480	275.3	0.6	-5.37	2.06	0.05	1375
mplight	TEST	480	210.1	100.0	-2.11	0.83	0.04	1437
mplight	TRAIN	481	223.8	0.6	-4.78	1.83	0.05	1340
mplight	TEST	481	239.2	100.0	-3.78	1.46	0.05	1384
mplight	TRAIN	482	223.9	0.7	-2.61	1.02	0.04	1433
mplight	TEST	482	229.9	100.0	-2.89	1.12	0.05	1422
mplight	TRAIN	483	228.7	0.6	-6.47	2.47	0.05	1306
mplight	TEST	483	217.4	100.0	-5.07	1.94	0.04	1332
mplight	TRAIN	484	236.9	0.6	-5.35	2.05	0.05	1343
mplight	TEST	484	211.6	100.0	-2.23	0.88	0.04	1431
mplight	TRAIN	485	221.8	0.7	-3.20	1.24	0.04	1394
mplight	TEST	485	220.5	100.0	-2.47	0.97	0.04	1433
mplight	TRAIN	486	208.8	0.7	-2.03	0.80	0.04	1445
mplight	TEST	486	202.8	100.0	-2.00	0.79	0.04	1423
mplight	TRAIN	487	211.5	0.6	-2.16	0.85	0.04	1442
mplight	TEST	487	228.4	100.0	-2.75	1.07	0.05	1437
mplight	TRAIN	488	211.4	0.7	-2.21	0.87	0.04	1421
mplight	TEST	488	236.6	100.0	-6.87	2.62	0.05	1289
mplight	TRAIN	489	211.2	0.6	-2.18	0.86	0.04	1430
mplight	TEST	489	226.3	100.0	-3.14	1.22	0.05	1406
mplight	TRAIN	490	235.7	0.6	-3.02	1.17	0.05	1435
mplight	TEST	490	212.5	100.0	-2.72	1.06	0.04	1407
mplight	TRAIN	491	227.3	0.7	-5.56	2.13	0.05	1333
mplight	TEST	491	247.0	100.0	-3.49	1.35	0.05	1422
mplight	TRAIN	492	236.9	0.6	-3.02	1.17	0.04	1435
mplight	TEST	492	233.6	100.0	-2.89	1.13	0.04	1442
mplight	TRAIN	493	246.8	0.7	-3.48	1.34	0.05	1415
mplight	TEST	493	225.4	100.0	-4.98	1.91	0.05	1352
mplight	TRAIN	494	216.2	0.6	-4.41	1.70	0.05	1350
mplight	TEST	494	242.4	100.0	-4.84	1.86	0.05	1349
mplight	TRAIN	495	244.6	0.6	-3.32	1.29	0.04	1432
mplight	TEST	495	209.9	100.0	-2.12	0.84	0.04	1431
mplight	TRAIN	496	224.3	0.7	-2.76	1.07	0.04	1418
mplight	TEST	496	276.6	100.0	-7.92	3.02	0.06	1294
mplight	TRAIN	497	235.9	0.7	-3.11	1.21	0.04	1423
mplight	TEST	497	234.5	100.0	-6.40	2.44	0.05	1306
mplight	TRAIN	498	221.7	0.7	-2.62	1.03	0.04	1423
mplight	TEST	498	223.3	100.0	-2.65	1.04	0.04	1425
mplight	TRAIN	499	211.3	0.6	-2.15	0.85	0.04	1434
mplight	TEST	499	265.8	100.0	-4.88	1.87	0.05	1385
