presslight	TRAIN	0	341.2	0.0	-74.39	7.37	0.19	1357
presslight	HELDOUT	0	335.7	100.0	-119.43	10.68	0.30	611
presslight	HELDOUT	0	374.8	100.0	-125.73	11.00	0.30	648
presslight	HELDOUT	0	349.2	100.0	-115.77	11.03	0.31	655
presslight	HELDOUT_MEAN	0	353.2	100.0	0.00	0.00	0.00	0
presslight	TRAIN	1	348.0	0.0	-77.15	7.54	0.19	1252
presslight	TRAIN	2	341.2	0.0	-77.23	7.67	0.20	1253
presslight	TRAIN	3	335.8	0.0	-72.78	7.28	0.18	1472
presslight	TRAIN	4	347.9	0.0	-76.99	7.61	0.19	1290
presslight	TRAIN	5	309.6	10.0	-102.69	9.12	0.22	937
presslight	TRAIN	6	374.9	16.2	-97.14	8.49	0.24	634
presslight	TRAIN	7	307.4	32.6	-95.91	8.73	0.26	505
presslight	TRAIN	8	410.7	40.2	-89.68	8.31	0.22	860
presslight	TRAIN	9	320.5	42.1	-86.92	8.12	0.21	900
presslight	TRAIN	10	324.0	41.9	-91.66	8.54	0.21	701
presslight	HELDOUT	10	306.0	100.0	-87.32	9.81	0.23	493
presslight	HELDOUT	10	321.8	100.0	-83.47	9.58	0.23	555
presslight	HELDOUT	10	330.9	100.0	-86.55	9.53	0.24	535
presslight	HELDOUT_MEAN	10	319.6	100.0	0.00	0.00	0.00	0
presslight	TRAIN	11	371.4	41.3	-74.55	7.50	0.18	1057
presslight	TRAIN	12	310.0	36.3	-74.37	7.36	0.18	1027
presslight	TRAIN	13	333.5	31.9	-70.71	7.21	0.17	1021
presslight	TRAIN	14	309.5	27.2	-73.92	7.42	0.17	1028
presslight	TRAIN	15	297.1	23.8	-69.77	7.17	0.16	1025
presslight	TRAIN	16	285.4	22.0	-72.15	7.33	0.17	999
presslight	TRAIN	17	290.8	21.8	-70.25	7.20	0.17	1053
presslight	TRAIN	18	312.1	20.0	-69.26	7.18	0.16	970
presslight	TRAIN	19	317.5	19.7	-67.08	7.04	0.16	919
presslight	TRAIN	20	304.3	18.7	-66.71	7.04	0.15	985
presslight	HELDOUT	20	291.1	100.0	-70.57	7.22	0.17	934
presslight	HELDOUT	20	293.9	100.0	-67.28	7.06	0.16	954
presslight	HELDOUT	20	302.2	100.0	-64.80	6.94	0.17	957
presslight	HELDOUT_MEAN	20	295.7	100.0	0.00	0.00	0.00	0
presslight	TRAIN	21	299.6	19.2	-70.97	7.23	0.16	980
presslight	TRAIN	22	307.7	18.1	-68.89	7.13	0.16	963
presslight	TRAIN	23	329.0	18.0	-76.33	7.49	0.17	1006
presslight	TRAIN	24	285.5	18.5	-66.82	7.03	0.14	1059
presslight	TRAIN	25	311.8	18.4	-72.08	7.29	0.16	986
presslight	TRAIN	26	295.6	18.6	-71.33	7.24	0.16	965
presslight	TRAIN	27	280.6	18.1	-65.16	6.98	0.15	940
presslight	TRAIN	28	305.0	18.3	-64.08	6.90	0.14	1059
presslight	TRAIN	29	323.4	18.5	-67.90	7.10	0.16	989
presslight	TRAIN	30	330.5	17.9	-67.59	7.08	0.15	1015
presslight	HELDOUT	30	286.0	100.0	-63.75	6.87	0.15	929
presslight	HELDOUT	30	279.8	100.0	-65.57	6.97	0.15	867
presslight	HELDOUT	30	289.2	100.0	-65.50	6.96	0.16	909
presslight	HELDOUT_MEAN	30	285.0	100.0	0.00	0.00	0.00	0
presslight	TRAIN	31	300.6	18.4	-61.64	6.82	0.15	1071
presslight	TRAIN	32	313.7	18.4	-62.60	6.80	0.15	1089
presslight	TRAIN	33	310.5	18.1	-64.02	6.89	0.14	1096
presslight	TRAIN	34	307.9	19.0	-62.93	6.84	0.15	1129
presslight	TRAIN	35	269.5	17.1	-60.87	6.73	0.13	1065
presslight	TRAIN	36	285.1	15.5	-64.29	6.92	0.13	1058
presslight	TRAIN	37	285.1	15.3	-62.02	6.81	0.14	1101
presslight	TRAIN	38	318.9	14.0	-67.73	7.06	0.14	1051
presslight	TRAIN	39	326.3	13.2	-61.98	6.78	0.14	1149
presslight	TRAIN	40	314.0	12.8	-64.06	6.91	0.15	1068
presslight	HELDOUT	40	272.5	100.0	-67.50	7.09	0.14	1109
presslight	HELDOUT	40	304.1	100.0	-67.36	7.04	0.14	1127
presslight	HELDOUT	40	279.1	100.0	-78.11	7.61	0.16	879
presslight	HELDOUT_MEAN	40	285.2	100.0	0.00	0.00	0.00	0
presslight	TRAIN	41	311.5	12.9	-65.53	6.97	0.15	1164
presslight	TRAIN	42	309.3	12.4	-71.06	7.21	0.15	1145
presslight	TRAIN	43	307.7	12.4	-69.27	7.13	0.15	1089
presslight	TRAIN	44	266.8	12.6	-59.19	6.66	0.13	1219
presslight	TRAIN	45	304.9	11.5	-64.72	6.92	0.14	1141
presslight	TRAIN	46	309.3	12.3	-60.34	6.71	0.14	1220
presslight	TRAIN	47	297.9	12.2	-73.99	7.35	0.13	1189
presslight	TRAIN	48	285.4	12.2	-66.77	7.03	0.15	1004
presslight	TRAIN	49	351.7	12.3	-73.99	7.39	0.16	910
presslight	TRAIN	50	289.6	12.3	-57.35	6.57	0.13	1114
presslight	HELDOUT	50	279.3	100.0	-60.59	6.70	0.13	1125
presslight	HELDOUT	50	288.1	100.0	-67.69	7.08	0.14	962
presslight	HELDOUT	50	277.7	100.0	-56.92	6.54	0.13	1170
presslight	HELDOUT_MEAN	50	281.7	100.0	0.00	0.00	0.00	0
presslight	TRAIN	51	296.5	12.5	-60.26	6.70	0.14	1173
presslight	TRAIN	52	300.9	11.3	-62.44	6.80	0.15	1156
presslight	TRAIN	53	279.6	10.9	-64.54	6.93	0.14	1148
presslight	TRAIN	54	278.5	10.2	-56.84	6.55	0.13	1219
presslight	TRAIN	55	283.2	9.5	-70.99	7.24	0.15	1067
presslight	TRAIN	56	301.0	9.6	-65.93	6.98	0.15	1181
presslight	TRAIN	57	299.5	9.9	-62.23	6.79	0.13	1186
presslight	TRAIN	58	300.8	9.5	-60.93	6.75	0.13	1158
presslight	TRAIN	59	307.8	9.6	-67.22	7.05	0.14	1005
presslight	TRAIN	60	308.0	10.9	-57.66	6.58	0.13	1100
presslight	HELDOUT	60	293.9	100.0	-68.74	7.12	0.15	988
presslight	HELDOUT	60	305.4	100.0	-60.54	6.72	0.14	1010
presslight	HELDOUT	60	277.5	100.0	-58.69	6.61	0.14	1102
presslight	HELDOUT_MEAN	60	292.3	100.0	0.00	0.00	0.00	0
presslight	TRAIN	61	290.9	10.7	-59.33	6.67	0.14	1134
presslight	TRAIN	62	289.1	9.7	-60.32	6.70	0.13	1089
presslight	TRAIN	63	295.2	9.8	-67.23	7.03	0.15	1123
presslight	TRAIN	64	283.2	10.0	-62.01	6.82	0.14	999
presslight	TRAIN	65	295.0	9.6	-62.57	6.85	0.14	1041
presslight	TRAIN	66	316.9	10.1	-65.57	6.96	0.14	1091
presslight	TRAIN	67	286.0	10.5	-60.07	6.71	0.14	1114
presslight	TRAIN	68	282.1	11.7	-61.64	6.78	0.14	1068
presslight	TRAIN	69	285.5	11.4	-61.37	6.78	0.13	970
presslight	TRAIN	70	299.0	11.1	-60.66	6.74	0.13	1056
presslight	HELDOUT	70	278.8	100.0	-66.68	7.06	0.14	880
presslight	HELDOUT	70	278.1	100.0	-68.30	7.12	0.14	861
presslight	HELDOUT	70	282.7	100.0	-63.71	6.90	0.15	954
presslight	HELDOUT_MEAN	70	279.9	100.0	0.00	0.00	0.00	0
presslight	TRAIN	71	304.8	10.6	-62.54	6.82	0.14	1032
presslight	TRAIN	72	297.2	10.8	-58.49	6.60	0.13	1164
presslight	TRAIN	73	313.2	10.7	-60.78	6.72	0.14	1195
presslight	TRAIN	74	280.4	10.3	-57.81	6.59	0.13	1161
presslight	TRAIN	75	301.0	9.9	-60.79	6.73	0.13	1167
presslight	TRAIN	76	309.9	8.7	-60.96	6.78	0.13	1157
presslight	TRAIN	77	279.4	8.0	-59.68	6.67	0.13	1195
presslight	TRAIN	78	309.5	7.5	-72.87	7.35	0.14	996
presslight	TRAIN	79	308.1	8.3	-66.19	7.00	0.13	1141
presslight	TRAIN	80	319.5	8.4	-59.77	6.68	0.14	1160
presslight	HELDOUT	80	276.0	100.0	-62.99	6.83	0.13	1099
presslight	HELDOUT	80	275.8	100.0	-60.43	6.71	0.12	1056
presslight	HELDOUT	80	262.3	100.0	-61.46	6.76	0.13	1073
presslight	HELDOUT_MEAN	80	271.4	100.0	0.00	0.00	0.00	0
presslight	TRAIN	81	307.0	9.1	-65.11	6.95	0.14	1087
presslight	TRAIN	82	294.4	9.3	-62.68	6.81	0.15	1094
presslight	TRAIN	83	328.2	8.9	-66.25	6.97	0.14	1145
presslight	TRAIN	84	279.0	8.5	-63.01	6.87	0.14	1079
presslight	TRAIN	85	295.5	9.3	-60.91	6.73	0.13	1135
presslight	TRAIN	86	308.4	8.7	-66.90	7.03	0.14	1072
presslight	TRAIN	87	309.3	8.8	-61.57	6.76	0.14	1128
presslight	TRAIN	88	304.4	8.7	-60.25	6.68	0.13	1136
presslight	TRAIN	89	317.3	8.7	-62.53	6.84	0.13	1142
presslight	TRAIN	90	314.2	8.5	-61.36	6.76	0.14	1111
presslight	HELDOUT	90	288.4	100.0	-63.80	6.86	0.14	1164
presslight	HELDOUT	90	290.9	100.0	-57.82	6.57	0.12	1167
presslight	HELDOUT	90	291.9	100.0	-59.66	6.67	0.14	1106
presslight	HELDOUT_MEAN	90	290.4	100.0	0.00	0.00	0.00	0
presslight	TRAIN	91	321.5	8.8	-61.08	6.75	0.14	1207
presslight	TRAIN	92	285.8	8.7	-59.78	6.65	0.13	1252
presslight	TRAIN	93	291.7	8.3	-62.57	6.81	0.13	1156
presslight	TRAIN	94	299.8	8.3	-57.25	6.55	0.13	1165
presslight	TRAIN	95	284.5	7.9	-60.68	6.72	0.13	1213
presslight	TRAIN	96	299.5	7.7	-66.38	7.03	0.15	1008
presslight	TRAIN	97	298.8	7.5	-59.21	6.63	0.13	1236
presslight	TRAIN	98	312.0	7.4	-63.76	6.87	0.13	1047
presslight	TRAIN	99	320.8	7.8	-61.33	6.76	0.14	1107
presslight	TRAIN	100	320.9	8.1	-57.13	6.56	0.13	1117
presslight	HELDOUT	100	260.5	100.0	-64.63	6.95	0.14	937
presslight	HELDOUT	100	282.9	100.0	-58.84	6.63	0.12	1022
presslight	HELDOUT	100	287.2	100.0	-60.10	6.71	0.14	980
presslight	HELDOUT_MEAN	100	276.8	100.0	0.00	0.00	0.00	0
presslight	TRAIN	101	295.0	7.8	-58.27	6.63	0.14	1164
presslight	TRAIN	102	300.6	7.7	-63.28	6.83	0.14	1178
presslight	TRAIN	103	279.2	8.9	-63.90	6.87	0.13	1157
presslight	TRAIN	104	300.3	8.0	-59.95	6.69	0.14	1155
presslight	TRAIN	105	293.7	8.2	-59.01	6.64	0.13	1135
presslight	TRAIN	106	312.2	8.1	-66.09	7.01	0.14	1026
presslight	TRAIN	107	286.0	7.5	-58.68	6.61	0.13	1248
presslight	TRAIN	108	277.6	7.3	-57.28	6.56	0.12	1226
presslight	TRAIN	109	289.2	7.4	-59.91	6.68	0.13	1272
presslight	TRAIN	110	298.3	7.4	-69.07	7.16	0.15	1055
presslight	HELDOUT	110	306.0	100.0	-59.11	6.63	0.13	1333
presslight	HELDOUT	110	289.2	100.0	-58.35	6.60	0.13	1202
presslight	HELDOUT	110	305.1	100.0	-58.48	6.60	0.13	1265
presslight	HELDOUT_MEAN	110	300.1	100.0	0.00	0.00	0.00	0
presslight	HELDOUT	500	275.6	100.0	-61.87	6.80	0.13	1116
presslight	HELDOUT	500	281.2	100.0	-59.54	6.66	0.12	1053
presslight	HELDOUT	500	274.4	100.0	-59.70	6.69	0.13	1086
presslight	HELDOUT_MEAN	500	277.0	100.0	0.00	0.00	0.00	0
