dqn_rich	TRAIN	0	392.7	0.0	-285.66	7.86	0.22	955
dqn_rich	HELDOUT	0	387.8	100.0	-388.00	10.77	0.31	610
dqn_rich	HELDOUT	0	388.1	100.0	-392.05	10.81	0.32	656
dqn_rich	HELDOUT	0	387.0	100.0	-403.30	11.14	0.32	629
dqn_rich	HELDOUT_MEAN	0	387.6	100.0	0.00	0.00	0.00	0
dqn_rich	TRAIN	1	395.8	0.0	-286.77	8.01	0.23	977
dqn_rich	TRAIN	2	381.9	0.0	-285.04	7.94	0.22	940
dqn_rich	TRAIN	3	397.8	0.0	-272.35	7.69	0.22	1049
dqn_rich	TRAIN	4	398.3	0.0	-285.85	7.95	0.22	948
dqn_rich	TRAIN	5	349.4	76.4	-335.01	9.27	0.26	743
dqn_rich	TRAIN	6	506.1	112.8	-379.79	10.22	0.32	510
dqn_rich	TRAIN	7	371.9	334.9	-331.00	9.00	0.31	491
dqn_rich	TRAIN	8	408.2	440.7	-321.20	8.78	0.27	515
dqn_rich	TRAIN	9	397.0	495.6	-325.16	8.74	0.28	491
dqn_rich	TRAIN	10	424.5	522.2	-314.86	8.62	0.27	446
dqn_rich	HELDOUT	10	450.4	100.0	-386.32	9.94	0.35	224
dqn_rich	HELDOUT	10	478.2	100.0	-388.68	10.01	0.35	212
dqn_rich	HELDOUT	10	433.0	100.0	-400.75	10.12	0.36	221
dqn_rich	HELDOUT_MEAN	10	453.9	100.0	0.00	0.00	0.00	0
dqn_rich	TRAIN	11	360.0	496.6	-316.56	8.70	0.30	506
dqn_rich	TRAIN	12	465.5	468.1	-312.88	8.79	0.29	607
dqn_rich	TRAIN	13	433.2	419.1	-316.08	8.52	0.28	560
dqn_rich	TRAIN	14	396.1	371.9	-313.74	8.53	0.26	548
dqn_rich	TRAIN	15	412.5	336.6	-285.79	7.78	0.22	628
dqn_rich	TRAIN	16	417.1	291.8	-298.68	8.18	0.24	668
dqn_rich	TRAIN	17	405.2	262.9	-300.09	8.24	0.24	573
dqn_rich	TRAIN	18	361.1	225.1	-280.49	7.89	0.20	719
dqn_rich	TRAIN	19	436.2	189.9	-273.23	7.81	0.21	679
dqn_rich	TRAIN	20	397.2	169.5	-267.67	7.59	0.20	664
dqn_rich	HELDOUT	20	412.9	100.0	-332.06	9.18	0.28	404
dqn_rich	HELDOUT	20	398.3	100.0	-337.76	9.21	0.27	389
dqn_rich	HELDOUT	20	381.6	100.0	-323.63	8.93	0.28	415
dqn_rich	HELDOUT_MEAN	20	397.6	100.0	0.00	0.00	0.00	0
dqn_rich	TRAIN	21	379.1	145.0	-291.15	8.16	0.22	626
dqn_rich	TRAIN	22	351.4	131.0	-287.10	7.98	0.23	687
dqn_rich	TRAIN	23	375.9	126.1	-282.48	7.99	0.22	651
dqn_rich	TRAIN	24	366.4	121.9	-293.95	8.24	0.22	698
dqn_rich	TRAIN	25	337.5	112.3	-263.35	7.41	0.19	736
dqn_rich	TRAIN	26	328.3	116.0	-274.89	7.86	0.20	796
dqn_rich	TRAIN	27	359.3	108.7	-263.90	7.54	0.20	837
dqn_rich	TRAIN	28	342.5	108.0	-268.44	7.65	0.19	757
dqn_rich	TRAIN	29	342.5	107.8	-274.79	7.83	0.21	709
dqn_rich	TRAIN	30	388.4	114.8	-277.04	7.81	0.20	675
dqn_rich	HELDOUT	30	318.7	100.0	-289.45	8.36	0.22	747
dqn_rich	HELDOUT	30	301.7	100.0	-285.36	8.25	0.22	776
dqn_rich	HELDOUT	30	303.5	100.0	-284.45	8.21	0.22	767
dqn_rich	HELDOUT_MEAN	30	308.0	100.0	0.00	0.00	0.00	0
dqn_rich	TRAIN	31	341.8	112.5	-276.93	7.88	0.20	746
dqn_rich	TRAIN	32	369.7	112.8	-294.22	8.12	0.21	735
dqn_rich	TRAIN	33	360.9	120.2	-263.35	7.57	0.19	887
dqn_rich	TRAIN	34	348.2	124.4	-262.89	7.47	0.19	896
dqn_rich	TRAIN	35	341.2	115.6	-266.85	7.66	0.19	862
dqn_rich	TRAIN	36	298.2	113.3	-262.35	7.47	0.18	886
dqn_rich	TRAIN	37	357.9	115.4	-259.90	7.42	0.18	905
dqn_rich	TRAIN	38	359.1	119.3	-265.55	7.60	0.18	882
dqn_rich	TRAIN	39	345.3	116.4	-286.91	8.02	0.20	758
dqn_rich	TRAIN	40	352.1	116.8	-249.18	7.17	0.18	940
dqn_rich	HELDOUT	40	318.8	100.0	-268.65	7.77	0.21	850
dqn_rich	HELDOUT	40	324.0	100.0	-267.14	7.72	0.19	870
dqn_rich	HELDOUT	40	317.4	100.0	-268.41	7.74	0.20	874
dqn_rich	HELDOUT_MEAN	40	320.1	100.0	0.00	0.00	0.00	0
dqn_rich	TRAIN	41	335.0	118.3	-279.29	7.84	0.20	852
dqn_rich	TRAIN	42	300.5	111.5	-263.29	7.47	0.18	891
dqn_rich	TRAIN	43	343.1	105.0	-254.56	7.32	0.18	1023
dqn_rich	TRAIN	44	345.5	113.4	-264.91	7.45	0.19	1015
dqn_rich	TRAIN	45	320.9	110.5	-261.05	7.34	0.17	1037
dqn_rich	TRAIN	46	340.4	112.1	-245.18	7.08	0.17	1125
dqn_rich	TRAIN	47	318.5	110.6	-250.27	7.12	0.17	1002
dqn_rich	TRAIN	48	347.5	111.1	-273.11	7.51	0.18	980
dqn_rich	TRAIN	49	321.2	112.8	-266.63	7.54	0.18	893
dqn_rich	TRAIN	50	327.5	106.4	-242.40	6.96	0.16	1052
dqn_rich	HELDOUT	50	299.2	100.0	-277.19	8.11	0.18	888
dqn_rich	HELDOUT	50	299.9	100.0	-279.20	8.08	0.16	916
dqn_rich	HELDOUT	50	304.5	100.0	-282.47	8.21	0.17	957
dqn_rich	HELDOUT_MEAN	50	301.2	100.0	0.00	0.00	0.00	0
dqn_rich	TRAIN	51	321.4	106.8	-259.44	7.38	0.18	973
dqn_rich	TRAIN	52	309.8	108.2	-284.50	7.78	0.19	887
dqn_rich	TRAIN	53	334.4	114.1	-264.07	7.37	0.18	970
dqn_rich	TRAIN	54	305.2	114.0	-252.20	7.16	0.17	990
dqn_rich	TRAIN	55	314.7	113.1	-254.93	7.18	0.17	1001
dqn_rich	TRAIN	56	343.7	114.6	-251.55	7.22	0.17	1103
dqn_rich	TRAIN	57	318.2	122.8	-253.89	7.13	0.17	1047
dqn_rich	TRAIN	58	324.0	121.2	-257.50	7.26	0.16	1056
dqn_rich	TRAIN	59	342.2	117.9	-266.22	7.50	0.17	960
dqn_rich	TRAIN	60	325.6	116.8	-239.06	6.89	0.16	1009
dqn_rich	HELDOUT	60	286.5	100.0	-251.09	7.18	0.17	984
dqn_rich	HELDOUT	60	311.5	100.0	-253.04	7.28	0.17	1003
dqn_rich	HELDOUT	60	295.6	100.0	-255.74	7.29	0.17	991
dqn_rich	HELDOUT_MEAN	60	297.9	100.0	0.00	0.00	0.00	0
dqn_rich	TRAIN	61	317.9	113.2	-256.80	7.36	0.18	993
dqn_rich	TRAIN	62	329.1	109.5	-265.20	7.32	0.18	917
dqn_rich	TRAIN	63	319.1	104.5	-272.70	7.49	0.17	1033
dqn_rich	TRAIN	64	315.8	110.7	-270.57	7.47	0.17	1020
dqn_rich	TRAIN	65	329.3	113.5	-258.18	7.24	0.17	1034
dqn_rich	TRAIN	66	327.6	121.2	-244.89	7.05	0.17	1104
dqn_rich	TRAIN	67	329.0	119.8	-258.22	7.22	0.16	1048
dqn_rich	TRAIN	68	337.2	115.9	-263.64	7.44	0.17	1057
dqn_rich	TRAIN	69	321.9	116.3	-263.34	7.53	0.18	996
dqn_rich	TRAIN	70	332.0	109.0	-249.76	7.08	0.17	973
dqn_rich	HELDOUT	70	309.7	100.0	-245.10	7.14	0.16	1172
dqn_rich	HELDOUT	70	313.9	100.0	-251.01	7.34	0.16	1174
dqn_rich	HELDOUT	70	313.5	100.0	-268.32	7.47	0.18	1068
dqn_rich	HELDOUT_MEAN	70	312.4	100.0	0.00	0.00	0.00	0
dqn_rich	TRAIN	71	332.5	109.7	-239.23	6.93	0.16	1143
dqn_rich	TRAIN	72	318.0	111.0	-264.42	7.37	0.17	1032
dqn_rich	TRAIN	73	339.6	103.3	-247.32	7.09	0.16	1187
dqn_rich	TRAIN	74	326.7	103.7	-240.83	6.90	0.16	1120
dqn_rich	TRAIN	75	338.9	105.6	-253.10	7.13	0.16	1077
dqn_rich	TRAIN	76	340.2	110.2	-270.02	7.32	0.17	1033
dqn_rich	TRAIN	77	332.0	109.4	-270.77	7.38	0.17	1001
dqn_rich	TRAIN	78	336.8	109.8	-246.48	7.06	0.16	1164
dqn_rich	TRAIN	79	334.3	112.4	-255.76	7.24	0.16	1111
dqn_rich	TRAIN	80	328.6	108.4	-253.54	7.14	0.17	1026
dqn_rich	HELDOUT	80	303.0	100.0	-245.88	7.12	0.17	1023
dqn_rich	HELDOUT	80	298.6	100.0	-245.18	7.08	0.17	1020
dqn_rich	HELDOUT	80	305.1	100.0	-242.04	7.02	0.17	1036
dqn_rich	HELDOUT_MEAN	80	302.2	100.0	0.00	0.00	0.00	0
dqn_rich	TRAIN	81	322.3	105.8	-251.78	7.14	0.17	1098
dqn_rich	TRAIN	82	314.5	100.7	-255.64	7.17	0.17	1112
dqn_rich	TRAIN	83	311.2	94.2	-271.41	7.49	0.17	1003
dqn_rich	TRAIN	84	326.1	94.9	-240.92	6.92	0.15	1184
dqn_rich	TRAIN	85	306.3	98.6	-250.38	7.19	0.16	1108
dqn_rich	TRAIN	86	331.4	91.4	-243.25	6.95	0.16	1108
dqn_rich	TRAIN	87	313.0	91.9	-252.50	7.09	0.16	1064
dqn_rich	TRAIN	88	309.4	94.8	-249.16	7.09	0.16	1099
dqn_rich	TRAIN	89	337.8	100.2	-258.14	7.30	0.17	1044
dqn_rich	TRAIN	90	322.1	100.8	-256.95	7.25	0.17	1016
dqn_rich	HELDOUT	90	307.3	100.0	-263.10	7.50	0.18	953
dqn_rich	HELDOUT	90	325.9	100.0	-265.87	7.55	0.19	904
dqn_rich	HELDOUT	90	298.8	100.0	-266.93	7.53	0.19	959
dqn_rich	HELDOUT_MEAN	90	310.7	100.0	0.00	0.00	0.00	0
dqn_rich	TRAIN	91	328.9	98.8	-251.23	7.15	0.17	1042
dqn_rich	TRAIN	92	306.4	97.0	-254.56	7.14	0.17	1074
dqn_rich	TRAIN	93	306.5	96.0	-255.84	7.24	0.16	1023
dqn_rich	TRAIN	94	328.5	95.7	-244.26	6.98	0.15	1091
dqn_rich	TRAIN	95	313.6	94.6	-237.38	6.83	0.15	1081
dqn_rich	TRAIN	96	323.2	92.1	-250.55	7.17	0.16	1094
dqn_rich	TRAIN	97	311.6	87.0	-245.66	7.06	0.16	1149
dqn_rich	TRAIN	98	298.2	85.9	-250.91	7.06	0.16	1092
dqn_rich	TRAIN	99	324.1	92.4	-246.71	7.16	0.16	1126
dqn_rich	TRAIN	100	311.2	88.3	-240.90	6.94	0.16	1063
dqn_rich	HELDOUT	100	290.6	100.0	-242.56	7.08	0.16	1033
dqn_rich	HELDOUT	100	298.0	100.0	-256.80	7.35	0.17	958
dqn_rich	HELDOUT	100	274.5	100.0	-252.10	7.23	0.16	1007
dqn_rich	HELDOUT_MEAN	100	287.7	100.0	0.00	0.00	0.00	0
dqn_rich	TRAIN	101	319.3	92.7	-257.45	7.29	0.16	980
dqn_rich	TRAIN	102	295.5	89.6	-262.79	7.36	0.16	1019
dqn_rich	TRAIN	103	330.6	88.2	-243.39	6.97	0.16	1133
dqn_rich	TRAIN	104	286.5	88.7	-245.48	6.92	0.16	1039
dqn_rich	TRAIN	105	297.3	93.2	-249.73	7.08	0.15	994
dqn_rich	TRAIN	106	291.7	90.3	-257.99	7.27	0.16	1032
dqn_rich	TRAIN	107	316.3	90.1	-249.56	7.06	0.16	1102
dqn_rich	TRAIN	108	315.7	88.9	-237.68	6.88	0.15	1190
dqn_rich	TRAIN	109	340.1	84.9	-274.34	7.57	0.17	980
dqn_rich	TRAIN	110	327.6	88.5	-239.51	6.92	0.16	1118
dqn_rich	HELDOUT	110	312.4	100.0	-247.57	7.18	0.16	1084
dqn_rich	HELDOUT	110	304.4	100.0	-259.33	7.35	0.16	925
dqn_rich	HELDOUT	110	303.2	100.0	-255.25	7.30	0.17	1047
dqn_rich	HELDOUT_MEAN	110	306.7	100.0	0.00	0.00	0.00	0
dqn_rich	TRAIN	111	317.5	88.8	-248.78	7.15	0.17	1066
dqn_rich	TRAIN	112	305.4	85.6	-249.50	7.07	0.16	1091
dqn_rich	TRAIN	113	336.8	91.2	-254.43	7.14	0.16	1075
dqn_rich	TRAIN	114	320.5	91.7	-264.98	7.42	0.16	1026
dqn_rich	TRAIN	115	306.1	87.4	-244.21	6.98	0.16	1002
dqn_rich	TRAIN	116	313.8	90.6	-241.60	6.88	0.16	1165
dqn_rich	TRAIN	117	331.0	94.4	-280.37	7.59	0.17	959
dqn_rich	TRAIN	118	322.4	95.0	-239.84	6.90	0.15	1197
dqn_rich	TRAIN	119	320.7	97.0	-243.56	7.01	0.15	1157
dqn_rich	TRAIN	120	311.7	96.3	-253.80	7.14	0.15	1052
dqn_rich	HELDOUT	120	314.1	100.0	-240.80	7.04	0.15	1195
dqn_rich	HELDOUT	120	303.0	100.0	-254.57	7.15	0.15	1084
dqn_rich	HELDOUT	120	292.7	100.0	-262.22	7.27	0.16	1054
dqn_rich	HELDOUT_MEAN	120	303.3	100.0	0.00	0.00	0.00	0
dqn_rich	TRAIN	121	336.9	93.6	-244.77	7.03	0.16	1153
dqn_rich	TRAIN	122	346.3	100.5	-268.88	7.37	0.17	1079
dqn_rich	TRAIN	123	311.5	100.7	-239.90	6.97	0.15	1197
dqn_rich	TRAIN	124	301.2	104.9	-235.33	6.76	0.15	1172
dqn_rich	TRAIN	125	326.3	97.2	-241.40	6.90	0.15	1217
dqn_rich	TRAIN	126	314.3	93.0	-236.80	6.80	0.15	1284
dqn_rich	TRAIN	127	322.9	94.5	-248.19	7.03	0.15	1130
dqn_rich	TRAIN	128	315.4	98.1	-243.23	6.99	0.16	1126
dqn_rich	TRAIN	129	320.3	97.6	-251.78	7.09	0.16	1137
dqn_rich	HELDOUT	500	289.3	100.0	-250.41	7.23	0.17	971
dqn_rich	HELDOUT	500	297.8	100.0	-249.87	7.25	0.16	1003
dqn_rich	HELDOUT	500	286.7	100.0	-257.39	7.41	0.17	984
dqn_rich	HELDOUT_MEAN	500	291.2	100.0	0.00	0.00	0.00	0
dqn_rich	HELDOUT	100	279.9	100.0	-253.50	7.26	0.16	935
dqn_rich	HELDOUT	100	284.6	100.0	-253.96	7.33	0.16	981
dqn_rich	HELDOUT	100	291.9	100.0	-262.81	7.45	0.17	991
dqn_rich	HELDOUT_MEAN	100	285.5	100.0	0.00	0.00	0.00	0
