step:3600/3600, q_loss:nan, rewards:-5.306827121310764, queue:11.01388888888889, delay:0.43181836163556137, throughput:2768
episode:0/200, real avg travel time:120.42232658959537
intersection:0, mean_episode_reward:-1.766342043876648, mean_queue:6.888888835906982
intersection:1, mean_episode_reward:-1.1749310493469238, mean_queue:6.8222222328186035
intersection:2, mean_episode_reward:-2.3655543327331543, mean_queue:19.330554962158203
Test step:0/200, travel time :106.01362495518107, rewards:-4.059271240234375, queue:7.932407407407408, delay:0.4232931631582755, throughput:2789
step:3600/3600, q_loss:0.4400694586487694, rewards:-5.25351799858941, queue:9.636111111111111, delay:0.4341350414134838, throughput:2783
episode:1/200, real avg travel time:126.67517067912326
intersection:0, mean_episode_reward:-2.2951841354370117, mean_queue:7.838889122009277
intersection:1, mean_episode_reward:-1.1350003480911255, mean_queue:6.099999904632568
intersection:2, mean_episode_reward:-1.8233333826065063, mean_queue:14.969444274902344
Test step:1/200, travel time :101.51747503566334, rewards:-3.5674540201822915, queue:7.437962962962963, delay:0.4057856241861979, throughput:2804
step:3600/3600, q_loss:0.4076888641648823, rewards:-4.954744466145834, queue:10.63888888888889, delay:0.40902546070240164, throughput:2762
episode:2/200, real avg travel time:120.70854453294714
intersection:0, mean_episode_reward:-1.6027308702468872, mean_queue:6.599999904632568
intersection:1, mean_episode_reward:-0.8370485901832581, mean_queue:4.80555534362793
intersection:2, mean_episode_reward:-2.514965057373047, mean_queue:20.511110305786133
Test step:2/200, travel time :118.5435092724679, rewards:-4.241029527452257, queue:8.91388888888889, delay:0.4061694957591869, throughput:2804
step:3600/3600, q_loss:0.47821335954860683, rewards:-3.720277574327257, queue:7.906481481481482, delay:0.40119476318359376, throughput:2790
episode:3/200, real avg travel time:114.42544802867384
intersection:0, mean_episode_reward:-1.1590285301208496, mean_queue:4.683333396911621
intersection:1, mean_episode_reward:-0.811527669429779, mean_queue:4.5722222328186035
intersection:2, mean_episode_reward:-1.7497212886810303, mean_queue:14.463889122009277
Test step:3/200, travel time :127.5068345323741, rewards:-4.619467502170139, queue:9.959259259259259, delay:0.44170444629810474, throughput:2780
step:3600/3600, q_loss:0.531243470283639, rewards:-4.556469387478298, queue:8.704629629629629, delay:0.40547818784360534, throughput:2801
episode:4/200, real avg travel time:99.13102463405926
intersection:0, mean_episode_reward:-1.6396288871765137, mean_queue:6.0
intersection:1, mean_episode_reward:-1.2263545989990234, mean_queue:6.1972222328186035
intersection:2, mean_episode_reward:-1.690485954284668, mean_queue:13.916666984558105
Test step:4/200, travel time :121.2169406719085, rewards:-4.232696194118923, queue:8.383333333333333, delay:0.41823148374204283, throughput:2798
step:3600/3600, q_loss:0.5433250423893332, rewards:-4.624479166666666, queue:9.415740740740741, delay:0.4313365794994213, throughput:2770
episode:5/200, real avg travel time:118.66534296028881
intersection:0, mean_episode_reward:-1.4194451570510864, mean_queue:5.997222423553467
intersection:1, mean_episode_reward:-1.2636456489562988, mean_queue:6.255555629730225
intersection:2, mean_episode_reward:-1.941388487815857, mean_queue:15.994444847106934
Test step:5/200, travel time :126.77388193202147, rewards:-3.688437906901042, queue:7.957407407407407, delay:0.42042646054868343, throughput:2795
