mplight	TRAIN	0	120.4	nan	-5.31	11.01	0.43	2768
mplight	TEST	0	106.0	100.0	-4.06	7.93	0.42	2789
mplight	TRAIN	1	126.7	0.4	-5.25	9.64	0.43	2783
mplight	TEST	1	101.5	100.0	-3.57	7.44	0.41	2804
mplight	TRAIN	2	120.7	0.4	-4.95	10.64	0.41	2762
mplight	TEST	2	118.5	100.0	-4.24	8.91	0.41	2804
mplight	TRAIN	3	114.4	0.5	-3.72	7.91	0.40	2790
mplight	TEST	3	127.5	100.0	-4.62	9.96	0.44	2780
mplight	TRAIN	4	99.1	0.5	-4.56	8.70	0.41	2801
mplight	TEST	4	121.2	100.0	-4.23	8.38	0.42	2798
mplight	TRAIN	5	118.7	0.5	-4.62	9.42	0.43	2770
mplight	TEST	5	126.8	100.0	-3.69	7.96	0.42	2795
mplight	TRAIN	6	105.5	0.6	-3.81	7.31	0.41	2794
mplight	TEST	6	141.1	100.0	-4.76	10.73	0.45	2790
mplight	TRAIN	7	114.2	0.7	-4.65	9.11	0.41	2773
mplight	TEST	7	115.5	100.0	-4.07	8.47	0.43	2809
mplight	TRAIN	8	113.3	0.7	-3.64	7.95	0.41	2794
mplight	TEST	8	113.6	100.0	-4.64	8.80	0.41	2800
mplight	TRAIN	9	133.2	0.7	-4.22	9.76	0.43	2736
mplight	TEST	9	114.6	100.0	-4.18	8.72	0.42	2783
mplight	TRAIN	10	137.4	0.8	-5.29	11.19	0.43	2783
mplight	TEST	10	104.3	100.0	-3.86	7.76	0.41	2801
mplight	TRAIN	11	111.0	0.8	-4.13	8.31	0.41	2780
mplight	TEST	11	102.4	100.0	-3.16	6.98	0.41	2786
mplight	TRAIN	12	97.0	0.7	-3.86	7.68	0.39	2804
mplight	TEST	12	123.3	100.0	-4.93	10.57	0.43	2810
mplight	TRAIN	13	107.1	0.6	-3.70	7.62	0.42	2751
mplight	TEST	13	124.9	100.0	-4.20	9.93	0.42	2776
mplight	TRAIN	14	105.1	0.7	-3.51	7.28	0.41	2811
mplight	TEST	14	95.3	100.0	-3.08	6.47	0.37	2808
mplight	TRAIN	15	97.5	0.6	-3.35	6.91	0.40	2806
mplight	TEST	15	110.8	100.0	-4.14	8.10	0.41	2797
mplight	TRAIN	16	95.1	0.6	-3.31	7.09	0.38	2763
mplight	TEST	16	86.5	100.0	-2.95	6.26	0.37	2809
mplight	TRAIN	17	90.9	0.6	-2.88	6.16	0.39	2804
mplight	TEST	17	101.8	100.0	-3.23	7.34	0.40	2761
mplight	TRAIN	18	105.7	0.7	-2.91	6.52	0.39	2797
mplight	TEST	18	93.5	100.0	-2.70	5.92	0.38	2778
mplight	TRAIN	19	94.0	0.6	-3.29	7.05	0.40	2798
mplight	TEST	19	100.5	100.0	-3.14	6.40	0.40	2789
mplight	TRAIN	20	98.7	0.6	-3.07	6.61	0.37	2818
mplight	TEST	20	92.8	100.0	-2.77	6.10	0.37	2780
mplight	TRAIN	21	90.8	0.6	-3.28	6.95	0.38	2780
mplight	TEST	21	88.6	100.0	-3.12	6.06	0.38	2794
mplight	TRAIN	22	96.2	0.5	-2.92	6.59	0.38	2811
mplight	TEST	22	94.8	100.0	-3.72	7.15	0.39	2775
mplight	TRAIN	23	86.3	0.5	-2.81	6.14	0.37	2802
mplight	TEST	23	86.6	100.0	-2.96	6.30	0.38	2770
mplight	TRAIN	24	99.8	0.5	-3.66	7.46	0.41	2783
mplight	TEST	24	102.9	100.0	-3.86	8.53	0.40	2808
mplight	TRAIN	25	101.8	0.5	-2.66	5.76	0.39	2791
mplight	TEST	25	98.9	100.0	-3.10	6.47	0.39	2803
mplight	TRAIN	26	104.6	0.4	-2.98	6.60	0.39	2768
mplight	TEST	26	110.8	100.0	-3.30	7.28	0.38	2801
mplight	TRAIN	27	92.1	0.4	-3.19	6.78	0.37	2800
mplight	TEST	27	89.3	100.0	-2.81	5.65	0.36	2778
mplight	TRAIN	28	99.6	0.4	-3.10	6.72	0.37	2802
mplight	TEST	28	93.9	100.0	-3.18	7.12	0.38	2791
mplight	TRAIN	29	93.4	0.4	-2.55	5.55	0.37	2798
mplight	TEST	29	102.8	100.0	-2.47	5.41	0.37	2816
mplight	TRAIN	30	105.0	0.5	-3.04	7.11	0.38	2800
mplight	TEST	30	91.3	100.0	-2.58	5.31	0.38	2811
mplight	TRAIN	31	87.3	0.5	-2.85	6.34	0.36	2769
mplight	TEST	31	96.2	100.0	-2.77	5.94	0.38	2805
mplight	TRAIN	32	91.1	0.5	-2.71	5.76	0.37	2806
mplight	TEST	32	97.7	100.0	-2.75	5.95	0.37	2776
mplight	TRAIN	33	109.0	0.5	-2.85	6.71	0.38	2808
mplight	TEST	33	105.3	100.0	-2.72	5.75	0.38	2795
mplight	TRAIN	34	96.1	0.5	-2.60	5.62	0.37	2803
mplight	TEST	34	98.0	100.0	-2.63	5.50	0.36	2803
mplight	TRAIN	35	104.1	0.5	-2.92	6.02	0.36	2807
mplight	TEST	35	89.2	100.0	-2.45	5.33	0.35	2813
mplight	TRAIN	36	86.4	0.5	-2.41	5.06	0.35	2784
mplight	TEST	36	83.9	100.0	-2.09	4.68	0.35	2811
mplight	TRAIN	37	92.1	0.5	-2.85	6.45	0.39	2794
mplight	TEST	37	92.8	100.0	-2.42	5.66	0.35	2755
mplight	TRAIN	38	85.0	0.5	-2.21	4.88	0.37	2807
mplight	TEST	38	85.7	100.0	-2.35	5.31	0.35	2809
mplight	TRAIN	39	91.6	0.4	-2.33	5.35	0.35	2806
mplight	TEST	39	90.8	100.0	-2.48	5.41	0.34	2816
mplight	TRAIN	40	89.7	0.4	-2.38	5.33	0.36	2788
mplight	TEST	40	102.9	100.0	-2.68	5.95	0.37	2807
mplight	TRAIN	41	103.0	0.4	-2.45	5.49	0.36	2805
mplight	TEST	41	82.0	100.0	-1.91	4.22	0.35	2809
mplight	TRAIN	42	85.0	0.4	-2.28	5.20	0.36	2813
mplight	TEST	42	109.4	100.0	-2.91	6.99	0.38	2780
mplight	TRAIN	43	93.7	0.3	-2.59	5.59	0.37	2806
mplight	TEST	43	84.1	100.0	-2.13	4.59	0.35	2798
mplight	TRAIN	44	91.2	0.3	-2.62	5.33	0.36	2819
mplight	TEST	44	88.3	100.0	-2.02	4.63	0.35	2790
mplight	TRAIN	45	87.2	0.3	-2.16	4.89	0.34	2811
mplight	TEST	45	93.5	100.0	-2.11	4.99	0.34	2809
mplight	TRAIN	46	92.4	0.3	-2.00	4.62	0.34	2814
mplight	TEST	46	82.6	100.0	-2.17	4.96	0.35	2802
mplight	TRAIN	47	88.9	0.3	-2.17	4.74	0.36	2802
mplight	TEST	47	85.1	100.0	-2.00	4.44	0.33	2809
mplight	TRAIN	48	98.5	0.3	-2.13	5.02	0.35	2814
mplight	TEST	48	89.8	100.0	-2.40	5.20	0.35	2807
mplight	TRAIN	49	88.7	0.3	-2.19	4.86	0.34	2816
mplight	TEST	49	90.2	100.0	-2.07	4.77	0.36	2805
mplight	TRAIN	50	97.7	0.3	-2.40	5.78	0.35	2804
mplight	TEST	50	77.1	100.0	-1.71	3.90	0.33	2818
mplight	TRAIN	51	82.0	0.3	-2.05	4.74	0.35	2814
mplight	TEST	51	88.2	100.0	-2.05	4.28	0.34	2801
mplight	TRAIN	52	97.3	0.3	-2.27	5.05	0.35	2799
mplight	TEST	52	93.8	100.0	-1.95	4.42	0.32	2806
mplight	TRAIN	53	83.8	0.3	-2.14	4.84	0.33	2794
mplight	TEST	53	85.1	100.0	-2.07	4.80	0.35	2807
mplight	TRAIN	54	80.5	0.3	-1.83	4.26	0.34	2808
mplight	TEST	54	97.3	100.0	-2.16	4.89	0.36	2798
mplight	TRAIN	55	102.0	0.3	-2.15	5.14	0.36	2803
mplight	TEST	55	79.2	100.0	-1.73	3.86	0.32	2804
mplight	TRAIN	56	93.8	0.3	-1.97	4.47	0.33	2801
mplight	TEST	56	84.0	100.0	-1.66	3.82	0.34	2806
mplight	TRAIN	57	83.7	0.3	-1.74	4.19	0.32	2811
mplight	TEST	57	81.1	100.0	-1.78	4.11	0.32	2799
mplight	TRAIN	58	81.5	0.3	-1.69	3.85	0.32	2806
mplight	TEST	58	79.4	100.0	-1.81	4.07	0.33	2810
mplight	TRAIN	59	85.8	0.3	-1.77	4.30	0.34	2812
mplight	TEST	59	89.8	100.0	-1.90	4.33	0.34	2808
mplight	TRAIN	60	76.7	0.3	-1.81	3.85	0.32	2807
mplight	TEST	60	81.1	100.0	-1.77	4.14	0.34	2813
mplight	TRAIN	61	86.7	0.3	-1.72	3.99	0.33	2797
mplight	TEST	61	84.9	100.0	-1.87	4.34	0.34	2807
mplight	TRAIN	62	78.4	0.3	-1.67	3.89	0.33	2817
mplight	TEST	62	78.8	100.0	-1.70	4.09	0.33	2804
mplight	TRAIN	63	83.1	0.2	-1.61	3.74	0.32	2809
mplight	TEST	63	80.3	100.0	-1.81	4.06	0.32	2809
mplight	TRAIN	64	79.3	0.3	-1.68	3.99	0.33	2811
mplight	TEST	64	113.5	100.0	-2.93	7.19	0.38	2797
mplight	TRAIN	65	81.0	0.2	-1.72	3.98	0.32	2798
mplight	TEST	65	82.7	100.0	-1.87	4.38	0.35	2814
mplight	TRAIN	66	87.2	0.2	-1.85	4.42	0.33	2816
mplight	TEST	66	78.5	100.0	-1.69	4.09	0.33	2790
mplight	TRAIN	67	87.2	0.3	-1.57	3.78	0.32	2812
mplight	TEST	67	77.1	100.0	-1.68	3.99	0.32	2810
mplight	TRAIN	68	100.0	0.3	-1.97	4.72	0.33	2809
mplight	TEST	68	74.5	100.0	-1.64	3.73	0.33	2810
mplight	TRAIN	69	86.0	0.3	-1.82	4.19	0.32	2819
mplight	TEST	69	77.5	100.0	-1.46	3.56	0.31	2797
mplight	TRAIN	70	83.8	0.3	-1.77	4.23	0.33	2813
mplight	TEST	70	87.3	100.0	-1.65	3.98	0.32	2802
mplight	TRAIN	71	98.6	0.3	-2.29	5.57	0.34	2805
mplight	TEST	71	74.9	100.0	-1.48	3.51	0.31	2820
mplight	TRAIN	72	89.5	0.3	-1.60	3.72	0.33	2814
mplight	TEST	72	76.8	100.0	-1.51	3.54	0.32	2816
mplight	TRAIN	73	82.0	0.3	-1.92	4.64	0.33	2795
mplight	TEST	73	79.0	100.0	-1.50	3.66	0.31	2817
mplight	TRAIN	74	79.2	0.3	-1.74	4.25	0.32	2805
mplight	TEST	74	79.7	100.0	-1.72	3.79	0.31	2812
mplight	TRAIN	75	76.4	0.3	-1.48	3.54	0.33	2819
mplight	TEST	75	75.8	100.0	-1.49	3.46	0.32	2822
mplight	TRAIN	76	76.3	0.3	-1.32	3.13	0.30	2810
mplight	TEST	76	83.4	100.0	-1.63	3.93	0.33	2810
mplight	TRAIN	77	74.5	0.3	-1.58	3.62	0.32	2812
mplight	TEST	77	78.2	100.0	-1.27	3.08	0.29	2810
mplight	TRAIN	78	84.1	0.3	-1.55	3.77	0.32	2795
mplight	TEST	78	72.7	100.0	-1.37	3.27	0.30	2813
mplight	TRAIN	79	72.2	0.3	-1.37	3.33	0.30	2814
mplight	TEST	79	75.5	100.0	-1.32	3.14	0.30	2806
mplight	TRAIN	80	70.8	0.3	-1.17	2.80	0.29	2817
mplight	TEST	80	73.6	100.0	-1.28	3.11	0.29	2813
mplight	TRAIN	81	73.2	0.3	-1.31	3.13	0.29	2810
mplight	TEST	81	70.9	100.0	-1.21	2.91	0.30	2788
mplight	TRAIN	82	74.1	0.3	-1.28	3.14	0.30	2795
mplight	TEST	82	73.2	100.0	-1.35	3.21	0.31	2811
mplight	TRAIN	83	81.1	0.2	-1.52	3.67	0.32	2807
mplight	TEST	83	76.1	100.0	-1.42	3.34	0.31	2812
mplight	TRAIN	84	77.0	0.2	-1.44	3.53	0.31	2812
mplight	TEST	84	80.1	100.0	-1.34	3.24	0.31	2800
mplight	TRAIN	85	72.8	0.2	-1.42	3.26	0.30	2811
mplight	TEST	85	77.1	100.0	-1.62	3.91	0.32	2808
mplight	TRAIN	86	71.9	0.2	-1.21	2.93	0.29	2812
mplight	TEST	86	79.0	100.0	-1.42	3.43	0.30	2813
mplight	TRAIN	87	90.4	0.2	-1.68	4.17	0.30	2813
mplight	TEST	87	80.4	100.0	-1.21	3.02	0.30	2808
mplight	TRAIN	88	76.9	0.2	-1.29	3.18	0.30	2812
mplight	TEST	88	81.7	100.0	-1.44	3.24	0.29	2799
mplight	TRAIN	89	79.6	0.2	-1.37	3.36	0.30	2801
mplight	TEST	89	99.5	100.0	-2.09	5.29	0.33	2812
mplight	TRAIN	90	75.0	0.2	-1.16	2.79	0.29	2819
mplight	TEST	90	70.5	100.0	-1.17	2.97	0.29	2814
mplight	TRAIN	91	76.8	0.2	-1.33	3.36	0.29	2805
mplight	TEST	91	73.2	100.0	-1.33	3.14	0.30	2819
mplight	TRAIN	92	77.8	0.2	-1.02	2.59	0.29	2805
mplight	TEST	92	79.9	100.0	-1.42	3.30	0.30	2804
mplight	TRAIN	93	69.8	0.2	-1.11	2.67	0.28	2813
mplight	TEST	93	79.7	100.0	-1.22	2.87	0.28	2814
mplight	TRAIN	94	85.6	0.2	-1.22	3.07	0.29	2806
mplight	TEST	94	74.3	100.0	-1.28	3.13	0.30	2803
mplight	TRAIN	95	71.6	0.2	-1.13	2.75	0.28	2814
mplight	TEST	95	72.9	100.0	-1.31	2.98	0.29	2814
mplight	TRAIN	96	91.8	0.2	-1.58	3.89	0.33	2790
mplight	TEST	96	158.0	100.0	-3.52	9.11	0.36	2812
mplight	TRAIN	97	74.2	0.2	-1.08	2.72	0.28	2813
mplight	TEST	97	71.8	100.0	-1.11	2.82	0.29	2813
mplight	TRAIN	98	73.7	0.2	-1.28	3.16	0.30	2809
mplight	TEST	98	71.9	100.0	-1.15	2.88	0.29	2810
mplight	TRAIN	99	70.7	0.2	-0.96	2.47	0.27	2815
mplight	TEST	99	76.9	100.0	-1.39	3.36	0.29	2808
mplight	TRAIN	100	69.6	0.2	-0.95	2.44	0.27	2784
mplight	TEST	100	82.5	100.0	-1.26	3.01	0.29	2810
mplight	TRAIN	101	70.5	0.2	-1.05	2.63	0.29	2815
mplight	TEST	101	72.9	100.0	-1.00	2.50	0.28	2810
mplight	TRAIN	102	68.3	0.2	-1.04	2.52	0.27	2813
mplight	TEST	102	74.8	100.0	-1.17	2.98	0.29	2807
mplight	TRAIN	103	72.2	0.2	-1.06	2.71	0.28	2799
mplight	TEST	103	82.0	100.0	-1.17	2.91	0.29	2803
mplight	TRAIN	104	71.1	0.2	-1.00	2.54	0.28	2817
mplight	TEST	104	68.5	100.0	-0.91	2.37	0.27	2815
mplight	TRAIN	105	70.2	0.2	-1.13	2.78	0.28	2821
mplight	TEST	105	67.2	100.0	-0.94	2.45	0.26	2810
mplight	TRAIN	106	83.9	0.2	-1.18	2.92	0.29	2813
mplight	TEST	106	72.6	100.0	-1.04	2.70	0.28	2810
mplight	TRAIN	107	70.8	0.2	-1.00	2.45	0.26	2814
mplight	TEST	107	85.2	100.0	-1.93	4.86	0.30	2811
mplight	TRAIN	108	79.6	0.2	-1.00	2.45	0.26	2818
mplight	TEST	108	77.0	100.0	-0.99	2.45	0.27	2808
mplight	TRAIN	109	75.3	0.2	-1.36	3.48	0.28	2806
mplight	TEST	109	70.0	100.0	-0.93	2.35	0.26	2807
mplight	TRAIN	110	96.3	0.2	-1.14	3.02	0.29	2812
mplight	TEST	110	73.6	100.0	-1.27	3.13	0.29	2817
mplight	TRAIN	111	67.8	0.2	-0.94	2.41	0.26	2810
mplight	TEST	111	71.4	100.0	-0.99	2.48	0.27	2816
mplight	TRAIN	112	71.8	0.2	-1.04	2.57	0.27	2808
mplight	TEST	112	66.7	100.0	-0.86	2.22	0.26	2811
mplight	TRAIN	113	72.3	0.2	-1.03	2.64	0.28	2811
mplight	TEST	113	72.3	100.0	-1.01	2.57	0.28	2807
mplight	TRAIN	114	70.6	0.2	-1.03	2.57	0.27	2810
mplight	TEST	114	145.3	100.0	-3.77	9.90	0.36	2805
mplight	TRAIN	115	68.0	0.2	-0.84	2.19	0.26	2811
mplight	TEST	115	72.4	100.0	-0.97	2.39	0.27	2813
mplight	TRAIN	116	67.1	0.2	-0.86	2.23	0.26	2806
mplight	TEST	116	157.9	100.0	-4.47	11.70	0.38	2653
mplight	TRAIN	117	69.4	0.2	-0.92	2.34	0.27	2813
mplight	TEST	117	70.3	100.0	-1.04	2.61	0.27	2809
mplight	TRAIN	118	115.0	0.2	-2.62	6.80	0.33	2806
mplight	TEST	118	76.7	100.0	-0.85	2.20	0.26	2817
mplight	TRAIN	119	71.3	0.2	-0.84	2.20	0.25	2812
mplight	TEST	119	67.0	100.0	-0.84	2.20	0.26	2804
mplight	TRAIN	120	65.3	0.2	-0.88	2.24	0.27	2808
mplight	TEST	120	71.1	100.0	-0.93	2.46	0.28	2805
mplight	TRAIN	121	71.8	0.2	-0.93	2.43	0.26	2820
mplight	TEST	121	70.4	100.0	-0.90	2.30	0.26	2821
mplight	TRAIN	122	67.9	0.2	-0.91	2.22	0.26	2815
mplight	TEST	122	66.4	100.0	-0.79	2.07	0.25	2813
mplight	TRAIN	123	70.4	0.2	-0.99	2.46	0.26	2820
mplight	TEST	123	77.6	100.0	-0.87	2.19	0.25	2818
mplight	TRAIN	124	69.8	0.2	-0.91	2.36	0.26	2814
mplight	TEST	124	71.0	100.0	-0.94	2.35	0.27	2811
mplight	TRAIN	125	67.6	0.2	-0.86	2.24	0.25	2818
mplight	TEST	125	67.9	100.0	-0.77	2.09	0.26	2810
mplight	TRAIN	126	108.0	0.2	-2.06	5.38	0.30	2710
mplight	TEST	126	70.3	100.0	-0.97	2.56	0.27	2814
mplight	TRAIN	127	67.7	0.2	-0.94	2.36	0.26	2811
mplight	TEST	127	66.5	100.0	-0.82	2.15	0.24	2818
mplight	TRAIN	128	65.6	0.2	-0.76	2.06	0.25	2811
mplight	TEST	128	75.7	100.0	-0.85	2.26	0.25	2817
mplight	TRAIN	129	66.0	0.2	-0.82	2.15	0.25	2818
mplight	TEST	129	67.0	100.0	-0.86	2.20	0.26	2814
mplight	TRAIN	130	65.1	0.2	-0.80	2.06	0.25	2813
mplight	TEST	130	64.8	100.0	-0.79	2.01	0.25	2815
mplight	TRAIN	131	77.0	0.2	-0.80	2.07	0.25	2820
mplight	TEST	131	66.5	100.0	-0.77	2.04	0.25	2814
mplight	TRAIN	132	67.4	0.2	-0.79	2.09	0.25	2816
mplight	TEST	132	70.9	100.0	-0.96	2.37	0.25	2815
mplight	TRAIN	133	69.3	0.2	-0.86	2.25	0.26	2817
mplight	TEST	133	203.5	100.0	-6.46	17.11	0.39	2224
mplight	TRAIN	134	69.6	0.2	-0.80	2.12	0.25	2810
mplight	TEST	134	65.3	100.0	-0.74	1.94	0.24	2812
mplight	TRAIN	135	66.3	0.2	-1.19	3.06	0.27	2702
mplight	TEST	135	68.5	100.0	-0.82	2.15	0.25	2806
mplight	TRAIN	136	65.9	0.2	-0.72	1.90	0.24	2817
mplight	TEST	136	63.3	100.0	-0.70	1.92	0.24	2809
mplight	TRAIN	137	75.8	0.2	-1.13	3.01	0.25	2810
mplight	TEST	137	63.9	100.0	-0.74	1.98	0.25	2817
mplight	TRAIN	138	65.7	0.2	-0.76	2.02	0.25	2819
mplight	TEST	138	71.2	100.0	-0.87	2.33	0.27	2812
mplight	TRAIN	139	66.0	0.2	-0.80	2.06	0.25	2817
mplight	TEST	139	66.5	100.0	-0.71	1.93	0.24	2819
mplight	TRAIN	140	68.4	0.2	-0.81	2.12	0.25	2817
mplight	TEST	140	65.6	100.0	-0.75	1.94	0.24	2809
mplight	TRAIN	141	66.2	0.2	-0.76	1.96	0.25	2813
mplight	TEST	141	64.3	100.0	-0.70	1.90	0.25	2815
mplight	TRAIN	142	65.4	0.2	-0.73	1.95	0.25	2813
mplight	TEST	142	73.9	100.0	-1.00	2.73	0.26	2817
mplight	TRAIN	143	101.3	0.2	-3.41	9.07	0.33	2472
mplight	TEST	143	65.8	100.0	-0.80	2.10	0.25	2810
mplight	TRAIN	144	67.9	0.2	-0.87	2.33	0.25	2813
mplight	TEST	144	66.2	100.0	-0.73	1.96	0.25	2813
mplight	TRAIN	145	63.2	0.2	-0.63	1.73	0.23	2816
mplight	TEST	145	71.5	100.0	-0.78	2.09	0.25	2806
mplight	TRAIN	146	68.9	0.2	-0.80	2.01	0.24	2816
mplight	TEST	146	63.0	100.0	-0.64	1.76	0.23	2818
mplight	TRAIN	147	64.6	0.2	-0.61	1.65	0.23	2815
mplight	TEST	147	63.9	100.0	-0.73	1.93	0.25	2814
mplight	TRAIN	148	75.7	0.2	-0.77	2.02	0.24	2816
mplight	TEST	148	70.1	100.0	-0.69	1.83	0.24	2811
mplight	TRAIN	149	66.7	0.2	-0.72	1.97	0.24	2817
mplight	TEST	149	65.3	100.0	-0.65	1.76	0.23	2822
mplight	TRAIN	150	64.7	0.2	-0.69	1.85	0.24	2811
mplight	TEST	150	64.7	100.0	-0.60	1.67	0.23	2819
mplight	TRAIN	151	68.6	0.2	-0.69	1.87	0.24	2818
mplight	TEST	151	74.0	100.0	-0.76	2.00	0.24	2813
mplight	TRAIN	152	69.8	0.2	-0.70	1.94	0.24	2821
mplight	TEST	152	169.9	100.0	-3.89	10.34	0.35	2653
mplight	TRAIN	153	66.8	0.1	-0.81	2.19	0.24	2822
mplight	TEST	153	214.9	100.0	-5.89	15.67	0.37	2268
mplight	TRAIN	154	65.8	0.2	-0.61	1.68	0.23	2820
mplight	TEST	154	67.9	100.0	-0.65	1.80	0.23	2812
mplight	TRAIN	155	62.6	0.1	-0.56	1.58	0.22	2806
mplight	TEST	155	73.1	100.0	-1.01	2.76	0.25	2809
mplight	TRAIN	156	64.3	0.1	-0.61	1.71	0.23	2818
mplight	TEST	156	61.7	100.0	-0.57	1.54	0.22	2819
mplight	TRAIN	157	63.4	0.2	-0.64	1.74	0.24	2817
mplight	TEST	157	64.9	100.0	-0.65	1.77	0.23	2818
mplight	TRAIN	158	63.3	0.1	-0.58	1.57	0.22	2818
mplight	TEST	158	64.1	100.0	-0.60	1.64	0.23	2812
mplight	TRAIN	159	63.6	0.1	-0.60	1.65	0.23	2819
mplight	TEST	159	68.7	100.0	-0.81	2.19	0.24	2819
mplight	TRAIN	160	74.0	0.1	-0.68	1.84	0.24	2816
mplight	TEST	160	63.8	100.0	-0.69	1.81	0.24	2818
mplight	TRAIN	161	62.6	0.1	-0.58	1.62	0.22	2813
mplight	TEST	161	62.4	100.0	-0.57	1.64	0.22	2816
mplight	TRAIN	162	63.6	0.1	-0.61	1.68	0.23	2814
mplight	TEST	162	72.8	100.0	-1.11	2.98	0.25	2816
mplight	TRAIN	163	64.9	0.1	-0.60	1.65	0.23	2818
mplight	TEST	163	66.6	100.0	-0.58	1.57	0.22	2818
mplight	TRAIN	164	65.8	0.1	-0.60	1.69	0.23	2816
mplight	TEST	164	63.6	100.0	-0.58	1.64	0.23	2819
mplight	TRAIN	165	62.8	0.1	-0.58	1.62	0.22	2822
mplight	TEST	165	62.5	100.0	-0.61	1.67	0.23	2818
mplight	TRAIN	166	66.1	0.1	-0.70	1.90	0.24	2820
mplight	TEST	166	64.3	100.0	-0.63	1.73	0.24	2816
mplight	TRAIN	167	63.5	0.1	-0.59	1.64	0.22	2816
mplight	TEST	167	62.9	100.0	-0.60	1.65	0.23	2816
mplight	TRAIN	168	62.2	0.1	-0.54	1.49	0.21	2807
mplight	TEST	168	68.2	100.0	-0.88	2.42	0.24	2812
mplight	TRAIN	169	67.3	0.1	-0.63	1.70	0.23	2816
mplight	TEST	169	68.7	100.0	-0.99	2.44	0.27	2808
mplight	TRAIN	170	64.8	0.1	-0.62	1.70	0.23	2809
mplight	TEST	170	64.4	100.0	-0.55	1.59	0.22	2815
mplight	TRAIN	171	68.7	0.1	-0.68	1.79	0.23	2818
mplight	TEST	171	62.0	100.0	-0.58	1.61	0.22	2819
mplight	TRAIN	172	61.8	0.1	-0.55	1.52	0.22	2807
mplight	TEST	172	63.3	100.0	-0.60	1.66	0.23	2811
mplight	TRAIN	173	66.3	0.1	-0.75	2.08	0.24	2811
mplight	TEST	173	69.1	100.0	-0.69	1.86	0.23	2818
mplight	TRAIN	174	62.6	0.1	-0.54	1.50	0.21	2817
mplight	TEST	174	62.9	100.0	-0.56	1.58	0.23	2810
mplight	TRAIN	175	64.3	0.1	-0.61	1.63	0.22	2815
mplight	TEST	175	63.3	100.0	-0.58	1.57	0.22	2818
mplight	TRAIN	176	69.7	0.1	-1.27	2.65	0.24	2817
mplight	TEST	176	63.2	100.0	-0.58	1.59	0.22	2816
mplight	TRAIN	177	64.1	0.1	-0.63	1.66	0.23	2816
mplight	TEST	177	66.1	100.0	-0.62	1.66	0.22	2813
mplight	TRAIN	178	66.4	0.1	-0.64	1.72	0.22	2814
mplight	TEST	178	65.2	100.0	-0.62	1.71	0.23	2819
mplight	TRAIN	179	66.9	0.1	-0.69	1.90	0.23	2809
mplight	TEST	179	65.4	100.0	-0.61	1.67	0.23	2813
mplight	TRAIN	180	63.8	0.1	-0.62	1.66	0.23	2818
mplight	TEST	180	83.2	100.0	-1.83	4.81	0.27	2818
mplight	TRAIN	181	64.9	0.1	-0.64	1.73	0.23	2816
mplight	TEST	181	65.2	100.0	-0.59	1.67	0.23	2816
mplight	TRAIN	182	66.4	0.1	-0.73	2.00	0.24	2815
mplight	TEST	182	65.5	100.0	-0.68	1.84	0.24	2818
mplight	TRAIN	183	63.0	0.1	-0.60	1.64	0.23	2819
mplight	TEST	183	63.7	100.0	-0.59	1.63	0.22	2817
mplight	TRAIN	184	74.5	0.2	-0.97	2.66	0.25	2823
mplight	TEST	184	65.3	100.0	-0.71	1.91	0.24	2818
mplight	TRAIN	185	65.9	0.2	-0.68	1.81	0.23	2818
mplight	TEST	185	65.5	100.0	-0.61	1.71	0.23	2814
mplight	TRAIN	186	66.7	0.2	-0.76	2.04	0.24	2818
mplight	TEST	186	68.0	100.0	-0.68	1.86	0.23	2814
mplight	TRAIN	187	65.3	0.2	-0.63	1.71	0.23	2817
mplight	TEST	187	68.3	100.0	-0.70	1.90	0.23	2816
mplight	TRAIN	188	63.0	0.2	-0.59	1.60	0.22	2817
mplight	TEST	188	63.5	100.0	-0.66	1.68	0.23	2808
mplight	TRAIN	189	65.5	0.2	-0.71	1.82	0.24	2810
mplight	TEST	189	63.5	100.0	-0.59	1.60	0.22	2812
mplight	TRAIN	190	64.3	0.2	-0.62	1.69	0.23	2813
mplight	TEST	190	80.0	100.0	-0.90	2.44	0.26	2812
mplight	TRAIN	191	65.2	0.2	-0.66	1.78	0.23	2808
mplight	TEST	191	215.0	100.0	-7.39	19.19	0.41	1868
mplight	TRAIN	192	72.9	0.2	-0.63	1.71	0.23	2817
mplight	TEST	192	66.3	100.0	-0.70	1.86	0.24	2820
mplight	TRAIN	193	65.0	0.2	-0.71	1.90	0.24	2818
mplight	TEST	193	68.2	100.0	-0.72	1.89	0.23	2813
mplight	TRAIN	194	66.7	0.1	-0.72	1.92	0.23	2817
mplight	TEST	194	64.3	100.0	-0.64	1.72	0.22	2820
mplight	TRAIN	195	65.9	0.1	-0.71	1.89	0.24	2818
mplight	TEST	195	76.0	100.0	-0.72	1.89	0.24	2811
mplight	TRAIN	196	64.7	0.1	-0.60	1.63	0.22	2815
mplight	TEST	196	67.5	100.0	-0.72	2.01	0.24	2817
mplight	TRAIN	197	65.9	0.1	-0.74	2.00	0.23	2816
mplight	TEST	197	68.4	100.0	-0.68	1.88	0.23	2816
mplight	TRAIN	198	65.2	0.1	-0.68	1.84	0.23	2818
mplight	TEST	198	69.0	100.0	-0.70	1.92	0.24	2816
mplight	TRAIN	199	64.8	0.1	-0.64	1.71	0.23	2820
mplight	TEST	199	67.0	100.0	-0.71	1.93	0.24	2809
