colight	TRAIN	0	237.2	0.0	-26.36	0.88	0.05	244
colight	HELDOUT	0	327.1	100.0	-98.21	3.10	0.10	85
colight	HELDOUT	0	304.1	100.0	-90.28	2.85	0.10	105
colight	HELDOUT	0	335.5	100.0	-101.30	3.19	0.10	93
colight	HELDOUT_MEAN	0	322.2	100.0	0.00	0.00	0.00	0
colight	TRAIN	1	221.1	0.0	-23.48	0.78	0.04	246
colight	TRAIN	2	224.9	0.0	-25.10	0.83	0.04	241
colight	TRAIN	3	230.2	0.0	-24.46	0.82	0.04	246
colight	TRAIN	4	226.1	0.0	-24.34	0.82	0.05	239
colight	TRAIN	5	239.2	0.0	-26.42	0.88	0.05	242
colight	TRAIN	6	214.3	0.0	-23.08	0.77	0.04	241
colight	TRAIN	7	233.5	0.0	-25.97	0.86	0.05	242
colight	TRAIN	8	233.5	0.2	-25.24	0.84	0.04	242
colight	TRAIN	9	219.2	0.4	-20.85	0.70	0.04	251
colight	TRAIN	10	218.5	0.3	-20.60	0.70	0.04	253
colight	HELDOUT	10	283.3	100.0	-51.67	1.64	0.08	189
colight	HELDOUT	10	270.4	100.0	-52.35	1.66	0.08	184
colight	HELDOUT	10	288.5	100.0	-53.99	1.72	0.08	186
colight	HELDOUT_MEAN	10	280.7	100.0	0.00	0.00	0.00	0
colight	TRAIN	11	197.1	0.4	-16.54	0.57	0.04	251
colight	TRAIN	12	191.3	0.4	-14.37	0.50	0.03	259
colight	TRAIN	13	194.2	0.3	-14.58	0.50	0.03	262
colight	TRAIN	14	185.9	0.5	-12.49	0.44	0.03	263
colight	TRAIN	15	185.9	0.4	-12.18	0.43	0.03	263
colight	TRAIN	16	172.1	0.2	-8.94	0.32	0.02	265
colight	TRAIN	17	171.7	0.2	-8.35	0.30	0.02	259
colight	TRAIN	18	170.3	0.2	-7.77	0.29	0.02	265
colight	TRAIN	19	171.7	0.1	-7.67	0.28	0.02	265
colight	TRAIN	20	169.1	0.1	-6.81	0.25	0.02	277
colight	HELDOUT	20	153.6	100.0	-3.58	0.13	0.01	268
colight	HELDOUT	20	153.5	100.0	-3.32	0.13	0.01	273
colight	HELDOUT	20	156.6	100.0	-3.89	0.15	0.01	277
colight	HELDOUT_MEAN	20	154.5	100.0	0.00	0.00	0.00	0
colight	TRAIN	21	167.7	0.1	-7.52	0.27	0.02	270
colight	TRAIN	22	159.3	0.1	-6.47	0.24	0.02	267
colight	TRAIN	23	164.2	0.1	-5.98	0.22	0.02	271
colight	TRAIN	24	167.4	0.1	-7.24	0.26	0.02	273
colight	TRAIN	25	167.2	0.1	-6.09	0.23	0.02	271
colight	TRAIN	26	157.9	0.1	-5.20	0.20	0.02	269
colight	TRAIN	27	166.1	0.1	-6.84	0.25	0.02	263
colight	TRAIN	28	162.2	0.1	-5.52	0.21	0.02	268
colight	TRAIN	29	167.4	0.1	-5.89	0.22	0.02	272
colight	TRAIN	30	163.7	0.1	-5.36	0.21	0.02	280
colight	HELDOUT	30	153.9	100.0	-3.68	0.14	0.01	269
colight	HELDOUT	30	152.7	100.0	-3.25	0.13	0.01	270
colight	HELDOUT	30	156.7	100.0	-3.62	0.14	0.01	277
colight	HELDOUT_MEAN	30	154.4	100.0	0.00	0.00	0.00	0
colight	TRAIN	31	158.9	0.1	-4.62	0.18	0.01	275
colight	TRAIN	32	156.9	0.1	-4.70	0.18	0.01	273
colight	TRAIN	33	162.5	0.1	-5.00	0.19	0.01	273
colight	TRAIN	34	158.1	0.1	-4.93	0.18	0.01	274
colight	TRAIN	35	160.5	0.1	-4.48	0.17	0.01	271
colight	TRAIN	36	156.6	0.1	-4.91	0.18	0.01	272
colight	TRAIN	37	159.9	0.1	-4.29	0.16	0.01	270
colight	TRAIN	38	160.6	0.1	-4.70	0.18	0.01	270
colight	TRAIN	39	161.7	0.1	-4.66	0.18	0.01	270
colight	TRAIN	40	160.2	0.1	-4.53	0.17	0.01	277
colight	HELDOUT	40	152.1	100.0	-3.10	0.12	0.01	269
colight	HELDOUT	40	152.9	100.0	-3.19	0.13	0.01	270
colight	HELDOUT	40	156.7	100.0	-3.56	0.14	0.01	278
colight	HELDOUT_MEAN	40	153.9	100.0	0.00	0.00	0.00	0
colight	TRAIN	41	155.4	0.1	-4.26	0.16	0.01	272
colight	TRAIN	42	152.5	0.1	-3.65	0.14	0.01	274
colight	TRAIN	43	157.5	0.1	-3.80	0.15	0.01	272
colight	TRAIN	44	156.0	0.1	-4.04	0.15	0.01	273
colight	TRAIN	45	161.6	0.1	-4.80	0.18	0.01	271
colight	TRAIN	46	154.1	0.1	-3.98	0.15	0.01	271
colight	TRAIN	47	160.0	0.1	-4.80	0.18	0.01	268
colight	TRAIN	48	158.4	0.1	-4.19	0.16	0.01	273
colight	TRAIN	49	160.6	0.1	-4.06	0.15	0.01	268
colight	TRAIN	50	161.1	0.1	-4.67	0.18	0.01	276
colight	HELDOUT	50	152.1	100.0	-3.37	0.13	0.01	267
colight	HELDOUT	50	152.7	100.0	-3.28	0.12	0.01	272
colight	HELDOUT	50	156.6	100.0	-3.76	0.14	0.01	276
colight	HELDOUT_MEAN	50	153.8	100.0	0.00	0.00	0.00	0
colight	TRAIN	51	153.9	0.1	-3.71	0.14	0.01	273
colight	TRAIN	52	153.9	0.1	-3.53	0.13	0.01	276
colight	TRAIN	53	157.9	0.1	-3.97	0.15	0.01	273
colight	TRAIN	54	154.8	0.1	-4.16	0.15	0.01	272
colight	TRAIN	55	160.6	0.1	-4.30	0.17	0.01	272
colight	TRAIN	56	152.1	0.1	-3.39	0.13	0.01	274
colight	TRAIN	57	158.0	0.1	-3.89	0.15	0.01	271
colight	TRAIN	58	158.3	0.1	-4.00	0.15	0.01	272
colight	TRAIN	59	159.2	0.1	-4.05	0.15	0.01	270
colight	TRAIN	60	158.2	0.1	-3.87	0.15	0.01	279
colight	HELDOUT	60	153.5	100.0	-3.48	0.13	0.01	269
colight	HELDOUT	60	152.7	100.0	-3.01	0.12	0.01	272
colight	HELDOUT	60	156.9	100.0	-3.47	0.13	0.01	277
colight	HELDOUT_MEAN	60	154.4	100.0	0.00	0.00	0.00	0
colight	TRAIN	61	154.9	0.1	-3.63	0.14	0.01	276
colight	TRAIN	62	153.2	0.1	-3.67	0.14	0.01	272
colight	TRAIN	63	158.3	0.1	-3.55	0.13	0.01	274
colight	TRAIN	64	155.6	0.1	-3.99	0.15	0.01	269
colight	TRAIN	65	160.4	0.1	-4.42	0.17	0.01	268
colight	TRAIN	66	152.8	0.1	-3.76	0.14	0.01	271
colight	TRAIN	67	157.5	0.1	-3.54	0.14	0.01	273
colight	TRAIN	68	156.2	0.1	-3.79	0.15	0.01	271
colight	TRAIN	69	159.5	0.1	-3.97	0.15	0.01	272
colight	TRAIN	70	157.1	0.1	-3.39	0.13	0.01	279
colight	HELDOUT	70	152.6	100.0	-3.41	0.13	0.01	268
colight	HELDOUT	70	154.0	100.0	-3.57	0.14	0.01	272
colight	HELDOUT	70	153.6	100.0	-3.35	0.13	0.01	275
colight	HELDOUT_MEAN	70	153.4	100.0	0.00	0.00	0.00	0
colight	TRAIN	71	156.1	0.1	-3.91	0.15	0.01	276
colight	TRAIN	72	150.8	0.1	-3.22	0.13	0.01	272
colight	TRAIN	73	158.0	0.1	-3.56	0.14	0.01	273
colight	TRAIN	74	154.0	0.1	-3.90	0.15	0.01	271
colight	TRAIN	75	160.0	0.1	-4.00	0.15	0.01	273
colight	TRAIN	76	152.1	0.1	-3.25	0.13	0.01	270
colight	TRAIN	77	158.0	0.1	-3.58	0.14	0.01	273
colight	TRAIN	78	157.3	0.1	-3.64	0.14	0.01	271
colight	TRAIN	79	157.6	0.1	-3.21	0.13	0.01	272
colight	TRAIN	80	156.8	0.1	-3.18	0.12	0.01	277
colight	HELDOUT	80	153.5	100.0	-3.68	0.14	0.01	268
colight	HELDOUT	80	155.3	100.0	-3.64	0.14	0.01	273
colight	HELDOUT	80	155.9	100.0	-3.69	0.14	0.01	275
colight	HELDOUT_MEAN	80	154.9	100.0	0.00	0.00	0.00	0
colight	TRAIN	81	154.9	0.1	-3.97	0.15	0.01	275
colight	TRAIN	82	151.7	0.1	-3.26	0.12	0.01	276
colight	TRAIN	83	157.7	0.1	-4.04	0.15	0.01	272
colight	TRAIN	84	155.1	0.1	-3.81	0.14	0.01	273
colight	TRAIN	85	161.3	0.1	-4.38	0.16	0.01	274
colight	TRAIN	86	153.5	0.1	-3.56	0.13	0.01	274
colight	TRAIN	87	157.3	0.0	-3.71	0.15	0.01	274
colight	TRAIN	88	157.7	0.1	-4.00	0.15	0.01	270
colight	TRAIN	89	159.6	0.0	-3.90	0.15	0.01	273
colight	TRAIN	90	157.9	0.0	-3.72	0.14	0.01	277
colight	HELDOUT	90	152.9	100.0	-3.46	0.13	0.01	269
colight	HELDOUT	90	153.4	100.0	-3.23	0.12	0.01	273
colight	HELDOUT	90	157.4	100.0	-3.80	0.14	0.01	280
colight	HELDOUT_MEAN	90	154.6	100.0	0.00	0.00	0.00	0
colight	TRAIN	91	153.0	0.1	-3.17	0.12	0.01	275
colight	TRAIN	92	152.7	0.1	-3.39	0.13	0.01	277
colight	TRAIN	93	158.1	0.1	-3.74	0.14	0.01	274
colight	TRAIN	94	154.5	0.1	-3.82	0.15	0.01	272
colight	TRAIN	95	159.1	0.1	-3.82	0.15	0.01	272
colight	TRAIN	96	153.0	0.1	-3.27	0.13	0.01	271
colight	TRAIN	97	155.7	0.1	-3.53	0.14	0.01	268
colight	TRAIN	98	157.5	0.1	-3.93	0.15	0.01	271
colight	TRAIN	99	158.5	0.0	-3.52	0.13	0.01	271
colight	HELDOUT	100	153.8	100.0	-3.74	0.14	0.01	267
colight	HELDOUT	100	154.7	100.0	-3.77	0.14	0.01	272
colight	HELDOUT	100	157.1	100.0	-4.03	0.15	0.01	277
colight	HELDOUT_MEAN	100	155.2	100.0	0.00	0.00	0.00	0
