presslight	TRAIN	0	253.3	0.0	-13.93	1.50	0.06	1432
presslight	TEST	0	891.9	100.0	-271.74	15.40	0.17	404
presslight	TRAIN	1	257.1	0.0	-14.26	1.55	0.06	1427
presslight	TEST	1	891.9	100.0	-271.74	15.40	0.17	404
presslight	TRAIN	2	264.7	1.2	-17.81	1.90	0.08	1350
presslight	TEST	2	891.0	100.0	-251.34	14.94	0.17	429
presslight	TRAIN	3	708.8	2.7	-58.75	8.64	0.14	1096
presslight	TEST	3	768.7	100.0	-229.32	14.63	0.16	480
presslight	TRAIN	4	740.9	11.7	-64.72	8.48	0.14	1202
presslight	TEST	4	636.5	100.0	-86.83	13.21	0.17	592
presslight	TRAIN	5	558.7	23.1	-24.57	5.89	0.14	1281
presslight	TEST	5	692.8	100.0	-88.52	12.42	0.16	704
presslight	TRAIN	6	482.2	30.9	-19.16	4.58	0.13	1358
presslight	TEST	6	529.4	100.0	-29.55	8.94	0.14	901
presslight	TRAIN	7	415.6	31.8	-15.28	3.67	0.11	1373
presslight	TEST	7	460.5	100.0	-27.13	7.00	0.14	1027
presslight	TRAIN	8	374.5	30.6	-13.42	3.22	0.11	1366
presslight	TEST	8	411.3	100.0	-34.84	6.22	0.13	1046
presslight	TRAIN	9	372.3	28.9	-9.42	3.10	0.11	1390
presslight	TEST	9	484.0	100.0	-44.48	7.55	0.14	976
presslight	TRAIN	10	314.1	27.6	-9.83	2.44	0.10	1395
presslight	TEST	10	360.2	100.0	-16.10	4.12	0.11	1244
presslight	TRAIN	11	309.0	26.0	-10.26	2.43	0.09	1398
presslight	TEST	11	382.6	100.0	-15.08	4.14	0.12	1268
presslight	TRAIN	12	337.2	25.8	-14.09	2.74	0.09	1394
presslight	TEST	12	357.7	100.0	-18.71	4.15	0.11	1252
presslight	TRAIN	13	291.3	25.4	-9.08	2.20	0.09	1382
presslight	TEST	13	317.4	100.0	-10.39	2.82	0.10	1346
presslight	TRAIN	14	274.6	24.8	-8.92	1.79	0.08	1425
presslight	TEST	14	309.6	100.0	-18.02	4.07	0.10	1174
presslight	TRAIN	15	264.1	24.8	-9.06	1.61	0.07	1420
presslight	TEST	15	259.1	100.0	-8.62	1.67	0.08	1404
presslight	TRAIN	16	252.3	24.3	-10.23	1.42	0.07	1438
presslight	TEST	16	320.4	100.0	-37.10	4.78	0.10	1141
presslight	TRAIN	17	265.9	23.4	-11.07	1.60	0.07	1431
presslight	TEST	17	301.6	100.0	-26.34	3.32	0.09	1233
presslight	TRAIN	18	270.0	21.3	-11.18	1.70	0.08	1416
presslight	TEST	18	281.9	100.0	-10.95	2.21	0.09	1366
presslight	TRAIN	19	267.4	18.9	-11.00	1.65	0.08	1428
presslight	TEST	19	248.9	100.0	-8.51	1.46	0.08	1425
presslight	TRAIN	20	240.9	16.9	-8.70	1.29	0.07	1436
presslight	TEST	20	286.7	100.0	-34.63	3.29	0.08	1270
presslight	TRAIN	21	249.6	15.1	-9.64	1.42	0.07	1432
presslight	TEST	21	267.7	100.0	-9.60	1.72	0.08	1409
presslight	TRAIN	22	229.3	14.1	-9.43	1.12	0.06	1444
presslight	TEST	22	236.2	100.0	-9.06	1.27	0.07	1431
presslight	TRAIN	23	236.7	12.7	-8.87	1.26	0.07	1438
presslight	TEST	23	230.9	100.0	-8.50	1.19	0.07	1430
presslight	TRAIN	24	220.7	11.6	-8.50	1.01	0.06	1442
presslight	TEST	24	225.5	100.0	-9.79	1.10	0.06	1439
presslight	TRAIN	25	211.9	10.5	-8.59	0.90	0.06	1440
presslight	TEST	25	204.7	100.0	-8.53	0.80	0.05	1447
presslight	TRAIN	26	204.5	9.7	-8.81	0.79	0.05	1444
presslight	TEST	26	207.0	100.0	-8.50	0.83	0.05	1446
presslight	TRAIN	27	201.5	8.5	-8.53	0.76	0.05	1444
presslight	TEST	27	199.9	100.0	-8.65	0.75	0.05	1446
presslight	TRAIN	28	199.1	8.1	-8.54	0.74	0.05	1447
presslight	TEST	28	210.6	100.0	-9.44	0.98	0.05	1415
presslight	TRAIN	29	196.9	7.4	-8.57	0.72	0.05	1438
presslight	TEST	29	199.7	100.0	-8.65	0.74	0.05	1442
presslight	TRAIN	30	197.0	6.7	-8.65	0.72	0.05	1443
presslight	TEST	30	214.2	100.0	-8.52	1.75	0.05	1344
presslight	TRAIN	31	198.3	6.7	-8.27	0.73	0.04	1446
presslight	TEST	31	200.9	100.0	-8.53	0.77	0.05	1443
presslight	TRAIN	32	195.2	5.7	-8.27	0.69	0.05	1445
presslight	TEST	32	191.1	100.0	-8.35	0.63	0.04	1449
presslight	TRAIN	33	192.5	5.2	-8.23	0.65	0.04	1449
presslight	TEST	33	191.8	100.0	-8.29	0.64	0.04	1445
presslight	TRAIN	34	189.8	4.6	-8.21	0.61	0.04	1449
presslight	TEST	34	188.8	100.0	-8.02	0.60	0.04	1449
presslight	TRAIN	35	192.1	4.4	-8.09	0.65	0.04	1447
presslight	TEST	35	188.7	100.0	-8.18	0.60	0.04	1447
presslight	TRAIN	36	189.4	4.0	-8.19	0.60	0.04	1448
presslight	TEST	36	186.4	100.0	-8.59	0.55	0.04	1447
presslight	TRAIN	37	187.1	3.8	-8.30	0.57	0.04	1451
presslight	TEST	37	187.6	100.0	-8.09	0.58	0.04	1445
presslight	TRAIN	38	185.5	3.5	-8.13	0.55	0.04	1451
presslight	TEST	38	186.7	100.0	-8.14	0.57	0.04	1451
presslight	TRAIN	39	189.2	3.1	-8.22	0.59	0.04	1449
presslight	TEST	39	186.6	100.0	-8.24	0.58	0.04	1450
presslight	TRAIN	40	186.5	2.8	-8.12	0.56	0.04	1451
presslight	TEST	40	185.2	100.0	-8.32	0.55	0.04	1449
presslight	TRAIN	41	184.8	2.5	-8.19	0.54	0.04	1449
presslight	TEST	41	186.4	100.0	-8.34	0.56	0.04	1453
presslight	TRAIN	42	184.8	2.4	-8.40	0.54	0.04	1448
presslight	TEST	42	184.3	100.0	-8.27	0.53	0.04	1449
presslight	TRAIN	43	184.4	2.3	-8.34	0.53	0.04	1450
presslight	TEST	43	184.0	100.0	-8.35	0.52	0.04	1450
presslight	TRAIN	44	184.3	2.2	-8.36	0.52	0.04	1449
presslight	TEST	44	185.3	100.0	-8.30	0.55	0.04	1448
presslight	TRAIN	45	182.2	2.1	-8.15	0.50	0.03	1447
presslight	TEST	45	183.2	100.0	-8.47	0.52	0.03	1451
presslight	TRAIN	46	185.9	1.9	-8.25	0.55	0.03	1451
presslight	TEST	46	184.3	100.0	-8.22	0.53	0.04	1450
presslight	TRAIN	47	183.8	1.8	-8.30	0.52	0.04	1451
presslight	TEST	47	182.8	100.0	-8.09	0.50	0.03	1450
presslight	TRAIN	48	183.8	1.8	-8.37	0.53	0.04	1452
presslight	TEST	48	180.6	100.0	-8.43	0.48	0.03	1449
presslight	TRAIN	49	181.5	1.7	-8.26	0.49	0.03	1448
presslight	TEST	49	183.0	100.0	-8.23	0.51	0.04	1451
presslight	TRAIN	50	182.1	1.6	-8.34	0.50	0.03	1451
presslight	TEST	50	181.8	100.0	-8.39	0.49	0.03	1454
presslight	TRAIN	51	184.9	1.6	-8.52	0.54	0.03	1454
presslight	TEST	51	190.2	100.0	-8.40	0.62	0.04	1447
presslight	TRAIN	52	181.3	1.6	-8.35	0.49	0.03	1452
presslight	TEST	52	184.5	100.0	-8.50	0.53	0.03	1454
presslight	TRAIN	53	180.3	1.6	-8.42	0.47	0.03	1451
presslight	TEST	53	182.1	100.0	-8.46	0.50	0.03	1452
presslight	TRAIN	54	181.4	1.5	-8.57	0.49	0.03	1452
presslight	TEST	54	183.0	100.0	-8.31	0.50	0.03	1451
presslight	TRAIN	55	180.8	1.5	-8.36	0.49	0.03	1450
presslight	TEST	55	182.4	100.0	-8.32	0.49	0.03	1453
presslight	TRAIN	56	182.8	1.5	-8.47	0.51	0.03	1449
presslight	TEST	56	180.6	100.0	-8.29	0.48	0.03	1453
presslight	TRAIN	57	181.5	1.4	-8.40	0.49	0.03	1452
presslight	TEST	57	182.4	100.0	-8.18	0.50	0.03	1453
presslight	TRAIN	58	181.1	1.4	-8.43	0.48	0.03	1450
presslight	TEST	58	182.8	100.0	-8.44	0.50	0.03	1452
presslight	TRAIN	59	180.9	1.4	-8.46	0.47	0.03	1452
presslight	TEST	59	180.4	100.0	-8.25	0.47	0.03	1453
presslight	TRAIN	60	180.5	1.5	-8.45	0.48	0.03	1451
presslight	TEST	60	181.5	100.0	-8.27	0.49	0.03	1452
presslight	TRAIN	61	181.3	1.4	-8.43	0.49	0.03	1453
presslight	TEST	61	180.2	100.0	-8.35	0.48	0.03	1452
presslight	TRAIN	62	179.9	1.5	-8.27	0.46	0.03	1453
presslight	TEST	62	184.0	100.0	-8.57	0.52	0.03	1452
presslight	TRAIN	63	182.0	1.5	-8.50	0.51	0.03	1452
presslight	TEST	63	244.4	100.0	-26.27	2.56	0.05	1294
presslight	TRAIN	64	181.2	1.4	-8.26	0.48	0.03	1451
presslight	TEST	64	184.0	100.0	-8.27	0.52	0.03	1454
presslight	TRAIN	65	181.1	1.5	-8.39	0.49	0.03	1448
presslight	TEST	65	181.6	100.0	-8.33	0.49	0.03	1452
presslight	TRAIN	66	181.4	1.5	-8.32	0.48	0.03	1454
presslight	TEST	66	180.8	100.0	-8.28	0.47	0.03	1452
presslight	TRAIN	67	181.5	1.5	-8.60	0.49	0.03	1451
presslight	TEST	67	181.4	100.0	-8.48	0.48	0.03	1452
presslight	TRAIN	68	180.5	1.5	-8.26	0.47	0.03	1453
presslight	TEST	68	180.6	100.0	-8.36	0.48	0.03	1454
presslight	TRAIN	69	180.0	1.5	-8.34	0.47	0.03	1452
presslight	TEST	69	180.5	100.0	-8.20	0.47	0.03	1450
presslight	TRAIN	70	179.4	1.5	-8.34	0.45	0.03	1450
presslight	TEST	70	178.5	100.0	-8.24	0.44	0.03	1453
presslight	TRAIN	71	179.9	1.5	-8.31	0.46	0.03	1453
presslight	TEST	71	179.7	100.0	-8.13	0.45	0.03	1452
presslight	TRAIN	72	179.3	1.4	-8.47	0.46	0.03	1453
presslight	TEST	72	179.7	100.0	-8.43	0.46	0.03	1452
presslight	TRAIN	73	179.0	1.5	-8.24	0.45	0.03	1453
presslight	TEST	73	179.5	100.0	-8.34	0.46	0.03	1451
presslight	TRAIN	74	184.5	1.4	-8.59	0.52	0.03	1452
presslight	TEST	74	180.4	100.0	-8.43	0.48	0.03	1452
presslight	TRAIN	75	179.9	1.5	-8.32	0.47	0.03	1453
presslight	TEST	75	180.6	100.0	-8.43	0.47	0.03	1451
presslight	TRAIN	76	180.3	1.5	-8.47	0.47	0.03	1450
presslight	TEST	76	179.6	100.0	-8.48	0.47	0.03	1449
presslight	TRAIN	77	180.8	1.4	-8.48	0.48	0.03	1451
presslight	TEST	77	180.1	100.0	-8.38	0.48	0.03	1452
presslight	TRAIN	78	178.4	1.4	-8.18	0.44	0.03	1454
presslight	TEST	78	178.8	100.0	-8.22	0.46	0.03	1451
presslight	TRAIN	79	180.5	1.4	-8.30	0.47	0.03	1452
presslight	TEST	79	178.4	100.0	-8.20	0.45	0.03	1452
presslight	TRAIN	80	177.6	1.4	-8.25	0.44	0.03	1452
presslight	TEST	80	177.4	100.0	-8.28	0.43	0.03	1454
presslight	TRAIN	81	178.6	1.4	-8.27	0.45	0.03	1453
presslight	TEST	81	177.9	100.0	-8.23	0.44	0.03	1453
presslight	TRAIN	82	178.0	1.4	-8.22	0.44	0.03	1452
presslight	TEST	82	177.1	100.0	-8.22	0.42	0.03	1449
presslight	TRAIN	83	178.0	1.4	-8.31	0.44	0.03	1452
presslight	TEST	83	177.1	100.0	-8.15	0.43	0.03	1453
presslight	TRAIN	84	177.6	1.4	-8.22	0.43	0.03	1452
presslight	TEST	84	177.5	100.0	-8.20	0.44	0.03	1453
presslight	TRAIN	85	177.6	1.4	-8.19	0.43	0.03	1454
presslight	TEST	85	176.8	100.0	-8.27	0.42	0.03	1453
presslight	TRAIN	86	178.8	1.4	-8.27	0.44	0.03	1452
presslight	TEST	86	177.5	100.0	-8.36	0.43	0.03	1453
presslight	TRAIN	87	176.8	1.3	-8.22	0.42	0.03	1450
presslight	TEST	87	177.3	100.0	-8.26	0.43	0.03	1455
presslight	TRAIN	88	177.7	1.3	-8.29	0.44	0.03	1452
presslight	TEST	88	177.4	100.0	-8.21	0.43	0.03	1453
presslight	TRAIN	89	177.6	1.3	-8.18	0.44	0.03	1452
presslight	TEST	89	178.1	100.0	-8.24	0.44	0.03	1453
presslight	TRAIN	90	177.4	1.3	-8.24	0.44	0.03	1454
presslight	TEST	90	177.1	100.0	-8.07	0.43	0.03	1451
presslight	TRAIN	91	178.2	1.3	-8.20	0.44	0.03	1451
presslight	TEST	91	177.8	100.0	-8.29	0.44	0.03	1450
presslight	TRAIN	92	177.9	1.3	-8.27	0.44	0.03	1453
presslight	TEST	92	178.4	100.0	-8.42	0.45	0.03	1453
presslight	TRAIN	93	178.1	1.3	-8.32	0.44	0.03	1452
presslight	TEST	93	179.9	100.0	-8.37	0.47	0.03	1453
presslight	TRAIN	94	179.3	1.2	-8.48	0.46	0.03	1450
presslight	TEST	94	180.1	100.0	-8.43	0.46	0.03	1451
presslight	TRAIN	95	179.9	1.2	-8.52	0.46	0.03	1453
presslight	TEST	95	179.1	100.0	-8.42	0.45	0.03	1453
presslight	TRAIN	96	179.0	1.2	-8.29	0.45	0.03	1452
presslight	TEST	96	178.9	100.0	-8.50	0.44	0.03	1451
presslight	TRAIN	97	178.9	1.2	-8.50	0.45	0.03	1452
presslight	TEST	97	178.7	100.0	-8.16	0.44	0.03	1452
presslight	TRAIN	98	179.1	1.3	-8.34	0.45	0.03	1451
presslight	TEST	98	178.2	100.0	-8.12	0.44	0.03	1453
presslight	TRAIN	99	178.1	1.3	-8.33	0.44	0.03	1453
presslight	TEST	99	180.1	100.0	-8.47	0.46	0.03	1453
presslight	TRAIN	100	177.8	1.3	-8.39	0.43	0.03	1452
presslight	TEST	100	178.8	100.0	-8.20	0.45	0.03	1451
presslight	TRAIN	101	179.1	1.3	-8.30	0.45	0.03	1453
presslight	TEST	101	180.0	100.0	-8.53	0.46	0.03	1453
presslight	TRAIN	102	178.8	1.3	-8.37	0.45	0.03	1453
presslight	TEST	102	177.8	100.0	-8.21	0.43	0.03	1451
presslight	TRAIN	103	178.5	1.3	-8.31	0.44	0.03	1452
presslight	TEST	103	176.8	100.0	-8.18	0.42	0.03	1454
presslight	TRAIN	104	178.5	1.4	-8.26	0.44	0.03	1450
presslight	TEST	104	179.4	100.0	-8.46	0.45	0.03	1452
presslight	TRAIN	105	179.3	1.4	-8.34	0.45	0.03	1452
presslight	TEST	105	177.7	100.0	-8.22	0.43	0.03	1452
presslight	TRAIN	106	177.7	1.4	-8.20	0.43	0.03	1451
presslight	TEST	106	177.1	100.0	-8.26	0.43	0.03	1450
presslight	TRAIN	107	179.9	1.4	-8.39	0.46	0.03	1451
presslight	TEST	107	178.4	100.0	-8.27	0.44	0.03	1451
presslight	TRAIN	108	178.4	1.4	-8.35	0.44	0.03	1451
presslight	TEST	108	178.2	100.0	-8.10	0.43	0.03	1454
presslight	TRAIN	109	178.4	1.4	-8.25	0.44	0.03	1451
presslight	TEST	109	177.3	100.0	-8.16	0.42	0.03	1452
presslight	TRAIN	110	177.8	1.4	-8.16	0.43	0.03	1452
presslight	TEST	110	178.4	100.0	-8.12	0.44	0.03	1453
presslight	TRAIN	111	177.1	1.4	-8.26	0.42	0.03	1451
presslight	TEST	111	176.9	100.0	-8.30	0.41	0.03	1452
presslight	TRAIN	112	178.1	1.4	-8.27	0.43	0.03	1449
presslight	TEST	112	178.1	100.0	-8.37	0.44	0.03	1453
presslight	TRAIN	113	177.1	1.4	-8.28	0.42	0.03	1453
presslight	TEST	113	177.9	100.0	-8.25	0.44	0.03	1451
presslight	TRAIN	114	178.4	1.4	-8.39	0.45	0.03	1452
presslight	TEST	114	177.8	100.0	-8.14	0.43	0.03	1453
presslight	TRAIN	115	178.0	1.3	-8.32	0.44	0.03	1453
presslight	TEST	115	176.2	100.0	-8.18	0.41	0.03	1452
presslight	TRAIN	116	178.6	1.4	-8.40	0.45	0.03	1452
presslight	TEST	116	177.6	100.0	-8.23	0.43	0.03	1453
presslight	TRAIN	117	178.1	1.4	-8.38	0.44	0.03	1454
presslight	TEST	117	177.5	100.0	-8.23	0.43	0.03	1452
presslight	TRAIN	118	177.8	1.3	-8.45	0.44	0.03	1448
presslight	TEST	118	176.6	100.0	-8.53	0.41	0.03	1453
presslight	TRAIN	119	178.9	1.3	-8.40	0.45	0.03	1452
presslight	TEST	119	177.6	100.0	-8.34	0.43	0.03	1454
presslight	TRAIN	120	177.8	1.4	-8.37	0.45	0.03	1449
presslight	TEST	120	177.4	100.0	-8.20	0.43	0.03	1452
presslight	TRAIN	121	177.7	1.3	-8.36	0.43	0.03	1450
presslight	TEST	121	176.9	100.0	-8.30	0.42	0.03	1449
presslight	TRAIN	122	177.3	1.4	-8.27	0.43	0.03	1453
presslight	TEST	122	177.6	100.0	-8.34	0.43	0.03	1452
presslight	TRAIN	123	176.8	1.3	-8.13	0.42	0.03	1449
presslight	TEST	123	176.3	100.0	-8.13	0.42	0.03	1452
presslight	TRAIN	124	176.9	1.3	-8.21	0.42	0.03	1454
presslight	TEST	124	176.8	100.0	-8.28	0.42	0.03	1454
presslight	TRAIN	125	177.4	1.3	-8.32	0.44	0.03	1451
presslight	TEST	125	178.6	100.0	-8.36	0.45	0.03	1451
presslight	TRAIN	126	178.1	1.3	-8.39	0.44	0.03	1448
presslight	TEST	126	177.2	100.0	-8.26	0.43	0.03	1453
presslight	TRAIN	127	177.9	1.3	-8.39	0.44	0.03	1453
presslight	TEST	127	176.6	100.0	-8.22	0.43	0.03	1452
presslight	TRAIN	128	177.1	1.3	-8.20	0.42	0.03	1451
presslight	TEST	128	176.1	100.0	-8.29	0.41	0.03	1453
presslight	TRAIN	129	182.3	1.3	-9.30	0.49	0.03	1451
presslight	TEST	129	177.1	100.0	-8.23	0.43	0.03	1452
presslight	TRAIN	130	177.2	1.3	-8.21	0.43	0.03	1452
presslight	TEST	130	177.1	100.0	-8.20	0.43	0.03	1451
presslight	TRAIN	131	178.4	1.3	-8.22	0.45	0.03	1451
presslight	TEST	131	177.3	100.0	-8.22	0.44	0.03	1452
presslight	TRAIN	132	178.0	1.3	-8.24	0.45	0.03	1454
presslight	TEST	132	175.7	100.0	-8.08	0.41	0.03	1452
presslight	TRAIN	133	176.2	1.3	-8.14	0.42	0.03	1453
presslight	TEST	133	176.7	100.0	-8.02	0.42	0.03	1453
presslight	TRAIN	134	176.0	1.4	-8.11	0.41	0.03	1450
presslight	TEST	134	176.6	100.0	-8.08	0.42	0.03	1452
presslight	TRAIN	135	178.9	1.3	-8.26	0.45	0.03	1452
presslight	TEST	135	177.3	100.0	-8.16	0.43	0.03	1450
presslight	TRAIN	136	178.8	1.4	-8.25	0.45	0.03	1451
presslight	TEST	136	177.1	100.0	-8.09	0.42	0.03	1451
presslight	TRAIN	137	178.8	1.4	-8.09	0.44	0.03	1453
presslight	TEST	137	176.9	100.0	-8.19	0.42	0.03	1452
presslight	TRAIN	138	177.8	1.5	-8.29	0.43	0.03	1450
presslight	TEST	138	177.2	100.0	-8.30	0.43	0.03	1452
presslight	TRAIN	139	177.9	1.4	-8.25	0.43	0.03	1452
presslight	TEST	139	186.1	100.0	-9.66	0.80	0.03	1389
presslight	TRAIN	140	182.4	1.5	-8.23	0.49	0.03	1452
presslight	TEST	140	177.8	100.0	-8.21	0.44	0.03	1452
presslight	TRAIN	141	177.3	1.5	-8.21	0.43	0.03	1449
presslight	TEST	141	178.4	100.0	-8.32	0.43	0.03	1448
presslight	TRAIN	142	178.0	1.5	-8.45	0.43	0.03	1451
presslight	TEST	142	177.9	100.0	-8.28	0.43	0.03	1450
presslight	TRAIN	143	178.0	1.4	-8.27	0.44	0.03	1451
presslight	TEST	143	176.7	100.0	-8.31	0.41	0.03	1450
presslight	TRAIN	144	177.9	1.4	-8.32	0.43	0.03	1451
presslight	TEST	144	177.9	100.0	-8.34	0.44	0.03	1451
presslight	TRAIN	145	178.6	1.4	-8.35	0.45	0.03	1452
presslight	TEST	145	176.8	100.0	-8.20	0.41	0.03	1453
presslight	TRAIN	146	178.7	1.4	-8.35	0.45	0.03	1449
presslight	TEST	146	178.8	100.0	-8.33	0.44	0.03	1448
presslight	TRAIN	147	177.9	1.4	-8.30	0.44	0.03	1453
presslight	TEST	147	178.2	100.0	-8.22	0.44	0.03	1451
presslight	TRAIN	148	177.9	1.4	-8.22	0.43	0.03	1453
presslight	TEST	148	178.3	100.0	-8.30	0.44	0.03	1451
presslight	TRAIN	149	178.5	1.4	-8.46	0.44	0.03	1453
presslight	TEST	149	177.9	100.0	-8.35	0.43	0.03	1452
presslight	TRAIN	150	177.9	1.4	-8.21	0.43	0.03	1451
presslight	TEST	150	178.6	100.0	-8.40	0.45	0.03	1453
presslight	TRAIN	151	178.3	1.4	-8.30	0.44	0.03	1451
presslight	TEST	151	179.0	100.0	-8.40	0.45	0.03	1455
presslight	TRAIN	152	177.7	1.4	-8.23	0.43	0.03	1452
presslight	TEST	152	176.4	100.0	-8.19	0.41	0.03	1452
presslight	TRAIN	153	178.2	1.4	-8.30	0.44	0.03	1450
presslight	TEST	153	179.0	100.0	-8.50	0.45	0.03	1450
presslight	TRAIN	154	178.9	1.4	-8.34	0.45	0.03	1453
presslight	TEST	154	179.0	100.0	-8.42	0.45	0.03	1452
presslight	TRAIN	155	178.2	1.4	-8.26	0.45	0.03	1451
presslight	TEST	155	178.0	100.0	-8.33	0.44	0.03	1450
presslight	TRAIN	156	177.6	1.4	-8.34	0.43	0.03	1453
presslight	TEST	156	178.0	100.0	-8.29	0.44	0.03	1453
presslight	TRAIN	157	178.3	1.4	-8.25	0.44	0.03	1450
presslight	TEST	157	177.6	100.0	-8.29	0.43	0.03	1453
presslight	TRAIN	158	178.5	1.3	-8.47	0.44	0.03	1452
presslight	TEST	158	177.4	100.0	-8.31	0.43	0.03	1454
presslight	TRAIN	159	178.0	1.3	-8.37	0.43	0.03	1451
presslight	TEST	159	178.7	100.0	-8.36	0.45	0.03	1454
presslight	TRAIN	160	177.7	1.4	-8.34	0.43	0.03	1450
presslight	TEST	160	178.0	100.0	-8.23	0.44	0.03	1449
presslight	TRAIN	161	178.1	1.3	-8.33	0.44	0.03	1450
presslight	TEST	161	178.0	100.0	-8.32	0.43	0.03	1451
presslight	TRAIN	162	178.1	1.4	-8.15	0.44	0.03	1452
presslight	TEST	162	177.6	100.0	-8.26	0.43	0.03	1453
presslight	TRAIN	163	177.5	1.4	-8.32	0.43	0.03	1453
presslight	TEST	163	178.3	100.0	-8.22	0.44	0.03	1451
presslight	TRAIN	164	178.4	1.4	-8.31	0.45	0.03	1452
presslight	TEST	164	178.1	100.0	-8.32	0.44	0.03	1451
presslight	TRAIN	165	178.4	1.3	-8.38	0.44	0.03	1451
presslight	TEST	165	177.5	100.0	-8.28	0.42	0.03	1452
presslight	TRAIN	166	178.0	1.4	-8.48	0.44	0.03	1450
presslight	TEST	166	176.9	100.0	-8.33	0.42	0.03	1453
presslight	TRAIN	167	179.1	1.3	-8.17	0.44	0.03	1454
presslight	TEST	167	177.4	100.0	-8.32	0.42	0.03	1451
presslight	TRAIN	168	177.9	1.3	-8.34	0.43	0.03	1451
presslight	TEST	168	178.3	100.0	-8.18	0.44	0.03	1453
presslight	TRAIN	169	177.4	1.3	-8.32	0.42	0.03	1454
presslight	TEST	169	177.6	100.0	-8.40	0.43	0.03	1450
presslight	TRAIN	170	178.0	1.3	-8.40	0.44	0.03	1451
presslight	TEST	170	177.4	100.0	-8.26	0.43	0.03	1452
presslight	TRAIN	171	177.2	1.3	-8.33	0.43	0.03	1452
presslight	TEST	171	177.4	100.0	-8.24	0.42	0.03	1452
presslight	TRAIN	172	178.6	1.2	-8.26	0.44	0.03	1452
presslight	TEST	172	177.8	100.0	-8.29	0.43	0.03	1453
presslight	TRAIN	173	178.1	1.2	-8.32	0.44	0.03	1452
presslight	TEST	173	177.3	100.0	-8.44	0.42	0.03	1453
presslight	TRAIN	174	178.2	1.2	-8.39	0.43	0.03	1452
presslight	TEST	174	176.6	100.0	-8.18	0.42	0.03	1452
presslight	TRAIN	175	177.4	1.2	-8.35	0.42	0.03	1453
presslight	TEST	175	177.9	100.0	-8.46	0.44	0.03	1452
presslight	TRAIN	176	177.1	1.2	-8.27	0.42	0.03	1453
presslight	TEST	176	177.3	100.0	-8.33	0.41	0.03	1453
presslight	TRAIN	177	177.5	1.2	-8.34	0.43	0.03	1450
presslight	TEST	177	177.2	100.0	-8.45	0.43	0.03	1451
presslight	TRAIN	178	178.2	1.1	-8.35	0.43	0.03	1455
presslight	TEST	178	176.6	100.0	-8.25	0.41	0.03	1453
presslight	TRAIN	179	177.8	1.1	-8.29	0.42	0.03	1453
presslight	TEST	179	177.8	100.0	-8.23	0.43	0.03	1454
presslight	TRAIN	180	178.0	1.1	-8.40	0.43	0.03	1455
presslight	TEST	180	176.7	100.0	-8.25	0.41	0.03	1454
presslight	TRAIN	181	178.0	1.1	-8.23	0.43	0.03	1453
presslight	TEST	181	177.5	100.0	-8.11	0.42	0.03	1453
presslight	TRAIN	182	177.8	1.1	-8.14	0.43	0.03	1452
presslight	TEST	182	177.3	100.0	-8.27	0.42	0.03	1452
presslight	TRAIN	183	179.2	1.1	-8.24	0.44	0.03	1454
presslight	TEST	183	177.9	100.0	-8.10	0.43	0.03	1450
presslight	TRAIN	184	178.1	1.1	-8.23	0.43	0.03	1453
presslight	TEST	184	177.4	100.0	-8.14	0.42	0.03	1453
presslight	TRAIN	185	178.5	1.1	-8.31	0.45	0.03	1452
presslight	TEST	185	177.8	100.0	-8.39	0.43	0.03	1452
presslight	TRAIN	186	178.1	1.1	-8.24	0.42	0.03	1453
presslight	TEST	186	177.3	100.0	-8.15	0.41	0.03	1454
presslight	TRAIN	187	176.5	1.1	-8.25	0.41	0.03	1451
presslight	TEST	187	176.3	100.0	-8.16	0.41	0.03	1451
presslight	TRAIN	188	177.8	1.1	-8.56	0.43	0.03	1452
presslight	TEST	188	176.8	100.0	-8.35	0.42	0.03	1453
presslight	TRAIN	189	178.7	1.1	-8.36	0.45	0.03	1453
presslight	TEST	189	177.3	100.0	-8.15	0.42	0.03	1453
presslight	TRAIN	190	178.2	1.1	-8.31	0.44	0.03	1452
presslight	TEST	190	179.0	100.0	-8.21	0.45	0.03	1453
presslight	TRAIN	191	177.5	1.1	-8.34	0.43	0.03	1451
presslight	TEST	191	178.6	100.0	-8.48	0.44	0.03	1454
presslight	TRAIN	192	178.1	1.1	-8.41	0.44	0.03	1452
presslight	TEST	192	176.9	100.0	-8.27	0.42	0.03	1450
presslight	TRAIN	193	177.3	1.1	-8.28	0.43	0.03	1450
presslight	TEST	193	176.9	100.0	-8.17	0.41	0.03	1452
presslight	TRAIN	194	178.4	1.1	-8.24	0.44	0.03	1449
presslight	TEST	194	177.8	100.0	-8.14	0.42	0.03	1450
presslight	TRAIN	195	177.5	1.1	-8.22	0.43	0.03	1452
presslight	TEST	195	177.1	100.0	-8.36	0.43	0.03	1449
presslight	TRAIN	196	178.8	1.1	-8.31	0.45	0.03	1451
presslight	TEST	196	177.8	100.0	-8.39	0.43	0.03	1450
presslight	TRAIN	197	178.0	1.1	-8.35	0.44	0.03	1453
presslight	TEST	197	177.7	100.0	-8.40	0.43	0.03	1453
presslight	TRAIN	198	176.9	1.1	-8.39	0.41	0.03	1454
presslight	TEST	198	176.9	100.0	-8.41	0.42	0.03	1453
presslight	TRAIN	199	179.2	1.1	-8.65	0.46	0.03	1453
presslight	TEST	199	177.6	100.0	-8.46	0.43	0.03	1450
