presslight	TRAIN	0	218.5	0.0	-9.49	1.02	0.05	676
presslight	HELDOUT	0	487.4	100.0	-103.09	8.13	0.13	196
presslight	HELDOUT	0	527.8	100.0	-98.31	8.45	0.13	227
presslight	HELDOUT	0	504.6	100.0	-92.09	8.37	0.14	196
presslight	HELDOUT_MEAN	0	506.6	100.0	0.00	0.00	0.00	0
presslight	TRAIN	1	228.4	0.0	-8.52	1.19	0.06	707
presslight	TRAIN	2	216.8	0.0	-10.23	1.09	0.06	729
presslight	TRAIN	3	227.6	0.0	-10.88	1.28	0.06	778
presslight	TRAIN	4	217.4	0.0	-8.43	1.05	0.06	682
presslight	TRAIN	5	255.4	1.0	-18.38	2.50	0.08	563
presslight	TRAIN	6	382.3	1.3	-42.78	4.71	0.11	496
presslight	TRAIN	7	380.3	3.4	-24.26	4.89	0.12	486
presslight	TRAIN	8	384.3	6.8	-32.42	5.09	0.12	490
presslight	TRAIN	9	429.0	10.5	-36.34	4.87	0.11	509
presslight	TRAIN	10	378.3	13.5	-28.71	3.59	0.10	546
presslight	HELDOUT	10	346.1	100.0	-64.41	5.66	0.11	357
presslight	HELDOUT	10	339.0	100.0	-59.92	5.63	0.12	379
presslight	HELDOUT	10	379.0	100.0	-51.26	5.69	0.12	374
presslight	HELDOUT_MEAN	10	354.7	100.0	0.00	0.00	0.00	0
presslight	TRAIN	11	344.2	15.3	-18.28	3.34	0.10	578
presslight	TRAIN	12	337.4	16.8	-26.70	3.44	0.10	590
presslight	TRAIN	13	330.6	17.7	-14.44	3.78	0.10	608
presslight	TRAIN	14	301.6	17.8	-23.70	3.07	0.10	545
presslight	TRAIN	15	269.1	18.0	-13.88	2.46	0.09	618
presslight	TRAIN	16	281.5	17.7	-18.67	2.72	0.09	606
presslight	TRAIN	17	271.1	17.5	-17.51	2.62	0.09	619
presslight	TRAIN	18	249.3	17.2	-15.80	2.29	0.08	656
presslight	TRAIN	19	262.9	16.7	-8.26	1.89	0.08	677
presslight	TRAIN	20	231.5	16.2	-8.44	1.63	0.07	610
presslight	HELDOUT	20	261.1	100.0	-20.09	2.63	0.09	578
presslight	HELDOUT	20	257.1	100.0	-19.92	2.95	0.09	588
presslight	HELDOUT	20	255.3	100.0	-23.80	2.66	0.09	581
presslight	HELDOUT_MEAN	20	257.9	100.0	0.00	0.00	0.00	0
presslight	TRAIN	21	241.8	15.7	-15.44	1.68	0.07	663
presslight	TRAIN	22	238.7	15.3	-12.91	1.91	0.07	658
presslight	TRAIN	23	240.8	15.4	-12.45	1.79	0.08	730
presslight	TRAIN	24	232.7	15.3	-8.13	1.52	0.07	646
presslight	TRAIN	25	235.6	14.7	-7.85	1.45	0.07	696
presslight	TRAIN	26	219.3	14.5	-9.09	1.30	0.07	699
presslight	TRAIN	27	223.5	14.2	-9.03	1.28	0.07	723
presslight	TRAIN	28	224.7	14.0	-10.40	1.40	0.07	725
presslight	TRAIN	29	214.1	13.7	-6.54	1.12	0.06	706
presslight	TRAIN	30	203.7	13.7	-6.49	0.92	0.06	664
presslight	HELDOUT	30	225.6	100.0	-9.82	1.60	0.08	654
presslight	HELDOUT	30	223.3	100.0	-11.09	1.85	0.08	661
presslight	HELDOUT	30	228.9	100.0	-11.45	1.84	0.08	650
presslight	HELDOUT_MEAN	30	226.0	100.0	0.00	0.00	0.00	0
presslight	TRAIN	31	203.6	13.6	-7.02	1.09	0.06	689
presslight	TRAIN	32	217.6	13.1	-7.17	1.14	0.06	720
presslight	TRAIN	33	206.0	12.8	-7.09	1.20	0.06	750
presslight	TRAIN	34	222.2	12.7	-11.41	1.30	0.06	653
presslight	TRAIN	35	210.8	11.7	-6.61	1.01	0.06	726
presslight	TRAIN	36	198.2	11.1	-6.35	0.88	0.05	723
presslight	TRAIN	37	204.4	10.3	-8.42	0.99	0.06	734
presslight	TRAIN	38	197.0	9.5	-7.08	0.89	0.06	749
presslight	TRAIN	39	199.0	8.6	-6.57	0.84	0.05	719
presslight	TRAIN	40	197.9	7.9	-6.95	0.77	0.05	677
presslight	HELDOUT	40	203.8	100.0	-13.84	1.41	0.06	657
presslight	HELDOUT	40	201.0	100.0	-10.22	1.18	0.06	701
presslight	HELDOUT	40	193.9	100.0	-9.96	1.03	0.06	689
presslight	HELDOUT_MEAN	40	199.6	100.0	0.00	0.00	0.00	0
presslight	TRAIN	41	222.4	7.0	-9.05	1.17	0.06	706
presslight	TRAIN	42	198.3	6.5	-6.60	0.85	0.05	731
presslight	TRAIN	43	196.5	6.2	-8.35	0.89	0.05	774
presslight	TRAIN	44	187.2	5.7	-6.28	0.66	0.05	690
presslight	TRAIN	45	197.5	5.4	-6.85	0.84	0.05	729
presslight	TRAIN	46	195.2	5.0	-6.38	0.79	0.05	719
presslight	TRAIN	47	187.1	4.9	-6.96	0.69	0.05	742
presslight	TRAIN	48	181.8	4.7	-6.56	0.65	0.05	759
presslight	TRAIN	49	191.4	4.4	-7.25	0.72	0.05	719
presslight	TRAIN	50	192.4	4.3	-8.45	0.69	0.04	680
presslight	HELDOUT	50	179.7	100.0	-6.18	0.54	0.04	726
presslight	HELDOUT	50	199.6	100.0	-22.75	1.69	0.06	674
presslight	HELDOUT	50	182.6	100.0	-6.85	0.63	0.05	730
presslight	HELDOUT_MEAN	50	187.3	100.0	0.00	0.00	0.00	0
presslight	TRAIN	51	182.7	4.1	-6.54	0.61	0.04	717
presslight	TRAIN	52	188.8	3.8	-6.84	0.67	0.05	741
presslight	TRAIN	53	183.6	3.8	-7.13	0.64	0.05	790
presslight	TRAIN	54	178.4	3.7	-6.12	0.50	0.04	702
presslight	TRAIN	55	182.6	3.8	-5.85	0.56	0.04	741
presslight	TRAIN	56	179.1	3.5	-6.18	0.51	0.04	737
presslight	TRAIN	57	175.1	3.6	-6.46	0.49	0.04	757
presslight	TRAIN	58	180.6	3.4	-8.42	0.59	0.04	767
presslight	TRAIN	59	179.4	3.1	-6.19	0.51	0.04	727
presslight	TRAIN	60	173.3	3.1	-5.98	0.42	0.03	690
presslight	HELDOUT	60	175.1	100.0	-6.67	0.47	0.04	731
presslight	HELDOUT	60	178.4	100.0	-7.23	0.57	0.04	759
presslight	HELDOUT	60	180.5	100.0	-6.57	0.63	0.04	735
presslight	HELDOUT_MEAN	60	178.0	100.0	0.00	0.00	0.00	0
presslight	TRAIN	61	181.5	3.1	-6.07	0.55	0.04	722
presslight	TRAIN	62	176.9	2.9	-6.36	0.52	0.04	740
presslight	TRAIN	63	182.0	2.9	-9.34	0.75	0.04	768
presslight	TRAIN	64	172.2	3.1	-5.98	0.41	0.03	707
presslight	TRAIN	65	175.8	2.8	-6.21	0.48	0.04	740
presslight	TRAIN	66	176.6	2.9	-5.87	0.47	0.04	741
presslight	TRAIN	67	174.0	2.5	-6.39	0.47	0.04	756
presslight	TRAIN	68	171.4	2.6	-6.47	0.46	0.04	768
presslight	TRAIN	69	175.0	2.5	-5.75	0.43	0.04	737
presslight	TRAIN	70	171.6	2.4	-6.09	0.40	0.03	693
presslight	HELDOUT	70	172.3	100.0	-6.62	0.42	0.03	731
presslight	HELDOUT	70	175.6	100.0	-6.61	0.50	0.04	758
presslight	HELDOUT	70	175.9	100.0	-6.84	0.46	0.04	744
presslight	HELDOUT_MEAN	70	174.6	100.0	0.00	0.00	0.00	0
presslight	TRAIN	71	174.1	2.3	-6.20	0.44	0.04	727
presslight	TRAIN	72	173.0	2.2	-6.15	0.45	0.04	744
presslight	TRAIN	73	173.7	2.1	-7.07	0.49	0.04	792
presslight	TRAIN	74	173.0	2.1	-5.85	0.40	0.03	704
presslight	TRAIN	75	172.7	2.0	-5.76	0.41	0.03	745
presslight	TRAIN	76	173.6	2.0	-6.03	0.42	0.03	743
presslight	TRAIN	77	171.5	2.2	-6.19	0.42	0.03	761
presslight	TRAIN	78	172.1	1.9	-6.61	0.46	0.04	765
presslight	TRAIN	79	172.2	1.8	-5.66	0.39	0.03	739
presslight	HELDOUT	500	172.3	100.0	-6.62	0.42	0.03	731
presslight	HELDOUT	500	175.6	100.0	-6.61	0.50	0.04	758
presslight	HELDOUT	500	175.9	100.0	-6.84	0.46	0.04	744
presslight	HELDOUT_MEAN	500	174.6	100.0	0.00	0.00	0.00	0
presslight	HELDOUT	70	172.3	100.0	-6.62	0.42	0.03	731
presslight	HELDOUT	70	175.6	100.0	-6.61	0.50	0.04	758
presslight	HELDOUT	70	175.9	100.0	-6.84	0.46	0.04	744
presslight	HELDOUT_MEAN	70	174.6	100.0	0.00	0.00	0.00	0
