dqn	TRAIN	0	314.5	0.0	-339.07	6.29	0.07	1426
dqn	TEST	0	754.0	100.0	-599.02	14.39	0.14	479
dqn	TRAIN	1	321.7	0.0	-341.53	6.36	0.07	1416
dqn	TEST	1	758.8	100.0	-599.99	14.42	0.14	481
dqn	TRAIN	2	325.7	62.5	-350.75	6.65	0.08	1309
dqn	TEST	2	845.3	100.0	-613.13	14.84	0.15	405
dqn	TRAIN	3	836.6	96.7	-502.52	11.37	0.14	1139
dqn	TEST	3	820.6	100.0	-611.03	14.78	0.15	418
dqn	TRAIN	4	754.6	133.6	-501.72	11.35	0.14	1068
dqn	TEST	4	792.8	100.0	-609.85	14.73	0.16	449
dqn	TRAIN	5	682.7	113.3	-491.76	11.04	0.13	1027
dqn	TEST	5	875.9	100.0	-615.47	14.91	0.16	376
dqn	TRAIN	6	765.2	111.3	-484.62	10.82	0.13	1159
dqn	TEST	6	832.1	100.0	-614.55	14.88	0.16	447
dqn	TRAIN	7	757.2	98.0	-477.33	10.60	0.13	1217
dqn	TEST	7	838.8	100.0	-613.12	14.85	0.15	419
dqn	TRAIN	8	669.7	80.6	-452.23	9.82	0.13	1211
dqn	TEST	8	781.3	100.0	-599.27	14.41	0.14	488
dqn	TRAIN	9	574.4	63.2	-417.42	8.72	0.12	1295
dqn	TEST	9	672.1	100.0	-576.60	13.70	0.14	620
dqn	TRAIN	10	526.2	51.9	-404.65	8.32	0.11	1324
dqn	TEST	10	650.5	100.0	-555.96	13.05	0.14	690
dqn	TRAIN	11	485.6	43.4	-385.69	7.72	0.11	1369
dqn	TEST	11	605.8	100.0	-527.82	12.17	0.14	803
dqn	TRAIN	12	461.2	39.2	-381.37	7.59	0.11	1358
dqn	TEST	12	663.8	100.0	-547.23	12.78	0.14	742
dqn	TRAIN	13	450.4	35.9	-376.50	7.43	0.11	1377
dqn	TEST	13	579.7	100.0	-523.73	12.05	0.13	776
dqn	TRAIN	14	425.8	33.7	-369.11	7.21	0.11	1365
dqn	TEST	14	593.2	100.0	-511.79	11.68	0.13	864
dqn	TRAIN	15	408.3	32.3	-362.00	6.99	0.10	1381
dqn	TEST	15	570.2	100.0	-498.23	11.25	0.13	902
dqn	TRAIN	16	387.6	31.2	-358.13	6.87	0.10	1372
dqn	TEST	16	494.7	100.0	-452.82	9.83	0.13	1053
dqn	TRAIN	17	380.4	28.6	-353.60	6.73	0.10	1414
dqn	TEST	17	514.3	100.0	-448.24	9.68	0.13	1077
dqn	TRAIN	18	367.7	25.7	-351.02	6.65	0.10	1399
dqn	TEST	18	468.9	100.0	-448.58	9.71	0.12	1057
dqn	TRAIN	19	354.4	22.5	-348.22	6.56	0.09	1398
dqn	TEST	19	470.0	100.0	-432.03	9.19	0.12	1121
dqn	TRAIN	20	356.6	19.8	-347.87	6.54	0.09	1401
dqn	TEST	20	365.0	100.0	-369.98	7.25	0.10	1312
dqn	TRAIN	21	338.2	17.7	-343.02	6.40	0.09	1404
dqn	TEST	21	453.4	100.0	-415.95	8.68	0.11	1199
dqn	TRAIN	22	330.7	16.1	-341.08	6.34	0.08	1409
dqn	TEST	22	485.6	100.0	-459.97	10.05	0.11	1016
dqn	TRAIN	23	320.7	14.7	-338.70	6.27	0.08	1414
dqn	TEST	23	465.2	100.0	-443.61	9.54	0.11	1052
dqn	TRAIN	24	318.5	13.8	-337.94	6.25	0.08	1419
dqn	TEST	24	431.6	100.0	-381.31	7.60	0.10	1322
dqn	TRAIN	25	298.1	13.0	-332.54	6.08	0.07	1415
dqn	TEST	25	406.1	100.0	-384.94	7.72	0.10	1284
dqn	TRAIN	26	300.9	12.5	-334.74	6.15	0.08	1416
dqn	TEST	26	375.6	100.0	-369.27	7.23	0.09	1320
dqn	TRAIN	27	295.6	12.2	-333.25	6.10	0.07	1421
dqn	TEST	27	407.6	100.0	-378.32	7.50	0.09	1286
dqn	TRAIN	28	289.0	11.8	-330.21	6.01	0.07	1423
dqn	TEST	28	373.9	100.0	-362.75	7.03	0.09	1342
dqn	TRAIN	29	288.8	11.6	-330.20	6.00	0.07	1418
dqn	TEST	29	414.6	100.0	-398.72	8.14	0.10	1197
dqn	TRAIN	30	291.8	11.4	-331.30	6.04	0.07	1417
dqn	TEST	30	356.6	100.0	-353.28	6.74	0.09	1375
dqn	TRAIN	31	282.5	11.3	-328.74	5.96	0.07	1419
dqn	TEST	31	382.4	100.0	-360.32	6.95	0.09	1363
dqn	TRAIN	32	272.2	11.2	-326.64	5.90	0.06	1417
dqn	TEST	32	358.7	100.0	-351.96	6.68	0.09	1372
dqn	TRAIN	33	268.6	11.2	-325.47	5.86	0.06	1421
dqn	TEST	33	422.1	100.0	-371.87	7.31	0.10	1362
dqn	TRAIN	34	270.7	11.1	-326.08	5.87	0.06	1420
dqn	TEST	34	420.4	100.0	-371.89	7.30	0.09	1357
dqn	TRAIN	35	272.3	11.1	-326.00	5.87	0.06	1430
dqn	TEST	35	400.9	100.0	-376.60	7.45	0.10	1298
dqn	TRAIN	36	270.7	11.0	-325.66	5.87	0.06	1425
dqn	TEST	36	349.5	100.0	-350.83	6.65	0.08	1385
dqn	TRAIN	37	269.0	10.9	-325.65	5.86	0.06	1423
dqn	TEST	37	355.5	100.0	-363.57	7.04	0.09	1317
dqn	TRAIN	38	266.9	10.8	-324.93	5.84	0.06	1428
dqn	TEST	38	383.5	100.0	-378.04	7.50	0.09	1294
dqn	TRAIN	39	269.8	10.9	-326.11	5.88	0.06	1428
dqn	TEST	39	369.9	100.0	-398.68	8.15	0.09	1198
dqn	TRAIN	40	270.9	10.9	-325.95	5.87	0.06	1432
dqn	TEST	40	356.3	100.0	-352.75	6.71	0.09	1371
dqn	TRAIN	41	266.3	10.9	-325.06	5.85	0.06	1426
dqn	TEST	41	350.5	100.0	-349.03	6.59	0.09	1385
dqn	TRAIN	42	262.7	10.8	-324.54	5.83	0.06	1427
dqn	TEST	42	381.6	100.0	-374.01	7.37	0.09	1314
dqn	TRAIN	43	265.5	10.8	-325.22	5.85	0.06	1431
dqn	TEST	43	405.2	100.0	-371.43	7.29	0.09	1335
dqn	TRAIN	44	264.9	10.8	-324.76	5.83	0.06	1424
dqn	TEST	44	395.2	100.0	-364.51	7.07	0.09	1355
dqn	TRAIN	45	266.3	10.8	-325.14	5.85	0.06	1429
dqn	TEST	45	328.0	100.0	-343.19	6.41	0.08	1407
dqn	TRAIN	46	265.5	10.8	-324.70	5.83	0.06	1429
dqn	TEST	46	397.3	100.0	-364.11	7.06	0.09	1361
dqn	TRAIN	47	260.2	10.8	-324.56	5.83	0.06	1422
dqn	TEST	47	390.3	100.0	-362.87	7.03	0.09	1360
dqn	TRAIN	48	261.7	10.8	-324.32	5.83	0.06	1429
dqn	TEST	48	412.4	100.0	-390.41	7.88	0.10	1266
dqn	TRAIN	49	262.7	10.8	-324.12	5.82	0.06	1427
dqn	TEST	49	369.5	100.0	-367.25	7.15	0.09	1317
dqn	TRAIN	50	267.4	10.8	-325.37	5.85	0.06	1426
dqn	TEST	50	354.8	100.0	-348.33	6.56	0.09	1396
dqn	TRAIN	51	266.4	10.8	-325.04	5.85	0.06	1428
dqn	TEST	51	373.7	100.0	-364.31	7.07	0.09	1330
dqn	TRAIN	52	264.5	10.8	-324.33	5.82	0.06	1425
dqn	TEST	52	350.8	100.0	-366.58	7.14	0.09	1333
dqn	TRAIN	53	259.7	10.8	-323.48	5.80	0.06	1426
dqn	TEST	53	336.8	100.0	-349.77	6.61	0.09	1364
dqn	TRAIN	54	266.1	10.7	-324.82	5.84	0.06	1426
dqn	TEST	54	378.1	100.0	-375.77	7.43	0.09	1292
dqn	TRAIN	55	263.2	10.7	-324.59	5.84	0.06	1427
dqn	TEST	55	358.8	100.0	-348.98	6.58	0.09	1394
dqn	TRAIN	56	262.4	10.8	-324.22	5.82	0.06	1429
dqn	TEST	56	336.1	100.0	-345.30	6.48	0.08	1389
dqn	TRAIN	57	266.7	10.7	-325.01	5.85	0.06	1424
dqn	TEST	57	345.8	100.0	-347.13	6.52	0.08	1392
dqn	TRAIN	58	271.0	10.8	-326.10	5.88	0.06	1429
dqn	TEST	58	356.9	100.0	-352.69	6.71	0.09	1374
dqn	TRAIN	59	264.4	10.7	-324.74	5.83	0.06	1428
dqn	TEST	59	406.9	100.0	-372.32	7.31	0.10	1337
dqn	TRAIN	60	264.5	10.7	-324.32	5.83	0.06	1423
dqn	TEST	60	385.9	100.0	-355.51	6.80	0.09	1385
dqn	TRAIN	61	268.4	10.8	-325.23	5.85	0.06	1422
dqn	TEST	61	344.5	100.0	-346.23	6.51	0.09	1405
dqn	TRAIN	62	266.7	10.7	-325.04	5.85	0.06	1428
dqn	TEST	62	353.0	100.0	-350.21	6.63	0.08	1382
dqn	TRAIN	63	268.6	10.7	-325.64	5.86	0.06	1433
dqn	TEST	63	372.6	100.0	-360.15	6.93	0.09	1354
dqn	TRAIN	64	271.5	10.8	-326.05	5.88	0.06	1428
dqn	TEST	64	389.2	100.0	-363.48	7.04	0.09	1351
dqn	TRAIN	65	266.3	10.8	-325.24	5.85	0.06	1425
dqn	TEST	65	458.1	100.0	-401.93	8.24	0.10	1248
dqn	TRAIN	66	267.0	10.8	-325.47	5.86	0.06	1425
dqn	TEST	66	405.6	100.0	-373.39	7.35	0.09	1322
dqn	TRAIN	67	266.5	10.8	-324.76	5.84	0.06	1424
dqn	TEST	67	415.1	100.0	-378.93	7.52	0.10	1302
dqn	TRAIN	68	266.1	10.8	-325.24	5.85	0.06	1430
dqn	TEST	68	355.9	100.0	-349.98	6.63	0.09	1377
dqn	TRAIN	69	269.2	10.8	-325.75	5.87	0.06	1427
dqn	TEST	69	333.4	100.0	-341.95	6.37	0.09	1410
dqn	TRAIN	70	263.4	10.8	-324.43	5.83	0.06	1428
dqn	TEST	70	339.5	100.0	-344.89	6.46	0.09	1399
dqn	TRAIN	71	260.3	10.8	-324.17	5.82	0.06	1424
dqn	TEST	71	367.0	100.0	-369.83	7.24	0.09	1311
dqn	TRAIN	72	263.9	10.7	-324.54	5.83	0.06	1423
dqn	TEST	72	341.2	100.0	-357.30	6.85	0.09	1343
dqn	TRAIN	73	264.7	10.7	-324.95	5.84	0.06	1427
dqn	TEST	73	351.7	100.0	-355.56	6.79	0.08	1358
dqn	TRAIN	74	266.4	10.8	-325.38	5.86	0.06	1423
dqn	TEST	74	381.9	100.0	-358.22	6.88	0.10	1379
dqn	TRAIN	75	262.3	10.7	-324.29	5.82	0.06	1428
dqn	TEST	75	395.1	100.0	-371.94	7.30	0.09	1323
dqn	TRAIN	76	268.4	10.8	-325.89	5.87	0.06	1426
dqn	TEST	76	394.1	100.0	-358.33	6.88	0.09	1375
dqn	TRAIN	77	267.3	10.7	-325.72	5.87	0.06	1425
dqn	TEST	77	331.9	100.0	-349.36	6.60	0.08	1378
dqn	TRAIN	78	265.7	10.8	-324.83	5.83	0.06	1429
dqn	TEST	78	372.7	100.0	-358.49	6.89	0.09	1371
dqn	TRAIN	79	263.5	10.7	-324.46	5.83	0.06	1428
dqn	TEST	79	330.3	100.0	-355.55	6.80	0.08	1335
dqn	TRAIN	80	262.8	10.8	-324.41	5.82	0.06	1426
dqn	TEST	80	362.7	100.0	-361.47	6.98	0.09	1333
dqn	TRAIN	81	263.9	10.8	-325.18	5.85	0.06	1421
dqn	TEST	81	391.4	100.0	-364.52	7.08	0.09	1365
dqn	TRAIN	82	267.7	10.8	-325.28	5.85	0.06	1426
dqn	TEST	82	329.3	100.0	-346.49	6.51	0.08	1374
dqn	TRAIN	83	267.6	10.8	-325.50	5.86	0.06	1422
dqn	TEST	83	363.9	100.0	-351.99	6.69	0.08	1395
dqn	TRAIN	84	266.7	10.8	-325.15	5.84	0.06	1426
dqn	TEST	84	372.7	100.0	-363.58	7.04	0.09	1334
dqn	TRAIN	85	269.7	10.7	-326.11	5.87	0.06	1426
dqn	TEST	85	341.7	100.0	-345.33	6.48	0.08	1387
dqn	TRAIN	86	262.7	10.8	-324.25	5.82	0.06	1429
dqn	TEST	86	334.5	100.0	-342.03	6.38	0.08	1402
dqn	TRAIN	87	266.5	10.8	-324.83	5.84	0.06	1430
dqn	TEST	87	337.7	100.0	-343.97	6.44	0.08	1399
dqn	TRAIN	88	265.9	10.8	-325.14	5.84	0.06	1428
dqn	TEST	88	399.7	100.0	-366.68	7.14	0.09	1357
dqn	TRAIN	89	261.7	10.8	-324.17	5.82	0.06	1427
dqn	TEST	89	369.7	100.0	-352.72	6.71	0.09	1398
dqn	TRAIN	90	260.2	10.7	-323.76	5.81	0.06	1425
dqn	TEST	90	319.9	100.0	-340.38	6.32	0.08	1397
dqn	TRAIN	91	263.9	10.7	-324.59	5.83	0.06	1429
dqn	TEST	91	312.8	100.0	-337.74	6.23	0.08	1408
dqn	TRAIN	92	265.1	10.7	-325.28	5.85	0.06	1423
dqn	TEST	92	337.6	100.0	-345.88	6.50	0.08	1395
dqn	TRAIN	93	265.1	10.8	-324.54	5.83	0.06	1431
dqn	TEST	93	349.9	100.0	-347.43	6.54	0.08	1389
dqn	TRAIN	94	264.2	10.7	-324.34	5.82	0.06	1430
dqn	TEST	94	362.4	100.0	-354.47	6.76	0.09	1373
dqn	TRAIN	95	265.6	10.8	-324.75	5.84	0.06	1425
dqn	TEST	95	329.2	100.0	-345.58	6.48	0.08	1388
dqn	TRAIN	96	264.3	10.8	-324.85	5.84	0.06	1428
dqn	TEST	96	328.0	100.0	-340.01	6.31	0.08	1406
dqn	TRAIN	97	264.9	10.7	-325.00	5.84	0.06	1429
dqn	TEST	97	337.0	100.0	-344.45	6.44	0.08	1403
dqn	TRAIN	98	264.7	10.7	-324.32	5.82	0.06	1428
dqn	TEST	98	346.3	100.0	-347.08	6.53	0.08	1399
dqn	TRAIN	99	264.2	10.8	-324.60	5.84	0.06	1426
dqn	TEST	99	372.5	100.0	-358.67	6.89	0.09	1361
dqn	TRAIN	100	266.1	10.7	-324.66	5.83	0.06	1428
dqn	TEST	100	355.0	100.0	-349.66	6.61	0.08	1393
dqn	TRAIN	101	261.4	10.7	-324.13	5.82	0.06	1426
dqn	TEST	101	348.9	100.0	-348.88	6.58	0.08	1389
dqn	TRAIN	102	264.6	10.7	-324.75	5.84	0.06	1433
dqn	TEST	102	398.1	100.0	-375.96	7.43	0.09	1289
dqn	TRAIN	103	268.6	10.7	-325.43	5.86	0.06	1425
dqn	TEST	103	353.0	100.0	-348.25	6.56	0.09	1379
dqn	TRAIN	104	261.5	10.7	-324.03	5.81	0.06	1423
dqn	TEST	104	369.8	100.0	-354.87	6.77	0.09	1385
dqn	TRAIN	105	265.7	10.8	-324.92	5.84	0.06	1423
dqn	TEST	105	370.8	100.0	-352.84	6.71	0.09	1385
dqn	TRAIN	106	266.2	10.7	-324.72	5.84	0.06	1428
dqn	TEST	106	385.7	100.0	-375.29	7.40	0.09	1278
dqn	TRAIN	107	262.6	10.8	-324.12	5.82	0.06	1431
dqn	TEST	107	310.7	100.0	-336.05	6.18	0.08	1409
dqn	TRAIN	108	260.5	10.8	-323.61	5.80	0.06	1426
dqn	TEST	108	350.7	100.0	-346.24	6.50	0.08	1401
dqn	TRAIN	109	260.8	10.8	-323.70	5.81	0.06	1427
dqn	TEST	109	352.7	100.0	-345.18	6.47	0.09	1400
dqn	TRAIN	110	263.8	10.7	-324.22	5.81	0.06	1431
dqn	TEST	110	339.9	100.0	-345.38	6.48	0.08	1397
dqn	TRAIN	111	262.9	10.7	-324.56	5.83	0.06	1427
dqn	TEST	111	329.9	100.0	-341.84	6.37	0.08	1392
dqn	TRAIN	112	262.2	10.8	-324.37	5.82	0.06	1432
dqn	TEST	112	357.2	100.0	-348.72	6.57	0.09	1383
dqn	TRAIN	113	260.1	10.7	-323.77	5.80	0.06	1427
dqn	TEST	113	372.0	100.0	-356.91	6.83	0.09	1360
dqn	TRAIN	114	261.5	10.7	-324.25	5.82	0.06	1428
dqn	TEST	114	378.4	100.0	-358.25	6.88	0.09	1365
dqn	TRAIN	115	262.0	10.8	-323.77	5.80	0.06	1423
dqn	TEST	115	364.1	100.0	-365.27	7.10	0.09	1301
dqn	TRAIN	116	263.8	10.8	-324.55	5.83	0.06	1424
dqn	TEST	116	338.7	100.0	-343.87	6.43	0.08	1397
dqn	TRAIN	117	266.5	10.7	-325.25	5.85	0.06	1426
dqn	TEST	117	340.9	100.0	-344.64	6.46	0.08	1399
dqn	TRAIN	118	261.5	10.8	-323.77	5.80	0.06	1429
dqn	TEST	118	346.0	100.0	-369.65	7.24	0.08	1294
dqn	TRAIN	119	264.3	10.8	-324.60	5.83	0.06	1426
dqn	TEST	119	330.3	100.0	-341.69	6.36	0.08	1399
dqn	TRAIN	120	260.5	10.7	-323.49	5.80	0.06	1428
dqn	TEST	120	336.8	100.0	-344.01	6.44	0.08	1401
dqn	TRAIN	121	264.8	10.7	-324.72	5.83	0.06	1421
dqn	TEST	121	344.3	100.0	-357.77	6.86	0.08	1348
dqn	TRAIN	122	262.0	10.7	-324.18	5.82	0.06	1421
dqn	TEST	122	360.3	100.0	-352.06	6.69	0.09	1393
dqn	TRAIN	123	263.6	10.7	-324.38	5.83	0.06	1423
dqn	TEST	123	365.7	100.0	-361.24	6.98	0.09	1341
dqn	TRAIN	124	265.4	10.8	-324.60	5.83	0.06	1428
dqn	TEST	124	312.3	100.0	-338.51	6.26	0.08	1404
dqn	TRAIN	125	262.7	10.7	-324.16	5.81	0.06	1430
dqn	TEST	125	349.4	100.0	-351.07	6.65	0.08	1389
dqn	TRAIN	126	264.4	10.7	-324.47	5.83	0.06	1432
dqn	TEST	126	307.6	100.0	-335.14	6.16	0.08	1421
dqn	TRAIN	127	259.4	10.8	-323.81	5.81	0.06	1424
dqn	TEST	127	338.6	100.0	-345.34	6.48	0.08	1384
dqn	TRAIN	128	260.6	10.7	-323.55	5.79	0.06	1426
dqn	TEST	128	356.6	100.0	-366.94	7.16	0.08	1334
dqn	TRAIN	129	261.5	10.7	-324.17	5.82	0.06	1427
dqn	TEST	129	346.6	100.0	-351.56	6.67	0.08	1372
dqn	TRAIN	130	264.2	10.7	-324.88	5.84	0.06	1426
dqn	TEST	130	303.9	100.0	-333.19	6.09	0.07	1412
dqn	TRAIN	131	261.1	10.8	-324.19	5.82	0.06	1427
dqn	TEST	131	330.9	100.0	-341.03	6.34	0.08	1400
dqn	TRAIN	132	266.0	10.8	-324.61	5.83	0.06	1429
dqn	TEST	132	354.6	100.0	-350.51	6.64	0.09	1383
dqn	TRAIN	133	265.5	10.7	-324.99	5.85	0.06	1431
dqn	TEST	133	346.0	100.0	-349.35	6.60	0.09	1385
dqn	TRAIN	134	265.8	10.8	-324.54	5.83	0.06	1428
dqn	TEST	134	344.1	100.0	-356.80	6.83	0.08	1357
dqn	TRAIN	135	264.1	10.8	-324.25	5.83	0.06	1424
dqn	TEST	135	325.3	100.0	-341.08	6.34	0.08	1403
dqn	TRAIN	136	263.0	10.8	-324.52	5.83	0.06	1428
dqn	TEST	136	373.7	100.0	-368.87	7.22	0.09	1318
dqn	TRAIN	137	266.4	10.7	-325.04	5.85	0.06	1429
dqn	TEST	137	349.1	100.0	-348.80	6.59	0.08	1380
dqn	TRAIN	138	263.7	10.8	-324.09	5.81	0.06	1427
dqn	TEST	138	303.6	100.0	-335.67	6.18	0.08	1404
dqn	TRAIN	139	268.9	10.7	-325.49	5.86	0.06	1429
dqn	TEST	139	334.1	100.0	-343.30	6.41	0.08	1396
dqn	TRAIN	140	260.3	10.8	-323.80	5.81	0.06	1425
dqn	TEST	140	394.5	100.0	-379.52	7.54	0.09	1299
dqn	TRAIN	141	264.0	10.8	-324.43	5.82	0.06	1427
dqn	TEST	141	337.4	100.0	-346.42	6.51	0.08	1377
dqn	TRAIN	142	262.5	10.8	-324.35	5.81	0.06	1424
dqn	TEST	142	344.1	100.0	-347.91	6.55	0.08	1395
dqn	TRAIN	143	257.9	10.8	-323.23	5.79	0.06	1429
dqn	TEST	143	343.9	100.0	-344.57	6.45	0.08	1410
dqn	TRAIN	144	260.1	10.8	-323.57	5.80	0.06	1428
dqn	TEST	144	311.5	100.0	-336.10	6.19	0.08	1411
dqn	TRAIN	145	262.1	10.8	-324.00	5.81	0.06	1430
dqn	TEST	145	342.3	100.0	-348.09	6.56	0.08	1378
dqn	TRAIN	146	261.0	10.8	-323.97	5.81	0.06	1426
dqn	TEST	146	312.4	100.0	-335.57	6.17	0.08	1410
dqn	TRAIN	147	263.4	10.8	-324.34	5.82	0.06	1427
dqn	TEST	147	387.8	100.0	-359.14	6.90	0.09	1364
dqn	TRAIN	148	261.9	10.8	-324.05	5.81	0.06	1430
dqn	TEST	148	320.1	100.0	-339.70	6.29	0.08	1409
dqn	TRAIN	149	259.3	10.8	-323.35	5.79	0.06	1430
dqn	TEST	149	314.4	100.0	-337.44	6.24	0.07	1402
dqn	TRAIN	150	259.8	10.8	-323.44	5.80	0.06	1432
dqn	TEST	150	356.3	100.0	-350.35	6.63	0.08	1396
dqn	TRAIN	151	261.9	10.8	-324.45	5.82	0.06	1427
dqn	TEST	151	308.8	100.0	-339.34	6.29	0.08	1392
dqn	TRAIN	152	263.2	10.8	-324.48	5.82	0.06	1429
dqn	TEST	152	341.2	100.0	-353.14	6.73	0.08	1345
dqn	TRAIN	153	262.4	10.8	-324.01	5.81	0.06	1429
dqn	TEST	153	336.9	100.0	-345.11	6.46	0.08	1394
dqn	TRAIN	154	261.1	10.8	-323.49	5.79	0.06	1428
dqn	TEST	154	323.5	100.0	-339.01	6.28	0.07	1422
dqn	TRAIN	155	259.1	10.8	-323.58	5.79	0.06	1429
dqn	TEST	155	349.8	100.0	-359.54	6.91	0.08	1310
dqn	TRAIN	156	259.7	10.8	-323.56	5.80	0.06	1431
dqn	TEST	156	314.9	100.0	-336.38	6.19	0.07	1419
dqn	TRAIN	157	260.8	10.8	-324.05	5.81	0.06	1429
dqn	TEST	157	320.1	100.0	-339.88	6.31	0.08	1398
dqn	TRAIN	158	260.1	10.8	-324.25	5.82	0.06	1428
dqn	TEST	158	300.9	100.0	-331.93	6.06	0.07	1418
dqn	TRAIN	159	257.4	10.8	-323.31	5.79	0.06	1428
dqn	TEST	159	325.0	100.0	-341.05	6.35	0.08	1400
dqn	TRAIN	160	258.8	10.7	-323.50	5.80	0.06	1432
dqn	TEST	160	313.8	100.0	-336.92	6.21	0.07	1415
dqn	TRAIN	161	264.6	10.8	-324.68	5.83	0.06	1427
dqn	TEST	161	306.0	100.0	-334.88	6.15	0.07	1417
dqn	TRAIN	162	261.5	10.7	-323.70	5.81	0.06	1431
dqn	TEST	162	297.7	100.0	-335.22	6.16	0.07	1415
dqn	TRAIN	163	257.8	10.8	-323.54	5.80	0.06	1426
dqn	TEST	163	298.1	100.0	-332.50	6.07	0.07	1423
dqn	TRAIN	164	258.0	10.8	-323.37	5.79	0.06	1427
dqn	TEST	164	318.8	100.0	-339.64	6.30	0.07	1411
dqn	TRAIN	165	262.8	10.7	-324.36	5.82	0.06	1428
dqn	TEST	165	331.2	100.0	-342.61	6.39	0.08	1407
dqn	TRAIN	166	255.7	10.7	-322.73	5.77	0.06	1423
dqn	TEST	166	365.9	100.0	-351.04	6.65	0.08	1399
dqn	TRAIN	167	254.9	10.7	-322.58	5.77	0.06	1425
dqn	TEST	167	299.7	100.0	-334.66	6.15	0.07	1409
dqn	TRAIN	168	257.6	10.7	-323.36	5.80	0.06	1427
dqn	TEST	168	370.5	100.0	-357.54	6.86	0.09	1359
dqn	TRAIN	169	258.7	10.7	-323.50	5.80	0.06	1426
dqn	TEST	169	293.5	100.0	-331.98	6.06	0.07	1421
dqn	TRAIN	170	262.2	10.8	-324.27	5.83	0.06	1432
dqn	TEST	170	352.3	100.0	-364.60	7.07	0.09	1335
dqn	TRAIN	171	261.3	10.8	-324.01	5.81	0.06	1423
dqn	TEST	171	325.1	100.0	-339.19	6.29	0.08	1412
dqn	TRAIN	172	262.8	10.7	-324.39	5.83	0.06	1426
dqn	TEST	172	319.3	100.0	-338.89	6.27	0.08	1395
dqn	TRAIN	173	263.3	10.8	-324.30	5.82	0.06	1425
dqn	TEST	173	313.0	100.0	-339.98	6.31	0.07	1411
dqn	TRAIN	174	258.9	10.7	-323.83	5.81	0.06	1427
dqn	TEST	174	315.6	100.0	-345.74	6.48	0.08	1379
dqn	TRAIN	175	261.5	10.7	-324.28	5.82	0.06	1428
dqn	TEST	175	366.7	100.0	-372.99	7.35	0.08	1287
dqn	TRAIN	176	260.7	10.7	-323.89	5.80	0.06	1422
dqn	TEST	176	318.1	100.0	-339.95	6.30	0.08	1398
dqn	TRAIN	177	257.3	10.8	-322.97	5.77	0.06	1426
dqn	TEST	177	350.1	100.0	-347.27	6.54	0.08	1406
dqn	TRAIN	178	261.7	10.7	-323.83	5.81	0.06	1428
dqn	TEST	178	347.1	100.0	-348.26	6.57	0.08	1388
dqn	TRAIN	179	259.7	10.7	-323.02	5.79	0.06	1428
dqn	TEST	179	325.9	100.0	-343.83	6.43	0.07	1403
dqn	TRAIN	180	261.1	10.8	-323.58	5.80	0.06	1425
dqn	TEST	180	300.3	100.0	-333.61	6.11	0.07	1418
dqn	TRAIN	181	258.4	10.8	-323.41	5.79	0.06	1425
dqn	TEST	181	303.9	100.0	-336.09	6.19	0.07	1407
dqn	TRAIN	182	256.2	10.7	-322.70	5.78	0.06	1427
dqn	TEST	182	309.1	100.0	-337.67	6.24	0.07	1403
dqn	TRAIN	183	259.8	10.7	-323.42	5.79	0.06	1425
dqn	TEST	183	315.5	100.0	-338.11	6.25	0.08	1411
dqn	TRAIN	184	261.3	10.7	-323.48	5.80	0.06	1429
dqn	TEST	184	308.9	100.0	-336.18	6.20	0.07	1418
dqn	TRAIN	185	258.2	10.8	-322.86	5.78	0.06	1423
dqn	TEST	185	287.1	100.0	-330.39	6.01	0.07	1412
dqn	TRAIN	186	263.2	10.8	-324.50	5.83	0.06	1431
dqn	TEST	186	297.1	100.0	-333.27	6.10	0.07	1415
dqn	TRAIN	187	256.8	10.7	-322.97	5.78	0.06	1426
dqn	TEST	187	293.6	100.0	-330.46	6.01	0.07	1419
dqn	TRAIN	188	260.7	10.7	-324.12	5.81	0.06	1425
dqn	TEST	188	310.7	100.0	-335.30	6.16	0.07	1421
dqn	TRAIN	189	256.2	10.7	-322.83	5.78	0.06	1429
dqn	TEST	189	283.3	100.0	-329.57	5.98	0.07	1419
dqn	TRAIN	190	260.5	10.7	-323.39	5.80	0.06	1429
dqn	TEST	190	351.3	100.0	-349.56	6.61	0.08	1398
dqn	TRAIN	191	260.1	10.7	-323.46	5.80	0.06	1426
dqn	TEST	191	281.3	100.0	-328.35	5.95	0.06	1426
dqn	TRAIN	192	264.3	10.8	-324.92	5.84	0.06	1426
dqn	TEST	192	306.3	100.0	-335.90	6.18	0.07	1405
dqn	TRAIN	193	254.4	10.7	-322.63	5.77	0.06	1429
dqn	TEST	193	307.2	100.0	-336.92	6.21	0.07	1409
dqn	TRAIN	194	259.5	10.8	-323.39	5.79	0.06	1432
dqn	TEST	194	322.0	100.0	-341.73	6.37	0.07	1399
dqn	TRAIN	195	260.3	10.7	-323.62	5.80	0.06	1427
dqn	TEST	195	298.8	100.0	-332.34	6.07	0.07	1412
dqn	TRAIN	196	256.5	10.8	-323.09	5.78	0.06	1429
dqn	TEST	196	326.4	100.0	-341.85	6.37	0.08	1399
dqn	TRAIN	197	258.1	10.8	-323.19	5.79	0.06	1433
dqn	TEST	197	312.1	100.0	-341.72	6.36	0.07	1385
dqn	TRAIN	198	257.2	10.7	-323.25	5.79	0.06	1428
dqn	TEST	198	299.7	100.0	-334.63	6.14	0.07	1414
dqn	TRAIN	199	259.4	10.7	-323.15	5.79	0.06	1426
dqn	TEST	199	282.8	100.0	-328.73	5.96	0.06	1421
