step:3600/3600, q_loss:0, rewards:-13.855000813802084, queue:1.4943576388888888, delay:0.06191900571187337, throughput:1430
episode:0/200, real avg travel time:251.1083916083916
Test step:0/200, travel time :849.445434298441, rewards:-226.52586805555555, queue:14.029166666666667, delay:0.16088826921251084, throughput:449
New best test ATT=849.4454 at episode 0 (saved model/best_*.pt)
step:3600/3600, q_loss:0, rewards:-14.219443088107639, queue:1.5689236111111111, delay:0.06376210318671333, throughput:1429
episode:1/200, real avg travel time:255.99160251924422
Test step:1/200, travel time :849.445434298441, rewards:-226.52586805555555, queue:14.029166666666667, delay:0.16088826921251084, throughput:449
step:3600/3600, q_loss:1.1964359283447266, rewards:-18.02638888888889, queue:1.9427083333333333, delay:0.07650631798638238, throughput:1341
episode:2/200, real avg travel time:261.1648023862789
Test step:2/200, travel time :824.2844243792325, rewards:-195.4119140625, queue:14.481597222222222, delay:0.1629511833190918, throughput:443
New best test ATT=824.2844 at episode 2 (saved model/best_*.pt)
step:3600/3600, q_loss:2.7656056880950928, rewards:-64.93056640625, queue:9.053732638888889, delay:0.14352021747165256, throughput:1076
episode:3/200, real avg travel time:713.0669144981413
Test step:3/200, travel time :732.2178217821782, rewards:-177.2399956597222, queue:13.669357638888888, delay:0.15914722018771701, throughput:505
New best test ATT=732.2178 at episode 3 (saved model/best_*.pt)
step:3600/3600, q_loss:12.398295402526855, rewards:-49.3322265625, queue:8.453385416666666, delay:0.14601318571302627, throughput:1089
episode:4/200, real avg travel time:646.5528007346189
Test step:4/200, travel time :697.1535893155259, rewards:-107.81111111111112, queue:12.97048611111111, delay:0.15563921398586697, throughput:599
New best test ATT=697.1536 at episode 4 (saved model/best_*.pt)
step:3600/3600, q_loss:22.99412727355957, rewards:-23.933881293402777, queue:6.914236111111111, delay:0.14083134333292643, throughput:1223
episode:5/200, real avg travel time:597.6680294358135
Test step:5/200, travel time :672.8984615384616, rewards:-105.85642361111111, queue:12.4609375, delay:0.1598551220364041, throughput:650
New best test ATT=672.8985 at episode 5 (saved model/best_*.pt)
step:3600/3600, q_loss:29.382638931274414, rewards:-15.433885362413195, queue:4.781163194444445, delay:0.12682033114963107, throughput:1341
episode:6/200, real avg travel time:475.80611483967186
Test step:6/200, travel time :444.0730223123732, rewards:-21.34473334418403, queue:7.608680555555556, delay:0.13893896738688152, throughput:986
New best test ATT=444.0730 at episode 6 (saved model/best_*.pt)
step:3600/3600, q_loss:31.50165557861328, rewards:-13.043614366319444, queue:3.6624131944444445, delay:0.11266754998101128, throughput:1344
episode:7/200, real avg travel time:389.91815476190476
Test step:7/200, travel time :461.7537688442211, rewards:-53.427495659722226, queue:9.324739583333333, delay:0.1421244091457791, throughput:796
step:3600/3600, q_loss:29.387683868408203, rewards:-16.027220323350694, queue:3.4385416666666666, delay:0.1078598658243815, throughput:1374
episode:8/200, real avg travel time:382.98981077147016
Test step:8/200, travel time :428.44827586206895, rewards:-39.376125759548614, queue:6.846527777777778, delay:0.13004381391737196, throughput:1015
New best test ATT=428.4483 at episode 8 (saved model/best_*.pt)
step:3600/3600, q_loss:28.59446144104004, rewards:-12.062504069010417, queue:3.0690104166666665, delay:0.10267325507269966, throughput:1387
episode:9/200, real avg travel time:360.3424657534247
Test step:9/200, travel time :374.6032315978456, rewards:-27.2591796875, queue:5.80703125, delay:0.11890945434570313, throughput:1114
New best test ATT=374.6032 at episode 9 (saved model/best_*.pt)
step:3600/3600, q_loss:27.620033264160156, rewards:-14.273331705729166, queue:2.8606770833333335, delay:0.10070249769422743, throughput:1398
episode:10/200, real avg travel time:352.57081545064375
Test step:10/200, travel time :420.26447105788424, rewards:-49.65166558159722, queue:6.966666666666667, delay:0.1257969644334581, throughput:1002
step:3600/3600, q_loss:26.765012741088867, rewards:-11.122222900390625, queue:2.9237847222222224, delay:0.09987835354275174, throughput:1380
episode:11/200, real avg travel time:345.3108695652174
Test step:11/200, travel time :328.35840707964604, rewards:-9.577503797743056, queue:3.002083333333333, delay:0.10093969768948025, throughput:1356
New best test ATT=328.3584 at episode 11 (saved model/best_*.pt)
step:3600/3600, q_loss:25.929141998291016, rewards:-9.303059895833334, queue:2.390017361111111, delay:0.0960855484008789, throughput:1395
episode:12/200, real avg travel time:309.65089605734767
Test step:12/200, travel time :343.61507936507934, rewards:-11.208070882161458, queue:3.834982638888889, delay:0.10935677422417535, throughput:1260
step:3600/3600, q_loss:24.734548568725586, rewards:-9.785553656684028, queue:2.2573784722222223, delay:0.09284438027275933, throughput:1391
episode:13/200, real avg travel time:294.13443565780017
Test step:13/200, travel time :318.6183908045977, rewards:-12.038614908854166, queue:3.113541666666667, delay:0.10510825051201714, throughput:1305
New best test ATT=318.6184 at episode 13 (saved model/best_*.pt)
step:3600/3600, q_loss:24.084299087524414, rewards:-8.701665581597222, queue:2.028732638888889, delay:0.08970591227213541, throughput:1401
episode:14/200, real avg travel time:281.7994289793005
Test step:14/200, travel time :300.6522058823529, rewards:-9.080002170138888, queue:2.6083333333333334, delay:0.09997162289089627, throughput:1360
New best test ATT=300.6522 at episode 14 (saved model/best_*.pt)
step:3600/3600, q_loss:23.828022003173828, rewards:-8.553610568576389, queue:1.879079861111111, delay:0.08503212928771972, throughput:1427
episode:15/200, real avg travel time:281.9635599159075
Test step:15/200, travel time :296.6992046276211, rewards:-8.762774658203124, queue:2.382552083333333, delay:0.09165308210584852, throughput:1383
New best test ATT=296.6992 at episode 15 (saved model/best_*.pt)
step:3600/3600, q_loss:23.470203399658203, rewards:-10.203059217664931, queue:1.9805555555555556, delay:0.08385883437262641, throughput:1409
episode:16/200, real avg travel time:278.69694819020583
Test step:16/200, travel time :353.31215970961887, rewards:-29.294721137152777, queue:5.572482638888889, delay:0.10584803687201606, throughput:1102
step:3600/3600, q_loss:22.624210357666016, rewards:-10.358336046006944, queue:1.9157118055555555, delay:0.08039506276448567, throughput:1424
episode:17/200, real avg travel time:283.31390449438203
Test step:17/200, travel time :289.16604057099926, rewards:-14.148613823784721, queue:2.608420138888889, delay:0.09345196617974175, throughput:1331
New best test ATT=289.1660 at episode 17 (saved model/best_*.pt)
step:3600/3600, q_loss:19.936092376708984, rewards:-11.713057454427084, queue:1.9045138888888888, delay:0.08336085743374294, throughput:1416
episode:18/200, real avg travel time:280.58262711864404
Test step:18/200, travel time :271.4145299145299, rewards:-8.653053114149305, queue:1.9241319444444445, delay:0.08596594598558215, throughput:1404
New best test ATT=271.4145 at episode 18 (saved model/best_*.pt)
step:3600/3600, q_loss:18.348094940185547, rewards:-8.697219509548612, queue:1.2657118055555556, delay:0.06997636159261068, throughput:1433
episode:19/200, real avg travel time:235.46545708304257
Test step:19/200, travel time :253.10394265232975, rewards:-11.229166666666666, queue:1.7184027777777777, delay:0.07735437287224664, throughput:1395
New best test ATT=253.1039 at episode 19 (saved model/best_*.pt)
step:3600/3600, q_loss:15.784076690673828, rewards:-9.533890109592013, queue:1.3428819444444444, delay:0.06912252108256021, throughput:1433
episode:20/200, real avg travel time:243.00069783670622
Test step:20/200, travel time :245.49614576033636, rewards:-10.248888481987848, queue:1.4553819444444445, delay:0.07360897064208985, throughput:1427
New best test ATT=245.4961 at episode 20 (saved model/best_*.pt)
step:3600/3600, q_loss:14.212228775024414, rewards:-11.421388075086806, queue:1.434201388888889, delay:0.07019938362969293, throughput:1426
episode:21/200, real avg travel time:248.10168302945303
Test step:21/200, travel time :260.755838641189, rewards:-9.676666259765625, queue:1.7019097222222221, delay:0.07691453297932943, throughput:1413
step:3600/3600, q_loss:12.623624801635742, rewards:-9.227499050564235, queue:1.3111979166666667, delay:0.06914075215657552, throughput:1425
episode:22/200, real avg travel time:233.94596491228071
Test step:22/200, travel time :255.53408292340126, rewards:-9.794166395399305, queue:1.5529513888888888, delay:0.0783994992574056, throughput:1423
step:3600/3600, q_loss:11.86694622039795, rewards:-8.791665988498265, queue:1.1909722222222223, delay:0.06597613228691948, throughput:1432
episode:23/200, real avg travel time:230.76885474860336
Test step:23/200, travel time :257.5186011904762, rewards:-10.156113009982638, queue:2.2211805555555557, delay:0.07429449293348524, throughput:1344
step:3600/3600, q_loss:10.927177429199219, rewards:-9.502219645182292, queue:1.2644965277777778, delay:0.06361649301317003, throughput:1429
episode:24/200, real avg travel time:235.06927921623512
Test step:24/200, travel time :224.96272855133614, rewards:-8.263053385416667, queue:1.1677083333333333, delay:0.06343587239583333, throughput:1422
New best test ATT=224.9627 at episode 24 (saved model/best_*.pt)
step:3600/3600, q_loss:9.822503089904785, rewards:-8.834442138671875, queue:0.9993055555555556, delay:0.05743101967705621, throughput:1438
episode:25/200, real avg travel time:214.7586926286509
Test step:25/200, travel time :222.82090592334495, rewards:-8.793891059027779, queue:1.0926215277777778, delay:0.059492195977105033, throughput:1435
New best test ATT=222.8209 at episode 25 (saved model/best_*.pt)
step:3600/3600, q_loss:9.155803680419922, rewards:-8.930554877387152, queue:1.02578125, delay:0.057666407691107854, throughput:1436
episode:26/200, real avg travel time:216.71030640668525
Test step:26/200, travel time :229.18589743589743, rewards:-12.499449327256944, queue:1.3715277777777777, delay:0.06313368479410807, throughput:1404
step:3600/3600, q_loss:8.598515510559082, rewards:-8.579725477430555, queue:0.8839409722222222, delay:0.05337294472588433, throughput:1439
episode:27/200, real avg travel time:205.30507296733842
Test step:27/200, travel time :208.34375, rewards:-8.572498236762153, queue:0.9235243055555555, delay:0.05457801818847656, throughput:1440
New best test ATT=208.3438 at episode 27 (saved model/best_*.pt)
step:3600/3600, q_loss:8.135065078735352, rewards:-8.430554877387152, queue:0.8955729166666667, delay:0.05367788738674588, throughput:1443
episode:28/200, real avg travel time:208.02356202356202
Test step:28/200, travel time :209.30464954892435, rewards:-8.46138916015625, queue:0.9254340277777777, delay:0.05502001444498698, throughput:1441
step:3600/3600, q_loss:7.578930854797363, rewards:-8.944165717230902, queue:0.8623263888888889, delay:0.05220634672376845, throughput:1444
episode:29/200, real avg travel time:206.93836565096953
Test step:29/200, travel time :200.4280774550484, rewards:-8.462776692708333, queue:0.7841145833333333, delay:0.04934182696872287, throughput:1446
New best test ATT=200.4281 at episode 29 (saved model/best_*.pt)
step:3600/3600, q_loss:7.323720932006836, rewards:-8.302221001519097, queue:0.7643229166666666, delay:0.04900042215983073, throughput:1443
episode:30/200, real avg travel time:198.78724878724879
Test step:30/200, travel time :197.3522491349481, rewards:-8.242778862847222, queue:0.7405381944444445, delay:0.04767339494493272, throughput:1445
New best test ATT=197.3522 at episode 30 (saved model/best_*.pt)
step:3600/3600, q_loss:7.009685516357422, rewards:-8.205555555555556, queue:0.7302951388888889, delay:0.04748432371351454, throughput:1449
episode:31/200, real avg travel time:196.83229813664596
Test step:31/200, travel time :202.59571527297857, rewards:-8.523891194661458, queue:0.8061631944444444, delay:0.05112592909071181, throughput:1447
step:3600/3600, q_loss:6.387524604797363, rewards:-8.314722357855903, queue:0.7643229166666666, delay:0.048388036092122395, throughput:1446
episode:32/200, real avg travel time:199.0
Test step:32/200, travel time :195.88919667590028, rewards:-8.414165581597222, queue:0.7212673611111111, delay:0.04744176864624024, throughput:1444
New best test ATT=195.8892 at episode 32 (saved model/best_*.pt)
step:3600/3600, q_loss:5.791189193725586, rewards:-10.264165581597222, queue:0.9266493055555556, delay:0.048756345113118486, throughput:1450
episode:33/200, real avg travel time:212.21448275862068
Test step:33/200, travel time :223.73411602209944, rewards:-8.491115315755208, queue:1.0682291666666666, delay:0.05154302385118273, throughput:1448
step:3600/3600, q_loss:5.578310012817383, rewards:-8.473611789279515, queue:0.68515625, delay:0.0447645558251275, throughput:1448
episode:34/200, real avg travel time:193.3860497237569
Test step:34/200, travel time :191.08758620689656, rewards:-8.318334282769097, queue:0.6431423611111111, delay:0.04333759943644206, throughput:1450
New best test ATT=191.0876 at episode 34 (saved model/best_*.pt)
step:3600/3600, q_loss:5.26518440246582, rewards:-8.4625, queue:0.6430555555555556, delay:0.04300990104675293, throughput:1448
episode:35/200, real avg travel time:190.771408839779
Test step:35/200, travel time :193.3038674033149, rewards:-8.149168565538194, queue:0.6853298611111112, delay:0.044882615407307945, throughput:1448
step:3600/3600, q_loss:4.7543864250183105, rewards:-8.455554877387153, queue:0.6459201388888889, delay:0.042441474066840276, throughput:1449
episode:36/200, real avg travel time:190.46031746031747
Test step:36/200, travel time :189.3271349862259, rewards:-8.107500542534723, queue:0.6219618055555556, delay:0.04191047615475125, throughput:1452
New best test ATT=189.3271 at episode 36 (saved model/best_*.pt)
step:3600/3600, q_loss:4.630870819091797, rewards:-8.720278591579861, queue:0.6662326388888888, delay:0.04115854899088542, throughput:1448
episode:37/200, real avg travel time:192.75
Test step:37/200, travel time :188.75690607734808, rewards:-8.355277506510417, queue:0.6159722222222223, delay:0.042233697573343915, throughput:1448
New best test ATT=188.7569 at episode 37 (saved model/best_*.pt)
step:3600/3600, q_loss:4.277587890625, rewards:-8.294166395399305, queue:0.5881076388888888, delay:0.039639533890618216, throughput:1448
episode:38/200, real avg travel time:186.32251381215468
Test step:38/200, travel time :189.9896480331263, rewards:-9.442779541015625, queue:0.63671875, delay:0.03991052839491102, throughput:1449
step:3600/3600, q_loss:3.774991273880005, rewards:-8.513334147135417, queue:0.6053819444444445, delay:0.03988505204518636, throughput:1448
episode:39/200, real avg travel time:187.43370165745856
Test step:39/200, travel time :185.44989633724947, rewards:-8.434445529513889, queue:0.5763888888888888, delay:0.038049507141113284, throughput:1447
New best test ATT=185.4499 at episode 39 (saved model/best_*.pt)
step:3600/3600, q_loss:3.604581594467163, rewards:-8.536111111111111, queue:0.5961805555555556, delay:0.03927066061231825, throughput:1449
episode:40/200, real avg travel time:187.6280193236715
Test step:40/200, travel time :187.31815044858524, rewards:-8.448890516493055, queue:0.5996527777777778, delay:0.040268124474419485, throughput:1449
step:3600/3600, q_loss:3.3076443672180176, rewards:-8.468056911892361, queue:0.5845486111111111, delay:0.0399380366007487, throughput:1448
episode:41/200, real avg travel time:186.23342541436463
Test step:41/200, travel time :186.2791178497588, rewards:-8.574723307291666, queue:0.5841145833333333, delay:0.039579751756456165, throughput:1451
step:3600/3600, q_loss:3.0725557804107666, rewards:-8.450835503472222, queue:0.5572916666666666, delay:0.03784906334347195, throughput:1452
episode:42/200, real avg travel time:184.84848484848484
Test step:42/200, travel time :186.42758620689656, rewards:-8.428058539496528, queue:0.5853298611111111, delay:0.03885952896542019, throughput:1450
step:3600/3600, q_loss:2.8406264781951904, rewards:-8.709722222222222, queue:0.5566840277777778, delay:0.03743115001254611, throughput:1450
episode:43/200, real avg travel time:184.3558620689655
Test step:43/200, travel time :182.81021394064874, rewards:-8.40388929578993, queue:0.5307291666666667, delay:0.036543398433261445, throughput:1449
New best test ATT=182.8102 at episode 43 (saved model/best_*.pt)
step:3600/3600, q_loss:2.617459535598755, rewards:-8.35138888888889, queue:0.5315104166666667, delay:0.03650561968485514, throughput:1452
episode:44/200, real avg travel time:183.07300275482095
Test step:44/200, travel time :183.05797101449275, rewards:-8.413056776258681, queue:0.5416666666666666, delay:0.036679625511169434, throughput:1449
step:3600/3600, q_loss:2.587709665298462, rewards:-8.312220594618056, queue:0.53125, delay:0.03644655810462104, throughput:1448
episode:45/200, real avg travel time:182.69406077348066
Test step:45/200, travel time :183.90055248618785, rewards:-8.225000678168403, queue:0.5375, delay:0.03683878050910102, throughput:1448
step:3600/3600, q_loss:2.4172446727752686, rewards:-8.450001356336806, queue:0.5614583333333333, delay:0.03687504927317301, throughput:1448
episode:46/200, real avg travel time:185.40745856353593
Test step:46/200, travel time :186.22827586206895, rewards:-8.238888888888889, queue:0.56875, delay:0.03894530667199029, throughput:1450
step:3600/3600, q_loss:2.2904422283172607, rewards:-8.312779405381944, queue:0.5511284722222223, delay:0.03807136482662625, throughput:1451
episode:47/200, real avg travel time:184.63197794624398
Test step:47/200, travel time :185.5616815988973, rewards:-8.408611382378472, queue:0.5627604166666667, delay:0.037488428751627605, throughput:1451
step:3600/3600, q_loss:2.069179058074951, rewards:-8.281943088107639, queue:0.5216145833333333, delay:0.035566160413953996, throughput:1451
episode:48/200, real avg travel time:182.237077877326
Test step:48/200, travel time :183.04607977991748, rewards:-8.281389702690973, queue:0.5306423611111111, delay:0.03633352650536431, throughput:1454
step:3600/3600, q_loss:1.969772458076477, rewards:-8.363890245225694, queue:0.5109375, delay:0.03494841522640652, throughput:1453
episode:49/200, real avg travel time:181.568479008947
Test step:49/200, travel time :182.1096551724138, rewards:-8.426388888888889, queue:0.5163194444444444, delay:0.03570002449883355, throughput:1450
New best test ATT=182.1097 at episode 49 (saved model/best_*.pt)
step:3600/3600, q_loss:1.86806058883667, rewards:-8.329722086588541, queue:0.5431423611111111, delay:0.037067535188463, throughput:1448
episode:50/200, real avg travel time:183.88121546961327
Test step:50/200, travel time :180.1659779614325, rewards:-8.31222195095486, queue:0.4947048611111111, delay:0.03388426568773058, throughput:1452
New best test ATT=180.1660 at episode 50 (saved model/best_*.pt)
step:3600/3600, q_loss:1.7613513469696045, rewards:-8.646944173177083, queue:0.5111111111111111, delay:0.03407027456495497, throughput:1452
episode:51/200, real avg travel time:181.09986225895318
Test step:51/200, travel time :178.38111647139903, rewards:-8.264444308810765, queue:0.47196180555555556, delay:0.03215147654215495, throughput:1451
New best test ATT=178.3811 at episode 51 (saved model/best_*.pt)
step:3600/3600, q_loss:1.6387444734573364, rewards:-8.483890109592014, queue:0.4873263888888889, delay:0.03334458933936225, throughput:1451
episode:52/200, real avg travel time:180.07994486560992
Test step:52/200, travel time :180.02892561983472, rewards:-8.51527845594618, queue:0.49140625, delay:0.033592157893710665, throughput:1452
step:3600/3600, q_loss:1.5957163572311401, rewards:-8.560834418402777, queue:0.48385416666666664, delay:0.032956234614054364, throughput:1452
episode:53/200, real avg travel time:179.27823691460054
Test step:53/200, travel time :185.09310344827585, rewards:-8.535279676649306, queue:0.5584201388888889, delay:0.035641251669989694, throughput:1450
step:3600/3600, q_loss:1.549259066581726, rewards:-8.506110297309029, queue:0.5105902777777778, delay:0.0345205201043023, throughput:1452
episode:54/200, real avg travel time:181.11570247933884
Test step:54/200, travel time :181.63548830811555, rewards:-8.543889702690972, queue:0.5124131944444444, delay:0.03387230767144097, throughput:1454
step:3600/3600, q_loss:1.5345752239227295, rewards:-8.626946343315971, queue:0.50078125, delay:0.033405113220214847, throughput:1453
episode:55/200, real avg travel time:181.0027529249828
Test step:55/200, travel time :179.32622161046112, rewards:-8.205279541015624, queue:0.48454861111111114, delay:0.032665989134046766, throughput:1453
step:3600/3600, q_loss:1.5341318845748901, rewards:-8.486390516493056, queue:0.4796006944444444, delay:0.03273140589396159, throughput:1451
episode:56/200, real avg travel time:179.29565816678152
Test step:56/200, travel time :178.93801652892563, rewards:-8.190833875868055, queue:0.475, delay:0.03271020783318414, throughput:1452
step:3600/3600, q_loss:1.5308194160461426, rewards:-8.376944986979167, queue:0.47821180555555554, delay:0.032477498054504395, throughput:1452
episode:57/200, real avg travel time:178.79889807162533
Test step:57/200, travel time :177.6551724137931, rewards:-8.310833740234376, queue:0.4634548611111111, delay:0.031717287169562444, throughput:1450
New best test ATT=177.6552 at episode 57 (saved model/best_*.pt)
step:3600/3600, q_loss:1.5126664638519287, rewards:-8.336112467447917, queue:0.49140625, delay:0.03300879796346028, throughput:1451
episode:58/200, real avg travel time:179.3383873190903
Test step:58/200, travel time :178.3732782369146, rewards:-8.503888617621527, queue:0.46987847222222223, delay:0.03147167629665799, throughput:1452
step:3600/3600, q_loss:1.4788373708724976, rewards:-8.407500542534722, queue:0.4712673611111111, delay:0.03135124842325846, throughput:1448
episode:59/200, real avg travel time:178.25207182320443
Test step:59/200, travel time :178.82725395732967, rewards:-8.57250027126736, queue:0.47604166666666664, delay:0.032107241948445636, throughput:1453
step:3600/3600, q_loss:1.4737188816070557, rewards:-8.5183349609375, queue:0.48993055555555554, delay:0.033096996943155925, throughput:1451
episode:60/200, real avg travel time:180.0199862164025
Test step:60/200, travel time :178.27735719201652, rewards:-8.413334147135417, queue:0.4675347222222222, delay:0.031633117463853624, throughput:1453
step:3600/3600, q_loss:1.459439992904663, rewards:-8.592499457465278, queue:0.48515625, delay:0.03205962181091308, throughput:1453
episode:61/200, real avg travel time:179.16104611149345
Test step:61/200, travel time :177.72314049586777, rewards:-8.284722222222221, queue:0.46241319444444445, delay:0.03128109243181017, throughput:1452
step:3600/3600, q_loss:1.4518773555755615, rewards:-8.448056369357639, queue:0.48411458333333335, delay:0.03257288402981228, throughput:1452
episode:62/200, real avg travel time:179.400826446281
Test step:62/200, travel time :177.59944941500345, rewards:-8.658889431423612, queue:0.45928819444444446, delay:0.030761708153618707, throughput:1453
New best test ATT=177.5994 at episode 62 (saved model/best_*.pt)
step:3600/3600, q_loss:1.453001856803894, rewards:-8.6477783203125, queue:0.47369791666666666, delay:0.031075980928209092, throughput:1451
episode:63/200, real avg travel time:178.26395589248793
Test step:63/200, travel time :177.34342739160357, rewards:-8.633334011501736, queue:0.45364583333333336, delay:0.030424430635240342, throughput:1453
New best test ATT=177.3434 at episode 63 (saved model/best_*.pt)
step:3600/3600, q_loss:1.4394538402557373, rewards:-8.636112467447917, queue:0.5539930555555556, delay:0.03300411966111925, throughput:1452
episode:64/200, real avg travel time:184.08471074380165
Test step:64/200, travel time :178.5079255685734, rewards:-8.507501220703125, queue:0.4681423611111111, delay:0.031488675541347926, throughput:1451
step:3600/3600, q_loss:1.4399794340133667, rewards:-8.45555691189236, queue:0.4748263888888889, delay:0.03139891624450684, throughput:1451
episode:65/200, real avg travel time:178.03583735354928
Test step:65/200, travel time :180.04201101928373, rewards:-8.784723578559028, queue:0.4974826388888889, delay:0.03194742732577854, throughput:1452
step:3600/3600, q_loss:1.416892170906067, rewards:-8.75777859157986, queue:0.46501736111111114, delay:0.030877537197536893, throughput:1453
episode:66/200, real avg travel time:178.01651754989678
Test step:66/200, travel time :176.7558620689655, rewards:-8.250001356336806, queue:0.4387152777777778, delay:0.030000379350450305, throughput:1450
New best test ATT=176.7559 at episode 66 (saved model/best_*.pt)
step:3600/3600, q_loss:1.4120151996612549, rewards:-8.536111111111111, queue:0.49019097222222224, delay:0.032799757851494686, throughput:1453
episode:67/200, real avg travel time:179.381280110117
Test step:67/200, travel time :177.32231404958677, rewards:-8.65749782986111, queue:0.4552083333333333, delay:0.031027740902370878, throughput:1452
step:3600/3600, q_loss:1.3941408395767212, rewards:-8.455000813802084, queue:0.4584201388888889, delay:0.03156413502163357, throughput:1450
episode:68/200, real avg travel time:177.90758620689655
Test step:68/200, travel time :177.9084652443221, rewards:-8.484722900390626, queue:0.47586805555555556, delay:0.031439452701144746, throughput:1453
step:3600/3600, q_loss:1.4289908409118652, rewards:-8.513889567057292, queue:0.44114583333333335, delay:0.030011598269144693, throughput:1449
episode:69/200, real avg travel time:176.12353347135956
Test step:69/200, travel time :177.26620689655172, rewards:-8.511943901909722, queue:0.45546875, delay:0.030874782138400607, throughput:1450
step:3600/3600, q_loss:1.4493379592895508, rewards:-8.482779947916667, queue:0.4665798611111111, delay:0.03165965610080295, throughput:1453
episode:70/200, real avg travel time:178.03922918100483
Test step:70/200, travel time :202.9422092172641, rewards:-14.564998372395833, queue:1.4100694444444444, delay:0.04148462878333198, throughput:1367
step:3600/3600, q_loss:1.4263204336166382, rewards:-8.346666802300348, queue:0.46770833333333334, delay:0.03109031253390842, throughput:1453
episode:71/200, real avg travel time:178.07157604955265
Test step:71/200, travel time :178.08465244322093, rewards:-8.355277506510417, queue:0.46953125, delay:0.031728702121310765, throughput:1453
step:3600/3600, q_loss:1.4338313341140747, rewards:-8.463057454427084, queue:0.46675347222222224, delay:0.03130434354146321, throughput:1453
episode:72/200, real avg travel time:177.83000688231246
Test step:72/200, travel time :176.01791867677463, rewards:-8.471389431423612, queue:0.4362847222222222, delay:0.029877556694878474, throughput:1451
New best test ATT=176.0179 at episode 72 (saved model/best_*.pt)
step:3600/3600, q_loss:1.4301327466964722, rewards:-8.370557318793402, queue:0.44557291666666665, delay:0.030183696746826173, throughput:1451
episode:73/200, real avg travel time:176.44796691936597
Test step:73/200, travel time :176.8393103448276, rewards:-8.36555650499132, queue:0.45694444444444443, delay:0.03051712777879503, throughput:1450
step:3600/3600, q_loss:1.3950812816619873, rewards:-8.345554606119792, queue:0.44635416666666666, delay:0.029623148176405163, throughput:1455
episode:74/200, real avg travel time:176.1828178694158
Test step:74/200, travel time :176.5892487939352, rewards:-8.576944986979166, queue:0.45364583333333336, delay:0.030160302586025662, throughput:1451
step:3600/3600, q_loss:1.4073762893676758, rewards:-8.498055013020833, queue:0.4537326388888889, delay:0.02997332943810357, throughput:1453
episode:75/200, real avg travel time:177.03578802477634
Test step:75/200, travel time :177.41030927835052, rewards:-8.383056640625, queue:0.45538194444444446, delay:0.03067316214243571, throughput:1455
step:3600/3600, q_loss:1.3992328643798828, rewards:-8.437222629123264, queue:0.45199652777777777, delay:0.03030568758646647, throughput:1454
episode:76/200, real avg travel time:176.8583218707015
Test step:76/200, travel time :175.22191592005512, rewards:-8.20194566514757, queue:0.42421875, delay:0.029160624080234104, throughput:1451
New best test ATT=175.2219 at episode 76 (saved model/best_*.pt)
step:3600/3600, q_loss:1.417380690574646, rewards:-8.386944580078126, queue:0.47065972222222224, delay:0.03126854631635878, throughput:1452
episode:77/200, real avg travel time:177.93939393939394
Test step:77/200, travel time :176.7741046831956, rewards:-8.41222195095486, queue:0.45390625, delay:0.030429265234205458, throughput:1452
step:3600/3600, q_loss:1.406422734260559, rewards:-8.339998372395833, queue:0.4265625, delay:0.029367645581563313, throughput:1451
episode:78/200, real avg travel time:174.9303928325293
Test step:78/200, travel time :177.67011019283746, rewards:-8.326390245225694, queue:0.46197916666666666, delay:0.03137706120808919, throughput:1452
step:3600/3600, q_loss:1.3590350151062012, rewards:-8.241111924913195, queue:0.44635416666666666, delay:0.030132868554857042, throughput:1455
episode:79/200, real avg travel time:176.3573883161512
Test step:79/200, travel time :178.366391184573, rewards:-8.548888481987847, queue:0.47118055555555555, delay:0.03205556869506836, throughput:1452
step:3600/3600, q_loss:1.3719240427017212, rewards:-8.362779405381945, queue:0.4618055555555556, delay:0.030815429157680936, throughput:1453
episode:80/200, real avg travel time:177.7081899518238
Test step:80/200, travel time :176.29160935350757, rewards:-8.355833604600694, queue:0.4479166666666667, delay:0.029958248138427734, throughput:1454
step:3600/3600, q_loss:1.3697446584701538, rewards:-8.442778184678819, queue:0.44461805555555556, delay:0.029647729131910536, throughput:1453
episode:81/200, real avg travel time:176.15209910529938
Test step:81/200, travel time :176.7247075017206, rewards:-8.481389024522569, queue:0.44635416666666666, delay:0.02978747155931261, throughput:1453
step:3600/3600, q_loss:1.3341151475906372, rewards:-8.542221408420138, queue:0.4484375, delay:0.03008810149298774, throughput:1452
episode:82/200, real avg travel time:176.62947658402203
Test step:82/200, travel time :176.55127322780453, rewards:-8.29722154405382, queue:0.4435763888888889, delay:0.030345482296413845, throughput:1453
step:3600/3600, q_loss:1.2798691987991333, rewards:-8.489444986979167, queue:0.4517361111111111, delay:0.03012175030178494, throughput:1452
episode:83/200, real avg travel time:176.8443526170799
Test step:83/200, travel time :176.3388429752066, rewards:-8.4933349609375, queue:0.4401909722222222, delay:0.029570245742797853, throughput:1452
step:3600/3600, q_loss:1.2882565259933472, rewards:-8.460555013020834, queue:0.44244791666666666, delay:0.029185443454318578, throughput:1453
episode:84/200, real avg travel time:176.06056434962147
Test step:84/200, travel time :178.394900068918, rewards:-8.233055284288195, queue:0.4732638888888889, delay:0.030551555421617298, throughput:1451
step:3600/3600, q_loss:1.2780147790908813, rewards:-8.423055013020834, queue:0.4609375, delay:0.02950388855404324, throughput:1453
episode:85/200, real avg travel time:177.28217481073642
Test step:85/200, travel time :179.0034435261708, rewards:-8.605554877387153, queue:0.4787326388888889, delay:0.030843589040968154, throughput:1452
step:3600/3600, q_loss:1.267187237739563, rewards:-8.493056233723959, queue:0.4618923611111111, delay:0.029404327604505752, throughput:1451
episode:86/200, real avg travel time:177.276361130255
Test step:86/200, travel time :175.86451169188445, rewards:-8.413332790798611, queue:0.4354166666666667, delay:0.029463010364108616, throughput:1454
step:3600/3600, q_loss:1.275338053703308, rewards:-8.544444444444444, queue:0.4427951388888889, delay:0.02993163267771403, throughput:1454
episode:87/200, real avg travel time:176.73039889958736
Test step:87/200, travel time :176.23209366391185, rewards:-8.483335367838542, queue:0.43984375, delay:0.029806089401245118, throughput:1452
step:3600/3600, q_loss:1.2551974058151245, rewards:-8.446112738715279, queue:0.44192708333333336, delay:0.02940859529707167, throughput:1451
episode:88/200, real avg travel time:176.19641626464508
Test step:88/200, travel time :177.4056473829201, rewards:-8.609168836805555, queue:0.4640625, delay:0.030356725056966145, throughput:1452
step:3600/3600, q_loss:1.2591586112976074, rewards:-8.524166531032986, queue:0.453125, delay:0.029683992597791885, throughput:1452
episode:89/200, real avg travel time:176.15633608815426
Test step:89/200, travel time :175.28679504814306, rewards:-8.530832926432291, queue:0.42994791666666665, delay:0.02929461267259386, throughput:1454
step:3600/3600, q_loss:1.248484492301941, rewards:-8.32444593641493, queue:0.4478298611111111, delay:0.029460801018608943, throughput:1451
episode:90/200, real avg travel time:176.40317022742937
Test step:90/200, travel time :175.89883000688232, rewards:-8.472779676649306, queue:0.43125, delay:0.029091803232828777, throughput:1453
step:3600/3600, q_loss:1.2256449460983276, rewards:-8.513056098090278, queue:0.45503472222222224, delay:0.030025408003065322, throughput:1452
episode:91/200, real avg travel time:177.0853994490358
Test step:91/200, travel time :176.62164024810477, rewards:-8.69583468967014, queue:0.44522569444444443, delay:0.029949047830369738, throughput:1451
step:3600/3600, q_loss:1.2129931449890137, rewards:-8.449443901909722, queue:0.4440972222222222, delay:0.029749472935994465, throughput:1451
episode:92/200, real avg travel time:175.8607856650586
Test step:92/200, travel time :176.19559228650138, rewards:-8.518612331814236, queue:0.4431423611111111, delay:0.02979659504360623, throughput:1452
step:3600/3600, q_loss:1.1979562044143677, rewards:-8.417777506510417, queue:0.43342013888888886, delay:0.029487946298387316, throughput:1453
episode:93/200, real avg travel time:175.87611837577427
Test step:93/200, travel time :175.35650378527185, rewards:-8.459168836805556, queue:0.4300347222222222, delay:0.028958405388726127, throughput:1453
step:3600/3600, q_loss:1.2140499353408813, rewards:-8.52194552951389, queue:0.4466145833333333, delay:0.0295043150583903, throughput:1452
episode:94/200, real avg travel time:176.23002754820936
Test step:94/200, travel time :175.60977288368892, rewards:-8.619167073567708, queue:0.43116319444444445, delay:0.029047489166259766, throughput:1453
step:3600/3600, q_loss:1.1954984664916992, rewards:-8.322776285807292, queue:0.4349826388888889, delay:0.029172672165764704, throughput:1452
episode:95/200, real avg travel time:175.93526170798899
Test step:95/200, travel time :175.91873278236915, rewards:-8.368055555555555, queue:0.4354166666666667, delay:0.028830252753363716, throughput:1452
step:3600/3600, q_loss:1.2063462734222412, rewards:-8.656388346354166, queue:0.4421875, delay:0.0292041195763482, throughput:1454
episode:96/200, real avg travel time:176.14099037138928
Test step:96/200, travel time :175.35419532324622, rewards:-8.55694580078125, queue:0.4253472222222222, delay:0.028203969531589084, throughput:1454
step:3600/3600, q_loss:1.2103755474090576, rewards:-8.481666395399305, queue:0.4407986111111111, delay:0.029491265614827473, throughput:1452
episode:97/200, real avg travel time:176.42424242424244
Test step:97/200, travel time :175.4171821305842, rewards:-8.315000406901042, queue:0.4310763888888889, delay:0.02883994844224718, throughput:1455
step:3600/3600, q_loss:1.220304250717163, rewards:-8.436667209201389, queue:0.4396701388888889, delay:0.029452337159050837, throughput:1452
episode:98/200, real avg travel time:176.22520661157026
Test step:98/200, travel time :175.53512396694214, rewards:-8.620834689670138, queue:0.4310763888888889, delay:0.02918903562757704, throughput:1452
step:3600/3600, q_loss:1.2017229795455933, rewards:-8.332500542534722, queue:0.43802083333333336, delay:0.029378106858995227, throughput:1454
episode:99/200, real avg travel time:176.27372764786796
Test step:99/200, travel time :175.52170916609236, rewards:-8.557222493489583, queue:0.4243923611111111, delay:0.028704876369900174, throughput:1451
step:3600/3600, q_loss:1.1986075639724731, rewards:-8.479444715711805, queue:0.4166666666666667, delay:0.02806178198920356, throughput:1453
episode:100/200, real avg travel time:174.30626290433585
Test step:100/200, travel time :175.06060606060606, rewards:-8.479999457465278, queue:0.41206597222222224, delay:0.028479252921210396, throughput:1452
New best test ATT=175.0606 at episode 100 (saved model/best_*.pt)
step:3600/3600, q_loss:1.191805124282837, rewards:-8.377779134114583, queue:0.4283854166666667, delay:0.02926846080356174, throughput:1453
episode:101/200, real avg travel time:175.5774260151411
Test step:101/200, travel time :175.17068134893324, rewards:-8.652501085069444, queue:0.41987847222222224, delay:0.029053680102030435, throughput:1453
step:3600/3600, q_loss:1.1814035177230835, rewards:-8.403055148654515, queue:0.41605902777777776, delay:0.028063986036512587, throughput:1454
episode:102/200, real avg travel time:174.62448418156808
Test step:102/200, travel time :175.8155540261528, rewards:-8.508336046006944, queue:0.43463541666666666, delay:0.029206922319200305, throughput:1453
step:3600/3600, q_loss:1.1783891916275024, rewards:-8.412500678168403, queue:0.4388888888888889, delay:0.029976307021247015, throughput:1455
episode:103/200, real avg travel time:176.186941580756
Test step:103/200, travel time :174.60206185567012, rewards:-8.25916748046875, queue:0.41866319444444444, delay:0.02841474215189616, throughput:1455
New best test ATT=174.6021 at episode 103 (saved model/best_*.pt)
step:3600/3600, q_loss:1.1699604988098145, rewards:-8.690833875868055, queue:0.45112847222222224, delay:0.02975352605183919, throughput:1454
episode:104/200, real avg travel time:177.11760660247592
Test step:104/200, travel time :175.46905089408529, rewards:-8.417222764756945, queue:0.42769097222222224, delay:0.028586387634277344, throughput:1454
step:3600/3600, q_loss:1.1674879789352417, rewards:-8.580276150173612, queue:0.4404513888888889, delay:0.029619399706522623, throughput:1453
episode:105/200, real avg travel time:176.68272539573297
Test step:105/200, travel time :174.79656357388316, rewards:-8.411944580078124, queue:0.42170138888888886, delay:0.028287363052368165, throughput:1455
step:3600/3600, q_loss:1.1816437244415283, rewards:-8.323056369357639, queue:0.4144965277777778, delay:0.02802419662475586, throughput:1454
episode:106/200, real avg travel time:174.75790921595598
Test step:106/200, travel time :176.23087525844247, rewards:-8.532778591579861, queue:0.4401041666666667, delay:0.029305638207329645, throughput:1451
step:3600/3600, q_loss:1.1710010766983032, rewards:-8.569723171657985, queue:0.43411458333333336, delay:0.02934961583879259, throughput:1453
episode:107/200, real avg travel time:175.89194769442534
Test step:107/200, travel time :173.74673090158294, rewards:-8.351666937934027, queue:0.4084201388888889, delay:0.027373403973049586, throughput:1453
New best test ATT=173.7467 at episode 107 (saved model/best_*.pt)
step:3600/3600, q_loss:1.1521769762039185, rewards:-8.396944851345486, queue:0.4212673611111111, delay:0.028168466356065538, throughput:1454
episode:108/200, real avg travel time:175.08734525447042
Test step:108/200, travel time :175.7764786795048, rewards:-8.374721272786458, queue:0.4306423611111111, delay:0.028591876559787326, throughput:1454
step:3600/3600, q_loss:1.142446517944336, rewards:-8.536667209201388, queue:0.4212673611111111, delay:0.028623893525865342, throughput:1454
episode:109/200, real avg travel time:175.61485557083907
Test step:109/200, travel time :173.35512732278045, rewards:-8.297222900390626, queue:0.39522569444444444, delay:0.027211695247226293, throughput:1453
New best test ATT=173.3551 at episode 109 (saved model/best_*.pt)
step:3600/3600, q_loss:1.139333963394165, rewards:-8.249445258246528, queue:0.4098090277777778, delay:0.02777026229434543, throughput:1454
episode:110/200, real avg travel time:174.27028885832186
Test step:110/200, travel time :175.08677685950414, rewards:-8.499723307291667, queue:0.4227430555555556, delay:0.028634526994493273, throughput:1452
step:3600/3600, q_loss:1.1250360012054443, rewards:-8.376390245225695, queue:0.4379340277777778, delay:0.02954560915629069, throughput:1453
episode:111/200, real avg travel time:176.21816930488643
Test step:111/200, travel time :175.27203856749313, rewards:-8.44361097547743, queue:0.42335069444444445, delay:0.028364457024468315, throughput:1452
step:3600/3600, q_loss:1.1214756965637207, rewards:-8.5602783203125, queue:0.4378472222222222, delay:0.028915558920966256, throughput:1452
episode:112/200, real avg travel time:175.66322314049586
Test step:112/200, travel time :175.36802205375602, rewards:-8.392222086588541, queue:0.4223090277777778, delay:0.029022147920396594, throughput:1451
step:3600/3600, q_loss:1.1022053956985474, rewards:-8.458612738715278, queue:0.4404513888888889, delay:0.0294597864151001, throughput:1452
episode:113/200, real avg travel time:176.39807162534436
Test step:113/200, travel time :175.8133608815427, rewards:-8.378055826822917, queue:0.43046875, delay:0.028988303078545465, throughput:1452
step:3600/3600, q_loss:1.121450424194336, rewards:-8.468055555555555, queue:0.4189236111111111, delay:0.02843946350945367, throughput:1452
episode:114/200, real avg travel time:175.10055096418733
Test step:114/200, travel time :175.5694635488308, rewards:-8.622222900390625, queue:0.4253472222222222, delay:0.028476005130343967, throughput:1454
step:3600/3600, q_loss:1.1026591062545776, rewards:-8.574444580078126, queue:0.4365451388888889, delay:0.029280471801757812, throughput:1451
episode:115/200, real avg travel time:176.1722949689869
Test step:115/200, travel time :176.37912087912088, rewards:-8.333333333333334, queue:0.43645833333333334, delay:0.029158878326416015, throughput:1456
step:3600/3600, q_loss:1.1118552684783936, rewards:-8.393610297309028, queue:0.42473958333333334, delay:0.028332116868760852, throughput:1454
episode:116/200, real avg travel time:175.1636863823934
Test step:116/200, travel time :175.95730027548208, rewards:-8.32416720920139, queue:0.43211805555555555, delay:0.029387002521091037, throughput:1452
step:3600/3600, q_loss:1.1012859344482422, rewards:-8.453057183159721, queue:0.43862847222222223, delay:0.029819748136732313, throughput:1453
episode:117/200, real avg travel time:176.43014452856158
Test step:117/200, travel time :177.45210199862163, rewards:-8.601943630642362, queue:0.4504340277777778, delay:0.030106835895114474, throughput:1451
step:3600/3600, q_loss:1.1119186878204346, rewards:-8.273334418402778, queue:0.415625, delay:0.02850544717576769, throughput:1455
episode:118/200, real avg travel time:174.8639175257732
Test step:118/200, travel time :176.45830461750518, rewards:-8.625834147135416, queue:0.44461805555555556, delay:0.0297646787431505, throughput:1451
step:3600/3600, q_loss:1.1075773239135742, rewards:-8.387501356336806, queue:0.4184027777777778, delay:0.028733555475870767, throughput:1454
episode:119/200, real avg travel time:175.3101788170564
Test step:119/200, travel time :174.53066850447968, rewards:-8.343055555555555, queue:0.41553819444444445, delay:0.02841000027126736, throughput:1451
step:3600/3600, q_loss:1.1094340085983276, rewards:-8.347222222222221, queue:0.43246527777777777, delay:0.029404613706800673, throughput:1451
episode:120/200, real avg travel time:175.8828394210889
Test step:120/200, travel time :174.5840220385675, rewards:-8.30500013563368, queue:0.41336805555555556, delay:0.0283548805448744, throughput:1452
step:3600/3600, q_loss:1.1007254123687744, rewards:-8.55111083984375, queue:0.45364583333333336, delay:0.029752779006958007, throughput:1450
episode:121/200, real avg travel time:176.9951724137931
Test step:121/200, travel time :175.68896551724137, rewards:-8.375833468967015, queue:0.42413194444444446, delay:0.029156025250752768, throughput:1450
step:3600/3600, q_loss:1.1325654983520508, rewards:-8.325, queue:0.43949652777777776, delay:0.029168581962585448, throughput:1454
episode:122/200, real avg travel time:175.85625859697387
Test step:122/200, travel time :173.96217331499312, rewards:-8.225278049045139, queue:0.40651041666666665, delay:0.02744694815741645, throughput:1454
step:3600/3600, q_loss:1.124438762664795, rewards:-8.265833875868056, queue:0.42170138888888886, delay:0.0285794734954834, throughput:1454
episode:123/200, real avg travel time:175.29642365887207
Test step:123/200, travel time :176.22344827586207, rewards:-8.378611924913194, queue:0.43758680555555557, delay:0.029111393292744956, throughput:1450
step:3600/3600, q_loss:1.1432836055755615, rewards:-8.278334554036459, queue:0.4266493055555556, delay:0.02921295166015625, throughput:1452
episode:124/200, real avg travel time:175.58126721763085
Test step:124/200, travel time :175.21320495185694, rewards:-8.363612196180556, queue:0.4244791666666667, delay:0.0290702051586575, throughput:1454
step:3600/3600, q_loss:1.1505321264266968, rewards:-8.394722493489583, queue:0.46293402777777776, delay:0.02969142331017388, throughput:1451
episode:125/200, real avg travel time:177.8497587870434
Test step:125/200, travel time :174.64511691884456, rewards:-8.264166937934029, queue:0.41484375, delay:0.02832265959845649, throughput:1454
step:3600/3600, q_loss:1.150348424911499, rewards:-8.324723307291666, queue:0.4357638888888889, delay:0.029176245795355903, throughput:1451
episode:126/200, real avg travel time:175.61405926946932
Test step:126/200, travel time :175.55601374570446, rewards:-8.406666395399306, queue:0.43515625, delay:0.02883441713121202, throughput:1455
step:3600/3600, q_loss:1.1520382165908813, rewards:-8.423333740234375, queue:0.43463541666666666, delay:0.029165045420328776, throughput:1453
episode:127/200, real avg travel time:175.9600825877495
Test step:127/200, travel time :175.1095041322314, rewards:-8.154447428385417, queue:0.42204861111111114, delay:0.028607424100240073, throughput:1452
step:3600/3600, q_loss:1.132033109664917, rewards:-8.248890516493056, queue:0.42560763888888886, delay:0.02829199367099338, throughput:1451
episode:128/200, real avg travel time:174.77188146106133
Test step:128/200, travel time :175.17011019283746, rewards:-8.494999864366319, queue:0.42647569444444444, delay:0.028896164894104005, throughput:1452
step:3600/3600, q_loss:1.1250286102294922, rewards:-8.201390245225694, queue:0.4149305555555556, delay:0.027582052018907337, throughput:1454
episode:129/200, real avg travel time:173.94910591471802
Test step:129/200, travel time :174.39187327823691, rewards:-8.444443088107638, queue:0.4209201388888889, delay:0.027756192949083117, throughput:1452
step:3600/3600, q_loss:1.1122862100601196, rewards:-8.255833604600694, queue:0.4113715277777778, delay:0.02815476523505317, throughput:1452
episode:130/200, real avg travel time:174.09986225895318
Test step:130/200, travel time :174.68431911966988, rewards:-8.279444715711806, queue:0.41649305555555555, delay:0.028297530280219182, throughput:1454
step:3600/3600, q_loss:1.112836241722107, rewards:-8.226944986979166, queue:0.4254340277777778, delay:0.02858985530005561, throughput:1455
episode:131/200, real avg travel time:174.9360824742268
Test step:131/200, travel time :176.02546455609084, rewards:-8.298335096571181, queue:0.43194444444444446, delay:0.02926615873972575, throughput:1453
step:3600/3600, q_loss:1.0923740863800049, rewards:-8.329443359375, queue:0.44513888888888886, delay:0.029692379633585612, throughput:1452
episode:132/200, real avg travel time:176.38292011019283
Test step:132/200, travel time :175.65013774104682, rewards:-8.328612603081597, queue:0.4357638888888889, delay:0.028738707966274684, throughput:1452
step:3600/3600, q_loss:1.1043347120285034, rewards:-8.180832248263888, queue:0.428125, delay:0.028736872143215603, throughput:1452
episode:133/200, real avg travel time:175.14325068870522
Test step:133/200, travel time :174.974552957359, rewards:-8.297501627604166, queue:0.4236111111111111, delay:0.028523275587293836, throughput:1454
step:3600/3600, q_loss:1.0870121717453003, rewards:-8.427223036024305, queue:0.4401909722222222, delay:0.028846128781636556, throughput:1455
episode:134/200, real avg travel time:175.99518900343642
Test step:134/200, travel time :174.31911966987622, rewards:-8.296388753255208, queue:0.4173611111111111, delay:0.027920195791456433, throughput:1454
step:3600/3600, q_loss:1.0906518697738647, rewards:-8.314723036024306, queue:0.4329861111111111, delay:0.028421672185262044, throughput:1455
episode:135/200, real avg travel time:175.39862542955328
Test step:135/200, travel time :176.12156593406593, rewards:-8.30249972873264, queue:0.4370659722222222, delay:0.0288506375418769, throughput:1456
step:3600/3600, q_loss:1.096187710762024, rewards:-8.345555284288194, queue:0.4331597222222222, delay:0.028408990965949163, throughput:1454
episode:136/200, real avg travel time:175.10041265474553
Test step:136/200, travel time :175.78994490358127, rewards:-8.299167887369792, queue:0.4309895833333333, delay:0.028481170866224502, throughput:1452
step:3600/3600, q_loss:1.0870132446289062, rewards:-8.34527587890625, queue:0.4548611111111111, delay:0.029913070466783313, throughput:1454
episode:137/200, real avg travel time:177.13480055020634
Test step:137/200, travel time :175.78817056396147, rewards:-8.30111083984375, queue:0.440625, delay:0.02944832377963596, throughput:1454
step:3600/3600, q_loss:1.0923316478729248, rewards:-8.307499864366319, queue:0.4583333333333333, delay:0.030249977111816408, throughput:1450
episode:138/200, real avg travel time:177.5151724137931
Test step:138/200, travel time :176.9043358568479, rewards:-8.315833875868055, queue:0.4423611111111111, delay:0.029436129993862577, throughput:1453
step:3600/3600, q_loss:1.1174496412277222, rewards:-8.50749986436632, queue:0.46770833333333334, delay:0.03039502567715115, throughput:1452
episode:139/200, real avg travel time:177.7520661157025
Test step:139/200, travel time :176.35006877579093, rewards:-8.326112196180556, queue:0.44539930555555557, delay:0.02921796374850803, throughput:1454
step:3600/3600, q_loss:1.1076363325119019, rewards:-8.348055691189236, queue:0.47465277777777776, delay:0.030025657018025717, throughput:1452
episode:140/200, real avg travel time:178.59022038567494
Test step:140/200, travel time :181.52852233676975, rewards:-8.512778727213542, queue:0.5018229166666667, delay:0.03029948870340983, throughput:1455
step:3600/3600, q_loss:1.1151484251022339, rewards:-8.399721950954861, queue:0.45381944444444444, delay:0.029843134350246853, throughput:1454
episode:141/200, real avg travel time:176.94291609353508
Test step:141/200, travel time :175.153264604811, rewards:-8.287779405381944, queue:0.4302951388888889, delay:0.027865952915615506, throughput:1455
step:3600/3600, q_loss:1.1133151054382324, rewards:-8.17194552951389, queue:0.4266493055555556, delay:0.02763294908735487, throughput:1451
episode:142/200, real avg travel time:174.78359751895243
Test step:142/200, travel time :174.8405498281787, rewards:-8.463332112630209, queue:0.4244791666666667, delay:0.028060272004869248, throughput:1455
step:3600/3600, q_loss:1.125330924987793, rewards:-8.424445258246529, queue:0.4579861111111111, delay:0.02976982593536377, throughput:1453
episode:143/200, real avg travel time:177.36407432897454
Test step:143/200, travel time :180.8878954607978, rewards:-8.365276421440972, queue:0.5057291666666667, delay:0.030219070116678872, throughput:1454
step:3600/3600, q_loss:1.1190816164016724, rewards:-8.290555826822917, queue:0.43914930555555554, delay:0.028901550504896376, throughput:1455
episode:144/200, real avg travel time:176.02199312714777
Test step:144/200, travel time :176.65635738831614, rewards:-8.375832790798611, queue:0.43828125, delay:0.029401996400621203, throughput:1455
step:3600/3600, q_loss:1.1267791986465454, rewards:-8.355833604600694, queue:0.43697916666666664, delay:0.028442205323113336, throughput:1454
episode:145/200, real avg travel time:175.65405777166438
Test step:145/200, travel time :174.7568870523416, rewards:-8.234722900390626, queue:0.42526041666666664, delay:0.027829893430074058, throughput:1452
step:3600/3600, q_loss:1.123084306716919, rewards:-8.232777235243056, queue:0.4423611111111111, delay:0.028605037265353732, throughput:1453
episode:146/200, real avg travel time:175.5258086717137
Test step:146/200, travel time :175.02203856749313, rewards:-8.329168023003472, queue:0.42604166666666665, delay:0.02837611304389106, throughput:1452
step:3600/3600, q_loss:1.123069405555725, rewards:-8.388611518012153, queue:0.4224826388888889, delay:0.028389273749457464, throughput:1453
episode:147/200, real avg travel time:175.22161046111492
Test step:147/200, travel time :176.02268041237113, rewards:-8.414999728732639, queue:0.42586805555555557, delay:0.02886941697862413, throughput:1455
step:3600/3600, q_loss:1.1033838987350464, rewards:-8.116944715711806, queue:0.42986111111111114, delay:0.02873068650563558, throughput:1453
episode:148/200, real avg travel time:175.74810736407431
Test step:148/200, travel time :173.8232462173315, rewards:-8.264999728732638, queue:0.4071180555555556, delay:0.027601867251926, throughput:1454
step:3600/3600, q_loss:1.1191353797912598, rewards:-8.304168023003472, queue:0.4488715277777778, delay:0.029418155882093643, throughput:1453
episode:149/200, real avg travel time:177.16999311768754
Test step:149/200, travel time :175.53581267217632, rewards:-8.308055284288194, queue:0.4327256944444444, delay:0.02840794987148709, throughput:1452
step:3600/3600, q_loss:1.111868977546692, rewards:-8.318333604600694, queue:0.42690972222222223, delay:0.02891718546549479, throughput:1455
episode:150/200, real avg travel time:175.22405498281788
Test step:150/200, travel time :175.62121212121212, rewards:-8.455277506510416, queue:0.43671875, delay:0.028479491339789498, throughput:1452
step:3600/3600, q_loss:1.1156257390975952, rewards:-8.223889838324652, queue:0.43203125, delay:0.0281145175298055, throughput:1451
episode:151/200, real avg travel time:174.5106822880772
Test step:151/200, travel time :176.1405926946933, rewards:-8.292778862847221, queue:0.4420138888888889, delay:0.02923260794745551, throughput:1451
step:3600/3600, q_loss:1.1026759147644043, rewards:-8.377220323350695, queue:0.43081597222222223, delay:0.02875148720211453, throughput:1450
episode:152/200, real avg travel time:175.5855172413793
Test step:152/200, travel time :175.23845623707788, rewards:-8.342500813802083, queue:0.4267361111111111, delay:0.02866179943084717, throughput:1451
step:3600/3600, q_loss:1.1043400764465332, rewards:-8.408612738715277, queue:0.4301215277777778, delay:0.028189161088731554, throughput:1452
episode:153/200, real avg travel time:175.0874655647383
Test step:153/200, travel time :174.66666666666666, rewards:-8.265555826822917, queue:0.4192708333333333, delay:0.028195328182644315, throughput:1452
step:3600/3600, q_loss:1.1058471202850342, rewards:-8.372222222222222, queue:0.4434895833333333, delay:0.029375012715657553, throughput:1451
episode:154/200, real avg travel time:176.26119917298413
Test step:154/200, travel time :175.3748280605227, rewards:-8.311111111111112, queue:0.4249131944444444, delay:0.028480217191908096, throughput:1454
step:3600/3600, q_loss:1.1063538789749146, rewards:-8.386109754774306, queue:0.42682291666666666, delay:0.028689495722452798, throughput:1452
episode:155/200, real avg travel time:175.22520661157026
Test step:155/200, travel time :175.2577319587629, rewards:-8.355277506510417, queue:0.4296875, delay:0.028617130385504827, throughput:1455
step:3600/3600, q_loss:1.1016440391540527, rewards:-8.151112196180556, queue:0.4167534722222222, delay:0.028576771418253582, throughput:1455
episode:156/200, real avg travel time:175.3725085910653
Test step:156/200, travel time :175.01791867677463, rewards:-8.379999457465278, queue:0.4275173611111111, delay:0.028459996647304957, throughput:1451
step:3600/3600, q_loss:1.1081122159957886, rewards:-8.32833523220486, queue:0.41996527777777776, delay:0.028204849031236438, throughput:1450
episode:157/200, real avg travel time:174.76620689655172
Test step:157/200, travel time :175.56137931034482, rewards:-8.160834418402779, queue:0.4293402777777778, delay:0.02906407780117459, throughput:1450
step:3600/3600, q_loss:1.1101707220077515, rewards:-8.381111653645833, queue:0.4266493055555556, delay:0.028574938244289822, throughput:1450
episode:158/200, real avg travel time:175.63655172413795
Test step:158/200, travel time :175.88628532046863, rewards:-8.158055284288194, queue:0.42734375, delay:0.028984673817952476, throughput:1451
step:3600/3600, q_loss:1.1043521165847778, rewards:-8.216944037543403, queue:0.42204861111111114, delay:0.02816215886010064, throughput:1454
episode:159/200, real avg travel time:175.1685006877579
Test step:159/200, travel time :174.24415405777165, rewards:-8.136111111111111, queue:0.41293402777777777, delay:0.02781032191382514, throughput:1454
step:3600/3600, q_loss:1.0935957431793213, rewards:-8.214166937934028, queue:0.43333333333333335, delay:0.029160126050313314, throughput:1452
episode:160/200, real avg travel time:176.1694214876033
Test step:160/200, travel time :176.6506189821183, rewards:-8.249445258246528, queue:0.4370659722222222, delay:0.029813954565260144, throughput:1454
step:3600/3600, q_loss:1.0993069410324097, rewards:-8.340000406901042, queue:0.42595486111111114, delay:0.02863481839497884, throughput:1454
episode:161/200, real avg travel time:175.5515818431912
Test step:161/200, travel time :175.906400550585, rewards:-8.28722195095486, queue:0.43203125, delay:0.028760194778442383, throughput:1453
step:3600/3600, q_loss:1.1095236539840698, rewards:-8.14444580078125, queue:0.4306423611111111, delay:0.028422204653422038, throughput:1453
episode:162/200, real avg travel time:175.68823124569855
Test step:162/200, travel time :175.56434962147281, rewards:-8.187501356336806, queue:0.43125, delay:0.028468269771999784, throughput:1453
step:3600/3600, q_loss:1.119519591331482, rewards:-8.246112738715278, queue:0.4269965277777778, delay:0.02803739441765679, throughput:1452
episode:163/200, real avg travel time:175.17217630853995
Test step:163/200, travel time :176.4331955922865, rewards:-8.108890109592014, queue:0.44427083333333334, delay:0.028705549240112305, throughput:1452
step:3600/3600, q_loss:1.11249577999115, rewards:-8.321944851345487, queue:0.4539930555555556, delay:0.029527314503987632, throughput:1454
episode:164/200, real avg travel time:176.8927097661623
Test step:164/200, travel time :175.61443298969073, rewards:-8.42388916015625, queue:0.4212673611111111, delay:0.027935944663153755, throughput:1455
step:3600/3600, q_loss:1.1344448328018188, rewards:-8.231667073567708, queue:0.4349826388888889, delay:0.028685731357998318, throughput:1452
episode:165/200, real avg travel time:176.22038567493112
Test step:165/200, travel time :176.5888429752066, rewards:-8.426112874348958, queue:0.43776041666666665, delay:0.029535664452446833, throughput:1452
step:3600/3600, q_loss:1.1413054466247559, rewards:-8.249444580078125, queue:0.4401041666666667, delay:0.028763612111409504, throughput:1450
episode:166/200, real avg travel time:176.18206896551723
Test step:166/200, travel time :175.5496551724138, rewards:-8.368333604600695, queue:0.4301215277777778, delay:0.02849250899420844, throughput:1450
step:3600/3600, q_loss:1.13034188747406, rewards:-8.440277777777778, queue:0.4513020833333333, delay:0.02974387804667155, throughput:1453
episode:167/200, real avg travel time:177.73296627666895
Test step:167/200, travel time :176.3337921541638, rewards:-8.233332655164931, queue:0.4401909722222222, delay:0.028794871436225042, throughput:1453
step:3600/3600, q_loss:1.12611985206604, rewards:-8.288890245225694, queue:0.45625, delay:0.029584881994459362, throughput:1453
episode:168/200, real avg travel time:177.26841018582243
Test step:168/200, travel time :174.41196698762036, rewards:-8.172500271267362, queue:0.4098090277777778, delay:0.027508176697625054, throughput:1454
step:3600/3600, q_loss:1.1346640586853027, rewards:-8.31638929578993, queue:0.4384548611111111, delay:0.028755381372239854, throughput:1450
episode:169/200, real avg travel time:176.25241379310344
Test step:169/200, travel time :175.5182632667126, rewards:-8.319722493489584, queue:0.4327256944444444, delay:0.028627083036634658, throughput:1451
step:3600/3600, q_loss:1.1457825899124146, rewards:-8.435557725694444, queue:0.43342013888888886, delay:0.02854352527194553, throughput:1453
episode:170/200, real avg travel time:175.3331039229181
Test step:170/200, travel time :176.32942798070297, rewards:-8.395000542534722, queue:0.44123263888888886, delay:0.028976101345486113, throughput:1451
step:3600/3600, q_loss:1.1440914869308472, rewards:-8.28083224826389, queue:0.4327256944444444, delay:0.028309430016411674, throughput:1455
episode:171/200, real avg travel time:175.88384879725086
Test step:171/200, travel time :174.59463179628355, rewards:-8.492777506510416, queue:0.41649305555555555, delay:0.02746673689948188, throughput:1453
step:3600/3600, q_loss:1.1446747779846191, rewards:-8.38666720920139, queue:0.4410590277777778, delay:0.02852808369530572, throughput:1454
episode:172/200, real avg travel time:176.3314993122421
Test step:172/200, travel time :176.35812672176309, rewards:-8.420000542534723, queue:0.43758680555555557, delay:0.028756536377800835, throughput:1452
step:3600/3600, q_loss:1.1664608716964722, rewards:-8.3125, queue:0.44522569444444443, delay:0.029605786005655926, throughput:1450
episode:173/200, real avg travel time:177.0248275862069
Test step:173/200, travel time :174.6933149552033, rewards:-8.326942952473958, queue:0.4192708333333333, delay:0.027781656053331164, throughput:1451
step:3600/3600, q_loss:1.176448941230774, rewards:-8.308055284288194, queue:0.43159722222222224, delay:0.028560924530029296, throughput:1453
episode:174/200, real avg travel time:175.71782518926358
Test step:174/200, travel time :177.06955922865015, rewards:-8.379999457465278, queue:0.44895833333333335, delay:0.02993823422325982, throughput:1452
step:3600/3600, q_loss:1.202929973602295, rewards:-8.455833604600695, queue:0.49583333333333335, delay:0.03038148350185818, throughput:1450
episode:175/200, real avg travel time:181.0510344827586
Test step:175/200, travel time :175.5089531680441, rewards:-8.446945529513888, queue:0.4209201388888889, delay:0.027814703517489964, throughput:1452
step:3600/3600, q_loss:1.2087905406951904, rewards:-8.272500271267361, queue:0.42916666666666664, delay:0.028694083955552844, throughput:1454
episode:176/200, real avg travel time:175.8356258596974
Test step:176/200, travel time :174.5786941580756, rewards:-8.317498779296875, queue:0.4092881944444444, delay:0.02765395376417372, throughput:1455
step:3600/3600, q_loss:1.195216417312622, rewards:-8.497500271267361, queue:0.43767361111111114, delay:0.0291467375225491, throughput:1451
episode:177/200, real avg travel time:176.5554789800138
Test step:177/200, travel time :176.28856749311294, rewards:-8.407223849826389, queue:0.43819444444444444, delay:0.029524201816982693, throughput:1452
step:3600/3600, q_loss:1.1849173307418823, rewards:-8.267500813802084, queue:0.4314236111111111, delay:0.028580268224080402, throughput:1451
episode:178/200, real avg travel time:175.71812543073742
Test step:178/200, travel time :175.22674017918678, rewards:-8.215000406901042, queue:0.42595486111111114, delay:0.028553989198472764, throughput:1451
step:3600/3600, q_loss:1.1984241008758545, rewards:-8.455833604600695, queue:0.4309895833333333, delay:0.02859443293677436, throughput:1450
episode:179/200, real avg travel time:176.06
Test step:179/200, travel time :175.8155540261528, rewards:-8.380277506510417, queue:0.4327256944444444, delay:0.028570662604437934, throughput:1453
step:3600/3600, q_loss:1.1966345310211182, rewards:-8.375278727213542, queue:0.4236979166666667, delay:0.027839101685418022, throughput:1455
episode:180/200, real avg travel time:175.29484536082475
Test step:180/200, travel time :174.63436426116837, rewards:-8.376666937934028, queue:0.4222222222222222, delay:0.028268159760369196, throughput:1455
step:3600/3600, q_loss:1.2060309648513794, rewards:-8.13027615017361, queue:0.4236111111111111, delay:0.028607458538479274, throughput:1449
episode:181/200, real avg travel time:175.03381642512076
Test step:181/200, travel time :176.44934527911784, rewards:-8.473334418402779, queue:0.44296875, delay:0.029227137565612793, throughput:1451
step:3600/3600, q_loss:1.1932272911071777, rewards:-8.28138902452257, queue:0.43741319444444443, delay:0.029129836294386122, throughput:1453
episode:182/200, real avg travel time:175.94769442532692
Test step:182/200, travel time :174.74673090158294, rewards:-8.262225341796874, queue:0.41519097222222223, delay:0.027584685219658747, throughput:1453
step:3600/3600, q_loss:1.1792781352996826, rewards:-8.225278049045139, queue:0.43776041666666665, delay:0.028732866711086696, throughput:1450
episode:183/200, real avg travel time:176.09310344827585
Test step:183/200, travel time :175.67011732229125, rewards:-8.332222493489583, queue:0.4283854166666667, delay:0.028417894575330945, throughput:1449
step:3600/3600, q_loss:1.1942769289016724, rewards:-8.241668023003472, queue:0.43680555555555556, delay:0.029272079467773438, throughput:1453
episode:184/200, real avg travel time:176.02271163110805
Test step:184/200, travel time :175.1858224363386, rewards:-8.402223036024306, queue:0.4253472222222222, delay:0.028277142842610677, throughput:1453
step:3600/3600, q_loss:1.195504903793335, rewards:-8.236945258246529, queue:0.43342013888888886, delay:0.02877364158630371, throughput:1453
episode:185/200, real avg travel time:175.87130075705437
Test step:185/200, travel time :174.5134205092911, rewards:-8.332500542534722, queue:0.4173611111111111, delay:0.027362208896213106, throughput:1453
step:3600/3600, q_loss:1.1843531131744385, rewards:-8.369166395399306, queue:0.41241319444444446, delay:0.027468779351976183, throughput:1454
episode:186/200, real avg travel time:174.0481430536451
Test step:186/200, travel time :175.280798348245, rewards:-8.247220865885417, queue:0.4244791666666667, delay:0.028550582461886936, throughput:1453
step:3600/3600, q_loss:1.1796609163284302, rewards:-8.406111653645834, queue:0.4418402777777778, delay:0.028619919882880318, throughput:1453
episode:187/200, real avg travel time:176.01995870612527
Test step:187/200, travel time :174.61485557083907, rewards:-8.325, queue:0.41354166666666664, delay:0.027659760581122503, throughput:1454
step:3600/3600, q_loss:1.15200936794281, rewards:-8.321110026041667, queue:0.42300347222222223, delay:0.028538325097825792, throughput:1452
episode:188/200, real avg travel time:174.92699724517905
Test step:188/200, travel time :175.13420509291123, rewards:-8.206110297309028, queue:0.4284722222222222, delay:0.028158058060540093, throughput:1453
step:3600/3600, q_loss:1.1428382396697998, rewards:-8.329999457465277, queue:0.42942708333333335, delay:0.02835259172651503, throughput:1454
episode:189/200, real avg travel time:175.74896836313619
Test step:189/200, travel time :173.73008241758242, rewards:-8.180278862847222, queue:0.40434027777777776, delay:0.02713926633199056, throughput:1456
step:3600/3600, q_loss:1.1291027069091797, rewards:-8.456666395399306, queue:0.4245659722222222, delay:0.02813648647732205, throughput:1453
episode:190/200, real avg travel time:175.24845147969717
Test step:190/200, travel time :174.83895388850655, rewards:-8.358889431423611, queue:0.4240451388888889, delay:0.02832791010538737, throughput:1453
step:3600/3600, q_loss:1.1145199537277222, rewards:-8.240001085069444, queue:0.4201388888888889, delay:0.02833167182074653, throughput:1452
episode:191/200, real avg travel time:174.8353994490358
Test step:191/200, travel time :173.4920744314266, rewards:-8.206389024522569, queue:0.39774305555555556, delay:0.027184247970581055, throughput:1451
step:3600/3600, q_loss:1.1091275215148926, rewards:-8.355833604600694, queue:0.41692708333333334, delay:0.027598789003160266, throughput:1453
episode:192/200, real avg travel time:174.6159669649002
Test step:192/200, travel time :175.09704060564349, rewards:-8.35777859157986, queue:0.4290798611111111, delay:0.027996712260776095, throughput:1453
step:3600/3600, q_loss:1.0977531671524048, rewards:-8.36527845594618, queue:0.41779513888888886, delay:0.027670031123691135, throughput:1453
episode:193/200, real avg travel time:174.87887130075705
Test step:193/200, travel time :174.22023399862354, rewards:-8.46277804904514, queue:0.4078125, delay:0.02734999656677246, throughput:1453
step:3600/3600, q_loss:1.106247067451477, rewards:-8.296666124131944, queue:0.42916666666666664, delay:0.02832904126909044, throughput:1452
episode:194/200, real avg travel time:175.66666666666666
Test step:194/200, travel time :173.4322092222987, rewards:-8.10749986436632, queue:0.39461805555555557, delay:0.027097532484266492, throughput:1453
step:3600/3600, q_loss:1.1036304235458374, rewards:-8.425001356336805, queue:0.4276041666666667, delay:0.02893811331854926, throughput:1451
episode:195/200, real avg travel time:175.5485871812543
Test step:195/200, travel time :174.11776859504133, rewards:-8.285278998480903, queue:0.4053819444444444, delay:0.027468691931830512, throughput:1452
step:3600/3600, q_loss:1.0991129875183105, rewards:-8.443888346354166, queue:0.43072916666666666, delay:0.02857970396677653, throughput:1453
episode:196/200, real avg travel time:175.73296627666895
Test step:196/200, travel time :174.75790921595598, rewards:-8.313334147135416, queue:0.41293402777777777, delay:0.027650401327345107, throughput:1454
step:3600/3600, q_loss:1.09190034866333, rewards:-8.317500813802083, queue:0.40850694444444446, delay:0.027778779135810006, throughput:1453
episode:197/200, real avg travel time:174.324156916724
Test step:197/200, travel time :175.12181693048865, rewards:-8.259723578559028, queue:0.4240451388888889, delay:0.02785052193535699, throughput:1453
step:3600/3600, q_loss:1.0823453664779663, rewards:-8.370555284288194, queue:0.4357638888888889, delay:0.028892164760165744, throughput:1454
episode:198/200, real avg travel time:176.22145804676754
Test step:198/200, travel time :174.3846153846154, rewards:-8.361665852864583, queue:0.4125, delay:0.027595138549804686, throughput:1456
step:3600/3600, q_loss:1.0853524208068848, rewards:-8.228055148654514, queue:0.42586805555555557, delay:0.028137842814127605, throughput:1453
episode:199/200, real avg travel time:175.55264969029594
Test step:199/200, travel time :173.8956043956044, rewards:-8.301389567057292, queue:0.39991319444444445, delay:0.02740007241566976, throughput:1456
Final Travel Time is 173.8956, mean rewards: -8.3014, queue: 0.3999, delay: 0.0274, throughput: 1456
Saved 1473 vehicle trip records to data/output_data/tsc/sumo_presslight/sumo4x4/m0_homo/logger/new_metrics.csv (ATT=173.90s, completion=98.8%)
Best-checkpoint Travel Time is 173.3551 (episode 109, source=test)
Saved 1473 vehicle trip records to data/output_data/tsc/sumo_presslight/sumo4x4/m0_homo/logger/new_metrics_best.csv (ATT=173.36s, completion=98.6%)
Total time taken: 10969.302706480026
