presslight	TRAIN	0	251.1	0.0	-13.86	1.49	0.06	1430
presslight	TEST	0	849.4	100.0	-226.53	14.03	0.16	449
presslight	TRAIN	1	256.0	0.0	-14.22	1.57	0.06	1429
presslight	TEST	1	849.4	100.0	-226.53	14.03	0.16	449
presslight	TRAIN	2	261.2	1.2	-18.03	1.94	0.08	1341
presslight	TEST	2	824.3	100.0	-195.41	14.48	0.16	443
presslight	TRAIN	3	713.1	2.8	-64.93	9.05	0.14	1076
presslight	TEST	3	732.2	100.0	-177.24	13.67	0.16	505
presslight	TRAIN	4	646.6	12.4	-49.33	8.45	0.15	1089
presslight	TEST	4	697.2	100.0	-107.81	12.97	0.16	599
presslight	TRAIN	5	597.7	23.0	-23.93	6.91	0.14	1223
presslight	TEST	5	672.9	100.0	-105.86	12.46	0.16	650
presslight	TRAIN	6	475.8	29.4	-15.43	4.78	0.13	1341
presslight	TEST	6	444.1	100.0	-21.34	7.61	0.14	986
presslight	TRAIN	7	389.9	31.5	-13.04	3.66	0.11	1344
presslight	TEST	7	461.8	100.0	-53.43	9.32	0.14	796
presslight	TRAIN	8	383.0	29.4	-16.03	3.44	0.11	1374
presslight	TEST	8	428.4	100.0	-39.38	6.85	0.13	1015
presslight	TRAIN	9	360.3	28.6	-12.06	3.07	0.10	1387
presslight	TEST	9	374.6	100.0	-27.26	5.81	0.12	1114
presslight	TRAIN	10	352.6	27.6	-14.27	2.86	0.10	1398
presslight	TEST	10	420.3	100.0	-49.65	6.97	0.13	1002
presslight	TRAIN	11	345.3	26.8	-11.12	2.92	0.10	1380
presslight	TEST	11	328.4	100.0	-9.58	3.00	0.10	1356
presslight	TRAIN	12	309.7	25.9	-9.30	2.39	0.10	1395
presslight	TEST	12	343.6	100.0	-11.21	3.83	0.11	1260
presslight	TRAIN	13	294.1	24.7	-9.79	2.26	0.09	1391
presslight	TEST	13	318.6	100.0	-12.04	3.11	0.11	1305
presslight	TRAIN	14	281.8	24.1	-8.70	2.03	0.09	1401
presslight	TEST	14	300.7	100.0	-9.08	2.61	0.10	1360
presslight	TRAIN	15	282.0	23.8	-8.55	1.88	0.09	1427
presslight	TEST	15	296.7	100.0	-8.76	2.38	0.09	1383
presslight	TRAIN	16	278.7	23.5	-10.20	1.98	0.08	1409
presslight	TEST	16	353.3	100.0	-29.29	5.57	0.11	1102
presslight	TRAIN	17	283.3	22.6	-10.36	1.92	0.08	1424
presslight	TEST	17	289.2	100.0	-14.15	2.61	0.09	1331
presslight	TRAIN	18	280.6	19.9	-11.71	1.90	0.08	1416
presslight	TEST	18	271.4	100.0	-8.65	1.92	0.09	1404
presslight	TRAIN	19	235.5	18.3	-8.70	1.27	0.07	1433
presslight	TEST	19	253.1	100.0	-11.23	1.72	0.08	1395
presslight	TRAIN	20	243.0	15.8	-9.53	1.34	0.07	1433
presslight	TEST	20	245.5	100.0	-10.25	1.46	0.07	1427
presslight	TRAIN	21	248.1	14.2	-11.42	1.43	0.07	1426
presslight	TEST	21	260.8	100.0	-9.68	1.70	0.08	1413
presslight	TRAIN	22	233.9	12.6	-9.23	1.31	0.07	1425
presslight	TEST	22	255.5	100.0	-9.79	1.55	0.08	1423
presslight	TRAIN	23	230.8	11.9	-8.79	1.19	0.07	1432
presslight	TEST	23	257.5	100.0	-10.16	2.22	0.07	1344
presslight	TRAIN	24	235.1	10.9	-9.50	1.26	0.06	1429
presslight	TEST	24	225.0	100.0	-8.26	1.17	0.06	1422
presslight	TRAIN	25	214.8	9.8	-8.83	1.00	0.06	1438
presslight	TEST	25	222.8	100.0	-8.79	1.09	0.06	1435
presslight	TRAIN	26	216.7	9.2	-8.93	1.03	0.06	1436
presslight	TEST	26	229.2	100.0	-12.50	1.37	0.06	1404
presslight	TRAIN	27	205.3	8.6	-8.58	0.88	0.05	1439
presslight	TEST	27	208.3	100.0	-8.57	0.92	0.05	1440
presslight	TRAIN	28	208.0	8.1	-8.43	0.90	0.05	1443
presslight	TEST	28	209.3	100.0	-8.46	0.93	0.06	1441
presslight	TRAIN	29	206.9	7.6	-8.94	0.86	0.05	1444
presslight	TEST	29	200.4	100.0	-8.46	0.78	0.05	1446
presslight	TRAIN	30	198.8	7.3	-8.30	0.76	0.05	1443
presslight	TEST	30	197.4	100.0	-8.24	0.74	0.05	1445
presslight	TRAIN	31	196.8	7.0	-8.21	0.73	0.05	1449
presslight	TEST	31	202.6	100.0	-8.52	0.81	0.05	1447
presslight	TRAIN	32	199.0	6.4	-8.31	0.76	0.05	1446
presslight	TEST	32	195.9	100.0	-8.41	0.72	0.05	1444
presslight	TRAIN	33	212.2	5.8	-10.26	0.93	0.05	1450
presslight	TEST	33	223.7	100.0	-8.49	1.07	0.05	1448
presslight	TRAIN	34	193.4	5.6	-8.47	0.69	0.04	1448
presslight	TEST	34	191.1	100.0	-8.32	0.64	0.04	1450
presslight	TRAIN	35	190.8	5.3	-8.46	0.64	0.04	1448
presslight	TEST	35	193.3	100.0	-8.15	0.69	0.04	1448
presslight	TRAIN	36	190.5	4.8	-8.46	0.65	0.04	1449
presslight	TEST	36	189.3	100.0	-8.11	0.62	0.04	1452
presslight	TRAIN	37	192.8	4.6	-8.72	0.67	0.04	1448
presslight	TEST	37	188.8	100.0	-8.36	0.62	0.04	1448
presslight	TRAIN	38	186.3	4.3	-8.29	0.59	0.04	1448
presslight	TEST	38	190.0	100.0	-9.44	0.64	0.04	1449
presslight	TRAIN	39	187.4	3.8	-8.51	0.61	0.04	1448
presslight	TEST	39	185.4	100.0	-8.43	0.58	0.04	1447
presslight	TRAIN	40	187.6	3.6	-8.54	0.60	0.04	1449
presslight	TEST	40	187.3	100.0	-8.45	0.60	0.04	1449
presslight	TRAIN	41	186.2	3.3	-8.47	0.58	0.04	1448
presslight	TEST	41	186.3	100.0	-8.57	0.58	0.04	1451
presslight	TRAIN	42	184.8	3.1	-8.45	0.56	0.04	1452
presslight	TEST	42	186.4	100.0	-8.43	0.59	0.04	1450
presslight	TRAIN	43	184.4	2.8	-8.71	0.56	0.04	1450
presslight	TEST	43	182.8	100.0	-8.40	0.53	0.04	1449
presslight	TRAIN	44	183.1	2.6	-8.35	0.53	0.04	1452
presslight	TEST	44	183.1	100.0	-8.41	0.54	0.04	1449
presslight	TRAIN	45	182.7	2.6	-8.31	0.53	0.04	1448
presslight	TEST	45	183.9	100.0	-8.23	0.54	0.04	1448
presslight	TRAIN	46	185.4	2.4	-8.45	0.56	0.04	1448
presslight	TEST	46	186.2	100.0	-8.24	0.57	0.04	1450
presslight	TRAIN	47	184.6	2.3	-8.31	0.55	0.04	1451
presslight	TEST	47	185.6	100.0	-8.41	0.56	0.04	1451
presslight	TRAIN	48	182.2	2.1	-8.28	0.52	0.04	1451
presslight	TEST	48	183.0	100.0	-8.28	0.53	0.04	1454
presslight	TRAIN	49	181.6	2.0	-8.36	0.51	0.03	1453
presslight	TEST	49	182.1	100.0	-8.43	0.52	0.04	1450
presslight	TRAIN	50	183.9	1.9	-8.33	0.54	0.04	1448
presslight	TEST	50	180.2	100.0	-8.31	0.49	0.03	1452
presslight	TRAIN	51	181.1	1.8	-8.65	0.51	0.03	1452
presslight	TEST	51	178.4	100.0	-8.26	0.47	0.03	1451
presslight	TRAIN	52	180.1	1.6	-8.48	0.49	0.03	1451
presslight	TEST	52	180.0	100.0	-8.52	0.49	0.03	1452
presslight	TRAIN	53	179.3	1.6	-8.56	0.48	0.03	1452
presslight	TEST	53	185.1	100.0	-8.54	0.56	0.04	1450
presslight	TRAIN	54	181.1	1.5	-8.51	0.51	0.03	1452
presslight	TEST	54	181.6	100.0	-8.54	0.51	0.03	1454
presslight	TRAIN	55	181.0	1.5	-8.63	0.50	0.03	1453
presslight	TEST	55	179.3	100.0	-8.21	0.48	0.03	1453
presslight	TRAIN	56	179.3	1.5	-8.49	0.48	0.03	1451
presslight	TEST	56	178.9	100.0	-8.19	0.47	0.03	1452
presslight	TRAIN	57	178.8	1.5	-8.38	0.48	0.03	1452
presslight	TEST	57	177.7	100.0	-8.31	0.46	0.03	1450
presslight	TRAIN	58	179.3	1.5	-8.34	0.49	0.03	1451
presslight	TEST	58	178.4	100.0	-8.50	0.47	0.03	1452
presslight	TRAIN	59	178.3	1.5	-8.41	0.47	0.03	1448
presslight	TEST	59	178.8	100.0	-8.57	0.48	0.03	1453
presslight	TRAIN	60	180.0	1.5	-8.52	0.49	0.03	1451
presslight	TEST	60	178.3	100.0	-8.41	0.47	0.03	1453
presslight	TRAIN	61	179.2	1.5	-8.59	0.49	0.03	1453
presslight	TEST	61	177.7	100.0	-8.28	0.46	0.03	1452
presslight	TRAIN	62	179.4	1.5	-8.45	0.48	0.03	1452
presslight	TEST	62	177.6	100.0	-8.66	0.46	0.03	1453
presslight	TRAIN	63	178.3	1.5	-8.65	0.47	0.03	1451
presslight	TEST	63	177.3	100.0	-8.63	0.45	0.03	1453
presslight	TRAIN	64	184.1	1.4	-8.64	0.55	0.03	1452
presslight	TEST	64	178.5	100.0	-8.51	0.47	0.03	1451
presslight	TRAIN	65	178.0	1.4	-8.46	0.47	0.03	1451
presslight	TEST	65	180.0	100.0	-8.78	0.50	0.03	1452
presslight	TRAIN	66	178.0	1.4	-8.76	0.47	0.03	1453
presslight	TEST	66	176.8	100.0	-8.25	0.44	0.03	1450
presslight	TRAIN	67	179.4	1.4	-8.54	0.49	0.03	1453
presslight	TEST	67	177.3	100.0	-8.66	0.46	0.03	1452
presslight	TRAIN	68	177.9	1.4	-8.46	0.46	0.03	1450
presslight	TEST	68	177.9	100.0	-8.48	0.48	0.03	1453
presslight	TRAIN	69	176.1	1.4	-8.51	0.44	0.03	1449
presslight	TEST	69	177.3	100.0	-8.51	0.46	0.03	1450
presslight	TRAIN	70	178.0	1.4	-8.48	0.47	0.03	1453
presslight	TEST	70	202.9	100.0	-14.56	1.41	0.04	1367
presslight	TRAIN	71	178.1	1.4	-8.35	0.47	0.03	1453
presslight	TEST	71	178.1	100.0	-8.36	0.47	0.03	1453
presslight	TRAIN	72	177.8	1.4	-8.46	0.47	0.03	1453
presslight	TEST	72	176.0	100.0	-8.47	0.44	0.03	1451
presslight	TRAIN	73	176.4	1.4	-8.37	0.45	0.03	1451
presslight	TEST	73	176.8	100.0	-8.37	0.46	0.03	1450
presslight	TRAIN	74	176.2	1.4	-8.35	0.45	0.03	1455
presslight	TEST	74	176.6	100.0	-8.58	0.45	0.03	1451
presslight	TRAIN	75	177.0	1.4	-8.50	0.45	0.03	1453
presslight	TEST	75	177.4	100.0	-8.38	0.46	0.03	1455
presslight	TRAIN	76	176.9	1.4	-8.44	0.45	0.03	1454
presslight	TEST	76	175.2	100.0	-8.20	0.42	0.03	1451
presslight	TRAIN	77	177.9	1.4	-8.39	0.47	0.03	1452
presslight	TEST	77	176.8	100.0	-8.41	0.45	0.03	1452
presslight	TRAIN	78	174.9	1.4	-8.34	0.43	0.03	1451
presslight	TEST	78	177.7	100.0	-8.33	0.46	0.03	1452
presslight	TRAIN	79	176.4	1.4	-8.24	0.45	0.03	1455
presslight	TEST	79	178.4	100.0	-8.55	0.47	0.03	1452
presslight	TRAIN	80	177.7	1.4	-8.36	0.46	0.03	1453
presslight	TEST	80	176.3	100.0	-8.36	0.45	0.03	1454
presslight	TRAIN	81	176.2	1.4	-8.44	0.44	0.03	1453
presslight	TEST	81	176.7	100.0	-8.48	0.45	0.03	1453
presslight	TRAIN	82	176.6	1.3	-8.54	0.45	0.03	1452
presslight	TEST	82	176.6	100.0	-8.30	0.44	0.03	1453
presslight	TRAIN	83	176.8	1.3	-8.49	0.45	0.03	1452
presslight	TEST	83	176.3	100.0	-8.49	0.44	0.03	1452
presslight	TRAIN	84	176.1	1.3	-8.46	0.44	0.03	1453
presslight	TEST	84	178.4	100.0	-8.23	0.47	0.03	1451
presslight	TRAIN	85	177.3	1.3	-8.42	0.46	0.03	1453
presslight	TEST	85	179.0	100.0	-8.61	0.48	0.03	1452
presslight	TRAIN	86	177.3	1.3	-8.49	0.46	0.03	1451
presslight	TEST	86	175.9	100.0	-8.41	0.44	0.03	1454
presslight	TRAIN	87	176.7	1.3	-8.54	0.44	0.03	1454
presslight	TEST	87	176.2	100.0	-8.48	0.44	0.03	1452
presslight	TRAIN	88	176.2	1.3	-8.45	0.44	0.03	1451
presslight	TEST	88	177.4	100.0	-8.61	0.46	0.03	1452
presslight	TRAIN	89	176.2	1.3	-8.52	0.45	0.03	1452
presslight	TEST	89	175.3	100.0	-8.53	0.43	0.03	1454
presslight	TRAIN	90	176.4	1.2	-8.32	0.45	0.03	1451
presslight	TEST	90	175.9	100.0	-8.47	0.43	0.03	1453
presslight	TRAIN	91	177.1	1.2	-8.51	0.46	0.03	1452
presslight	TEST	91	176.6	100.0	-8.70	0.45	0.03	1451
presslight	TRAIN	92	175.9	1.2	-8.45	0.44	0.03	1451
presslight	TEST	92	176.2	100.0	-8.52	0.44	0.03	1452
presslight	TRAIN	93	175.9	1.2	-8.42	0.43	0.03	1453
presslight	TEST	93	175.4	100.0	-8.46	0.43	0.03	1453
presslight	TRAIN	94	176.2	1.2	-8.52	0.45	0.03	1452
presslight	TEST	94	175.6	100.0	-8.62	0.43	0.03	1453
presslight	TRAIN	95	175.9	1.2	-8.32	0.43	0.03	1452
presslight	TEST	95	175.9	100.0	-8.37	0.44	0.03	1452
presslight	TRAIN	96	176.1	1.2	-8.66	0.44	0.03	1454
presslight	TEST	96	175.4	100.0	-8.56	0.43	0.03	1454
presslight	TRAIN	97	176.4	1.2	-8.48	0.44	0.03	1452
presslight	TEST	97	175.4	100.0	-8.32	0.43	0.03	1455
presslight	TRAIN	98	176.2	1.2	-8.44	0.44	0.03	1452
presslight	TEST	98	175.5	100.0	-8.62	0.43	0.03	1452
presslight	TRAIN	99	176.3	1.2	-8.33	0.44	0.03	1454
presslight	TEST	99	175.5	100.0	-8.56	0.42	0.03	1451
presslight	TRAIN	100	174.3	1.2	-8.48	0.42	0.03	1453
presslight	TEST	100	175.1	100.0	-8.48	0.41	0.03	1452
presslight	TRAIN	101	175.6	1.2	-8.38	0.43	0.03	1453
presslight	TEST	101	175.2	100.0	-8.65	0.42	0.03	1453
presslight	TRAIN	102	174.6	1.2	-8.40	0.42	0.03	1454
presslight	TEST	102	175.8	100.0	-8.51	0.43	0.03	1453
presslight	TRAIN	103	176.2	1.2	-8.41	0.44	0.03	1455
presslight	TEST	103	174.6	100.0	-8.26	0.42	0.03	1455
presslight	TRAIN	104	177.1	1.2	-8.69	0.45	0.03	1454
presslight	TEST	104	175.5	100.0	-8.42	0.43	0.03	1454
presslight	TRAIN	105	176.7	1.2	-8.58	0.44	0.03	1453
presslight	TEST	105	174.8	100.0	-8.41	0.42	0.03	1455
presslight	TRAIN	106	174.8	1.2	-8.32	0.41	0.03	1454
presslight	TEST	106	176.2	100.0	-8.53	0.44	0.03	1451
presslight	TRAIN	107	175.9	1.2	-8.57	0.43	0.03	1453
presslight	TEST	107	173.7	100.0	-8.35	0.41	0.03	1453
presslight	TRAIN	108	175.1	1.2	-8.40	0.42	0.03	1454
presslight	TEST	108	175.8	100.0	-8.37	0.43	0.03	1454
presslight	TRAIN	109	175.6	1.1	-8.54	0.42	0.03	1454
presslight	TEST	109	173.4	100.0	-8.30	0.40	0.03	1453
presslight	TRAIN	110	174.3	1.1	-8.25	0.41	0.03	1454
presslight	TEST	110	175.1	100.0	-8.50	0.42	0.03	1452
presslight	TRAIN	111	176.2	1.1	-8.38	0.44	0.03	1453
presslight	TEST	111	175.3	100.0	-8.44	0.42	0.03	1452
presslight	TRAIN	112	175.7	1.1	-8.56	0.44	0.03	1452
presslight	TEST	112	175.4	100.0	-8.39	0.42	0.03	1451
presslight	TRAIN	113	176.4	1.1	-8.46	0.44	0.03	1452
presslight	TEST	113	175.8	100.0	-8.38	0.43	0.03	1452
presslight	TRAIN	114	175.1	1.1	-8.47	0.42	0.03	1452
presslight	TEST	114	175.6	100.0	-8.62	0.43	0.03	1454
presslight	TRAIN	115	176.2	1.1	-8.57	0.44	0.03	1451
presslight	TEST	115	176.4	100.0	-8.33	0.44	0.03	1456
presslight	TRAIN	116	175.2	1.1	-8.39	0.42	0.03	1454
presslight	TEST	116	176.0	100.0	-8.32	0.43	0.03	1452
presslight	TRAIN	117	176.4	1.1	-8.45	0.44	0.03	1453
presslight	TEST	117	177.5	100.0	-8.60	0.45	0.03	1451
presslight	TRAIN	118	174.9	1.1	-8.27	0.42	0.03	1455
presslight	TEST	118	176.5	100.0	-8.63	0.44	0.03	1451
presslight	TRAIN	119	175.3	1.1	-8.39	0.42	0.03	1454
presslight	TEST	119	174.5	100.0	-8.34	0.42	0.03	1451
presslight	TRAIN	120	175.9	1.1	-8.35	0.43	0.03	1451
presslight	TEST	120	174.6	100.0	-8.31	0.41	0.03	1452
presslight	TRAIN	121	177.0	1.1	-8.55	0.45	0.03	1450
presslight	TEST	121	175.7	100.0	-8.38	0.42	0.03	1450
presslight	TRAIN	122	175.9	1.1	-8.32	0.44	0.03	1454
presslight	TEST	122	174.0	100.0	-8.23	0.41	0.03	1454
presslight	TRAIN	123	175.3	1.1	-8.27	0.42	0.03	1454
presslight	TEST	123	176.2	100.0	-8.38	0.44	0.03	1450
presslight	TRAIN	124	175.6	1.1	-8.28	0.43	0.03	1452
presslight	TEST	124	175.2	100.0	-8.36	0.42	0.03	1454
presslight	TRAIN	125	177.8	1.2	-8.39	0.46	0.03	1451
presslight	TEST	125	174.6	100.0	-8.26	0.41	0.03	1454
presslight	TRAIN	126	175.6	1.2	-8.32	0.44	0.03	1451
presslight	TEST	126	175.6	100.0	-8.41	0.44	0.03	1455
presslight	TRAIN	127	176.0	1.2	-8.42	0.43	0.03	1453
presslight	TEST	127	175.1	100.0	-8.15	0.42	0.03	1452
presslight	TRAIN	128	174.8	1.1	-8.25	0.43	0.03	1451
presslight	TEST	128	175.2	100.0	-8.49	0.43	0.03	1452
presslight	TRAIN	129	173.9	1.1	-8.20	0.41	0.03	1454
presslight	TEST	129	174.4	100.0	-8.44	0.42	0.03	1452
presslight	TRAIN	130	174.1	1.1	-8.26	0.41	0.03	1452
presslight	TEST	130	174.7	100.0	-8.28	0.42	0.03	1454
presslight	TRAIN	131	174.9	1.1	-8.23	0.43	0.03	1455
presslight	TEST	131	176.0	100.0	-8.30	0.43	0.03	1453
presslight	TRAIN	132	176.4	1.1	-8.33	0.45	0.03	1452
presslight	TEST	132	175.7	100.0	-8.33	0.44	0.03	1452
presslight	TRAIN	133	175.1	1.1	-8.18	0.43	0.03	1452
presslight	TEST	133	175.0	100.0	-8.30	0.42	0.03	1454
presslight	TRAIN	134	176.0	1.1	-8.43	0.44	0.03	1455
presslight	TEST	134	174.3	100.0	-8.30	0.42	0.03	1454
presslight	TRAIN	135	175.4	1.1	-8.31	0.43	0.03	1455
presslight	TEST	135	176.1	100.0	-8.30	0.44	0.03	1456
presslight	TRAIN	136	175.1	1.1	-8.35	0.43	0.03	1454
presslight	TEST	136	175.8	100.0	-8.30	0.43	0.03	1452
presslight	TRAIN	137	177.1	1.1	-8.35	0.45	0.03	1454
presslight	TEST	137	175.8	100.0	-8.30	0.44	0.03	1454
presslight	TRAIN	138	177.5	1.1	-8.31	0.46	0.03	1450
presslight	TEST	138	176.9	100.0	-8.32	0.44	0.03	1453
presslight	TRAIN	139	177.8	1.1	-8.51	0.47	0.03	1452
presslight	TEST	139	176.4	100.0	-8.33	0.45	0.03	1454
presslight	TRAIN	140	178.6	1.1	-8.35	0.47	0.03	1452
presslight	TEST	140	181.5	100.0	-8.51	0.50	0.03	1455
presslight	TRAIN	141	176.9	1.1	-8.40	0.45	0.03	1454
presslight	TEST	141	175.2	100.0	-8.29	0.43	0.03	1455
presslight	TRAIN	142	174.8	1.1	-8.17	0.43	0.03	1451
presslight	TEST	142	174.8	100.0	-8.46	0.42	0.03	1455
presslight	TRAIN	143	177.4	1.1	-8.42	0.46	0.03	1453
presslight	TEST	143	180.9	100.0	-8.37	0.51	0.03	1454
presslight	TRAIN	144	176.0	1.1	-8.29	0.44	0.03	1455
presslight	TEST	144	176.7	100.0	-8.38	0.44	0.03	1455
presslight	TRAIN	145	175.7	1.1	-8.36	0.44	0.03	1454
presslight	TEST	145	174.8	100.0	-8.23	0.43	0.03	1452
presslight	TRAIN	146	175.5	1.1	-8.23	0.44	0.03	1453
presslight	TEST	146	175.0	100.0	-8.33	0.43	0.03	1452
presslight	TRAIN	147	175.2	1.1	-8.39	0.42	0.03	1453
presslight	TEST	147	176.0	100.0	-8.41	0.43	0.03	1455
presslight	TRAIN	148	175.7	1.1	-8.12	0.43	0.03	1453
presslight	TEST	148	173.8	100.0	-8.26	0.41	0.03	1454
presslight	TRAIN	149	177.2	1.1	-8.30	0.45	0.03	1453
presslight	TEST	149	175.5	100.0	-8.31	0.43	0.03	1452
presslight	TRAIN	150	175.2	1.1	-8.32	0.43	0.03	1455
presslight	TEST	150	175.6	100.0	-8.46	0.44	0.03	1452
presslight	TRAIN	151	174.5	1.1	-8.22	0.43	0.03	1451
presslight	TEST	151	176.1	100.0	-8.29	0.44	0.03	1451
presslight	TRAIN	152	175.6	1.1	-8.38	0.43	0.03	1450
presslight	TEST	152	175.2	100.0	-8.34	0.43	0.03	1451
presslight	TRAIN	153	175.1	1.1	-8.41	0.43	0.03	1452
presslight	TEST	153	174.7	100.0	-8.27	0.42	0.03	1452
presslight	TRAIN	154	176.3	1.1	-8.37	0.44	0.03	1451
presslight	TEST	154	175.4	100.0	-8.31	0.42	0.03	1454
presslight	TRAIN	155	175.2	1.1	-8.39	0.43	0.03	1452
presslight	TEST	155	175.3	100.0	-8.36	0.43	0.03	1455
presslight	TRAIN	156	175.4	1.1	-8.15	0.42	0.03	1455
presslight	TEST	156	175.0	100.0	-8.38	0.43	0.03	1451
presslight	TRAIN	157	174.8	1.1	-8.33	0.42	0.03	1450
presslight	TEST	157	175.6	100.0	-8.16	0.43	0.03	1450
presslight	TRAIN	158	175.6	1.1	-8.38	0.43	0.03	1450
presslight	TEST	158	175.9	100.0	-8.16	0.43	0.03	1451
presslight	TRAIN	159	175.2	1.1	-8.22	0.42	0.03	1454
presslight	TEST	159	174.2	100.0	-8.14	0.41	0.03	1454
presslight	TRAIN	160	176.2	1.1	-8.21	0.43	0.03	1452
presslight	TEST	160	176.7	100.0	-8.25	0.44	0.03	1454
presslight	TRAIN	161	175.6	1.1	-8.34	0.43	0.03	1454
presslight	TEST	161	175.9	100.0	-8.29	0.43	0.03	1453
presslight	TRAIN	162	175.7	1.1	-8.14	0.43	0.03	1453
presslight	TEST	162	175.6	100.0	-8.19	0.43	0.03	1453
presslight	TRAIN	163	175.2	1.1	-8.25	0.43	0.03	1452
presslight	TEST	163	176.4	100.0	-8.11	0.44	0.03	1452
presslight	TRAIN	164	176.9	1.1	-8.32	0.45	0.03	1454
presslight	TEST	164	175.6	100.0	-8.42	0.42	0.03	1455
presslight	TRAIN	165	176.2	1.1	-8.23	0.43	0.03	1452
presslight	TEST	165	176.6	100.0	-8.43	0.44	0.03	1452
presslight	TRAIN	166	176.2	1.1	-8.25	0.44	0.03	1450
presslight	TEST	166	175.5	100.0	-8.37	0.43	0.03	1450
presslight	TRAIN	167	177.7	1.1	-8.44	0.45	0.03	1453
presslight	TEST	167	176.3	100.0	-8.23	0.44	0.03	1453
presslight	TRAIN	168	177.3	1.1	-8.29	0.46	0.03	1453
presslight	TEST	168	174.4	100.0	-8.17	0.41	0.03	1454
presslight	TRAIN	169	176.3	1.1	-8.32	0.44	0.03	1450
presslight	TEST	169	175.5	100.0	-8.32	0.43	0.03	1451
presslight	TRAIN	170	175.3	1.1	-8.44	0.43	0.03	1453
presslight	TEST	170	176.3	100.0	-8.40	0.44	0.03	1451
presslight	TRAIN	171	175.9	1.1	-8.28	0.43	0.03	1455
presslight	TEST	171	174.6	100.0	-8.49	0.42	0.03	1453
presslight	TRAIN	172	176.3	1.1	-8.39	0.44	0.03	1454
presslight	TEST	172	176.4	100.0	-8.42	0.44	0.03	1452
presslight	TRAIN	173	177.0	1.2	-8.31	0.45	0.03	1450
presslight	TEST	173	174.7	100.0	-8.33	0.42	0.03	1451
presslight	TRAIN	174	175.7	1.2	-8.31	0.43	0.03	1453
presslight	TEST	174	177.1	100.0	-8.38	0.45	0.03	1452
presslight	TRAIN	175	181.1	1.2	-8.46	0.50	0.03	1450
presslight	TEST	175	175.5	100.0	-8.45	0.42	0.03	1452
presslight	TRAIN	176	175.8	1.2	-8.27	0.43	0.03	1454
presslight	TEST	176	174.6	100.0	-8.32	0.41	0.03	1455
presslight	TRAIN	177	176.6	1.2	-8.50	0.44	0.03	1451
presslight	TEST	177	176.3	100.0	-8.41	0.44	0.03	1452
presslight	TRAIN	178	175.7	1.2	-8.27	0.43	0.03	1451
presslight	TEST	178	175.2	100.0	-8.22	0.43	0.03	1451
presslight	TRAIN	179	176.1	1.2	-8.46	0.43	0.03	1450
presslight	TEST	179	175.8	100.0	-8.38	0.43	0.03	1453
presslight	TRAIN	180	175.3	1.2	-8.38	0.42	0.03	1455
presslight	TEST	180	174.6	100.0	-8.38	0.42	0.03	1455
presslight	TRAIN	181	175.0	1.2	-8.13	0.42	0.03	1449
presslight	TEST	181	176.4	100.0	-8.47	0.44	0.03	1451
presslight	TRAIN	182	175.9	1.2	-8.28	0.44	0.03	1453
presslight	TEST	182	174.7	100.0	-8.26	0.42	0.03	1453
presslight	TRAIN	183	176.1	1.2	-8.23	0.44	0.03	1450
presslight	TEST	183	175.7	100.0	-8.33	0.43	0.03	1449
presslight	TRAIN	184	176.0	1.2	-8.24	0.44	0.03	1453
presslight	TEST	184	175.2	100.0	-8.40	0.43	0.03	1453
presslight	TRAIN	185	175.9	1.2	-8.24	0.43	0.03	1453
presslight	TEST	185	174.5	100.0	-8.33	0.42	0.03	1453
presslight	TRAIN	186	174.0	1.2	-8.37	0.41	0.03	1454
presslight	TEST	186	175.3	100.0	-8.25	0.42	0.03	1453
presslight	TRAIN	187	176.0	1.2	-8.41	0.44	0.03	1453
presslight	TEST	187	174.6	100.0	-8.32	0.41	0.03	1454
presslight	TRAIN	188	174.9	1.2	-8.32	0.42	0.03	1452
presslight	TEST	188	175.1	100.0	-8.21	0.43	0.03	1453
presslight	TRAIN	189	175.7	1.1	-8.33	0.43	0.03	1454
presslight	TEST	189	173.7	100.0	-8.18	0.40	0.03	1456
presslight	TRAIN	190	175.2	1.1	-8.46	0.42	0.03	1453
presslight	TEST	190	174.8	100.0	-8.36	0.42	0.03	1453
presslight	TRAIN	191	174.8	1.1	-8.24	0.42	0.03	1452
presslight	TEST	191	173.5	100.0	-8.21	0.40	0.03	1451
presslight	TRAIN	192	174.6	1.1	-8.36	0.42	0.03	1453
presslight	TEST	192	175.1	100.0	-8.36	0.43	0.03	1453
presslight	TRAIN	193	174.9	1.1	-8.37	0.42	0.03	1453
presslight	TEST	193	174.2	100.0	-8.46	0.41	0.03	1453
presslight	TRAIN	194	175.7	1.1	-8.30	0.43	0.03	1452
presslight	TEST	194	173.4	100.0	-8.11	0.39	0.03	1453
presslight	TRAIN	195	175.5	1.1	-8.43	0.43	0.03	1451
presslight	TEST	195	174.1	100.0	-8.29	0.41	0.03	1452
presslight	TRAIN	196	175.7	1.1	-8.44	0.43	0.03	1453
presslight	TEST	196	174.8	100.0	-8.31	0.41	0.03	1454
presslight	TRAIN	197	174.3	1.1	-8.32	0.41	0.03	1453
presslight	TEST	197	175.1	100.0	-8.26	0.42	0.03	1453
presslight	TRAIN	198	176.2	1.1	-8.37	0.44	0.03	1454
presslight	TEST	198	174.4	100.0	-8.36	0.41	0.03	1456
presslight	TRAIN	199	175.6	1.1	-8.23	0.43	0.03	1453
presslight	TEST	199	173.9	100.0	-8.30	0.40	0.03	1456
