presslight	TRAIN	0	292.4	0.0	-15.65	1.80	0.07	1427
presslight	TEST	0	897.9	100.0	-272.98	15.10	0.17	399
presslight	TRAIN	1	300.3	0.0	-16.51	1.90	0.07	1421
presslight	TEST	1	897.9	100.0	-272.98	15.10	0.17	399
presslight	TRAIN	2	306.0	1.5	-20.75	2.32	0.08	1327
presslight	TEST	2	840.5	100.0	-226.33	14.91	0.17	424
presslight	TRAIN	3	720.3	3.0	-78.66	9.58	0.15	961
presslight	TEST	3	828.1	100.0	-194.32	14.68	0.17	446
presslight	TRAIN	4	783.6	11.8	-53.03	10.68	0.15	921
presslight	TEST	4	740.9	100.0	-188.64	13.57	0.16	509
presslight	TRAIN	5	634.6	21.1	-57.07	6.85	0.14	1217
presslight	TEST	5	812.8	100.0	-181.34	14.12	0.16	497
presslight	TRAIN	6	621.6	27.2	-49.28	8.59	0.15	1020
presslight	TEST	6	650.5	100.0	-91.41	11.16	0.16	744
presslight	TRAIN	7	567.2	31.2	-25.14	7.32	0.14	1134
presslight	TEST	7	569.0	100.0	-89.94	11.20	0.15	682
presslight	TRAIN	8	546.3	33.1	-16.74	5.52	0.13	1290
presslight	TEST	8	516.0	100.0	-75.42	8.67	0.14	892
presslight	TRAIN	9	412.7	32.3	-13.77	3.69	0.12	1350
presslight	TEST	9	514.2	100.0	-46.76	9.14	0.14	846
presslight	TRAIN	10	432.9	31.1	-13.90	4.24	0.11	1317
presslight	TEST	10	484.9	100.0	-35.97	7.61	0.13	992
presslight	TRAIN	11	393.1	29.3	-15.45	3.57	0.11	1325
presslight	TEST	11	458.9	100.0	-52.30	8.87	0.13	831
presslight	TRAIN	12	378.8	27.3	-10.69	3.17	0.10	1371
presslight	TEST	12	482.8	100.0	-44.14	7.48	0.13	970
presslight	TRAIN	13	343.3	27.1	-10.39	2.65	0.10	1389
presslight	TEST	13	390.4	100.0	-10.71	4.55	0.12	1208
presslight	TRAIN	14	338.5	25.8	-9.65	2.57	0.10	1398
presslight	TEST	14	372.7	100.0	-18.76	4.86	0.12	1150
presslight	TRAIN	15	308.2	24.7	-9.96	2.19	0.10	1389
presslight	TEST	15	354.8	100.0	-28.50	3.53	0.11	1300
presslight	TRAIN	16	313.0	23.9	-9.49	2.15	0.10	1403
presslight	TEST	16	413.3	100.0	-58.57	6.64	0.12	1027
presslight	TRAIN	17	308.7	22.7	-10.86	2.11	0.09	1411
presslight	TEST	17	384.3	100.0	-42.36	6.08	0.12	1040
presslight	TRAIN	18	343.2	21.1	-13.68	2.61	0.09	1381
presslight	TEST	18	424.0	100.0	-59.78	7.59	0.13	925
presslight	TRAIN	19	315.7	20.1	-11.95	2.27	0.09	1402
presslight	TEST	19	345.5	100.0	-33.54	4.10	0.10	1216
presslight	TRAIN	20	315.3	19.5	-9.65	2.23	0.09	1406
presslight	TEST	20	333.0	100.0	-11.57	4.59	0.10	1168
presslight	TRAIN	21	314.5	18.0	-10.08	2.20	0.09	1405
presslight	TEST	21	327.9	100.0	-9.60	2.59	0.09	1364
presslight	TRAIN	22	296.6	16.4	-10.10	1.94	0.09	1422
presslight	TEST	22	348.0	100.0	-40.14	4.25	0.10	1199
presslight	TRAIN	23	291.9	15.6	-9.98	1.93	0.09	1405
presslight	TEST	23	301.7	100.0	-22.10	2.82	0.09	1315
presslight	TRAIN	24	289.2	14.6	-9.96	1.86	0.08	1408
presslight	TEST	24	308.4	100.0	-18.71	3.28	0.09	1282
presslight	TRAIN	25	268.4	13.5	-8.83	1.56	0.08	1425
presslight	TEST	25	307.6	100.0	-10.17	2.48	0.09	1349
presslight	TRAIN	26	264.9	12.5	-8.95	1.46	0.07	1434
presslight	TEST	26	274.2	100.0	-9.38	1.81	0.08	1397
presslight	TRAIN	27	243.0	11.7	-8.92	1.19	0.06	1433
presslight	TEST	27	284.3	100.0	-24.85	3.48	0.08	1214
presslight	TRAIN	28	245.8	11.2	-9.69	1.20	0.06	1442
presslight	TEST	28	244.3	100.0	-8.96	1.28	0.06	1419
presslight	TRAIN	29	231.2	10.8	-8.78	1.02	0.06	1440
presslight	TEST	29	292.1	100.0	-21.24	3.57	0.08	1209
presslight	TRAIN	30	234.5	10.2	-8.78	1.06	0.06	1440
presslight	TEST	30	251.7	100.0	-10.06	1.39	0.06	1413
presslight	TRAIN	31	243.5	9.7	-9.11	1.19	0.06	1440
presslight	TEST	31	280.0	100.0	-17.45	2.08	0.07	1370
presslight	TRAIN	32	223.4	9.4	-8.56	0.95	0.05	1440
presslight	TEST	32	231.0	100.0	-9.49	1.06	0.06	1431
presslight	TRAIN	33	221.2	8.4	-9.34	0.90	0.05	1439
presslight	TEST	33	218.7	100.0	-8.70	0.88	0.05	1435
presslight	TRAIN	34	226.4	7.7	-8.56	0.96	0.05	1440
presslight	TEST	34	269.6	100.0	-17.01	2.52	0.06	1314
presslight	TRAIN	35	235.3	7.0	-9.15	1.06	0.05	1443
presslight	TEST	35	218.2	100.0	-8.48	0.87	0.05	1441
presslight	TRAIN	36	224.1	6.6	-8.99	0.94	0.05	1441
presslight	TEST	36	222.1	100.0	-8.39	0.92	0.05	1438
presslight	TRAIN	37	224.8	6.4	-9.59	0.95	0.05	1438
presslight	TEST	37	220.4	100.0	-8.56	0.90	0.05	1437
presslight	TRAIN	38	215.0	5.9	-8.42	0.81	0.05	1441
presslight	TEST	38	210.5	100.0	-8.55	0.76	0.05	1443
presslight	TRAIN	39	210.9	5.3	-8.47	0.76	0.05	1445
presslight	TEST	39	212.3	100.0	-8.48	0.80	0.05	1440
presslight	TRAIN	40	207.4	5.1	-8.34	0.72	0.04	1442
presslight	TEST	40	208.4	100.0	-8.43	0.73	0.04	1440
presslight	TRAIN	41	204.3	4.7	-8.36	0.68	0.04	1444
presslight	TEST	41	206.6	100.0	-8.53	0.71	0.04	1442
presslight	TRAIN	42	199.4	4.3	-8.45	0.62	0.04	1441
presslight	TEST	42	203.5	100.0	-8.70	0.67	0.04	1443
presslight	TRAIN	43	200.6	3.9	-8.57	0.63	0.04	1445
presslight	TEST	43	203.1	100.0	-8.46	0.67	0.04	1441
presslight	TRAIN	44	207.8	3.7	-9.55	0.72	0.04	1443
presslight	TEST	44	203.1	100.0	-8.52	0.67	0.04	1442
presslight	TRAIN	45	199.5	3.4	-8.50	0.62	0.04	1442
presslight	TEST	45	200.5	100.0	-8.27	0.62	0.04	1444
presslight	TRAIN	46	201.5	3.2	-8.53	0.64	0.04	1443
presslight	TEST	46	202.5	100.0	-8.66	0.66	0.04	1442
presslight	TRAIN	47	200.0	3.0	-8.47	0.62	0.04	1447
presslight	TEST	47	198.5	100.0	-8.54	0.60	0.04	1447
presslight	TRAIN	48	198.9	2.9	-8.55	0.61	0.04	1447
presslight	TEST	48	199.0	100.0	-8.69	0.61	0.04	1446
presslight	TRAIN	49	196.7	2.7	-8.37	0.59	0.04	1444
presslight	TEST	49	202.8	100.0	-8.48	0.65	0.04	1444
presslight	TRAIN	50	200.3	2.5	-8.59	0.62	0.04	1445
presslight	TEST	50	199.4	100.0	-8.78	0.62	0.04	1443
presslight	TRAIN	51	198.1	2.3	-8.56	0.59	0.04	1445
presslight	TEST	51	216.0	100.0	-9.13	0.82	0.04	1447
presslight	TRAIN	52	197.7	2.1	-8.46	0.59	0.04	1446
presslight	TEST	52	202.0	100.0	-8.69	0.64	0.04	1447
presslight	TRAIN	53	197.8	2.0	-8.45	0.59	0.04	1446
presslight	TEST	53	234.5	100.0	-20.25	1.52	0.05	1369
presslight	TRAIN	54	198.2	1.9	-8.70	0.59	0.04	1448
presslight	TEST	54	244.5	100.0	-26.69	1.71	0.04	1375
presslight	TRAIN	55	196.2	1.8	-8.48	0.57	0.04	1444
presslight	TEST	55	199.5	100.0	-8.60	0.60	0.04	1447
presslight	TRAIN	56	201.0	1.8	-9.43	0.63	0.04	1448
presslight	TEST	56	194.6	100.0	-8.50	0.54	0.03	1446
presslight	TRAIN	57	195.7	1.8	-8.62	0.56	0.04	1446
presslight	TEST	57	194.2	100.0	-8.60	0.54	0.03	1446
presslight	TRAIN	58	197.1	1.7	-8.77	0.58	0.04	1446
presslight	TEST	58	196.9	100.0	-8.63	0.57	0.04	1447
presslight	TRAIN	59	197.0	1.7	-8.65	0.57	0.04	1449
presslight	TEST	59	199.2	100.0	-8.84	0.60	0.04	1441
presslight	TRAIN	60	195.9	1.7	-8.65	0.56	0.04	1449
presslight	TEST	60	196.7	100.0	-8.70	0.57	0.03	1446
presslight	TRAIN	61	194.7	1.7	-8.40	0.54	0.03	1450
presslight	TEST	61	195.3	100.0	-8.35	0.56	0.04	1447
presslight	TRAIN	62	206.6	1.7	-9.11	0.70	0.04	1449
presslight	TEST	62	195.9	100.0	-8.51	0.55	0.04	1448
presslight	TRAIN	63	195.7	1.7	-8.50	0.55	0.03	1447
presslight	TEST	63	195.5	100.0	-8.36	0.55	0.03	1448
presslight	TRAIN	64	192.6	1.8	-8.35	0.51	0.03	1443
presslight	TEST	64	195.8	100.0	-8.16	0.56	0.03	1447
presslight	TRAIN	65	194.2	1.7	-8.30	0.54	0.03	1449
presslight	TEST	65	192.6	100.0	-8.19	0.52	0.03	1448
presslight	TRAIN	66	195.8	1.7	-8.53	0.56	0.03	1450
presslight	TEST	66	196.9	100.0	-8.44	0.57	0.03	1446
presslight	TRAIN	67	195.0	1.7	-8.41	0.54	0.03	1448
presslight	TEST	67	194.7	100.0	-8.36	0.54	0.03	1449
presslight	TRAIN	68	196.2	1.7	-8.53	0.56	0.03	1447
presslight	TEST	68	193.1	100.0	-8.36	0.52	0.03	1448
presslight	TRAIN	69	192.8	1.8	-8.24	0.52	0.03	1449
presslight	TEST	69	191.3	100.0	-8.26	0.51	0.03	1446
presslight	TRAIN	70	194.5	1.7	-8.47	0.54	0.03	1448
presslight	TEST	70	192.0	100.0	-8.38	0.51	0.03	1450
presslight	TRAIN	71	193.5	1.7	-8.38	0.54	0.03	1449
presslight	TEST	71	203.2	100.0	-12.62	0.95	0.04	1406
presslight	TRAIN	72	192.0	1.6	-8.25	0.51	0.03	1448
presslight	TEST	72	192.4	100.0	-8.45	0.52	0.03	1447
presslight	TRAIN	73	193.5	1.6	-8.47	0.53	0.03	1447
presslight	TEST	73	194.5	100.0	-8.44	0.55	0.03	1448
presslight	TRAIN	74	191.8	1.6	-8.45	0.51	0.03	1449
presslight	TEST	74	192.9	100.0	-8.41	0.53	0.03	1448
presslight	TRAIN	75	193.0	1.6	-8.50	0.53	0.03	1448
presslight	TEST	75	192.5	100.0	-8.35	0.52	0.03	1449
presslight	TRAIN	76	193.4	1.6	-8.61	0.53	0.03	1446
presslight	TEST	76	190.5	100.0	-8.32	0.49	0.03	1447
presslight	TRAIN	77	194.4	1.5	-8.66	0.54	0.03	1447
presslight	TEST	77	220.5	100.0	-8.76	1.51	0.04	1368
presslight	TRAIN	78	191.3	1.5	-8.41	0.50	0.03	1449
presslight	TEST	78	224.5	100.0	-8.77	1.21	0.04	1400
presslight	TRAIN	79	191.6	1.5	-8.37	0.51	0.03	1451
presslight	TEST	79	191.3	100.0	-8.42	0.50	0.03	1450
presslight	TRAIN	80	203.1	1.5	-8.62	0.65	0.03	1449
presslight	TEST	80	193.3	100.0	-8.43	0.53	0.03	1446
presslight	TRAIN	81	193.0	1.5	-8.55	0.52	0.03	1448
presslight	TEST	81	191.6	100.0	-8.51	0.50	0.03	1446
presslight	TRAIN	82	192.3	1.5	-8.27	0.51	0.03	1450
presslight	TEST	82	193.1	100.0	-8.50	0.51	0.03	1448
presslight	TRAIN	83	192.9	1.5	-8.48	0.52	0.03	1449
presslight	TEST	83	198.0	100.0	-8.80	0.57	0.04	1448
presslight	TRAIN	84	193.5	1.6	-8.57	0.53	0.03	1447
presslight	TEST	84	190.9	100.0	-8.41	0.49	0.03	1449
presslight	TRAIN	85	191.1	1.6	-8.35	0.50	0.03	1446
presslight	TEST	85	192.0	100.0	-8.37	0.52	0.03	1449
presslight	TRAIN	86	191.8	1.5	-8.39	0.51	0.03	1448
presslight	TEST	86	191.2	100.0	-8.21	0.51	0.03	1445
presslight	TRAIN	87	191.6	1.5	-8.22	0.51	0.03	1449
presslight	TEST	87	189.8	100.0	-8.25	0.48	0.03	1448
presslight	TRAIN	88	191.6	1.5	-8.49	0.51	0.03	1448
presslight	TEST	88	191.1	100.0	-8.37	0.49	0.03	1448
presslight	TRAIN	89	191.3	1.5	-8.30	0.50	0.03	1449
presslight	TEST	89	191.9	100.0	-8.38	0.51	0.03	1450
presslight	TRAIN	90	190.6	1.5	-8.44	0.49	0.03	1449
presslight	TEST	90	191.8	100.0	-8.45	0.51	0.03	1446
presslight	TRAIN	91	191.8	1.5	-8.61	0.51	0.03	1446
presslight	TEST	91	192.2	100.0	-8.23	0.52	0.03	1448
presslight	TRAIN	92	192.4	1.5	-8.38	0.51	0.03	1449
presslight	TEST	92	190.4	100.0	-8.45	0.49	0.03	1449
presslight	TRAIN	93	190.7	1.5	-8.40	0.50	0.03	1447
presslight	TEST	93	191.4	100.0	-8.27	0.50	0.03	1447
presslight	TRAIN	94	190.6	1.4	-8.33	0.49	0.03	1448
presslight	TEST	94	192.3	100.0	-8.27	0.52	0.03	1447
presslight	TRAIN	95	191.8	1.3	-8.60	0.50	0.03	1449
presslight	TEST	95	192.1	100.0	-8.74	0.51	0.03	1450
presslight	TRAIN	96	190.3	1.3	-8.54	0.49	0.03	1450
presslight	TEST	96	190.4	100.0	-8.48	0.49	0.03	1449
presslight	TRAIN	97	190.3	1.3	-8.48	0.49	0.03	1450
presslight	TEST	97	191.3	100.0	-8.59	0.50	0.03	1450
presslight	TRAIN	98	190.6	1.3	-8.57	0.49	0.03	1448
presslight	TEST	98	191.1	100.0	-8.36	0.49	0.03	1449
presslight	TRAIN	99	191.0	1.3	-8.31	0.49	0.03	1450
presslight	TEST	99	189.4	100.0	-8.80	0.47	0.03	1448
presslight	TRAIN	100	188.7	1.3	-8.44	0.47	0.03	1448
presslight	TEST	100	189.2	100.0	-8.45	0.47	0.03	1451
presslight	TRAIN	101	189.9	1.3	-8.55	0.48	0.03	1448
presslight	TEST	101	189.2	100.0	-8.32	0.48	0.03	1449
presslight	TRAIN	102	190.5	1.3	-8.43	0.49	0.03	1449
presslight	TEST	102	190.8	100.0	-8.45	0.49	0.03	1448
presslight	TRAIN	103	188.7	1.3	-8.40	0.47	0.03	1449
presslight	TEST	103	215.8	100.0	-10.09	1.78	0.04	1328
presslight	TRAIN	104	190.6	1.3	-8.75	0.49	0.03	1450
presslight	TEST	104	191.7	100.0	-8.66	0.50	0.03	1448
presslight	TRAIN	105	190.6	1.3	-8.72	0.50	0.03	1449
presslight	TEST	105	265.2	100.0	-19.27	1.59	0.04	1405
presslight	TRAIN	106	190.7	1.3	-8.79	0.49	0.03	1450
presslight	TEST	106	190.4	100.0	-8.78	0.48	0.03	1450
presslight	TRAIN	107	189.3	1.4	-8.50	0.48	0.03	1449
presslight	TEST	107	189.0	100.0	-8.70	0.48	0.03	1448
presslight	TRAIN	108	191.9	1.3	-8.67	0.51	0.03	1450
presslight	TEST	108	203.3	100.0	-8.75	0.65	0.03	1449
presslight	TRAIN	109	191.4	1.4	-8.75	0.50	0.03	1447
presslight	TEST	109	188.8	100.0	-8.38	0.47	0.03	1451
presslight	TRAIN	110	189.7	1.4	-8.49	0.48	0.03	1452
presslight	TEST	110	190.2	100.0	-8.49	0.48	0.03	1449
presslight	TRAIN	111	189.0	1.4	-8.50	0.47	0.03	1449
presslight	TEST	111	188.6	100.0	-8.31	0.46	0.03	1446
presslight	TRAIN	112	191.4	1.4	-8.56	0.51	0.03	1447
presslight	TEST	112	191.2	100.0	-8.48	0.49	0.03	1449
presslight	TRAIN	113	190.5	1.4	-8.48	0.49	0.03	1448
presslight	TEST	113	190.9	100.0	-8.36	0.49	0.03	1450
presslight	TRAIN	114	189.2	1.4	-8.46	0.48	0.03	1448
presslight	TEST	114	191.4	100.0	-8.21	0.50	0.03	1450
presslight	TRAIN	115	189.9	1.4	-8.52	0.48	0.03	1449
presslight	TEST	115	188.5	100.0	-8.47	0.47	0.03	1450
presslight	TRAIN	116	190.1	1.4	-8.35	0.49	0.03	1448
presslight	TEST	116	190.4	100.0	-8.62	0.48	0.03	1449
presslight	TRAIN	117	190.4	1.4	-8.33	0.48	0.03	1451
presslight	TEST	117	190.7	100.0	-8.61	0.50	0.03	1450
presslight	TRAIN	118	189.9	1.4	-8.57	0.48	0.03	1450
presslight	TEST	118	190.2	100.0	-8.71	0.48	0.03	1451
presslight	TRAIN	119	189.9	1.4	-8.40	0.48	0.03	1450
presslight	TEST	119	190.3	100.0	-8.47	0.49	0.03	1450
presslight	TRAIN	120	188.7	1.4	-8.35	0.47	0.03	1451
presslight	TEST	120	190.7	100.0	-8.57	0.49	0.03	1450
presslight	TRAIN	121	189.9	1.4	-8.65	0.48	0.03	1450
presslight	TEST	121	189.5	100.0	-8.45	0.48	0.03	1449
presslight	TRAIN	122	191.5	1.4	-8.73	0.50	0.03	1449
presslight	TEST	122	189.1	100.0	-8.44	0.47	0.03	1447
presslight	TRAIN	123	190.7	1.3	-8.48	0.49	0.03	1451
presslight	TEST	123	189.8	100.0	-8.25	0.48	0.03	1448
presslight	TRAIN	124	189.1	1.3	-8.28	0.47	0.03	1450
presslight	TEST	124	189.6	100.0	-8.60	0.47	0.03	1449
presslight	TRAIN	125	190.2	1.3	-8.51	0.49	0.03	1451
presslight	TEST	125	188.0	100.0	-8.34	0.45	0.03	1450
presslight	TRAIN	126	189.0	1.3	-8.34	0.47	0.03	1450
presslight	TEST	126	189.1	100.0	-8.57	0.47	0.03	1451
presslight	TRAIN	127	189.9	1.3	-8.43	0.47	0.03	1448
presslight	TEST	127	189.0	100.0	-8.59	0.47	0.03	1452
presslight	TRAIN	128	188.4	1.3	-8.38	0.46	0.03	1449
presslight	TEST	128	190.4	100.0	-8.54	0.48	0.03	1449
presslight	TRAIN	129	189.2	1.3	-8.57	0.48	0.03	1448
presslight	TEST	129	189.9	100.0	-8.76	0.48	0.03	1447
presslight	TRAIN	130	190.2	1.3	-8.58	0.49	0.03	1450
presslight	TEST	130	190.3	100.0	-8.49	0.49	0.03	1447
presslight	TRAIN	131	189.4	1.3	-8.51	0.47	0.03	1448
presslight	TEST	131	190.8	100.0	-8.70	0.49	0.03	1449
presslight	TRAIN	132	191.7	1.3	-8.92	0.50	0.03	1451
presslight	TEST	132	191.2	100.0	-8.53	0.50	0.03	1448
presslight	TRAIN	133	189.2	1.3	-8.58	0.46	0.03	1452
presslight	TEST	133	189.2	100.0	-8.66	0.47	0.03	1452
presslight	TRAIN	134	189.9	1.3	-8.58	0.48	0.03	1449
presslight	TEST	134	189.2	100.0	-8.26	0.47	0.03	1452
presslight	TRAIN	135	190.0	1.3	-8.60	0.48	0.03	1450
presslight	TEST	135	188.2	100.0	-8.32	0.46	0.03	1448
presslight	TRAIN	136	188.6	1.2	-8.44	0.46	0.03	1449
presslight	TEST	136	189.0	100.0	-8.23	0.47	0.03	1450
presslight	TRAIN	137	189.5	1.2	-8.29	0.47	0.03	1448
presslight	TEST	137	190.4	100.0	-8.54	0.49	0.03	1449
presslight	TRAIN	138	189.3	1.3	-8.46	0.47	0.03	1450
presslight	TEST	138	188.7	100.0	-8.48	0.47	0.03	1448
presslight	TRAIN	139	189.5	1.3	-8.41	0.47	0.03	1451
presslight	TEST	139	199.8	100.0	-9.31	0.61	0.03	1449
presslight	TRAIN	140	189.3	1.2	-8.31	0.48	0.03	1445
presslight	TEST	140	191.5	100.0	-8.55	0.51	0.03	1449
presslight	TRAIN	141	189.7	1.2	-8.49	0.47	0.03	1451
presslight	TEST	141	188.2	100.0	-8.48	0.45	0.03	1448
presslight	TRAIN	142	189.1	1.2	-8.22	0.47	0.03	1449
presslight	TEST	142	188.8	100.0	-8.32	0.46	0.03	1448
presslight	TRAIN	143	189.8	1.2	-8.29	0.48	0.03	1449
presslight	TEST	143	188.3	100.0	-8.29	0.46	0.03	1448
presslight	TRAIN	144	188.2	1.2	-8.32	0.46	0.03	1451
presslight	TEST	144	188.9	100.0	-8.28	0.46	0.03	1451
presslight	TRAIN	145	189.1	1.2	-8.32	0.47	0.03	1450
presslight	TEST	145	188.3	100.0	-8.47	0.46	0.03	1446
presslight	TRAIN	146	189.0	1.2	-8.27	0.47	0.03	1446
presslight	TEST	146	188.4	100.0	-8.49	0.46	0.03	1448
presslight	TRAIN	147	190.8	1.2	-8.54	0.49	0.03	1450
presslight	TEST	147	188.4	100.0	-8.32	0.45	0.03	1450
presslight	TRAIN	148	188.4	1.2	-8.42	0.46	0.03	1447
presslight	TEST	148	187.5	100.0	-8.26	0.45	0.03	1449
presslight	TRAIN	149	190.3	1.2	-8.62	0.48	0.03	1449
presslight	TEST	149	188.6	100.0	-8.46	0.47	0.03	1449
presslight	TRAIN	150	188.7	1.2	-8.49	0.46	0.03	1449
presslight	TEST	150	189.1	100.0	-8.44	0.47	0.03	1450
presslight	TRAIN	151	189.5	1.2	-8.41	0.48	0.03	1449
presslight	TEST	151	189.1	100.0	-8.36	0.47	0.03	1450
presslight	TRAIN	152	188.4	1.2	-8.39	0.47	0.03	1448
presslight	TEST	152	188.7	100.0	-8.37	0.46	0.03	1450
presslight	TRAIN	153	189.4	1.2	-8.42	0.48	0.03	1450
presslight	TEST	153	188.4	100.0	-8.23	0.46	0.03	1447
presslight	TRAIN	154	190.6	1.2	-8.40	0.49	0.03	1447
presslight	TEST	154	189.2	100.0	-8.43	0.47	0.03	1449
presslight	TRAIN	155	189.9	1.2	-8.54	0.48	0.03	1449
presslight	TEST	155	190.3	100.0	-8.40	0.48	0.03	1448
presslight	TRAIN	156	188.9	1.2	-8.38	0.47	0.03	1450
presslight	TEST	156	189.1	100.0	-8.45	0.46	0.03	1448
presslight	TRAIN	157	189.7	1.2	-8.44	0.47	0.03	1449
presslight	TEST	157	189.8	100.0	-8.46	0.48	0.03	1448
presslight	TRAIN	158	190.1	1.2	-8.43	0.48	0.03	1448
presslight	TEST	158	188.7	100.0	-8.39	0.46	0.03	1450
presslight	TRAIN	159	191.3	1.2	-8.50	0.50	0.03	1449
presslight	TEST	159	189.8	100.0	-8.71	0.48	0.03	1450
presslight	TRAIN	160	190.3	1.2	-8.69	0.47	0.03	1450
presslight	TEST	160	189.2	100.0	-8.51	0.47	0.03	1450
presslight	TRAIN	161	189.6	1.2	-8.45	0.47	0.03	1451
presslight	TEST	161	189.0	100.0	-8.31	0.47	0.03	1450
presslight	TRAIN	162	189.3	1.2	-8.54	0.47	0.03	1449
presslight	TEST	162	188.8	100.0	-8.58	0.46	0.03	1448
presslight	TRAIN	163	190.6	1.2	-8.24	0.48	0.03	1447
presslight	TEST	163	189.8	100.0	-8.45	0.47	0.03	1451
presslight	TRAIN	164	189.5	1.2	-8.55	0.47	0.03	1448
presslight	TEST	164	189.7	100.0	-8.53	0.48	0.03	1448
presslight	TRAIN	165	189.9	1.2	-8.47	0.48	0.03	1448
presslight	TEST	165	188.8	100.0	-8.48	0.46	0.03	1450
presslight	TRAIN	166	191.3	1.2	-8.69	0.49	0.03	1450
presslight	TEST	166	189.0	100.0	-8.38	0.46	0.03	1452
presslight	TRAIN	167	189.9	1.2	-8.34	0.48	0.03	1450
presslight	TEST	167	188.8	100.0	-8.41	0.45	0.03	1448
presslight	TRAIN	168	190.0	1.2	-8.49	0.48	0.03	1451
presslight	TEST	168	192.2	100.0	-8.70	0.51	0.03	1451
presslight	TRAIN	169	190.6	1.2	-8.44	0.49	0.03	1451
presslight	TEST	169	198.5	100.0	-8.81	0.58	0.03	1449
presslight	TRAIN	170	191.3	1.2	-8.44	0.50	0.03	1448
presslight	TEST	170	191.3	100.0	-8.55	0.49	0.03	1450
presslight	TRAIN	171	191.9	1.2	-8.66	0.50	0.03	1449
presslight	TEST	171	189.0	100.0	-8.53	0.46	0.03	1448
presslight	TRAIN	172	190.4	1.2	-8.61	0.48	0.03	1449
presslight	TEST	172	188.9	100.0	-8.49	0.46	0.03	1451
presslight	TRAIN	173	189.8	1.2	-8.31	0.47	0.03	1452
presslight	TEST	173	190.0	100.0	-8.55	0.47	0.03	1449
presslight	TRAIN	174	190.2	1.2	-8.54	0.48	0.03	1451
presslight	TEST	174	190.5	100.0	-8.31	0.48	0.03	1449
presslight	TRAIN	175	189.6	1.2	-8.41	0.47	0.03	1450
presslight	TEST	175	189.2	100.0	-8.40	0.46	0.03	1451
presslight	TRAIN	176	189.8	1.2	-8.47	0.47	0.03	1452
presslight	TEST	176	188.7	100.0	-8.29	0.47	0.03	1451
presslight	TRAIN	177	190.4	1.2	-8.42	0.48	0.03	1450
presslight	TEST	177	188.8	100.0	-8.21	0.46	0.03	1450
presslight	TRAIN	178	188.3	1.2	-8.43	0.45	0.03	1451
presslight	TEST	178	189.0	100.0	-8.22	0.46	0.03	1449
presslight	TRAIN	179	188.1	1.2	-8.44	0.45	0.03	1452
presslight	TEST	179	188.8	100.0	-8.26	0.46	0.03	1449
presslight	TRAIN	180	190.5	1.2	-8.41	0.49	0.03	1449
presslight	TEST	180	190.9	100.0	-8.34	0.48	0.03	1449
presslight	TRAIN	181	189.2	1.2	-8.36	0.47	0.03	1451
presslight	TEST	181	188.7	100.0	-8.37	0.46	0.03	1449
presslight	TRAIN	182	189.4	1.2	-8.35	0.47	0.03	1448
presslight	TEST	182	188.0	100.0	-8.35	0.45	0.03	1451
presslight	TRAIN	183	190.4	1.2	-8.63	0.48	0.03	1450
presslight	TEST	183	188.2	100.0	-8.34	0.46	0.03	1450
presslight	TRAIN	184	189.8	1.2	-8.49	0.47	0.03	1452
presslight	TEST	184	188.7	100.0	-8.40	0.46	0.03	1451
presslight	TRAIN	185	188.8	1.2	-8.42	0.47	0.03	1451
presslight	TEST	185	190.2	100.0	-8.50	0.48	0.03	1448
presslight	TRAIN	186	190.1	1.2	-8.63	0.48	0.03	1451
presslight	TEST	186	189.2	100.0	-8.35	0.47	0.03	1450
presslight	TRAIN	187	189.7	1.2	-8.41	0.47	0.03	1447
presslight	TEST	187	188.6	100.0	-8.58	0.46	0.03	1451
presslight	TRAIN	188	190.1	1.2	-8.43	0.48	0.03	1450
presslight	TEST	188	188.4	100.0	-8.37	0.45	0.03	1450
presslight	TRAIN	189	189.6	1.2	-8.54	0.47	0.03	1448
presslight	TEST	189	201.6	100.0	-10.15	1.47	0.04	1348
presslight	TRAIN	190	189.3	1.2	-8.46	0.47	0.03	1451
presslight	TEST	190	189.1	100.0	-8.35	0.46	0.03	1450
presslight	TRAIN	191	190.3	1.1	-8.49	0.48	0.03	1450
presslight	TEST	191	189.4	100.0	-8.45	0.47	0.03	1451
presslight	TRAIN	192	190.1	1.1	-8.44	0.48	0.03	1451
presslight	TEST	192	188.6	100.0	-8.22	0.46	0.03	1449
presslight	TRAIN	193	189.0	1.2	-8.33	0.47	0.03	1449
presslight	TEST	193	190.1	100.0	-8.57	0.47	0.03	1450
presslight	TRAIN	194	189.6	1.2	-8.42	0.48	0.03	1447
presslight	TEST	194	188.3	100.0	-8.56	0.45	0.03	1449
presslight	TRAIN	195	188.8	1.1	-8.42	0.46	0.03	1452
presslight	TEST	195	188.1	100.0	-8.39	0.45	0.03	1451
presslight	TRAIN	196	188.2	1.1	-8.42	0.45	0.03	1450
presslight	TEST	196	187.5	100.0	-8.23	0.45	0.03	1449
presslight	TRAIN	197	189.3	1.2	-8.43	0.46	0.03	1453
presslight	TEST	197	188.7	100.0	-8.31	0.46	0.03	1449
presslight	TRAIN	198	188.6	1.2	-8.46	0.46	0.03	1448
presslight	TEST	198	189.8	100.0	-8.49	0.47	0.03	1450
presslight	TRAIN	199	189.7	1.2	-8.44	0.48	0.03	1451
presslight	TEST	199	188.7	100.0	-8.54	0.46	0.03	1448
