early_stop enabled: mode=cycle_mean, min_episodes=30, max_episodes=500, patience=3, min_delta=0.0500, abs_floor=1.00, cycle_len=10, metric=wait
episode:0/500, train_demand:raw_data/grid4x4/od_hubs/demand_set/train_00.rou.xml
step:1800/1800, q_loss:0, rewards:-322.92944878472224, queue:5.707986111111111, delay:0.050121837192111544, throughput:673
episode:0/500, real avg travel time:235.88855869242198
episode:0/500, median wait:51.0 (n=673)
HELDOUT episode:0/500, demand:raw_data/grid4x4/od_hubs/demand_set/hold_00.rou.xml, travel time:380.6927710843373, rewards:-435.09722222222223, queue:9.214583333333334, delay:0.09807453155517579, throughput:332
HELDOUT episode:0/500, demand:raw_data/grid4x4/od_hubs/demand_set/hold_00.rou.xml, median wait:113.5
HELDOUT episode:0/500, demand:raw_data/grid4x4/od_hubs/demand_set/hold_01.rou.xml, travel time:361.8802992518703, rewards:-423.65052083333336, queue:8.859722222222222, delay:0.1000995847913954, throughput:401
HELDOUT episode:0/500, demand:raw_data/grid4x4/od_hubs/demand_set/hold_01.rou.xml, median wait:73.0
HELDOUT episode:0/500, demand:raw_data/grid4x4/od_hubs/demand_set/hold_02.rou.xml, travel time:359.983286908078, rewards:-429.61223958333335, queue:9.037152777777777, delay:0.10046058230929905, throughput:359
HELDOUT episode:0/500, demand:raw_data/grid4x4/od_hubs/demand_set/hold_02.rou.xml, median wait:82.0
HELDOUT_MEAN episode:0/500, travel time:367.51878574809524 (n=3)
New best heldout ATT=367.5188 at episode 0 (saved model/best_*.pt)
episode:1/500, train_demand:raw_data/grid4x4/od_hubs/demand_set/train_01.rou.xml
step:1800/1800, q_loss:0, rewards:-329.22942708333335, queue:5.8980902777777775, delay:0.05511733161078559, throughput:700
episode:1/500, real avg travel time:253.0142857142857
episode:1/500, median wait:60.5 (n=700)
episode:2/500, train_demand:raw_data/grid4x4/od_hubs/demand_set/train_02.rou.xml
step:1800/1800, q_loss:0, rewards:-325.4794704861111, queue:5.779861111111111, delay:0.05518082512749566, throughput:721
episode:2/500, real avg travel time:236.83911234396672
episode:2/500, median wait:53.0 (n=721)
episode:3/500, train_demand:raw_data/grid4x4/od_hubs/demand_set/train_03.rou.xml
step:1800/1800, q_loss:0, rewards:-331.5822048611111, queue:5.975868055555556, delay:0.06018016603257921, throughput:772
episode:3/500, real avg travel time:253.94948186528498
episode:3/500, median wait:60.0 (n=772)
episode:4/500, train_demand:raw_data/grid4x4/od_hubs/demand_set/train_04.rou.xml
step:1800/1800, q_loss:0, rewards:-323.86610243055554, queue:5.736979166666667, delay:0.050952010684543185, throughput:677
episode:4/500, real avg travel time:234.55982274741507
episode:4/500, median wait:53.0 (n=677)
episode:5/500, train_demand:raw_data/grid4x4/od_hubs/demand_set/train_05.rou.xml
step:1800/1800, q_loss:60.32905197143555, rewards:-366.810546875, queue:7.083159722222222, delay:0.07589476903279622, throughput:496
episode:5/500, real avg travel time:254.96572580645162
episode:5/500, median wait:44.0 (n=496)
episode:6/500, train_demand:raw_data/grid4x4/od_hubs/demand_set/train_06.rou.xml
step:1800/1800, q_loss:82.22359466552734, rewards:-403.0189236111111, queue:8.191145833333334, delay:0.10793870290120443, throughput:526
episode:6/500, real avg travel time:457.1045627376426
episode:6/500, median wait:265.5 (n=526)
episode:7/500, train_demand:raw_data/grid4x4/od_hubs/demand_set/train_07.rou.xml
step:1800/1800, q_loss:176.5618438720703, rewards:-402.51276041666665, queue:8.180034722222222, delay:0.10223321914672852, throughput:521
episode:7/500, real avg travel time:400.2207293666027
episode:7/500, median wait:146.0 (n=521)
episode:8/500, train_demand:raw_data/grid4x4/od_hubs/demand_set/train_08.rou.xml
step:1800/1800, q_loss:143.57493591308594, rewards:-398.7322048611111, queue:8.070833333333333, delay:0.09757033454047309, throughput:535
episode:8/500, real avg travel time:391.5308411214953
episode:8/500, median wait:156.0 (n=535)
episode:9/500, train_demand:raw_data/grid4x4/od_hubs/demand_set/train_09.rou.xml
step:1800/1800, q_loss:76.33157348632812, rewards:-394.606640625, queue:7.941145833333334, delay:0.10457382202148438, throughput:506
episode:9/500, real avg travel time:397.72529644268775
episode:9/500, median wait:160.5 (n=506)
episode:10/500, train_demand:raw_data/grid4x4/od_hubs/demand_set/train_00.rou.xml
step:1800/1800, q_loss:66.47286987304688, rewards:-371.6827690972222, queue:7.228645833333333, delay:0.09537961747911242, throughput:520
episode:10/500, real avg travel time:374.1826923076923
episode:10/500, median wait:169.0 (n=520)
HELDOUT episode:10/500, demand:raw_data/grid4x4/od_hubs/demand_set/hold_00.rou.xml, travel time:400.05535055350555, rewards:-447.42278645833335, queue:9.584548611111112, delay:0.11350608401828342, throughput:271
HELDOUT episode:10/500, demand:raw_data/grid4x4/od_hubs/demand_set/hold_00.rou.xml, median wait:183.0
HELDOUT episode:10/500, demand:raw_data/grid4x4/od_hubs/demand_set/hold_01.rou.xml, travel time:403.48175182481754, rewards:-463.08667534722224, queue:10.077083333333333, delay:0.11765658060709636, throughput:274
HELDOUT episode:10/500, demand:raw_data/grid4x4/od_hubs/demand_set/hold_01.rou.xml, median wait:108.0
HELDOUT episode:10/500, demand:raw_data/grid4x4/od_hubs/demand_set/hold_02.rou.xml, travel time:419.4822695035461, rewards:-459.74774305555553, queue:9.977951388888888, delay:0.11942806243896484, throughput:282
HELDOUT episode:10/500, demand:raw_data/grid4x4/od_hubs/demand_set/hold_02.rou.xml, median wait:192.0
HELDOUT_MEAN episode:10/500, travel time:407.67312396062306 (n=3)
episode:11/500, train_demand:raw_data/grid4x4/od_hubs/demand_set/train_01.rou.xml
step:1800/1800, q_loss:65.66203308105469, rewards:-375.03111979166664, queue:7.309375, delay:0.10073504977756076, throughput:575
episode:11/500, real avg travel time:378.0869565217391
episode:11/500, median wait:151.0 (n=575)
episode:12/500, train_demand:raw_data/grid4x4/od_hubs/demand_set/train_02.rou.xml
step:1800/1800, q_loss:64.63080596923828, rewards:-382.27721354166664, queue:7.5524305555555555, delay:0.09596417744954427, throughput:582
episode:12/500, real avg travel time:399.8298969072165
episode:12/500, median wait:166.0 (n=582)
episode:13/500, train_demand:raw_data/grid4x4/od_hubs/demand_set/train_03.rou.xml
step:1800/1800, q_loss:61.69108581542969, rewards:-393.1844184027778, queue:7.892013888888889, delay:0.10387359195285373, throughput:606
episode:13/500, real avg travel time:402.490099009901
episode:13/500, median wait:178.0 (n=606)
episode:14/500, train_demand:raw_data/grid4x4/od_hubs/demand_set/train_04.rou.xml
step:1800/1800, q_loss:61.501644134521484, rewards:-374.65555555555557, queue:7.3078125, delay:0.09263214535183377, throughput:539
episode:14/500, real avg travel time:388.2801484230056
episode:14/500, median wait:173.0 (n=539)
episode:15/500, train_demand:raw_data/grid4x4/od_hubs/demand_set/train_05.rou.xml
step:1800/1800, q_loss:59.68783187866211, rewards:-387.3361111111111, queue:7.709375, delay:0.0961212158203125, throughput:536
episode:15/500, real avg travel time:388.49067164179104
episode:15/500, median wait:144.5 (n=536)
episode:16/500, train_demand:raw_data/grid4x4/od_hubs/demand_set/train_06.rou.xml
step:1800/1800, q_loss:57.113922119140625, rewards:-379.55946180555554, queue:7.451041666666667, delay:0.09655300776163737, throughput:565
episode:16/500, real avg travel time:372.08849557522126
episode:16/500, median wait:140.0 (n=565)
episode:17/500, train_demand:raw_data/grid4x4/od_hubs/demand_set/train_07.rou.xml
step:1800/1800, q_loss:53.87859344482422, rewards:-372.90442708333336, queue:7.246354166666666, delay:0.09570295545789931, throughput:598
episode:17/500, real avg travel time:349.123745819398
episode:17/500, median wait:134.0 (n=598)
episode:18/500, train_demand:raw_data/grid4x4/od_hubs/demand_set/train_08.rou.xml
step:1800/1800, q_loss:50.13589859008789, rewards:-378.1189236111111, queue:7.4293402777777775, delay:0.09312687979804145, throughput:593
episode:18/500, real avg travel time:370.84317032040474
episode:18/500, median wait:152.0 (n=593)
episode:19/500, train_demand:raw_data/grid4x4/od_hubs/demand_set/train_09.rou.xml
step:1800/1800, q_loss:47.33293151855469, rewards:-362.35, queue:6.922916666666667, delay:0.09040696885850695, throughput:615
episode:19/500, real avg travel time:346.2308943089431
episode:19/500, median wait:124.0 (n=615)
cycle_mean cycle=1 m_prev=104.95 m_curr=153.15 rel=+0.4593 delta=+48.20 flat=False improved=False patience=1/3
episode:20/500, train_demand:raw_data/grid4x4/od_hubs/demand_set/train_00.rou.xml
step:1800/1800, q_loss:43.89729309082031, rewards:-369.97777777777776, queue:7.1585069444444445, delay:0.0859210173288981, throughput:544
episode:20/500, real avg travel time:365.09742647058823
episode:20/500, median wait:130.5 (n=544)
HELDOUT episode:20/500, demand:raw_data/grid4x4/od_hubs/demand_set/hold_00.rou.xml, travel time:469.81496062992125, rewards:-461.69279513888887, queue:10.041145833333333, delay:0.1084779315524631, throughput:254
HELDOUT episode:20/500, demand:raw_data/grid4x4/od_hubs/demand_set/hold_00.rou.xml, median wait:300.0
HELDOUT episode:20/500, demand:raw_data/grid4x4/od_hubs/demand_set/hold_01.rou.xml, travel time:452.95438596491226, rewards:-459.1349826388889, queue:9.951041666666667, delay:0.11724790996975369, throughput:285
HELDOUT episode:20/500, demand:raw_data/grid4x4/od_hubs/demand_set/hold_01.rou.xml, median wait:257.0
HELDOUT episode:20/500, demand:raw_data/grid4x4/od_hubs/demand_set/hold_02.rou.xml, travel time:454.0247349823322, rewards:-457.32886284722224, queue:9.893576388888889, delay:0.11773641374376086, throughput:283
HELDOUT episode:20/500, demand:raw_data/grid4x4/od_hubs/demand_set/hold_02.rou.xml, median wait:278.0
HELDOUT_MEAN episode:20/500, travel time:458.93136052572186 (n=3)
episode:21/500, train_demand:raw_data/grid4x4/od_hubs/demand_set/train_01.rou.xml
step:1800/1800, q_loss:39.573246002197266, rewards:-363.8549913194444, queue:6.966840277777778, delay:0.09036441379123264, throughput:634
episode:21/500, real avg travel time:368.0851735015773
episode:21/500, median wait:137.5 (n=634)
episode:22/500, train_demand:raw_data/grid4x4/od_hubs/demand_set/train_02.rou.xml
step:1800/1800, q_loss:37.124610900878906, rewards:-364.93611111111113, queue:7.002083333333333, delay:0.08722435633341472, throughput:615
episode:22/500, real avg travel time:346.869918699187
episode:22/500, median wait:106.0 (n=615)
episode:23/500, train_demand:raw_data/grid4x4/od_hubs/demand_set/train_03.rou.xml
step:1800/1800, q_loss:34.66421890258789, rewards:-372.9138888888889, queue:7.252777777777778, delay:0.08983542124430338, throughput:639
episode:23/500, real avg travel time:345.3943661971831
episode:23/500, median wait:112.0 (n=639)
episode:24/500, train_demand:raw_data/grid4x4/od_hubs/demand_set/train_04.rou.xml
step:1800/1800, q_loss:32.59706497192383, rewards:-347.3722222222222, queue:6.471180555555556, delay:0.08145131005181207, throughput:616
episode:24/500, real avg travel time:318.81331168831167
episode:24/500, median wait:100.0 (n=616)
episode:25/500, train_demand:raw_data/grid4x4/od_hubs/demand_set/train_05.rou.xml
step:1800/1800, q_loss:30.029558181762695, rewards:-352.7655815972222, queue:6.638715277777778, delay:0.08319865332709418, throughput:643
episode:25/500, real avg travel time:318.33592534992226
episode:25/500, median wait:90.0 (n=643)
episode:26/500, train_demand:raw_data/grid4x4/od_hubs/demand_set/train_06.rou.xml
step:1800/1800, q_loss:27.64268684387207, rewards:-359.32447916666666, queue:6.840798611111111, delay:0.08010237481858995, throughput:604
episode:26/500, real avg travel time:310.0745033112583
episode:26/500, median wait:88.0 (n=604)
episode:27/500, train_demand:raw_data/grid4x4/od_hubs/demand_set/train_07.rou.xml
step:1800/1800, q_loss:26.145692825317383, rewards:-350.4205295138889, queue:6.550173611111111, delay:0.07814902729458278, throughput:666
episode:27/500, real avg travel time:297.33033033033036
episode:27/500, median wait:71.5 (n=666)
episode:28/500, train_demand:raw_data/grid4x4/od_hubs/demand_set/train_08.rou.xml
step:1800/1800, q_loss:24.685089111328125, rewards:-352.62443576388887, queue:6.6390625, delay:0.08071348932054308, throughput:676
episode:28/500, real avg travel time:311.06065088757396
episode:28/500, median wait:88.0 (n=676)
episode:29/500, train_demand:raw_data/grid4x4/od_hubs/demand_set/train_09.rou.xml
step:1800/1800, q_loss:23.938404083251953, rewards:-347.27276475694447, queue:6.467708333333333, delay:0.07706006897820367, throughput:652
episode:29/500, real avg travel time:301.8773006134969
episode:29/500, median wait:64.0 (n=652)
cycle_mean cycle=2 m_prev=153.15 m_curr=98.75 rel=-0.3552 delta=-54.40 flat=False improved=True patience=0/3
episode:30/500, train_demand:raw_data/grid4x4/od_hubs/demand_set/train_00.rou.xml
step:1800/1800, q_loss:23.440662384033203, rewards:-341.74164496527777, queue:6.278298611111111, delay:0.07646364635891384, throughput:633
episode:30/500, real avg travel time:301.45339652448655
episode:30/500, median wait:72.0 (n=633)
HELDOUT episode:30/500, demand:raw_data/grid4x4/od_hubs/demand_set/hold_00.rou.xml, travel time:323.725, rewards:-401.8810763888889, queue:8.175347222222221, delay:0.09211582607693142, throughput:440
HELDOUT episode:30/500, demand:raw_data/grid4x4/od_hubs/demand_set/hold_00.rou.xml, median wait:53.0
HELDOUT episode:30/500, demand:raw_data/grid4x4/od_hubs/demand_set/hold_01.rou.xml, travel time:301.2742980561555, rewards:-401.47109375, queue:8.17170138888889, delay:0.09282954533894856, throughput:463
HELDOUT episode:30/500, demand:raw_data/grid4x4/od_hubs/demand_set/hold_01.rou.xml, median wait:36.0
HELDOUT episode:30/500, demand:raw_data/grid4x4/od_hubs/demand_set/hold_02.rou.xml, travel time:316.7578947368421, rewards:-399.06388888888887, queue:8.087152777777778, delay:0.09730135599772136, throughput:475
HELDOUT episode:30/500, demand:raw_data/grid4x4/od_hubs/demand_set/hold_02.rou.xml, median wait:42.0
HELDOUT_MEAN episode:30/500, travel time:313.9190642643326 (n=3)
New best heldout ATT=313.9191 at episode 30 (saved model/best_*.pt)
episode:31/500, train_demand:raw_data/grid4x4/od_hubs/demand_set/train_01.rou.xml
step:1800/1800, q_loss:22.48813819885254, rewards:-345.6677517361111, queue:6.4065972222222225, delay:0.07530227767096626, throughput:643
episode:31/500, real avg travel time:289.3763608087092
episode:31/500, median wait:64.0 (n=643)
episode:32/500, train_demand:raw_data/grid4x4/od_hubs/demand_set/train_02.rou.xml
step:1800/1800, q_loss:21.738269805908203, rewards:-347.42664930555554, queue:6.463888888888889, delay:0.07692414389716254, throughput:659
episode:32/500, real avg travel time:294.19271623672233
episode:32/500, median wait:66.0 (n=659)
episode:33/500, train_demand:raw_data/grid4x4/od_hubs/demand_set/train_03.rou.xml
step:1800/1800, q_loss:20.96487045288086, rewards:-349.52608506944443, queue:6.526388888888889, delay:0.07992223103841146, throughput:721
episode:33/500, real avg travel time:294.95839112343964
episode:33/500, median wait:67.0 (n=721)
episode:34/500, train_demand:raw_data/grid4x4/od_hubs/demand_set/train_04.rou.xml
step:1800/1800, q_loss:20.442628860473633, rewards:-342.489453125, queue:6.3140625, delay:0.07589771482679579, throughput:627
episode:34/500, real avg travel time:297.96810207336523
episode:34/500, median wait:71.0 (n=627)
episode:35/500, train_demand:raw_data/grid4x4/od_hubs/demand_set/train_05.rou.xml
step:1800/1800, q_loss:19.81058120727539, rewards:-344.4099826388889, queue:6.366493055555556, delay:0.07622299194335938, throughput:655
episode:35/500, real avg travel time:291.58015267175574
episode:35/500, median wait:61.0 (n=655)
episode:36/500, train_demand:raw_data/grid4x4/od_hubs/demand_set/train_06.rou.xml
step:1800/1800, q_loss:18.704328536987305, rewards:-340.2322482638889, queue:6.238194444444445, delay:0.07426458464728461, throughput:673
episode:36/500, real avg travel time:276.7295690936107
episode:36/500, median wait:57.0 (n=673)
episode:37/500, train_demand:raw_data/grid4x4/od_hubs/demand_set/train_07.rou.xml
step:1800/1800, q_loss:18.15585708618164, rewards:-335.8672309027778, queue:6.105034722222222, delay:0.06853780746459961, throughput:702
episode:37/500, real avg travel time:261.2806267806268
episode:37/500, median wait:51.0 (n=702)
episode:38/500, train_demand:raw_data/grid4x4/od_hubs/demand_set/train_08.rou.xml
step:1800/1800, q_loss:17.451465606689453, rewards:-337.7366753472222, queue:6.172395833333334, delay:0.06964945793151855, throughput:707
episode:38/500, real avg travel time:272.15558698727017
episode:38/500, median wait:50.0 (n=707)
episode:39/500, train_demand:raw_data/grid4x4/od_hubs/demand_set/train_09.rou.xml
step:1800/1800, q_loss:16.800474166870117, rewards:-333.4516493055556, queue:6.027777777777778, delay:0.06657764646742079, throughput:692
episode:39/500, real avg travel time:265.46387283236993
episode:39/500, median wait:44.5 (n=692)
cycle_mean cycle=3 m_prev=98.75 m_curr=60.35 rel=-0.3889 delta=-38.40 flat=False improved=True patience=0/3
episode:40/500, train_demand:raw_data/grid4x4/od_hubs/demand_set/train_00.rou.xml
step:1800/1800, q_loss:16.665128707885742, rewards:-329.87664930555553, queue:5.9215277777777775, delay:0.06563893424140083, throughput:649
episode:40/500, real avg travel time:260.3497688751926
episode:40/500, median wait:52.0 (n=649)
HELDOUT episode:40/500, demand:raw_data/grid4x4/od_hubs/demand_set/hold_00.rou.xml, travel time:334.1295896328294, rewards:-394.30164930555554, queue:7.921875, delay:0.08912387424045139, throughput:463
HELDOUT episode:40/500, demand:raw_data/grid4x4/od_hubs/demand_set/hold_00.rou.xml, median wait:63.0
HELDOUT episode:40/500, demand:raw_data/grid4x4/od_hubs/demand_set/hold_01.rou.xml, travel time:331.7111111111111, rewards:-399.9255642361111, queue:8.093402777777778, delay:0.09275328318277995, throughput:495
HELDOUT episode:40/500, demand:raw_data/grid4x4/od_hubs/demand_set/hold_01.rou.xml, median wait:62.0
HELDOUT episode:40/500, demand:raw_data/grid4x4/od_hubs/demand_set/hold_02.rou.xml, travel time:333.1609442060086, rewards:-395.74110243055554, queue:7.974652777777778, delay:0.0968107435438368, throughput:466
HELDOUT episode:40/500, demand:raw_data/grid4x4/od_hubs/demand_set/hold_02.rou.xml, median wait:62.5
HELDOUT_MEAN episode:40/500, travel time:333.0005483166497 (n=3)
episode:41/500, train_demand:raw_data/grid4x4/od_hubs/demand_set/train_01.rou.xml
step:1800/1800, q_loss:16.283782958984375, rewards:-333.33111979166665, queue:6.0256944444444445, delay:0.06988050672743056, throughput:684
episode:41/500, real avg travel time:267.9897660818713
episode:41/500, median wait:50.0 (n=684)
episode:42/500, train_demand:raw_data/grid4x4/od_hubs/demand_set/train_02.rou.xml
step:1800/1800, q_loss:15.806800842285156, rewards:-332.9638888888889, queue:6.0211805555555555, delay:0.06594987445407444, throughput:674
episode:42/500, real avg travel time:250.2492581602374
episode:42/500, median wait:47.0 (n=674)
episode:43/500, train_demand:raw_data/grid4x4/od_hubs/demand_set/train_03.rou.xml
step:1800/1800, q_loss:15.241143226623535, rewards:-341.1400173611111, queue:6.2765625, delay:0.07056278652615017, throughput:724
episode:43/500, real avg travel time:265.9682320441989
episode:43/500, median wait:42.0 (n=724)
episode:44/500, train_demand:raw_data/grid4x4/od_hubs/demand_set/train_04.rou.xml
step:1800/1800, q_loss:14.927505493164062, rewards:-327.4972222222222, queue:5.837152777777778, delay:0.06212583118014865, throughput:657
episode:44/500, real avg travel time:247.54794520547946
episode:44/500, median wait:42.0 (n=657)
episode:45/500, train_demand:raw_data/grid4x4/od_hubs/demand_set/train_05.rou.xml
step:1800/1800, q_loss:14.617903709411621, rewards:-331.2322048611111, queue:5.952951388888889, delay:0.06577184465196398, throughput:705
episode:45/500, real avg travel time:260.2836879432624
episode:45/500, median wait:48.0 (n=705)
episode:46/500, train_demand:raw_data/grid4x4/od_hubs/demand_set/train_06.rou.xml
step:1800/1800, q_loss:14.208637237548828, rewards:-335.9849826388889, queue:6.108854166666666, delay:0.0674925168355306, throughput:699
episode:46/500, real avg travel time:274.18168812589414
episode:46/500, median wait:50.0 (n=699)
episode:47/500, train_demand:raw_data/grid4x4/od_hubs/demand_set/train_07.rou.xml
step:1800/1800, q_loss:13.774991989135742, rewards:-331.17999131944447, queue:5.9553819444444445, delay:0.06641586621602376, throughput:714
episode:47/500, real avg travel time:246.4747899159664
episode:47/500, median wait:43.0 (n=714)
episode:48/500, train_demand:raw_data/grid4x4/od_hubs/demand_set/train_08.rou.xml
step:1800/1800, q_loss:13.702065467834473, rewards:-330.1994357638889, queue:5.920833333333333, delay:0.06140083736843533, throughput:718
episode:48/500, real avg travel time:246.6518105849582
episode:48/500, median wait:39.0 (n=718)
episode:49/500, train_demand:raw_data/grid4x4/od_hubs/demand_set/train_09.rou.xml
step:1800/1800, q_loss:13.527957916259766, rewards:-330.24555121527777, queue:5.9265625, delay:0.06408993403116862, throughput:705
episode:49/500, real avg travel time:261.9560283687943
episode:49/500, median wait:46.0 (n=705)
cycle_mean cycle=4 m_prev=60.35 m_curr=45.90 rel=-0.2394 delta=-14.45 flat=False improved=True patience=0/3
episode:50/500, train_demand:raw_data/grid4x4/od_hubs/demand_set/train_00.rou.xml
step:1800/1800, q_loss:13.24254035949707, rewards:-327.31944444444446, queue:5.829340277777778, delay:0.06008370717366537, throughput:642
episode:50/500, real avg travel time:243.9423676012461
episode:50/500, median wait:44.0 (n=642)
HELDOUT episode:50/500, demand:raw_data/grid4x4/od_hubs/demand_set/hold_00.rou.xml, travel time:281.2809773123909, rewards:-359.15614149305554, queue:6.839583333333334, delay:0.07296824985080295, throughput:573
HELDOUT episode:50/500, demand:raw_data/grid4x4/od_hubs/demand_set/hold_00.rou.xml, median wait:53.0
HELDOUT episode:50/500, demand:raw_data/grid4x4/od_hubs/demand_set/hold_01.rou.xml, travel time:260.35, rewards:-357.07721354166665, queue:6.7765625, delay:0.0750014411078559, throughput:600
HELDOUT episode:50/500, demand:raw_data/grid4x4/od_hubs/demand_set/hold_01.rou.xml, median wait:42.0
HELDOUT episode:50/500, demand:raw_data/grid4x4/od_hubs/demand_set/hold_02.rou.xml, travel time:274.70588235294116, rewards:-355.72777777777776, queue:6.735069444444444, delay:0.07497315936618382, throughput:595
HELDOUT episode:50/500, demand:raw_data/grid4x4/od_hubs/demand_set/hold_02.rou.xml, median wait:43.0
HELDOUT_MEAN episode:50/500, travel time:272.11228655511076 (n=3)
New best heldout ATT=272.1123 at episode 50 (saved model/best_*.pt)
episode:51/500, train_demand:raw_data/grid4x4/od_hubs/demand_set/train_01.rou.xml
step:1800/1800, q_loss:12.953678131103516, rewards:-328.8922092013889, queue:5.879861111111111, delay:0.061168946160210506, throughput:694
episode:51/500, real avg travel time:256.1066282420749
episode:51/500, median wait:47.0 (n=694)
episode:52/500, train_demand:raw_data/grid4x4/od_hubs/demand_set/train_02.rou.xml
step:1800/1800, q_loss:12.758875846862793, rewards:-328.6044487847222, queue:5.877777777777778, delay:0.06352557606167264, throughput:712
episode:52/500, real avg travel time:253.4494382022472
episode:52/500, median wait:53.0 (n=712)
episode:53/500, train_demand:raw_data/grid4x4/od_hubs/demand_set/train_03.rou.xml
step:1800/1800, q_loss:12.656583786010742, rewards:-328.93055555555554, queue:5.890104166666666, delay:0.06350632773505317, throughput:767
episode:53/500, real avg travel time:243.9856584093872
episode:53/500, median wait:47.0 (n=767)
episode:54/500, train_demand:raw_data/grid4x4/od_hubs/demand_set/train_04.rou.xml
step:1800/1800, q_loss:12.609564781188965, rewards:-323.2038845486111, queue:5.725347222222222, delay:0.052148554060194224, throughput:672
episode:54/500, real avg travel time:228.5014880952381
episode:54/500, median wait:39.0 (n=672)
episode:55/500, train_demand:raw_data/grid4x4/od_hubs/demand_set/train_05.rou.xml
step:1800/1800, q_loss:12.43375015258789, rewards:-327.8860894097222, queue:5.853645833333333, delay:0.06022072368197971, throughput:708
episode:55/500, real avg travel time:250.10593220338984
episode:55/500, median wait:44.0 (n=708)
episode:56/500, train_demand:raw_data/grid4x4/od_hubs/demand_set/train_06.rou.xml
step:1800/1800, q_loss:12.189648628234863, rewards:-327.61944444444447, queue:5.839409722222222, delay:0.05794840918646919, throughput:698
episode:56/500, real avg travel time:242.00429799426934
episode:56/500, median wait:37.5 (n=698)
episode:57/500, train_demand:raw_data/grid4x4/od_hubs/demand_set/train_07.rou.xml
step:1800/1800, q_loss:12.24599838256836, rewards:-327.32332899305555, queue:5.838020833333333, delay:0.06067368189493815, throughput:715
episode:57/500, real avg travel time:242.4055944055944
episode:57/500, median wait:46.0 (n=715)
episode:58/500, train_demand:raw_data/grid4x4/od_hubs/demand_set/train_08.rou.xml
step:1800/1800, q_loss:12.109378814697266, rewards:-327.24945746527777, queue:5.8258680555555555, delay:0.06014074219597711, throughput:726
episode:58/500, real avg travel time:239.5909090909091
episode:58/500, median wait:39.0 (n=726)
episode:59/500, train_demand:raw_data/grid4x4/od_hubs/demand_set/train_09.rou.xml
step:1800/1800, q_loss:12.04930591583252, rewards:-324.6616536458333, queue:5.7503472222222225, delay:0.05717241499159071, throughput:715
episode:59/500, real avg travel time:239.85174825174826
episode:59/500, median wait:40.0 (n=715)
cycle_mean cycle=5 m_prev=45.90 m_curr=43.65 rel=-0.0490 delta=-2.25 flat=True improved=False patience=1/3
episode:60/500, train_demand:raw_data/grid4x4/od_hubs/demand_set/train_00.rou.xml
step:1800/1800, q_loss:12.005541801452637, rewards:-323.9033420138889, queue:5.733159722222222, delay:0.05606861644321018, throughput:665
episode:60/500, real avg travel time:244.03308270676692
episode:60/500, median wait:44.0 (n=665)
HELDOUT episode:60/500, demand:raw_data/grid4x4/od_hubs/demand_set/hold_00.rou.xml, travel time:264.19370860927154, rewards:-349.3566623263889, queue:6.535763888888889, delay:0.06525271733601888, throughput:604
HELDOUT episode:60/500, demand:raw_data/grid4x4/od_hubs/demand_set/hold_00.rou.xml, median wait:44.0
HELDOUT episode:60/500, demand:raw_data/grid4x4/od_hubs/demand_set/hold_01.rou.xml, travel time:261.4217791411043, rewards:-347.0527777777778, queue:6.456076388888889, delay:0.06611474884880914, throughput:652
HELDOUT episode:60/500, demand:raw_data/grid4x4/od_hubs/demand_set/hold_01.rou.xml, median wait:45.0
HELDOUT episode:60/500, demand:raw_data/grid4x4/od_hubs/demand_set/hold_02.rou.xml, travel time:253.29475308641975, rewards:-340.90223524305554, queue:6.270138888888889, delay:0.06663017272949219, throughput:648
HELDOUT episode:60/500, demand:raw_data/grid4x4/od_hubs/demand_set/hold_02.rou.xml, median wait:39.0
HELDOUT_MEAN episode:60/500, travel time:259.63674694559853 (n=3)
New best heldout ATT=259.6367 at episode 60 (saved model/best_*.pt)
episode:61/500, train_demand:raw_data/grid4x4/od_hubs/demand_set/train_01.rou.xml
step:1800/1800, q_loss:11.85229206085205, rewards:-323.9822482638889, queue:5.737326388888889, delay:0.054311174816555445, throughput:700
episode:61/500, real avg travel time:235.15142857142857
episode:61/500, median wait:41.0 (n=700)
episode:62/500, train_demand:raw_data/grid4x4/od_hubs/demand_set/train_02.rou.xml
step:1800/1800, q_loss:11.728550910949707, rewards:-323.42276475694445, queue:5.714409722222222, delay:0.05652518272399902, throughput:718
episode:62/500, real avg travel time:232.23119777158774
episode:62/500, median wait:40.0 (n=718)
episode:63/500, train_demand:raw_data/grid4x4/od_hubs/demand_set/train_03.rou.xml
step:1800/1800, q_loss:11.62425422668457, rewards:-326.2177734375, queue:5.801736111111111, delay:0.06030413839552137, throughput:776
episode:63/500, real avg travel time:236.07731958762886
episode:63/500, median wait:42.5 (n=776)
episode:64/500, train_demand:raw_data/grid4x4/od_hubs/demand_set/train_04.rou.xml
step:1800/1800, q_loss:11.629406929016113, rewards:-320.9583333333333, queue:5.640798611111111, delay:0.05154989030626085, throughput:683
episode:64/500, real avg travel time:230.2459736456808
episode:64/500, median wait:36.0 (n=683)
episode:65/500, train_demand:raw_data/grid4x4/od_hubs/demand_set/train_05.rou.xml
step:1800/1800, q_loss:11.534224510192871, rewards:-325.60442708333335, queue:5.782118055555555, delay:0.05674798223707411, throughput:713
episode:65/500, real avg travel time:240.09256661991586
episode:65/500, median wait:40.0 (n=713)
episode:66/500, train_demand:raw_data/grid4x4/od_hubs/demand_set/train_06.rou.xml
step:1800/1800, q_loss:11.53721809387207, rewards:-324.87999131944446, queue:5.767708333333333, delay:0.05441873338487413, throughput:708
episode:66/500, real avg travel time:231.50282485875707
episode:66/500, median wait:34.0 (n=708)
episode:67/500, train_demand:raw_data/grid4x4/od_hubs/demand_set/train_07.rou.xml
step:1800/1800, q_loss:11.4713134765625, rewards:-322.4689019097222, queue:5.682291666666667, delay:0.053926711612277564, throughput:732
episode:67/500, real avg travel time:226.0
episode:67/500, median wait:36.0 (n=732)
episode:68/500, train_demand:raw_data/grid4x4/od_hubs/demand_set/train_08.rou.xml
step:1800/1800, q_loss:11.49693775177002, rewards:-325.8644097222222, queue:5.796701388888889, delay:0.057310560014512804, throughput:722
episode:68/500, real avg travel time:231.44736842105263
episode:68/500, median wait:36.5 (n=722)
episode:69/500, train_demand:raw_data/grid4x4/od_hubs/demand_set/train_09.rou.xml
step:1800/1800, q_loss:11.470840454101562, rewards:-325.22389322916666, queue:5.780034722222222, delay:0.05757323900858561, throughput:711
episode:69/500, real avg travel time:243.36990154711674
episode:69/500, median wait:39.0 (n=711)
cycle_mean cycle=6 m_prev=43.65 m_curr=38.90 rel=-0.1088 delta=-4.75 flat=False improved=True patience=0/3
episode:70/500, train_demand:raw_data/grid4x4/od_hubs/demand_set/train_00.rou.xml
step:1800/1800, q_loss:11.42345905303955, rewards:-321.9138888888889, queue:5.672743055555555, delay:0.052737352583143444, throughput:671
episode:70/500, real avg travel time:230.92846497764532
episode:70/500, median wait:40.0 (n=671)
HELDOUT episode:70/500, demand:raw_data/grid4x4/od_hubs/demand_set/hold_00.rou.xml, travel time:274.20175438596493, rewards:-334.8549913194444, queue:6.068923611111111, delay:0.0677210913764106, throughput:684
HELDOUT episode:70/500, demand:raw_data/grid4x4/od_hubs/demand_set/hold_00.rou.xml, median wait:50.0
HELDOUT episode:70/500, demand:raw_data/grid4x4/od_hubs/demand_set/hold_01.rou.xml, travel time:260.93487698986974, rewards:-338.5616753472222, queue:6.188888888888889, delay:0.07042571173773872, throughput:691
HELDOUT episode:70/500, demand:raw_data/grid4x4/od_hubs/demand_set/hold_01.rou.xml, median wait:40.0
HELDOUT episode:70/500, demand:raw_data/grid4x4/od_hubs/demand_set/hold_02.rou.xml, travel time:271.58737151248164, rewards:-335.5633246527778, queue:6.0921875, delay:0.0697630352444119, throughput:681
HELDOUT episode:70/500, demand:raw_data/grid4x4/od_hubs/demand_set/hold_02.rou.xml, median wait:43.0
HELDOUT_MEAN episode:70/500, travel time:268.9080009627721 (n=3)
episode:71/500, train_demand:raw_data/grid4x4/od_hubs/demand_set/train_01.rou.xml
step:1800/1800, q_loss:11.344319343566895, rewards:-322.05169270833335, queue:5.676215277777778, delay:0.05435227817959255, throughput:702
episode:71/500, real avg travel time:228.92877492877494
episode:71/500, median wait:37.0 (n=702)
episode:72/500, train_demand:raw_data/grid4x4/od_hubs/demand_set/train_02.rou.xml
step:1800/1800, q_loss:11.281149864196777, rewards:-324.57332899305555, queue:5.752777777777778, delay:0.056185780631171335, throughput:722
episode:72/500, real avg travel time:234.1454293628809
episode:72/500, median wait:38.5 (n=722)
episode:73/500, train_demand:raw_data/grid4x4/od_hubs/demand_set/train_03.rou.xml
step:1800/1800, q_loss:11.235665321350098, rewards:-325.40277777777777, queue:5.791145833333333, delay:0.058455106947157116, throughput:774
episode:73/500, real avg travel time:234.15891472868216
episode:73/500, median wait:40.0 (n=774)
episode:74/500, train_demand:raw_data/grid4x4/od_hubs/demand_set/train_04.rou.xml
step:1800/1800, q_loss:11.260926246643066, rewards:-321.49388020833334, queue:5.6703125, delay:0.050092781914605033, throughput:687
episode:74/500, real avg travel time:229.12227074235807
episode:74/500, median wait:37.0 (n=687)
episode:75/500, train_demand:raw_data/grid4x4/od_hubs/demand_set/train_05.rou.xml
step:1800/1800, q_loss:11.195771217346191, rewards:-321.3466579861111, queue:5.649305555555555, delay:0.05351137585110134, throughput:723
episode:75/500, real avg travel time:226.95850622406638
episode:75/500, median wait:37.0 (n=723)
episode:76/500, train_demand:raw_data/grid4x4/od_hubs/demand_set/train_06.rou.xml
step:1800/1800, q_loss:11.129088401794434, rewards:-320.410546875, queue:5.623958333333333, delay:0.051859908633761935, throughput:714
episode:76/500, real avg travel time:221.06302521008402
episode:76/500, median wait:34.0 (n=714)
episode:77/500, train_demand:raw_data/grid4x4/od_hubs/demand_set/train_07.rou.xml
step:1800/1800, q_loss:11.12704849243164, rewards:-321.90941840277776, queue:5.6696180555555555, delay:0.053125551011827254, throughput:724
episode:77/500, real avg travel time:222.58977900552486
episode:77/500, median wait:33.5 (n=724)
episode:78/500, train_demand:raw_data/grid4x4/od_hubs/demand_set/train_08.rou.xml
step:1800/1800, q_loss:11.071991920471191, rewards:-320.9127604166667, queue:5.639930555555556, delay:0.05445810423956977, throughput:741
episode:78/500, real avg travel time:221.4574898785425
episode:78/500, median wait:34.0 (n=741)
episode:79/500, train_demand:raw_data/grid4x4/od_hubs/demand_set/train_09.rou.xml
step:1800/1800, q_loss:10.985111236572266, rewards:-322.5161241319444, queue:5.690104166666667, delay:0.05657339096069336, throughput:713
episode:79/500, real avg travel time:231.67321178120616
episode:79/500, median wait:38.0 (n=713)
cycle_mean cycle=7 m_prev=38.90 m_curr=36.90 rel=-0.0514 delta=-2.00 flat=False improved=True patience=0/3
episode:80/500, train_demand:raw_data/grid4x4/od_hubs/demand_set/train_00.rou.xml
step:1800/1800, q_loss:11.081910133361816, rewards:-321.9244357638889, queue:5.676909722222222, delay:0.05161857075161404, throughput:669
episode:80/500, real avg travel time:227.75485799701048
episode:80/500, median wait:37.0 (n=669)
HELDOUT episode:80/500, demand:raw_data/grid4x4/od_hubs/demand_set/hold_00.rou.xml, travel time:258.33885542168673, rewards:-336.02335069444445, queue:6.112673611111111, delay:0.06751417583889431, throughput:664
HELDOUT episode:80/500, demand:raw_data/grid4x4/od_hubs/demand_set/hold_00.rou.xml, median wait:36.0
HELDOUT episode:80/500, demand:raw_data/grid4x4/od_hubs/demand_set/hold_01.rou.xml, travel time:247.8155197657394, rewards:-337.1738715277778, queue:6.140625, delay:0.0683357768588596, throughput:683
HELDOUT episode:80/500, demand:raw_data/grid4x4/od_hubs/demand_set/hold_01.rou.xml, median wait:36.0
HELDOUT episode:80/500, demand:raw_data/grid4x4/od_hubs/demand_set/hold_02.rou.xml, travel time:253.52724594992637, rewards:-333.6922309027778, queue:6.030729166666666, delay:0.06828668382432726, throughput:679
HELDOUT episode:80/500, demand:raw_data/grid4x4/od_hubs/demand_set/hold_02.rou.xml, median wait:33.0
HELDOUT_MEAN episode:80/500, travel time:253.22720704578418 (n=3)
New best heldout ATT=253.2272 at episode 80 (saved model/best_*.pt)
episode:81/500, train_demand:raw_data/grid4x4/od_hubs/demand_set/train_01.rou.xml
step:1800/1800, q_loss:11.05916976928711, rewards:-321.1049913194444, queue:5.653125, delay:0.05353110631306966, throughput:708
episode:81/500, real avg travel time:226.97033898305085
episode:81/500, median wait:34.0 (n=708)
episode:82/500, train_demand:raw_data/grid4x4/od_hubs/demand_set/train_02.rou.xml
step:1800/1800, q_loss:11.019872665405273, rewards:-323.5755642361111, queue:5.720486111111111, delay:0.05426736937628852, throughput:712
episode:82/500, real avg travel time:225.40028089887642
episode:82/500, median wait:36.0 (n=712)
episode:83/500, train_demand:raw_data/grid4x4/od_hubs/demand_set/train_03.rou.xml
step:1800/1800, q_loss:11.000134468078613, rewards:-325.3427734375, queue:5.7737847222222225, delay:0.05622517267862956, throughput:762
episode:83/500, real avg travel time:230.56299212598427
episode:83/500, median wait:34.0 (n=762)
episode:84/500, train_demand:raw_data/grid4x4/od_hubs/demand_set/train_04.rou.xml
step:1800/1800, q_loss:10.984834671020508, rewards:-321.0322265625, queue:5.6546875, delay:0.052958112292819555, throughput:673
episode:84/500, real avg travel time:225.22734026745914
episode:84/500, median wait:39.0 (n=673)
episode:85/500, train_demand:raw_data/grid4x4/od_hubs/demand_set/train_05.rou.xml
step:1800/1800, q_loss:10.947214126586914, rewards:-320.7133463541667, queue:5.637152777777778, delay:0.053728580474853516, throughput:717
episode:85/500, real avg travel time:225.302649930265
episode:85/500, median wait:35.0 (n=717)
episode:86/500, train_demand:raw_data/grid4x4/od_hubs/demand_set/train_06.rou.xml
step:1800/1800, q_loss:10.992647171020508, rewards:-320.4922092013889, queue:5.625694444444444, delay:0.05287436379326715, throughput:722
episode:86/500, real avg travel time:222.03185595567868
episode:86/500, median wait:32.0 (n=722)
episode:87/500, train_demand:raw_data/grid4x4/od_hubs/demand_set/train_07.rou.xml
step:1800/1800, q_loss:10.928735733032227, rewards:-320.8133246527778, queue:5.641493055555555, delay:0.05242953830295139, throughput:732
episode:87/500, real avg travel time:222.25
episode:87/500, median wait:35.0 (n=732)
episode:88/500, train_demand:raw_data/grid4x4/od_hubs/demand_set/train_08.rou.xml
step:1800/1800, q_loss:10.89191722869873, rewards:-321.2644314236111, queue:5.650173611111111, delay:0.0514487796359592, throughput:742
episode:88/500, real avg travel time:222.03773584905662
episode:88/500, median wait:33.5 (n=742)
episode:89/500, train_demand:raw_data/grid4x4/od_hubs/demand_set/train_09.rou.xml
step:1800/1800, q_loss:10.915331840515137, rewards:-321.26002604166666, queue:5.646875, delay:0.05305615531073676, throughput:713
episode:89/500, real avg travel time:225.85273492286115
episode:89/500, median wait:37.0 (n=713)
cycle_mean cycle=8 m_prev=36.90 m_curr=35.25 rel=-0.0447 delta=-1.65 flat=True improved=False patience=1/3
episode:90/500, train_demand:raw_data/grid4x4/od_hubs/demand_set/train_00.rou.xml
step:1800/1800, q_loss:10.837957382202148, rewards:-320.2916666666667, queue:5.623090277777778, delay:0.0533546871609158, throughput:676
episode:90/500, real avg travel time:227.12869822485206
episode:90/500, median wait:41.0 (n=676)
HELDOUT episode:90/500, demand:raw_data/grid4x4/od_hubs/demand_set/hold_00.rou.xml, travel time:225.74117647058824, rewards:-326.46219618055557, queue:5.812673611111111, delay:0.056816154056125216, throughput:680
HELDOUT episode:90/500, demand:raw_data/grid4x4/od_hubs/demand_set/hold_00.rou.xml, median wait:32.0
HELDOUT episode:90/500, demand:raw_data/grid4x4/od_hubs/demand_set/hold_01.rou.xml, travel time:224.00279329608938, rewards:-325.314453125, queue:5.779340277777778, delay:0.0595137702094184, throughput:716
HELDOUT episode:90/500, demand:raw_data/grid4x4/od_hubs/demand_set/hold_01.rou.xml, median wait:35.0
HELDOUT episode:90/500, demand:raw_data/grid4x4/od_hubs/demand_set/hold_02.rou.xml, travel time:218.2357142857143, rewards:-322.95221354166665, queue:5.702951388888889, delay:0.055712217754787866, throughput:700
HELDOUT episode:90/500, demand:raw_data/grid4x4/od_hubs/demand_set/hold_02.rou.xml, median wait:28.0
HELDOUT_MEAN episode:90/500, travel time:222.65989468413065 (n=3)
New best heldout ATT=222.6599 at episode 90 (saved model/best_*.pt)
episode:91/500, train_demand:raw_data/grid4x4/od_hubs/demand_set/train_01.rou.xml
step:1800/1800, q_loss:10.897713661193848, rewards:-319.5755425347222, queue:5.597222222222222, delay:0.049947728051079644, throughput:710
episode:91/500, real avg travel time:219.52957746478873
episode:91/500, median wait:31.0 (n=710)
episode:92/500, train_demand:raw_data/grid4x4/od_hubs/demand_set/train_02.rou.xml
step:1800/1800, q_loss:10.85269546508789, rewards:-322.2683376736111, queue:5.68125, delay:0.0550514539082845, throughput:724
episode:92/500, real avg travel time:228.8549723756906
episode:92/500, median wait:37.0 (n=724)
episode:93/500, train_demand:raw_data/grid4x4/od_hubs/demand_set/train_03.rou.xml
step:1800/1800, q_loss:10.871621131896973, rewards:-322.61334635416665, queue:5.6930555555555555, delay:0.056621487935384116, throughput:773
episode:93/500, real avg travel time:225.10219922380335
episode:93/500, median wait:35.0 (n=773)
episode:94/500, train_demand:raw_data/grid4x4/od_hubs/demand_set/train_04.rou.xml
step:1800/1800, q_loss:10.906335830688477, rewards:-319.42664930555554, queue:5.602777777777778, delay:0.05106647279527452, throughput:686
episode:94/500, real avg travel time:220.45481049562682
episode:94/500, median wait:32.0 (n=686)
episode:95/500, train_demand:raw_data/grid4x4/od_hubs/demand_set/train_05.rou.xml
step:1800/1800, q_loss:10.809185028076172, rewards:-320.92389322916665, queue:5.634548611111111, delay:0.053740533192952473, throughput:721
episode:95/500, real avg travel time:224.69070735090153
episode:95/500, median wait:33.0 (n=721)
episode:96/500, train_demand:raw_data/grid4x4/od_hubs/demand_set/train_06.rou.xml
step:1800/1800, q_loss:10.760263442993164, rewards:-321.06499565972223, queue:5.6383680555555555, delay:0.051088168885972764, throughput:714
episode:96/500, real avg travel time:223.15826330532212
episode:96/500, median wait:35.0 (n=714)
episode:97/500, train_demand:raw_data/grid4x4/od_hubs/demand_set/train_07.rou.xml
step:1800/1800, q_loss:10.740406036376953, rewards:-321.85390625, queue:5.672048611111111, delay:0.0525133556789822, throughput:735
episode:97/500, real avg travel time:225.22857142857143
episode:97/500, median wait:34.0 (n=735)
episode:98/500, train_demand:raw_data/grid4x4/od_hubs/demand_set/train_08.rou.xml
step:1800/1800, q_loss:10.710280418395996, rewards:-319.2349826388889, queue:5.587673611111111, delay:0.04847671190897624, throughput:746
episode:98/500, real avg travel time:216.68766756032173
episode:98/500, median wait:32.0 (n=746)
episode:99/500, train_demand:raw_data/grid4x4/od_hubs/demand_set/train_09.rou.xml
step:1800/1800, q_loss:10.81928539276123, rewards:-319.50499131944446, queue:5.596527777777778, delay:0.051971620983547635, throughput:719
episode:99/500, real avg travel time:219.37830319888735
episode:99/500, median wait:35.0 (n=719)
cycle_mean cycle=9 m_prev=35.25 m_curr=34.50 rel=-0.0213 delta=-0.75 flat=True improved=False patience=2/3
episode:100/500, train_demand:raw_data/grid4x4/od_hubs/demand_set/train_00.rou.xml
step:1800/1800, q_loss:10.785446166992188, rewards:-318.6033420138889, queue:5.572395833333333, delay:0.04806024763319228, throughput:673
episode:100/500, real avg travel time:217.02377414561664
episode:100/500, median wait:32.0 (n=673)
HELDOUT episode:100/500, demand:raw_data/grid4x4/od_hubs/demand_set/hold_00.rou.xml, travel time:257.61682242990656, rewards:-338.5783203125, queue:6.201215277777778, delay:0.06489301257663303, throughput:642
HELDOUT episode:100/500, demand:raw_data/grid4x4/od_hubs/demand_set/hold_00.rou.xml, median wait:51.0
HELDOUT episode:100/500, demand:raw_data/grid4x4/od_hubs/demand_set/hold_01.rou.xml, travel time:261.13253012048193, rewards:-345.37443576388887, queue:6.414236111111111, delay:0.06633225546942817, throughput:664
HELDOUT episode:100/500, demand:raw_data/grid4x4/od_hubs/demand_set/hold_01.rou.xml, median wait:50.5
HELDOUT episode:100/500, demand:raw_data/grid4x4/od_hubs/demand_set/hold_02.rou.xml, travel time:253.18361153262518, rewards:-338.95889756944445, queue:6.207986111111111, delay:0.06594363318549262, throughput:659
HELDOUT episode:100/500, demand:raw_data/grid4x4/od_hubs/demand_set/hold_02.rou.xml, median wait:40.0
HELDOUT_MEAN episode:100/500, travel time:257.3109880276712 (n=3)
episode:101/500, train_demand:raw_data/grid4x4/od_hubs/demand_set/train_01.rou.xml
step:1800/1800, q_loss:10.658025741577148, rewards:-319.8472005208333, queue:5.606944444444444, delay:0.050001970926920575, throughput:709
episode:101/500, real avg travel time:219.19605077574047
episode:101/500, median wait:33.0 (n=709)
episode:102/500, train_demand:raw_data/grid4x4/od_hubs/demand_set/train_02.rou.xml
step:1800/1800, q_loss:10.585177421569824, rewards:-319.28111979166664, queue:5.595486111111111, delay:0.04978262583414714, throughput:722
episode:102/500, real avg travel time:217.25346260387812
episode:102/500, median wait:34.0 (n=722)
episode:103/500, train_demand:raw_data/grid4x4/od_hubs/demand_set/train_03.rou.xml
step:1800/1800, q_loss:10.704549789428711, rewards:-321.49390190972224, queue:5.667361111111111, delay:0.05339486863878038, throughput:778
episode:103/500, real avg travel time:220.19023136246787
episode:103/500, median wait:34.0 (n=778)
episode:104/500, train_demand:raw_data/grid4x4/od_hubs/demand_set/train_04.rou.xml
step:1800/1800, q_loss:10.66380500793457, rewards:-317.3938802083333, queue:5.536631944444444, delay:0.046109882990519206, throughput:687
episode:104/500, real avg travel time:214.21251819505093
episode:104/500, median wait:31.0 (n=687)
episode:105/500, train_demand:raw_data/grid4x4/od_hubs/demand_set/train_05.rou.xml
step:1800/1800, q_loss:10.692870140075684, rewards:-321.2621961805556, queue:5.650347222222222, delay:0.05275362332661947, throughput:723
episode:105/500, real avg travel time:225.2959889349931
episode:105/500, median wait:34.0 (n=723)
episode:106/500, train_demand:raw_data/grid4x4/od_hubs/demand_set/train_06.rou.xml
step:1800/1800, q_loss:10.626860618591309, rewards:-321.0011284722222, queue:5.6402777777777775, delay:0.05386654535929362, throughput:714
episode:106/500, real avg travel time:224.00560224089637
episode:106/500, median wait:38.0 (n=714)
episode:107/500, train_demand:raw_data/grid4x4/od_hubs/demand_set/train_07.rou.xml
step:1800/1800, q_loss:10.6891450881958, rewards:-320.1383246527778, queue:5.618576388888889, delay:0.051622623867458764, throughput:733
episode:107/500, real avg travel time:220.13915416098226
episode:107/500, median wait:32.0 (n=733)
episode:108/500, train_demand:raw_data/grid4x4/od_hubs/demand_set/train_08.rou.xml
step:1800/1800, q_loss:10.568270683288574, rewards:-320.8655598958333, queue:5.6402777777777775, delay:0.05214321348402235, throughput:746
episode:108/500, real avg travel time:220.0911528150134
episode:108/500, median wait:32.0 (n=746)
episode:109/500, train_demand:raw_data/grid4x4/od_hubs/demand_set/train_09.rou.xml
step:1800/1800, q_loss:10.662738800048828, rewards:-319.6050130208333, queue:5.599479166666667, delay:0.049576589796278214, throughput:721
episode:109/500, real avg travel time:220.26074895977808
episode:109/500, median wait:32.0 (n=721)
cycle_mean cycle=10 m_prev=34.50 m_curr=33.20 rel=-0.0377 delta=-1.30 flat=True improved=False patience=3/3
early_stop at episode 109/500 (cycle_mean wait, m=33.20, best ATT=222.66 at episode 90, source=heldout)
reloaded best checkpoint from episode 90 (ATT=222.66, source=heldout)
HELDOUT episode:500/500, demand:raw_data/grid4x4/od_hubs/demand_set/hold_00.rou.xml, travel time:241.06163328197226, rewards:-332.86223958333335, queue:6.015451388888889, delay:0.06266894340515136, throughput:649
HELDOUT episode:500/500, demand:raw_data/grid4x4/od_hubs/demand_set/hold_00.rou.xml, median wait:36.0
Saved 780 vehicle trip records to data/output_data/tsc/sumo_dqn_rich_odh_l2/sumo4x4/l2_odh_posthetero/logger/new_metrics_hold_00.csv (ATT=241.06s, completion=83.2%)
HELDOUT episode:500/500, demand:raw_data/grid4x4/od_hubs/demand_set/hold_01.rou.xml, travel time:243.76546762589928, rewards:-332.39887152777777, queue:6.002951388888889, delay:0.06445723639594184, throughput:695
HELDOUT episode:500/500, demand:raw_data/grid4x4/od_hubs/demand_set/hold_01.rou.xml, median wait:39.0
Saved 817 vehicle trip records to data/output_data/tsc/sumo_dqn_rich_odh_l2/sumo4x4/l2_odh_posthetero/logger/new_metrics_hold_01.csv (ATT=243.77s, completion=85.1%)
HELDOUT episode:500/500, demand:raw_data/grid4x4/od_hubs/demand_set/hold_02.rou.xml, travel time:254.75229357798165, rewards:-339.4538845486111, queue:6.219791666666667, delay:0.06584462059868706, throughput:654
HELDOUT episode:500/500, demand:raw_data/grid4x4/od_hubs/demand_set/hold_02.rou.xml, median wait:39.0
Saved 795 vehicle trip records to data/output_data/tsc/sumo_dqn_rich_odh_l2/sumo4x4/l2_odh_posthetero/logger/new_metrics_hold_02.csv (ATT=254.75s, completion=82.3%)
HELDOUT_MEAN episode:500/500, travel time:246.52646482861772 (n=3)
HELDOUT episode:90/500, demand:raw_data/grid4x4/od_hubs/demand_set/hold_00.rou.xml, travel time:243.46508172362556, rewards:-329.50334201388887, queue:5.905208333333333, delay:0.06093183623419868, throughput:673
HELDOUT episode:90/500, demand:raw_data/grid4x4/od_hubs/demand_set/hold_00.rou.xml, median wait:38.0
Saved 780 vehicle trip records to data/output_data/tsc/sumo_dqn_rich_odh_l2/sumo4x4/l2_odh_posthetero/logger/new_metrics_best_hold_00.csv (ATT=243.47s, completion=86.3%)
HELDOUT episode:90/500, demand:raw_data/grid4x4/od_hubs/demand_set/hold_01.rou.xml, travel time:250.73737373737373, rewards:-334.81612413194443, queue:6.073263888888889, delay:0.06681196954515245, throughput:693
HELDOUT episode:90/500, demand:raw_data/grid4x4/od_hubs/demand_set/hold_01.rou.xml, median wait:41.0
Saved 817 vehicle trip records to data/output_data/tsc/sumo_dqn_rich_odh_l2/sumo4x4/l2_odh_posthetero/logger/new_metrics_best_hold_01.csv (ATT=250.74s, completion=84.8%)
HELDOUT episode:90/500, demand:raw_data/grid4x4/od_hubs/demand_set/hold_02.rou.xml, travel time:240.6859756097561, rewards:-335.6172309027778, queue:6.1012152777777775, delay:0.06199189292060004, throughput:656
HELDOUT episode:90/500, demand:raw_data/grid4x4/od_hubs/demand_set/hold_02.rou.xml, median wait:31.0
Saved 795 vehicle trip records to data/output_data/tsc/sumo_dqn_rich_odh_l2/sumo4x4/l2_odh_posthetero/logger/new_metrics_best_hold_02.csv (ATT=240.69s, completion=82.5%)
HELDOUT_MEAN episode:90/500, travel time:244.96281035691845 (n=3)
Total time taken: 1721.206398010254
