presslight	TRAIN	0	401.1	0.0	-141.77	10.60	0.24	3647
presslight	TEST	0	643.2	100.0	-305.54	22.56	0.41	1113
presslight	TRAIN	1	354.8	0.0	-132.95	10.19	0.23	3724
presslight	TEST	1	643.2	100.0	-305.54	22.56	0.41	1113
presslight	TRAIN	2	360.5	34.5	-158.59	11.45	0.25	3331
presslight	TEST	2	631.5	100.0	-297.75	19.67	0.37	1012
presslight	TRAIN	3	565.3	61.5	-236.02	15.67	0.34	1641
presslight	TEST	3	406.2	100.0	-209.23	14.90	0.37	1544
presslight	TRAIN	4	592.6	154.6	-210.64	14.60	0.34	2051
presslight	TEST	4	471.2	100.0	-226.12	15.80	0.35	1707
presslight	TRAIN	5	475.7	206.7	-193.49	13.75	0.30	2191
presslight	TEST	5	433.5	100.0	-169.67	12.67	0.32	2001
presslight	TRAIN	6	416.3	227.0	-188.07	13.46	0.28	2308
presslight	TEST	6	413.4	100.0	-186.64	14.23	0.30	1682
presslight	TRAIN	7	497.2	217.1	-194.30	13.43	0.28	2523
presslight	TEST	7	454.9	100.0	-210.53	14.46	0.32	1724
presslight	TRAIN	8	485.0	203.1	-161.48	11.81	0.26	2743
presslight	TEST	8	438.8	100.0	-207.84	13.88	0.28	1695
presslight	TRAIN	9	495.6	197.4	-152.18	11.22	0.23	3126
presslight	TEST	9	358.2	100.0	-140.40	11.31	0.27	2244
presslight	TRAIN	10	447.6	188.2	-159.50	11.56	0.24	2944
presslight	TEST	10	360.9	100.0	-190.45	13.07	0.23	2673
presslight	TRAIN	11	419.2	178.2	-162.28	11.89	0.24	2866
presslight	TEST	11	417.6	100.0	-170.61	12.69	0.27	1883
presslight	TRAIN	12	414.3	167.4	-153.89	11.45	0.23	2881
presslight	TEST	12	423.5	100.0	-193.47	13.47	0.26	2531
presslight	TRAIN	13	330.4	169.2	-161.68	11.88	0.23	2727
presslight	TEST	13	327.0	100.0	-174.31	12.72	0.22	2320
presslight	TRAIN	14	422.1	171.7	-171.30	12.55	0.24	2646
presslight	TEST	14	437.4	100.0	-202.97	13.83	0.28	1885
presslight	TRAIN	15	387.4	176.6	-155.87	11.29	0.21	2985
presslight	TEST	15	436.2	100.0	-196.43	13.41	0.26	1939
presslight	TRAIN	16	506.2	174.5	-164.48	12.07	0.23	2810
presslight	TEST	16	428.8	100.0	-176.67	12.80	0.25	2135
presslight	TRAIN	17	482.9	174.9	-155.62	11.30	0.21	3086
presslight	TEST	17	366.0	100.0	-184.28	12.96	0.27	2096
presslight	TRAIN	18	466.3	169.6	-158.43	11.86	0.23	2745
presslight	TEST	18	328.0	100.0	-170.83	12.32	0.24	2257
presslight	TRAIN	19	446.3	156.0	-160.75	11.76	0.23	2730
presslight	TEST	19	336.0	100.0	-186.82	13.18	0.26	2082
presslight	TRAIN	20	528.4	153.8	-151.39	11.04	0.21	3041
presslight	TEST	20	429.7	100.0	-149.54	11.41	0.25	2421
presslight	TRAIN	21	444.2	141.5	-156.29	11.45	0.22	2943
presslight	TEST	21	446.9	100.0	-174.13	12.45	0.25	2172
presslight	TRAIN	22	487.1	139.2	-149.46	11.02	0.22	2968
presslight	TEST	22	365.5	100.0	-169.06	12.22	0.24	2474
presslight	TRAIN	23	410.3	135.2	-149.98	11.04	0.22	3076
presslight	TEST	23	352.0	100.0	-135.79	10.56	0.23	2551
presslight	TRAIN	24	423.0	138.1	-165.46	11.99	0.22	3022
presslight	TEST	24	361.3	100.0	-182.93	13.28	0.26	2286
presslight	TRAIN	25	384.1	132.5	-158.61	11.70	0.24	2915
presslight	TEST	25	297.9	100.0	-177.73	13.04	0.25	2460
presslight	TRAIN	26	364.6	134.7	-157.18	11.69	0.23	3006
presslight	TEST	26	398.9	100.0	-182.60	13.00	0.25	2365
presslight	TRAIN	27	340.1	129.3	-149.64	11.21	0.22	3112
presslight	TEST	27	350.9	100.0	-154.97	11.35	0.22	3068
presslight	TRAIN	28	342.1	125.1	-149.99	11.11	0.21	3144
presslight	TEST	28	377.1	100.0	-156.64	11.66	0.23	3036
presslight	TRAIN	29	373.6	115.6	-147.87	11.08	0.21	3128
presslight	TEST	29	344.5	100.0	-147.59	11.00	0.22	3152
presslight	TRAIN	30	355.9	119.6	-146.11	10.96	0.21	3197
presslight	TEST	30	344.3	100.0	-157.65	11.48	0.22	3060
presslight	TRAIN	31	368.0	115.5	-149.63	11.00	0.21	3165
presslight	TEST	31	394.1	100.0	-173.91	12.45	0.24	2533
presslight	TRAIN	32	358.3	108.7	-151.62	11.33	0.22	3117
presslight	TEST	32	495.2	100.0	-168.79	12.18	0.24	2646
presslight	TRAIN	33	341.0	108.1	-147.83	10.95	0.20	3123
presslight	TEST	33	350.9	100.0	-153.08	11.27	0.21	3075
presslight	TRAIN	34	319.3	105.9	-166.29	12.43	0.23	2723
presslight	TEST	34	319.5	100.0	-154.85	11.41	0.21	3118
presslight	TRAIN	35	324.3	108.3	-145.76	11.00	0.20	3146
presslight	TEST	35	361.2	100.0	-182.08	13.09	0.23	2359
presslight	TRAIN	36	344.8	100.7	-151.95	11.22	0.21	3226
presslight	TEST	36	312.7	100.0	-155.24	11.48	0.21	3095
presslight	TRAIN	37	392.5	98.6	-153.60	11.40	0.21	3147
presslight	TEST	37	379.6	100.0	-150.06	11.27	0.22	3207
presslight	TRAIN	38	368.1	93.9	-149.37	11.15	0.20	3237
presslight	TEST	38	403.4	100.0	-158.18	11.72	0.22	2668
presslight	TRAIN	39	453.4	93.6	-147.50	11.04	0.21	3112
presslight	TEST	39	334.1	100.0	-148.88	10.99	0.20	3252
presslight	TRAIN	40	423.9	97.4	-131.04	10.36	0.22	2712
presslight	TEST	40	363.1	100.0	-149.56	11.10	0.20	3270
presslight	TRAIN	41	388.5	98.3	-149.70	11.15	0.20	3257
presslight	TEST	41	342.7	100.0	-149.35	11.04	0.21	3216
presslight	TRAIN	42	420.0	93.7	-148.57	11.10	0.21	3344
presslight	TEST	42	337.4	100.0	-146.70	10.81	0.20	3287
presslight	TRAIN	43	371.9	98.4	-154.24	11.36	0.21	3174
presslight	TEST	43	350.1	100.0	-154.36	11.13	0.19	3231
presslight	TRAIN	44	395.4	95.0	-148.33	11.07	0.20	3133
presslight	TEST	44	362.7	100.0	-127.20	10.21	0.22	2828
presslight	TRAIN	45	391.9	94.9	-150.01	11.21	0.20	3186
presslight	TEST	45	366.5	100.0	-127.90	10.28	0.22	2684
