presslight_rich	TRAIN	0	334.4	0.0	-62.46	2.72	0.21	1323
presslight_rich	HELDOUT	0	406.2	100.0	-136.21	8.43	0.37	487
presslight_rich	HELDOUT	0	387.6	100.0	-149.82	8.74	0.38	499
presslight_rich	HELDOUT	0	397.3	100.0	-144.74	9.14	0.39	452
presslight_rich	HELDOUT_MEAN	0	397.0	100.0	0.00	0.00	0.00	0
presslight_rich	TRAIN	1	343.6	0.0	-62.53	2.73	0.21	1304
presslight_rich	TRAIN	2	353.1	0.0	-73.12	3.35	0.22	1188
presslight_rich	TRAIN	3	324.8	0.0	-58.23	2.43	0.21	1480
presslight_rich	TRAIN	4	345.9	0.0	-63.82	2.93	0.22	1316
presslight_rich	TRAIN	5	313.2	13.6	-83.07	4.44	0.24	1070
presslight_rich	TRAIN	6	382.8	16.5	-91.07	4.21	0.26	746
presslight_rich	TRAIN	7	305.7	28.1	-67.31	2.98	0.20	734
presslight_rich	TRAIN	8	287.0	35.3	-52.54	2.34	0.15	869
presslight_rich	TRAIN	9	261.8	40.4	-45.69	1.84	0.15	1149
presslight_rich	TRAIN	10	274.8	43.2	-46.06	1.87	0.15	1166
presslight_rich	HELDOUT	10	263.8	100.0	-52.96	2.20	0.15	1119
presslight_rich	HELDOUT	10	254.1	100.0	-47.03	1.90	0.15	1173
presslight_rich	HELDOUT	10	252.7	100.0	-52.10	2.17	0.16	1117
presslight_rich	HELDOUT_MEAN	10	256.9	100.0	0.00	0.00	0.00	0
presslight_rich	TRAIN	11	262.8	42.2	-47.08	1.95	0.15	1118
presslight_rich	TRAIN	12	256.9	41.5	-50.62	2.08	0.15	1156
presslight_rich	TRAIN	13	276.3	40.3	-49.57	2.04	0.15	1198
presslight_rich	TRAIN	14	282.6	39.0	-36.02	1.37	0.14	1254
presslight_rich	TRAIN	15	274.9	37.5	-40.27	1.57	0.14	1334
presslight_rich	TRAIN	16	276.6	35.0	-42.92	1.70	0.14	1338
presslight_rich	TRAIN	17	284.0	34.0	-39.31	1.51	0.14	1367
presslight_rich	TRAIN	18	275.5	32.3	-38.81	1.50	0.14	1337
presslight_rich	TRAIN	19	284.9	31.7	-37.31	1.37	0.14	1364
presslight_rich	TRAIN	20	280.7	31.0	-30.73	1.07	0.12	1409
presslight_rich	HELDOUT	20	257.5	100.0	-50.82	2.12	0.14	1307
presslight_rich	HELDOUT	20	259.9	100.0	-40.83	1.55	0.14	1440
presslight_rich	HELDOUT	20	263.3	100.0	-43.98	1.73	0.14	1355
presslight_rich	HELDOUT_MEAN	20	260.2	100.0	0.00	0.00	0.00	0
presslight_rich	TRAIN	21	268.4	29.6	-33.92	1.24	0.13	1354
presslight_rich	TRAIN	22	272.7	29.1	-33.26	1.17	0.13	1516
presslight_rich	TRAIN	23	293.5	28.8	-33.47	1.16	0.13	1568
presslight_rich	TRAIN	24	281.8	28.6	-29.97	1.03	0.13	1561
presslight_rich	TRAIN	25	269.3	28.5	-28.91	0.97	0.12	1559
presslight_rich	TRAIN	26	287.5	27.3	-32.15	1.16	0.13	1506
presslight_rich	TRAIN	27	277.7	25.6	-29.79	1.08	0.13	1523
presslight_rich	TRAIN	28	279.7	25.8	-34.84	1.27	0.13	1536
presslight_rich	TRAIN	29	276.6	25.4	-35.25	1.30	0.13	1424
presslight_rich	TRAIN	30	270.5	24.5	-27.37	0.91	0.12	1512
presslight_rich	HELDOUT	30	275.0	100.0	-28.64	0.94	0.12	1587
presslight_rich	HELDOUT	30	271.2	100.0	-28.08	0.91	0.12	1576
presslight_rich	HELDOUT	30	267.0	100.0	-29.91	1.00	0.13	1567
presslight_rich	HELDOUT_MEAN	30	271.1	100.0	0.00	0.00	0.00	0
presslight_rich	TRAIN	31	285.6	23.9	-40.36	1.58	0.14	1256
presslight_rich	TRAIN	32	274.2	22.4	-30.46	1.06	0.13	1435
presslight_rich	TRAIN	33	279.3	21.6	-31.58	1.09	0.13	1452
presslight_rich	TRAIN	34	256.3	20.3	-26.82	0.89	0.12	1358
presslight_rich	TRAIN	35	287.3	19.9	-35.54	1.31	0.13	1460
presslight_rich	TRAIN	36	273.7	20.6	-26.95	0.88	0.12	1480
presslight_rich	TRAIN	37	279.0	20.0	-28.00	0.94	0.12	1414
presslight_rich	TRAIN	38	287.8	19.9	-30.55	1.07	0.12	1468
presslight_rich	TRAIN	39	277.7	19.6	-28.11	0.92	0.12	1429
presslight_rich	TRAIN	40	279.0	18.9	-25.65	0.83	0.11	1379
presslight_rich	HELDOUT	40	276.8	100.0	-28.17	0.92	0.11	1458
presslight_rich	HELDOUT	40	281.0	100.0	-31.28	1.08	0.12	1442
presslight_rich	HELDOUT	40	282.9	100.0	-28.47	0.95	0.12	1390
presslight_rich	HELDOUT_MEAN	40	280.2	100.0	0.00	0.00	0.00	0
presslight_rich	TRAIN	41	282.9	17.6	-30.98	1.10	0.13	1436
presslight_rich	TRAIN	42	256.8	16.9	-26.68	0.84	0.11	1463
presslight_rich	TRAIN	43	275.4	16.2	-30.52	1.01	0.12	1457
presslight_rich	TRAIN	44	269.5	16.0	-26.67	0.86	0.11	1428
presslight_rich	TRAIN	45	280.0	15.5	-28.19	0.96	0.12	1342
presslight_rich	TRAIN	46	295.0	14.6	-27.52	0.88	0.11	1506
presslight_rich	TRAIN	47	283.4	14.3	-31.09	1.10	0.12	1346
presslight_rich	TRAIN	48	273.5	14.8	-29.85	1.04	0.12	1428
presslight_rich	TRAIN	49	287.5	14.5	-37.48	1.39	0.13	1370
presslight_rich	TRAIN	50	267.5	14.4	-25.27	0.79	0.11	1406
presslight_rich	HELDOUT	50	302.6	100.0	-39.72	1.52	0.13	1454
presslight_rich	HELDOUT	50	289.7	100.0	-28.08	0.91	0.11	1435
presslight_rich	HELDOUT	50	283.0	100.0	-31.70	1.13	0.13	1319
presslight_rich	HELDOUT_MEAN	50	291.8	100.0	0.00	0.00	0.00	0
presslight_rich	TRAIN	51	289.6	14.0	-31.93	1.13	0.12	1319
presslight_rich	TRAIN	52	268.0	13.8	-25.50	0.79	0.11	1532
presslight_rich	TRAIN	53	287.9	14.5	-33.93	1.18	0.12	1473
presslight_rich	TRAIN	54	283.2	15.1	-28.38	0.94	0.11	1411
presslight_rich	TRAIN	55	274.4	14.1	-25.92	0.83	0.11	1474
presslight_rich	TRAIN	56	280.5	13.6	-27.06	0.87	0.11	1487
presslight_rich	TRAIN	57	266.0	13.8	-27.64	0.92	0.12	1414
presslight_rich	TRAIN	58	276.6	13.9	-28.08	0.91	0.11	1459
presslight_rich	TRAIN	59	288.5	14.5	-31.72	1.10	0.12	1399
presslight_rich	TRAIN	60	265.7	13.8	-25.39	0.80	0.11	1416
presslight_rich	HELDOUT	60	281.0	100.0	-27.57	0.95	0.12	1402
presslight_rich	HELDOUT	60	283.9	100.0	-31.00	1.07	0.12	1469
presslight_rich	HELDOUT	60	278.7	100.0	-27.79	0.92	0.12	1413
presslight_rich	HELDOUT_MEAN	60	281.2	100.0	0.00	0.00	0.00	0
presslight_rich	TRAIN	61	277.2	13.9	-27.43	0.91	0.12	1434
presslight_rich	TRAIN	62	275.9	13.3	-29.16	0.97	0.12	1445
presslight_rich	TRAIN	63	282.9	12.6	-31.94	1.10	0.12	1450
presslight_rich	TRAIN	64	270.3	12.9	-28.69	0.97	0.12	1362
presslight_rich	TRAIN	65	281.6	13.6	-27.28	0.88	0.11	1460
presslight_rich	TRAIN	66	278.3	12.8	-34.72	1.28	0.12	1476
presslight_rich	TRAIN	67	282.6	13.2	-28.99	1.02	0.11	1327
presslight_rich	TRAIN	68	273.0	14.0	-28.22	0.94	0.11	1423
presslight_rich	TRAIN	69	307.3	13.5	-41.23	1.58	0.13	1301
presslight_rich	HELDOUT	500	243.2	100.0	-49.58	2.03	0.15	1129
presslight_rich	HELDOUT	500	259.2	100.0	-49.35	2.03	0.15	1133
presslight_rich	HELDOUT	500	252.7	100.0	-52.10	2.17	0.16	1117
presslight_rich	HELDOUT_MEAN	500	251.7	100.0	0.00	0.00	0.00	0
presslight_rich	HELDOUT	10	254.7	100.0	-46.42	1.87	0.15	1156
presslight_rich	HELDOUT	10	260.3	100.0	-44.67	1.78	0.15	1162
presslight_rich	HELDOUT	10	242.0	100.0	-49.08	2.01	0.15	1150
presslight_rich	HELDOUT_MEAN	10	252.3	100.0	0.00	0.00	0.00	0
