dqn_rich	TRAIN	0	334.4	0.0	-112.96	2.72	0.21	1323
dqn_rich	HELDOUT	0	406.2	100.0	-326.28	8.43	0.37	487
dqn_rich	HELDOUT	0	387.6	100.0	-339.96	8.74	0.38	499
dqn_rich	HELDOUT	0	397.3	100.0	-353.31	9.14	0.39	452
dqn_rich	HELDOUT_MEAN	0	397.0	100.0	0.00	0.00	0.00	0
dqn_rich	TRAIN	1	343.6	0.0	-109.61	2.73	0.21	1304
dqn_rich	TRAIN	2	353.1	0.0	-146.05	3.35	0.22	1188
dqn_rich	TRAIN	3	324.8	0.0	-95.96	2.43	0.21	1480
dqn_rich	TRAIN	4	345.9	0.0	-123.07	2.93	0.22	1316
dqn_rich	TRAIN	5	310.6	49.8	-157.65	3.96	0.24	1105
dqn_rich	TRAIN	6	358.3	47.2	-217.06	5.20	0.26	611
dqn_rich	TRAIN	7	424.4	80.9	-185.06	4.32	0.25	683
dqn_rich	TRAIN	8	250.9	113.2	-155.50	3.24	0.19	829
dqn_rich	TRAIN	9	269.0	143.7	-88.72	2.26	0.17	977
dqn_rich	TRAIN	10	284.2	163.1	-74.97	1.87	0.16	1083
dqn_rich	HELDOUT	10	242.9	100.0	-72.22	2.00	0.15	1056
dqn_rich	HELDOUT	10	255.5	100.0	-68.42	1.88	0.16	1070
dqn_rich	HELDOUT	10	247.9	100.0	-78.61	1.99	0.16	1070
dqn_rich	HELDOUT_MEAN	10	248.8	100.0	0.00	0.00	0.00	0
dqn_rich	TRAIN	11	295.7	152.9	-69.94	1.82	0.15	1160
dqn_rich	TRAIN	12	276.5	143.3	-73.18	1.72	0.15	1317
dqn_rich	TRAIN	13	282.8	136.2	-78.52	1.85	0.15	1331
dqn_rich	TRAIN	14	266.4	131.0	-57.49	1.37	0.13	1408
dqn_rich	TRAIN	15	295.4	129.8	-85.15	2.02	0.16	1268
dqn_rich	TRAIN	16	277.8	139.4	-74.69	1.63	0.14	1342
dqn_rich	TRAIN	17	258.7	142.5	-72.29	1.71	0.14	1317
dqn_rich	TRAIN	18	264.2	136.5	-71.38	1.71	0.14	1313
dqn_rich	TRAIN	19	305.4	138.1	-70.34	1.70	0.14	1326
dqn_rich	TRAIN	20	270.0	146.8	-69.97	1.63	0.13	1301
dqn_rich	HELDOUT	20	261.8	100.0	-72.38	1.79	0.14	1307
dqn_rich	HELDOUT	20	260.4	100.0	-61.99	1.59	0.14	1317
dqn_rich	HELDOUT	20	257.0	100.0	-74.02	1.79	0.14	1310
dqn_rich	HELDOUT_MEAN	20	259.7	100.0	0.00	0.00	0.00	0
dqn_rich	TRAIN	21	278.9	150.4	-69.51	1.71	0.14	1325
dqn_rich	TRAIN	22	284.6	144.6	-66.45	1.64	0.14	1369
dqn_rich	TRAIN	23	283.8	147.5	-74.69	1.66	0.14	1369
dqn_rich	TRAIN	24	279.2	152.1	-42.25	1.16	0.12	1420
dqn_rich	TRAIN	25	290.6	145.5	-36.32	1.05	0.12	1596
dqn_rich	TRAIN	26	273.8	138.9	-71.94	1.58	0.13	1437
dqn_rich	TRAIN	27	293.2	134.6	-58.11	1.36	0.13	1553
dqn_rich	TRAIN	28	261.3	136.2	-33.13	0.89	0.11	1580
dqn_rich	TRAIN	29	264.0	132.7	-32.37	0.98	0.12	1527
dqn_rich	TRAIN	30	281.8	137.6	-57.36	1.34	0.13	1391
dqn_rich	HELDOUT	30	263.3	100.0	-28.63	0.83	0.11	1583
dqn_rich	HELDOUT	30	258.2	100.0	-30.03	0.89	0.11	1622
dqn_rich	HELDOUT	30	261.4	100.0	-27.17	0.77	0.11	1611
dqn_rich	HELDOUT_MEAN	30	261.0	100.0	0.00	0.00	0.00	0
dqn_rich	TRAIN	31	266.9	137.2	-33.26	0.92	0.12	1487
dqn_rich	TRAIN	32	260.2	133.1	-28.25	0.83	0.11	1449
dqn_rich	TRAIN	33	261.6	131.2	-37.49	1.02	0.12	1547
dqn_rich	TRAIN	34	255.6	132.3	-30.43	0.83	0.11	1473
dqn_rich	TRAIN	35	266.8	142.4	-29.48	0.81	0.11	1525
dqn_rich	TRAIN	36	268.9	129.6	-59.86	1.39	0.13	1478
dqn_rich	TRAIN	37	268.8	131.2	-50.85	1.23	0.12	1485
dqn_rich	TRAIN	38	266.8	134.7	-60.38	1.40	0.12	1390
dqn_rich	TRAIN	39	266.3	128.8	-36.14	1.00	0.12	1441
dqn_rich	TRAIN	40	259.5	123.2	-29.91	0.83	0.11	1455
dqn_rich	HELDOUT	40	271.9	100.0	-59.03	1.36	0.12	1461
dqn_rich	HELDOUT	40	254.5	100.0	-62.73	1.53	0.12	1389
dqn_rich	HELDOUT	40	256.1	100.0	-33.45	0.88	0.12	1523
dqn_rich	HELDOUT_MEAN	40	260.8	100.0	0.00	0.00	0.00	0
dqn_rich	TRAIN	41	265.7	128.5	-34.77	0.94	0.12	1490
dqn_rich	TRAIN	42	268.2	125.6	-56.00	1.21	0.12	1382
dqn_rich	TRAIN	43	308.8	123.4	-71.72	1.58	0.12	1465
dqn_rich	TRAIN	44	263.2	124.8	-33.01	0.87	0.11	1494
dqn_rich	TRAIN	45	274.9	122.9	-31.42	0.88	0.11	1525
dqn_rich	TRAIN	46	257.0	113.0	-33.13	0.89	0.11	1513
dqn_rich	TRAIN	47	258.8	98.0	-31.31	0.82	0.11	1543
dqn_rich	TRAIN	48	260.7	91.6	-32.00	0.84	0.11	1559
dqn_rich	TRAIN	49	259.5	90.0	-29.95	0.91	0.11	1539
dqn_rich	TRAIN	50	266.8	84.7	-29.50	0.84	0.11	1461
dqn_rich	HELDOUT	50	255.1	100.0	-32.32	0.93	0.11	1500
dqn_rich	HELDOUT	50	263.0	100.0	-50.92	1.27	0.12	1406
dqn_rich	HELDOUT	50	256.9	100.0	-60.88	1.43	0.13	1371
dqn_rich	HELDOUT_MEAN	50	258.4	100.0	0.00	0.00	0.00	0
dqn_rich	TRAIN	51	267.2	80.4	-47.85	1.12	0.12	1389
dqn_rich	TRAIN	52	251.0	73.3	-26.31	0.74	0.11	1517
dqn_rich	TRAIN	53	255.8	70.8	-84.84	1.82	0.13	1316
dqn_rich	TRAIN	54	261.5	71.2	-23.40	0.70	0.10	1479
dqn_rich	TRAIN	55	258.2	66.3	-59.30	1.33	0.12	1291
dqn_rich	TRAIN	56	259.0	70.2	-24.26	0.69	0.10	1536
dqn_rich	TRAIN	57	246.4	69.5	-26.12	0.79	0.11	1507
dqn_rich	TRAIN	58	254.0	72.1	-29.50	0.84	0.11	1557
dqn_rich	TRAIN	59	264.7	68.9	-71.27	1.65	0.13	1269
dqn_rich	TRAIN	60	249.3	72.8	-23.84	0.68	0.10	1516
dqn_rich	HELDOUT	60	261.9	100.0	-40.21	1.21	0.11	1371
dqn_rich	HELDOUT	60	257.9	100.0	-33.80	1.03	0.11	1419
dqn_rich	HELDOUT	60	248.9	100.0	-29.28	0.89	0.12	1448
dqn_rich	HELDOUT_MEAN	60	256.3	100.0	0.00	0.00	0.00	0
dqn_rich	TRAIN	61	267.4	70.1	-28.35	0.81	0.11	1509
dqn_rich	TRAIN	62	288.4	73.5	-53.99	1.30	0.12	1376
dqn_rich	TRAIN	63	295.8	74.6	-66.30	1.54	0.12	1369
dqn_rich	TRAIN	64	281.6	76.0	-33.03	0.84	0.11	1412
dqn_rich	TRAIN	65	258.8	75.2	-21.91	0.67	0.11	1506
dqn_rich	TRAIN	66	271.5	78.4	-23.15	0.73	0.11	1438
dqn_rich	TRAIN	67	257.9	75.2	-28.18	0.88	0.11	1488
dqn_rich	TRAIN	68	253.6	70.5	-29.42	0.85	0.11	1441
dqn_rich	TRAIN	69	258.5	69.5	-31.11	0.96	0.11	1404
dqn_rich	TRAIN	70	288.6	68.2	-25.40	0.76	0.11	1345
dqn_rich	HELDOUT	70	296.6	100.0	-68.00	1.59	0.13	1355
dqn_rich	HELDOUT	70	270.2	100.0	-35.08	1.11	0.11	1361
dqn_rich	HELDOUT	70	265.7	100.0	-22.83	0.69	0.11	1380
dqn_rich	HELDOUT_MEAN	70	277.5	100.0	0.00	0.00	0.00	0
dqn_rich	TRAIN	71	275.8	68.0	-30.51	0.89	0.11	1458
dqn_rich	TRAIN	72	259.1	65.0	-25.43	0.76	0.11	1416
dqn_rich	TRAIN	73	267.4	63.9	-35.44	0.96	0.12	1512
dqn_rich	TRAIN	74	272.4	60.5	-26.52	0.78	0.11	1447
dqn_rich	TRAIN	75	270.5	56.0	-24.65	0.76	0.11	1455
dqn_rich	TRAIN	76	268.5	56.3	-25.65	0.73	0.11	1517
dqn_rich	TRAIN	77	250.7	57.0	-26.66	0.74	0.11	1492
dqn_rich	TRAIN	78	253.7	53.3	-49.61	1.14	0.12	1347
dqn_rich	TRAIN	79	274.5	56.6	-37.95	1.16	0.12	1395
dqn_rich	TRAIN	80	255.6	54.8	-30.59	0.93	0.11	1399
dqn_rich	HELDOUT	80	279.1	100.0	-30.98	0.94	0.11	1378
dqn_rich	HELDOUT	80	256.9	100.0	-34.65	1.06	0.11	1329
dqn_rich	HELDOUT	80	275.3	100.0	-26.37	0.81	0.11	1382
dqn_rich	HELDOUT_MEAN	80	270.4	100.0	0.00	0.00	0.00	0
dqn_rich	TRAIN	81	285.7	56.6	-29.22	0.86	0.11	1441
dqn_rich	TRAIN	82	268.4	53.9	-73.24	1.49	0.12	1214
dqn_rich	TRAIN	83	259.2	58.8	-34.12	0.91	0.12	1477
dqn_rich	TRAIN	84	272.0	56.4	-26.87	0.78	0.11	1370
dqn_rich	TRAIN	85	276.3	54.6	-26.91	0.78	0.11	1499
dqn_rich	TRAIN	86	260.2	56.9	-28.70	0.80	0.11	1489
dqn_rich	TRAIN	87	259.7	55.6	-30.42	0.91	0.11	1510
dqn_rich	TRAIN	88	263.2	53.2	-29.94	0.82	0.11	1478
dqn_rich	TRAIN	89	256.5	54.8	-28.62	0.82	0.11	1457
dqn_rich	HELDOUT	500	239.3	100.0	-73.16	1.98	0.16	1047
dqn_rich	HELDOUT	500	259.7	100.0	-65.45	1.80	0.15	1079
dqn_rich	HELDOUT	500	255.5	100.0	-59.34	1.54	0.15	1107
dqn_rich	HELDOUT_MEAN	500	251.5	100.0	0.00	0.00	0.00	0
dqn_rich	HELDOUT	10	241.6	100.0	-58.36	1.58	0.15	1053
dqn_rich	HELDOUT	10	267.6	100.0	-64.08	1.71	0.15	1105
dqn_rich	HELDOUT	10	251.3	100.0	-74.07	1.82	0.16	1082
dqn_rich	HELDOUT_MEAN	10	253.5	100.0	0.00	0.00	0.00	0
