colight	TRAIN	0	300.4	0.0	-57.74	1.88	0.07	1426
colight	TEST	0	774.3	100.0	-431.13	13.50	0.17	591
colight	TRAIN	1	296.5	0.0	-56.59	1.85	0.07	1423
colight	TEST	1	774.3	100.0	-431.13	13.50	0.17	591
colight	TRAIN	2	298.8	0.7	-57.33	1.87	0.07	1418
colight	TEST	2	720.2	100.0	-446.49	13.98	0.17	519
colight	TRAIN	3	270.7	1.0	-45.44	1.49	0.07	1431
colight	TEST	3	645.4	100.0	-316.47	9.93	0.17	885
colight	TRAIN	4	252.7	0.9	-38.24	1.27	0.06	1427
colight	TEST	4	548.3	100.0	-273.29	8.59	0.15	950
colight	TRAIN	5	243.1	1.0	-34.48	1.15	0.06	1437
colight	TEST	5	431.2	100.0	-204.76	6.45	0.13	1065
colight	TRAIN	6	218.5	1.0	-24.36	0.84	0.05	1448
colight	TEST	6	346.2	100.0	-133.35	4.23	0.09	1183
colight	TRAIN	7	210.6	1.1	-21.10	0.73	0.04	1440
colight	TEST	7	197.9	100.0	-16.46	0.58	0.04	1450
colight	TRAIN	8	204.9	1.9	-18.91	0.66	0.04	1449
colight	TEST	8	193.6	100.0	-14.94	0.53	0.03	1452
colight	TRAIN	9	198.7	1.2	-16.41	0.58	0.04	1446
colight	TEST	9	189.7	100.0	-12.85	0.47	0.03	1453
colight	TRAIN	10	195.1	0.6	-14.91	0.53	0.03	1448
colight	TEST	10	188.2	100.0	-12.40	0.45	0.03	1448
colight	TRAIN	11	191.0	0.6	-13.54	0.49	0.03	1450
colight	TEST	11	187.2	100.0	-11.99	0.43	0.03	1453
colight	TRAIN	12	189.5	0.6	-12.75	0.46	0.03	1447
colight	TEST	12	185.9	100.0	-11.60	0.42	0.03	1452
colight	TRAIN	13	189.7	0.4	-12.74	0.46	0.03	1448
colight	TEST	13	185.6	100.0	-11.59	0.42	0.03	1451
colight	TRAIN	14	187.7	0.5	-11.95	0.43	0.03	1452
colight	TEST	14	185.3	100.0	-11.19	0.41	0.03	1454
colight	TRAIN	15	188.0	0.5	-12.14	0.44	0.03	1452
colight	TEST	15	185.7	100.0	-11.43	0.42	0.03	1451
colight	TRAIN	16	188.2	0.4	-12.31	0.45	0.03	1447
colight	TEST	16	185.4	100.0	-11.12	0.41	0.03	1455
colight	TRAIN	17	187.2	0.4	-11.81	0.43	0.03	1452
colight	TEST	17	184.6	100.0	-10.75	0.39	0.03	1453
colight	TRAIN	18	185.3	0.4	-11.08	0.41	0.03	1450
colight	TEST	18	184.9	100.0	-10.90	0.40	0.03	1452
colight	TRAIN	19	185.8	0.4	-11.34	0.41	0.03	1452
colight	TEST	19	184.2	100.0	-10.82	0.40	0.03	1452
colight	TRAIN	20	186.6	0.4	-11.67	0.42	0.03	1453
colight	TEST	20	186.8	100.0	-11.87	0.43	0.03	1450
colight	TRAIN	21	186.6	0.4	-11.58	0.42	0.03	1451
colight	TEST	21	183.5	100.0	-10.33	0.38	0.03	1450
colight	TRAIN	22	185.1	0.4	-10.96	0.40	0.03	1450
colight	TEST	22	186.2	100.0	-11.31	0.41	0.03	1455
colight	TRAIN	23	185.4	0.4	-10.98	0.40	0.03	1450
colight	TEST	23	185.9	100.0	-11.18	0.41	0.03	1454
colight	TRAIN	24	185.0	0.4	-10.78	0.39	0.03	1452
colight	TEST	24	185.2	100.0	-11.23	0.41	0.03	1452
colight	TRAIN	25	187.1	0.4	-11.48	0.42	0.03	1453
colight	TEST	25	185.7	100.0	-11.34	0.41	0.03	1453
colight	TRAIN	26	185.0	0.4	-11.09	0.40	0.03	1450
colight	TEST	26	186.9	100.0	-11.34	0.41	0.03	1451
colight	TRAIN	27	186.3	0.5	-11.25	0.41	0.03	1454
colight	TEST	27	186.2	100.0	-11.26	0.41	0.03	1454
colight	TRAIN	28	186.1	0.4	-11.44	0.41	0.03	1451
colight	TEST	28	184.4	100.0	-10.78	0.39	0.03	1451
colight	TRAIN	29	185.3	0.4	-10.94	0.40	0.03	1453
colight	TEST	29	185.1	100.0	-10.59	0.38	0.03	1452
colight	TRAIN	30	184.8	0.5	-10.71	0.39	0.03	1451
colight	TEST	30	186.3	100.0	-11.51	0.42	0.03	1452
colight	TRAIN	31	185.0	0.6	-10.88	0.40	0.03	1453
colight	TEST	31	186.9	100.0	-11.29	0.41	0.03	1452
colight	TRAIN	32	186.6	0.4	-11.40	0.41	0.03	1455
colight	TEST	32	184.6	100.0	-10.50	0.38	0.03	1453
colight	TRAIN	33	186.8	0.6	-11.57	0.42	0.03	1448
colight	TEST	33	186.2	100.0	-11.21	0.41	0.03	1451
colight	TRAIN	34	185.9	0.5	-11.09	0.40	0.03	1451
colight	TEST	34	186.4	100.0	-11.45	0.41	0.03	1451
colight	TRAIN	35	185.8	0.4	-11.22	0.41	0.03	1451
colight	TEST	35	185.8	100.0	-11.06	0.40	0.03	1454
colight	TRAIN	36	186.4	0.6	-11.39	0.41	0.03	1453
colight	TEST	36	186.2	100.0	-11.33	0.41	0.03	1452
colight	TRAIN	37	186.2	0.4	-11.40	0.42	0.03	1451
colight	TEST	37	185.8	100.0	-11.33	0.41	0.03	1450
colight	TRAIN	38	187.0	0.5	-11.68	0.42	0.03	1452
colight	TEST	38	185.7	100.0	-11.17	0.41	0.03	1449
colight	TRAIN	39	184.9	0.4	-10.98	0.40	0.03	1451
colight	TEST	39	185.1	100.0	-10.94	0.40	0.03	1453
colight	TRAIN	40	185.6	0.7	-11.23	0.41	0.03	1452
colight	TEST	40	185.9	100.0	-11.40	0.42	0.03	1453
colight	TRAIN	41	184.9	0.4	-10.83	0.39	0.03	1452
colight	TEST	41	185.5	100.0	-11.08	0.40	0.03	1452
colight	TRAIN	42	186.5	0.4	-11.55	0.42	0.03	1451
colight	TEST	42	187.4	100.0	-11.91	0.43	0.03	1451
colight	TRAIN	43	187.0	0.4	-11.57	0.42	0.03	1451
colight	TEST	43	186.4	100.0	-11.46	0.41	0.03	1453
colight	TRAIN	44	187.3	0.4	-11.73	0.42	0.03	1453
colight	TEST	44	186.2	100.0	-11.65	0.42	0.03	1450
colight	TRAIN	45	186.3	0.5	-11.43	0.41	0.03	1452
colight	TEST	45	185.1	100.0	-10.87	0.39	0.03	1452
colight	TRAIN	46	186.2	0.5	-11.32	0.41	0.03	1450
colight	TEST	46	186.0	100.0	-11.27	0.41	0.03	1449
colight	TRAIN	47	185.7	0.5	-11.29	0.41	0.03	1453
colight	TEST	47	185.5	100.0	-11.32	0.41	0.03	1450
colight	TRAIN	48	184.8	0.5	-11.05	0.40	0.03	1452
colight	TEST	48	186.4	100.0	-11.34	0.41	0.03	1451
colight	TRAIN	49	186.4	0.4	-11.36	0.41	0.03	1450
colight	TEST	49	184.8	100.0	-10.93	0.39	0.03	1450
colight	TRAIN	50	186.4	0.4	-11.50	0.41	0.03	1450
colight	TEST	50	186.8	100.0	-11.52	0.42	0.03	1453
colight	TRAIN	51	186.3	0.4	-11.28	0.41	0.03	1451
colight	TEST	51	186.3	100.0	-11.53	0.41	0.03	1450
colight	TRAIN	52	186.8	0.4	-11.36	0.41	0.03	1452
colight	TEST	52	185.7	100.0	-10.95	0.39	0.03	1452
colight	TRAIN	53	185.8	0.5	-11.08	0.40	0.03	1452
colight	TEST	53	185.1	100.0	-10.91	0.40	0.03	1451
colight	TRAIN	54	185.5	0.3	-10.85	0.39	0.03	1454
colight	TEST	54	185.7	100.0	-11.07	0.40	0.03	1450
colight	TRAIN	55	185.6	0.4	-10.86	0.39	0.03	1450
colight	TEST	55	187.7	100.0	-12.20	0.44	0.03	1450
colight	TRAIN	56	186.7	0.5	-11.51	0.42	0.03	1455
colight	TEST	56	186.8	100.0	-11.70	0.42	0.03	1449
colight	TRAIN	57	188.0	0.4	-11.98	0.43	0.03	1455
colight	TEST	57	184.1	100.0	-10.46	0.38	0.03	1451
colight	TRAIN	58	186.3	0.4	-11.25	0.41	0.03	1453
colight	TEST	58	185.3	100.0	-10.81	0.39	0.03	1448
colight	TRAIN	59	186.5	0.4	-11.29	0.41	0.03	1453
colight	TEST	59	186.1	100.0	-11.29	0.41	0.03	1452
colight	TRAIN	60	186.7	0.5	-11.54	0.42	0.03	1452
colight	TEST	60	186.0	100.0	-11.04	0.40	0.03	1450
colight	TRAIN	61	186.4	0.4	-11.16	0.40	0.03	1452
colight	TEST	61	187.0	100.0	-12.02	0.43	0.03	1453
colight	TRAIN	62	188.5	0.4	-12.20	0.44	0.03	1452
colight	TEST	62	187.4	100.0	-11.73	0.42	0.03	1453
colight	TRAIN	63	186.4	0.4	-11.49	0.42	0.03	1453
colight	TEST	63	185.5	100.0	-11.08	0.41	0.03	1453
colight	TRAIN	64	186.6	0.5	-11.42	0.41	0.03	1450
colight	TEST	64	187.4	100.0	-11.80	0.42	0.03	1453
colight	TRAIN	65	187.4	0.5	-11.87	0.43	0.03	1452
colight	TEST	65	187.2	100.0	-11.79	0.42	0.03	1450
colight	TRAIN	66	186.5	0.5	-11.30	0.41	0.03	1452
colight	TEST	66	188.2	100.0	-11.93	0.43	0.03	1450
colight	TRAIN	67	186.0	0.4	-11.21	0.41	0.03	1451
colight	TEST	67	186.8	100.0	-11.53	0.42	0.03	1451
colight	TRAIN	68	186.5	0.4	-11.20	0.41	0.03	1452
colight	TEST	68	185.3	100.0	-11.10	0.40	0.03	1453
colight	TRAIN	69	185.7	0.4	-10.94	0.40	0.03	1452
colight	TEST	69	185.8	100.0	-11.05	0.40	0.03	1449
colight	TRAIN	70	186.5	0.4	-11.41	0.41	0.03	1448
colight	TEST	70	186.0	100.0	-11.15	0.40	0.03	1452
colight	TRAIN	71	186.5	0.4	-11.39	0.41	0.03	1453
colight	TEST	71	186.5	100.0	-11.32	0.41	0.03	1452
colight	TRAIN	72	187.1	0.4	-11.61	0.42	0.03	1452
colight	TEST	72	185.1	100.0	-10.96	0.40	0.03	1452
colight	TRAIN	73	185.5	0.4	-11.25	0.41	0.03	1450
colight	TEST	73	186.1	100.0	-11.17	0.40	0.03	1452
colight	TRAIN	74	185.5	0.4	-11.03	0.40	0.03	1452
colight	TEST	74	185.3	100.0	-11.11	0.40	0.03	1451
colight	TRAIN	75	185.7	0.3	-11.23	0.41	0.03	1452
colight	TEST	75	184.8	100.0	-10.87	0.39	0.03	1452
colight	TRAIN	76	186.4	0.3	-11.41	0.42	0.03	1450
colight	TEST	76	185.4	100.0	-11.10	0.40	0.03	1452
colight	TRAIN	77	186.7	0.3	-11.54	0.42	0.03	1453
colight	TEST	77	185.3	100.0	-11.13	0.41	0.03	1450
colight	TRAIN	78	185.7	0.4	-11.17	0.40	0.03	1454
colight	TEST	78	188.0	100.0	-12.16	0.44	0.03	1451
colight	TRAIN	79	185.7	0.4	-10.90	0.40	0.03	1454
colight	TEST	79	187.2	100.0	-11.46	0.41	0.03	1453
colight	TRAIN	80	186.9	0.4	-11.75	0.43	0.03	1452
colight	TEST	80	184.9	100.0	-11.10	0.40	0.03	1452
colight	TRAIN	81	186.0	0.4	-11.37	0.41	0.03	1452
colight	TEST	81	186.2	100.0	-11.26	0.41	0.03	1451
colight	TRAIN	82	186.2	0.4	-11.42	0.41	0.03	1453
colight	TEST	82	185.4	100.0	-11.51	0.42	0.03	1451
colight	TRAIN	83	187.2	0.4	-11.65	0.42	0.03	1452
colight	TEST	83	185.6	100.0	-11.11	0.40	0.03	1450
colight	TRAIN	84	185.9	0.3	-11.20	0.41	0.03	1449
colight	TEST	84	185.7	100.0	-11.11	0.40	0.03	1449
colight	TRAIN	85	187.0	0.4	-11.55	0.42	0.03	1452
colight	TEST	85	187.2	100.0	-11.83	0.43	0.03	1451
colight	TRAIN	86	187.4	0.3	-11.75	0.42	0.03	1455
colight	TEST	86	186.5	100.0	-11.35	0.41	0.03	1452
colight	TRAIN	87	187.0	0.4	-11.66	0.42	0.03	1452
colight	TEST	87	185.2	100.0	-10.95	0.40	0.03	1450
colight	TRAIN	88	185.9	0.3	-11.20	0.41	0.03	1453
colight	TEST	88	186.4	100.0	-11.40	0.41	0.03	1453
colight	TRAIN	89	186.5	0.3	-11.47	0.41	0.03	1452
colight	TEST	89	186.0	100.0	-11.23	0.41	0.03	1452
colight	TRAIN	90	186.2	0.3	-11.35	0.41	0.03	1456
colight	TEST	90	187.4	100.0	-11.86	0.42	0.03	1450
colight	TRAIN	91	185.7	0.4	-10.89	0.40	0.03	1453
colight	TEST	91	187.6	100.0	-11.90	0.43	0.03	1451
colight	TRAIN	92	186.5	0.4	-11.28	0.41	0.03	1453
colight	TEST	92	186.4	100.0	-11.52	0.41	0.03	1450
colight	TRAIN	93	187.5	0.3	-12.01	0.44	0.03	1452
colight	TEST	93	185.2	100.0	-11.15	0.40	0.03	1451
colight	TRAIN	94	186.0	0.3	-11.06	0.40	0.03	1451
colight	TEST	94	186.3	100.0	-11.60	0.42	0.03	1450
colight	TRAIN	95	187.8	0.4	-11.94	0.43	0.03	1451
colight	TEST	95	186.4	100.0	-11.44	0.42	0.03	1453
colight	TRAIN	96	187.3	0.3	-11.89	0.43	0.03	1450
colight	TEST	96	185.2	100.0	-10.98	0.40	0.03	1452
colight	TRAIN	97	187.1	0.3	-11.69	0.42	0.03	1451
colight	TEST	97	186.5	100.0	-11.57	0.42	0.03	1453
colight	TRAIN	98	188.1	0.4	-11.90	0.43	0.03	1451
colight	TEST	98	190.2	100.0	-13.01	0.46	0.03	1451
colight	TRAIN	99	188.4	0.4	-12.07	0.43	0.03	1454
colight	TEST	99	188.5	100.0	-12.37	0.44	0.03	1453
colight	TRAIN	100	188.4	0.3	-12.12	0.44	0.03	1450
colight	TEST	100	189.8	100.0	-12.73	0.45	0.03	1452
colight	TRAIN	101	185.9	0.3	-11.09	0.40	0.03	1450
colight	TEST	101	187.9	100.0	-11.88	0.43	0.03	1454
colight	TRAIN	102	189.2	0.4	-12.48	0.44	0.03	1449
colight	TEST	102	187.4	100.0	-12.00	0.43	0.03	1449
colight	TRAIN	103	188.4	0.3	-11.94	0.43	0.03	1451
colight	TEST	103	188.1	100.0	-12.04	0.43	0.03	1449
colight	TRAIN	104	187.2	0.3	-11.73	0.42	0.03	1450
colight	TEST	104	188.0	100.0	-12.12	0.44	0.03	1451
colight	TRAIN	105	189.6	0.3	-12.85	0.46	0.03	1453
colight	TEST	105	187.3	100.0	-11.58	0.42	0.03	1453
colight	TRAIN	106	188.7	0.3	-12.17	0.44	0.03	1453
colight	TEST	106	188.0	100.0	-11.93	0.43	0.03	1451
colight	TRAIN	107	189.5	0.4	-12.61	0.45	0.03	1451
colight	TEST	107	187.7	100.0	-11.97	0.43	0.03	1452
colight	TRAIN	108	187.8	0.3	-11.87	0.43	0.03	1451
colight	TEST	108	188.1	100.0	-11.75	0.42	0.03	1452
colight	TRAIN	109	186.7	0.4	-11.49	0.42	0.03	1454
colight	TEST	109	187.4	100.0	-11.79	0.43	0.03	1452
colight	TRAIN	110	187.8	0.4	-11.99	0.43	0.03	1450
colight	TEST	110	186.0	100.0	-11.24	0.41	0.03	1454
colight	TRAIN	111	188.3	0.3	-12.04	0.43	0.03	1453
colight	TEST	111	187.4	100.0	-11.90	0.43	0.03	1451
colight	TRAIN	112	187.6	0.4	-12.14	0.44	0.03	1453
colight	TEST	112	189.6	100.0	-12.47	0.45	0.03	1453
colight	TRAIN	113	187.8	0.4	-12.06	0.43	0.03	1450
colight	TEST	113	188.2	100.0	-12.25	0.44	0.03	1450
colight	TRAIN	114	188.0	0.3	-12.15	0.44	0.03	1452
colight	TEST	114	188.4	100.0	-12.20	0.44	0.03	1451
colight	TRAIN	115	189.3	0.3	-12.54	0.45	0.03	1451
colight	TEST	115	187.9	100.0	-12.04	0.43	0.03	1453
colight	TRAIN	116	188.4	0.4	-12.25	0.44	0.03	1451
colight	TEST	116	188.6	100.0	-12.07	0.43	0.03	1450
colight	TRAIN	117	187.3	0.3	-11.76	0.42	0.03	1448
colight	TEST	117	187.9	100.0	-12.16	0.44	0.03	1452
colight	TRAIN	118	187.2	0.4	-11.87	0.43	0.03	1452
colight	TEST	118	187.9	100.0	-12.26	0.44	0.03	1452
colight	TRAIN	119	188.7	0.4	-12.36	0.44	0.03	1452
colight	TEST	119	186.6	100.0	-11.61	0.42	0.03	1453
colight	TRAIN	120	187.3	0.4	-11.90	0.43	0.03	1450
colight	TEST	120	188.1	100.0	-11.99	0.43	0.03	1451
colight	TRAIN	121	188.1	0.3	-11.91	0.43	0.03	1450
colight	TEST	121	187.6	100.0	-11.83	0.42	0.03	1453
colight	TRAIN	122	187.1	0.3	-11.56	0.42	0.03	1452
colight	TEST	122	188.4	100.0	-12.13	0.44	0.03	1452
colight	TRAIN	123	188.3	0.3	-12.19	0.44	0.03	1450
colight	TEST	123	186.2	100.0	-11.32	0.41	0.03	1451
colight	TRAIN	124	187.8	0.4	-11.91	0.43	0.03	1453
colight	TEST	124	188.8	100.0	-12.33	0.44	0.03	1451
colight	TRAIN	125	187.1	0.4	-11.86	0.43	0.03	1448
colight	TEST	125	187.3	100.0	-11.73	0.42	0.03	1450
colight	TRAIN	126	187.2	0.3	-11.64	0.42	0.03	1452
colight	TEST	126	187.8	100.0	-12.18	0.44	0.03	1451
colight	TRAIN	127	188.0	0.3	-12.06	0.43	0.03	1452
colight	TEST	127	188.0	100.0	-11.97	0.43	0.03	1450
colight	TRAIN	128	187.5	0.4	-11.85	0.43	0.03	1453
colight	TEST	128	188.1	100.0	-11.90	0.43	0.03	1451
colight	TRAIN	129	188.0	0.3	-11.90	0.43	0.03	1451
colight	TEST	129	188.4	100.0	-12.18	0.44	0.03	1451
colight	TRAIN	130	187.6	0.3	-11.83	0.42	0.03	1452
colight	TEST	130	187.3	100.0	-11.73	0.42	0.03	1448
colight	TRAIN	131	189.2	0.3	-12.37	0.44	0.03	1450
colight	TEST	131	189.2	100.0	-12.69	0.45	0.03	1451
colight	TRAIN	132	188.2	0.3	-11.98	0.43	0.03	1452
colight	TEST	132	187.5	100.0	-12.00	0.43	0.03	1451
colight	TRAIN	133	186.8	0.4	-11.42	0.41	0.03	1450
colight	TEST	133	186.7	100.0	-11.30	0.41	0.03	1452
colight	TRAIN	134	189.3	0.3	-12.43	0.45	0.03	1450
colight	TEST	134	186.6	100.0	-11.60	0.42	0.03	1452
colight	TRAIN	135	187.3	0.4	-11.78	0.43	0.03	1452
colight	TEST	135	188.2	100.0	-11.97	0.43	0.03	1454
colight	TRAIN	136	187.1	0.4	-11.55	0.42	0.03	1455
colight	TEST	136	189.2	100.0	-12.34	0.44	0.03	1450
colight	TRAIN	137	187.4	0.4	-11.96	0.43	0.03	1452
colight	TEST	137	188.6	100.0	-12.18	0.44	0.03	1454
colight	TRAIN	138	187.1	0.3	-11.52	0.42	0.03	1454
colight	TEST	138	188.0	100.0	-11.84	0.43	0.03	1453
colight	TRAIN	139	187.7	0.4	-11.82	0.43	0.03	1452
colight	TEST	139	189.2	100.0	-12.33	0.44	0.03	1452
colight	TRAIN	140	188.0	0.4	-11.97	0.43	0.03	1452
colight	TEST	140	187.5	100.0	-11.70	0.42	0.03	1450
colight	TRAIN	141	188.5	0.3	-12.11	0.44	0.03	1450
colight	TEST	141	186.4	100.0	-11.36	0.41	0.03	1449
colight	TRAIN	142	188.4	0.4	-12.32	0.44	0.03	1453
colight	TEST	142	188.4	100.0	-12.17	0.44	0.03	1452
colight	TRAIN	143	189.1	0.3	-12.59	0.45	0.03	1454
colight	TEST	143	188.2	100.0	-12.08	0.43	0.03	1452
colight	TRAIN	144	187.5	0.3	-11.80	0.43	0.03	1455
colight	TEST	144	188.0	100.0	-12.12	0.43	0.03	1451
colight	TRAIN	145	187.7	0.4	-11.96	0.43	0.03	1454
colight	TEST	145	188.1	100.0	-12.30	0.44	0.03	1453
colight	TRAIN	146	188.0	0.3	-12.07	0.43	0.03	1453
colight	TEST	146	189.0	100.0	-12.49	0.45	0.03	1453
colight	TRAIN	147	188.0	0.3	-12.00	0.43	0.03	1450
colight	TEST	147	188.1	100.0	-12.29	0.44	0.03	1450
colight	TRAIN	148	187.5	0.3	-11.95	0.43	0.03	1453
colight	TEST	148	188.7	100.0	-11.92	0.43	0.03	1450
colight	TRAIN	149	189.3	0.3	-12.66	0.46	0.03	1454
colight	TEST	149	186.3	100.0	-11.35	0.41	0.03	1453
colight	TRAIN	150	188.1	0.3	-12.11	0.44	0.03	1455
colight	TEST	150	188.3	100.0	-12.05	0.43	0.03	1452
colight	TRAIN	151	186.2	0.3	-11.25	0.41	0.03	1452
colight	TEST	151	187.3	100.0	-11.82	0.43	0.03	1452
colight	TRAIN	152	188.6	0.4	-12.42	0.44	0.03	1450
colight	TEST	152	188.1	100.0	-11.94	0.43	0.03	1452
colight	TRAIN	153	189.2	0.4	-12.27	0.44	0.03	1454
colight	TEST	153	188.0	100.0	-12.10	0.44	0.03	1452
colight	TRAIN	154	187.8	0.3	-11.96	0.43	0.03	1453
colight	TEST	154	187.7	100.0	-12.01	0.43	0.03	1453
colight	TRAIN	155	188.8	0.3	-12.28	0.44	0.03	1453
colight	TEST	155	188.7	100.0	-12.39	0.45	0.03	1453
colight	TRAIN	156	187.7	0.3	-12.07	0.44	0.03	1453
colight	TEST	156	188.8	100.0	-12.16	0.44	0.03	1452
colight	TRAIN	157	189.1	0.3	-12.70	0.46	0.03	1450
colight	TEST	157	187.3	100.0	-11.82	0.43	0.03	1450
colight	TRAIN	158	188.7	0.3	-12.42	0.44	0.03	1453
colight	TEST	158	187.8	100.0	-12.15	0.44	0.03	1452
colight	TRAIN	159	188.1	0.4	-12.11	0.44	0.03	1453
colight	TEST	159	187.7	100.0	-12.00	0.43	0.03	1453
colight	TRAIN	160	188.4	0.3	-12.14	0.44	0.03	1452
colight	TEST	160	186.6	100.0	-11.41	0.42	0.03	1452
colight	TRAIN	161	189.0	0.4	-12.30	0.44	0.03	1451
colight	TEST	161	188.3	100.0	-12.33	0.44	0.03	1451
colight	TRAIN	162	187.2	0.4	-11.52	0.42	0.03	1451
colight	TEST	162	187.9	100.0	-11.87	0.43	0.03	1448
colight	TRAIN	163	187.2	0.3	-11.92	0.43	0.03	1452
colight	TEST	163	187.8	100.0	-12.13	0.44	0.03	1452
colight	TRAIN	164	187.2	0.4	-11.56	0.42	0.03	1451
colight	TEST	164	187.2	100.0	-11.88	0.43	0.03	1452
colight	TRAIN	165	186.9	0.3	-11.59	0.42	0.03	1453
colight	TEST	165	187.6	100.0	-11.93	0.43	0.03	1451
colight	TRAIN	166	187.6	0.3	-11.88	0.43	0.03	1450
colight	TEST	166	188.3	100.0	-12.13	0.44	0.03	1450
colight	TRAIN	167	187.3	0.3	-11.67	0.42	0.03	1451
colight	TEST	167	186.4	100.0	-11.30	0.41	0.03	1452
colight	TRAIN	168	189.1	0.3	-12.66	0.45	0.03	1452
colight	TEST	168	186.0	100.0	-11.04	0.40	0.03	1451
colight	TRAIN	169	188.8	0.3	-12.33	0.44	0.03	1450
colight	TEST	169	188.4	100.0	-11.99	0.43	0.03	1452
colight	TRAIN	170	189.4	0.3	-12.37	0.44	0.03	1453
colight	TEST	170	186.9	100.0	-11.64	0.42	0.03	1449
colight	TRAIN	171	188.2	0.3	-12.06	0.44	0.03	1451
colight	TEST	171	188.8	100.0	-12.54	0.45	0.03	1453
colight	TRAIN	172	187.1	0.4	-11.62	0.42	0.03	1453
colight	TEST	172	188.5	100.0	-12.30	0.44	0.03	1451
colight	TRAIN	173	187.7	0.3	-11.95	0.43	0.03	1453
colight	TEST	173	189.6	100.0	-12.76	0.46	0.03	1452
colight	TRAIN	174	188.4	0.3	-12.23	0.44	0.03	1452
colight	TEST	174	189.2	100.0	-12.52	0.45	0.03	1450
colight	TRAIN	175	189.1	0.4	-12.51	0.45	0.03	1450
colight	TEST	175	187.8	100.0	-12.00	0.43	0.03	1452
colight	TRAIN	176	188.5	0.3	-12.22	0.44	0.03	1453
colight	TEST	176	189.4	100.0	-12.34	0.44	0.03	1452
colight	TRAIN	177	187.6	0.3	-11.95	0.43	0.03	1452
colight	TEST	177	187.7	100.0	-11.80	0.43	0.03	1451
colight	TRAIN	178	188.9	0.3	-12.57	0.45	0.03	1453
colight	TEST	178	188.2	100.0	-12.37	0.44	0.03	1453
colight	TRAIN	179	186.7	0.3	-11.66	0.42	0.03	1452
colight	TEST	179	187.7	100.0	-12.10	0.44	0.03	1450
colight	TRAIN	180	190.7	0.3	-13.01	0.46	0.03	1452
colight	TEST	180	188.2	100.0	-12.00	0.43	0.03	1452
colight	TRAIN	181	188.3	0.3	-12.02	0.43	0.03	1452
colight	TEST	181	186.8	100.0	-11.59	0.42	0.03	1453
colight	TRAIN	182	189.6	0.3	-12.76	0.46	0.03	1452
colight	TEST	182	187.3	100.0	-11.98	0.43	0.03	1453
colight	TRAIN	183	188.0	0.3	-12.09	0.44	0.03	1453
colight	TEST	183	188.4	100.0	-12.05	0.44	0.03	1453
colight	TRAIN	184	188.6	0.3	-12.16	0.44	0.03	1453
colight	TEST	184	187.7	100.0	-11.98	0.43	0.03	1452
colight	TRAIN	185	188.6	0.3	-12.26	0.44	0.03	1453
colight	TEST	185	188.3	100.0	-11.96	0.43	0.03	1452
colight	TRAIN	186	187.3	0.3	-11.73	0.42	0.03	1453
colight	TEST	186	187.6	100.0	-11.82	0.43	0.03	1450
colight	TRAIN	187	188.2	0.3	-12.27	0.44	0.03	1451
colight	TEST	187	188.0	100.0	-12.17	0.44	0.03	1453
colight	TRAIN	188	188.4	0.3	-12.13	0.44	0.03	1451
colight	TEST	188	189.5	100.0	-12.72	0.46	0.03	1454
colight	TRAIN	189	187.9	0.4	-12.22	0.44	0.03	1452
colight	TEST	189	188.4	100.0	-12.20	0.44	0.03	1452
colight	TRAIN	190	187.1	0.3	-11.49	0.42	0.03	1453
colight	TEST	190	188.0	100.0	-12.22	0.44	0.03	1452
colight	TRAIN	191	187.9	0.3	-11.81	0.43	0.03	1451
colight	TEST	191	188.6	100.0	-12.10	0.44	0.03	1454
colight	TRAIN	192	188.3	0.3	-11.84	0.43	0.03	1453
colight	TEST	192	186.8	100.0	-11.57	0.42	0.03	1451
colight	TRAIN	193	188.1	0.3	-11.95	0.43	0.03	1453
colight	TEST	193	189.1	100.0	-12.41	0.45	0.03	1452
colight	TRAIN	194	187.2	0.3	-11.65	0.42	0.03	1452
colight	TEST	194	188.6	100.0	-12.10	0.44	0.03	1453
colight	TRAIN	195	191.0	0.3	-13.17	0.47	0.03	1451
colight	TEST	195	188.2	100.0	-11.79	0.43	0.03	1453
colight	TRAIN	196	188.0	0.3	-12.02	0.43	0.03	1450
colight	TEST	196	190.2	100.0	-12.94	0.46	0.03	1454
colight	TRAIN	197	189.4	0.3	-12.67	0.46	0.03	1450
colight	TEST	197	189.0	100.0	-12.39	0.44	0.03	1451
colight	TRAIN	198	188.6	0.3	-12.28	0.44	0.03	1453
colight	TEST	198	188.3	100.0	-12.02	0.43	0.03	1453
colight	TRAIN	199	190.0	0.3	-12.78	0.46	0.03	1453
colight	TEST	199	190.4	100.0	-12.61	0.45	0.03	1452
