colight	TRAIN	0	299.7	0.0	-57.66	1.88	0.07	1428
colight	TEST	0	773.0	100.0	-431.08	13.50	0.17	597
colight	TRAIN	1	294.7	0.0	-55.98	1.83	0.07	1424
colight	TEST	1	773.0	100.0	-431.08	13.50	0.17	597
colight	TRAIN	2	300.7	0.7	-58.27	1.90	0.07	1421
colight	TEST	2	720.6	100.0	-446.73	13.99	0.17	519
colight	TRAIN	3	277.1	1.0	-48.44	1.59	0.07	1432
colight	TEST	3	652.9	100.0	-395.48	12.40	0.17	621
colight	TRAIN	4	254.8	0.9	-39.58	1.31	0.06	1428
colight	TEST	4	538.1	100.0	-269.92	8.48	0.15	953
colight	TRAIN	5	246.7	1.1	-36.19	1.20	0.06	1437
colight	TEST	5	424.0	100.0	-158.03	4.99	0.11	1205
colight	TRAIN	6	215.4	1.4	-23.35	0.81	0.05	1447
colight	TEST	6	206.4	100.0	-20.05	0.69	0.04	1448
colight	TRAIN	7	204.8	1.6	-19.13	0.67	0.04	1445
colight	TEST	7	251.6	100.0	-79.73	2.55	0.05	1279
colight	TRAIN	8	197.7	1.3	-16.39	0.58	0.04	1441
colight	TEST	8	188.0	100.0	-12.84	0.46	0.03	1448
colight	TRAIN	9	195.9	0.7	-15.52	0.55	0.03	1446
colight	TEST	9	187.9	100.0	-12.57	0.45	0.03	1449
colight	TRAIN	10	192.5	0.5	-14.25	0.51	0.03	1449
colight	TEST	10	186.0	100.0	-12.08	0.44	0.03	1448
colight	TRAIN	11	189.6	0.6	-13.28	0.48	0.03	1449
colight	TEST	11	186.2	100.0	-12.22	0.44	0.03	1447
colight	TRAIN	12	189.1	0.7	-12.74	0.46	0.03	1448
colight	TEST	12	182.9	100.0	-10.33	0.38	0.03	1450
colight	TRAIN	13	188.0	0.5	-12.35	0.45	0.03	1447
colight	TEST	13	183.2	100.0	-10.54	0.39	0.03	1450
colight	TRAIN	14	186.3	0.5	-11.83	0.43	0.03	1451
colight	TEST	14	184.4	100.0	-11.11	0.40	0.03	1450
colight	TRAIN	15	185.9	0.4	-11.71	0.43	0.03	1447
colight	TEST	15	183.9	100.0	-10.97	0.40	0.03	1450
colight	TRAIN	16	186.5	0.4	-12.01	0.44	0.03	1446
colight	TEST	16	184.2	100.0	-10.97	0.40	0.03	1450
colight	TRAIN	17	184.6	0.4	-11.26	0.41	0.03	1451
colight	TEST	17	183.6	100.0	-10.98	0.40	0.03	1449
colight	TRAIN	18	184.2	0.4	-10.84	0.40	0.03	1452
colight	TEST	18	184.2	100.0	-11.05	0.40	0.03	1450
colight	TRAIN	19	184.5	0.4	-10.87	0.39	0.03	1450
colight	TEST	19	182.8	100.0	-10.51	0.38	0.03	1450
colight	TRAIN	20	183.8	0.4	-10.87	0.40	0.03	1450
colight	TEST	20	184.9	100.0	-11.47	0.41	0.03	1453
colight	TRAIN	21	184.3	0.4	-11.13	0.41	0.03	1450
colight	TEST	21	184.6	100.0	-11.12	0.40	0.03	1451
colight	TRAIN	22	184.8	0.4	-11.23	0.41	0.03	1450
colight	TEST	22	184.3	100.0	-10.71	0.39	0.03	1451
colight	TRAIN	23	183.4	0.4	-10.69	0.39	0.03	1452
colight	TEST	23	185.8	100.0	-11.56	0.42	0.03	1450
colight	TRAIN	24	184.0	0.5	-10.84	0.40	0.03	1450
colight	TEST	24	182.7	100.0	-10.42	0.38	0.02	1450
colight	TRAIN	25	186.1	0.5	-11.69	0.42	0.03	1452
colight	TEST	25	185.6	100.0	-11.56	0.42	0.03	1451
colight	TRAIN	26	183.8	0.6	-10.64	0.39	0.03	1451
colight	TEST	26	185.2	100.0	-11.14	0.40	0.03	1451
colight	TRAIN	27	184.2	0.5	-10.87	0.40	0.03	1450
colight	TEST	27	186.2	100.0	-12.00	0.43	0.03	1449
colight	TRAIN	28	184.8	0.4	-11.34	0.41	0.03	1451
colight	TEST	28	185.5	100.0	-11.42	0.41	0.03	1451
colight	TRAIN	29	185.2	0.5	-11.25	0.41	0.03	1452
colight	TEST	29	186.4	100.0	-11.63	0.42	0.03	1449
colight	TRAIN	30	184.0	0.4	-10.73	0.39	0.03	1451
colight	TEST	30	184.1	100.0	-10.66	0.39	0.03	1453
colight	TRAIN	31	184.5	0.4	-10.74	0.39	0.03	1453
colight	TEST	31	184.8	100.0	-11.28	0.41	0.03	1451
colight	TRAIN	32	185.3	0.4	-11.18	0.41	0.03	1451
colight	TEST	32	186.6	100.0	-11.54	0.42	0.03	1451
colight	TRAIN	33	184.9	0.4	-10.87	0.39	0.03	1451
colight	TEST	33	183.3	100.0	-10.16	0.37	0.03	1450
colight	TRAIN	34	184.5	0.4	-10.87	0.40	0.03	1448
colight	TEST	34	184.6	100.0	-10.91	0.40	0.03	1451
colight	TRAIN	35	183.9	0.4	-10.69	0.39	0.03	1451
colight	TEST	35	184.3	100.0	-10.84	0.40	0.03	1451
colight	TRAIN	36	185.5	0.4	-11.36	0.41	0.03	1451
colight	TEST	36	183.9	100.0	-10.66	0.39	0.03	1451
colight	TRAIN	37	184.4	0.4	-10.85	0.40	0.03	1448
colight	TEST	37	185.4	100.0	-11.36	0.41	0.03	1451
colight	TRAIN	38	186.7	0.5	-11.83	0.43	0.03	1452
colight	TEST	38	186.0	100.0	-11.60	0.42	0.03	1450
colight	TRAIN	39	185.6	0.5	-11.28	0.41	0.03	1450
colight	TEST	39	185.1	100.0	-11.30	0.41	0.03	1452
colight	TRAIN	40	185.3	0.4	-11.30	0.41	0.03	1450
colight	TEST	40	184.4	100.0	-11.02	0.40	0.03	1450
colight	TRAIN	41	185.0	0.5	-11.11	0.41	0.03	1451
colight	TEST	41	184.6	100.0	-11.09	0.40	0.03	1451
colight	TRAIN	42	184.6	0.4	-11.19	0.41	0.03	1449
colight	TEST	42	184.0	100.0	-10.62	0.39	0.03	1451
colight	TRAIN	43	185.5	0.4	-11.25	0.41	0.03	1450
colight	TEST	43	185.4	100.0	-11.48	0.41	0.03	1450
colight	TRAIN	44	185.4	0.5	-11.40	0.41	0.03	1451
colight	TEST	44	186.0	100.0	-11.57	0.42	0.03	1451
colight	TRAIN	45	184.0	0.5	-10.57	0.39	0.03	1452
colight	TEST	45	184.9	100.0	-11.40	0.41	0.03	1450
colight	TRAIN	46	184.5	0.5	-11.00	0.40	0.03	1451
colight	TEST	46	186.6	100.0	-11.51	0.42	0.03	1451
colight	TRAIN	47	184.7	0.5	-10.96	0.40	0.03	1449
colight	TEST	47	184.5	100.0	-11.04	0.40	0.03	1450
colight	TRAIN	48	187.1	0.4	-12.07	0.44	0.03	1451
colight	TEST	48	186.3	100.0	-11.63	0.42	0.03	1449
colight	TRAIN	49	184.5	0.5	-11.02	0.40	0.03	1449
colight	TEST	49	184.9	100.0	-11.14	0.40	0.03	1448
colight	TRAIN	50	184.9	0.4	-11.02	0.40	0.03	1450
colight	TEST	50	185.0	100.0	-10.87	0.39	0.03	1452
colight	TRAIN	51	184.1	0.4	-10.89	0.40	0.03	1451
colight	TEST	51	185.1	100.0	-11.18	0.40	0.03	1451
colight	TRAIN	52	185.6	0.5	-11.50	0.42	0.03	1448
colight	TEST	52	184.0	100.0	-10.62	0.39	0.03	1449
colight	TRAIN	53	184.9	0.4	-11.00	0.40	0.03	1450
colight	TEST	53	186.8	100.0	-12.11	0.44	0.03	1451
colight	TRAIN	54	184.1	0.4	-10.67	0.39	0.02	1451
colight	TEST	54	185.4	100.0	-11.33	0.41	0.03	1449
colight	TRAIN	55	184.6	0.4	-11.14	0.40	0.03	1449
colight	TEST	55	186.1	100.0	-11.48	0.42	0.03	1449
colight	TRAIN	56	185.6	0.4	-11.37	0.41	0.03	1452
colight	TEST	56	184.7	100.0	-11.03	0.40	0.03	1450
colight	TRAIN	57	183.3	0.5	-10.41	0.38	0.02	1451
colight	TEST	57	184.5	100.0	-11.23	0.41	0.03	1449
colight	TRAIN	58	184.2	0.4	-10.86	0.39	0.03	1449
colight	TEST	58	185.2	100.0	-11.05	0.40	0.03	1448
colight	TRAIN	59	184.9	0.4	-11.11	0.40	0.03	1450
colight	TEST	59	186.5	100.0	-11.59	0.42	0.03	1453
colight	TRAIN	60	184.6	0.4	-10.95	0.40	0.03	1449
colight	TEST	60	185.1	100.0	-10.97	0.40	0.03	1449
colight	TRAIN	61	185.4	0.4	-11.04	0.40	0.03	1451
colight	TEST	61	184.1	100.0	-11.00	0.40	0.03	1450
colight	TRAIN	62	184.9	0.4	-10.99	0.40	0.03	1450
colight	TEST	62	184.6	100.0	-11.04	0.40	0.03	1451
colight	TRAIN	63	185.8	0.4	-11.44	0.41	0.03	1450
colight	TEST	63	185.7	100.0	-11.36	0.41	0.03	1450
colight	TRAIN	64	183.8	0.4	-10.81	0.39	0.03	1450
colight	TEST	64	185.0	100.0	-11.04	0.40	0.03	1450
colight	TRAIN	65	184.4	0.5	-10.83	0.39	0.03	1451
colight	TEST	65	184.7	100.0	-11.08	0.40	0.03	1451
colight	TRAIN	66	184.9	0.4	-11.18	0.40	0.03	1450
colight	TEST	66	183.1	100.0	-10.27	0.38	0.02	1450
colight	TRAIN	67	184.2	0.4	-10.76	0.39	0.03	1451
colight	TEST	67	184.8	100.0	-10.93	0.40	0.03	1451
colight	TRAIN	68	185.5	0.4	-11.45	0.42	0.03	1453
colight	TEST	68	184.4	100.0	-10.97	0.40	0.03	1449
colight	TRAIN	69	185.4	0.4	-11.18	0.41	0.03	1449
colight	TEST	69	184.9	100.0	-11.14	0.40	0.03	1453
colight	TRAIN	70	187.5	0.4	-11.92	0.43	0.03	1445
colight	TEST	70	185.1	100.0	-11.09	0.40	0.03	1449
colight	TRAIN	71	185.2	0.4	-11.19	0.41	0.03	1450
colight	TEST	71	185.7	100.0	-11.30	0.41	0.03	1452
colight	TRAIN	72	185.2	0.3	-11.16	0.41	0.03	1452
colight	TEST	72	186.1	100.0	-11.57	0.42	0.03	1449
colight	TRAIN	73	186.2	0.4	-11.59	0.42	0.03	1449
colight	TEST	73	186.4	100.0	-11.93	0.43	0.03	1448
colight	TRAIN	74	185.3	0.3	-11.35	0.41	0.03	1448
colight	TEST	74	185.4	100.0	-11.42	0.41	0.03	1448
colight	TRAIN	75	185.1	0.3	-11.09	0.40	0.03	1447
colight	TEST	75	184.7	100.0	-11.00	0.40	0.03	1454
colight	TRAIN	76	185.6	0.3	-11.15	0.41	0.03	1452
colight	TEST	76	185.6	100.0	-11.50	0.42	0.03	1452
colight	TRAIN	77	185.5	0.3	-11.40	0.41	0.03	1452
colight	TEST	77	185.0	100.0	-11.13	0.40	0.03	1452
colight	TRAIN	78	186.0	0.4	-11.48	0.41	0.03	1454
colight	TEST	78	183.8	100.0	-10.40	0.38	0.02	1451
colight	TRAIN	79	185.6	0.3	-11.30	0.41	0.03	1450
colight	TEST	79	185.2	100.0	-11.16	0.40	0.03	1451
colight	TRAIN	80	186.3	0.4	-11.46	0.42	0.03	1451
colight	TEST	80	185.2	100.0	-11.28	0.41	0.03	1450
colight	TRAIN	81	186.8	0.4	-11.79	0.43	0.03	1452
colight	TEST	81	185.9	100.0	-11.66	0.42	0.03	1447
colight	TRAIN	82	186.1	0.3	-11.54	0.42	0.03	1449
colight	TEST	82	187.0	100.0	-11.62	0.42	0.03	1454
colight	TRAIN	83	186.0	0.3	-11.45	0.41	0.03	1449
colight	TEST	83	185.0	100.0	-11.07	0.40	0.03	1453
colight	TRAIN	84	186.1	0.4	-11.70	0.42	0.03	1454
colight	TEST	84	186.2	100.0	-11.45	0.41	0.03	1450
colight	TRAIN	85	185.1	0.4	-11.04	0.40	0.03	1452
colight	TEST	85	188.3	100.0	-12.20	0.44	0.03	1450
colight	TRAIN	86	184.9	0.4	-11.05	0.40	0.03	1447
colight	TEST	86	185.2	100.0	-11.13	0.41	0.03	1451
colight	TRAIN	87	186.1	0.3	-11.50	0.42	0.03	1452
colight	TEST	87	186.3	100.0	-11.64	0.42	0.03	1450
colight	TRAIN	88	185.9	0.4	-11.24	0.41	0.03	1452
colight	TEST	88	186.9	100.0	-12.02	0.43	0.03	1452
colight	TRAIN	89	185.5	0.3	-11.27	0.41	0.03	1450
colight	TEST	89	186.5	100.0	-11.91	0.43	0.03	1454
colight	TRAIN	90	186.1	0.4	-11.38	0.41	0.03	1450
colight	TEST	90	185.6	100.0	-11.29	0.41	0.03	1452
colight	TRAIN	91	185.8	0.3	-11.47	0.42	0.03	1451
colight	TEST	91	187.2	100.0	-11.86	0.43	0.03	1451
colight	TRAIN	92	186.4	0.3	-11.55	0.42	0.03	1449
colight	TEST	92	185.8	100.0	-11.48	0.42	0.03	1450
colight	TRAIN	93	186.5	0.4	-11.72	0.42	0.03	1453
colight	TEST	93	187.1	100.0	-11.80	0.43	0.03	1453
colight	TRAIN	94	185.9	0.3	-11.49	0.42	0.03	1451
colight	TEST	94	186.1	100.0	-11.45	0.41	0.03	1451
colight	TRAIN	95	186.8	0.4	-11.86	0.43	0.03	1450
colight	TEST	95	185.6	100.0	-11.49	0.41	0.03	1451
colight	TRAIN	96	185.6	0.4	-11.27	0.41	0.03	1451
colight	TEST	96	186.3	100.0	-11.67	0.42	0.03	1451
colight	TRAIN	97	186.9	0.4	-11.83	0.43	0.03	1450
colight	TEST	97	186.4	100.0	-11.68	0.42	0.03	1451
colight	TRAIN	98	185.9	0.4	-11.43	0.41	0.03	1449
colight	TEST	98	187.0	100.0	-11.89	0.43	0.03	1452
colight	TRAIN	99	187.2	0.3	-11.90	0.43	0.03	1448
colight	TEST	99	185.5	100.0	-11.30	0.41	0.03	1453
colight	TRAIN	100	187.7	0.3	-12.29	0.44	0.03	1451
colight	TEST	100	185.4	100.0	-11.19	0.41	0.03	1450
colight	TRAIN	101	185.9	0.3	-11.35	0.41	0.03	1449
colight	TEST	101	187.5	100.0	-12.19	0.44	0.03	1451
colight	TRAIN	102	185.9	0.4	-11.45	0.42	0.03	1451
colight	TEST	102	187.5	100.0	-11.99	0.43	0.03	1451
colight	TRAIN	103	187.8	0.4	-12.27	0.44	0.03	1452
colight	TEST	103	185.9	100.0	-11.63	0.42	0.03	1448
colight	TRAIN	104	186.4	0.4	-11.62	0.42	0.03	1451
colight	TEST	104	185.7	100.0	-11.24	0.41	0.03	1450
colight	TRAIN	105	186.5	0.3	-11.64	0.42	0.03	1453
colight	TEST	105	186.1	100.0	-11.52	0.42	0.03	1451
colight	TRAIN	106	185.4	0.3	-11.24	0.41	0.03	1449
colight	TEST	106	186.0	100.0	-11.88	0.43	0.03	1450
colight	TRAIN	107	186.8	0.4	-11.80	0.42	0.03	1448
colight	TEST	107	186.3	100.0	-11.50	0.42	0.03	1453
colight	TRAIN	108	187.1	0.3	-11.82	0.43	0.03	1449
colight	TEST	108	187.8	100.0	-12.25	0.44	0.03	1449
colight	TRAIN	109	185.0	0.3	-11.11	0.40	0.02	1451
colight	TEST	109	186.4	100.0	-11.45	0.41	0.03	1451
colight	TRAIN	110	185.4	0.4	-11.36	0.41	0.03	1449
colight	TEST	110	184.1	100.0	-10.96	0.40	0.02	1450
colight	TRAIN	111	187.3	0.3	-12.04	0.43	0.03	1449
colight	TEST	111	186.2	100.0	-11.66	0.42	0.03	1449
colight	TRAIN	112	185.1	0.3	-11.00	0.40	0.03	1450
colight	TEST	112	186.2	100.0	-11.44	0.42	0.03	1448
colight	TRAIN	113	186.0	0.3	-11.49	0.42	0.03	1450
colight	TEST	113	185.9	100.0	-11.32	0.41	0.03	1449
colight	TRAIN	114	187.0	0.4	-11.97	0.43	0.03	1448
colight	TEST	114	185.2	100.0	-11.46	0.41	0.03	1450
colight	TRAIN	115	186.8	0.3	-11.76	0.42	0.03	1449
colight	TEST	115	186.4	100.0	-11.66	0.42	0.03	1450
colight	TRAIN	116	186.5	0.4	-11.76	0.42	0.03	1452
colight	TEST	116	186.1	100.0	-11.41	0.41	0.03	1451
colight	TRAIN	117	185.7	0.4	-11.46	0.42	0.03	1445
colight	TEST	117	185.2	100.0	-11.20	0.41	0.03	1448
colight	TRAIN	118	186.3	0.4	-11.55	0.42	0.03	1449
colight	TEST	118	185.5	100.0	-11.31	0.41	0.03	1451
colight	TRAIN	119	187.9	0.3	-12.44	0.45	0.03	1449
colight	TEST	119	186.7	100.0	-11.76	0.42	0.03	1450
colight	TRAIN	120	186.5	0.3	-11.57	0.42	0.03	1450
colight	TEST	120	186.6	100.0	-11.57	0.42	0.03	1449
colight	TRAIN	121	186.8	0.3	-11.74	0.42	0.03	1450
colight	TEST	121	184.7	100.0	-11.02	0.40	0.02	1451
colight	TRAIN	122	186.1	0.3	-11.49	0.41	0.03	1451
colight	TEST	122	185.7	100.0	-11.45	0.42	0.03	1451
colight	TRAIN	123	187.0	0.3	-11.74	0.42	0.03	1453
colight	TEST	123	186.1	100.0	-11.62	0.42	0.03	1450
colight	TRAIN	124	188.3	0.4	-12.21	0.44	0.03	1449
colight	TEST	124	186.9	100.0	-11.59	0.42	0.03	1450
colight	TRAIN	125	185.8	0.4	-11.53	0.42	0.03	1449
colight	TEST	125	189.0	100.0	-12.52	0.45	0.03	1449
colight	TRAIN	126	187.8	0.3	-12.24	0.44	0.03	1449
colight	TEST	126	186.4	100.0	-11.81	0.42	0.03	1449
colight	TRAIN	127	186.0	0.3	-11.34	0.41	0.03	1452
colight	TEST	127	185.3	100.0	-11.06	0.40	0.03	1447
colight	TRAIN	128	185.7	0.3	-11.46	0.41	0.03	1451
colight	TEST	128	185.9	100.0	-11.63	0.42	0.03	1450
colight	TRAIN	129	185.8	0.3	-11.18	0.41	0.03	1451
colight	TEST	129	185.6	100.0	-11.37	0.41	0.03	1449
colight	TRAIN	130	185.7	0.3	-11.51	0.42	0.03	1449
colight	TEST	130	186.3	100.0	-11.64	0.42	0.03	1452
colight	TRAIN	131	187.5	0.3	-12.02	0.43	0.03	1449
colight	TEST	131	186.8	100.0	-11.71	0.42	0.03	1453
colight	TRAIN	132	186.7	0.3	-11.73	0.42	0.03	1449
colight	TEST	132	186.3	100.0	-11.73	0.42	0.03	1454
colight	TRAIN	133	187.4	0.4	-12.13	0.43	0.03	1449
colight	TEST	133	185.8	100.0	-11.26	0.41	0.03	1451
colight	TRAIN	134	186.3	0.4	-11.72	0.42	0.03	1448
colight	TEST	134	185.4	100.0	-11.29	0.41	0.03	1449
colight	TRAIN	135	185.8	0.3	-11.56	0.42	0.03	1450
colight	TEST	135	185.8	100.0	-11.40	0.41	0.03	1451
colight	TRAIN	136	186.3	0.4	-11.79	0.43	0.03	1449
colight	TEST	136	186.0	100.0	-11.48	0.42	0.03	1452
colight	TRAIN	137	187.4	0.4	-11.66	0.42	0.03	1450
colight	TEST	137	187.6	100.0	-12.03	0.43	0.03	1450
colight	TRAIN	138	186.4	0.3	-11.62	0.42	0.03	1450
colight	TEST	138	186.9	100.0	-11.59	0.42	0.03	1452
colight	TRAIN	139	187.0	0.3	-11.69	0.42	0.03	1452
colight	TEST	139	187.6	100.0	-12.05	0.43	0.03	1448
colight	TRAIN	140	186.9	0.3	-11.56	0.42	0.03	1452
colight	TEST	140	187.2	100.0	-11.92	0.43	0.03	1452
colight	TRAIN	141	187.4	0.3	-11.93	0.43	0.03	1450
colight	TEST	141	186.0	100.0	-11.40	0.41	0.03	1450
colight	TRAIN	142	186.5	0.4	-11.32	0.41	0.03	1450
colight	TEST	142	186.5	100.0	-11.75	0.42	0.03	1449
colight	TRAIN	143	187.0	0.3	-11.95	0.43	0.03	1451
colight	TEST	143	186.8	100.0	-11.82	0.43	0.03	1448
colight	TRAIN	144	187.0	0.3	-11.88	0.43	0.03	1451
colight	TEST	144	187.2	100.0	-11.97	0.43	0.03	1450
colight	TRAIN	145	187.5	0.3	-12.09	0.43	0.03	1451
colight	TEST	145	187.5	100.0	-12.08	0.43	0.03	1449
colight	TRAIN	146	188.0	0.3	-12.31	0.44	0.03	1450
colight	TEST	146	185.1	100.0	-11.32	0.41	0.03	1450
colight	TRAIN	147	185.6	0.4	-11.19	0.41	0.03	1450
colight	TEST	147	187.2	100.0	-12.07	0.44	0.03	1448
colight	TRAIN	148	186.8	0.3	-11.91	0.43	0.03	1447
colight	TEST	148	186.8	100.0	-11.77	0.42	0.03	1448
colight	TRAIN	149	186.8	0.3	-11.62	0.42	0.03	1450
colight	TEST	149	186.2	100.0	-11.53	0.42	0.03	1451
colight	TRAIN	150	187.2	0.3	-11.93	0.43	0.03	1449
colight	TEST	150	186.8	100.0	-11.88	0.43	0.03	1449
colight	TRAIN	151	187.4	0.4	-12.05	0.43	0.03	1450
colight	TEST	151	185.9	100.0	-11.24	0.41	0.03	1448
colight	TRAIN	152	187.6	0.3	-12.10	0.43	0.03	1449
colight	TEST	152	187.9	100.0	-11.98	0.43	0.03	1451
colight	TRAIN	153	187.8	0.3	-12.27	0.44	0.03	1452
colight	TEST	153	187.7	100.0	-12.01	0.43	0.03	1450
colight	TRAIN	154	187.4	0.3	-12.05	0.43	0.03	1452
colight	TEST	154	186.6	100.0	-11.68	0.42	0.03	1450
colight	TRAIN	155	186.8	0.3	-11.78	0.43	0.03	1450
colight	TEST	155	185.4	100.0	-11.23	0.40	0.03	1451
colight	TRAIN	156	187.5	0.3	-12.11	0.44	0.03	1450
colight	TEST	156	186.4	100.0	-11.64	0.42	0.03	1449
colight	TRAIN	157	186.3	0.3	-11.39	0.41	0.03	1449
colight	TEST	157	185.8	100.0	-11.18	0.40	0.03	1449
colight	TRAIN	158	186.9	0.3	-11.95	0.43	0.03	1449
colight	TEST	158	187.3	100.0	-11.96	0.43	0.03	1450
colight	TRAIN	159	188.4	0.3	-12.38	0.45	0.03	1450
colight	TEST	159	187.3	100.0	-11.97	0.43	0.03	1449
colight	TRAIN	160	188.9	0.3	-12.47	0.45	0.03	1451
colight	TEST	160	185.7	100.0	-11.20	0.41	0.03	1448
colight	TRAIN	161	186.5	0.4	-11.56	0.42	0.03	1450
colight	TEST	161	188.5	100.0	-12.57	0.45	0.03	1451
colight	TRAIN	162	186.3	0.3	-11.51	0.42	0.03	1449
colight	TEST	162	186.8	100.0	-11.80	0.42	0.03	1451
colight	TRAIN	163	187.7	0.4	-12.10	0.43	0.03	1449
colight	TEST	163	187.6	100.0	-12.20	0.44	0.03	1449
colight	TRAIN	164	186.8	0.4	-11.89	0.43	0.03	1450
colight	TEST	164	185.8	100.0	-11.41	0.41	0.03	1449
colight	TRAIN	165	187.7	0.3	-12.31	0.44	0.03	1451
colight	TEST	165	187.4	100.0	-12.00	0.43	0.03	1450
colight	TRAIN	166	189.2	0.3	-12.54	0.45	0.03	1452
colight	TEST	166	186.6	100.0	-11.60	0.42	0.03	1449
colight	TRAIN	167	187.0	0.3	-11.73	0.42	0.03	1449
colight	TEST	167	186.1	100.0	-11.40	0.41	0.03	1451
colight	TRAIN	168	187.1	0.3	-11.84	0.43	0.03	1452
colight	TEST	168	188.8	100.0	-12.54	0.45	0.03	1451
colight	TRAIN	169	187.9	0.3	-12.06	0.43	0.03	1450
colight	TEST	169	186.3	100.0	-11.58	0.42	0.03	1451
colight	TRAIN	170	186.9	0.3	-11.58	0.42	0.03	1451
colight	TEST	170	186.2	100.0	-11.60	0.42	0.03	1449
colight	TRAIN	171	188.6	0.3	-12.55	0.45	0.03	1449
colight	TEST	171	187.4	100.0	-11.99	0.43	0.03	1450
colight	TRAIN	172	186.9	0.3	-11.86	0.43	0.03	1450
colight	TEST	172	186.7	100.0	-11.70	0.42	0.03	1448
colight	TRAIN	173	187.7	0.4	-12.16	0.44	0.03	1450
colight	TEST	173	186.1	100.0	-11.56	0.42	0.03	1452
colight	TRAIN	174	189.3	0.3	-12.64	0.46	0.03	1450
colight	TEST	174	188.0	100.0	-12.26	0.44	0.03	1448
colight	TRAIN	175	187.8	0.4	-12.13	0.44	0.03	1449
colight	TEST	175	187.5	100.0	-12.01	0.43	0.03	1450
colight	TRAIN	176	189.1	0.3	-12.71	0.46	0.03	1449
colight	TEST	176	187.7	100.0	-12.21	0.44	0.03	1449
colight	TRAIN	177	188.2	0.3	-12.45	0.45	0.03	1449
colight	TEST	177	187.9	100.0	-12.35	0.44	0.03	1450
colight	TRAIN	178	186.8	0.3	-11.80	0.43	0.03	1449
colight	TEST	178	187.8	100.0	-11.97	0.43	0.03	1449
colight	TRAIN	179	187.1	0.4	-12.02	0.43	0.03	1450
colight	TEST	179	187.2	100.0	-11.99	0.43	0.03	1449
colight	TRAIN	180	187.0	0.3	-11.96	0.43	0.03	1449
colight	TEST	180	187.3	100.0	-11.97	0.43	0.03	1449
colight	TRAIN	181	188.7	0.3	-12.55	0.45	0.03	1449
colight	TEST	181	186.9	100.0	-11.89	0.43	0.03	1449
colight	TRAIN	182	187.7	0.3	-12.24	0.44	0.03	1451
colight	TEST	182	188.5	100.0	-12.53	0.45	0.03	1449
colight	TRAIN	183	187.1	0.4	-12.05	0.43	0.03	1448
colight	TEST	183	186.1	100.0	-11.51	0.42	0.03	1447
colight	TRAIN	184	188.0	0.3	-12.40	0.45	0.03	1448
colight	TEST	184	187.6	100.0	-12.18	0.44	0.03	1449
colight	TRAIN	185	187.7	0.3	-12.08	0.43	0.03	1449
colight	TEST	185	186.4	100.0	-11.69	0.42	0.03	1450
colight	TRAIN	186	187.9	0.3	-12.31	0.44	0.03	1450
colight	TEST	186	188.3	100.0	-12.43	0.45	0.03	1449
colight	TRAIN	187	186.7	0.3	-11.93	0.43	0.03	1451
colight	TEST	187	187.3	100.0	-11.85	0.42	0.03	1451
colight	TRAIN	188	186.1	0.4	-11.48	0.41	0.03	1450
colight	TEST	188	187.0	100.0	-11.68	0.42	0.03	1449
colight	TRAIN	189	187.4	0.4	-12.01	0.44	0.03	1449
colight	TEST	189	186.8	100.0	-11.78	0.42	0.03	1449
colight	TRAIN	190	187.1	0.3	-11.99	0.43	0.03	1451
colight	TEST	190	186.4	100.0	-11.71	0.42	0.03	1447
colight	TRAIN	191	189.3	0.3	-12.72	0.46	0.03	1449
colight	TEST	191	188.1	100.0	-12.51	0.45	0.03	1449
colight	TRAIN	192	187.3	0.3	-11.94	0.43	0.03	1449
colight	TEST	192	188.3	100.0	-12.47	0.45	0.03	1452
colight	TRAIN	193	187.6	0.3	-11.97	0.43	0.03	1451
colight	TEST	193	186.5	100.0	-11.71	0.42	0.03	1448
colight	TRAIN	194	188.8	0.3	-12.33	0.44	0.03	1449
colight	TEST	194	188.2	100.0	-12.29	0.44	0.03	1451
colight	TRAIN	195	189.1	0.3	-12.60	0.45	0.03	1448
colight	TEST	195	189.1	100.0	-12.62	0.45	0.03	1449
colight	TRAIN	196	188.2	0.3	-12.41	0.45	0.03	1449
colight	TEST	196	187.1	100.0	-11.93	0.43	0.03	1449
colight	TRAIN	197	188.4	0.4	-12.27	0.44	0.03	1450
colight	TEST	197	187.5	100.0	-12.17	0.44	0.03	1450
colight	TRAIN	198	187.2	0.3	-11.91	0.43	0.03	1451
colight	TEST	198	188.1	100.0	-12.37	0.44	0.03	1449
colight	TRAIN	199	188.4	0.3	-12.23	0.44	0.03	1449
colight	TEST	199	187.1	100.0	-11.72	0.42	0.03	1449
