presslight	TRAIN	0	112.8	0.0	-34.83	9.39	0.41	2797
presslight	TEST	0	496.7	100.0	-200.50	66.90	0.87	791
presslight	TRAIN	1	105.5	0.0	-30.79	8.04	0.41	2789
presslight	TEST	1	496.7	100.0	-200.50	66.90	0.87	791
presslight	TRAIN	2	123.8	64.9	-52.79	15.62	0.51	2508
presslight	TEST	2	477.2	100.0	-146.44	49.76	0.77	979
presslight	TRAIN	3	258.4	61.7	-78.69	24.56	0.49	2296
presslight	TEST	3	274.8	100.0	-101.29	33.56	0.48	1428
presslight	TRAIN	4	124.5	117.4	-20.78	4.61	0.25	2823
presslight	TEST	4	83.1	100.0	-15.12	2.83	0.23	2821
presslight	TRAIN	5	60.6	54.1	-9.94	1.12	0.19	2821
presslight	TEST	5	62.2	100.0	-10.21	1.20	0.19	2824
presslight	TRAIN	6	60.5	24.7	-9.87	1.11	0.19	2823
presslight	TEST	6	84.8	100.0	-14.16	2.47	0.21	2823
presslight	TRAIN	7	59.9	23.0	-9.79	1.05	0.18	2823
presslight	TEST	7	60.4	100.0	-9.96	1.14	0.19	2823
presslight	TRAIN	8	63.4	21.7	-10.12	1.17	0.18	2823
presslight	TEST	8	60.0	100.0	-9.69	1.04	0.18	2824
presslight	TRAIN	9	59.3	19.8	-9.91	1.09	0.18	2821
presslight	TEST	9	60.2	100.0	-9.86	1.09	0.18	2824
presslight	TRAIN	10	59.8	18.9	-9.90	1.10	0.18	2821
presslight	TEST	10	60.7	100.0	-9.84	1.08	0.19	2824
presslight	TRAIN	11	116.8	21.8	-25.05	6.02	0.25	2825
presslight	TEST	11	61.3	100.0	-10.05	1.15	0.18	2823
presslight	TRAIN	12	61.5	28.7	-10.12	1.17	0.19	2821
presslight	TEST	12	63.2	100.0	-9.82	1.06	0.18	2822
presslight	TRAIN	13	80.9	31.5	-16.61	3.31	0.22	2822
presslight	TEST	13	107.1	100.0	-25.28	6.13	0.24	2823
presslight	TRAIN	14	59.5	33.5	-9.64	1.03	0.18	2822
presslight	TEST	14	61.0	100.0	-9.76	1.07	0.18	2821
presslight	TRAIN	15	60.2	34.9	-9.80	1.09	0.18	2823
presslight	TEST	15	59.7	100.0	-9.87	1.10	0.18	2823
presslight	TRAIN	16	60.5	36.2	-10.07	1.16	0.19	2822
presslight	TEST	16	63.2	100.0	-10.16	1.18	0.20	2821
presslight	TRAIN	17	61.9	41.3	-10.51	1.31	0.20	2818
presslight	TEST	17	83.6	100.0	-11.99	1.76	0.22	2814
presslight	TRAIN	18	62.9	43.3	-10.00	1.12	0.18	2819
presslight	TEST	18	91.1	100.0	-16.16	3.27	0.21	2824
presslight	TRAIN	19	80.2	55.8	-16.59	3.31	0.22	2820
presslight	TEST	19	88.8	100.0	-16.64	3.28	0.21	2821
presslight	TRAIN	20	79.7	64.5	-16.77	3.34	0.22	2818
presslight	TEST	20	79.4	100.0	-16.04	3.07	0.21	2817
presslight	TRAIN	21	78.4	76.1	-15.96	3.06	0.21	2820
presslight	TEST	21	80.9	100.0	-16.35	3.20	0.22	2820
presslight	TRAIN	22	61.6	78.9	-10.03	1.10	0.19	2820
presslight	TEST	22	65.2	100.0	-10.15	1.18	0.19	2822
presslight	TRAIN	23	62.7	77.1	-9.89	1.10	0.19	2816
presslight	TEST	23	65.5	100.0	-10.03	1.11	0.18	2817
presslight	TRAIN	24	64.4	82.0	-10.17	1.16	0.19	2815
presslight	TEST	24	68.2	100.0	-10.12	1.17	0.19	2815
presslight	TRAIN	25	63.5	70.5	-10.25	1.19	0.19	2822
presslight	TEST	25	116.3	100.0	-25.42	6.24	0.25	2823
presslight	TRAIN	26	83.1	76.7	-16.61	3.31	0.23	2787
presslight	TEST	26	80.4	100.0	-14.92	2.74	0.22	2818
presslight	TRAIN	27	66.2	72.0	-10.41	1.25	0.19	2802
presslight	TEST	27	67.0	100.0	-10.40	1.24	0.19	2815
presslight	TRAIN	28	62.9	70.9	-10.11	1.17	0.19	2817
presslight	TEST	28	73.4	100.0	-11.00	1.45	0.20	2810
presslight	TRAIN	29	68.6	68.6	-10.37	1.24	0.19	2813
presslight	TEST	29	88.5	100.0	-15.91	3.04	0.23	2794
presslight	TRAIN	30	74.4	55.8	-10.82	1.38	0.20	2811
presslight	TEST	30	65.1	100.0	-10.29	1.19	0.19	2808
presslight	TRAIN	31	73.5	55.9	-10.57	1.31	0.20	2815
presslight	TEST	31	75.1	100.0	-10.52	1.27	0.19	2815
presslight	TRAIN	32	79.4	62.1	-15.15	2.82	0.22	2817
presslight	TEST	32	69.1	100.0	-10.39	1.24	0.20	2811
presslight	TRAIN	33	82.7	68.2	-15.66	2.98	0.23	2812
presslight	TEST	33	112.5	100.0	-24.45	5.83	0.25	2806
presslight	TRAIN	34	105.0	62.1	-23.13	5.40	0.26	2795
presslight	TEST	34	72.4	100.0	-11.08	1.45	0.20	2798
presslight	TRAIN	35	76.0	60.7	-11.21	1.51	0.21	2811
presslight	TEST	35	83.2	100.0	-15.62	2.96	0.23	2816
presslight	TRAIN	36	91.8	61.5	-16.54	3.23	0.24	2823
presslight	TEST	36	63.6	100.0	-10.25	1.18	0.19	2817
presslight	TRAIN	37	61.9	65.2	-9.91	1.09	0.18	2823
presslight	TEST	37	80.6	100.0	-15.77	3.03	0.21	2820
presslight	TRAIN	38	63.5	65.2	-10.20	1.21	0.19	2823
presslight	TEST	38	62.3	100.0	-9.85	1.07	0.18	2822
presslight	TRAIN	39	62.3	64.8	-9.98	1.12	0.19	2821
presslight	TEST	39	61.1	100.0	-9.73	1.03	0.18	2819
presslight	TRAIN	40	61.9	63.4	-9.90	1.10	0.19	2823
presslight	TEST	40	61.3	100.0	-9.83	1.05	0.18	2823
presslight	TRAIN	41	61.4	66.1	-9.86	1.09	0.18	2819
presslight	TEST	41	63.5	100.0	-9.93	1.10	0.18	2823
presslight	TRAIN	42	105.1	70.0	-17.03	3.44	0.22	2818
presslight	TEST	42	61.5	100.0	-9.80	1.06	0.18	2821
presslight	TRAIN	43	61.4	81.7	-9.93	1.11	0.19	2821
presslight	TEST	43	64.5	100.0	-9.88	1.08	0.18	2820
presslight	TRAIN	44	61.6	76.9	-9.92	1.09	0.18	2822
presslight	TEST	44	69.8	100.0	-10.04	1.12	0.18	2821
presslight	TRAIN	45	61.6	72.8	-10.02	1.10	0.18	2821
presslight	TEST	45	63.3	100.0	-10.11	1.17	0.19	2823
presslight	TRAIN	46	64.2	71.0	-10.13	1.17	0.19	2821
presslight	TEST	46	86.1	100.0	-16.20	3.13	0.21	2822
presslight	TRAIN	47	62.8	68.0	-10.04	1.13	0.18	2820
presslight	TEST	47	62.9	100.0	-9.91	1.08	0.18	2821
presslight	TRAIN	48	62.6	64.0	-10.13	1.16	0.19	2816
presslight	TEST	48	62.7	100.0	-10.13	1.17	0.18	2817
presslight	TRAIN	49	66.8	40.1	-10.74	1.39	0.20	2800
presslight	TEST	49	89.2	100.0	-11.88	1.71	0.22	2803
presslight	TRAIN	50	82.1	27.1	-11.38	1.55	0.21	2796
presslight	TEST	50	99.7	100.0	-12.30	1.86	0.23	2802
presslight	TRAIN	51	95.9	20.4	-12.62	1.96	0.23	2801
presslight	TEST	51	72.6	100.0	-10.95	1.44	0.21	2815
presslight	TRAIN	52	67.5	21.1	-10.66	1.36	0.20	2823
presslight	TEST	52	65.2	100.0	-10.78	1.36	0.20	2820
presslight	TRAIN	53	64.2	20.1	-10.73	1.36	0.20	2815
presslight	TEST	53	64.1	100.0	-10.48	1.29	0.20	2819
presslight	TRAIN	54	66.8	19.8	-10.43	1.25	0.20	2821
presslight	TEST	54	65.2	100.0	-10.79	1.38	0.20	2815
presslight	TRAIN	55	67.4	17.7	-10.64	1.33	0.20	2817
presslight	TEST	55	67.5	100.0	-11.07	1.45	0.20	2807
presslight	TRAIN	56	65.0	13.4	-10.70	1.34	0.20	2818
presslight	TEST	56	63.7	100.0	-10.52	1.29	0.20	2814
presslight	TRAIN	57	63.9	10.7	-10.56	1.34	0.20	2813
presslight	TEST	57	61.5	100.0	-10.23	1.20	0.19	2823
presslight	TRAIN	58	62.7	10.4	-10.33	1.23	0.20	2817
presslight	TEST	58	62.7	100.0	-10.15	1.15	0.19	2819
presslight	TRAIN	59	78.7	12.0	-16.31	3.24	0.22	2819
presslight	TEST	59	62.9	100.0	-10.00	1.13	0.18	2818
presslight	TRAIN	60	63.7	14.7	-10.18	1.19	0.19	2824
presslight	TEST	60	66.7	100.0	-10.73	1.35	0.20	2816
presslight	TRAIN	61	62.6	14.2	-10.17	1.18	0.19	2824
presslight	TEST	61	65.7	100.0	-10.25	1.17	0.19	2820
presslight	TRAIN	62	65.4	14.7	-11.04	1.46	0.20	2824
presslight	TEST	62	62.9	100.0	-10.12	1.14	0.19	2819
presslight	TRAIN	63	62.9	14.9	-10.22	1.20	0.19	2816
presslight	TEST	63	61.0	100.0	-10.06	1.17	0.19	2816
presslight	TRAIN	64	65.8	15.4	-10.61	1.33	0.20	2820
presslight	TEST	64	62.8	100.0	-10.17	1.18	0.19	2824
presslight	TRAIN	65	62.5	14.5	-10.17	1.17	0.19	2817
presslight	TEST	65	66.4	100.0	-10.85	1.39	0.20	2815
presslight	TRAIN	66	65.6	14.3	-10.78	1.37	0.20	2822
presslight	TEST	66	63.2	100.0	-10.21	1.18	0.19	2816
presslight	TRAIN	67	64.6	13.7	-10.49	1.29	0.19	2818
presslight	TEST	67	64.1	100.0	-10.12	1.16	0.18	2823
presslight	TRAIN	68	70.1	13.1	-11.09	1.48	0.20	2823
presslight	TEST	68	62.8	100.0	-10.25	1.21	0.19	2823
presslight	TRAIN	69	66.7	13.4	-10.11	1.17	0.19	2816
presslight	TEST	69	62.5	100.0	-10.12	1.16	0.19	2817
presslight	TRAIN	70	62.0	12.7	-10.15	1.17	0.19	2821
presslight	TEST	70	78.9	100.0	-15.62	2.98	0.22	2819
presslight	TRAIN	71	61.3	12.2	-9.92	1.11	0.19	2821
presslight	TEST	71	63.7	100.0	-10.16	1.20	0.19	2826
presslight	TRAIN	72	66.4	12.7	-10.31	1.23	0.20	2825
presslight	TEST	72	60.2	100.0	-9.99	1.11	0.18	2819
presslight	TRAIN	73	61.9	11.2	-10.23	1.19	0.19	2821
presslight	TEST	73	60.0	100.0	-9.62	1.00	0.17	2825
presslight	TRAIN	74	108.2	13.5	-22.97	5.36	0.25	2820
presslight	TEST	74	63.7	100.0	-10.44	1.27	0.20	2818
presslight	TRAIN	75	65.6	18.1	-10.21	1.18	0.19	2821
presslight	TEST	75	63.5	100.0	-10.03	1.14	0.19	2821
presslight	TRAIN	76	62.7	17.2	-10.09	1.15	0.19	2815
presslight	TEST	76	62.1	100.0	-9.87	1.11	0.18	2819
presslight	TRAIN	77	62.7	16.5	-10.23	1.21	0.19	2819
presslight	TEST	77	66.2	100.0	-10.23	1.20	0.19	2822
presslight	TRAIN	78	63.9	18.0	-10.21	1.20	0.19	2817
presslight	TEST	78	66.5	100.0	-10.08	1.15	0.19	2815
presslight	TRAIN	79	64.8	17.2	-10.48	1.28	0.20	2818
presslight	TEST	79	83.1	100.0	-16.77	3.33	0.24	2813
presslight	TRAIN	80	82.6	19.8	-15.88	3.05	0.22	2815
presslight	TEST	80	65.1	100.0	-10.36	1.23	0.19	2823
presslight	TRAIN	81	64.0	23.8	-10.44	1.27	0.20	2819
presslight	TEST	81	63.0	100.0	-10.26	1.20	0.19	2822
presslight	TRAIN	82	63.6	23.2	-10.12	1.19	0.19	2819
presslight	TEST	82	64.2	100.0	-10.02	1.12	0.19	2819
presslight	TRAIN	83	63.5	24.0	-10.32	1.22	0.19	2822
presslight	TEST	83	63.2	100.0	-10.24	1.20	0.19	2817
presslight	TRAIN	84	62.6	22.2	-10.08	1.15	0.19	2814
presslight	TEST	84	75.5	100.0	-10.05	1.12	0.19	2819
presslight	TRAIN	85	61.8	24.3	-9.97	1.13	0.19	2822
presslight	TEST	85	63.3	100.0	-10.08	1.15	0.18	2822
presslight	TRAIN	86	104.6	30.4	-24.29	5.79	0.24	2819
presslight	TEST	86	62.5	100.0	-9.92	1.07	0.18	2824
presslight	TRAIN	87	63.6	32.7	-10.20	1.20	0.19	2816
presslight	TEST	87	61.3	100.0	-9.76	1.03	0.18	2821
presslight	TRAIN	88	61.8	30.4	-10.17	1.19	0.19	2815
presslight	TEST	88	63.3	100.0	-10.11	1.14	0.19	2820
presslight	TRAIN	89	63.3	24.1	-10.38	1.25	0.20	2819
presslight	TEST	89	70.0	100.0	-11.39	1.57	0.21	2815
presslight	TRAIN	90	66.7	27.1	-10.91	1.43	0.20	2823
presslight	TEST	90	112.3	100.0	-24.74	5.99	0.26	2817
presslight	TRAIN	91	63.4	29.1	-10.25	1.20	0.20	2817
presslight	TEST	91	64.7	100.0	-10.14	1.17	0.19	2820
presslight	TRAIN	92	63.2	28.7	-10.23	1.18	0.19	2822
presslight	TEST	92	61.8	100.0	-10.10	1.12	0.19	2821
presslight	TRAIN	93	81.4	33.5	-15.89	3.05	0.23	2813
presslight	TEST	93	66.4	100.0	-10.99	1.44	0.21	2814
presslight	TRAIN	94	79.3	32.4	-10.48	1.26	0.20	2819
presslight	TEST	94	62.3	100.0	-10.19	1.20	0.19	2822
presslight	TRAIN	95	65.5	26.9	-10.51	1.29	0.20	2820
presslight	TEST	95	79.4	100.0	-15.91	3.07	0.22	2822
presslight	TRAIN	96	65.2	27.1	-10.62	1.30	0.20	2822
presslight	TEST	96	62.6	100.0	-10.12	1.17	0.19	2825
presslight	TRAIN	97	82.4	30.3	-17.15	3.49	0.23	2823
presslight	TEST	97	62.3	100.0	-10.37	1.21	0.19	2823
presslight	TRAIN	98	62.6	34.0	-10.43	1.25	0.19	2819
presslight	TEST	98	68.8	100.0	-11.06	1.46	0.21	2816
presslight	TRAIN	99	62.7	32.6	-10.43	1.25	0.19	2825
presslight	TEST	99	68.1	100.0	-11.21	1.50	0.21	2813
presslight	TRAIN	100	65.3	27.5	-10.86	1.42	0.20	2812
presslight	TEST	100	64.0	100.0	-10.97	1.42	0.20	2816
presslight	TRAIN	101	67.8	22.2	-10.99	1.41	0.20	2815
presslight	TEST	101	64.9	100.0	-11.41	1.54	0.21	2817
presslight	TRAIN	102	62.9	21.9	-10.76	1.36	0.20	2822
presslight	TEST	102	64.7	100.0	-10.56	1.29	0.20	2822
presslight	TRAIN	103	63.2	18.3	-10.57	1.34	0.20	2819
presslight	TEST	103	63.0	100.0	-10.00	1.13	0.19	2825
presslight	TRAIN	104	64.2	18.0	-10.39	1.24	0.20	2822
presslight	TEST	104	63.4	100.0	-10.40	1.24	0.20	2819
presslight	TRAIN	105	62.4	16.4	-10.11	1.16	0.19	2821
presslight	TEST	105	70.2	100.0	-10.01	1.17	0.19	2822
presslight	TRAIN	106	65.9	15.9	-10.42	1.28	0.20	2819
presslight	TEST	106	85.0	100.0	-17.94	3.71	0.23	2823
presslight	TRAIN	107	66.8	13.4	-10.79	1.38	0.21	2822
presslight	TEST	107	61.3	100.0	-9.80	1.04	0.18	2821
presslight	TRAIN	108	62.2	11.5	-10.27	1.22	0.19	2821
presslight	TEST	108	63.1	100.0	-10.33	1.23	0.20	2821
presslight	TRAIN	109	63.1	11.3	-10.33	1.22	0.19	2823
presslight	TEST	109	99.3	100.0	-24.32	5.87	0.25	2821
presslight	TRAIN	110	113.8	15.6	-24.79	5.97	0.25	2819
presslight	TEST	110	63.8	100.0	-10.18	1.18	0.19	2820
presslight	TRAIN	111	63.4	17.6	-10.28	1.20	0.19	2818
presslight	TEST	111	66.2	100.0	-10.16	1.21	0.19	2819
presslight	TRAIN	112	64.5	16.1	-10.38	1.24	0.20	2815
presslight	TEST	112	67.3	100.0	-10.35	1.24	0.20	2821
presslight	TRAIN	113	63.2	15.4	-10.14	1.15	0.19	2821
presslight	TEST	113	63.0	100.0	-10.32	1.24	0.20	2820
presslight	TRAIN	114	63.7	16.5	-10.24	1.19	0.19	2820
presslight	TEST	114	76.8	100.0	-15.61	2.94	0.22	2816
presslight	TRAIN	115	62.3	15.1	-10.24	1.21	0.19	2820
presslight	TEST	115	97.8	100.0	-37.70	10.61	0.33	2288
presslight	TRAIN	116	62.8	16.0	-10.31	1.19	0.19	2823
presslight	TEST	116	63.4	100.0	-10.14	1.16	0.19	2821
presslight	TRAIN	117	63.6	16.8	-10.22	1.18	0.19	2820
presslight	TEST	117	62.1	100.0	-10.32	1.21	0.19	2822
presslight	TRAIN	118	62.3	15.7	-10.19	1.15	0.18	2821
presslight	TEST	118	62.8	100.0	-10.35	1.24	0.19	2820
presslight	TRAIN	119	66.3	15.8	-10.25	1.18	0.19	2822
presslight	TEST	119	61.6	100.0	-10.26	1.18	0.19	2822
presslight	TRAIN	120	64.8	17.6	-10.20	1.19	0.19	2820
presslight	TEST	120	62.7	100.0	-10.30	1.22	0.19	2822
presslight	TRAIN	121	62.6	17.3	-10.11	1.18	0.19	2817
presslight	TEST	121	63.8	100.0	-10.14	1.16	0.19	2817
presslight	TRAIN	122	63.4	16.7	-10.46	1.25	0.19	2820
presslight	TEST	122	63.1	100.0	-9.96	1.12	0.18	2821
presslight	TRAIN	123	62.8	17.2	-10.22	1.16	0.19	2819
presslight	TEST	123	66.0	100.0	-10.50	1.28	0.19	2818
presslight	TRAIN	124	62.5	11.6	-10.29	1.17	0.19	2822
presslight	TEST	124	82.7	100.0	-15.18	2.81	0.22	2820
presslight	TRAIN	125	62.2	9.1	-10.04	1.12	0.18	2822
presslight	TEST	125	61.9	100.0	-9.94	1.10	0.18	2822
presslight	TRAIN	126	80.1	12.3	-15.23	2.84	0.21	2821
presslight	TEST	126	62.0	100.0	-10.07	1.15	0.19	2820
presslight	TRAIN	127	61.3	14.4	-9.93	1.09	0.18	2822
presslight	TEST	127	62.8	100.0	-9.92	1.11	0.19	2823
presslight	TRAIN	128	65.8	14.1	-10.42	1.27	0.20	2817
presslight	TEST	128	62.2	100.0	-10.12	1.17	0.19	2823
presslight	TRAIN	129	62.6	13.7	-10.14	1.17	0.19	2820
presslight	TEST	129	74.5	100.0	-16.21	3.16	0.22	2821
presslight	TRAIN	130	62.0	12.6	-9.96	1.10	0.19	2823
presslight	TEST	130	61.8	100.0	-10.06	1.13	0.19	2822
presslight	TRAIN	131	62.5	12.9	-9.86	1.09	0.18	2822
presslight	TEST	131	62.6	100.0	-10.01	1.12	0.19	2821
presslight	TRAIN	132	83.3	16.2	-15.62	2.96	0.21	2815
presslight	TEST	132	62.0	100.0	-10.31	1.22	0.19	2820
presslight	TRAIN	133	65.5	17.0	-9.99	1.13	0.19	2821
presslight	TEST	133	61.1	100.0	-9.69	1.00	0.18	2823
presslight	TRAIN	134	187.3	23.6	-44.61	12.55	0.32	2679
presslight	TEST	134	61.9	100.0	-9.93	1.10	0.18	2823
presslight	TRAIN	135	62.6	36.3	-10.03	1.15	0.19	2822
presslight	TEST	135	60.7	100.0	-9.95	1.12	0.19	2822
presslight	TRAIN	136	61.6	39.0	-9.99	1.12	0.19	2823
presslight	TEST	136	61.8	100.0	-9.92	1.09	0.19	2824
presslight	TRAIN	137	60.6	32.7	-10.07	1.15	0.19	2823
presslight	TEST	137	61.9	100.0	-10.20	1.17	0.19	2822
presslight	TRAIN	138	61.4	33.3	-10.05	1.14	0.19	2823
presslight	TEST	138	63.0	100.0	-10.07	1.15	0.19	2821
presslight	TRAIN	139	62.5	35.9	-10.06	1.14	0.19	2823
presslight	TEST	139	82.2	100.0	-19.54	4.30	0.24	2704
presslight	TRAIN	140	62.0	28.9	-10.10	1.16	0.19	2823
presslight	TEST	140	62.1	100.0	-9.89	1.08	0.18	2822
presslight	TRAIN	141	61.9	27.5	-10.26	1.21	0.19	2823
presslight	TEST	141	84.5	100.0	-17.21	3.49	0.23	2821
presslight	TRAIN	142	62.3	28.3	-10.07	1.13	0.19	2821
presslight	TEST	142	61.9	100.0	-10.19	1.18	0.19	2824
presslight	TRAIN	143	66.5	31.7	-10.17	1.19	0.19	2824
presslight	TEST	143	64.7	100.0	-10.17	1.18	0.19	2822
presslight	TRAIN	144	63.0	30.5	-10.21	1.20	0.19	2821
presslight	TEST	144	62.3	100.0	-9.91	1.11	0.18	2823
presslight	TRAIN	145	61.8	30.1	-9.84	1.10	0.18	2823
presslight	TEST	145	62.0	100.0	-10.08	1.12	0.19	2823
presslight	TRAIN	146	62.5	24.2	-10.24	1.20	0.19	2821
presslight	TEST	146	62.8	100.0	-10.18	1.17	0.19	2817
presslight	TRAIN	147	62.0	21.6	-9.92	1.11	0.19	2823
presslight	TEST	147	64.2	100.0	-10.01	1.14	0.19	2824
presslight	TRAIN	148	81.7	22.6	-16.91	3.35	0.22	2823
presslight	TEST	148	61.7	100.0	-9.90	1.07	0.18	2823
presslight	TRAIN	149	60.8	21.6	-9.98	1.13	0.19	2822
presslight	TEST	149	82.1	100.0	-16.32	3.17	0.22	2824
presslight	TRAIN	150	62.6	18.3	-10.12	1.14	0.19	2821
presslight	TEST	150	60.8	100.0	-9.86	1.11	0.19	2817
presslight	TRAIN	151	62.8	23.0	-9.91	1.10	0.19	2823
presslight	TEST	151	62.9	100.0	-10.34	1.26	0.19	2822
presslight	TRAIN	152	60.2	20.3	-9.78	1.07	0.19	2817
presslight	TEST	152	61.6	100.0	-10.04	1.14	0.19	2816
presslight	TRAIN	153	77.7	20.7	-14.10	2.48	0.22	2821
presslight	TEST	153	78.3	100.0	-15.98	3.09	0.22	2819
presslight	TRAIN	154	61.2	20.1	-9.94	1.10	0.19	2823
presslight	TEST	154	65.4	100.0	-10.27	1.21	0.19	2822
presslight	TRAIN	155	64.3	20.3	-9.91	1.10	0.19	2818
presslight	TEST	155	62.0	100.0	-10.04	1.12	0.19	2819
presslight	TRAIN	156	77.0	21.0	-14.73	2.68	0.22	2823
presslight	TEST	156	61.4	100.0	-10.00	1.11	0.19	2820
presslight	TRAIN	157	63.6	21.4	-10.11	1.15	0.19	2819
presslight	TEST	157	62.0	100.0	-9.93	1.12	0.19	2818
presslight	TRAIN	158	78.0	25.7	-15.10	2.76	0.21	2823
presslight	TEST	158	62.1	100.0	-9.79	1.08	0.18	2823
presslight	TRAIN	159	63.9	33.7	-10.53	1.30	0.19	2822
presslight	TEST	159	61.3	100.0	-10.02	1.13	0.19	2823
presslight	TRAIN	160	62.0	33.1	-10.23	1.23	0.19	2824
presslight	TEST	160	61.4	100.0	-9.85	1.06	0.18	2822
presslight	TRAIN	161	61.0	37.2	-9.82	1.07	0.18	2822
presslight	TEST	161	78.2	100.0	-15.75	2.99	0.21	2823
presslight	TRAIN	162	60.9	28.2	-10.02	1.11	0.19	2822
presslight	TEST	162	61.6	100.0	-9.83	1.06	0.18	2823
presslight	TRAIN	163	61.7	28.0	-9.93	1.11	0.19	2823
presslight	TEST	163	76.7	100.0	-15.66	2.99	0.22	2822
presslight	TRAIN	164	61.4	25.6	-9.83	1.06	0.18	2822
presslight	TEST	164	61.8	100.0	-9.89	1.09	0.18	2822
presslight	TRAIN	165	62.0	22.3	-9.93	1.10	0.18	2821
presslight	TEST	165	61.7	100.0	-10.11	1.17	0.19	2822
presslight	TRAIN	166	61.9	25.2	-9.97	1.13	0.19	2817
presslight	TEST	166	61.9	100.0	-10.08	1.15	0.20	2822
presslight	TRAIN	167	62.3	22.6	-10.01	1.10	0.19	2820
presslight	TEST	167	62.0	100.0	-9.93	1.09	0.19	2823
presslight	TRAIN	168	61.3	19.1	-9.77	1.04	0.18	2821
presslight	TEST	168	70.2	100.0	-9.53	1.09	0.18	2821
presslight	TRAIN	169	60.4	19.2	-9.98	1.10	0.19	2822
presslight	TEST	169	61.2	100.0	-9.89	1.08	0.19	2822
presslight	TRAIN	170	88.1	21.0	-15.86	3.12	0.22	2821
presslight	TEST	170	61.1	100.0	-9.65	1.01	0.18	2822
presslight	TRAIN	171	61.6	19.5	-9.98	1.10	0.19	2822
presslight	TEST	171	60.8	100.0	-9.98	1.10	0.19	2821
presslight	TRAIN	172	60.6	14.9	-10.06	1.12	0.19	2823
presslight	TEST	172	76.2	100.0	-13.69	2.35	0.22	2820
presslight	TRAIN	173	95.6	22.9	-19.98	4.41	0.23	2822
presslight	TEST	173	60.2	100.0	-9.70	1.01	0.18	2822
presslight	TRAIN	174	97.8	26.4	-22.20	5.12	0.25	2822
presslight	TEST	174	79.9	100.0	-15.93	3.05	0.21	2822
presslight	TRAIN	175	61.8	36.0	-10.14	1.13	0.19	2823
presslight	TEST	175	60.7	100.0	-9.82	1.04	0.18	2823
presslight	TRAIN	176	60.5	40.9	-9.92	1.12	0.19	2823
presslight	TEST	176	62.0	100.0	-9.75	1.06	0.18	2822
presslight	TRAIN	177	100.1	39.8	-23.61	5.61	0.25	2822
presslight	TEST	177	65.2	100.0	-10.06	1.15	0.19	2816
presslight	TRAIN	178	83.9	49.3	-16.01	3.08	0.22	2822
presslight	TEST	178	65.1	100.0	-9.98	1.11	0.19	2821
presslight	TRAIN	179	61.4	55.3	-9.88	1.09	0.19	2823
presslight	TEST	179	61.7	100.0	-9.80	1.05	0.18	2820
presslight	TRAIN	180	63.3	57.0	-9.87	1.08	0.18	2820
presslight	TEST	180	62.4	100.0	-10.06	1.14	0.19	2820
presslight	TRAIN	181	63.1	58.2	-10.07	1.15	0.19	2817
presslight	TEST	181	60.8	100.0	-9.87	1.07	0.19	2822
presslight	TRAIN	182	81.7	60.7	-15.78	3.01	0.21	2815
presslight	TEST	182	61.8	100.0	-10.15	1.19	0.19	2819
presslight	TRAIN	183	66.9	61.6	-10.25	1.18	0.19	2823
presslight	TEST	183	68.4	100.0	-9.58	1.06	0.18	2822
presslight	TRAIN	184	66.2	56.1	-9.96	1.13	0.19	2823
presslight	TEST	184	60.6	100.0	-9.98	1.12	0.19	2822
presslight	TRAIN	185	61.7	47.2	-10.08	1.13	0.19	2823
presslight	TEST	185	72.0	100.0	-9.84	1.13	0.19	2820
presslight	TRAIN	186	65.5	51.7	-9.97	1.12	0.19	2824
presslight	TEST	186	61.8	100.0	-9.92	1.09	0.18	2823
presslight	TRAIN	187	61.5	43.3	-10.03	1.15	0.19	2821
presslight	TEST	187	61.3	100.0	-9.78	1.06	0.18	2824
presslight	TRAIN	188	79.5	31.8	-16.06	3.12	0.22	2822
presslight	TEST	188	64.5	100.0	-10.40	1.25	0.20	2821
presslight	TRAIN	189	62.3	34.7	-10.11	1.14	0.19	2821
presslight	TEST	189	62.3	100.0	-9.96	1.13	0.19	2821
presslight	TRAIN	190	63.8	34.0	-9.96	1.11	0.18	2822
presslight	TEST	190	61.5	100.0	-12.06	1.84	0.21	2709
presslight	TRAIN	191	63.3	21.9	-10.00	1.10	0.19	2822
presslight	TEST	191	62.7	100.0	-10.19	1.20	0.19	2823
presslight	TRAIN	192	70.9	13.9	-9.98	1.11	0.18	2819
presslight	TEST	192	61.3	100.0	-9.92	1.11	0.19	2819
presslight	TRAIN	193	61.6	14.1	-9.99	1.10	0.19	2821
presslight	TEST	193	61.0	100.0	-9.92	1.07	0.18	2823
presslight	TRAIN	194	83.3	15.2	-16.85	3.38	0.22	2814
presslight	TEST	194	63.9	100.0	-10.09	1.15	0.19	2821
presslight	TRAIN	195	65.3	20.2	-10.05	1.13	0.19	2823
presslight	TEST	195	61.3	100.0	-9.72	1.01	0.18	2820
presslight	TRAIN	196	61.2	22.3	-10.11	1.14	0.19	2823
presslight	TEST	196	78.5	100.0	-15.95	3.08	0.22	2822
presslight	TRAIN	197	82.9	24.2	-16.25	3.19	0.22	2823
presslight	TEST	197	61.7	100.0	-9.85	1.09	0.19	2823
presslight	TRAIN	198	61.5	29.6	-9.93	1.07	0.18	2821
presslight	TEST	198	61.5	100.0	-9.86	1.08	0.18	2823
presslight	TRAIN	199	66.4	26.8	-10.00	1.12	0.19	2821
presslight	TEST	199	61.6	100.0	-9.84	1.07	0.18	2823
