colight_rich	TRAIN	0	416.6	0.0	-296.81	8.30	0.22	858
colight_rich	HELDOUT	0	456.0	100.0	-420.90	11.25	0.38	154
colight_rich	HELDOUT	0	471.8	100.0	-426.29	11.48	0.39	170
colight_rich	HELDOUT	0	517.8	100.0	-432.12	11.38	0.39	178
colight_rich	HELDOUT_MEAN	0	481.9	100.0	0.00	0.00	0.00	0
colight_rich	TRAIN	1	379.8	0.0	-299.71	8.47	0.23	907
colight_rich	TRAIN	2	433.5	0.0	-327.90	8.82	0.25	856
colight_rich	TRAIN	3	412.2	0.0	-286.33	8.02	0.24	879
colight_rich	TRAIN	4	401.1	0.0	-287.41	8.12	0.22	946
colight_rich	TRAIN	5	400.5	24.1	-296.76	8.22	0.23	832
colight_rich	TRAIN	6	390.9	21.6	-324.28	8.73	0.25	886
colight_rich	TRAIN	7	412.7	21.5	-321.40	8.85	0.25	902
colight_rich	TRAIN	8	454.1	20.2	-348.71	9.37	0.27	732
colight_rich	TRAIN	9	442.4	19.9	-314.20	8.65	0.25	767
colight_rich	TRAIN	10	430.2	20.8	-300.26	8.18	0.23	741
colight_rich	HELDOUT	10	357.0	100.0	-387.35	10.76	0.28	375
colight_rich	HELDOUT	10	315.5	100.0	-379.10	10.61	0.28	357
colight_rich	HELDOUT	10	369.9	100.0	-393.39	10.88	0.28	367
colight_rich	HELDOUT_MEAN	10	347.5	100.0	0.00	0.00	0.00	0
colight_rich	TRAIN	11	384.3	21.7	-337.65	9.28	0.28	832
colight_rich	TRAIN	12	475.9	22.5	-365.12	9.95	0.30	707
colight_rich	TRAIN	13	462.3	23.2	-364.16	9.99	0.31	665
colight_rich	TRAIN	14	413.3	22.1	-335.11	9.19	0.27	789
colight_rich	TRAIN	15	430.1	22.8	-350.32	9.62	0.28	687
colight_rich	TRAIN	16	417.4	22.3	-345.27	9.47	0.28	732
colight_rich	TRAIN	17	427.5	21.2	-369.53	10.18	0.30	667
colight_rich	TRAIN	18	408.9	21.9	-388.63	10.47	0.30	635
colight_rich	TRAIN	19	405.8	22.5	-367.44	10.11	0.29	622
colight_rich	TRAIN	20	440.5	22.3	-371.57	10.11	0.29	626
colight_rich	HELDOUT	20	331.9	100.0	-388.35	10.74	0.27	368
colight_rich	HELDOUT	20	366.4	100.0	-394.00	10.88	0.28	342
colight_rich	HELDOUT	20	338.2	100.0	-398.25	10.96	0.28	338
colight_rich	HELDOUT_MEAN	20	345.5	100.0	0.00	0.00	0.00	0
colight_rich	TRAIN	21	363.1	22.3	-352.12	9.81	0.26	605
colight_rich	TRAIN	22	358.4	21.9	-370.03	10.23	0.27	508
colight_rich	TRAIN	23	373.6	23.1	-373.20	10.35	0.28	451
colight_rich	TRAIN	24	411.7	23.4	-363.41	10.11	0.26	537
colight_rich	TRAIN	25	408.8	25.2	-359.36	10.07	0.26	508
colight_rich	TRAIN	26	362.7	24.1	-360.34	10.00	0.26	479
colight_rich	TRAIN	27	347.9	23.7	-356.07	10.01	0.25	512
colight_rich	TRAIN	28	360.6	26.1	-359.55	10.02	0.25	506
colight_rich	TRAIN	29	344.5	26.3	-361.98	10.01	0.26	469
colight_rich	TRAIN	30	385.3	29.3	-332.74	9.30	0.27	623
colight_rich	HELDOUT	30	402.2	100.0	-400.26	11.05	0.32	349
colight_rich	HELDOUT	30	370.1	100.0	-417.98	11.39	0.34	386
colight_rich	HELDOUT	30	382.7	100.0	-414.45	11.27	0.34	361
colight_rich	HELDOUT_MEAN	30	385.0	100.0	0.00	0.00	0.00	0
colight_rich	TRAIN	31	485.5	29.6	-389.75	10.68	0.30	536
colight_rich	TRAIN	32	455.6	48.5	-391.81	10.70	0.27	490
colight_rich	TRAIN	33	445.1	61.4	-394.34	10.87	0.33	551
colight_rich	TRAIN	34	387.2	78.8	-365.58	10.08	0.28	535
colight_rich	TRAIN	35	479.7	72.3	-355.56	9.82	0.27	533
colight_rich	TRAIN	36	351.6	75.2	-368.01	10.20	0.27	436
colight_rich	TRAIN	37	388.6	43.8	-348.18	9.57	0.27	575
colight_rich	TRAIN	38	356.5	45.3	-381.05	10.47	0.27	394
colight_rich	TRAIN	39	411.9	82.5	-376.73	10.22	0.27	391
colight_rich	TRAIN	40	418.6	110.6	-374.91	10.24	0.26	389
colight_rich	HELDOUT	40	344.8	100.0	-399.99	10.93	0.29	331
colight_rich	HELDOUT	40	337.2	100.0	-393.78	10.78	0.28	316
colight_rich	HELDOUT	40	356.8	100.0	-400.98	10.94	0.29	321
colight_rich	HELDOUT_MEAN	40	346.3	100.0	0.00	0.00	0.00	0
colight_rich	TRAIN	41	452.0	100.2	-354.05	9.69	0.29	545
colight_rich	TRAIN	42	376.9	71.3	-363.28	9.94	0.30	556
colight_rich	TRAIN	43	376.0	83.3	-332.13	9.32	0.28	612
colight_rich	TRAIN	44	435.4	104.8	-354.12	9.75	0.29	587
colight_rich	TRAIN	45	384.5	78.1	-361.52	10.05	0.27	540
colight_rich	TRAIN	46	393.6	69.9	-395.10	10.74	0.30	343
colight_rich	TRAIN	47	332.6	64.3	-366.84	10.08	0.27	473
colight_rich	TRAIN	48	405.3	70.2	-395.95	10.67	0.28	372
colight_rich	TRAIN	49	418.8	91.2	-371.51	10.23	0.28	377
colight_rich	TRAIN	50	360.4	124.5	-397.95	10.85	0.27	316
colight_rich	HELDOUT	50	388.4	100.0	-386.38	10.76	0.28	361
colight_rich	HELDOUT	50	330.9	100.0	-385.37	10.73	0.28	334
colight_rich	HELDOUT	50	356.6	100.0	-400.18	11.00	0.28	324
colight_rich	HELDOUT_MEAN	50	358.6	100.0	0.00	0.00	0.00	0
colight_rich	TRAIN	51	440.8	198.1	-380.48	10.42	0.31	452
colight_rich	TRAIN	52	409.0	152.0	-404.99	11.02	0.30	351
colight_rich	TRAIN	53	448.3	120.8	-397.72	10.85	0.29	373
colight_rich	TRAIN	54	445.4	131.4	-377.50	10.22	0.29	498
colight_rich	TRAIN	55	392.5	98.5	-340.93	9.39	0.26	581
colight_rich	TRAIN	56	394.0	84.1	-352.45	9.59	0.31	497
colight_rich	TRAIN	57	453.6	67.1	-400.48	11.05	0.33	378
colight_rich	TRAIN	58	421.3	69.7	-393.22	10.67	0.35	503
colight_rich	TRAIN	59	374.2	91.9	-384.26	10.58	0.34	365
colight_rich	TRAIN	60	417.3	126.7	-409.92	11.15	0.35	331
colight_rich	HELDOUT	60	417.1	100.0	-413.73	11.41	0.34	341
colight_rich	HELDOUT	60	367.3	100.0	-416.07	11.42	0.36	420
colight_rich	HELDOUT	60	399.8	100.0	-426.30	11.52	0.37	356
colight_rich	HELDOUT_MEAN	60	394.8	100.0	0.00	0.00	0.00	0
colight_rich	TRAIN	61	398.3	116.7	-420.99	11.47	0.35	348
colight_rich	TRAIN	62	414.7	84.5	-418.64	11.49	0.36	339
colight_rich	TRAIN	63	520.5	82.8	-394.62	10.73	0.30	420
colight_rich	TRAIN	64	365.8	97.5	-404.81	11.02	0.29	329
colight_rich	TRAIN	65	346.8	88.7	-406.41	11.00	0.30	308
colight_rich	TRAIN	66	360.8	117.5	-399.51	10.82	0.28	331
colight_rich	TRAIN	67	379.4	85.4	-389.73	10.67	0.29	371
colight_rich	TRAIN	68	383.6	72.4	-397.12	10.75	0.29	366
colight_rich	TRAIN	69	386.5	62.4	-398.54	10.78	0.29	340
colight_rich	TRAIN	70	387.8	69.2	-408.32	10.96	0.29	287
colight_rich	HELDOUT	70	347.4	100.0	-398.42	10.88	0.29	338
colight_rich	HELDOUT	70	355.1	100.0	-401.55	10.96	0.29	320
colight_rich	HELDOUT	70	389.7	100.0	-420.44	11.31	0.30	304
colight_rich	HELDOUT_MEAN	70	364.1	100.0	0.00	0.00	0.00	0
colight_rich	TRAIN	71	386.8	68.6	-402.85	10.95	0.30	329
colight_rich	TRAIN	72	369.0	96.2	-407.84	11.00	0.30	352
colight_rich	TRAIN	73	374.3	69.4	-408.25	11.01	0.30	326
colight_rich	TRAIN	74	342.4	57.5	-413.66	11.13	0.30	308
colight_rich	TRAIN	75	357.7	56.0	-389.16	10.64	0.29	345
colight_rich	TRAIN	76	380.2	84.2	-413.56	11.10	0.29	335
colight_rich	TRAIN	77	385.7	98.0	-400.12	10.94	0.30	319
colight_rich	TRAIN	78	387.8	72.0	-405.92	10.95	0.30	343
colight_rich	TRAIN	79	448.7	109.0	-416.30	11.03	0.29	283
colight_rich	TRAIN	80	434.7	92.7	-397.93	10.80	0.29	315
colight_rich	HELDOUT	80	359.9	100.0	-405.33	10.95	0.29	338
colight_rich	HELDOUT	80	356.1	100.0	-399.43	10.94	0.29	303
colight_rich	HELDOUT	80	396.1	100.0	-414.52	11.19	0.29	352
colight_rich	HELDOUT_MEAN	80	370.7	100.0	0.00	0.00	0.00	0
colight_rich	TRAIN	81	365.1	146.2	-409.42	10.89	0.29	308
colight_rich	TRAIN	82	413.7	190.6	-423.59	11.28	0.30	299
colight_rich	TRAIN	83	449.5	217.8	-422.80	11.11	0.36	177
colight_rich	TRAIN	84	540.7	237.7	-423.76	10.90	0.38	179
colight_rich	TRAIN	85	530.2	252.9	-414.63	10.94	0.37	157
colight_rich	TRAIN	86	536.7	241.5	-416.46	10.92	0.38	183
colight_rich	TRAIN	87	528.1	148.4	-426.02	11.17	0.39	203
colight_rich	TRAIN	88	453.2	104.8	-398.44	10.64	0.37	246
colight_rich	TRAIN	89	480.7	73.8	-408.37	11.06	0.36	333
colight_rich	TRAIN	90	362.9	65.7	-392.77	10.85	0.29	374
colight_rich	HELDOUT	90	341.4	100.0	-381.28	10.71	0.29	371
colight_rich	HELDOUT	90	354.7	100.0	-388.92	10.83	0.28	367
colight_rich	HELDOUT	90	357.0	100.0	-403.80	11.03	0.29	334
colight_rich	HELDOUT_MEAN	90	351.1	100.0	0.00	0.00	0.00	0
colight_rich	TRAIN	91	355.7	76.0	-380.96	10.69	0.29	392
colight_rich	TRAIN	92	352.3	96.6	-390.10	10.83	0.30	385
colight_rich	TRAIN	93	363.8	107.1	-388.59	10.79	0.29	390
colight_rich	TRAIN	94	419.7	124.0	-348.47	9.60	0.28	612
colight_rich	TRAIN	95	409.3	135.2	-359.88	9.99	0.30	570
colight_rich	TRAIN	96	367.4	142.6	-394.50	10.62	0.30	427
colight_rich	TRAIN	97	523.4	143.3	-391.59	10.85	0.32	461
colight_rich	TRAIN	98	413.9	89.3	-405.27	11.07	0.32	457
colight_rich	TRAIN	99	499.2	89.0	-394.40	10.75	0.33	420
colight_rich	TRAIN	100	431.8	103.1	-403.38	11.02	0.34	382
colight_rich	HELDOUT	100	380.0	100.0	-414.26	11.42	0.33	333
colight_rich	HELDOUT	100	364.0	100.0	-416.46	11.34	0.34	408
colight_rich	HELDOUT	100	388.7	100.0	-431.63	11.70	0.35	361
colight_rich	HELDOUT_MEAN	100	377.6	100.0	0.00	0.00	0.00	0
colight_rich	TRAIN	101	434.3	91.8	-397.98	10.92	0.33	444
colight_rich	TRAIN	102	347.4	90.5	-361.46	10.01	0.26	571
colight_rich	TRAIN	103	341.4	77.0	-388.57	10.82	0.29	348
colight_rich	TRAIN	104	335.0	94.7	-387.38	10.67	0.28	370
colight_rich	TRAIN	105	331.7	117.5	-377.13	10.51	0.29	345
colight_rich	TRAIN	106	382.8	148.1	-387.19	10.69	0.28	371
colight_rich	TRAIN	107	336.9	137.5	-380.05	10.67	0.29	388
colight_rich	TRAIN	108	338.2	133.5	-383.71	10.75	0.27	393
colight_rich	TRAIN	109	367.0	126.8	-383.68	10.60	0.28	361
colight_rich	TRAIN	110	348.9	126.6	-388.21	10.74	0.28	368
colight_rich	HELDOUT	110	353.3	100.0	-388.03	10.79	0.28	368
colight_rich	HELDOUT	110	330.8	100.0	-381.26	10.67	0.28	383
colight_rich	HELDOUT	110	347.6	100.0	-389.83	10.82	0.29	367
colight_rich	HELDOUT_MEAN	110	343.9	100.0	0.00	0.00	0.00	0
colight_rich	TRAIN	111	326.5	130.3	-377.02	10.61	0.28	387
colight_rich	TRAIN	112	345.4	138.0	-391.13	10.91	0.30	378
colight_rich	TRAIN	113	332.9	138.3	-385.76	10.79	0.28	346
colight_rich	TRAIN	114	347.2	151.3	-384.93	10.67	0.28	384
colight_rich	TRAIN	115	302.7	141.0	-380.94	10.63	0.28	363
colight_rich	TRAIN	116	327.9	103.6	-382.32	10.69	0.29	356
colight_rich	TRAIN	117	351.6	98.5	-383.59	10.77	0.29	384
colight_rich	TRAIN	118	316.6	99.6	-385.06	10.79	0.27	377
colight_rich	TRAIN	119	375.2	117.9	-385.21	10.56	0.28	368
colight_rich	TRAIN	120	340.8	108.7	-391.60	10.91	0.28	344
colight_rich	HELDOUT	120	346.0	100.0	-383.52	10.74	0.28	383
colight_rich	HELDOUT	120	338.2	100.0	-376.05	10.59	0.28	365
colight_rich	HELDOUT	120	357.8	100.0	-388.16	10.78	0.29	365
colight_rich	HELDOUT_MEAN	120	347.3	100.0	0.00	0.00	0.00	0
colight_rich	TRAIN	121	330.8	118.6	-374.88	10.51	0.28	393
colight_rich	TRAIN	122	340.4	123.5	-395.69	11.00	0.29	391
colight_rich	TRAIN	123	332.6	112.9	-390.94	10.90	0.29	361
colight_rich	TRAIN	124	353.8	111.3	-386.84	10.71	0.28	380
colight_rich	TRAIN	125	314.3	102.3	-384.22	10.70	0.28	356
colight_rich	TRAIN	126	331.5	94.1	-377.68	10.59	0.28	367
colight_rich	TRAIN	127	326.2	85.0	-379.90	10.60	0.28	395
colight_rich	TRAIN	128	329.5	75.9	-381.80	10.69	0.28	394
colight_rich	TRAIN	129	359.8	60.6	-384.33	10.61	0.28	357
colight_rich	TRAIN	130	349.7	52.1	-382.14	10.67	0.27	383
colight_rich	HELDOUT	130	355.6	100.0	-379.75	10.65	0.28	387
colight_rich	HELDOUT	130	349.2	100.0	-377.09	10.59	0.28	373
colight_rich	HELDOUT	130	338.1	100.0	-389.82	10.80	0.29	359
colight_rich	HELDOUT_MEAN	130	347.6	100.0	0.00	0.00	0.00	0
colight_rich	TRAIN	131	344.0	48.6	-379.97	10.70	0.29	370
colight_rich	TRAIN	132	337.6	53.3	-393.76	11.00	0.29	401
colight_rich	TRAIN	133	354.4	49.8	-389.78	10.82	0.29	370
colight_rich	TRAIN	134	355.1	42.0	-376.99	10.42	0.27	441
colight_rich	TRAIN	135	322.0	42.0	-375.63	10.51	0.28	391
colight_rich	TRAIN	136	350.6	42.6	-373.95	10.52	0.28	395
colight_rich	TRAIN	137	333.9	41.4	-383.71	10.75	0.29	362
colight_rich	TRAIN	138	335.9	45.3	-381.39	10.64	0.29	367
colight_rich	TRAIN	139	380.2	40.7	-384.84	10.60	0.28	374
colight_rich	TRAIN	140	339.7	39.8	-387.32	10.73	0.28	342
colight_rich	HELDOUT	140	354.0	100.0	-384.47	10.76	0.28	393
colight_rich	HELDOUT	140	321.1	100.0	-377.42	10.62	0.27	391
colight_rich	HELDOUT	140	354.1	100.0	-386.32	10.71	0.29	380
colight_rich	HELDOUT_MEAN	140	343.1	100.0	0.00	0.00	0.00	0
colight_rich	TRAIN	141	299.7	37.7	-371.67	10.49	0.29	368
colight_rich	TRAIN	142	345.7	32.7	-390.92	10.90	0.29	421
colight_rich	TRAIN	143	333.7	32.8	-389.79	10.83	0.28	371
colight_rich	TRAIN	144	335.6	32.1	-388.44	10.75	0.28	390
colight_rich	TRAIN	145	332.5	30.2	-380.99	10.60	0.28	363
colight_rich	TRAIN	146	328.5	27.9	-389.57	10.78	0.29	369
colight_rich	TRAIN	147	324.7	30.0	-376.91	10.61	0.29	377
colight_rich	TRAIN	148	341.0	28.1	-383.82	10.71	0.27	384
colight_rich	TRAIN	149	392.6	24.6	-379.79	10.50	0.29	390
colight_rich	TRAIN	150	334.9	24.1	-384.42	10.70	0.28	375
colight_rich	HELDOUT	150	332.2	100.0	-382.90	10.73	0.28	376
colight_rich	HELDOUT	150	327.1	100.0	-371.06	10.47	0.28	393
colight_rich	HELDOUT	150	357.1	100.0	-394.06	10.89	0.30	346
colight_rich	HELDOUT_MEAN	150	338.8	100.0	0.00	0.00	0.00	0
colight_rich	TRAIN	151	327.2	25.5	-378.00	10.62	0.28	369
colight_rich	TRAIN	152	343.0	24.5	-393.87	10.94	0.29	372
colight_rich	TRAIN	153	341.2	21.1	-391.54	10.84	0.29	348
colight_rich	TRAIN	154	331.0	20.1	-377.52	10.54	0.28	371
colight_rich	TRAIN	155	305.5	18.9	-379.27	10.54	0.28	366
colight_rich	TRAIN	156	349.2	19.4	-373.93	10.45	0.28	414
colight_rich	TRAIN	157	337.5	18.3	-383.77	10.81	0.29	386
colight_rich	TRAIN	158	331.5	17.7	-380.70	10.70	0.28	413
colight_rich	TRAIN	159	360.4	19.5	-382.93	10.56	0.28	363
colight_rich	TRAIN	160	346.1	17.6	-392.94	10.85	0.28	360
colight_rich	HELDOUT	160	340.4	100.0	-381.04	10.67	0.28	375
colight_rich	HELDOUT	160	321.6	100.0	-378.96	10.62	0.28	388
colight_rich	HELDOUT	160	346.9	100.0	-396.30	10.91	0.29	359
colight_rich	HELDOUT_MEAN	160	336.3	100.0	0.00	0.00	0.00	0
colight_rich	TRAIN	161	363.0	16.8	-387.96	10.88	0.29	368
colight_rich	TRAIN	162	332.0	16.6	-398.13	11.03	0.29	377
colight_rich	TRAIN	163	356.5	14.6	-381.85	10.63	0.28	392
colight_rich	TRAIN	164	338.4	13.9	-386.13	10.69	0.28	401
colight_rich	TRAIN	165	311.2	11.2	-374.82	10.49	0.27	357
colight_rich	TRAIN	166	344.3	11.9	-381.48	10.66	0.28	366
colight_rich	TRAIN	167	359.0	14.9	-375.20	10.56	0.29	399
colight_rich	TRAIN	168	325.2	16.2	-380.31	10.65	0.27	397
colight_rich	TRAIN	169	356.2	14.0	-383.54	10.61	0.28	332
colight_rich	TRAIN	170	341.4	13.5	-389.06	10.78	0.28	349
colight_rich	HELDOUT	170	361.4	100.0	-385.02	10.80	0.28	373
colight_rich	HELDOUT	170	327.4	100.0	-376.41	10.64	0.28	361
colight_rich	HELDOUT	170	332.9	100.0	-389.33	10.82	0.29	361
colight_rich	HELDOUT_MEAN	170	340.6	100.0	0.00	0.00	0.00	0
colight_rich	TRAIN	171	345.5	12.6	-384.07	10.74	0.29	370
colight_rich	TRAIN	172	349.6	12.8	-389.63	10.88	0.29	381
colight_rich	TRAIN	173	333.9	12.7	-387.15	10.76	0.28	370
colight_rich	TRAIN	174	321.6	12.5	-387.43	10.77	0.27	395
colight_rich	TRAIN	175	312.5	12.8	-379.88	10.63	0.27	363
colight_rich	TRAIN	176	344.7	12.8	-381.21	10.66	0.29	359
colight_rich	TRAIN	177	336.9	13.9	-380.96	10.65	0.28	385
colight_rich	TRAIN	178	319.6	14.2	-379.69	10.65	0.28	388
colight_rich	TRAIN	179	354.4	13.6	-386.39	10.66	0.29	335
colight_rich	TRAIN	180	350.1	14.7	-382.62	10.65	0.26	383
colight_rich	HELDOUT	180	332.7	100.0	-382.39	10.69	0.28	372
colight_rich	HELDOUT	180	325.4	100.0	-376.18	10.58	0.27	398
colight_rich	HELDOUT	180	337.7	100.0	-391.71	10.86	0.29	350
colight_rich	HELDOUT_MEAN	180	331.9	100.0	0.00	0.00	0.00	0
colight_rich	TRAIN	181	346.8	15.1	-377.11	10.54	0.28	392
colight_rich	TRAIN	182	375.1	14.0	-396.70	10.94	0.29	411
colight_rich	TRAIN	183	351.7	14.0	-389.56	10.92	0.29	356
colight_rich	TRAIN	184	312.6	13.9	-384.98	10.66	0.27	386
colight_rich	TRAIN	185	305.2	14.5	-377.93	10.50	0.28	361
colight_rich	TRAIN	186	337.4	13.9	-381.11	10.61	0.28	383
colight_rich	TRAIN	187	323.9	14.3	-384.39	10.80	0.29	362
colight_rich	TRAIN	188	340.2	14.4	-381.62	10.70	0.28	378
colight_rich	TRAIN	189	376.7	14.7	-377.82	10.46	0.27	367
colight_rich	TRAIN	190	338.3	13.5	-390.37	10.78	0.28	363
colight_rich	HELDOUT	190	335.7	100.0	-381.19	10.66	0.28	376
colight_rich	HELDOUT	190	329.0	100.0	-378.97	10.62	0.28	377
colight_rich	HELDOUT	190	360.4	100.0	-393.72	10.85	0.29	361
colight_rich	HELDOUT_MEAN	190	341.7	100.0	0.00	0.00	0.00	0
colight_rich	TRAIN	191	315.8	13.7	-385.72	10.81	0.28	373
colight_rich	TRAIN	192	378.9	12.8	-374.48	10.51	0.28	433
colight_rich	TRAIN	193	330.3	11.3	-385.82	10.76	0.28	365
colight_rich	TRAIN	194	309.6	11.7	-386.17	10.68	0.27	395
colight_rich	TRAIN	195	299.9	13.5	-385.66	10.75	0.28	363
colight_rich	TRAIN	196	344.1	13.6	-382.72	10.63	0.28	367
colight_rich	TRAIN	197	324.1	14.4	-384.58	10.80	0.29	360
colight_rich	TRAIN	198	323.8	13.0	-380.93	10.67	0.28	373
colight_rich	TRAIN	199	375.9	12.7	-388.37	10.69	0.29	385
colight_rich	TRAIN	200	327.1	11.7	-381.40	10.65	0.27	369
colight_rich	HELDOUT	200	337.5	100.0	-385.02	10.76	0.28	389
colight_rich	HELDOUT	200	316.8	100.0	-380.14	10.69	0.27	389
colight_rich	HELDOUT	200	358.5	100.0	-392.80	10.82	0.29	365
colight_rich	HELDOUT_MEAN	200	337.6	100.0	0.00	0.00	0.00	0
colight_rich	TRAIN	201	347.8	12.7	-384.44	10.81	0.28	364
colight_rich	TRAIN	202	335.5	13.4	-394.59	10.93	0.29	383
colight_rich	TRAIN	203	345.8	11.7	-383.54	10.71	0.29	358
colight_rich	TRAIN	204	337.9	10.7	-388.31	10.71	0.28	355
colight_rich	TRAIN	205	315.4	10.6	-387.76	10.82	0.28	360
colight_rich	TRAIN	206	335.6	12.0	-382.16	10.67	0.28	376
colight_rich	TRAIN	207	330.7	11.3	-384.47	10.77	0.30	347
colight_rich	TRAIN	208	354.6	10.3	-381.19	10.66	0.28	393
colight_rich	TRAIN	209	385.2	10.2	-388.46	10.68	0.28	358
colight_rich	TRAIN	210	356.1	10.4	-384.71	10.65	0.27	386
colight_rich	HELDOUT	210	337.2	100.0	-386.38	10.76	0.29	372
colight_rich	HELDOUT	210	311.7	100.0	-375.17	10.58	0.28	362
colight_rich	HELDOUT	210	346.5	100.0	-386.44	10.74	0.29	376
colight_rich	HELDOUT_MEAN	210	331.8	100.0	0.00	0.00	0.00	0
colight_rich	TRAIN	211	358.8	11.7	-381.50	10.68	0.29	374
colight_rich	TRAIN	212	364.1	10.2	-390.48	10.91	0.28	424
colight_rich	TRAIN	213	366.6	9.2	-390.36	10.80	0.29	360
colight_rich	TRAIN	214	338.5	9.2	-386.54	10.73	0.28	381
colight_rich	TRAIN	215	320.7	10.1	-384.09	10.77	0.28	348
colight_rich	TRAIN	216	340.4	10.6	-375.83	10.51	0.28	385
colight_rich	TRAIN	217	346.9	10.2	-381.68	10.73	0.29	380
colight_rich	TRAIN	218	325.4	10.9	-384.77	10.78	0.28	395
colight_rich	TRAIN	219	378.8	10.6	-382.62	10.52	0.28	378
colight_rich	TRAIN	220	353.3	11.0	-387.23	10.73	0.28	366
colight_rich	HELDOUT	220	322.2	100.0	-381.84	10.71	0.28	379
colight_rich	HELDOUT	220	340.1	100.0	-380.70	10.71	0.28	385
colight_rich	HELDOUT	220	343.1	100.0	-391.78	10.88	0.29	355
colight_rich	HELDOUT_MEAN	220	335.1	100.0	0.00	0.00	0.00	0
colight_rich	TRAIN	221	350.5	11.1	-383.64	10.73	0.28	404
colight_rich	TRAIN	222	334.4	9.5	-394.18	11.00	0.30	374
colight_rich	TRAIN	223	343.3	9.0	-385.84	10.79	0.28	355
colight_rich	TRAIN	224	340.2	9.2	-398.70	10.93	0.28	376
colight_rich	TRAIN	225	331.4	8.9	-379.29	10.58	0.28	369
colight_rich	TRAIN	226	344.2	8.0	-380.12	10.62	0.28	377
colight_rich	TRAIN	227	352.6	9.2	-379.10	10.63	0.29	403
colight_rich	TRAIN	228	320.4	9.7	-378.61	10.58	0.27	389
colight_rich	TRAIN	229	366.2	10.0	-381.56	10.56	0.28	346
colight_rich	TRAIN	230	331.2	9.4	-374.60	10.49	0.26	389
colight_rich	HELDOUT	230	348.8	100.0	-382.61	10.69	0.28	385
colight_rich	HELDOUT	230	319.3	100.0	-378.76	10.66	0.28	370
colight_rich	HELDOUT	230	347.6	100.0	-388.21	10.79	0.29	375
colight_rich	HELDOUT_MEAN	230	338.5	100.0	0.00	0.00	0.00	0
colight_rich	TRAIN	231	335.7	8.7	-381.66	10.77	0.28	392
colight_rich	TRAIN	232	342.1	8.8	-387.64	10.87	0.30	392
colight_rich	TRAIN	233	366.6	9.2	-381.32	10.65	0.28	372
colight_rich	TRAIN	234	310.3	9.2	-393.15	10.90	0.28	378
colight_rich	TRAIN	235	323.2	9.2	-384.12	10.72	0.28	357
colight_rich	TRAIN	236	334.9	9.8	-370.57	10.44	0.28	405
colight_rich	TRAIN	237	345.3	9.6	-384.15	10.79	0.29	370
colight_rich	TRAIN	238	311.9	10.1	-371.58	10.45	0.27	406
colight_rich	TRAIN	239	352.6	10.0	-383.96	10.63	0.28	348
colight_rich	TRAIN	240	335.8	10.3	-385.22	10.69	0.27	378
colight_rich	HELDOUT	240	334.4	100.0	-381.67	10.67	0.28	385
colight_rich	HELDOUT	240	333.7	100.0	-378.92	10.65	0.27	384
colight_rich	HELDOUT	240	340.5	100.0	-389.55	10.81	0.29	350
colight_rich	HELDOUT_MEAN	240	336.2	100.0	0.00	0.00	0.00	0
colight_rich	TRAIN	241	355.3	8.3	-380.07	10.71	0.28	398
colight_rich	TRAIN	242	337.6	8.6	-391.05	10.97	0.29	399
colight_rich	TRAIN	243	345.5	8.8	-382.42	10.68	0.28	385
colight_rich	TRAIN	244	336.9	8.9	-389.56	10.80	0.28	367
colight_rich	TRAIN	245	316.8	9.4	-382.23	10.66	0.28	367
colight_rich	TRAIN	246	361.5	8.3	-387.27	10.77	0.29	372
colight_rich	TRAIN	247	335.9	8.1	-382.66	10.76	0.29	385
colight_rich	TRAIN	248	328.3	8.3	-380.90	10.66	0.27	399
colight_rich	TRAIN	249	384.6	8.8	-388.27	10.63	0.28	370
colight_rich	TRAIN	250	334.6	9.1	-385.86	10.72	0.28	355
colight_rich	HELDOUT	250	333.3	100.0	-378.99	10.60	0.27	374
colight_rich	HELDOUT	250	315.2	100.0	-373.72	10.54	0.27	382
colight_rich	HELDOUT	250	342.1	100.0	-388.59	10.82	0.29	354
colight_rich	HELDOUT_MEAN	250	330.2	100.0	0.00	0.00	0.00	0
colight_rich	TRAIN	251	332.6	8.1	-376.03	10.58	0.28	376
colight_rich	TRAIN	252	345.0	7.1	-383.44	10.68	0.28	394
colight_rich	TRAIN	253	344.5	6.8	-384.24	10.64	0.28	381
colight_rich	TRAIN	254	323.1	6.9	-385.34	10.68	0.28	367
colight_rich	TRAIN	255	316.8	7.3	-378.92	10.59	0.27	356
colight_rich	TRAIN	256	356.0	7.7	-378.87	10.54	0.28	387
colight_rich	TRAIN	257	344.7	7.9	-377.00	10.64	0.28	400
colight_rich	TRAIN	258	340.1	8.1	-379.70	10.62	0.27	386
colight_rich	TRAIN	259	354.1	7.6	-375.51	10.44	0.27	376
colight_rich	TRAIN	260	329.2	7.6	-386.08	10.65	0.28	367
colight_rich	HELDOUT	260	335.3	100.0	-379.57	10.65	0.28	377
colight_rich	HELDOUT	260	331.4	100.0	-377.14	10.62	0.27	387
colight_rich	HELDOUT	260	341.0	100.0	-386.72	10.71	0.28	366
colight_rich	HELDOUT_MEAN	260	335.9	100.0	0.00	0.00	0.00	0
colight_rich	TRAIN	261	341.9	7.5	-378.85	10.67	0.29	358
colight_rich	TRAIN	262	352.6	7.8	-389.10	10.82	0.28	404
colight_rich	TRAIN	263	352.6	8.3	-380.74	10.66	0.28	371
colight_rich	TRAIN	264	338.4	7.6	-389.60	10.83	0.27	391
colight_rich	TRAIN	265	307.8	7.8	-381.49	10.66	0.28	374
colight_rich	TRAIN	266	333.8	7.3	-380.04	10.61	0.28	395
colight_rich	TRAIN	267	329.8	7.0	-379.38	10.62	0.29	378
colight_rich	TRAIN	268	301.5	6.9	-377.19	10.60	0.28	372
colight_rich	TRAIN	269	372.2	7.5	-389.09	10.73	0.28	353
colight_rich	TRAIN	270	371.9	7.1	-379.20	10.59	0.27	383
colight_rich	HELDOUT	270	337.4	100.0	-382.10	10.67	0.28	368
colight_rich	HELDOUT	270	334.4	100.0	-379.62	10.70	0.28	381
colight_rich	HELDOUT	270	357.0	100.0	-388.11	10.79	0.29	358
colight_rich	HELDOUT_MEAN	270	342.9	100.0	0.00	0.00	0.00	0
colight_rich	TRAIN	271	337.8	7.2	-380.68	10.68	0.29	370
colight_rich	TRAIN	272	344.9	7.0	-387.68	10.83	0.29	390
colight_rich	TRAIN	273	340.1	7.0	-386.40	10.76	0.28	379
colight_rich	TRAIN	274	330.4	6.6	-386.22	10.69	0.28	373
colight_rich	TRAIN	275	323.2	7.1	-381.47	10.62	0.27	374
colight_rich	TRAIN	276	330.7	7.3	-379.36	10.59	0.28	365
colight_rich	TRAIN	277	355.0	7.9	-383.67	10.76	0.29	394
colight_rich	TRAIN	278	326.4	8.4	-385.32	10.78	0.27	381
colight_rich	TRAIN	279	389.7	8.8	-386.65	10.65	0.27	364
colight_rich	TRAIN	280	331.7	8.6	-385.50	10.69	0.28	343
colight_rich	HELDOUT	280	336.6	100.0	-380.83	10.67	0.28	377
colight_rich	HELDOUT	280	346.0	100.0	-377.14	10.66	0.28	394
colight_rich	HELDOUT	280	334.0	100.0	-389.46	10.85	0.29	352
colight_rich	HELDOUT_MEAN	280	338.9	100.0	0.00	0.00	0.00	0
colight_rich	TRAIN	281	333.6	8.0	-383.65	10.73	0.28	368
colight_rich	TRAIN	282	319.2	8.1	-389.85	10.91	0.29	379
colight_rich	TRAIN	283	348.3	7.6	-388.35	10.82	0.28	386
colight_rich	TRAIN	284	319.2	7.7	-384.67	10.77	0.27	406
colight_rich	TRAIN	285	308.8	7.4	-384.41	10.72	0.29	339
colight_rich	TRAIN	286	336.3	8.0	-380.07	10.64	0.28	376
colight_rich	TRAIN	287	323.9	6.3	-385.13	10.84	0.30	370
colight_rich	TRAIN	288	318.6	6.2	-381.45	10.70	0.28	378
colight_rich	TRAIN	289	398.6	6.8	-385.79	10.64	0.28	357
colight_rich	TRAIN	290	342.4	6.7	-389.09	10.81	0.28	374
colight_rich	HELDOUT	290	330.0	100.0	-382.84	10.72	0.29	372
colight_rich	HELDOUT	290	322.8	100.0	-379.58	10.67	0.28	376
colight_rich	HELDOUT	290	344.3	100.0	-387.83	10.78	0.29	359
colight_rich	HELDOUT_MEAN	290	332.3	100.0	0.00	0.00	0.00	0
colight_rich	TRAIN	291	333.7	6.1	-386.90	10.87	0.28	387
colight_rich	TRAIN	292	349.5	6.9	-390.48	10.89	0.30	390
colight_rich	TRAIN	293	349.2	7.3	-387.08	10.77	0.29	371
colight_rich	TRAIN	294	370.6	6.9	-381.49	10.61	0.27	401
colight_rich	TRAIN	295	321.6	7.1	-377.87	10.56	0.27	365
colight_rich	TRAIN	296	344.8	7.7	-380.94	10.65	0.28	401
colight_rich	TRAIN	297	326.6	7.5	-380.97	10.69	0.29	378
colight_rich	TRAIN	298	362.2	8.9	-382.63	10.74	0.28	397
colight_rich	TRAIN	299	354.2	8.8	-371.66	10.22	0.27	391
colight_rich	TRAIN	300	356.1	7.3	-388.54	10.78	0.27	351
colight_rich	HELDOUT	300	336.4	100.0	-378.92	10.67	0.28	360
colight_rich	HELDOUT	300	323.9	100.0	-379.69	10.70	0.28	380
colight_rich	HELDOUT	300	346.8	100.0	-390.75	10.85	0.29	346
colight_rich	HELDOUT_MEAN	300	335.7	100.0	0.00	0.00	0.00	0
colight_rich	TRAIN	301	357.7	7.8	-373.21	10.46	0.28	438
colight_rich	TRAIN	302	374.7	7.1	-387.10	10.83	0.29	380
colight_rich	TRAIN	303	340.0	6.8	-389.92	10.80	0.28	384
colight_rich	TRAIN	304	313.8	6.3	-385.27	10.64	0.28	368
colight_rich	TRAIN	305	331.5	6.2	-380.97	10.61	0.28	366
colight_rich	TRAIN	306	351.9	6.3	-383.63	10.68	0.29	363
colight_rich	TRAIN	307	338.6	6.8	-386.70	10.85	0.30	359
colight_rich	TRAIN	308	321.8	6.4	-375.46	10.56	0.28	391
colight_rich	TRAIN	309	381.2	6.2	-379.73	10.46	0.27	384
colight_rich	TRAIN	310	343.3	6.3	-385.80	10.71	0.27	360
colight_rich	HELDOUT	310	339.5	100.0	-376.60	10.58	0.28	388
colight_rich	HELDOUT	310	328.8	100.0	-378.77	10.69	0.27	381
colight_rich	HELDOUT	310	351.2	100.0	-389.51	10.83	0.29	346
colight_rich	HELDOUT_MEAN	310	339.8	100.0	0.00	0.00	0.00	0
colight_rich	TRAIN	311	333.8	7.2	-374.86	10.53	0.28	405
colight_rich	TRAIN	312	360.3	8.0	-391.08	10.87	0.29	419
colight_rich	TRAIN	313	356.9	7.7	-383.81	10.68	0.28	380
colight_rich	TRAIN	314	317.8	7.2	-393.65	10.82	0.28	355
colight_rich	TRAIN	315	312.7	7.4	-372.64	10.50	0.27	389
colight_rich	TRAIN	316	362.3	7.6	-385.58	10.69	0.29	392
colight_rich	TRAIN	317	364.2	7.1	-385.52	10.78	0.30	382
colight_rich	TRAIN	318	319.4	6.6	-378.84	10.62	0.27	389
colight_rich	TRAIN	319	349.4	7.4	-388.36	10.73	0.29	348
colight_rich	TRAIN	320	310.7	7.4	-389.53	10.79	0.27	359
colight_rich	HELDOUT	320	337.3	100.0	-380.42	10.63	0.28	386
colight_rich	HELDOUT	320	342.3	100.0	-377.50	10.65	0.28	385
colight_rich	HELDOUT	320	341.0	100.0	-386.89	10.77	0.29	369
colight_rich	HELDOUT_MEAN	320	340.2	100.0	0.00	0.00	0.00	0
colight_rich	TRAIN	321	330.2	7.6	-385.96	10.80	0.29	358
colight_rich	TRAIN	322	336.1	6.7	-393.13	10.99	0.29	374
colight_rich	TRAIN	323	343.2	6.4	-389.08	10.87	0.29	373
colight_rich	TRAIN	324	330.8	7.1	-392.43	10.86	0.28	351
colight_rich	TRAIN	325	324.8	6.9	-382.25	10.65	0.28	359
colight_rich	TRAIN	326	346.6	7.2	-375.63	10.53	0.28	401
colight_rich	TRAIN	327	324.3	7.0	-383.16	10.74	0.28	357
colight_rich	TRAIN	328	320.6	6.7	-382.98	10.75	0.27	399
colight_rich	TRAIN	329	352.2	6.4	-383.79	10.60	0.27	355
colight_rich	TRAIN	330	327.3	6.5	-387.21	10.76	0.27	351
colight_rich	HELDOUT	330	342.3	100.0	-380.66	10.69	0.28	361
colight_rich	HELDOUT	330	334.1	100.0	-371.69	10.54	0.27	378
colight_rich	HELDOUT	330	324.9	100.0	-388.79	10.82	0.29	344
colight_rich	HELDOUT_MEAN	330	333.8	100.0	0.00	0.00	0.00	0
colight_rich	TRAIN	331	332.6	6.0	-379.18	10.65	0.28	392
colight_rich	TRAIN	332	355.5	6.1	-381.96	10.69	0.30	401
colight_rich	TRAIN	333	356.5	6.0	-380.86	10.60	0.28	394
colight_rich	TRAIN	334	341.7	6.4	-387.71	10.75	0.29	359
colight_rich	TRAIN	335	311.2	6.4	-379.40	10.60	0.28	359
colight_rich	TRAIN	336	316.0	6.5	-382.42	10.63	0.28	382
colight_rich	TRAIN	337	332.2	6.3	-384.75	10.76	0.29	348
colight_rich	TRAIN	338	356.5	6.1	-384.67	10.76	0.27	391
colight_rich	TRAIN	339	338.2	6.2	-386.76	10.67	0.28	342
colight_rich	TRAIN	340	326.9	6.3	-388.69	10.79	0.28	347
colight_rich	HELDOUT	340	334.9	100.0	-386.41	10.80	0.29	384
colight_rich	HELDOUT	340	326.5	100.0	-383.32	10.77	0.27	378
colight_rich	HELDOUT	340	353.6	100.0	-389.47	10.80	0.29	362
colight_rich	HELDOUT_MEAN	340	338.3	100.0	0.00	0.00	0.00	0
colight_rich	TRAIN	341	345.4	6.7	-386.76	10.87	0.29	360
colight_rich	TRAIN	342	318.4	6.8	-390.41	10.84	0.28	399
colight_rich	TRAIN	343	324.3	6.8	-391.35	10.86	0.29	358
colight_rich	TRAIN	344	343.3	6.6	-384.01	10.70	0.28	409
colight_rich	TRAIN	345	314.8	6.1	-380.28	10.63	0.28	367
colight_rich	TRAIN	346	328.6	6.5	-374.56	10.52	0.27	409
colight_rich	TRAIN	347	340.1	6.5	-380.87	10.68	0.29	369
colight_rich	TRAIN	348	335.9	6.4	-377.99	10.64	0.28	399
colight_rich	TRAIN	349	345.8	6.4	-385.64	10.64	0.27	351
colight_rich	TRAIN	350	332.8	5.3	-384.27	10.68	0.27	367
colight_rich	HELDOUT	350	337.8	100.0	-384.89	10.75	0.28	361
colight_rich	HELDOUT	350	319.3	100.0	-374.48	10.57	0.28	369
colight_rich	HELDOUT	350	347.4	100.0	-393.70	10.94	0.29	352
colight_rich	HELDOUT_MEAN	350	334.8	100.0	0.00	0.00	0.00	0
colight_rich	TRAIN	351	339.6	5.2	-384.20	10.80	0.28	360
colight_rich	TRAIN	352	343.7	4.9	-388.06	10.82	0.28	409
colight_rich	TRAIN	353	325.1	5.5	-390.90	10.86	0.29	371
colight_rich	TRAIN	354	326.2	5.2	-389.04	10.81	0.27	375
colight_rich	TRAIN	355	314.2	4.8	-363.13	10.23	0.27	394
colight_rich	TRAIN	356	336.4	4.6	-383.23	10.61	0.28	357
colight_rich	TRAIN	357	339.4	4.7	-378.14	10.70	0.29	370
colight_rich	TRAIN	358	316.1	4.7	-383.05	10.71	0.28	370
colight_rich	TRAIN	359	355.9	5.4	-380.24	10.54	0.28	349
colight_rich	HELDOUT	500	339.6	100.0	-379.14	10.63	0.28	384
colight_rich	HELDOUT	500	312.7	100.0	-378.55	10.63	0.27	356
colight_rich	HELDOUT	500	348.6	100.0	-386.76	10.76	0.29	357
colight_rich	HELDOUT_MEAN	500	333.6	100.0	0.00	0.00	0.00	0
colight_rich	HELDOUT	250	346.3	100.0	-382.57	10.74	0.28	365
colight_rich	HELDOUT	250	327.4	100.0	-377.39	10.61	0.28	394
colight_rich	HELDOUT	250	349.9	100.0	-390.21	10.86	0.29	349
colight_rich	HELDOUT_MEAN	250	341.2	100.0	0.00	0.00	0.00	0
