presslight_rich	TRAIN	0	212.5	0.0	-4.41	5.65	0.04	676
presslight_rich	HELDOUT	0	352.9	100.0	-26.11	8.87	0.09	384
presslight_rich	HELDOUT	0	336.5	100.0	-20.97	8.70	0.10	422
presslight_rich	HELDOUT	0	329.1	100.0	-28.43	8.86	0.10	380
presslight_rich	HELDOUT_MEAN	0	339.5	100.0	0.00	0.00	0.00	0
presslight_rich	TRAIN	1	222.4	0.0	-4.04	5.75	0.05	715
presslight_rich	TRAIN	2	208.3	0.0	-4.87	5.66	0.05	731
presslight_rich	TRAIN	3	218.4	0.0	-5.58	5.79	0.05	781
presslight_rich	TRAIN	4	209.4	0.0	-4.09	5.63	0.04	688
presslight_rich	TRAIN	5	248.1	0.8	-8.03	6.57	0.07	594
presslight_rich	TRAIN	6	288.0	1.5	-16.72	6.67	0.08	640
presslight_rich	TRAIN	7	262.7	1.9	-8.18	6.41	0.07	676
presslight_rich	TRAIN	8	259.9	2.0	-7.22	6.26	0.06	703
presslight_rich	TRAIN	9	237.3	2.2	-4.46	5.85	0.05	717
presslight_rich	TRAIN	10	221.5	2.1	-4.14	5.70	0.05	674
presslight_rich	HELDOUT	10	230.0	100.0	-5.96	5.90	0.06	682
presslight_rich	HELDOUT	10	230.4	100.0	-5.19	5.99	0.06	714
presslight_rich	HELDOUT	10	232.2	100.0	-5.09	5.96	0.06	696
presslight_rich	HELDOUT_MEAN	10	230.9	100.0	0.00	0.00	0.00	0
presslight_rich	TRAIN	11	214.7	1.9	-3.42	5.68	0.05	712
presslight_rich	TRAIN	12	223.2	1.8	-3.80	5.77	0.05	733
presslight_rich	TRAIN	13	210.8	1.6	-4.61	5.68	0.05	780
presslight_rich	TRAIN	14	203.3	1.5	-3.91	5.55	0.04	691
presslight_rich	TRAIN	15	212.0	1.5	-3.98	5.65	0.05	735
presslight_rich	TRAIN	16	202.5	1.5	-5.00	5.61	0.05	727
presslight_rich	TRAIN	17	203.0	1.4	-4.18	5.61	0.04	734
presslight_rich	TRAIN	18	204.8	1.3	-4.84	5.64	0.05	753
presslight_rich	TRAIN	19	207.1	1.3	-4.17	5.57	0.04	726
presslight_rich	TRAIN	20	197.6	1.2	-4.10	5.52	0.04	681
presslight_rich	HELDOUT	20	202.1	100.0	-4.54	5.58	0.04	719
presslight_rich	HELDOUT	20	209.7	100.0	-4.48	5.64	0.05	756
presslight_rich	HELDOUT	20	202.2	100.0	-4.29	5.56	0.04	741
presslight_rich	HELDOUT_MEAN	20	204.7	100.0	0.00	0.00	0.00	0
presslight_rich	TRAIN	21	197.3	1.2	-3.44	5.52	0.04	715
presslight_rich	TRAIN	22	199.6	1.2	-4.22	5.55	0.04	740
presslight_rich	TRAIN	23	199.3	1.2	-4.64	5.62	0.05	780
presslight_rich	TRAIN	24	200.7	1.2	-3.87	5.51	0.04	693
presslight_rich	TRAIN	25	204.4	1.2	-4.04	5.62	0.05	729
presslight_rich	TRAIN	26	198.2	1.2	-3.79	5.54	0.04	729
presslight_rich	TRAIN	27	197.0	1.1	-3.87	5.54	0.04	748
presslight_rich	TRAIN	28	195.8	1.2	-4.57	5.56	0.04	752
presslight_rich	TRAIN	29	198.4	1.2	-4.51	5.55	0.04	727
presslight_rich	TRAIN	30	195.6	1.1	-4.10	5.51	0.04	687
presslight_rich	HELDOUT	30	193.6	100.0	-3.83	5.51	0.04	720
presslight_rich	HELDOUT	30	204.2	100.0	-4.29	5.59	0.05	757
presslight_rich	HELDOUT	30	201.3	100.0	-4.04	5.56	0.04	740
presslight_rich	HELDOUT_MEAN	30	199.7	100.0	0.00	0.00	0.00	0
presslight_rich	TRAIN	31	200.2	1.1	-3.78	5.54	0.04	716
presslight_rich	TRAIN	32	201.5	1.1	-3.92	5.58	0.05	742
presslight_rich	TRAIN	33	199.1	1.0	-4.09	5.59	0.05	784
presslight_rich	TRAIN	34	195.8	0.9	-3.62	5.52	0.04	693
presslight_rich	TRAIN	35	200.7	0.8	-3.71	5.56	0.04	732
presslight_rich	TRAIN	36	195.5	0.8	-3.76	5.52	0.04	730
presslight_rich	TRAIN	37	192.2	0.7	-4.05	5.53	0.04	744
presslight_rich	TRAIN	38	199.4	0.7	-4.30	5.57	0.04	760
presslight_rich	TRAIN	39	192.3	0.7	-3.61	5.47	0.04	732
presslight_rich	TRAIN	40	194.7	0.7	-3.72	5.47	0.04	688
presslight_rich	HELDOUT	40	190.4	100.0	-3.77	5.47	0.04	721
presslight_rich	HELDOUT	40	194.9	100.0	-4.31	5.53	0.04	757
presslight_rich	HELDOUT	40	192.7	100.0	-4.09	5.52	0.04	733
presslight_rich	HELDOUT_MEAN	40	192.7	100.0	0.00	0.00	0.00	0
presslight_rich	TRAIN	41	198.7	0.7	-3.93	5.54	0.04	718
presslight_rich	TRAIN	42	193.5	0.7	-3.77	5.53	0.04	739
presslight_rich	TRAIN	43	195.7	0.6	-4.52	5.57	0.04	783
presslight_rich	TRAIN	44	193.6	0.6	-3.39	5.48	0.04	696
presslight_rich	TRAIN	45	191.6	0.6	-3.38	5.50	0.04	734
presslight_rich	TRAIN	46	190.1	0.6	-3.35	5.48	0.04	732
presslight_rich	TRAIN	47	192.3	0.6	-3.86	5.52	0.04	751
presslight_rich	TRAIN	48	191.6	0.6	-3.59	5.49	0.04	764
presslight_rich	TRAIN	49	191.6	0.6	-3.50	5.49	0.04	727
presslight_rich	TRAIN	50	190.3	0.6	-3.31	5.46	0.04	684
presslight_rich	HELDOUT	50	190.3	100.0	-3.39	5.46	0.04	723
presslight_rich	HELDOUT	50	190.9	100.0	-3.86	5.49	0.04	758
presslight_rich	HELDOUT	50	192.9	100.0	-3.64	5.49	0.04	739
presslight_rich	HELDOUT_MEAN	50	191.4	100.0	0.00	0.00	0.00	0
presslight_rich	TRAIN	51	189.3	0.6	-3.13	5.46	0.04	720
presslight_rich	TRAIN	52	190.6	0.6	-3.44	5.48	0.04	743
presslight_rich	TRAIN	53	191.6	0.6	-4.06	5.54	0.04	786
presslight_rich	TRAIN	54	190.1	0.6	-3.39	5.45	0.04	696
presslight_rich	TRAIN	55	196.5	0.6	-3.82	5.53	0.04	736
presslight_rich	TRAIN	56	192.9	0.6	-3.38	5.48	0.04	734
presslight_rich	TRAIN	57	192.3	0.6	-3.69	5.50	0.04	750
presslight_rich	TRAIN	58	190.8	0.6	-3.57	5.49	0.04	761
presslight_rich	TRAIN	59	189.2	0.6	-3.43	5.47	0.04	724
presslight_rich	TRAIN	60	194.8	0.6	-3.33	5.50	0.04	683
presslight_rich	HELDOUT	60	193.2	100.0	-3.42	5.48	0.04	724
presslight_rich	HELDOUT	60	193.0	100.0	-3.71	5.49	0.04	753
presslight_rich	HELDOUT	60	190.1	100.0	-3.64	5.47	0.04	734
presslight_rich	HELDOUT_MEAN	60	192.1	100.0	0.00	0.00	0.00	0
presslight_rich	TRAIN	61	195.2	0.6	-3.31	5.48	0.04	723
presslight_rich	TRAIN	62	188.2	0.6	-3.29	5.48	0.04	737
presslight_rich	TRAIN	63	191.1	0.6	-3.81	5.54	0.04	789
presslight_rich	TRAIN	64	193.6	0.6	-3.28	5.47	0.04	694
presslight_rich	TRAIN	65	193.9	0.6	-3.29	5.52	0.04	730
presslight_rich	TRAIN	66	190.2	0.6	-3.55	5.48	0.04	738
presslight_rich	TRAIN	67	187.1	0.6	-3.40	5.46	0.04	748
presslight_rich	TRAIN	68	191.9	0.6	-3.64	5.48	0.04	763
presslight_rich	TRAIN	69	191.0	0.6	-3.44	5.47	0.04	724
presslight_rich	TRAIN	70	186.4	0.5	-3.21	5.42	0.03	687
presslight_rich	HELDOUT	70	191.7	100.0	-3.64	5.48	0.04	724
presslight_rich	HELDOUT	70	190.4	100.0	-3.56	5.47	0.04	759
presslight_rich	HELDOUT	70	187.6	100.0	-3.69	5.45	0.04	737
presslight_rich	HELDOUT_MEAN	70	189.9	100.0	0.00	0.00	0.00	0
presslight_rich	TRAIN	71	192.0	0.5	-3.08	5.47	0.04	721
presslight_rich	TRAIN	72	187.6	0.5	-3.43	5.47	0.04	740
presslight_rich	TRAIN	73	192.5	0.5	-4.10	5.54	0.04	787
presslight_rich	TRAIN	74	189.9	0.5	-3.29	5.45	0.04	697
presslight_rich	TRAIN	75	191.0	0.5	-3.20	5.49	0.04	732
presslight_rich	TRAIN	76	190.0	0.5	-3.16	5.47	0.04	726
presslight_rich	TRAIN	77	187.5	0.5	-3.48	5.48	0.04	752
presslight_rich	TRAIN	78	188.0	0.5	-3.44	5.46	0.04	766
presslight_rich	TRAIN	79	191.2	0.5	-3.34	5.48	0.04	728
presslight_rich	TRAIN	80	186.9	0.5	-3.04	5.43	0.04	686
presslight_rich	HELDOUT	80	185.1	100.0	-3.34	5.44	0.04	719
presslight_rich	HELDOUT	80	187.7	100.0	-3.46	5.45	0.04	760
presslight_rich	HELDOUT	80	188.3	100.0	-3.54	5.46	0.04	742
presslight_rich	HELDOUT_MEAN	80	187.0	100.0	0.00	0.00	0.00	0
presslight_rich	TRAIN	81	188.0	0.5	-3.18	5.45	0.04	722
presslight_rich	TRAIN	82	185.0	0.5	-3.26	5.45	0.04	736
presslight_rich	TRAIN	83	188.7	0.5	-3.77	5.50	0.04	786
presslight_rich	TRAIN	84	189.2	0.5	-2.92	5.44	0.04	697
presslight_rich	TRAIN	85	191.4	0.5	-3.18	5.48	0.04	738
presslight_rich	TRAIN	86	189.7	0.5	-3.21	5.48	0.04	733
presslight_rich	TRAIN	87	184.1	0.5	-3.42	5.45	0.04	751
presslight_rich	TRAIN	88	186.5	0.5	-3.24	5.46	0.04	763
presslight_rich	TRAIN	89	187.2	0.5	-3.15	5.45	0.04	732
presslight_rich	TRAIN	90	185.8	0.5	-3.34	5.42	0.03	684
presslight_rich	HELDOUT	90	186.6	100.0	-3.37	5.44	0.04	725
presslight_rich	HELDOUT	90	188.4	100.0	-3.51	5.46	0.04	761
presslight_rich	HELDOUT	90	183.2	100.0	-3.48	5.43	0.04	739
presslight_rich	HELDOUT_MEAN	90	186.1	100.0	0.00	0.00	0.00	0
presslight_rich	TRAIN	91	187.2	0.5	-3.20	5.44	0.04	721
presslight_rich	TRAIN	92	183.7	0.5	-3.35	5.44	0.04	736
presslight_rich	TRAIN	93	189.0	0.5	-3.58	5.50	0.04	789
presslight_rich	TRAIN	94	183.3	0.5	-2.93	5.40	0.03	699
presslight_rich	TRAIN	95	186.4	0.5	-3.08	5.44	0.04	736
presslight_rich	TRAIN	96	185.0	0.5	-3.13	5.45	0.04	729
presslight_rich	TRAIN	97	186.6	0.5	-3.43	5.45	0.04	757
presslight_rich	TRAIN	98	185.5	0.5	-3.26	5.45	0.04	765
presslight_rich	TRAIN	99	187.0	0.5	-3.06	5.44	0.04	726
presslight_rich	TRAIN	100	183.2	0.5	-3.01	5.41	0.03	685
presslight_rich	HELDOUT	100	183.8	100.0	-3.29	5.42	0.03	725
presslight_rich	HELDOUT	100	188.1	100.0	-3.62	5.46	0.04	764
presslight_rich	HELDOUT	100	186.2	100.0	-3.65	5.45	0.04	741
presslight_rich	HELDOUT_MEAN	100	186.0	100.0	0.00	0.00	0.00	0
presslight_rich	TRAIN	101	187.6	0.5	-2.94	5.43	0.04	725
presslight_rich	TRAIN	102	180.8	0.5	-3.11	5.41	0.03	740
presslight_rich	TRAIN	103	187.5	0.5	-3.75	5.50	0.04	788
presslight_rich	TRAIN	104	183.9	0.5	-2.83	5.40	0.03	700
presslight_rich	TRAIN	105	186.6	0.5	-3.07	5.47	0.04	735
presslight_rich	TRAIN	106	185.2	0.5	-2.99	5.44	0.04	733
presslight_rich	TRAIN	107	183.6	0.5	-3.52	5.45	0.04	752
presslight_rich	TRAIN	108	182.1	0.5	-3.31	5.43	0.03	762
presslight_rich	TRAIN	109	187.9	0.5	-3.03	5.43	0.04	730
presslight_rich	TRAIN	110	183.9	0.5	-3.06	5.41	0.03	684
presslight_rich	HELDOUT	110	185.0	100.0	-3.40	5.46	0.04	719
presslight_rich	HELDOUT	110	186.1	100.0	-3.46	5.45	0.04	760
presslight_rich	HELDOUT	110	184.8	100.0	-3.39	5.44	0.04	739
presslight_rich	HELDOUT_MEAN	110	185.3	100.0	0.00	0.00	0.00	0
presslight_rich	TRAIN	111	183.6	0.5	-2.94	5.41	0.03	723
presslight_rich	TRAIN	112	184.1	0.5	-3.08	5.43	0.04	746
presslight_rich	TRAIN	113	183.7	0.5	-3.53	5.47	0.04	786
presslight_rich	TRAIN	114	183.1	0.5	-2.98	5.39	0.03	699
presslight_rich	TRAIN	115	185.6	0.5	-3.24	5.45	0.04	741
presslight_rich	TRAIN	116	188.0	0.5	-3.04	5.45	0.04	738
presslight_rich	TRAIN	117	184.4	0.5	-3.26	5.45	0.04	749
presslight_rich	TRAIN	118	184.2	0.5	-3.29	5.44	0.03	770
presslight_rich	TRAIN	119	186.9	0.5	-3.05	5.44	0.04	730
presslight_rich	TRAIN	120	183.1	0.5	-3.12	5.41	0.03	689
presslight_rich	HELDOUT	120	183.5	100.0	-3.29	5.43	0.03	724
presslight_rich	HELDOUT	120	184.5	100.0	-3.54	5.43	0.04	763
presslight_rich	HELDOUT	120	183.2	100.0	-3.39	5.43	0.04	740
presslight_rich	HELDOUT_MEAN	120	183.7	100.0	0.00	0.00	0.00	0
presslight_rich	TRAIN	121	187.5	0.5	-2.98	5.45	0.04	723
presslight_rich	TRAIN	122	179.7	0.5	-3.01	5.41	0.03	740
presslight_rich	TRAIN	123	187.0	0.5	-3.30	5.48	0.04	785
presslight_rich	TRAIN	124	182.9	0.5	-2.83	5.40	0.03	700
presslight_rich	TRAIN	125	184.4	0.5	-2.93	5.44	0.04	736
presslight_rich	TRAIN	126	185.6	0.5	-2.95	5.45	0.04	734
presslight_rich	TRAIN	127	182.0	0.5	-3.30	5.41	0.04	750
presslight_rich	TRAIN	128	183.7	0.5	-3.26	5.43	0.03	763
presslight_rich	TRAIN	129	186.0	0.5	-2.87	5.43	0.04	730
presslight_rich	HELDOUT	500	183.8	100.0	-3.29	5.43	0.03	727
presslight_rich	HELDOUT	500	185.6	100.0	-3.55	5.45	0.04	761
presslight_rich	HELDOUT	500	182.6	100.0	-3.23	5.42	0.04	740
presslight_rich	HELDOUT_MEAN	500	184.0	100.0	0.00	0.00	0.00	0
presslight_rich	HELDOUT	120	185.6	100.0	-3.29	5.44	0.04	725
presslight_rich	HELDOUT	120	184.3	100.0	-3.24	5.44	0.04	761
presslight_rich	HELDOUT	120	182.3	100.0	-3.39	5.42	0.03	740
presslight_rich	HELDOUT_MEAN	120	184.1	100.0	0.00	0.00	0.00	0
