mplight	TRAIN	0	115.8	nan	-4.57	9.85	0.44	2803
mplight	TEST	0	121.2	100.0	-4.19	8.61	0.42	2812
mplight	TRAIN	1	135.7	0.4	-6.50	12.69	0.46	2803
mplight	TEST	1	100.2	100.0	-4.48	8.53	0.42	2781
mplight	TRAIN	2	118.5	0.4	-4.69	9.80	0.45	2807
mplight	TEST	2	104.9	100.0	-4.29	9.27	0.42	2806
mplight	TRAIN	3	96.7	0.5	-4.18	8.43	0.42	2784
mplight	TEST	3	123.4	100.0	-4.50	9.92	0.43	2806
mplight	TRAIN	4	104.1	0.5	-3.90	8.36	0.41	2792
mplight	TEST	4	116.7	100.0	-4.00	8.51	0.42	2777
mplight	TRAIN	5	158.9	0.6	-6.57	14.14	0.46	2766
mplight	TEST	5	116.8	100.0	-3.89	8.69	0.42	2799
mplight	TRAIN	6	104.8	0.6	-3.85	7.35	0.42	2770
mplight	TEST	6	122.2	100.0	-3.66	8.17	0.42	2809
mplight	TRAIN	7	115.7	0.8	-4.30	8.93	0.43	2785
mplight	TEST	7	111.5	100.0	-4.21	8.26	0.44	2791
mplight	TRAIN	8	113.5	0.8	-4.72	9.58	0.42	2797
mplight	TEST	8	113.2	100.0	-3.97	8.06	0.43	2804
mplight	TRAIN	9	112.5	0.8	-5.43	10.35	0.44	2810
mplight	TEST	9	123.8	100.0	-4.08	8.57	0.41	2775
mplight	TRAIN	10	99.8	0.8	-3.65	7.45	0.41	2787
mplight	TEST	10	91.9	100.0	-3.47	6.95	0.40	2798
mplight	TRAIN	11	102.8	0.8	-3.82	8.18	0.40	2805
mplight	TEST	11	117.6	100.0	-3.88	8.50	0.41	2794
mplight	TRAIN	12	122.4	0.8	-4.29	9.87	0.44	2797
mplight	TEST	12	91.9	100.0	-3.61	6.83	0.40	2801
mplight	TRAIN	13	98.7	0.9	-3.73	7.80	0.39	2804
mplight	TEST	13	106.8	100.0	-3.80	8.17	0.41	2771
mplight	TRAIN	14	112.0	0.7	-4.23	9.52	0.40	2790
mplight	TEST	14	113.2	100.0	-3.86	8.02	0.40	2801
mplight	TRAIN	15	98.7	0.7	-3.37	6.80	0.39	2780
mplight	TEST	15	101.2	100.0	-2.78	6.45	0.39	2792
mplight	TRAIN	16	112.2	0.7	-4.02	8.01	0.39	2782
mplight	TEST	16	101.7	100.0	-2.99	6.87	0.38	2804
mplight	TRAIN	17	98.9	0.8	-3.35	7.31	0.38	2790
mplight	TEST	17	98.6	100.0	-3.80	7.51	0.40	2793
mplight	TRAIN	18	128.4	0.7	-4.08	8.93	0.43	2799
mplight	TEST	18	102.7	100.0	-3.27	7.24	0.39	2786
mplight	TRAIN	19	102.4	0.7	-3.34	7.40	0.40	2806
mplight	TEST	19	94.0	100.0	-3.16	7.06	0.39	2805
mplight	TRAIN	20	104.5	0.6	-3.10	6.49	0.38	2789
mplight	TEST	20	104.5	100.0	-2.70	6.02	0.36	2804
mplight	TRAIN	21	111.3	0.6	-3.44	7.66	0.41	2807
mplight	TEST	21	110.4	100.0	-3.07	6.30	0.39	2791
mplight	TRAIN	22	90.8	0.6	-2.99	6.40	0.36	2807
mplight	TEST	22	102.9	100.0	-3.06	6.93	0.40	2782
mplight	TRAIN	23	84.8	0.6	-2.30	5.08	0.37	2814
mplight	TEST	23	95.0	100.0	-2.70	5.63	0.38	2811
mplight	TRAIN	24	94.1	0.6	-3.21	6.52	0.38	2812
mplight	TEST	24	103.7	100.0	-3.42	6.66	0.39	2799
mplight	TRAIN	25	99.4	0.6	-2.86	6.09	0.38	2781
mplight	TEST	25	101.5	100.0	-3.07	6.74	0.39	2777
mplight	TRAIN	26	129.9	0.5	-4.31	9.46	0.42	2795
mplight	TEST	26	87.4	100.0	-2.38	5.00	0.36	2806
mplight	TRAIN	27	94.5	0.5	-2.43	5.24	0.37	2810
mplight	TEST	27	97.0	100.0	-2.84	5.90	0.37	2784
mplight	TRAIN	28	131.3	0.5	-4.00	9.15	0.41	2790
mplight	TEST	28	131.9	100.0	-4.53	10.28	0.43	2804
mplight	TRAIN	29	82.5	0.5	-2.15	4.96	0.36	2814
mplight	TEST	29	85.1	100.0	-2.21	5.08	0.36	2816
mplight	TRAIN	30	93.9	0.5	-2.37	5.62	0.38	2801
mplight	TEST	30	94.4	100.0	-3.09	6.85	0.39	2732
mplight	TRAIN	31	101.1	0.5	-2.58	5.94	0.35	2793
mplight	TEST	31	109.9	100.0	-3.43	7.18	0.40	2785
mplight	TRAIN	32	78.3	0.5	-1.99	4.35	0.33	2804
mplight	TEST	32	127.3	100.0	-4.03	9.28	0.41	2796
mplight	TRAIN	33	86.4	0.4	-2.39	5.15	0.37	2797
mplight	TEST	33	83.5	100.0	-2.07	4.63	0.35	2802
mplight	TRAIN	34	100.4	0.4	-2.59	5.08	0.36	2801
mplight	TEST	34	84.3	100.0	-2.63	5.57	0.36	2784
mplight	TRAIN	35	98.6	0.4	-2.38	5.35	0.37	2810
mplight	TEST	35	90.6	100.0	-2.30	5.33	0.36	2810
mplight	TRAIN	36	109.7	0.3	-2.95	6.37	0.39	2806
mplight	TEST	36	91.8	100.0	-2.60	5.92	0.37	2792
mplight	TRAIN	37	95.8	0.3	-2.50	5.62	0.37	2818
mplight	TEST	37	110.9	100.0	-2.97	7.04	0.38	2802
mplight	TRAIN	38	97.9	0.2	-2.61	5.55	0.38	2807
mplight	TEST	38	112.0	100.0	-2.83	6.02	0.38	2790
mplight	TRAIN	39	119.7	0.3	-3.31	7.75	0.38	2813
mplight	TEST	39	88.3	100.0	-1.98	4.53	0.36	2809
mplight	TRAIN	40	99.7	0.3	-2.55	5.30	0.36	2813
mplight	TEST	40	85.2	100.0	-2.20	5.11	0.36	2807
mplight	TRAIN	41	94.9	0.3	-2.46	5.40	0.36	2803
mplight	TEST	41	87.9	100.0	-2.11	4.71	0.35	2793
mplight	TRAIN	42	86.7	0.3	-2.17	4.84	0.35	2801
mplight	TEST	42	87.8	100.0	-2.16	5.07	0.36	2795
mplight	TRAIN	43	102.5	0.3	-2.46	5.10	0.36	2810
mplight	TEST	43	93.2	100.0	-2.17	4.95	0.36	2775
mplight	TRAIN	44	84.2	0.3	-1.94	4.39	0.33	2801
mplight	TEST	44	84.6	100.0	-2.13	4.81	0.35	2805
mplight	TRAIN	45	85.8	0.3	-2.13	4.88	0.35	2785
mplight	TEST	45	94.6	100.0	-2.41	5.11	0.36	2808
mplight	TRAIN	46	87.3	0.4	-2.22	5.04	0.35	2806
mplight	TEST	46	90.2	100.0	-2.21	4.85	0.34	2790
mplight	TRAIN	47	81.9	0.4	-1.93	4.34	0.35	2807
mplight	TEST	47	123.1	100.0	-3.11	7.04	0.39	2807
mplight	TRAIN	48	96.2	0.4	-2.02	4.64	0.35	2820
mplight	TEST	48	78.1	100.0	-1.94	4.29	0.34	2814
mplight	TRAIN	49	92.6	0.3	-1.97	4.52	0.33	2802
mplight	TEST	49	89.6	100.0	-2.04	4.63	0.34	2804
mplight	TRAIN	50	80.2	0.3	-2.08	4.54	0.33	2797
mplight	TEST	50	83.1	100.0	-1.85	4.11	0.35	2797
mplight	TRAIN	51	88.5	0.3	-1.87	4.40	0.34	2792
mplight	TEST	51	92.5	100.0	-2.00	4.25	0.34	2800
mplight	TRAIN	52	80.3	0.3	-1.60	3.72	0.32	2814
mplight	TEST	52	80.4	100.0	-2.02	4.55	0.34	2785
mplight	TRAIN	53	87.7	0.3	-2.45	5.76	0.36	2716
mplight	TEST	53	100.0	100.0	-2.15	4.86	0.36	2809
mplight	TRAIN	54	87.9	0.3	-1.89	4.33	0.34	2803
mplight	TEST	54	81.2	100.0	-1.86	4.40	0.33	2795
mplight	TRAIN	55	109.6	0.3	-2.94	7.16	0.37	2817
mplight	TEST	55	84.1	100.0	-1.67	3.93	0.31	2813
mplight	TRAIN	56	86.8	0.3	-1.87	4.44	0.33	2813
mplight	TEST	56	94.7	100.0	-3.15	7.06	0.37	2794
mplight	TRAIN	57	84.9	0.3	-2.19	5.10	0.34	2774
mplight	TEST	57	84.4	100.0	-2.00	4.52	0.34	2805
mplight	TRAIN	58	80.3	0.4	-1.69	3.87	0.33	2809
mplight	TEST	58	84.6	100.0	-2.22	5.05	0.35	2813
mplight	TRAIN	59	97.2	0.4	-1.80	4.11	0.34	2808
mplight	TEST	59	109.5	100.0	-3.32	8.22	0.36	2767
mplight	TRAIN	60	86.2	0.4	-1.89	4.28	0.33	2794
mplight	TEST	60	96.6	100.0	-2.77	6.73	0.36	2793
mplight	TRAIN	61	124.3	0.4	-3.73	9.25	0.39	2819
mplight	TEST	61	78.0	100.0	-1.51	3.57	0.31	2813
mplight	TRAIN	62	87.9	0.4	-1.68	4.04	0.32	2811
mplight	TEST	62	73.0	100.0	-1.52	3.39	0.31	2820
mplight	TRAIN	63	104.3	0.4	-2.41	5.80	0.35	2799
mplight	TEST	63	82.8	100.0	-1.80	4.31	0.32	2800
mplight	TRAIN	64	80.3	0.5	-1.84	4.23	0.33	2803
mplight	TEST	64	78.1	100.0	-1.33	3.35	0.30	2804
mplight	TRAIN	65	86.3	0.4	-1.74	3.85	0.31	2794
mplight	TEST	65	131.3	100.0	-3.30	8.25	0.38	2803
mplight	TRAIN	66	73.9	0.4	-1.54	3.63	0.30	2820
mplight	TEST	66	104.1	100.0	-1.70	3.78	0.32	2807
mplight	TRAIN	67	90.7	0.4	-1.66	3.97	0.32	2801
mplight	TEST	67	73.8	100.0	-1.52	3.58	0.30	2817
mplight	TRAIN	68	79.5	0.4	-1.66	3.96	0.32	2795
mplight	TEST	68	83.3	100.0	-1.51	3.69	0.30	2810
mplight	TRAIN	69	91.1	0.4	-2.14	5.16	0.33	2806
mplight	TEST	69	98.4	100.0	-1.94	4.80	0.32	2808
mplight	TRAIN	70	87.0	0.4	-1.63	3.80	0.31	2812
mplight	TEST	70	85.2	100.0	-1.63	3.86	0.33	2812
mplight	TRAIN	71	99.1	0.4	-1.85	4.26	0.33	2806
mplight	TEST	71	84.5	100.0	-2.03	4.72	0.33	2796
mplight	TRAIN	72	76.5	0.3	-1.41	3.38	0.30	2807
mplight	TEST	72	74.8	100.0	-1.58	3.60	0.31	2812
mplight	TRAIN	73	76.4	0.3	-1.51	3.58	0.31	2808
mplight	TEST	73	78.2	100.0	-1.66	4.09	0.32	2806
mplight	TRAIN	74	79.7	0.3	-1.36	3.37	0.30	2816
mplight	TEST	74	82.4	100.0	-1.54	3.69	0.33	2811
mplight	TRAIN	75	79.9	0.3	-1.36	3.39	0.31	2794
mplight	TEST	75	78.8	100.0	-1.35	3.38	0.30	2802
mplight	TRAIN	76	115.8	0.3	-2.67	6.78	0.35	2788
mplight	TEST	76	72.4	100.0	-1.36	3.21	0.29	2813
mplight	TRAIN	77	78.5	0.3	-1.58	3.79	0.31	2811
mplight	TEST	77	78.7	100.0	-1.59	3.68	0.31	2802
mplight	TRAIN	78	83.9	0.3	-1.83	4.54	0.33	2795
mplight	TEST	78	112.2	100.0	-2.76	7.06	0.35	2806
mplight	TRAIN	79	76.5	0.3	-1.42	3.39	0.31	2815
mplight	TEST	79	73.9	100.0	-1.35	3.34	0.31	2805
mplight	TRAIN	80	80.3	0.3	-1.36	3.34	0.30	2813
mplight	TEST	80	71.6	100.0	-1.22	2.91	0.30	2817
mplight	TRAIN	81	82.9	0.3	-1.66	3.95	0.32	2811
mplight	TEST	81	75.6	100.0	-1.58	3.57	0.31	2811
mplight	TRAIN	82	76.8	0.3	-1.59	3.73	0.32	2809
mplight	TEST	82	75.5	100.0	-1.46	3.56	0.29	2817
mplight	TRAIN	83	82.8	0.3	-1.63	3.74	0.31	2808
mplight	TEST	83	78.4	100.0	-1.47	3.51	0.31	2818
mplight	TRAIN	84	75.5	0.3	-1.36	3.22	0.31	2812
mplight	TEST	84	83.5	100.0	-1.57	3.83	0.32	2815
mplight	TRAIN	85	83.3	0.3	-1.37	3.37	0.31	2817
mplight	TEST	85	83.1	100.0	-1.24	3.05	0.29	2804
mplight	TRAIN	86	79.9	0.3	-1.37	3.46	0.30	2798
mplight	TEST	86	80.5	100.0	-1.32	3.15	0.30	2811
mplight	TRAIN	87	72.4	0.3	-1.27	3.04	0.29	2803
mplight	TEST	87	90.8	100.0	-1.31	3.24	0.29	2818
mplight	TRAIN	88	79.4	0.3	-1.41	3.44	0.31	2813
mplight	TEST	88	84.4	100.0	-1.72	4.07	0.31	2803
mplight	TRAIN	89	77.3	0.2	-1.33	3.20	0.30	2814
mplight	TEST	89	72.6	100.0	-1.21	3.03	0.29	2795
mplight	TRAIN	90	74.9	0.2	-1.44	3.32	0.30	2796
mplight	TEST	90	81.7	100.0	-1.37	3.39	0.31	2800
mplight	TRAIN	91	90.6	0.2	-2.59	6.60	0.33	2731
mplight	TEST	91	74.1	100.0	-1.39	3.48	0.30	2816
mplight	TRAIN	92	72.4	0.2	-1.28	3.11	0.30	2803
mplight	TEST	92	92.4	100.0	-1.96	5.05	0.32	2817
mplight	TRAIN	93	73.1	0.2	-1.18	2.88	0.29	2817
mplight	TEST	93	81.5	100.0	-1.19	2.88	0.28	2814
mplight	TRAIN	94	74.4	0.2	-1.50	3.63	0.31	2811
mplight	TEST	94	74.0	100.0	-1.61	3.95	0.30	2813
mplight	TRAIN	95	71.4	0.2	-1.19	2.90	0.29	2812
mplight	TEST	95	90.7	100.0	-2.09	5.21	0.31	2807
mplight	TRAIN	96	72.5	0.2	-1.08	2.69	0.28	2814
mplight	TEST	96	75.6	100.0	-1.15	2.90	0.29	2812
mplight	TRAIN	97	80.8	0.2	-1.17	2.95	0.27	2818
mplight	TEST	97	76.0	100.0	-1.44	3.52	0.30	2816
mplight	TRAIN	98	72.7	0.2	-1.25	3.15	0.28	2809
mplight	TEST	98	72.2	100.0	-1.20	2.84	0.28	2812
mplight	TRAIN	99	72.6	0.2	-1.10	2.71	0.28	2812
mplight	TEST	99	80.1	100.0	-1.94	4.72	0.29	2760
mplight	TRAIN	100	73.6	0.2	-1.35	3.45	0.28	2815
mplight	TEST	100	75.0	100.0	-1.14	2.87	0.28	2817
mplight	TRAIN	101	72.9	0.2	-1.16	2.89	0.29	2808
mplight	TEST	101	72.3	100.0	-1.18	3.01	0.28	2809
mplight	TRAIN	102	75.7	0.2	-1.17	2.93	0.29	2822
mplight	TEST	102	73.4	100.0	-1.32	3.12	0.29	2809
mplight	TRAIN	103	69.7	0.2	-1.05	2.62	0.27	2791
mplight	TEST	103	70.0	100.0	-1.07	2.65	0.28	2816
mplight	TRAIN	104	74.3	0.2	-1.19	3.03	0.29	2817
mplight	TEST	104	68.8	100.0	-1.11	2.63	0.27	2819
mplight	TRAIN	105	77.2	0.2	-1.28	3.09	0.30	2814
mplight	TEST	105	71.2	100.0	-1.07	2.71	0.27	2819
mplight	TRAIN	106	71.7	0.2	-1.02	2.52	0.26	2817
mplight	TEST	106	96.8	100.0	-1.99	5.04	0.31	2819
mplight	TRAIN	107	69.5	0.2	-1.00	2.52	0.28	2814
mplight	TEST	107	72.3	100.0	-1.11	2.76	0.28	2821
mplight	TRAIN	108	68.1	0.2	-0.97	2.44	0.26	2822
mplight	TEST	108	73.1	100.0	-1.13	2.77	0.27	2786
mplight	TRAIN	109	84.1	0.2	-1.22	3.03	0.29	2804
mplight	TEST	109	73.6	100.0	-1.02	2.59	0.28	2817
mplight	TRAIN	110	72.7	0.2	-1.08	2.73	0.27	2816
mplight	TEST	110	80.4	100.0	-0.99	2.47	0.27	2802
mplight	TRAIN	111	69.8	0.2	-1.29	3.02	0.29	2797
mplight	TEST	111	72.4	100.0	-1.13	2.83	0.28	2808
mplight	TRAIN	112	70.9	0.2	-1.04	2.67	0.27	2808
mplight	TEST	112	69.7	100.0	-0.95	2.41	0.27	2820
mplight	TRAIN	113	70.3	0.2	-1.05	2.56	0.27	2816
mplight	TEST	113	86.3	100.0	-1.80	4.65	0.30	2814
mplight	TRAIN	114	95.3	0.2	-1.88	4.79	0.31	2818
mplight	TEST	114	70.7	100.0	-0.88	2.26	0.26	2819
mplight	TRAIN	115	71.4	0.2	-0.97	2.51	0.26	2815
mplight	TEST	115	67.0	100.0	-0.89	2.27	0.25	2819
mplight	TRAIN	116	77.9	0.2	-1.24	3.12	0.29	2816
mplight	TEST	116	77.3	100.0	-1.07	2.62	0.29	2808
mplight	TRAIN	117	78.5	0.2	-1.01	2.55	0.28	2811
mplight	TEST	117	84.0	100.0	-1.11	2.86	0.29	2804
mplight	TRAIN	118	70.4	0.2	-0.97	2.49	0.27	2819
mplight	TEST	118	67.0	100.0	-0.89	2.30	0.26	2816
mplight	TRAIN	119	68.3	0.2	-0.93	2.45	0.27	2815
mplight	TEST	119	68.4	100.0	-0.92	2.36	0.26	2818
mplight	TRAIN	120	69.1	0.2	-0.82	2.19	0.26	2817
mplight	TEST	120	69.7	100.0	-0.92	2.34	0.26	2813
mplight	TRAIN	121	91.0	0.2	-1.60	4.07	0.29	2816
mplight	TEST	121	71.3	100.0	-0.95	2.40	0.27	2817
mplight	TRAIN	122	70.8	0.2	-0.95	2.48	0.27	2809
mplight	TEST	122	70.6	100.0	-0.95	2.44	0.27	2817
mplight	TRAIN	123	70.7	0.2	-0.88	2.25	0.25	2817
mplight	TEST	123	69.7	100.0	-1.06	2.63	0.28	2812
mplight	TRAIN	124	76.3	0.2	-0.86	2.23	0.26	2806
mplight	TEST	124	67.6	100.0	-0.85	2.21	0.25	2814
mplight	TRAIN	125	69.2	0.2	-0.81	2.16	0.25	2818
mplight	TEST	125	68.8	100.0	-0.92	2.36	0.26	2804
mplight	TRAIN	126	67.8	0.1	-1.23	3.12	0.28	2711
mplight	TEST	126	70.2	100.0	-0.97	2.52	0.26	2813
mplight	TRAIN	127	71.9	0.2	-0.99	2.52	0.27	2814
mplight	TEST	127	69.9	100.0	-0.89	2.35	0.26	2810
mplight	TRAIN	128	82.3	0.2	-1.05	2.67	0.26	2821
mplight	TEST	128	70.1	100.0	-0.88	2.27	0.26	2815
mplight	TRAIN	129	73.9	0.2	-1.13	2.85	0.26	2801
mplight	TEST	129	68.9	100.0	-0.88	2.33	0.26	2812
mplight	TRAIN	130	66.9	0.2	-0.82	2.14	0.25	2821
mplight	TEST	130	68.5	100.0	-0.85	2.20	0.26	2815
mplight	TRAIN	131	68.4	0.2	-0.85	2.22	0.27	2813
mplight	TEST	131	70.5	100.0	-0.93	2.48	0.27	2799
mplight	TRAIN	132	69.4	0.2	-0.90	2.36	0.25	2819
mplight	TEST	132	67.4	100.0	-0.80	2.12	0.25	2811
mplight	TRAIN	133	78.5	0.2	-0.86	2.30	0.25	2797
mplight	TEST	133	107.6	100.0	-2.22	5.85	0.30	2811
mplight	TRAIN	134	70.0	0.2	-0.84	2.24	0.25	2818
mplight	TEST	134	69.2	100.0	-0.87	2.27	0.27	2817
mplight	TRAIN	135	67.8	0.2	-0.80	2.12	0.25	2813
mplight	TEST	135	68.2	100.0	-0.81	2.17	0.26	2810
mplight	TRAIN	136	69.2	0.2	-0.87	2.30	0.27	2806
mplight	TEST	136	68.5	100.0	-0.77	2.07	0.26	2815
mplight	TRAIN	137	69.1	0.2	-1.01	2.51	0.26	2818
mplight	TEST	137	70.4	100.0	-0.80	2.03	0.25	2820
mplight	TRAIN	138	72.2	0.2	-0.96	2.52	0.26	2819
mplight	TEST	138	67.5	100.0	-0.84	2.18	0.25	2804
mplight	TRAIN	139	67.4	0.2	-0.88	2.22	0.26	2813
mplight	TEST	139	90.4	100.0	-1.72	4.57	0.27	2819
mplight	TRAIN	140	68.4	0.2	-0.81	2.14	0.25	2813
mplight	TEST	140	66.1	100.0	-0.71	1.91	0.25	2820
mplight	TRAIN	141	66.6	0.2	-0.72	1.96	0.24	2816
mplight	TEST	141	67.0	100.0	-0.80	2.11	0.26	2816
mplight	TRAIN	142	66.4	0.1	-0.73	1.97	0.24	2820
mplight	TEST	142	65.6	100.0	-0.69	1.88	0.24	2819
mplight	TRAIN	143	68.9	0.1	-0.82	2.17	0.26	2802
mplight	TEST	143	66.8	100.0	-0.78	2.05	0.25	2814
mplight	TRAIN	144	70.5	0.1	-0.74	1.97	0.24	2809
mplight	TEST	144	64.1	100.0	-0.69	1.84	0.24	2815
mplight	TRAIN	145	66.1	0.1	-0.73	1.93	0.24	2811
mplight	TEST	145	65.4	100.0	-0.70	1.89	0.23	2818
mplight	TRAIN	146	65.2	0.2	-0.70	1.87	0.24	2820
mplight	TEST	146	72.6	100.0	-0.71	1.89	0.24	2804
mplight	TRAIN	147	102.0	0.2	-2.30	6.05	0.30	2820
mplight	TEST	147	63.5	100.0	-0.66	1.76	0.23	2818
mplight	TRAIN	148	64.1	0.2	-0.70	1.86	0.24	2816
mplight	TEST	148	63.8	100.0	-0.64	1.74	0.24	2806
mplight	TRAIN	149	65.1	0.2	-0.64	1.74	0.23	2819
mplight	TEST	149	82.7	100.0	-1.20	3.20	0.26	2814
mplight	TRAIN	150	74.0	0.2	-0.71	1.89	0.24	2815
mplight	TEST	150	66.3	100.0	-0.70	1.88	0.23	2815
mplight	TRAIN	151	64.6	0.2	-0.66	1.76	0.23	2813
mplight	TEST	151	63.7	100.0	-0.63	1.69	0.23	2811
mplight	TRAIN	152	69.2	0.2	-0.68	1.77	0.24	2815
mplight	TEST	152	65.5	100.0	-0.69	1.88	0.24	2815
mplight	TRAIN	153	69.7	0.2	-0.90	2.36	0.26	2800
mplight	TEST	153	74.1	100.0	-0.85	2.23	0.25	2814
mplight	TRAIN	154	68.2	0.2	-0.67	1.76	0.23	2813
mplight	TEST	154	63.3	100.0	-0.59	1.62	0.23	2812
mplight	TRAIN	155	132.2	0.2	-3.73	9.84	0.34	2424
mplight	TEST	155	66.5	100.0	-0.76	2.00	0.25	2814
mplight	TRAIN	156	162.0	0.2	-4.16	11.00	0.36	2615
mplight	TEST	156	63.8	100.0	-0.64	1.64	0.23	2818
mplight	TRAIN	157	70.1	0.3	-0.71	1.92	0.24	2820
mplight	TEST	157	108.7	100.0	-3.42	9.05	0.32	2544
mplight	TRAIN	158	67.0	0.3	-0.90	2.43	0.25	2707
mplight	TEST	158	65.4	100.0	-0.66	1.81	0.24	2817
mplight	TRAIN	159	67.9	0.3	-0.65	1.72	0.23	2818
mplight	TEST	159	65.2	100.0	-0.63	1.72	0.23	2818
mplight	TRAIN	160	64.9	0.3	-0.65	1.76	0.23	2819
mplight	TEST	160	70.9	100.0	-0.79	2.16	0.25	2814
mplight	TRAIN	161	63.2	0.3	-0.60	1.64	0.23	2814
mplight	TEST	161	88.7	100.0	-1.83	4.86	0.29	2819
mplight	TRAIN	162	116.5	0.3	-3.20	8.51	0.32	2573
mplight	TEST	162	66.5	100.0	-0.64	1.74	0.23	2817
mplight	TRAIN	163	64.4	0.4	-0.63	1.70	0.24	2812
mplight	TEST	163	66.6	100.0	-0.69	1.90	0.24	2808
mplight	TRAIN	164	65.6	0.3	-0.67	1.82	0.25	2811
mplight	TEST	164	99.6	100.0	-3.89	10.35	0.31	2212
mplight	TRAIN	165	65.0	0.3	-0.67	1.78	0.24	2817
mplight	TEST	165	63.2	100.0	-0.61	1.66	0.23	2814
mplight	TRAIN	166	63.7	0.2	-0.64	1.74	0.23	2819
mplight	TEST	166	66.9	100.0	-0.70	1.93	0.24	2814
mplight	TRAIN	167	70.5	0.2	-0.70	1.91	0.24	2815
mplight	TEST	167	105.1	100.0	-3.56	9.45	0.29	2258
mplight	TRAIN	168	136.2	0.2	-3.74	9.99	0.30	2259
mplight	TEST	168	64.6	100.0	-0.67	1.77	0.24	2820
mplight	TRAIN	169	64.6	0.2	-0.65	1.75	0.23	2815
mplight	TEST	169	64.5	100.0	-0.64	1.76	0.24	2814
mplight	TRAIN	170	64.3	0.2	-0.64	1.78	0.24	2815
mplight	TEST	170	69.8	100.0	-0.87	2.32	0.26	2807
mplight	TRAIN	171	66.1	0.2	-0.68	1.83	0.24	2819
mplight	TEST	171	65.2	100.0	-0.62	1.70	0.23	2817
mplight	TRAIN	172	68.2	0.2	-0.73	2.04	0.24	2814
mplight	TEST	172	69.0	100.0	-0.70	1.93	0.24	2815
mplight	TRAIN	173	67.1	0.2	-0.70	1.91	0.24	2813
mplight	TEST	173	67.4	100.0	-0.73	1.99	0.24	2815
mplight	TRAIN	174	136.4	0.2	-3.84	10.19	0.31	2280
mplight	TEST	174	67.8	100.0	-0.67	1.86	0.24	2815
mplight	TRAIN	175	68.3	0.2	-0.74	2.02	0.25	2813
mplight	TEST	175	72.0	100.0	-0.86	2.36	0.25	2803
mplight	TRAIN	176	67.6	0.2	-0.74	1.99	0.25	2803
mplight	TEST	176	64.6	100.0	-0.64	1.79	0.24	2809
mplight	TRAIN	177	68.1	0.2	-0.73	2.00	0.25	2820
mplight	TEST	177	67.1	100.0	-0.67	1.84	0.24	2820
mplight	TRAIN	178	65.2	0.2	-0.69	1.89	0.24	2811
mplight	TEST	178	72.1	100.0	-0.71	1.91	0.24	2810
mplight	TRAIN	179	68.2	0.2	-0.73	2.03	0.25	2816
mplight	TEST	179	69.9	100.0	-0.71	2.00	0.25	2816
mplight	TRAIN	180	67.6	0.2	-0.75	1.98	0.25	2817
mplight	TEST	180	73.0	100.0	-0.87	2.33	0.26	2810
mplight	TRAIN	181	72.2	0.2	-0.84	2.30	0.26	2820
mplight	TEST	181	68.7	100.0	-0.72	1.98	0.24	2814
mplight	TRAIN	182	67.6	0.2	-0.69	1.91	0.23	2809
mplight	TEST	182	68.6	100.0	-0.71	1.95	0.25	2805
mplight	TRAIN	183	71.2	0.2	-0.85	2.29	0.26	2816
mplight	TEST	183	64.9	100.0	-0.64	1.76	0.23	2817
mplight	TRAIN	184	144.2	0.2	-8.07	20.69	0.42	1554
mplight	TEST	184	66.0	100.0	-0.71	1.90	0.25	2818
mplight	TRAIN	185	66.4	0.2	-0.72	1.93	0.25	2808
mplight	TEST	185	69.3	100.0	-0.81	2.15	0.26	2818
mplight	TRAIN	186	70.1	0.3	-0.71	1.88	0.24	2814
mplight	TEST	186	65.3	100.0	-0.64	1.73	0.24	2820
mplight	TRAIN	187	64.3	0.3	-0.63	1.72	0.23	2815
mplight	TEST	187	76.3	100.0	-0.71	1.94	0.25	2817
mplight	TRAIN	188	65.3	0.2	-0.63	1.73	0.23	2815
mplight	TEST	188	69.0	100.0	-0.69	1.85	0.24	2815
mplight	TRAIN	189	134.8	0.3	-3.62	9.60	0.37	2498
mplight	TEST	189	64.4	100.0	-0.62	1.70	0.23	2816
mplight	TRAIN	190	66.2	0.4	-0.65	1.77	0.23	2810
mplight	TEST	190	66.1	100.0	-0.70	1.90	0.23	2821
mplight	TRAIN	191	167.7	0.4	-3.44	9.13	0.34	2605
mplight	TEST	191	75.0	100.0	-0.67	1.84	0.24	2816
mplight	TRAIN	192	71.8	0.5	-0.83	2.19	0.25	2813
mplight	TEST	192	70.5	100.0	-0.77	2.05	0.24	2822
mplight	TRAIN	193	65.6	0.5	-0.70	1.88	0.24	2817
mplight	TEST	193	66.8	100.0	-0.64	1.76	0.24	2821
mplight	TRAIN	194	64.2	0.4	-0.65	1.78	0.24	2819
mplight	TEST	194	65.4	100.0	-0.65	1.77	0.24	2823
mplight	TRAIN	195	65.0	0.4	-0.63	1.70	0.23	2816
mplight	TEST	195	67.3	100.0	-0.73	1.93	0.24	2808
mplight	TRAIN	196	78.1	0.3	-0.71	1.94	0.24	2821
mplight	TEST	196	63.7	100.0	-0.66	1.78	0.23	2817
mplight	TRAIN	197	66.4	0.3	-0.66	1.77	0.23	2811
mplight	TEST	197	63.4	100.0	-0.64	1.71	0.23	2814
mplight	TRAIN	198	67.1	0.3	-0.69	1.84	0.24	2811
mplight	TEST	198	63.8	100.0	-0.69	1.84	0.24	2814
mplight	TRAIN	199	67.9	0.2	-0.71	1.92	0.24	2809
mplight	TEST	199	64.6	100.0	-0.69	1.86	0.23	2815
