presslight	TRAIN	0	253.3	0.0	-9.58	6.19	0.06	1432
presslight	TEST	0	691.9	100.0	-203.78	17.46	0.14	540
presslight	TRAIN	1	257.1	0.0	-10.04	6.24	0.06	1427
presslight	TEST	1	691.9	100.0	-203.78	17.46	0.14	540
presslight	TRAIN	2	264.4	1.1	-12.08	6.40	0.07	1389
presslight	TEST	2	665.3	100.0	-146.64	17.24	0.15	537
presslight	TRAIN	3	562.9	2.0	-29.25	10.14	0.12	1280
presslight	TEST	3	598.7	100.0	-119.42	15.88	0.14	644
presslight	TRAIN	4	410.2	5.8	-16.84	8.09	0.11	1356
presslight	TEST	4	408.7	100.0	-47.31	10.81	0.12	1058
presslight	TRAIN	5	396.4	7.9	-14.62	8.42	0.11	1304
presslight	TEST	5	419.6	100.0	-34.34	12.30	0.13	893
presslight	TRAIN	6	347.3	8.4	-9.68	7.57	0.09	1362
presslight	TEST	6	263.7	100.0	-8.91	6.24	0.08	1421
presslight	TRAIN	7	270.1	8.2	-8.38	6.32	0.07	1427
presslight	TEST	7	318.0	100.0	-26.52	8.79	0.09	1148
presslight	TRAIN	8	273.8	7.1	-10.17	6.36	0.07	1429
presslight	TEST	8	301.4	100.0	-26.56	8.09	0.09	1237
presslight	TRAIN	9	253.9	6.4	-7.63	6.11	0.07	1432
presslight	TEST	9	315.9	100.0	-18.22	7.48	0.08	1320
presslight	TRAIN	10	247.1	5.8	-7.45	6.06	0.07	1435
presslight	TEST	10	270.8	100.0	-7.43	6.34	0.07	1431
presslight	TRAIN	11	239.0	5.2	-7.65	5.99	0.06	1438
presslight	TEST	11	246.4	100.0	-7.92	6.08	0.07	1434
presslight	TRAIN	12	233.4	4.6	-7.23	5.94	0.06	1434
presslight	TEST	12	241.7	100.0	-7.41	6.05	0.06	1423
presslight	TRAIN	13	228.0	4.4	-7.05	5.88	0.06	1431
presslight	TEST	13	242.1	100.0	-7.59	6.06	0.06	1430
presslight	TRAIN	14	229.0	4.3	-7.01	5.90	0.06	1440
presslight	TEST	14	238.1	100.0	-7.27	6.05	0.06	1430
presslight	TRAIN	15	226.5	4.1	-7.38	5.87	0.06	1436
presslight	TEST	15	231.6	100.0	-7.05	5.91	0.06	1433
presslight	TRAIN	16	224.6	4.0	-6.78	5.85	0.06	1435
presslight	TEST	16	226.1	100.0	-6.71	5.91	0.06	1432
presslight	TRAIN	17	224.2	3.7	-6.75	5.85	0.06	1440
presslight	TEST	17	233.6	100.0	-7.09	6.00	0.06	1431
presslight	TRAIN	18	225.4	2.8	-6.60	5.87	0.06	1437
presslight	TEST	18	225.0	100.0	-6.37	5.86	0.06	1438
presslight	TRAIN	19	221.5	2.2	-6.53	5.83	0.06	1439
presslight	TEST	19	221.0	100.0	-6.62	5.81	0.06	1443
presslight	TRAIN	20	226.5	1.6	-6.66	5.87	0.06	1437
presslight	TEST	20	226.8	100.0	-6.56	5.87	0.06	1436
presslight	TRAIN	21	223.2	1.2	-6.54	5.85	0.06	1441
presslight	TEST	21	219.2	100.0	-6.66	5.80	0.06	1439
presslight	TRAIN	22	218.3	1.1	-6.44	5.80	0.06	1441
presslight	TEST	22	217.6	100.0	-6.58	5.79	0.05	1441
presslight	TRAIN	23	226.1	1.0	-6.99	5.87	0.06	1437
presslight	TEST	23	224.4	100.0	-6.59	5.86	0.06	1437
presslight	TRAIN	24	218.5	1.0	-6.62	5.79	0.06	1437
presslight	TEST	24	216.7	100.0	-6.72	5.78	0.06	1439
presslight	TRAIN	25	218.3	1.0	-6.66	5.79	0.06	1442
presslight	TEST	25	221.8	100.0	-6.99	5.83	0.06	1441
presslight	TRAIN	26	218.5	0.9	-6.57	5.80	0.06	1440
presslight	TEST	26	215.3	100.0	-6.55	5.76	0.05	1438
presslight	TRAIN	27	218.7	0.9	-6.62	5.80	0.06	1439
presslight	TEST	27	217.9	100.0	-6.34	5.79	0.06	1438
presslight	TRAIN	28	214.7	0.9	-6.41	5.76	0.05	1439
presslight	TEST	28	217.8	100.0	-6.70	5.79	0.06	1439
presslight	TRAIN	29	212.5	0.9	-6.50	5.74	0.05	1441
presslight	TEST	29	217.2	100.0	-6.28	5.77	0.05	1440
presslight	TRAIN	30	213.2	0.9	-6.30	5.75	0.05	1443
presslight	TEST	30	217.3	100.0	-6.38	5.79	0.06	1441
presslight	TRAIN	31	213.3	0.9	-6.36	5.75	0.05	1441
presslight	TEST	31	215.8	100.0	-6.30	5.78	0.05	1442
presslight	TRAIN	32	214.0	0.9	-6.48	5.75	0.05	1440
presslight	TEST	32	214.1	100.0	-6.54	5.76	0.05	1438
presslight	TRAIN	33	211.1	0.9	-6.37	5.73	0.05	1438
presslight	TEST	33	223.5	100.0	-6.49	5.86	0.06	1438
presslight	TRAIN	34	219.4	0.8	-6.53	5.81	0.06	1433
presslight	TEST	34	213.9	100.0	-6.33	5.75	0.05	1442
presslight	TRAIN	35	215.8	0.8	-6.45	5.77	0.06	1441
presslight	TEST	35	220.6	100.0	-6.42	5.83	0.06	1440
presslight	TRAIN	36	218.8	0.8	-6.50	5.81	0.06	1435
presslight	TEST	36	214.4	100.0	-6.32	5.75	0.05	1440
presslight	TRAIN	37	212.5	0.8	-6.33	5.75	0.05	1441
presslight	TEST	37	212.8	100.0	-6.24	5.75	0.05	1438
presslight	TRAIN	38	212.2	0.8	-6.28	5.75	0.05	1436
presslight	TEST	38	213.5	100.0	-6.51	5.75	0.05	1437
presslight	TRAIN	39	210.8	0.8	-6.42	5.73	0.05	1440
presslight	TEST	39	210.1	100.0	-6.31	5.72	0.05	1438
presslight	TRAIN	40	214.6	0.8	-6.31	5.77	0.05	1439
presslight	TEST	40	208.6	100.0	-6.23	5.70	0.05	1438
presslight	TRAIN	41	209.8	0.8	-6.24	5.71	0.05	1438
presslight	TEST	41	212.2	100.0	-6.32	5.74	0.05	1442
presslight	TRAIN	42	211.6	0.8	-6.33	5.73	0.05	1443
presslight	TEST	42	208.6	100.0	-6.02	5.70	0.05	1441
presslight	TRAIN	43	208.0	0.8	-6.22	5.70	0.05	1444
presslight	TEST	43	210.7	100.0	-6.25	5.73	0.05	1443
presslight	TRAIN	44	211.2	0.8	-6.18	5.73	0.05	1442
presslight	TEST	44	212.4	100.0	-6.15	5.75	0.05	1444
presslight	TRAIN	45	211.4	0.8	-6.16	5.74	0.05	1442
presslight	TEST	45	209.3	100.0	-6.13	5.72	0.05	1440
presslight	TRAIN	46	212.6	0.8	-6.17	5.75	0.05	1442
presslight	TEST	46	207.1	100.0	-6.09	5.70	0.05	1442
presslight	TRAIN	47	209.3	0.8	-6.25	5.71	0.05	1442
presslight	TEST	47	208.2	100.0	-6.25	5.70	0.05	1443
presslight	TRAIN	48	209.1	0.8	-6.21	5.72	0.05	1441
presslight	TEST	48	209.1	100.0	-6.18	5.72	0.05	1441
presslight	TRAIN	49	208.7	0.8	-6.19	5.72	0.05	1441
presslight	TEST	49	207.3	100.0	-6.32	5.70	0.05	1442
presslight	TRAIN	50	208.0	0.7	-6.11	5.70	0.05	1440
presslight	TEST	50	208.9	100.0	-6.25	5.70	0.05	1442
presslight	TRAIN	51	210.6	0.7	-6.21	5.72	0.05	1442
presslight	TEST	51	208.3	100.0	-6.06	5.70	0.05	1441
presslight	TRAIN	52	210.2	0.7	-6.12	5.72	0.05	1441
presslight	TEST	52	210.4	100.0	-6.17	5.72	0.05	1442
presslight	TRAIN	53	209.7	0.7	-6.16	5.71	0.05	1440
presslight	TEST	53	208.7	100.0	-6.08	5.71	0.05	1444
presslight	TRAIN	54	207.2	0.7	-6.17	5.69	0.05	1442
presslight	TEST	54	206.8	100.0	-6.11	5.70	0.05	1440
presslight	TRAIN	55	209.7	0.7	-6.34	5.72	0.05	1442
presslight	TEST	55	208.4	100.0	-6.25	5.70	0.05	1445
presslight	TRAIN	56	207.9	0.7	-6.28	5.70	0.05	1442
presslight	TEST	56	208.8	100.0	-6.40	5.71	0.05	1440
presslight	TRAIN	57	207.1	0.7	-6.22	5.70	0.05	1441
presslight	TEST	57	206.8	100.0	-6.29	5.70	0.05	1442
presslight	TRAIN	58	209.0	0.7	-6.38	5.71	0.05	1442
presslight	TEST	58	207.3	100.0	-6.17	5.69	0.05	1441
presslight	TRAIN	59	207.2	0.7	-6.26	5.70	0.05	1444
presslight	TEST	59	207.1	100.0	-6.27	5.69	0.05	1443
presslight	TRAIN	60	206.9	0.7	-6.22	5.69	0.05	1442
presslight	TEST	60	206.5	100.0	-6.04	5.68	0.05	1440
presslight	TRAIN	61	206.3	0.7	-6.25	5.70	0.05	1441
presslight	TEST	61	207.4	100.0	-5.98	5.69	0.05	1444
presslight	TRAIN	62	205.7	0.7	-6.07	5.68	0.05	1442
presslight	TEST	62	206.3	100.0	-6.11	5.69	0.05	1443
presslight	TRAIN	63	205.4	0.7	-6.14	5.68	0.05	1442
presslight	TEST	63	206.2	100.0	-6.17	5.68	0.05	1447
presslight	TRAIN	64	206.2	0.7	-6.28	5.69	0.05	1441
presslight	TEST	64	205.2	100.0	-5.99	5.68	0.05	1444
presslight	TRAIN	65	207.4	0.7	-6.25	5.70	0.05	1441
presslight	TEST	65	205.2	100.0	-6.32	5.67	0.05	1443
presslight	TRAIN	66	208.0	0.7	-6.12	5.70	0.05	1442
presslight	TEST	66	206.7	100.0	-6.21	5.68	0.05	1439
presslight	TRAIN	67	205.9	0.7	-6.38	5.69	0.05	1439
presslight	TEST	67	205.1	100.0	-6.48	5.67	0.05	1441
presslight	TRAIN	68	206.0	0.7	-6.17	5.68	0.05	1441
presslight	TEST	68	205.7	100.0	-6.25	5.68	0.05	1439
presslight	TRAIN	69	204.9	0.7	-6.14	5.67	0.05	1441
presslight	TEST	69	207.2	100.0	-6.35	5.70	0.05	1441
presslight	TRAIN	70	204.9	0.7	-6.14	5.68	0.05	1444
presslight	TEST	70	205.7	100.0	-6.18	5.68	0.05	1444
presslight	TRAIN	71	206.6	0.7	-6.32	5.69	0.05	1439
presslight	TEST	71	205.6	100.0	-6.18	5.68	0.05	1439
presslight	TRAIN	72	207.0	0.7	-6.39	5.70	0.05	1439
presslight	TEST	72	206.4	100.0	-6.28	5.69	0.05	1440
presslight	TRAIN	73	204.6	0.7	-6.08	5.68	0.05	1439
presslight	TEST	73	205.3	100.0	-6.03	5.68	0.05	1442
presslight	TRAIN	74	206.9	0.7	-6.11	5.69	0.05	1443
presslight	TEST	74	205.4	100.0	-6.14	5.67	0.05	1444
presslight	TRAIN	75	205.5	0.7	-6.22	5.67	0.05	1442
presslight	TEST	75	202.9	100.0	-6.11	5.66	0.05	1441
presslight	TRAIN	76	204.4	0.7	-6.07	5.66	0.05	1443
presslight	TEST	76	203.7	100.0	-6.01	5.67	0.05	1444
presslight	TRAIN	77	205.5	0.7	-6.15	5.68	0.05	1441
presslight	TEST	77	206.4	100.0	-6.17	5.69	0.05	1446
presslight	TRAIN	78	202.7	0.7	-6.08	5.66	0.05	1443
presslight	TEST	78	205.5	100.0	-6.07	5.68	0.05	1445
presslight	TRAIN	79	205.9	0.7	-6.18	5.68	0.05	1443
presslight	TEST	79	205.3	100.0	-6.16	5.67	0.05	1442
presslight	TRAIN	80	205.5	0.7	-6.17	5.68	0.05	1443
presslight	TEST	80	204.9	100.0	-6.15	5.67	0.05	1443
presslight	TRAIN	81	205.3	0.7	-6.25	5.67	0.05	1442
presslight	TEST	81	206.6	100.0	-6.19	5.69	0.05	1440
presslight	TRAIN	82	203.5	0.7	-6.26	5.66	0.05	1442
presslight	TEST	82	204.1	100.0	-6.15	5.66	0.05	1442
presslight	TRAIN	83	203.8	0.7	-6.19	5.66	0.05	1444
presslight	TEST	83	205.3	100.0	-6.14	5.67	0.05	1443
presslight	TRAIN	84	205.0	0.7	-6.11	5.68	0.05	1443
presslight	TEST	84	203.5	100.0	-6.24	5.67	0.05	1440
presslight	TRAIN	85	203.6	0.7	-6.09	5.66	0.05	1441
presslight	TEST	85	205.2	100.0	-6.20	5.68	0.05	1439
presslight	TRAIN	86	206.2	0.6	-6.18	5.69	0.05	1445
presslight	TEST	86	203.9	100.0	-6.16	5.67	0.05	1440
presslight	TRAIN	87	204.8	0.7	-6.23	5.67	0.05	1440
presslight	TEST	87	204.1	100.0	-6.20	5.67	0.05	1439
presslight	TRAIN	88	204.5	0.6	-6.18	5.68	0.05	1441
presslight	TEST	88	206.1	100.0	-6.04	5.69	0.05	1444
presslight	TRAIN	89	206.2	0.6	-6.27	5.68	0.05	1442
presslight	TEST	89	205.7	100.0	-6.18	5.68	0.05	1439
presslight	TRAIN	90	205.2	0.6	-6.29	5.67	0.05	1441
presslight	TEST	90	206.5	100.0	-6.17	5.69	0.05	1442
presslight	TRAIN	91	205.7	0.6	-6.28	5.67	0.05	1442
presslight	TEST	91	208.6	100.0	-6.11	5.71	0.05	1442
presslight	TRAIN	92	205.2	0.6	-6.22	5.68	0.05	1447
presslight	TEST	92	204.6	100.0	-6.12	5.67	0.05	1443
presslight	TRAIN	93	205.4	0.6	-6.25	5.67	0.05	1442
presslight	TEST	93	204.3	100.0	-6.17	5.66	0.05	1443
presslight	TRAIN	94	206.7	0.6	-6.02	5.69	0.05	1441
presslight	TEST	94	204.7	100.0	-6.19	5.66	0.05	1442
presslight	TRAIN	95	205.8	0.6	-6.29	5.68	0.05	1442
presslight	TEST	95	205.3	100.0	-6.26	5.68	0.05	1443
presslight	TRAIN	96	205.4	0.6	-6.16	5.67	0.05	1444
presslight	TEST	96	205.6	100.0	-6.25	5.67	0.05	1443
presslight	TRAIN	97	205.2	0.6	-6.31	5.67	0.05	1445
presslight	TEST	97	205.3	100.0	-6.25	5.68	0.05	1443
presslight	TRAIN	98	205.0	0.6	-6.34	5.68	0.05	1442
presslight	TEST	98	204.9	100.0	-6.17	5.67	0.05	1442
presslight	TRAIN	99	204.9	0.6	-6.38	5.67	0.05	1443
presslight	TEST	99	205.6	100.0	-6.24	5.68	0.05	1441
presslight	TRAIN	100	203.5	0.6	-6.07	5.66	0.05	1441
presslight	TEST	100	203.0	100.0	-6.17	5.65	0.05	1443
presslight	TRAIN	101	204.0	0.6	-6.13	5.66	0.05	1443
presslight	TEST	101	204.4	100.0	-6.20	5.66	0.05	1442
presslight	TRAIN	102	205.7	0.6	-6.32	5.68	0.05	1441
presslight	TEST	102	203.6	100.0	-6.07	5.66	0.05	1444
presslight	TRAIN	103	204.6	0.6	-6.25	5.67	0.05	1444
presslight	TEST	103	204.1	100.0	-6.29	5.67	0.05	1442
presslight	TRAIN	104	205.2	0.6	-6.36	5.68	0.05	1444
presslight	TEST	104	203.6	100.0	-6.17	5.66	0.05	1445
presslight	TRAIN	105	204.7	0.6	-6.23	5.67	0.05	1439
presslight	TEST	105	202.0	100.0	-6.24	5.65	0.05	1443
presslight	TRAIN	106	203.0	0.6	-6.15	5.66	0.05	1438
presslight	TEST	106	201.7	100.0	-6.17	5.64	0.05	1439
presslight	TRAIN	107	203.6	0.6	-6.29	5.66	0.05	1444
presslight	TEST	107	202.2	100.0	-6.22	5.65	0.05	1441
presslight	TRAIN	108	203.6	0.6	-6.21	5.66	0.05	1442
presslight	TEST	108	203.3	100.0	-6.22	5.66	0.05	1443
presslight	TRAIN	109	202.9	0.6	-6.19	5.65	0.05	1443
presslight	TEST	109	203.8	100.0	-6.25	5.66	0.05	1443
presslight	TRAIN	110	202.3	0.6	-6.14	5.64	0.05	1442
presslight	TEST	110	202.2	100.0	-6.09	5.65	0.05	1442
presslight	TRAIN	111	204.4	0.6	-6.23	5.67	0.05	1442
presslight	TEST	111	201.9	100.0	-6.03	5.64	0.05	1439
presslight	TRAIN	112	203.2	0.6	-6.25	5.66	0.05	1442
presslight	TEST	112	202.0	100.0	-6.12	5.64	0.05	1445
presslight	TRAIN	113	202.4	0.6	-6.30	5.64	0.05	1442
presslight	TEST	113	201.6	100.0	-6.02	5.64	0.05	1445
presslight	TRAIN	114	204.7	0.6	-6.21	5.67	0.05	1444
presslight	TEST	114	201.9	100.0	-6.02	5.64	0.05	1441
presslight	TRAIN	115	203.1	0.6	-6.21	5.66	0.05	1445
presslight	TEST	115	201.7	100.0	-6.14	5.64	0.05	1443
presslight	TRAIN	116	201.0	0.6	-6.15	5.63	0.05	1442
presslight	TEST	116	202.1	100.0	-5.93	5.65	0.05	1442
presslight	TRAIN	117	203.3	0.6	-6.10	5.66	0.05	1441
presslight	TEST	117	202.7	100.0	-6.10	5.66	0.05	1443
presslight	TRAIN	118	202.9	0.6	-6.22	5.66	0.05	1441
presslight	TEST	118	204.9	100.0	-6.17	5.67	0.05	1439
presslight	TRAIN	119	204.3	0.6	-6.09	5.67	0.05	1440
presslight	TEST	119	200.9	100.0	-5.99	5.64	0.05	1440
presslight	TRAIN	120	201.4	0.6	-6.05	5.64	0.05	1441
presslight	TEST	120	200.7	100.0	-6.18	5.64	0.05	1441
presslight	TRAIN	121	204.8	0.6	-6.10	5.68	0.05	1441
presslight	TEST	121	202.9	100.0	-6.20	5.66	0.05	1440
presslight	TRAIN	122	201.6	0.6	-6.14	5.64	0.05	1441
presslight	TEST	122	202.0	100.0	-6.21	5.65	0.05	1441
presslight	TRAIN	123	202.2	0.6	-6.06	5.65	0.05	1441
presslight	TEST	123	199.7	100.0	-6.09	5.62	0.05	1439
presslight	TRAIN	124	200.6	0.6	-6.32	5.63	0.05	1441
presslight	TEST	124	200.4	100.0	-6.08	5.63	0.05	1439
presslight	TRAIN	125	202.3	0.6	-6.26	5.64	0.05	1442
presslight	TEST	125	199.9	100.0	-6.10	5.63	0.05	1442
presslight	TRAIN	126	203.1	0.6	-6.11	5.65	0.05	1442
presslight	TEST	126	204.8	100.0	-6.25	5.66	0.05	1441
presslight	TRAIN	127	200.2	0.6	-5.98	5.63	0.05	1443
presslight	TEST	127	202.2	100.0	-6.16	5.64	0.05	1440
presslight	TRAIN	128	201.5	0.6	-6.12	5.64	0.05	1444
presslight	TEST	128	203.2	100.0	-5.94	5.65	0.05	1444
presslight	TRAIN	129	202.2	0.6	-6.13	5.65	0.05	1440
presslight	TEST	129	200.8	100.0	-6.17	5.63	0.05	1442
presslight	TRAIN	130	203.9	0.6	-6.16	5.66	0.05	1444
presslight	TEST	130	202.1	100.0	-6.26	5.65	0.05	1445
presslight	TRAIN	131	201.3	0.6	-6.00	5.64	0.05	1442
presslight	TEST	131	201.8	100.0	-6.22	5.64	0.05	1443
presslight	TRAIN	132	199.6	0.6	-6.23	5.63	0.05	1442
presslight	TEST	132	201.5	100.0	-6.03	5.64	0.05	1446
presslight	TRAIN	133	202.5	0.6	-6.13	5.65	0.05	1444
presslight	TEST	133	199.2	100.0	-5.99	5.62	0.05	1442
presslight	TRAIN	134	202.8	0.6	-6.31	5.65	0.05	1443
presslight	TEST	134	202.4	100.0	-6.19	5.65	0.05	1445
presslight	TRAIN	135	203.9	0.6	-6.18	5.66	0.05	1441
presslight	TEST	135	203.2	100.0	-6.15	5.66	0.05	1443
presslight	TRAIN	136	202.9	0.6	-6.10	5.65	0.05	1442
presslight	TEST	136	202.2	100.0	-6.15	5.65	0.05	1444
presslight	TRAIN	137	203.1	0.6	-6.15	5.65	0.05	1443
presslight	TEST	137	202.6	100.0	-6.14	5.65	0.05	1445
presslight	TRAIN	138	201.6	0.6	-6.10	5.64	0.05	1443
presslight	TEST	138	201.6	100.0	-6.21	5.64	0.05	1443
presslight	TRAIN	139	204.1	0.6	-6.25	5.67	0.05	1443
presslight	TEST	139	202.3	100.0	-6.15	5.65	0.05	1443
presslight	TRAIN	140	202.9	0.6	-6.21	5.65	0.05	1443
presslight	TEST	140	202.6	100.0	-6.20	5.64	0.05	1445
presslight	TRAIN	141	203.8	0.6	-6.29	5.66	0.05	1444
presslight	TEST	141	203.8	100.0	-6.13	5.65	0.05	1443
presslight	TRAIN	142	202.7	0.6	-6.07	5.65	0.05	1444
presslight	TEST	142	201.9	100.0	-6.21	5.64	0.05	1444
presslight	TRAIN	143	202.4	0.6	-6.11	5.64	0.05	1444
presslight	TEST	143	203.1	100.0	-6.28	5.65	0.05	1443
presslight	TRAIN	144	202.8	0.6	-6.28	5.65	0.05	1444
presslight	TEST	144	200.2	100.0	-6.20	5.62	0.05	1446
presslight	TRAIN	145	203.7	0.6	-6.26	5.66	0.05	1444
presslight	TEST	145	203.3	100.0	-6.33	5.65	0.05	1443
presslight	TRAIN	146	204.8	0.6	-6.38	5.67	0.05	1447
presslight	TEST	146	202.0	100.0	-6.36	5.65	0.05	1445
presslight	TRAIN	147	204.4	0.6	-6.28	5.66	0.05	1444
presslight	TEST	147	202.7	100.0	-6.27	5.65	0.05	1443
presslight	TRAIN	148	203.1	0.6	-6.37	5.66	0.05	1444
presslight	TEST	148	201.2	100.0	-6.17	5.64	0.05	1442
presslight	TRAIN	149	202.2	0.6	-6.52	5.65	0.05	1444
presslight	TEST	149	202.2	100.0	-6.19	5.65	0.05	1444
presslight	TRAIN	150	203.1	0.6	-6.41	5.65	0.05	1446
presslight	TEST	150	200.5	100.0	-6.14	5.63	0.05	1445
presslight	TRAIN	151	202.6	0.6	-6.15	5.66	0.05	1446
presslight	TEST	151	200.9	100.0	-6.09	5.63	0.05	1448
presslight	TRAIN	152	203.3	0.7	-6.20	5.67	0.05	1445
presslight	TEST	152	199.6	100.0	-6.02	5.63	0.05	1445
presslight	TRAIN	153	201.7	0.6	-6.18	5.65	0.05	1444
presslight	TEST	153	202.6	100.0	-6.24	5.65	0.05	1445
presslight	TRAIN	154	200.5	0.6	-6.17	5.64	0.05	1444
presslight	TEST	154	202.0	100.0	-6.17	5.65	0.05	1446
presslight	TRAIN	155	202.3	0.6	-6.20	5.65	0.05	1446
presslight	TEST	155	201.8	100.0	-6.23	5.65	0.05	1445
presslight	TRAIN	156	201.6	0.6	-6.22	5.64	0.05	1445
presslight	TEST	156	201.7	100.0	-6.27	5.64	0.05	1448
presslight	TRAIN	157	202.0	0.6	-6.19	5.65	0.05	1446
presslight	TEST	157	202.6	100.0	-6.23	5.66	0.05	1445
presslight	TRAIN	158	201.4	0.6	-6.16	5.64	0.05	1442
presslight	TEST	158	202.8	100.0	-6.27	5.65	0.05	1442
presslight	TRAIN	159	204.3	0.6	-6.21	5.67	0.05	1446
presslight	TEST	159	202.1	100.0	-6.15	5.64	0.05	1447
presslight	TRAIN	160	202.1	0.6	-6.17	5.64	0.05	1443
presslight	TEST	160	202.8	100.0	-6.18	5.65	0.05	1444
presslight	TRAIN	161	202.1	0.6	-6.30	5.64	0.05	1445
presslight	TEST	161	202.2	100.0	-6.27	5.64	0.05	1444
presslight	TRAIN	162	205.9	0.6	-6.43	5.68	0.05	1445
presslight	TEST	162	201.4	100.0	-6.18	5.63	0.05	1446
presslight	TRAIN	163	202.4	0.6	-6.21	5.65	0.05	1446
presslight	TEST	163	203.9	100.0	-6.42	5.67	0.05	1444
presslight	TRAIN	164	203.2	0.6	-6.21	5.65	0.05	1447
presslight	TEST	164	202.9	100.0	-6.18	5.65	0.05	1443
presslight	TRAIN	165	203.7	0.6	-6.27	5.66	0.05	1443
presslight	TEST	165	203.6	100.0	-6.25	5.66	0.05	1448
presslight	TRAIN	166	204.5	0.6	-6.25	5.67	0.05	1447
presslight	TEST	166	201.5	100.0	-6.09	5.64	0.05	1444
presslight	TRAIN	167	202.2	0.6	-6.08	5.64	0.05	1445
presslight	TEST	167	203.1	100.0	-6.12	5.65	0.05	1442
presslight	TRAIN	168	203.4	0.6	-6.04	5.66	0.05	1443
presslight	TEST	168	204.2	100.0	-6.11	5.66	0.05	1444
presslight	TRAIN	169	204.5	0.6	-6.17	5.66	0.05	1442
presslight	TEST	169	201.9	100.0	-6.09	5.64	0.05	1441
presslight	TRAIN	170	203.2	0.6	-6.12	5.65	0.05	1444
presslight	TEST	170	201.8	100.0	-6.10	5.64	0.05	1443
presslight	TRAIN	171	203.9	0.6	-6.16	5.67	0.05	1443
presslight	TEST	171	202.0	100.0	-6.10	5.64	0.05	1447
presslight	TRAIN	172	204.3	0.6	-6.18	5.67	0.05	1446
presslight	TEST	172	201.1	100.0	-5.96	5.64	0.05	1444
presslight	TRAIN	173	203.5	0.6	-6.10	5.66	0.05	1447
presslight	TEST	173	201.7	100.0	-6.03	5.64	0.05	1444
presslight	TRAIN	174	202.6	0.6	-6.06	5.65	0.05	1445
presslight	TEST	174	201.8	100.0	-6.04	5.64	0.05	1445
presslight	TRAIN	175	202.1	0.6	-6.10	5.64	0.05	1443
presslight	TEST	175	202.0	100.0	-6.16	5.65	0.05	1442
presslight	TRAIN	176	200.3	0.6	-6.04	5.63	0.05	1442
presslight	TEST	176	202.2	100.0	-6.16	5.65	0.05	1442
presslight	TRAIN	177	203.0	0.6	-6.12	5.66	0.05	1441
presslight	TEST	177	206.0	100.0	-6.11	5.67	0.05	1442
presslight	TRAIN	178	201.9	0.6	-6.10	5.65	0.05	1442
presslight	TEST	178	203.2	100.0	-6.02	5.66	0.05	1440
presslight	TRAIN	179	206.0	0.6	-6.21	5.68	0.05	1441
presslight	TEST	179	201.9	100.0	-6.03	5.64	0.05	1444
presslight	TRAIN	180	203.2	0.6	-6.09	5.65	0.05	1439
presslight	TEST	180	201.9	100.0	-6.18	5.64	0.05	1440
presslight	TRAIN	181	202.5	0.6	-6.18	5.65	0.05	1444
presslight	TEST	181	205.4	100.0	-6.00	5.68	0.05	1444
presslight	TRAIN	182	203.0	0.6	-6.13	5.66	0.05	1444
presslight	TEST	182	203.5	100.0	-6.27	5.66	0.05	1445
presslight	TRAIN	183	203.7	0.6	-6.22	5.66	0.05	1443
presslight	TEST	183	203.3	100.0	-6.07	5.66	0.05	1440
presslight	TRAIN	184	203.4	0.6	-5.98	5.65	0.05	1439
presslight	TEST	184	202.6	100.0	-5.95	5.65	0.05	1441
presslight	TRAIN	185	203.0	0.6	-5.94	5.66	0.05	1444
presslight	TEST	185	201.8	100.0	-6.02	5.64	0.05	1443
presslight	TRAIN	186	204.0	0.6	-6.04	5.67	0.05	1443
presslight	TEST	186	203.0	100.0	-6.05	5.65	0.05	1442
presslight	TRAIN	187	205.9	0.6	-6.02	5.68	0.05	1443
presslight	TEST	187	202.9	100.0	-5.93	5.65	0.05	1441
presslight	TRAIN	188	204.4	0.6	-5.92	5.66	0.05	1444
presslight	TEST	188	205.4	100.0	-6.00	5.67	0.05	1444
presslight	TRAIN	189	207.1	0.6	-6.02	5.68	0.05	1445
presslight	TEST	189	204.5	100.0	-5.92	5.66	0.05	1442
presslight	TRAIN	190	203.0	0.6	-5.82	5.65	0.05	1441
presslight	TEST	190	205.4	100.0	-5.85	5.68	0.05	1443
presslight	TRAIN	191	203.1	0.6	-5.96	5.65	0.05	1442
presslight	TEST	191	203.5	100.0	-5.87	5.65	0.05	1444
presslight	TRAIN	192	203.4	0.6	-6.00	5.66	0.05	1442
presslight	TEST	192	204.5	100.0	-6.06	5.68	0.05	1439
presslight	TRAIN	193	204.4	0.6	-6.02	5.67	0.05	1437
presslight	TEST	193	202.7	100.0	-6.00	5.65	0.05	1439
presslight	TRAIN	194	202.6	0.6	-5.86	5.64	0.05	1439
presslight	TEST	194	204.5	100.0	-6.09	5.67	0.05	1440
presslight	TRAIN	195	203.9	0.6	-6.11	5.66	0.05	1441
presslight	TEST	195	204.2	100.0	-6.14	5.67	0.05	1438
presslight	TRAIN	196	204.5	0.6	-6.11	5.67	0.05	1438
presslight	TEST	196	201.0	100.0	-5.92	5.64	0.05	1439
presslight	TRAIN	197	201.2	0.6	-5.96	5.64	0.05	1440
presslight	TEST	197	201.1	100.0	-6.00	5.64	0.05	1444
presslight	TRAIN	198	202.6	0.6	-5.96	5.65	0.05	1443
presslight	TEST	198	201.8	100.0	-5.94	5.63	0.05	1442
presslight	TRAIN	199	202.7	0.6	-6.07	5.65	0.05	1442
presslight	TEST	199	201.9	100.0	-6.03	5.64	0.05	1442
