dqn	TRAIN	0	352.6	0.0	-180.03	4.58	0.23	3826
dqn	TEST	0	948.0	100.0	-482.37	12.15	0.45	716
dqn	TRAIN	1	329.5	0.0	-171.06	4.25	0.23	3916
dqn	TEST	1	948.0	100.0	-482.37	12.15	0.45	716
dqn	TRAIN	2	331.2	77.1	-198.68	4.94	0.25	3434
dqn	TEST	2	770.4	100.0	-555.21	13.17	0.39	979
dqn	TRAIN	3	599.8	82.7	-478.95	11.22	0.33	1909
dqn	TEST	3	636.0	100.0	-384.69	9.17	0.34	1630
dqn	TRAIN	4	539.7	170.9	-297.78	7.31	0.28	1844
dqn	TEST	4	489.3	100.0	-333.02	8.06	0.32	1661
dqn	TRAIN	5	566.1	268.0	-247.32	5.56	0.25	2041
dqn	TEST	5	299.7	100.0	-199.60	5.36	0.22	3111
dqn	TRAIN	6	369.5	298.4	-151.00	3.38	0.18	3081
dqn	TEST	6	368.4	100.0	-298.08	6.79	0.22	2309
dqn	TRAIN	7	327.8	300.1	-103.72	2.40	0.17	3527
dqn	TEST	7	371.5	100.0	-205.13	5.19	0.22	2801
dqn	TRAIN	8	325.0	291.0	-99.19	2.17	0.16	3657
dqn	TEST	8	398.5	100.0	-248.99	6.15	0.21	3325
dqn	TRAIN	9	316.7	273.9	-83.23	2.02	0.17	3796
dqn	TEST	9	368.9	100.0	-177.21	3.84	0.19	3204
dqn	TRAIN	10	291.9	256.0	-75.49	1.81	0.16	3768
dqn	TEST	10	304.9	100.0	-130.87	2.79	0.17	3817
dqn	TRAIN	11	265.9	249.5	-75.91	1.83	0.15	3489
dqn	TEST	11	263.7	100.0	-61.24	1.43	0.15	3947
dqn	TRAIN	12	282.8	236.8	-72.89	1.72	0.15	3856
dqn	TEST	12	297.4	100.0	-76.35	1.75	0.15	3670
dqn	TRAIN	13	244.9	222.3	-53.85	1.27	0.14	3926
dqn	TEST	13	282.9	100.0	-101.42	1.88	0.15	3843
dqn	TRAIN	14	276.7	210.4	-66.63	1.60	0.16	3804
dqn	TEST	14	244.5	100.0	-48.89	1.11	0.14	4008
dqn	TRAIN	15	256.7	202.9	-60.55	1.28	0.14	3821
dqn	TEST	15	294.7	100.0	-110.98	1.85	0.15	3760
dqn	TRAIN	16	228.5	203.0	-46.37	1.05	0.13	3994
dqn	TEST	16	278.8	100.0	-48.98	1.10	0.14	3904
dqn	TRAIN	17	269.0	206.9	-48.22	1.11	0.12	4022
dqn	TEST	17	238.4	100.0	-59.61	1.37	0.14	3547
dqn	TRAIN	18	264.1	199.1	-55.34	1.22	0.13	3829
dqn	TEST	18	266.8	100.0	-54.07	1.17	0.14	3982
dqn	TRAIN	19	264.7	171.5	-59.32	1.21	0.13	3766
dqn	TEST	19	265.9	100.0	-81.01	1.53	0.14	3529
dqn	TRAIN	20	238.9	129.3	-47.39	1.05	0.13	3844
dqn	TEST	20	248.4	100.0	-54.24	1.22	0.13	3690
dqn	TRAIN	21	238.0	100.4	-44.96	1.00	0.13	3802
dqn	TEST	21	273.5	100.0	-82.06	1.49	0.14	3705
dqn	TRAIN	22	251.1	73.8	-62.23	1.19	0.13	3741
dqn	TEST	22	251.0	100.0	-46.70	1.04	0.12	3651
dqn	TRAIN	23	262.8	62.4	-58.63	1.21	0.13	3770
dqn	TEST	23	224.7	100.0	-44.21	0.95	0.12	3832
dqn	TRAIN	24	237.4	60.2	-49.18	1.03	0.12	3762
dqn	TEST	24	232.2	100.0	-44.87	0.98	0.13	3824
dqn	TRAIN	25	237.5	53.7	-43.49	0.94	0.12	3768
dqn	TEST	25	259.2	100.0	-44.79	0.98	0.13	3708
dqn	TRAIN	26	247.9	43.3	-44.36	1.00	0.12	3777
dqn	TEST	26	256.6	100.0	-42.04	0.92	0.12	3766
dqn	TRAIN	27	255.0	42.3	-47.81	1.08	0.11	3865
dqn	TEST	27	245.2	100.0	-38.70	0.95	0.11	3877
dqn	TRAIN	28	264.7	49.0	-72.50	1.61	0.12	3579
dqn	TEST	28	268.9	100.0	-60.17	1.36	0.12	3808
dqn	TRAIN	29	274.0	64.1	-68.54	1.56	0.13	3533
dqn	TEST	29	333.5	100.0	-82.53	1.53	0.14	3671
dqn	TRAIN	30	246.6	76.0	-35.11	0.84	0.10	3876
dqn	TEST	30	263.2	100.0	-45.36	1.02	0.11	3774
dqn	TRAIN	31	268.5	75.9	-48.26	1.10	0.11	3876
dqn	TEST	31	265.3	100.0	-46.85	1.12	0.11	3693
dqn	TRAIN	32	248.2	84.4	-44.54	1.02	0.11	3890
dqn	TEST	32	247.9	100.0	-37.98	0.90	0.11	3876
dqn	TRAIN	33	251.4	89.9	-46.65	1.07	0.11	3854
dqn	TEST	33	224.4	100.0	-33.48	0.83	0.10	3750
dqn	TRAIN	34	260.5	98.8	-42.99	1.02	0.11	3829
dqn	TEST	34	236.8	100.0	-33.23	0.81	0.11	3906
dqn	TRAIN	35	230.1	89.3	-29.51	0.75	0.10	3868
dqn	TEST	35	269.7	100.0	-85.51	1.39	0.11	3705
dqn	TRAIN	36	263.6	84.9	-42.16	1.03	0.11	3747
dqn	TEST	36	236.5	100.0	-64.63	1.13	0.11	3727
dqn	TRAIN	37	300.1	85.3	-68.03	1.19	0.11	3794
dqn	TEST	37	303.3	100.0	-39.42	0.94	0.10	3702
dqn	TRAIN	38	268.2	97.9	-40.62	0.95	0.10	3829
dqn	TEST	38	266.5	100.0	-33.18	0.78	0.10	3819
dqn	TRAIN	39	267.4	93.1	-35.90	0.84	0.10	3811
dqn	TEST	39	347.8	100.0	-68.18	1.40	0.13	3721
dqn	TRAIN	40	298.5	91.6	-41.54	0.90	0.11	3747
dqn	TEST	40	299.8	100.0	-70.72	1.37	0.12	3615
dqn	TRAIN	41	284.9	89.4	-42.32	0.92	0.11	3768
dqn	TEST	41	321.0	100.0	-88.90	1.75	0.12	3413
dqn	TRAIN	42	322.1	87.8	-129.49	2.53	0.14	3323
dqn	TEST	42	292.5	100.0	-45.69	0.96	0.11	3776
dqn	TRAIN	43	289.7	95.3	-79.95	1.43	0.12	3629
dqn	TEST	43	331.8	100.0	-98.68	1.55	0.12	3621
dqn	TRAIN	44	283.5	101.0	-55.71	1.04	0.11	3599
dqn	TEST	44	299.8	100.0	-78.34	1.29	0.11	3533
dqn	TRAIN	45	323.1	111.5	-108.48	1.81	0.12	3501
dqn	TEST	45	296.3	100.0	-82.17	1.32	0.11	3510
dqn	TRAIN	46	255.7	104.1	-36.45	0.82	0.11	3849
dqn	TEST	46	253.5	100.0	-37.27	0.85	0.10	3816
dqn	TRAIN	47	252.3	103.1	-34.45	0.80	0.10	3779
dqn	TEST	47	339.4	100.0	-46.15	1.00	0.11	3683
dqn	TRAIN	48	324.2	99.2	-70.34	1.36	0.11	3715
dqn	TEST	48	287.4	100.0	-71.07	1.20	0.11	3646
dqn	TRAIN	49	338.5	107.9	-86.73	1.50	0.12	3592
dqn	TEST	49	298.0	100.0	-77.93	1.28	0.10	3653
dqn	TRAIN	50	302.8	108.2	-41.15	0.96	0.11	3661
dqn	TEST	50	307.3	100.0	-86.58	1.47	0.11	3638
dqn	TRAIN	51	281.2	103.8	-53.71	1.24	0.11	3776
dqn	TEST	51	291.8	100.0	-64.03	1.26	0.12	3648
dqn	TRAIN	52	261.3	97.8	-42.81	0.96	0.11	3843
dqn	TEST	52	255.1	100.0	-38.48	0.88	0.10	3832
dqn	TRAIN	53	277.4	103.9	-55.17	1.23	0.11	3774
dqn	TEST	53	281.1	100.0	-53.31	1.13	0.12	3817
dqn	TRAIN	54	278.8	106.5	-44.84	1.00	0.11	3795
dqn	TEST	54	344.5	100.0	-101.63	1.67	0.11	3461
dqn	TRAIN	55	307.9	108.7	-61.71	1.18	0.11	3634
dqn	TEST	55	270.3	100.0	-38.13	0.87	0.10	3795
dqn	TRAIN	56	296.3	106.5	-66.72	1.43	0.11	3643
dqn	TEST	56	294.7	100.0	-54.23	1.21	0.11	3695
dqn	TRAIN	57	273.1	110.0	-35.47	0.81	0.10	3828
dqn	TEST	57	293.2	100.0	-71.57	1.40	0.11	3698
dqn	TRAIN	58	281.2	103.0	-51.47	1.10	0.11	3700
dqn	TEST	58	316.0	100.0	-86.55	1.41	0.11	3575
dqn	TRAIN	59	275.2	95.2	-39.49	0.89	0.10	3818
dqn	TEST	59	290.6	100.0	-49.11	1.03	0.11	3681
dqn	TRAIN	60	301.5	100.2	-58.39	1.15	0.11	3721
dqn	TEST	60	311.2	100.0	-44.61	1.00	0.11	3667
dqn	TRAIN	61	325.3	110.7	-67.03	1.26	0.12	3722
dqn	TEST	61	281.9	100.0	-40.24	0.93	0.11	3855
dqn	TRAIN	62	271.8	113.8	-45.83	1.03	0.11	3795
dqn	TEST	62	287.9	100.0	-54.37	1.12	0.11	3687
dqn	TRAIN	63	309.1	115.9	-54.41	0.99	0.10	3709
dqn	TEST	63	298.3	100.0	-84.51	1.39	0.11	3591
dqn	TRAIN	64	293.8	120.3	-70.53	1.36	0.11	3515
dqn	TEST	64	301.8	100.0	-51.28	1.06	0.11	3686
dqn	TRAIN	65	318.6	119.6	-72.60	1.36	0.11	3693
dqn	TEST	65	318.9	100.0	-47.39	1.07	0.11	3540
dqn	TRAIN	66	278.8	130.4	-45.65	1.06	0.11	3551
dqn	TEST	66	334.0	100.0	-70.83	1.30	0.11	3551
dqn	TRAIN	67	316.7	125.9	-54.35	1.07	0.11	3657
dqn	TEST	67	310.4	100.0	-67.83	1.31	0.11	3693
dqn	TRAIN	68	293.9	133.5	-45.00	1.06	0.10	3777
dqn	TEST	68	280.4	100.0	-39.18	0.90	0.10	3838
dqn	TRAIN	69	276.4	133.0	-45.49	1.04	0.11	3843
dqn	TEST	69	280.0	100.0	-37.95	0.88	0.10	3804
dqn	TRAIN	70	268.4	131.3	-35.11	0.79	0.10	3824
dqn	TEST	70	271.7	100.0	-44.52	1.06	0.10	3821
dqn	TRAIN	71	287.4	123.9	-49.57	1.16	0.11	3654
dqn	TEST	71	285.1	100.0	-41.38	0.89	0.11	3785
dqn	TRAIN	72	263.1	122.6	-35.45	0.81	0.10	3825
dqn	TEST	72	257.3	100.0	-36.28	0.83	0.10	3819
dqn	TRAIN	73	247.2	113.4	-34.50	0.80	0.10	3855
dqn	TEST	73	246.8	100.0	-36.82	0.86	0.10	3828
dqn	TRAIN	74	267.9	116.3	-41.87	0.99	0.11	3791
dqn	TEST	74	249.9	100.0	-31.58	0.77	0.10	3853
dqn	TRAIN	75	266.5	95.3	-36.03	0.85	0.11	3830
dqn	TEST	75	251.8	100.0	-40.43	0.97	0.10	3832
dqn	TRAIN	76	267.2	93.3	-35.26	0.79	0.10	3826
dqn	TEST	76	268.4	100.0	-43.50	0.92	0.11	3717
dqn	TRAIN	77	254.5	91.9	-35.59	0.84	0.10	3826
dqn	TEST	77	247.8	100.0	-33.27	0.78	0.10	3835
dqn	TRAIN	78	254.7	88.3	-34.59	0.81	0.10	3863
dqn	TEST	78	240.1	100.0	-38.38	0.91	0.10	3868
dqn	TRAIN	79	255.1	69.2	-32.43	0.78	0.10	3859
dqn	TEST	79	240.3	100.0	-32.08	0.82	0.10	4070
dqn	TRAIN	80	241.1	63.7	-32.45	0.79	0.10	3896
dqn	TEST	80	318.8	100.0	-78.87	1.43	0.11	3742
dqn	TRAIN	81	250.1	60.6	-33.46	0.80	0.10	3848
dqn	TEST	81	255.1	100.0	-31.23	0.74	0.09	3841
dqn	TRAIN	82	248.9	50.8	-33.52	0.80	0.10	3830
dqn	TEST	82	288.0	100.0	-46.03	1.06	0.10	3746
dqn	TRAIN	83	278.6	53.0	-39.47	0.91	0.10	3780
dqn	TEST	83	270.9	100.0	-36.03	0.84	0.10	3815
dqn	TRAIN	84	240.4	49.2	-33.06	0.83	0.10	3890
dqn	TEST	84	257.5	100.0	-36.38	0.87	0.10	3834
dqn	TRAIN	85	244.9	50.3	-30.78	0.75	0.10	3867
dqn	TEST	85	242.4	100.0	-38.78	0.94	0.10	3724
dqn	TRAIN	86	255.7	51.2	-38.12	0.91	0.10	3830
dqn	TEST	86	243.0	100.0	-29.78	0.72	0.10	3849
dqn	TRAIN	87	246.1	48.7	-31.35	0.76	0.10	3903
dqn	TEST	87	319.2	100.0	-79.82	1.49	0.11	3712
dqn	TRAIN	88	239.2	53.2	-36.01	0.89	0.10	3829
dqn	TEST	88	240.2	100.0	-30.06	0.74	0.10	4002
dqn	TRAIN	89	239.9	55.2	-29.43	0.75	0.10	3896
dqn	TEST	89	283.5	100.0	-43.67	1.05	0.11	3865
dqn	TRAIN	90	274.7	49.9	-50.45	1.10	0.10	3771
dqn	TEST	90	244.1	100.0	-31.40	0.77	0.10	4007
dqn	TRAIN	91	299.8	63.3	-49.33	1.10	0.11	3800
dqn	TEST	91	241.6	100.0	-31.03	0.73	0.09	3878
dqn	TRAIN	92	274.0	76.7	-42.81	1.03	0.11	3870
dqn	TEST	92	273.9	100.0	-33.45	0.76	0.10	3838
dqn	TRAIN	93	288.6	81.0	-45.51	1.07	0.11	3825
dqn	TEST	93	296.8	100.0	-50.21	1.01	0.10	3760
dqn	TRAIN	94	373.3	93.8	-83.30	1.59	0.12	3607
dqn	TEST	94	287.1	100.0	-41.72	0.91	0.11	3963
dqn	TRAIN	95	283.5	100.7	-36.20	0.83	0.10	3911
dqn	TEST	95	253.6	100.0	-30.84	0.76	0.10	3858
dqn	TRAIN	96	264.7	97.4	-33.19	0.79	0.10	3859
dqn	TEST	96	256.2	100.0	-33.69	0.82	0.10	3839
dqn	TRAIN	97	241.8	86.6	-28.56	0.70	0.09	3887
dqn	TEST	97	299.3	100.0	-38.55	0.95	0.10	3777
dqn	TRAIN	98	280.1	92.1	-39.55	0.95	0.10	3800
dqn	TEST	98	275.8	100.0	-34.92	0.84	0.10	3812
dqn	TRAIN	99	256.0	90.4	-32.26	0.78	0.10	3815
dqn	TEST	99	283.2	100.0	-58.38	1.04	0.10	3649
dqn	TRAIN	100	254.1	91.3	-31.92	0.76	0.09	3805
dqn	TEST	100	298.6	100.0	-88.74	1.39	0.11	3650
dqn	TRAIN	101	249.2	95.1	-28.20	0.71	0.09	3847
dqn	TEST	101	243.8	100.0	-27.62	0.69	0.09	3863
dqn	TRAIN	102	291.0	93.3	-65.54	1.34	0.11	3737
dqn	TEST	102	256.0	100.0	-30.89	0.75	0.10	3800
dqn	TRAIN	103	246.3	101.8	-30.36	0.73	0.09	3828
dqn	TEST	103	286.1	100.0	-40.54	0.93	0.10	3771
dqn	TRAIN	104	295.9	103.7	-42.01	0.91	0.10	3727
dqn	TEST	104	300.0	100.0	-57.44	1.22	0.11	3612
dqn	TRAIN	105	267.9	95.4	-32.49	0.76	0.10	3780
dqn	TEST	105	258.5	100.0	-38.43	0.92	0.10	3826
dqn	TRAIN	106	238.6	85.5	-29.98	0.73	0.09	3866
dqn	TEST	106	264.1	100.0	-42.75	1.03	0.10	3784
dqn	TRAIN	107	244.9	83.4	-31.76	0.79	0.09	3843
dqn	TEST	107	240.7	100.0	-30.03	0.73	0.09	3841
dqn	TRAIN	108	315.5	71.5	-56.16	1.23	0.11	3852
dqn	TEST	108	232.6	100.0	-26.29	0.68	0.09	3866
dqn	TRAIN	109	248.1	65.6	-55.99	1.41	0.10	3796
dqn	TEST	109	293.5	100.0	-145.38	3.84	0.12	3358
dqn	TRAIN	110	240.2	65.1	-34.18	0.79	0.10	3866
dqn	TEST	110	241.4	100.0	-28.26	0.70	0.09	3878
dqn	TRAIN	111	243.3	68.3	-42.20	1.04	0.10	3861
dqn	TEST	111	245.6	100.0	-72.75	1.81	0.11	3968
dqn	TRAIN	112	238.2	69.8	-27.06	0.70	0.09	3935
dqn	TEST	112	227.9	100.0	-25.72	0.68	0.09	3865
dqn	TRAIN	113	237.0	68.3	-27.32	0.68	0.09	3858
dqn	TEST	113	276.3	100.0	-89.22	2.18	0.10	3782
dqn	TRAIN	114	235.4	63.9	-27.12	0.70	0.09	3927
dqn	TEST	114	295.9	100.0	-105.70	2.47	0.11	3665
dqn	TRAIN	115	231.9	58.6	-27.24	0.69	0.09	3904
dqn	TEST	115	230.2	100.0	-23.49	0.64	0.09	3853
dqn	TRAIN	116	236.5	56.5	-25.09	0.67	0.09	3854
dqn	TEST	116	229.7	100.0	-25.34	0.66	0.09	3877
dqn	TRAIN	117	232.2	46.6	-26.35	0.68	0.09	3871
dqn	TEST	117	226.3	100.0	-23.20	0.62	0.09	3873
dqn	TRAIN	118	229.9	40.8	-23.76	0.64	0.09	3862
dqn	TEST	118	270.0	100.0	-99.50	1.54	0.11	3771
dqn	TRAIN	119	234.4	36.8	-25.48	0.67	0.09	3878
dqn	TEST	119	259.4	100.0	-66.29	1.53	0.10	3769
dqn	TRAIN	120	229.4	35.9	-35.89	0.92	0.09	3780
dqn	TEST	120	241.2	100.0	-27.82	0.69	0.09	3846
dqn	TRAIN	121	233.7	36.1	-26.09	0.67	0.09	3897
dqn	TEST	121	232.0	100.0	-24.89	0.65	0.09	3868
dqn	TRAIN	122	261.7	28.2	-52.38	1.29	0.10	3757
dqn	TEST	122	235.3	100.0	-25.36	0.66	0.09	3844
dqn	TRAIN	123	232.0	29.2	-25.20	0.66	0.09	3867
dqn	TEST	123	250.9	100.0	-29.11	0.73	0.09	3864
dqn	TRAIN	124	236.3	28.8	-26.75	0.69	0.09	3885
dqn	TEST	124	228.3	100.0	-24.24	0.64	0.09	3867
dqn	TRAIN	125	260.6	21.2	-39.36	0.95	0.10	3852
dqn	TEST	125	244.2	100.0	-26.22	0.67	0.09	3871
dqn	TRAIN	126	235.2	23.5	-24.32	0.64	0.09	3876
dqn	TEST	126	244.9	100.0	-29.32	0.73	0.09	3861
dqn	TRAIN	127	247.4	27.0	-28.26	0.70	0.09	3887
dqn	TEST	127	237.4	100.0	-25.95	0.68	0.09	3872
dqn	TRAIN	128	238.7	24.8	-24.44	0.65	0.09	3864
dqn	TEST	128	230.9	100.0	-26.72	0.69	0.09	3870
dqn	TRAIN	129	234.7	26.6	-24.22	0.65	0.09	3884
dqn	TEST	129	227.8	100.0	-22.35	0.62	0.09	3886
dqn	TRAIN	130	246.8	24.6	-24.08	0.65	0.09	3873
dqn	TEST	130	269.7	100.0	-29.91	0.72	0.10	3804
dqn	TRAIN	131	277.8	27.3	-35.17	0.87	0.10	3840
dqn	TEST	131	251.5	100.0	-26.88	0.67	0.09	3843
dqn	TRAIN	132	240.5	29.5	-27.07	0.69	0.09	3883
dqn	TEST	132	310.5	100.0	-56.20	1.13	0.11	3776
dqn	TRAIN	133	321.3	33.6	-51.48	1.21	0.10	3801
dqn	TEST	133	273.7	100.0	-34.11	0.78	0.10	3824
dqn	TRAIN	134	269.2	39.4	-42.87	0.98	0.10	3725
dqn	TEST	134	239.0	100.0	-26.65	0.69	0.09	3855
dqn	TRAIN	135	246.0	42.8	-26.38	0.67	0.09	3850
dqn	TEST	135	283.8	100.0	-63.72	1.31	0.10	3642
dqn	TRAIN	136	243.6	38.8	-26.90	0.70	0.09	3899
dqn	TEST	136	239.8	100.0	-24.17	0.66	0.09	4057
dqn	TRAIN	137	278.0	41.3	-36.94	0.85	0.10	3945
dqn	TEST	137	236.9	100.0	-27.55	0.70	0.09	3868
dqn	TRAIN	138	242.9	43.5	-27.27	0.70	0.09	3882
dqn	TEST	138	241.6	100.0	-28.20	0.69	0.09	3849
dqn	TRAIN	139	245.2	42.4	-28.12	0.72	0.09	3857
dqn	TEST	139	226.6	100.0	-25.12	0.69	0.09	3871
dqn	TRAIN	140	240.1	38.8	-27.77	0.72	0.09	3905
dqn	TEST	140	248.9	100.0	-27.80	0.70	0.09	3853
dqn	TRAIN	141	248.6	38.8	-27.95	0.71	0.09	3851
dqn	TEST	141	308.8	100.0	-40.13	0.85	0.10	3656
dqn	TRAIN	142	258.2	37.4	-29.90	0.75	0.10	3880
dqn	TEST	142	241.7	100.0	-26.07	0.68	0.09	3838
dqn	TRAIN	143	246.1	35.7	-26.25	0.68	0.09	3848
dqn	TEST	143	292.9	100.0	-41.99	0.97	0.10	3738
dqn	TRAIN	144	326.8	40.5	-64.73	1.38	0.11	3774
dqn	TEST	144	244.1	100.0	-30.34	0.73	0.09	3828
dqn	TRAIN	145	246.4	54.5	-28.66	0.71	0.09	3860
dqn	TEST	145	302.8	100.0	-85.27	1.38	0.10	3594
dqn	TRAIN	146	250.8	51.8	-31.71	0.77	0.09	3858
dqn	TEST	146	232.7	100.0	-26.80	0.69	0.09	3882
dqn	TRAIN	147	237.9	54.8	-28.38	0.73	0.09	3852
dqn	TEST	147	249.9	100.0	-28.37	0.71	0.09	3876
dqn	TRAIN	148	237.3	49.3	-25.32	0.67	0.09	3880
dqn	TEST	148	246.2	100.0	-27.42	0.69	0.09	3884
dqn	TRAIN	149	343.4	46.3	-114.42	2.71	0.12	3601
dqn	TEST	149	232.4	100.0	-23.04	0.63	0.09	3875
dqn	TRAIN	150	254.4	59.7	-34.58	0.79	0.10	3881
dqn	TEST	150	242.3	100.0	-36.10	0.88	0.10	3837
dqn	TRAIN	151	238.7	54.6	-29.70	0.77	0.09	3870
dqn	TEST	151	246.1	100.0	-30.65	0.78	0.09	3801
dqn	TRAIN	152	239.9	57.2	-28.96	0.71	0.09	3842
dqn	TEST	152	237.1	100.0	-32.39	0.83	0.09	3754
dqn	TRAIN	153	234.3	56.6	-26.07	0.69	0.09	3881
dqn	TEST	153	239.5	100.0	-34.29	0.86	0.09	3880
dqn	TRAIN	154	234.5	62.5	-30.68	0.79	0.09	3871
dqn	TEST	154	230.3	100.0	-25.20	0.66	0.09	3872
dqn	TRAIN	155	230.4	54.8	-24.53	0.67	0.09	3867
dqn	TEST	155	247.5	100.0	-30.21	0.75	0.09	3885
dqn	TRAIN	156	238.1	53.7	-26.69	0.70	0.09	3882
dqn	TEST	156	238.7	100.0	-26.52	0.70	0.09	3877
dqn	TRAIN	157	237.4	54.2	-26.25	0.69	0.09	3863
dqn	TEST	157	251.1	100.0	-31.76	0.75	0.10	3868
dqn	TRAIN	158	234.0	46.2	-25.45	0.68	0.09	3858
dqn	TEST	158	238.5	100.0	-24.43	0.64	0.09	3880
dqn	TRAIN	159	243.8	43.9	-33.42	0.87	0.10	3830
dqn	TEST	159	237.7	100.0	-27.97	0.72	0.09	3866
dqn	TRAIN	160	228.0	36.7	-24.28	0.66	0.09	3886
dqn	TEST	160	266.2	100.0	-38.08	0.91	0.10	3827
dqn	TRAIN	161	239.5	35.4	-27.50	0.70	0.09	3882
dqn	TEST	161	238.8	100.0	-24.63	0.66	0.09	3886
dqn	TRAIN	162	233.5	38.0	-25.99	0.69	0.09	3880
dqn	TEST	162	237.5	100.0	-28.08	0.72	0.09	3869
dqn	TRAIN	163	240.1	31.2	-24.29	0.67	0.09	3873
dqn	TEST	163	238.8	100.0	-25.55	0.67	0.09	3876
dqn	TRAIN	164	230.7	29.0	-23.53	0.66	0.09	3872
dqn	TEST	164	228.4	100.0	-23.42	0.63	0.09	3870
dqn	TRAIN	165	237.6	27.1	-25.31	0.67	0.09	3857
dqn	TEST	165	237.1	100.0	-23.23	0.65	0.09	3888
dqn	TRAIN	166	234.0	23.5	-21.57	0.62	0.09	3876
dqn	TEST	166	236.9	100.0	-22.40	0.63	0.09	3887
dqn	TRAIN	167	230.1	20.7	-22.53	0.65	0.09	3886
dqn	TEST	167	233.8	100.0	-21.76	0.63	0.09	3859
dqn	TRAIN	168	228.0	18.9	-23.50	0.66	0.09	3866
dqn	TEST	168	237.1	100.0	-21.75	0.62	0.09	3882
dqn	TRAIN	169	236.6	17.3	-24.61	0.66	0.09	3878
dqn	TEST	169	232.6	100.0	-22.08	0.63	0.09	3875
dqn	TRAIN	170	232.6	17.9	-23.89	0.66	0.09	3866
dqn	TEST	170	230.4	100.0	-23.63	0.64	0.09	3884
dqn	TRAIN	171	230.9	17.9	-24.21	0.68	0.09	3885
dqn	TEST	171	244.0	100.0	-30.00	0.78	0.09	3855
dqn	TRAIN	172	319.8	20.8	-76.95	1.38	0.10	3748
dqn	TEST	172	239.7	100.0	-25.80	0.68	0.09	3854
dqn	TRAIN	173	249.1	25.9	-25.13	0.67	0.09	3886
dqn	TEST	173	245.4	100.0	-28.17	0.73	0.09	3836
dqn	TRAIN	174	230.6	25.6	-23.47	0.65	0.09	3876
dqn	TEST	174	232.3	100.0	-24.18	0.65	0.09	3887
dqn	TRAIN	175	236.0	23.2	-22.15	0.63	0.09	3843
dqn	TEST	175	312.2	100.0	-55.53	1.27	0.10	3823
dqn	TRAIN	176	283.5	24.9	-38.87	0.90	0.10	3826
dqn	TEST	176	313.9	100.0	-46.73	1.03	0.10	3795
dqn	TRAIN	177	306.9	27.7	-50.00	1.18	0.10	3830
dqn	TEST	177	308.2	100.0	-44.63	0.99	0.10	3807
dqn	TRAIN	178	271.5	36.2	-33.90	0.82	0.09	3823
dqn	TEST	178	266.2	100.0	-42.38	0.96	0.10	3888
dqn	TRAIN	179	275.4	40.7	-42.70	0.95	0.10	3729
dqn	TEST	179	289.6	100.0	-35.17	0.86	0.09	3761
dqn	TRAIN	180	264.1	51.0	-29.66	0.72	0.09	3852
dqn	TEST	180	234.0	100.0	-26.99	0.69	0.09	3850
dqn	TRAIN	181	315.5	56.1	-85.47	1.45	0.11	3651
dqn	TEST	181	235.0	100.0	-24.89	0.66	0.09	3846
dqn	TRAIN	182	286.2	57.5	-52.77	1.13	0.10	3687
dqn	TEST	182	244.1	100.0	-23.38	0.65	0.09	3887
dqn	TRAIN	183	302.6	69.9	-52.90	1.09	0.10	3783
dqn	TEST	183	330.0	100.0	-63.14	1.12	0.10	3657
dqn	TRAIN	184	268.8	76.5	-31.04	0.75	0.10	3824
dqn	TEST	184	318.7	100.0	-83.44	1.59	0.11	3526
dqn	TRAIN	185	310.7	82.0	-51.31	1.24	0.10	3759
dqn	TEST	185	285.1	100.0	-52.35	1.17	0.10	3646
dqn	TRAIN	186	257.3	86.1	-29.47	0.75	0.09	3854
dqn	TEST	186	232.6	100.0	-25.78	0.68	0.09	3864
dqn	TRAIN	187	287.8	87.9	-50.06	1.09	0.10	3799
dqn	TEST	187	263.4	100.0	-36.43	0.87	0.10	3733
dqn	TRAIN	188	245.0	88.1	-30.13	0.79	0.09	3857
dqn	TEST	188	229.0	100.0	-22.53	0.64	0.09	3867
dqn	TRAIN	189	268.3	88.6	-29.62	0.72	0.09	3838
dqn	TEST	189	296.3	100.0	-39.66	0.88	0.10	3696
dqn	TRAIN	190	254.6	88.9	-33.87	0.82	0.10	3823
dqn	TEST	190	248.6	100.0	-28.78	0.74	0.09	3804
dqn	TRAIN	191	240.4	79.7	-26.12	0.68	0.09	3818
dqn	TEST	191	313.4	100.0	-96.78	1.62	0.11	3523
dqn	TRAIN	192	238.1	72.8	-22.53	0.63	0.09	3848
dqn	TEST	192	245.6	100.0	-26.40	0.69	0.09	3831
dqn	TRAIN	193	261.5	72.8	-26.52	0.70	0.09	3884
dqn	TEST	193	244.5	100.0	-26.10	0.68	0.09	3839
dqn	TRAIN	194	242.2	72.3	-27.51	0.70	0.09	3866
dqn	TEST	194	233.6	100.0	-24.69	0.66	0.09	3858
dqn	TRAIN	195	245.8	62.2	-26.63	0.70	0.09	3856
dqn	TEST	195	254.3	100.0	-32.26	0.79	0.10	3839
dqn	TRAIN	196	250.3	58.1	-28.84	0.73	0.09	3812
dqn	TEST	196	228.4	100.0	-22.51	0.63	0.09	3861
dqn	TRAIN	197	256.9	45.6	-28.07	0.70	0.09	3836
dqn	TEST	197	244.7	100.0	-24.54	0.66	0.09	3864
dqn	TRAIN	198	239.5	42.8	-27.10	0.70	0.09	3835
dqn	TEST	198	244.5	100.0	-30.34	0.76	0.09	3841
dqn	TRAIN	199	236.7	34.0	-23.97	0.66	0.09	3868
dqn	TEST	199	296.8	100.0	-51.18	1.17	0.10	3646
