presslight	TRAIN	0	231.3	0.0	-8.62	0.83	0.04	250
presslight	HELDOUT	0	414.2	100.0	-63.36	3.55	0.11	62
presslight	HELDOUT	0	455.3	100.0	-60.29	3.50	0.10	67
presslight	HELDOUT	0	383.0	100.0	-52.39	3.36	0.10	72
presslight	HELDOUT_MEAN	0	417.5	100.0	0.00	0.00	0.00	0
presslight	TRAIN	1	223.3	0.0	-9.08	0.77	0.04	247
presslight	TRAIN	2	229.4	0.0	-8.59	0.82	0.04	251
presslight	TRAIN	3	232.2	0.0	-9.30	0.83	0.04	252
presslight	TRAIN	4	226.1	0.0	-8.83	0.80	0.04	245
presslight	TRAIN	5	242.1	0.0	-8.59	0.89	0.05	247
presslight	TRAIN	6	221.6	0.0	-8.98	0.76	0.04	243
presslight	TRAIN	7	229.9	0.0	-8.89	0.79	0.04	250
presslight	TRAIN	8	294.9	0.5	-23.59	1.75	0.07	157
presslight	TRAIN	9	362.0	0.6	-22.31	2.28	0.09	164
presslight	TRAIN	10	362.1	1.0	-14.88	2.32	0.10	145
presslight	HELDOUT	10	360.6	100.0	-28.71	2.72	0.10	116
presslight	HELDOUT	10	338.6	100.0	-26.21	2.40	0.09	137
presslight	HELDOUT	10	339.8	100.0	-38.78	2.85	0.10	112
presslight	HELDOUT_MEAN	10	346.3	100.0	0.00	0.00	0.00	0
presslight	TRAIN	11	356.7	1.8	-17.95	2.25	0.09	158
presslight	TRAIN	12	309.1	2.9	-16.89	2.00	0.08	156
presslight	TRAIN	13	371.4	4.0	-15.17	2.19	0.09	166
presslight	TRAIN	14	287.5	4.9	-9.52	1.63	0.08	176
presslight	TRAIN	15	311.7	5.4	-11.03	1.70	0.08	189
presslight	TRAIN	16	265.8	5.9	-8.78	1.41	0.07	197
presslight	TRAIN	17	320.8	5.9	-9.61	1.64	0.08	193
presslight	TRAIN	18	264.4	6.0	-9.35	1.15	0.06	217
presslight	TRAIN	19	254.0	6.0	-6.73	1.17	0.07	207
presslight	TRAIN	20	258.2	6.1	-5.61	1.16	0.06	213
presslight	HELDOUT	20	285.7	100.0	-9.74	1.40	0.07	208
presslight	HELDOUT	20	248.7	100.0	-7.43	1.26	0.06	207
presslight	HELDOUT	20	267.1	100.0	-6.45	1.41	0.07	200
presslight	HELDOUT_MEAN	20	267.2	100.0	0.00	0.00	0.00	0
presslight	TRAIN	21	230.8	6.0	-7.17	0.93	0.06	234
presslight	TRAIN	22	251.6	5.9	-5.47	0.96	0.05	254
presslight	TRAIN	23	222.7	5.9	-5.49	0.85	0.05	234
presslight	TRAIN	24	264.5	5.7	-7.06	1.28	0.06	211
presslight	TRAIN	25	238.6	5.9	-5.07	0.89	0.06	238
presslight	TRAIN	26	232.2	5.9	-6.63	0.94	0.05	229
presslight	TRAIN	27	233.9	5.8	-5.55	0.85	0.06	236
presslight	TRAIN	28	214.9	5.7	-5.74	0.70	0.05	245
presslight	TRAIN	29	230.1	5.7	-6.08	0.82	0.05	244
presslight	TRAIN	30	215.3	5.7	-7.37	0.95	0.05	220
presslight	HELDOUT	30	218.0	100.0	-6.09	1.09	0.05	219
presslight	HELDOUT	30	205.2	100.0	-7.21	0.80	0.04	232
presslight	HELDOUT	30	227.9	100.0	-7.11	0.85	0.05	240
presslight	HELDOUT_MEAN	30	217.0	100.0	0.00	0.00	0.00	0
presslight	TRAIN	31	197.1	5.5	-6.12	0.65	0.04	248
presslight	TRAIN	32	191.2	5.5	-5.23	0.51	0.04	257
presslight	TRAIN	33	213.8	5.3	-5.63	0.69	0.04	251
presslight	TRAIN	34	200.0	5.1	-5.10	0.62	0.04	243
presslight	TRAIN	35	201.4	5.0	-6.25	0.58	0.04	250
presslight	TRAIN	36	189.0	5.1	-5.72	0.50	0.04	255
presslight	TRAIN	37	197.2	4.8	-5.77	0.53	0.04	256
presslight	TRAIN	38	191.8	4.8	-5.91	0.49	0.04	257
presslight	TRAIN	39	232.7	4.8	-5.80	0.82	0.04	248
presslight	TRAIN	40	215.2	4.7	-6.14	0.67	0.04	253
presslight	HELDOUT	40	188.4	100.0	-5.35	0.47	0.03	256
presslight	HELDOUT	40	174.2	100.0	-5.89	0.48	0.03	238
presslight	HELDOUT	40	180.1	100.0	-7.43	0.61	0.03	238
presslight	HELDOUT_MEAN	40	180.9	100.0	0.00	0.00	0.00	0
presslight	TRAIN	41	187.8	4.6	-7.90	0.60	0.03	242
presslight	TRAIN	42	177.2	4.7	-5.13	0.39	0.03	263
presslight	TRAIN	43	197.7	4.7	-6.04	0.49	0.03	263
presslight	TRAIN	44	180.5	4.6	-5.72	0.49	0.03	247
presslight	TRAIN	45	208.8	4.7	-5.41	0.59	0.04	261
presslight	TRAIN	46	174.6	4.4	-5.19	0.41	0.03	255
presslight	TRAIN	47	184.3	4.3	-5.50	0.43	0.03	257
presslight	TRAIN	48	183.9	4.3	-5.63	0.48	0.03	246
presslight	TRAIN	49	198.2	4.4	-5.65	0.57	0.04	252
presslight	TRAIN	50	189.5	4.5	-5.26	0.49	0.03	255
presslight	HELDOUT	50	198.1	100.0	-5.81	0.61	0.04	250
presslight	HELDOUT	50	180.9	100.0	-5.67	0.46	0.03	256
presslight	HELDOUT	50	186.5	100.0	-5.43	0.48	0.03	260
presslight	HELDOUT_MEAN	50	188.5	100.0	0.00	0.00	0.00	0
presslight	TRAIN	51	188.6	4.3	-5.96	0.48	0.03	259
presslight	TRAIN	52	174.4	4.3	-5.31	0.37	0.03	259
presslight	TRAIN	53	181.2	4.1	-5.35	0.38	0.03	263
presslight	TRAIN	54	180.8	3.9	-5.17	0.47	0.03	252
presslight	TRAIN	55	183.4	3.8	-5.04	0.42	0.03	260
presslight	TRAIN	56	171.7	3.6	-5.32	0.37	0.03	261
presslight	TRAIN	57	191.9	3.5	-5.48	0.48	0.03	257
presslight	TRAIN	58	176.7	3.4	-5.45	0.35	0.03	261
presslight	TRAIN	59	186.3	3.2	-5.50	0.45	0.03	261
presslight	TRAIN	60	176.6	3.2	-5.40	0.36	0.02	268
presslight	HELDOUT	60	179.2	100.0	-5.27	0.37	0.03	265
presslight	HELDOUT	60	168.5	100.0	-5.55	0.32	0.02	263
presslight	HELDOUT	60	174.7	100.0	-5.56	0.35	0.03	267
presslight	HELDOUT_MEAN	60	174.2	100.0	0.00	0.00	0.00	0
presslight	TRAIN	61	166.4	3.0	-5.24	0.28	0.02	266
presslight	TRAIN	62	165.7	2.9	-5.05	0.29	0.02	266
presslight	TRAIN	63	183.8	2.8	-5.37	0.38	0.03	268
presslight	TRAIN	64	168.7	2.7	-5.11	0.30	0.02	262
presslight	TRAIN	65	173.9	2.7	-4.92	0.31	0.02	265
presslight	TRAIN	66	167.2	2.5	-5.35	0.27	0.02	269
presslight	TRAIN	67	170.8	2.4	-5.31	0.29	0.02	265
presslight	TRAIN	68	176.4	2.2	-6.51	0.33	0.02	266
presslight	TRAIN	69	171.6	2.1	-5.31	0.28	0.02	267
presslight	TRAIN	70	189.4	2.0	-5.03	0.41	0.02	275
presslight	HELDOUT	70	173.0	100.0	-5.34	0.34	0.02	262
presslight	HELDOUT	70	165.8	100.0	-5.56	0.27	0.02	268
presslight	HELDOUT	70	163.7	100.0	-5.29	0.24	0.02	271
presslight	HELDOUT_MEAN	70	167.5	100.0	0.00	0.00	0.00	0
presslight	TRAIN	71	163.2	2.0	-5.23	0.25	0.02	270
presslight	TRAIN	72	160.4	1.9	-5.03	0.21	0.02	269
presslight	TRAIN	73	165.6	1.7	-5.31	0.26	0.02	265
presslight	TRAIN	74	163.1	1.7	-5.07	0.25	0.02	268
presslight	TRAIN	75	166.9	1.6	-5.14	0.25	0.02	266
presslight	TRAIN	76	163.0	1.6	-5.15	0.24	0.02	270
presslight	TRAIN	77	169.5	1.6	-5.10	0.29	0.02	266
presslight	TRAIN	78	171.3	1.5	-5.47	0.30	0.02	264
presslight	TRAIN	79	169.0	1.5	-5.23	0.26	0.02	266
presslight	TRAIN	80	167.7	1.4	-4.97	0.26	0.02	277
presslight	HELDOUT	80	161.6	100.0	-5.14	0.24	0.02	265
presslight	HELDOUT	80	163.6	100.0	-5.51	0.23	0.02	270
presslight	HELDOUT	80	164.9	100.0	-5.31	0.26	0.02	271
presslight	HELDOUT_MEAN	80	163.4	100.0	0.00	0.00	0.00	0
presslight	TRAIN	81	161.9	1.4	-5.34	0.24	0.02	271
presslight	TRAIN	82	159.8	1.4	-5.22	0.22	0.02	271
presslight	TRAIN	83	165.9	1.3	-5.25	0.24	0.02	269
presslight	TRAIN	84	164.5	1.3	-5.02	0.25	0.02	266
presslight	TRAIN	85	166.2	1.3	-4.89	0.23	0.02	270
presslight	TRAIN	86	161.6	1.3	-5.22	0.23	0.02	267
presslight	TRAIN	87	168.8	1.2	-4.97	0.26	0.02	268
presslight	TRAIN	88	165.4	1.2	-5.20	0.24	0.02	270
presslight	TRAIN	89	166.4	1.2	-5.16	0.24	0.02	268
presslight	TRAIN	90	167.8	1.1	-4.97	0.24	0.02	277
presslight	HELDOUT	90	161.9	100.0	-4.94	0.23	0.02	266
presslight	HELDOUT	90	164.8	100.0	-5.41	0.26	0.02	268
presslight	HELDOUT	90	163.8	100.0	-5.29	0.25	0.02	270
presslight	HELDOUT_MEAN	90	163.5	100.0	0.00	0.00	0.00	0
presslight	TRAIN	91	159.7	1.1	-5.10	0.21	0.02	270
presslight	TRAIN	92	159.8	1.1	-4.91	0.22	0.02	268
presslight	TRAIN	93	164.3	1.1	-5.39	0.23	0.02	269
presslight	TRAIN	94	165.5	1.1	-5.04	0.26	0.02	266
presslight	TRAIN	95	165.3	1.0	-4.97	0.22	0.02	270
presslight	TRAIN	96	163.2	1.0	-5.39	0.24	0.02	267
presslight	TRAIN	97	164.6	1.0	-5.18	0.24	0.02	268
presslight	TRAIN	98	162.4	1.0	-5.15	0.22	0.02	267
presslight	TRAIN	99	165.5	1.0	-5.11	0.22	0.02	269
presslight	HELDOUT	100	159.4	100.0	-5.00	0.21	0.02	264
presslight	HELDOUT	100	159.1	100.0	-5.29	0.20	0.02	272
presslight	HELDOUT	100	162.3	100.0	-5.20	0.22	0.02	270
presslight	HELDOUT_MEAN	100	160.3	100.0	0.00	0.00	0.00	0
