early_stop enabled: min_episodes=20, max_episodes=200, patience=20, min_delta=0.0100, metric=test
step:3600/3600, q_loss:0, rewards:-47.33944769965278, queue:1.5440104166666666, delay:0.06288670433892143, throughput:1431
episode:0/200, real avg travel time:254.95667365478687
intersection:0, mean_episode_reward:-2.973055362701416, mean_queue:3.094444513320923
intersection:1, mean_episode_reward:-2.6119441986083984, mean_queue:2.75
intersection:2, mean_episode_reward:-3.993333578109741, mean_queue:4.136111259460449
intersection:3, mean_episode_reward:-3.100278377532959, mean_queue:3.23888897895813
intersection:4, mean_episode_reward:-2.444166660308838, mean_queue:2.566666603088379
intersection:5, mean_episode_reward:-2.511943817138672, mean_queue:2.625
intersection:6, mean_episode_reward:-2.7986111640930176, mean_queue:2.9111111164093018
intersection:7, mean_episode_reward:-2.429999351501465, mean_queue:2.566666603088379
intersection:8, mean_episode_reward:-3.5325019359588623, mean_queue:3.655555486679077
intersection:9, mean_episode_reward:-3.021111011505127, mean_queue:3.116666555404663
intersection:10, mean_episode_reward:-2.640833616256714, mean_queue:2.75
intersection:11, mean_episode_reward:-3.1391658782958984, mean_queue:3.2472221851348877
intersection:12, mean_episode_reward:-3.799999713897705, mean_queue:3.950000047683716
intersection:13, mean_episode_reward:-3.5980567932128906, mean_queue:3.73888897895813
intersection:14, mean_episode_reward:-2.43416690826416, mean_queue:2.558333396911621
intersection:15, mean_episode_reward:-2.3102784156799316, mean_queue:2.5027778148651123
intersection:16, mean_episode_reward:0.0, mean_queue:0.0
intersection:17, mean_episode_reward:0.0, mean_queue:0.0
intersection:18, mean_episode_reward:0.0, mean_queue:0.0
intersection:19, mean_episode_reward:0.0, mean_queue:0.0
intersection:20, mean_episode_reward:0.0, mean_queue:0.0
intersection:21, mean_episode_reward:0.0, mean_queue:0.0
intersection:22, mean_episode_reward:0.0, mean_queue:0.0
intersection:23, mean_episode_reward:0.0, mean_queue:0.0
intersection:24, mean_episode_reward:0.0, mean_queue:0.0
intersection:25, mean_episode_reward:0.0, mean_queue:0.0
intersection:26, mean_episode_reward:0.0, mean_queue:0.0
intersection:27, mean_episode_reward:0.0, mean_queue:0.0
intersection:28, mean_episode_reward:0.0, mean_queue:0.0
intersection:29, mean_episode_reward:0.0, mean_queue:0.0
intersection:30, mean_episode_reward:0.0, mean_queue:0.0
intersection:31, mean_episode_reward:0.0, mean_queue:0.0
Test step:0/200, travel time :788.9227053140097, rewards:-416.8797309027778, queue:13.058072916666667, delay:0.1662470499674479, throughput:621
new best ATT=788.92 at episode 0 (metric=test)
step:3600/3600, q_loss:0, rewards:-46.25444878472222, queue:1.5169270833333333, delay:0.061948664983113605, throughput:1428
episode:1/200, real avg travel time:252.11204481792717
intersection:0, mean_episode_reward:-2.6075005531311035, mean_queue:2.7472221851348877
intersection:1, mean_episode_reward:-3.07277774810791, mean_queue:3.211111068725586
intersection:2, mean_episode_reward:-4.470556735992432, mean_queue:4.594444274902344
intersection:3, mean_episode_reward:-2.5999996662139893, mean_queue:2.7638888359069824
intersection:4, mean_episode_reward:-3.022500514984131, mean_queue:3.1861112117767334
intersection:5, mean_episode_reward:-2.5933330059051514, mean_queue:2.7277777194976807
intersection:6, mean_episode_reward:-2.8705546855926514, mean_queue:2.9861111640930176
intersection:7, mean_episode_reward:-2.4233336448669434, mean_queue:2.5722222328186035
intersection:8, mean_episode_reward:-3.072500705718994, mean_queue:3.2083332538604736
intersection:9, mean_episode_reward:-2.5813894271850586, mean_queue:2.691666603088379
intersection:10, mean_episode_reward:-2.4738895893096924, mean_queue:2.5638887882232666
intersection:11, mean_episode_reward:-3.077500820159912, mean_queue:3.25
intersection:12, mean_episode_reward:-2.797499895095825, mean_queue:2.961111068725586
intersection:13, mean_episode_reward:-3.5280566215515137, mean_queue:3.680555582046509
intersection:14, mean_episode_reward:-2.395000457763672, mean_queue:2.549999952316284
intersection:15, mean_episode_reward:-2.668055534362793, mean_queue:2.847222328186035
intersection:16, mean_episode_reward:0.0, mean_queue:0.0
intersection:17, mean_episode_reward:0.0, mean_queue:0.0
intersection:18, mean_episode_reward:0.0, mean_queue:0.0
intersection:19, mean_episode_reward:0.0, mean_queue:0.0
intersection:20, mean_episode_reward:0.0, mean_queue:0.0
intersection:21, mean_episode_reward:0.0, mean_queue:0.0
intersection:22, mean_episode_reward:0.0, mean_queue:0.0
intersection:23, mean_episode_reward:0.0, mean_queue:0.0
intersection:24, mean_episode_reward:0.0, mean_queue:0.0
intersection:25, mean_episode_reward:0.0, mean_queue:0.0
intersection:26, mean_episode_reward:0.0, mean_queue:0.0
intersection:27, mean_episode_reward:0.0, mean_queue:0.0
intersection:28, mean_episode_reward:0.0, mean_queue:0.0
intersection:29, mean_episode_reward:0.0, mean_queue:0.0
intersection:30, mean_episode_reward:0.0, mean_queue:0.0
intersection:31, mean_episode_reward:0.0, mean_queue:0.0
Test step:1/200, travel time :788.9227053140097, rewards:-416.8797309027778, queue:13.058072916666667, delay:0.1662470499674479, throughput:621
step:3600/3600, q_loss:0.4825502336025238, rewards:-45.571392144097224, queue:1.4904513888888888, delay:0.061264657974243165, throughput:1433
episode:2/200, real avg travel time:251.48290300069783
intersection:0, mean_episode_reward:-3.024444818496704, mean_queue:3.163888931274414
intersection:1, mean_episode_reward:-2.8299992084503174, mean_queue:2.9583332538604736
intersection:2, mean_episode_reward:-3.874166965484619, mean_queue:4.011111259460449
intersection:3, mean_episode_reward:-2.226111650466919, mean_queue:2.3611111640930176
intersection:4, mean_episode_reward:-3.275277614593506, mean_queue:3.38611102104187
intersection:5, mean_episode_reward:-2.8394455909729004, mean_queue:2.952777862548828
intersection:6, mean_episode_reward:-2.348054885864258, mean_queue:2.48888897895813
intersection:7, mean_episode_reward:-2.857222557067871, mean_queue:2.98888897895813
intersection:8, mean_episode_reward:-3.0552775859832764, mean_queue:3.183333396911621
intersection:9, mean_episode_reward:-2.7663891315460205, mean_queue:2.8805556297302246
intersection:10, mean_episode_reward:-2.729722499847412, mean_queue:2.805555582046509
intersection:11, mean_episode_reward:-3.2161126136779785, mean_queue:3.3527777194976807
intersection:12, mean_episode_reward:-3.0044450759887695, mean_queue:3.1666667461395264
intersection:13, mean_episode_reward:-2.641111135482788, mean_queue:2.8027777671813965
intersection:14, mean_episode_reward:-2.6658334732055664, mean_queue:2.7861111164093018
intersection:15, mean_episode_reward:-2.217778444290161, mean_queue:2.405555486679077
intersection:16, mean_episode_reward:0.0, mean_queue:0.0
intersection:17, mean_episode_reward:0.0, mean_queue:0.0
intersection:18, mean_episode_reward:0.0, mean_queue:0.0
intersection:19, mean_episode_reward:0.0, mean_queue:0.0
intersection:20, mean_episode_reward:0.0, mean_queue:0.0
intersection:21, mean_episode_reward:0.0, mean_queue:0.0
intersection:22, mean_episode_reward:0.0, mean_queue:0.0
intersection:23, mean_episode_reward:0.0, mean_queue:0.0
intersection:24, mean_episode_reward:0.0, mean_queue:0.0
intersection:25, mean_episode_reward:0.0, mean_queue:0.0
intersection:26, mean_episode_reward:0.0, mean_queue:0.0
intersection:27, mean_episode_reward:0.0, mean_queue:0.0
intersection:28, mean_episode_reward:0.0, mean_queue:0.0
intersection:29, mean_episode_reward:0.0, mean_queue:0.0
intersection:30, mean_episode_reward:0.0, mean_queue:0.0
intersection:31, mean_episode_reward:0.0, mean_queue:0.0
Test step:2/200, travel time :680.040293040293, rewards:-422.9252604166667, queue:13.245225694444445, delay:0.16861309475368924, throughput:546
new best ATT=680.04 at episode 2 (metric=test)
step:3600/3600, q_loss:1.1536799669265747, rewards:-39.182779947916664, queue:1.2900173611111112, delay:0.062126912011040585, throughput:1435
episode:3/200, real avg travel time:236.22369337979094
intersection:0, mean_episode_reward:-2.6261112689971924, mean_queue:2.75
intersection:1, mean_episode_reward:-2.4191665649414062, mean_queue:2.549999952316284
intersection:2, mean_episode_reward:-2.721665859222412, mean_queue:2.8499999046325684
intersection:3, mean_episode_reward:-2.3222222328186035, mean_queue:2.480555534362793
intersection:4, mean_episode_reward:-2.8333332538604736, mean_queue:2.9749999046325684
intersection:5, mean_episode_reward:-2.0366671085357666, mean_queue:2.1472222805023193
intersection:6, mean_episode_reward:-2.257777452468872, mean_queue:2.38611102104187
intersection:7, mean_episode_reward:-2.388611078262329, mean_queue:2.4944443702697754
intersection:8, mean_episode_reward:-2.7038896083831787, mean_queue:2.8305554389953613
intersection:9, mean_episode_reward:-2.563055992126465, mean_queue:2.6416666507720947
intersection:10, mean_episode_reward:-2.201666831970215, mean_queue:2.3111112117767334
intersection:11, mean_episode_reward:-2.4111106395721436, mean_queue:2.5416667461395264
intersection:12, mean_episode_reward:-2.396667003631592, mean_queue:2.549999952316284
intersection:13, mean_episode_reward:-2.471111297607422, mean_queue:2.625
intersection:14, mean_episode_reward:-2.595000743865967, mean_queue:2.7249999046325684
intersection:15, mean_episode_reward:-2.23472261428833, mean_queue:2.422222137451172
intersection:16, mean_episode_reward:0.0, mean_queue:0.0
intersection:17, mean_episode_reward:0.0, mean_queue:0.0
intersection:18, mean_episode_reward:0.0, mean_queue:0.0
intersection:19, mean_episode_reward:0.0, mean_queue:0.0
intersection:20, mean_episode_reward:0.0, mean_queue:0.0
intersection:21, mean_episode_reward:0.0, mean_queue:0.0
intersection:22, mean_episode_reward:0.0, mean_queue:0.0
intersection:23, mean_episode_reward:0.0, mean_queue:0.0
intersection:24, mean_episode_reward:0.0, mean_queue:0.0
intersection:25, mean_episode_reward:0.0, mean_queue:0.0
intersection:26, mean_episode_reward:0.0, mean_queue:0.0
intersection:27, mean_episode_reward:0.0, mean_queue:0.0
intersection:28, mean_episode_reward:0.0, mean_queue:0.0
intersection:29, mean_episode_reward:0.0, mean_queue:0.0
intersection:30, mean_episode_reward:0.0, mean_queue:0.0
intersection:31, mean_episode_reward:0.0, mean_queue:0.0
Test step:3/200, travel time :535.809378185525, rewards:-268.85944010416665, queue:8.44140625, delay:0.15247365103827581, throughput:981
new best ATT=535.81 at episode 3 (metric=test)
step:3600/3600, q_loss:1.202006220817566, rewards:-32.55583224826389, queue:1.0854166666666667, delay:0.057701365152994795, throughput:1438
episode:4/200, real avg travel time:222.29485396383868
intersection:0, mean_episode_reward:-2.041111946105957, mean_queue:2.155555486679077
intersection:1, mean_episode_reward:-1.9458328485488892, mean_queue:2.0722222328186035
intersection:2, mean_episode_reward:-2.430555820465088, mean_queue:2.569444417953491
intersection:3, mean_episode_reward:-2.1608331203460693, mean_queue:2.336111068725586
intersection:4, mean_episode_reward:-2.6397223472595215, mean_queue:2.7750000953674316
intersection:5, mean_episode_reward:-1.8069442510604858, mean_queue:1.9249999523162842
intersection:6, mean_episode_reward:-1.582777738571167, mean_queue:1.711111068725586
intersection:7, mean_episode_reward:-1.6355555057525635, mean_queue:1.788888931274414
intersection:8, mean_episode_reward:-2.303333044052124, mean_queue:2.4083333015441895
intersection:9, mean_episode_reward:-2.0805554389953613, mean_queue:2.200000047683716
intersection:10, mean_episode_reward:-1.6377768516540527, mean_queue:1.711111068725586
intersection:11, mean_episode_reward:-2.1922221183776855, mean_queue:2.344444513320923
intersection:12, mean_episode_reward:-1.8988889455795288, mean_queue:2.077777862548828
intersection:13, mean_episode_reward:-2.253333806991577, mean_queue:2.3972222805023193
intersection:14, mean_episode_reward:-1.7683335542678833, mean_queue:1.9166666269302368
intersection:15, mean_episode_reward:-2.178056001663208, mean_queue:2.344444513320923
intersection:16, mean_episode_reward:0.0, mean_queue:0.0
intersection:17, mean_episode_reward:0.0, mean_queue:0.0
intersection:18, mean_episode_reward:0.0, mean_queue:0.0
intersection:19, mean_episode_reward:0.0, mean_queue:0.0
intersection:20, mean_episode_reward:0.0, mean_queue:0.0
intersection:21, mean_episode_reward:0.0, mean_queue:0.0
intersection:22, mean_episode_reward:0.0, mean_queue:0.0
intersection:23, mean_episode_reward:0.0, mean_queue:0.0
intersection:24, mean_episode_reward:0.0, mean_queue:0.0
intersection:25, mean_episode_reward:0.0, mean_queue:0.0
intersection:26, mean_episode_reward:0.0, mean_queue:0.0
intersection:27, mean_episode_reward:0.0, mean_queue:0.0
intersection:28, mean_episode_reward:0.0, mean_queue:0.0
intersection:29, mean_episode_reward:0.0, mean_queue:0.0
intersection:30, mean_episode_reward:0.0, mean_queue:0.0
intersection:31, mean_episode_reward:0.0, mean_queue:0.0
Test step:4/200, travel time :443.9453860640301, rewards:-215.77777777777777, queue:6.786284722222222, delay:0.13284939659966363, throughput:1062
new best ATT=443.95 at episode 4 (metric=test)
step:3600/3600, q_loss:1.2836639881134033, rewards:-24.47138671875, queue:0.8298611111111112, delay:0.048376136355929904, throughput:1445
episode:5/200, real avg travel time:203.54878892733564
intersection:0, mean_episode_reward:-1.6261111497879028, mean_queue:1.730555534362793
intersection:1, mean_episode_reward:-1.3155550956726074, mean_queue:1.4500000476837158
intersection:2, mean_episode_reward:-1.9208329916000366, mean_queue:2.0833332538604736
intersection:3, mean_episode_reward:-1.8138893842697144, mean_queue:1.9777777194976807
intersection:4, mean_episode_reward:-2.0616672039031982, mean_queue:2.2138888835906982
intersection:5, mean_episode_reward:-1.3647217750549316, mean_queue:1.461111068725586
intersection:6, mean_episode_reward:-1.5352778434753418, mean_queue:1.6388888359069824
intersection:7, mean_episode_reward:-0.8816665410995483, mean_queue:1.0
intersection:8, mean_episode_reward:-1.7161110639572144, mean_queue:1.8416666984558105
intersection:9, mean_episode_reward:-1.8205554485321045, mean_queue:1.9388889074325562
intersection:10, mean_episode_reward:-1.2583329677581787, mean_queue:1.3305555582046509
intersection:11, mean_episode_reward:-1.3930556774139404, mean_queue:1.5361111164093018
intersection:12, mean_episode_reward:-1.364166498184204, mean_queue:1.5138888359069824
intersection:13, mean_episode_reward:-1.4547220468521118, mean_queue:1.5833333730697632
intersection:14, mean_episode_reward:-1.4638888835906982, mean_queue:1.5972222089767456
intersection:15, mean_episode_reward:-1.4808330535888672, mean_queue:1.6583333015441895
intersection:16, mean_episode_reward:0.0, mean_queue:0.0
intersection:17, mean_episode_reward:0.0, mean_queue:0.0
intersection:18, mean_episode_reward:0.0, mean_queue:0.0
intersection:19, mean_episode_reward:0.0, mean_queue:0.0
intersection:20, mean_episode_reward:0.0, mean_queue:0.0
intersection:21, mean_episode_reward:0.0, mean_queue:0.0
intersection:22, mean_episode_reward:0.0, mean_queue:0.0
intersection:23, mean_episode_reward:0.0, mean_queue:0.0
intersection:24, mean_episode_reward:0.0, mean_queue:0.0
intersection:25, mean_episode_reward:0.0, mean_queue:0.0
intersection:26, mean_episode_reward:0.0, mean_queue:0.0
intersection:27, mean_episode_reward:0.0, mean_queue:0.0
intersection:28, mean_episode_reward:0.0, mean_queue:0.0
intersection:29, mean_episode_reward:0.0, mean_queue:0.0
intersection:30, mean_episode_reward:0.0, mean_queue:0.0
intersection:31, mean_episode_reward:0.0, mean_queue:0.0
Test step:5/200, travel time :197.24536082474228, rewards:-21.121389431423612, queue:0.7121527777777777, delay:0.0408309883541531, throughput:1455
new best ATT=197.25 at episode 5 (metric=test)
step:3600/3600, q_loss:0.8113445043563843, rewards:-17.985830349392362, queue:0.6268229166666667, delay:0.038464021682739255, throughput:1454
episode:6/200, real avg travel time:189.0041265474553
intersection:0, mean_episode_reward:-1.3749998807907104, mean_queue:1.4972221851348877
intersection:1, mean_episode_reward:-1.3330554962158203, mean_queue:1.4694443941116333
intersection:2, mean_episode_reward:-1.1024993658065796, mean_queue:1.2222222089767456
intersection:3, mean_episode_reward:-0.9508331418037415, mean_queue:1.0833333730697632
intersection:4, mean_episode_reward:-1.4469438791275024, mean_queue:1.5972222089767456
intersection:5, mean_episode_reward:-1.175277829170227, mean_queue:1.288888931274414
intersection:6, mean_episode_reward:-0.9655554890632629, mean_queue:1.105555534362793
intersection:7, mean_episode_reward:-0.8586110472679138, mean_queue:0.9722222089767456
intersection:8, mean_episode_reward:-1.2633329629898071, mean_queue:1.355555534362793
intersection:9, mean_episode_reward:-1.0955549478530884, mean_queue:1.2000000476837158
intersection:10, mean_episode_reward:-1.0744439363479614, mean_queue:1.144444465637207
intersection:11, mean_episode_reward:-1.2444440126419067, mean_queue:1.399999976158142
intersection:12, mean_episode_reward:-1.039166808128357, mean_queue:1.163888931274414
intersection:13, mean_episode_reward:-1.0313891172409058, mean_queue:1.2083333730697632
intersection:14, mean_episode_reward:-1.0374996662139893, mean_queue:1.1722222566604614
intersection:15, mean_episode_reward:-0.9922221899032593, mean_queue:1.1777777671813965
intersection:16, mean_episode_reward:0.0, mean_queue:0.0
intersection:17, mean_episode_reward:0.0, mean_queue:0.0
intersection:18, mean_episode_reward:0.0, mean_queue:0.0
intersection:19, mean_episode_reward:0.0, mean_queue:0.0
intersection:20, mean_episode_reward:0.0, mean_queue:0.0
intersection:21, mean_episode_reward:0.0, mean_queue:0.0
intersection:22, mean_episode_reward:0.0, mean_queue:0.0
intersection:23, mean_episode_reward:0.0, mean_queue:0.0
intersection:24, mean_episode_reward:0.0, mean_queue:0.0
intersection:25, mean_episode_reward:0.0, mean_queue:0.0
intersection:26, mean_episode_reward:0.0, mean_queue:0.0
intersection:27, mean_episode_reward:0.0, mean_queue:0.0
intersection:28, mean_episode_reward:0.0, mean_queue:0.0
intersection:29, mean_episode_reward:0.0, mean_queue:0.0
intersection:30, mean_episode_reward:0.0, mean_queue:0.0
intersection:31, mean_episode_reward:0.0, mean_queue:0.0
Test step:6/200, travel time :177.04126547455294, rewards:-12.411665852864584, queue:0.4390625, delay:0.03037345144483778, throughput:1454
new best ATT=177.04 at episode 6 (metric=test)
step:3600/3600, q_loss:0.5841421484947205, rewards:-16.092220052083334, queue:0.5633680555555556, delay:0.035016240013970266, throughput:1451
episode:7/200, real avg travel time:184.881461061337
intersection:0, mean_episode_reward:-1.1422220468521118, mean_queue:1.2527778148651123
intersection:1, mean_episode_reward:-1.034166932106018, mean_queue:1.1416666507720947
intersection:2, mean_episode_reward:-1.3302778005599976, mean_queue:1.4555555582046509
intersection:3, mean_episode_reward:-0.9722219109535217, mean_queue:1.1083333492279053
intersection:4, mean_episode_reward:-0.9524999260902405, mean_queue:1.0750000476837158
intersection:5, mean_episode_reward:-0.8911110758781433, mean_queue:1.0027778148651123
intersection:6, mean_episode_reward:-0.9136111736297607, mean_queue:1.0166666507720947
intersection:7, mean_episode_reward:-0.7455556988716125, mean_queue:0.8722222447395325
intersection:8, mean_episode_reward:-1.157222032546997, mean_queue:1.2583333253860474
intersection:9, mean_episode_reward:-1.061666488647461, mean_queue:1.1722222566604614
intersection:10, mean_episode_reward:-0.8438885807991028, mean_queue:0.9027777910232544
intersection:11, mean_episode_reward:-1.0802775621414185, mean_queue:1.211111068725586
intersection:12, mean_episode_reward:-0.9966663718223572, mean_queue:1.1388888359069824
intersection:13, mean_episode_reward:-1.0405553579330444, mean_queue:1.2027777433395386
intersection:14, mean_episode_reward:-0.8313888311386108, mean_queue:0.9583333134651184
intersection:15, mean_episode_reward:-1.098888874053955, mean_queue:1.2583333253860474
intersection:16, mean_episode_reward:0.0, mean_queue:0.0
intersection:17, mean_episode_reward:0.0, mean_queue:0.0
intersection:18, mean_episode_reward:0.0, mean_queue:0.0
intersection:19, mean_episode_reward:0.0, mean_queue:0.0
intersection:20, mean_episode_reward:0.0, mean_queue:0.0
intersection:21, mean_episode_reward:0.0, mean_queue:0.0
intersection:22, mean_episode_reward:0.0, mean_queue:0.0
intersection:23, mean_episode_reward:0.0, mean_queue:0.0
intersection:24, mean_episode_reward:0.0, mean_queue:0.0
intersection:25, mean_episode_reward:0.0, mean_queue:0.0
intersection:26, mean_episode_reward:0.0, mean_queue:0.0
intersection:27, mean_episode_reward:0.0, mean_queue:0.0
intersection:28, mean_episode_reward:0.0, mean_queue:0.0
intersection:29, mean_episode_reward:0.0, mean_queue:0.0
intersection:30, mean_episode_reward:0.0, mean_queue:0.0
intersection:31, mean_episode_reward:0.0, mean_queue:0.0
Test step:7/200, travel time :172.7716643741403, rewards:-10.722776285807292, queue:0.3832465277777778, delay:0.027483034133911132, throughput:1454
new best ATT=172.77 at episode 7 (metric=test)
step:3600/3600, q_loss:0.6623693108558655, rewards:-13.920274522569445, queue:0.4927951388888889, delay:0.0323585483762953, throughput:1448
episode:8/200, real avg travel time:179.58839779005524
intersection:0, mean_episode_reward:-0.904999852180481, mean_queue:1.019444465637207
intersection:1, mean_episode_reward:-1.0258331298828125, mean_queue:1.1611111164093018
intersection:2, mean_episode_reward:-0.9791666865348816, mean_queue:1.0972222089767456
intersection:3, mean_episode_reward:-0.8386109471321106, mean_queue:0.9722222089767456
intersection:4, mean_episode_reward:-0.9013887047767639, mean_queue:1.0499999523162842
intersection:5, mean_episode_reward:-0.706944465637207, mean_queue:0.8055555820465088
intersection:6, mean_episode_reward:-0.8261104822158813, mean_queue:0.9222221970558167
intersection:7, mean_episode_reward:-0.7841664552688599, mean_queue:0.8805555701255798
intersection:8, mean_episode_reward:-1.0902775526046753, mean_queue:1.163888931274414
intersection:9, mean_episode_reward:-0.9499997496604919, mean_queue:1.0305556058883667
intersection:10, mean_episode_reward:-0.8055552840232849, mean_queue:0.8722222447395325
intersection:11, mean_episode_reward:-0.9074998497962952, mean_queue:1.0333333015441895
intersection:12, mean_episode_reward:-0.9424998760223389, mean_queue:1.100000023841858
intersection:13, mean_episode_reward:-0.8116665482521057, mean_queue:0.9472222328186035
intersection:14, mean_episode_reward:-0.755000114440918, mean_queue:0.875
intersection:15, mean_episode_reward:-0.6905555129051208, mean_queue:0.8388888835906982
intersection:16, mean_episode_reward:0.0, mean_queue:0.0
intersection:17, mean_episode_reward:0.0, mean_queue:0.0
intersection:18, mean_episode_reward:0.0, mean_queue:0.0
intersection:19, mean_episode_reward:0.0, mean_queue:0.0
intersection:20, mean_episode_reward:0.0, mean_queue:0.0
intersection:21, mean_episode_reward:0.0, mean_queue:0.0
intersection:22, mean_episode_reward:0.0, mean_queue:0.0
intersection:23, mean_episode_reward:0.0, mean_queue:0.0
intersection:24, mean_episode_reward:0.0, mean_queue:0.0
intersection:25, mean_episode_reward:0.0, mean_queue:0.0
intersection:26, mean_episode_reward:0.0, mean_queue:0.0
intersection:27, mean_episode_reward:0.0, mean_queue:0.0
intersection:28, mean_episode_reward:0.0, mean_queue:0.0
intersection:29, mean_episode_reward:0.0, mean_queue:0.0
intersection:30, mean_episode_reward:0.0, mean_queue:0.0
intersection:31, mean_episode_reward:0.0, mean_queue:0.0
Test step:8/200, travel time :173.3707015130674, rewards:-10.95694308810764, queue:0.3896701388888889, delay:0.027505917019314235, throughput:1454
step:3600/3600, q_loss:0.41360828280448914, rewards:-13.291666666666666, queue:0.4738715277777778, delay:0.03179258770412869, throughput:1453
episode:9/200, real avg travel time:178.54576737783896
intersection:0, mean_episode_reward:-0.8686106204986572, mean_queue:0.9638888835906982
intersection:1, mean_episode_reward:-0.8908335566520691, mean_queue:0.9916666746139526
intersection:2, mean_episode_reward:-0.9761109948158264, mean_queue:1.0777777433395386
intersection:3, mean_episode_reward:-0.8891664147377014, mean_queue:1.038888931274414
intersection:4, mean_episode_reward:-0.9511108994483948, mean_queue:1.0888888835906982
intersection:5, mean_episode_reward:-0.8705556392669678, mean_queue:0.9583333134651184
intersection:6, mean_episode_reward:-0.6725000739097595, mean_queue:0.7777777910232544
intersection:7, mean_episode_reward:-0.5136110782623291, mean_queue:0.6111111044883728
intersection:8, mean_episode_reward:-1.0977776050567627, mean_queue:1.2138888835906982
intersection:9, mean_episode_reward:-0.8377776145935059, mean_queue:0.9777777791023254
intersection:10, mean_episode_reward:-0.7905555963516235, mean_queue:0.8694444298744202
intersection:11, mean_episode_reward:-0.8158332705497742, mean_queue:0.9611111283302307
intersection:12, mean_episode_reward:-0.7733335494995117, mean_queue:0.8972222208976746
intersection:13, mean_episode_reward:-0.9424996376037598, mean_queue:1.0694444179534912
intersection:14, mean_episode_reward:-0.711944580078125, mean_queue:0.8472222089767456
intersection:15, mean_episode_reward:-0.6894445419311523, mean_queue:0.8194444179534912
intersection:16, mean_episode_reward:0.0, mean_queue:0.0
intersection:17, mean_episode_reward:0.0, mean_queue:0.0
intersection:18, mean_episode_reward:0.0, mean_queue:0.0
intersection:19, mean_episode_reward:0.0, mean_queue:0.0
intersection:20, mean_episode_reward:0.0, mean_queue:0.0
intersection:21, mean_episode_reward:0.0, mean_queue:0.0
intersection:22, mean_episode_reward:0.0, mean_queue:0.0
intersection:23, mean_episode_reward:0.0, mean_queue:0.0
intersection:24, mean_episode_reward:0.0, mean_queue:0.0
intersection:25, mean_episode_reward:0.0, mean_queue:0.0
intersection:26, mean_episode_reward:0.0, mean_queue:0.0
intersection:27, mean_episode_reward:0.0, mean_queue:0.0
intersection:28, mean_episode_reward:0.0, mean_queue:0.0
intersection:29, mean_episode_reward:0.0, mean_queue:0.0
intersection:30, mean_episode_reward:0.0, mean_queue:0.0
intersection:31, mean_episode_reward:0.0, mean_queue:0.0
Test step:9/200, travel time :170.99931271477664, rewards:-10.085277642144097, queue:0.36354166666666665, delay:0.025675990846421984, throughput:1455
new best ATT=171.00 at episode 9 (metric=test)
step:3600/3600, q_loss:0.4483027160167694, rewards:-12.42499728732639, queue:0.4473958333333333, delay:0.0295471986134847, throughput:1453
episode:10/200, real avg travel time:176.3324156916724
intersection:0, mean_episode_reward:-0.8747217059135437, mean_queue:0.9833333492279053
intersection:1, mean_episode_reward:-0.8411111831665039, mean_queue:0.9527778029441833
intersection:2, mean_episode_reward:-0.911388635635376, mean_queue:1.0166666507720947
intersection:3, mean_episode_reward:-0.6627777218818665, mean_queue:0.8111110925674438
intersection:4, mean_episode_reward:-0.9211111068725586, mean_queue:1.0416666269302368
intersection:5, mean_episode_reward:-0.6613887548446655, mean_queue:0.7555555701255798
intersection:6, mean_episode_reward:-0.6819446682929993, mean_queue:0.7972221970558167
intersection:7, mean_episode_reward:-0.4519445598125458, mean_queue:0.5611110925674438
intersection:8, mean_episode_reward:-0.9722223281860352, mean_queue:1.0750000476837158
intersection:9, mean_episode_reward:-0.8855552673339844, mean_queue:0.9861111044883728
intersection:10, mean_episode_reward:-0.7491664290428162, mean_queue:0.8361111283302307
intersection:11, mean_episode_reward:-0.7941663265228271, mean_queue:0.9138888716697693
intersection:12, mean_episode_reward:-0.8238886594772339, mean_queue:0.9555555582046509
intersection:13, mean_episode_reward:-0.8019443154335022, mean_queue:0.9361110925674438
intersection:14, mean_episode_reward:-0.728611171245575, mean_queue:0.8666666746139526
intersection:15, mean_episode_reward:-0.6630555391311646, mean_queue:0.8277778029441833
intersection:16, mean_episode_reward:0.0, mean_queue:0.0
intersection:17, mean_episode_reward:0.0, mean_queue:0.0
intersection:18, mean_episode_reward:0.0, mean_queue:0.0
intersection:19, mean_episode_reward:0.0, mean_queue:0.0
intersection:20, mean_episode_reward:0.0, mean_queue:0.0
intersection:21, mean_episode_reward:0.0, mean_queue:0.0
intersection:22, mean_episode_reward:0.0, mean_queue:0.0
intersection:23, mean_episode_reward:0.0, mean_queue:0.0
intersection:24, mean_episode_reward:0.0, mean_queue:0.0
intersection:25, mean_episode_reward:0.0, mean_queue:0.0
intersection:26, mean_episode_reward:0.0, mean_queue:0.0
intersection:27, mean_episode_reward:0.0, mean_queue:0.0
intersection:28, mean_episode_reward:0.0, mean_queue:0.0
intersection:29, mean_episode_reward:0.0, mean_queue:0.0
intersection:30, mean_episode_reward:0.0, mean_queue:0.0
intersection:31, mean_episode_reward:0.0, mean_queue:0.0
Test step:10/200, travel time :171.6, rewards:-10.168610975477431, queue:0.3653645833333333, delay:0.026298183865017363, throughput:1455
step:3600/3600, q_loss:0.3468403220176697, rewards:-11.426944986979167, queue:0.4126736111111111, delay:0.028423947758144802, throughput:1456
episode:11/200, real avg travel time:174.63392857142858
intersection:0, mean_episode_reward:-0.752500057220459, mean_queue:0.8638888597488403
intersection:1, mean_episode_reward:-0.8561109900474548, mean_queue:0.9694444537162781
intersection:2, mean_episode_reward:-0.8219444155693054, mean_queue:0.9222221970558167
intersection:3, mean_episode_reward:-0.6983332633972168, mean_queue:0.8083333373069763
intersection:4, mean_episode_reward:-0.7413887977600098, mean_queue:0.8666666746139526
intersection:5, mean_episode_reward:-0.6313888430595398, mean_queue:0.7194444537162781
intersection:6, mean_episode_reward:-0.5652778744697571, mean_queue:0.6666666865348816
intersection:7, mean_episode_reward:-0.441944420337677, mean_queue:0.5472221970558167
intersection:8, mean_episode_reward:-0.8730555772781372, mean_queue:0.9666666388511658
intersection:9, mean_episode_reward:-0.8211108446121216, mean_queue:0.9305555820465088
intersection:10, mean_episode_reward:-0.6899999380111694, mean_queue:0.7777777910232544
intersection:11, mean_episode_reward:-0.6763887405395508, mean_queue:0.7916666865348816
intersection:12, mean_episode_reward:-0.9041664004325867, mean_queue:1.019444465637207
intersection:13, mean_episode_reward:-0.7272225022315979, mean_queue:0.8666666746139526
intersection:14, mean_episode_reward:-0.618055522441864, mean_queue:0.7083333134651184
intersection:15, mean_episode_reward:-0.608055591583252, mean_queue:0.7805555462837219
intersection:16, mean_episode_reward:0.0, mean_queue:0.0
intersection:17, mean_episode_reward:0.0, mean_queue:0.0
intersection:18, mean_episode_reward:0.0, mean_queue:0.0
intersection:19, mean_episode_reward:0.0, mean_queue:0.0
intersection:20, mean_episode_reward:0.0, mean_queue:0.0
intersection:21, mean_episode_reward:0.0, mean_queue:0.0
intersection:22, mean_episode_reward:0.0, mean_queue:0.0
intersection:23, mean_episode_reward:0.0, mean_queue:0.0
intersection:24, mean_episode_reward:0.0, mean_queue:0.0
intersection:25, mean_episode_reward:0.0, mean_queue:0.0
intersection:26, mean_episode_reward:0.0, mean_queue:0.0
intersection:27, mean_episode_reward:0.0, mean_queue:0.0
intersection:28, mean_episode_reward:0.0, mean_queue:0.0
intersection:29, mean_episode_reward:0.0, mean_queue:0.0
intersection:30, mean_episode_reward:0.0, mean_queue:0.0
intersection:31, mean_episode_reward:0.0, mean_queue:0.0
Test step:11/200, travel time :171.26428079834824, rewards:-10.10111083984375, queue:0.3636284722222222, delay:0.02603401607937283, throughput:1453
step:3600/3600, q_loss:0.37758639454841614, rewards:-11.0272216796875, queue:0.39991319444444445, delay:0.027900653415256077, throughput:1452
episode:12/200, real avg travel time:173.61157024793388
intersection:0, mean_episode_reward:-0.7802776098251343, mean_queue:0.8861111402511597
intersection:1, mean_episode_reward:-0.7930554747581482, mean_queue:0.9222221970558167
intersection:2, mean_episode_reward:-0.7630555629730225, mean_queue:0.8833333253860474
intersection:3, mean_episode_reward:-0.6380554437637329, mean_queue:0.7444444298744202
intersection:4, mean_episode_reward:-0.7227777242660522, mean_queue:0.8305555582046509
intersection:5, mean_episode_reward:-0.6650000214576721, mean_queue:0.75
intersection:6, mean_episode_reward:-0.5769443511962891, mean_queue:0.644444465637207
intersection:7, mean_episode_reward:-0.4647223651409149, mean_queue:0.5694444179534912
intersection:8, mean_episode_reward:-0.816666841506958, mean_queue:0.9194444417953491
intersection:9, mean_episode_reward:-0.839722216129303, mean_queue:0.9444444179534912
intersection:10, mean_episode_reward:-0.6608332395553589, mean_queue:0.7333333492279053
intersection:11, mean_episode_reward:-0.7547220587730408, mean_queue:0.8722222447395325
intersection:12, mean_episode_reward:-0.7525001764297485, mean_queue:0.8777777552604675
intersection:13, mean_episode_reward:-0.5969445109367371, mean_queue:0.7444444298744202
intersection:14, mean_episode_reward:-0.5961110591888428, mean_queue:0.699999988079071
intersection:15, mean_episode_reward:-0.6058332920074463, mean_queue:0.7749999761581421
intersection:16, mean_episode_reward:0.0, mean_queue:0.0
intersection:17, mean_episode_reward:0.0, mean_queue:0.0
intersection:18, mean_episode_reward:0.0, mean_queue:0.0
intersection:19, mean_episode_reward:0.0, mean_queue:0.0
intersection:20, mean_episode_reward:0.0, mean_queue:0.0
intersection:21, mean_episode_reward:0.0, mean_queue:0.0
intersection:22, mean_episode_reward:0.0, mean_queue:0.0
intersection:23, mean_episode_reward:0.0, mean_queue:0.0
intersection:24, mean_episode_reward:0.0, mean_queue:0.0
intersection:25, mean_episode_reward:0.0, mean_queue:0.0
intersection:26, mean_episode_reward:0.0, mean_queue:0.0
intersection:27, mean_episode_reward:0.0, mean_queue:0.0
intersection:28, mean_episode_reward:0.0, mean_queue:0.0
intersection:29, mean_episode_reward:0.0, mean_queue:0.0
intersection:30, mean_episode_reward:0.0, mean_queue:0.0
intersection:31, mean_episode_reward:0.0, mean_queue:0.0
Test step:12/200, travel time :170.66163349347974, rewards:-9.774721950954861, queue:0.35303819444444445, delay:0.0252514918645223, throughput:1457
step:3600/3600, q_loss:0.3454338312149048, rewards:-10.959164767795139, queue:0.39479166666666665, delay:0.02773416837056478, throughput:1453
episode:13/200, real avg travel time:173.4225739848589
intersection:0, mean_episode_reward:-0.7855552434921265, mean_queue:0.8777777552604675
intersection:1, mean_episode_reward:-0.7958329319953918, mean_queue:0.9166666865348816
intersection:2, mean_episode_reward:-0.8638886213302612, mean_queue:1.0027778148651123
intersection:3, mean_episode_reward:-0.6288888454437256, mean_queue:0.730555534362793
intersection:4, mean_episode_reward:-0.7497221827507019, mean_queue:0.8444444537162781
intersection:5, mean_episode_reward:-0.6405555009841919, mean_queue:0.7361111044883728
intersection:6, mean_episode_reward:-0.5972221493721008, mean_queue:0.675000011920929
intersection:7, mean_episode_reward:-0.4238888919353485, mean_queue:0.5222222208976746
intersection:8, mean_episode_reward:-0.7922220826148987, mean_queue:0.8916666507720947
intersection:9, mean_episode_reward:-0.7450000047683716, mean_queue:0.8333333134651184
intersection:10, mean_episode_reward:-0.6036110520362854, mean_queue:0.6694444417953491
intersection:11, mean_episode_reward:-0.6441664099693298, mean_queue:0.7722222208976746
intersection:12, mean_episode_reward:-0.7477775812149048, mean_queue:0.8500000238418579
intersection:13, mean_episode_reward:-0.7391664981842041, mean_queue:0.8805555701255798
intersection:14, mean_episode_reward:-0.6311110854148865, mean_queue:0.730555534362793
intersection:15, mean_episode_reward:-0.570555567741394, mean_queue:0.699999988079071
intersection:16, mean_episode_reward:0.0, mean_queue:0.0
intersection:17, mean_episode_reward:0.0, mean_queue:0.0
intersection:18, mean_episode_reward:0.0, mean_queue:0.0
intersection:19, mean_episode_reward:0.0, mean_queue:0.0
intersection:20, mean_episode_reward:0.0, mean_queue:0.0
intersection:21, mean_episode_reward:0.0, mean_queue:0.0
intersection:22, mean_episode_reward:0.0, mean_queue:0.0
intersection:23, mean_episode_reward:0.0, mean_queue:0.0
intersection:24, mean_episode_reward:0.0, mean_queue:0.0
intersection:25, mean_episode_reward:0.0, mean_queue:0.0
intersection:26, mean_episode_reward:0.0, mean_queue:0.0
intersection:27, mean_episode_reward:0.0, mean_queue:0.0
intersection:28, mean_episode_reward:0.0, mean_queue:0.0
intersection:29, mean_episode_reward:0.0, mean_queue:0.0
intersection:30, mean_episode_reward:0.0, mean_queue:0.0
intersection:31, mean_episode_reward:0.0, mean_queue:0.0
Test step:13/200, travel time :170.68569463548832, rewards:-9.591665988498264, queue:0.3482638888888889, delay:0.025510289933946398, throughput:1454
step:3600/3600, q_loss:0.35087335109710693, rewards:-10.327500406901041, queue:0.3745659722222222, delay:0.02599804136488173, throughput:1454
episode:14/200, real avg travel time:171.67469050894084
intersection:0, mean_episode_reward:-0.7430554032325745, mean_queue:0.8305555582046509
intersection:1, mean_episode_reward:-0.8080556392669678, mean_queue:0.9277777671813965
intersection:2, mean_episode_reward:-0.7341666221618652, mean_queue:0.8388888835906982
intersection:3, mean_episode_reward:-0.6305555701255798, mean_queue:0.7749999761581421
intersection:4, mean_episode_reward:-0.6044444441795349, mean_queue:0.6972222328186035
intersection:5, mean_episode_reward:-0.5927776098251343, mean_queue:0.675000011920929
intersection:6, mean_episode_reward:-0.5550001263618469, mean_queue:0.6277777552604675
intersection:7, mean_episode_reward:-0.4041667580604553, mean_queue:0.5111111402511597
intersection:8, mean_episode_reward:-0.7583333253860474, mean_queue:0.8583333492279053
intersection:9, mean_episode_reward:-0.6688889861106873, mean_queue:0.7388888597488403
intersection:10, mean_episode_reward:-0.6411111354827881, mean_queue:0.7027778029441833
intersection:11, mean_episode_reward:-0.6255555748939514, mean_queue:0.7277777791023254
intersection:12, mean_episode_reward:-0.6544443964958191, mean_queue:0.7666666507720947
intersection:13, mean_episode_reward:-0.7391666769981384, mean_queue:0.8666666746139526
intersection:14, mean_episode_reward:-0.5749999284744263, mean_queue:0.6861110925674438
intersection:15, mean_episode_reward:-0.5927779078483582, mean_queue:0.7555555701255798
intersection:16, mean_episode_reward:0.0, mean_queue:0.0
intersection:17, mean_episode_reward:0.0, mean_queue:0.0
intersection:18, mean_episode_reward:0.0, mean_queue:0.0
intersection:19, mean_episode_reward:0.0, mean_queue:0.0
intersection:20, mean_episode_reward:0.0, mean_queue:0.0
intersection:21, mean_episode_reward:0.0, mean_queue:0.0
intersection:22, mean_episode_reward:0.0, mean_queue:0.0
intersection:23, mean_episode_reward:0.0, mean_queue:0.0
intersection:24, mean_episode_reward:0.0, mean_queue:0.0
intersection:25, mean_episode_reward:0.0, mean_queue:0.0
intersection:26, mean_episode_reward:0.0, mean_queue:0.0
intersection:27, mean_episode_reward:0.0, mean_queue:0.0
intersection:28, mean_episode_reward:0.0, mean_queue:0.0
intersection:29, mean_episode_reward:0.0, mean_queue:0.0
intersection:30, mean_episode_reward:0.0, mean_queue:0.0
intersection:31, mean_episode_reward:0.0, mean_queue:0.0
Test step:14/200, travel time :170.55922865013775, rewards:-9.602499728732639, queue:0.34817708333333336, delay:0.025658946567111544, throughput:1452
step:3600/3600, q_loss:0.3558287024497986, rewards:-10.360833062065971, queue:0.3736111111111111, delay:0.025883014996846518, throughput:1454
episode:15/200, real avg travel time:171.7503438789546
intersection:0, mean_episode_reward:-0.6761109828948975, mean_queue:0.75
intersection:1, mean_episode_reward:-0.7249999046325684, mean_queue:0.8305555582046509
intersection:2, mean_episode_reward:-0.8072222471237183, mean_queue:0.9416666626930237
intersection:3, mean_episode_reward:-0.646111011505127, mean_queue:0.7527777552604675
intersection:4, mean_episode_reward:-0.6494444012641907, mean_queue:0.75
intersection:5, mean_episode_reward:-0.6508333683013916, mean_queue:0.7388888597488403
intersection:6, mean_episode_reward:-0.5600000023841858, mean_queue:0.644444465637207
intersection:7, mean_episode_reward:-0.5299999713897705, mean_queue:0.6305555701255798
intersection:8, mean_episode_reward:-0.7691667079925537, mean_queue:0.8444444537162781
intersection:9, mean_episode_reward:-0.6772222518920898, mean_queue:0.7666666507720947
intersection:10, mean_episode_reward:-0.6580554246902466, mean_queue:0.7083333134651184
intersection:11, mean_episode_reward:-0.6863889098167419, mean_queue:0.7861111164093018
intersection:12, mean_episode_reward:-0.7100000381469727, mean_queue:0.8277778029441833
intersection:13, mean_episode_reward:-0.6950000524520874, mean_queue:0.8416666388511658
intersection:14, mean_episode_reward:-0.4652777910232544, mean_queue:0.5583333373069763
intersection:15, mean_episode_reward:-0.4549999535083771, mean_queue:0.5833333134651184
intersection:16, mean_episode_reward:0.0, mean_queue:0.0
intersection:17, mean_episode_reward:0.0, mean_queue:0.0
intersection:18, mean_episode_reward:0.0, mean_queue:0.0
intersection:19, mean_episode_reward:0.0, mean_queue:0.0
intersection:20, mean_episode_reward:0.0, mean_queue:0.0
intersection:21, mean_episode_reward:0.0, mean_queue:0.0
intersection:22, mean_episode_reward:0.0, mean_queue:0.0
intersection:23, mean_episode_reward:0.0, mean_queue:0.0
intersection:24, mean_episode_reward:0.0, mean_queue:0.0
intersection:25, mean_episode_reward:0.0, mean_queue:0.0
intersection:26, mean_episode_reward:0.0, mean_queue:0.0
intersection:27, mean_episode_reward:0.0, mean_queue:0.0
intersection:28, mean_episode_reward:0.0, mean_queue:0.0
intersection:29, mean_episode_reward:0.0, mean_queue:0.0
intersection:30, mean_episode_reward:0.0, mean_queue:0.0
intersection:31, mean_episode_reward:0.0, mean_queue:0.0
Test step:15/200, travel time :170.87276478679505, rewards:-9.675555419921874, queue:0.3494791666666667, delay:0.02557616498735216, throughput:1454
step:3600/3600, q_loss:0.3256848156452179, rewards:-10.123055013020833, queue:0.36640625, delay:0.025958098305596245, throughput:1454
episode:16/200, real avg travel time:171.41609353507565
intersection:0, mean_episode_reward:-0.7049999833106995, mean_queue:0.800000011920929
intersection:1, mean_episode_reward:-0.6424999833106995, mean_queue:0.7333333492279053
intersection:2, mean_episode_reward:-0.8013889789581299, mean_queue:0.9083333611488342
intersection:3, mean_episode_reward:-0.6786109805107117, mean_queue:0.7805555462837219
intersection:4, mean_episode_reward:-0.65583336353302, mean_queue:0.769444465637207
intersection:5, mean_episode_reward:-0.4988888204097748, mean_queue:0.5944444537162781
intersection:6, mean_episode_reward:-0.5780555009841919, mean_queue:0.6472222208976746
intersection:7, mean_episode_reward:-0.4352777600288391, mean_queue:0.5277777910232544
intersection:8, mean_episode_reward:-0.7141664028167725, mean_queue:0.7972221970558167
intersection:9, mean_episode_reward:-0.7441666722297668, mean_queue:0.8333333134651184
intersection:10, mean_episode_reward:-0.6466665863990784, mean_queue:0.7027778029441833
intersection:11, mean_episode_reward:-0.6725000739097595, mean_queue:0.7833333611488342
intersection:12, mean_episode_reward:-0.6750000715255737, mean_queue:0.8055555820465088
intersection:13, mean_episode_reward:-0.6986111402511597, mean_queue:0.824999988079071
intersection:14, mean_episode_reward:-0.4386109709739685, mean_queue:0.5361111164093018
intersection:15, mean_episode_reward:-0.5377777814865112, mean_queue:0.6805555820465088
intersection:16, mean_episode_reward:0.0, mean_queue:0.0
intersection:17, mean_episode_reward:0.0, mean_queue:0.0
intersection:18, mean_episode_reward:0.0, mean_queue:0.0
intersection:19, mean_episode_reward:0.0, mean_queue:0.0
intersection:20, mean_episode_reward:0.0, mean_queue:0.0
intersection:21, mean_episode_reward:0.0, mean_queue:0.0
intersection:22, mean_episode_reward:0.0, mean_queue:0.0
intersection:23, mean_episode_reward:0.0, mean_queue:0.0
intersection:24, mean_episode_reward:0.0, mean_queue:0.0
intersection:25, mean_episode_reward:0.0, mean_queue:0.0
intersection:26, mean_episode_reward:0.0, mean_queue:0.0
intersection:27, mean_episode_reward:0.0, mean_queue:0.0
intersection:28, mean_episode_reward:0.0, mean_queue:0.0
intersection:29, mean_episode_reward:0.0, mean_queue:0.0
intersection:30, mean_episode_reward:0.0, mean_queue:0.0
intersection:31, mean_episode_reward:0.0, mean_queue:0.0
Test step:16/200, travel time :170.92302405498282, rewards:-9.7397216796875, queue:0.35225694444444444, delay:0.02544857660929362, throughput:1455
step:3600/3600, q_loss:0.3801236152648926, rewards:-9.811110432942709, queue:0.35616319444444444, delay:0.025220963690016005, throughput:1454
episode:17/200, real avg travel time:171.0467675378267
intersection:0, mean_episode_reward:-0.5794443488121033, mean_queue:0.6527777910232544
intersection:1, mean_episode_reward:-0.6141665577888489, mean_queue:0.7194444537162781
intersection:2, mean_episode_reward:-0.7269443869590759, mean_queue:0.8222222328186035
intersection:3, mean_episode_reward:-0.6180554032325745, mean_queue:0.7333333492279053
intersection:4, mean_episode_reward:-0.6752776503562927, mean_queue:0.7722222208976746
intersection:5, mean_episode_reward:-0.6924999356269836, mean_queue:0.7805555462837219
intersection:6, mean_episode_reward:-0.5469444990158081, mean_queue:0.6277777552604675
intersection:7, mean_episode_reward:-0.4036112129688263, mean_queue:0.4972222149372101
intersection:8, mean_episode_reward:-0.6561112403869629, mean_queue:0.75
intersection:9, mean_episode_reward:-0.6522222757339478, mean_queue:0.7444444298744202
intersection:10, mean_episode_reward:-0.5658332109451294, mean_queue:0.6222222447395325
intersection:11, mean_episode_reward:-0.6358332633972168, mean_queue:0.7333333492279053
intersection:12, mean_episode_reward:-0.6047223806381226, mean_queue:0.7194444537162781
intersection:13, mean_episode_reward:-0.7072222232818604, mean_queue:0.8472222089767456
intersection:14, mean_episode_reward:-0.5358332395553589, mean_queue:0.6333333253860474
intersection:15, mean_episode_reward:-0.5963889360427856, mean_queue:0.7416666746139526
intersection:16, mean_episode_reward:0.0, mean_queue:0.0
intersection:17, mean_episode_reward:0.0, mean_queue:0.0
intersection:18, mean_episode_reward:0.0, mean_queue:0.0
intersection:19, mean_episode_reward:0.0, mean_queue:0.0
intersection:20, mean_episode_reward:0.0, mean_queue:0.0
intersection:21, mean_episode_reward:0.0, mean_queue:0.0
intersection:22, mean_episode_reward:0.0, mean_queue:0.0
intersection:23, mean_episode_reward:0.0, mean_queue:0.0
intersection:24, mean_episode_reward:0.0, mean_queue:0.0
intersection:25, mean_episode_reward:0.0, mean_queue:0.0
intersection:26, mean_episode_reward:0.0, mean_queue:0.0
intersection:27, mean_episode_reward:0.0, mean_queue:0.0
intersection:28, mean_episode_reward:0.0, mean_queue:0.0
intersection:29, mean_episode_reward:0.0, mean_queue:0.0
intersection:30, mean_episode_reward:0.0, mean_queue:0.0
intersection:31, mean_episode_reward:0.0, mean_queue:0.0
Test step:17/200, travel time :170.53544390915349, rewards:-9.553889295789931, queue:0.34565972222222224, delay:0.024897135628594292, throughput:1453
step:3600/3600, q_loss:0.36213305592536926, rewards:-9.678055826822916, queue:0.35182291666666665, delay:0.02538492414686415, throughput:1454
episode:18/200, real avg travel time:170.94704264099036
intersection:0, mean_episode_reward:-0.6883332133293152, mean_queue:0.7638888955116272
intersection:1, mean_episode_reward:-0.6644443869590759, mean_queue:0.7833333611488342
intersection:2, mean_episode_reward:-0.7258334755897522, mean_queue:0.824999988079071
intersection:3, mean_episode_reward:-0.5277777314186096, mean_queue:0.6472222208976746
intersection:4, mean_episode_reward:-0.6583331823348999, mean_queue:0.7666666507720947
intersection:5, mean_episode_reward:-0.5086111426353455, mean_queue:0.5888888835906982
intersection:6, mean_episode_reward:-0.4186111092567444, mean_queue:0.4861111044883728
intersection:7, mean_episode_reward:-0.35916668176651, mean_queue:0.4583333432674408
intersection:8, mean_episode_reward:-0.8094444274902344, mean_queue:0.9111111164093018
intersection:9, mean_episode_reward:-0.7547222375869751, mean_queue:0.8277778029441833
intersection:10, mean_episode_reward:-0.5500000715255737, mean_queue:0.6333333253860474
intersection:11, mean_episode_reward:-0.5749999284744263, mean_queue:0.6888889074325562
intersection:12, mean_episode_reward:-0.7036111354827881, mean_queue:0.8083333373069763
intersection:13, mean_episode_reward:-0.7288888692855835, mean_queue:0.8638888597488403
intersection:14, mean_episode_reward:-0.5047222375869751, mean_queue:0.5861111283302307
intersection:15, mean_episode_reward:-0.5005553960800171, mean_queue:0.6194444298744202
intersection:16, mean_episode_reward:0.0, mean_queue:0.0
intersection:17, mean_episode_reward:0.0, mean_queue:0.0
intersection:18, mean_episode_reward:0.0, mean_queue:0.0
intersection:19, mean_episode_reward:0.0, mean_queue:0.0
intersection:20, mean_episode_reward:0.0, mean_queue:0.0
intersection:21, mean_episode_reward:0.0, mean_queue:0.0
intersection:22, mean_episode_reward:0.0, mean_queue:0.0
intersection:23, mean_episode_reward:0.0, mean_queue:0.0
intersection:24, mean_episode_reward:0.0, mean_queue:0.0
intersection:25, mean_episode_reward:0.0, mean_queue:0.0
intersection:26, mean_episode_reward:0.0, mean_queue:0.0
intersection:27, mean_episode_reward:0.0, mean_queue:0.0
intersection:28, mean_episode_reward:0.0, mean_queue:0.0
intersection:29, mean_episode_reward:0.0, mean_queue:0.0
intersection:30, mean_episode_reward:0.0, mean_queue:0.0
intersection:31, mean_episode_reward:0.0, mean_queue:0.0
Test step:18/200, travel time :171.1408934707904, rewards:-9.742222764756944, queue:0.35130208333333335, delay:0.02529507213168674, throughput:1455
step:3600/3600, q_loss:0.29997625946998596, rewards:-9.989166937934028, queue:0.3628472222222222, delay:0.025494090716044106, throughput:1455
episode:19/200, real avg travel time:171.45910652920963
intersection:0, mean_episode_reward:-0.6844444274902344, mean_queue:0.769444465637207
intersection:1, mean_episode_reward:-0.7847222089767456, mean_queue:0.8888888955116272
intersection:2, mean_episode_reward:-0.70250004529953, mean_queue:0.7972221970558167
intersection:3, mean_episode_reward:-0.6497220993041992, mean_queue:0.7805555462837219
intersection:4, mean_episode_reward:-0.7022221684455872, mean_queue:0.8333333134651184
intersection:5, mean_episode_reward:-0.6161110401153564, mean_queue:0.6972222328186035
intersection:6, mean_episode_reward:-0.5350001454353333, mean_queue:0.6305555701255798
intersection:7, mean_episode_reward:-0.3586110770702362, mean_queue:0.4333333373069763
intersection:8, mean_episode_reward:-0.8011109828948975, mean_queue:0.8833333253860474
intersection:9, mean_episode_reward:-0.7899999022483826, mean_queue:0.8833333253860474
intersection:10, mean_episode_reward:-0.5313887000083923, mean_queue:0.5861111283302307
intersection:11, mean_episode_reward:-0.5497222542762756, mean_queue:0.6527777910232544
intersection:12, mean_episode_reward:-0.6697222590446472, mean_queue:0.7805555462837219
intersection:13, mean_episode_reward:-0.7141667604446411, mean_queue:0.855555534362793
intersection:14, mean_episode_reward:-0.4580555260181427, mean_queue:0.550000011920929
intersection:15, mean_episode_reward:-0.44166678190231323, mean_queue:0.5888888835906982
intersection:16, mean_episode_reward:0.0, mean_queue:0.0
intersection:17, mean_episode_reward:0.0, mean_queue:0.0
intersection:18, mean_episode_reward:0.0, mean_queue:0.0
intersection:19, mean_episode_reward:0.0, mean_queue:0.0
intersection:20, mean_episode_reward:0.0, mean_queue:0.0
intersection:21, mean_episode_reward:0.0, mean_queue:0.0
intersection:22, mean_episode_reward:0.0, mean_queue:0.0
intersection:23, mean_episode_reward:0.0, mean_queue:0.0
intersection:24, mean_episode_reward:0.0, mean_queue:0.0
intersection:25, mean_episode_reward:0.0, mean_queue:0.0
intersection:26, mean_episode_reward:0.0, mean_queue:0.0
intersection:27, mean_episode_reward:0.0, mean_queue:0.0
intersection:28, mean_episode_reward:0.0, mean_queue:0.0
intersection:29, mean_episode_reward:0.0, mean_queue:0.0
intersection:30, mean_episode_reward:0.0, mean_queue:0.0
intersection:31, mean_episode_reward:0.0, mean_queue:0.0
Test step:19/200, travel time :170.92852233676976, rewards:-9.5227783203125, queue:0.3464409722222222, delay:0.025437132517496745, throughput:1455
step:3600/3600, q_loss:0.28489285707473755, rewards:-9.609444173177083, queue:0.3494791666666667, delay:0.025090667936537, throughput:1453
episode:20/200, real avg travel time:170.74535443909153
intersection:0, mean_episode_reward:-0.6130556464195251, mean_queue:0.7055555582046509
intersection:1, mean_episode_reward:-0.6730555891990662, mean_queue:0.7805555462837219
intersection:2, mean_episode_reward:-0.7027778029441833, mean_queue:0.8027777671813965
intersection:3, mean_episode_reward:-0.59333336353302, mean_queue:0.6972222328186035
intersection:4, mean_episode_reward:-0.637499988079071, mean_queue:0.7611111402511597
intersection:5, mean_episode_reward:-0.603611171245575, mean_queue:0.675000011920929
intersection:6, mean_episode_reward:-0.4961112141609192, mean_queue:0.5944444537162781
intersection:7, mean_episode_reward:-0.3819444477558136, mean_queue:0.4611110985279083
intersection:8, mean_episode_reward:-0.8005553483963013, mean_queue:0.8972222208976746
intersection:9, mean_episode_reward:-0.7111110687255859, mean_queue:0.8111110925674438
intersection:10, mean_episode_reward:-0.5469442009925842, mean_queue:0.6000000238418579
intersection:11, mean_episode_reward:-0.5561110973358154, mean_queue:0.6638888716697693
intersection:12, mean_episode_reward:-0.605555534362793, mean_queue:0.7027778029441833
intersection:13, mean_episode_reward:-0.6322221755981445, mean_queue:0.7722222208976746
intersection:14, mean_episode_reward:-0.4547223448753357, mean_queue:0.5361111164093018
intersection:15, mean_episode_reward:-0.6008332967758179, mean_queue:0.7222222089767456
intersection:16, mean_episode_reward:0.0, mean_queue:0.0
intersection:17, mean_episode_reward:0.0, mean_queue:0.0
intersection:18, mean_episode_reward:0.0, mean_queue:0.0
intersection:19, mean_episode_reward:0.0, mean_queue:0.0
intersection:20, mean_episode_reward:0.0, mean_queue:0.0
intersection:21, mean_episode_reward:0.0, mean_queue:0.0
intersection:22, mean_episode_reward:0.0, mean_queue:0.0
intersection:23, mean_episode_reward:0.0, mean_queue:0.0
intersection:24, mean_episode_reward:0.0, mean_queue:0.0
intersection:25, mean_episode_reward:0.0, mean_queue:0.0
intersection:26, mean_episode_reward:0.0, mean_queue:0.0
intersection:27, mean_episode_reward:0.0, mean_queue:0.0
intersection:28, mean_episode_reward:0.0, mean_queue:0.0
intersection:29, mean_episode_reward:0.0, mean_queue:0.0
intersection:30, mean_episode_reward:0.0, mean_queue:0.0
intersection:31, mean_episode_reward:0.0, mean_queue:0.0
Test step:20/200, travel time :172.46497252747253, rewards:-10.39611070421007, queue:0.37161458333333336, delay:0.025612285402086047, throughput:1456
step:3600/3600, q_loss:0.3166176974773407, rewards:-10.108333333333333, queue:0.3654513888888889, delay:0.02556320826212565, throughput:1454
episode:21/200, real avg travel time:171.6251719394773
intersection:0, mean_episode_reward:-0.6563888192176819, mean_queue:0.7333333492279053
intersection:1, mean_episode_reward:-0.7274998426437378, mean_queue:0.8138889074325562
intersection:2, mean_episode_reward:-0.728055477142334, mean_queue:0.8361111283302307
intersection:3, mean_episode_reward:-0.5847222208976746, mean_queue:0.699999988079071
intersection:4, mean_episode_reward:-0.8994444012641907, mean_queue:1.0222222805023193
intersection:5, mean_episode_reward:-0.6088889837265015, mean_queue:0.6888889074325562
intersection:6, mean_episode_reward:-0.5033333897590637, mean_queue:0.605555534362793
intersection:7, mean_episode_reward:-0.3744444251060486, mean_queue:0.46666666865348816
intersection:8, mean_episode_reward:-0.8000000715255737, mean_queue:0.8833333253860474
intersection:9, mean_episode_reward:-0.7002779245376587, mean_queue:0.7777777910232544
intersection:10, mean_episode_reward:-0.6016666889190674, mean_queue:0.6527777910232544
intersection:11, mean_episode_reward:-0.6675000190734863, mean_queue:0.7944444417953491
intersection:12, mean_episode_reward:-0.6466667056083679, mean_queue:0.7583333253860474
intersection:13, mean_episode_reward:-0.6163888573646545, mean_queue:0.7527777552604675
intersection:14, mean_episode_reward:-0.4388888478279114, mean_queue:0.5333333611488342
intersection:15, mean_episode_reward:-0.5541667342185974, mean_queue:0.675000011920929
intersection:16, mean_episode_reward:0.0, mean_queue:0.0
intersection:17, mean_episode_reward:0.0, mean_queue:0.0
intersection:18, mean_episode_reward:0.0, mean_queue:0.0
intersection:19, mean_episode_reward:0.0, mean_queue:0.0
intersection:20, mean_episode_reward:0.0, mean_queue:0.0
intersection:21, mean_episode_reward:0.0, mean_queue:0.0
intersection:22, mean_episode_reward:0.0, mean_queue:0.0
intersection:23, mean_episode_reward:0.0, mean_queue:0.0
intersection:24, mean_episode_reward:0.0, mean_queue:0.0
intersection:25, mean_episode_reward:0.0, mean_queue:0.0
intersection:26, mean_episode_reward:0.0, mean_queue:0.0
intersection:27, mean_episode_reward:0.0, mean_queue:0.0
intersection:28, mean_episode_reward:0.0, mean_queue:0.0
intersection:29, mean_episode_reward:0.0, mean_queue:0.0
intersection:30, mean_episode_reward:0.0, mean_queue:0.0
intersection:31, mean_episode_reward:0.0, mean_queue:0.0
Test step:21/200, travel time :170.15818431911967, rewards:-9.32222154405382, queue:0.3373263888888889, delay:0.024854983223809135, throughput:1454
step:3600/3600, q_loss:0.32548436522483826, rewards:-9.507221137152778, queue:0.3450520833333333, delay:0.024509019321865506, throughput:1457
episode:22/200, real avg travel time:170.48455730954015
intersection:0, mean_episode_reward:-0.6644443869590759, mean_queue:0.7472222447395325
intersection:1, mean_episode_reward:-0.6677777171134949, mean_queue:0.769444465637207
intersection:2, mean_episode_reward:-0.7336111068725586, mean_queue:0.824999988079071
intersection:3, mean_episode_reward:-0.5933332443237305, mean_queue:0.7166666388511658
intersection:4, mean_episode_reward:-0.7055555582046509, mean_queue:0.8444444537162781
intersection:5, mean_episode_reward:-0.4450000822544098, mean_queue:0.5305555462837219
intersection:6, mean_episode_reward:-0.46222224831581116, mean_queue:0.519444465637207
intersection:7, mean_episode_reward:-0.3505555987358093, mean_queue:0.43611112236976624
intersection:8, mean_episode_reward:-0.7627776861190796, mean_queue:0.855555534362793
intersection:9, mean_episode_reward:-0.643333375453949, mean_queue:0.7083333134651184
intersection:10, mean_episode_reward:-0.583888828754425, mean_queue:0.6305555701255798
intersection:11, mean_episode_reward:-0.6661109924316406, mean_queue:0.7722222208976746
intersection:12, mean_episode_reward:-0.7569445371627808, mean_queue:0.8722222447395325
intersection:13, mean_episode_reward:-0.5813887119293213, mean_queue:0.699999988079071
intersection:14, mean_episode_reward:-0.44277772307395935, mean_queue:0.5472221970558167
intersection:15, mean_episode_reward:-0.4475000202655792, mean_queue:0.5666666626930237
intersection:16, mean_episode_reward:0.0, mean_queue:0.0
intersection:17, mean_episode_reward:0.0, mean_queue:0.0
intersection:18, mean_episode_reward:0.0, mean_queue:0.0
intersection:19, mean_episode_reward:0.0, mean_queue:0.0
intersection:20, mean_episode_reward:0.0, mean_queue:0.0
intersection:21, mean_episode_reward:0.0, mean_queue:0.0
intersection:22, mean_episode_reward:0.0, mean_queue:0.0
intersection:23, mean_episode_reward:0.0, mean_queue:0.0
intersection:24, mean_episode_reward:0.0, mean_queue:0.0
intersection:25, mean_episode_reward:0.0, mean_queue:0.0
intersection:26, mean_episode_reward:0.0, mean_queue:0.0
intersection:27, mean_episode_reward:0.0, mean_queue:0.0
intersection:28, mean_episode_reward:0.0, mean_queue:0.0
intersection:29, mean_episode_reward:0.0, mean_queue:0.0
intersection:30, mean_episode_reward:0.0, mean_queue:0.0
intersection:31, mean_episode_reward:0.0, mean_queue:0.0
Test step:22/200, travel time :169.96153846153845, rewards:-9.39499986436632, queue:0.3407118055555556, delay:0.02427176899380154, throughput:1456
step:3600/3600, q_loss:0.41489291191101074, rewards:-9.48999972873264, queue:0.34427083333333336, delay:0.025083544519212513, throughput:1455
episode:23/200, real avg travel time:170.74570446735396
intersection:0, mean_episode_reward:-0.6969443559646606, mean_queue:0.7722222208976746
intersection:1, mean_episode_reward:-0.6200000643730164, mean_queue:0.7166666388511658
intersection:2, mean_episode_reward:-0.6783332228660583, mean_queue:0.7833333611488342
intersection:3, mean_episode_reward:-0.5999999642372131, mean_queue:0.7222222089767456
intersection:4, mean_episode_reward:-0.7488889694213867, mean_queue:0.8305555582046509
intersection:5, mean_episode_reward:-0.5391665697097778, mean_queue:0.6166666746139526
intersection:6, mean_episode_reward:-0.4422222077846527, mean_queue:0.5138888955116272
intersection:7, mean_episode_reward:-0.34500008821487427, mean_queue:0.42222222685813904
intersection:8, mean_episode_reward:-0.7966668009757996, mean_queue:0.875
intersection:9, mean_episode_reward:-0.7405555844306946, mean_queue:0.824999988079071
intersection:10, mean_episode_reward:-0.4752776324748993, mean_queue:0.5388888716697693
intersection:11, mean_episode_reward:-0.5863887071609497, mean_queue:0.6972222328186035
intersection:12, mean_episode_reward:-0.6869444251060486, mean_queue:0.7888888716697693
intersection:13, mean_episode_reward:-0.6711111068725586, mean_queue:0.8138889074325562
intersection:14, mean_episode_reward:-0.434999942779541, mean_queue:0.5527777671813965
intersection:15, mean_episode_reward:-0.42750006914138794, mean_queue:0.5472221970558167
intersection:16, mean_episode_reward:0.0, mean_queue:0.0
intersection:17, mean_episode_reward:0.0, mean_queue:0.0
intersection:18, mean_episode_reward:0.0, mean_queue:0.0
intersection:19, mean_episode_reward:0.0, mean_queue:0.0
intersection:20, mean_episode_reward:0.0, mean_queue:0.0
intersection:21, mean_episode_reward:0.0, mean_queue:0.0
intersection:22, mean_episode_reward:0.0, mean_queue:0.0
intersection:23, mean_episode_reward:0.0, mean_queue:0.0
intersection:24, mean_episode_reward:0.0, mean_queue:0.0
intersection:25, mean_episode_reward:0.0, mean_queue:0.0
intersection:26, mean_episode_reward:0.0, mean_queue:0.0
intersection:27, mean_episode_reward:0.0, mean_queue:0.0
intersection:28, mean_episode_reward:0.0, mean_queue:0.0
intersection:29, mean_episode_reward:0.0, mean_queue:0.0
intersection:30, mean_episode_reward:0.0, mean_queue:0.0
intersection:31, mean_episode_reward:0.0, mean_queue:0.0
Test step:23/200, travel time :170.74158075601375, rewards:-9.39888916015625, queue:0.34296875, delay:0.025441291597154407, throughput:1455
step:3600/3600, q_loss:0.3235993981361389, rewards:-9.884166124131944, queue:0.35911458333333335, delay:0.025268501705593534, throughput:1456
episode:24/200, real avg travel time:171.28846153846155
intersection:0, mean_episode_reward:-0.7102776169776917, mean_queue:0.824999988079071
intersection:1, mean_episode_reward:-0.6191667914390564, mean_queue:0.7277777791023254
intersection:2, mean_episode_reward:-0.8099997639656067, mean_queue:0.9027777910232544
intersection:3, mean_episode_reward:-0.5716664791107178, mean_queue:0.6777777671813965
intersection:4, mean_episode_reward:-0.6808333992958069, mean_queue:0.7972221970558167
intersection:5, mean_episode_reward:-0.5816665887832642, mean_queue:0.6638888716697693
intersection:6, mean_episode_reward:-0.5977778434753418, mean_queue:0.6777777671813965
intersection:7, mean_episode_reward:-0.4024999737739563, mean_queue:0.49444442987442017
intersection:8, mean_episode_reward:-0.7988889813423157, mean_queue:0.8916666507720947
intersection:9, mean_episode_reward:-0.676666796207428, mean_queue:0.7527777552604675
intersection:10, mean_episode_reward:-0.5816665887832642, mean_queue:0.6388888955116272
intersection:11, mean_episode_reward:-0.5813888311386108, mean_queue:0.6888889074325562
intersection:12, mean_episode_reward:-0.6552777290344238, mean_queue:0.7527777552604675
intersection:13, mean_episode_reward:-0.6072222590446472, mean_queue:0.7555555701255798
intersection:14, mean_episode_reward:-0.4680555462837219, mean_queue:0.5694444179534912
intersection:15, mean_episode_reward:-0.5411112308502197, mean_queue:0.675000011920929
intersection:16, mean_episode_reward:0.0, mean_queue:0.0
intersection:17, mean_episode_reward:0.0, mean_queue:0.0
intersection:18, mean_episode_reward:0.0, mean_queue:0.0
intersection:19, mean_episode_reward:0.0, mean_queue:0.0
intersection:20, mean_episode_reward:0.0, mean_queue:0.0
intersection:21, mean_episode_reward:0.0, mean_queue:0.0
intersection:22, mean_episode_reward:0.0, mean_queue:0.0
intersection:23, mean_episode_reward:0.0, mean_queue:0.0
intersection:24, mean_episode_reward:0.0, mean_queue:0.0
intersection:25, mean_episode_reward:0.0, mean_queue:0.0
intersection:26, mean_episode_reward:0.0, mean_queue:0.0
intersection:27, mean_episode_reward:0.0, mean_queue:0.0
intersection:28, mean_episode_reward:0.0, mean_queue:0.0
intersection:29, mean_episode_reward:0.0, mean_queue:0.0
intersection:30, mean_episode_reward:0.0, mean_queue:0.0
intersection:31, mean_episode_reward:0.0, mean_queue:0.0
Test step:24/200, travel time :171.88308115543327, rewards:-10.03333265516493, queue:0.3611111111111111, delay:0.025824244817097983, throughput:1454
step:3600/3600, q_loss:0.3539064824581146, rewards:-10.032221137152778, queue:0.36310763888888886, delay:0.025595360332065158, throughput:1456
episode:25/200, real avg travel time:171.77472527472528
intersection:0, mean_episode_reward:-0.6211111545562744, mean_queue:0.7333333492279053
intersection:1, mean_episode_reward:-0.6519444584846497, mean_queue:0.7333333492279053
intersection:2, mean_episode_reward:-0.7444443702697754, mean_queue:0.8472222089767456
intersection:3, mean_episode_reward:-0.6291664838790894, mean_queue:0.7250000238418579
intersection:4, mean_episode_reward:-0.8486109972000122, mean_queue:0.9666666388511658
intersection:5, mean_episode_reward:-0.6388888955116272, mean_queue:0.7222222089767456
intersection:6, mean_episode_reward:-0.6213890314102173, mean_queue:0.6972222328186035
intersection:7, mean_episode_reward:-0.3727777600288391, mean_queue:0.4555555582046509
intersection:8, mean_episode_reward:-0.7588886618614197, mean_queue:0.8500000238418579
intersection:9, mean_episode_reward:-0.6677777767181396, mean_queue:0.7472222447395325
intersection:10, mean_episode_reward:-0.6091665029525757, mean_queue:0.6916666626930237
intersection:11, mean_episode_reward:-0.5636112093925476, mean_queue:0.6805555820465088
intersection:12, mean_episode_reward:-0.5663888454437256, mean_queue:0.6833333373069763
intersection:13, mean_episode_reward:-0.6741666793823242, mean_queue:0.7888888716697693
intersection:14, mean_episode_reward:-0.5577777028083801, mean_queue:0.6694444417953491
intersection:15, mean_episode_reward:-0.5061109066009521, mean_queue:0.6277777552604675
intersection:16, mean_episode_reward:0.0, mean_queue:0.0
intersection:17, mean_episode_reward:0.0, mean_queue:0.0
intersection:18, mean_episode_reward:0.0, mean_queue:0.0
intersection:19, mean_episode_reward:0.0, mean_queue:0.0
intersection:20, mean_episode_reward:0.0, mean_queue:0.0
intersection:21, mean_episode_reward:0.0, mean_queue:0.0
intersection:22, mean_episode_reward:0.0, mean_queue:0.0
intersection:23, mean_episode_reward:0.0, mean_queue:0.0
intersection:24, mean_episode_reward:0.0, mean_queue:0.0
intersection:25, mean_episode_reward:0.0, mean_queue:0.0
intersection:26, mean_episode_reward:0.0, mean_queue:0.0
intersection:27, mean_episode_reward:0.0, mean_queue:0.0
intersection:28, mean_episode_reward:0.0, mean_queue:0.0
intersection:29, mean_episode_reward:0.0, mean_queue:0.0
intersection:30, mean_episode_reward:0.0, mean_queue:0.0
intersection:31, mean_episode_reward:0.0, mean_queue:0.0
Test step:25/200, travel time :169.8331043956044, rewards:-9.273333062065973, queue:0.33567708333333335, delay:0.02403872807820638, throughput:1456
step:3600/3600, q_loss:0.385254830121994, rewards:-9.56222195095486, queue:0.34965277777777776, delay:0.024611536661783853, throughput:1455
episode:26/200, real avg travel time:170.66529209621993
intersection:0, mean_episode_reward:-0.6472222805023193, mean_queue:0.7555555701255798
intersection:1, mean_episode_reward:-0.6622224450111389, mean_queue:0.7666666507720947
intersection:2, mean_episode_reward:-0.689721941947937, mean_queue:0.7777777910232544
intersection:3, mean_episode_reward:-0.7149999737739563, mean_queue:0.8583333492279053
intersection:4, mean_episode_reward:-0.6747223138809204, mean_queue:0.7666666507720947
intersection:5, mean_episode_reward:-0.5561110377311707, mean_queue:0.625
intersection:6, mean_episode_reward:-0.5247222185134888, mean_queue:0.625
intersection:7, mean_episode_reward:-0.42583343386650085, mean_queue:0.5249999761581421
intersection:8, mean_episode_reward:-0.7952775955200195, mean_queue:0.8972222208976746
intersection:9, mean_episode_reward:-0.539722204208374, mean_queue:0.6222222447395325
intersection:10, mean_episode_reward:-0.5597221851348877, mean_queue:0.6194444298744202
intersection:11, mean_episode_reward:-0.4899999797344208, mean_queue:0.5861111283302307
intersection:12, mean_episode_reward:-0.7058331966400146, mean_queue:0.8055555820465088
intersection:13, mean_episode_reward:-0.6483332514762878, mean_queue:0.8055555820465088
intersection:14, mean_episode_reward:-0.4308333992958069, mean_queue:0.5277777910232544
intersection:15, mean_episode_reward:-0.4969445466995239, mean_queue:0.625
intersection:16, mean_episode_reward:0.0, mean_queue:0.0
intersection:17, mean_episode_reward:0.0, mean_queue:0.0
intersection:18, mean_episode_reward:0.0, mean_queue:0.0
intersection:19, mean_episode_reward:0.0, mean_queue:0.0
intersection:20, mean_episode_reward:0.0, mean_queue:0.0
intersection:21, mean_episode_reward:0.0, mean_queue:0.0
intersection:22, mean_episode_reward:0.0, mean_queue:0.0
intersection:23, mean_episode_reward:0.0, mean_queue:0.0
intersection:24, mean_episode_reward:0.0, mean_queue:0.0
intersection:25, mean_episode_reward:0.0, mean_queue:0.0
intersection:26, mean_episode_reward:0.0, mean_queue:0.0
intersection:27, mean_episode_reward:0.0, mean_queue:0.0
intersection:28, mean_episode_reward:0.0, mean_queue:0.0
intersection:29, mean_episode_reward:0.0, mean_queue:0.0
intersection:30, mean_episode_reward:0.0, mean_queue:0.0
intersection:31, mean_episode_reward:0.0, mean_queue:0.0
Test step:26/200, travel time :171.47491408934707, rewards:-9.748333062065972, queue:0.35104166666666664, delay:0.02484672599368625, throughput:1455
step:3600/3600, q_loss:0.34188854694366455, rewards:-9.6125, queue:0.34756944444444443, delay:0.024677266014946832, throughput:1454
episode:27/200, real avg travel time:170.4958734525447
intersection:0, mean_episode_reward:-0.6061110496520996, mean_queue:0.6833333373069763
intersection:1, mean_episode_reward:-0.7391666769981384, mean_queue:0.8333333134651184
intersection:2, mean_episode_reward:-0.6833332777023315, mean_queue:0.800000011920929
intersection:3, mean_episode_reward:-0.5855556130409241, mean_queue:0.6944444179534912
intersection:4, mean_episode_reward:-0.6255555748939514, mean_queue:0.7166666388511658
intersection:5, mean_episode_reward:-0.5247222781181335, mean_queue:0.605555534362793
intersection:6, mean_episode_reward:-0.46222227811813354, mean_queue:0.5333333611488342
intersection:7, mean_episode_reward:-0.42249998450279236, mean_queue:0.5027777552604675
intersection:8, mean_episode_reward:-0.7613888382911682, mean_queue:0.8527777791023254
intersection:9, mean_episode_reward:-0.6552776098251343, mean_queue:0.7333333492279053
intersection:10, mean_episode_reward:-0.5802776217460632, mean_queue:0.6333333253860474
intersection:11, mean_episode_reward:-0.6150000691413879, mean_queue:0.7166666388511658
intersection:12, mean_episode_reward:-0.6747221350669861, mean_queue:0.7805555462837219
intersection:13, mean_episode_reward:-0.6761111617088318, mean_queue:0.8222222328186035
intersection:14, mean_episode_reward:-0.5000001788139343, mean_queue:0.5861111283302307
intersection:15, mean_episode_reward:-0.5005555748939514, mean_queue:0.6277777552604675
intersection:16, mean_episode_reward:0.0, mean_queue:0.0
intersection:17, mean_episode_reward:0.0, mean_queue:0.0
intersection:18, mean_episode_reward:0.0, mean_queue:0.0
intersection:19, mean_episode_reward:0.0, mean_queue:0.0
intersection:20, mean_episode_reward:0.0, mean_queue:0.0
intersection:21, mean_episode_reward:0.0, mean_queue:0.0
intersection:22, mean_episode_reward:0.0, mean_queue:0.0
intersection:23, mean_episode_reward:0.0, mean_queue:0.0
intersection:24, mean_episode_reward:0.0, mean_queue:0.0
intersection:25, mean_episode_reward:0.0, mean_queue:0.0
intersection:26, mean_episode_reward:0.0, mean_queue:0.0
intersection:27, mean_episode_reward:0.0, mean_queue:0.0
intersection:28, mean_episode_reward:0.0, mean_queue:0.0
intersection:29, mean_episode_reward:0.0, mean_queue:0.0
intersection:30, mean_episode_reward:0.0, mean_queue:0.0
intersection:31, mean_episode_reward:0.0, mean_queue:0.0
Test step:27/200, travel time :171.36519944979366, rewards:-9.843054877387154, queue:0.35711805555555554, delay:0.025330445501539442, throughput:1454
step:3600/3600, q_loss:0.3203986585140228, rewards:-9.976388210720486, queue:0.3599826388888889, delay:0.024695624245537652, throughput:1454
episode:28/200, real avg travel time:171.30261348005502
intersection:0, mean_episode_reward:-0.6966665387153625, mean_queue:0.7805555462837219
intersection:1, mean_episode_reward:-0.626666784286499, mean_queue:0.7416666746139526
intersection:2, mean_episode_reward:-0.8136110901832581, mean_queue:0.9111111164093018
intersection:3, mean_episode_reward:-0.5533332228660583, mean_queue:0.6611111164093018
intersection:4, mean_episode_reward:-0.7561110854148865, mean_queue:0.8388888835906982
intersection:5, mean_episode_reward:-0.4977778494358063, mean_queue:0.5722222328186035
intersection:6, mean_episode_reward:-0.5674999356269836, mean_queue:0.6277777552604675
intersection:7, mean_episode_reward:-0.40388888120651245, mean_queue:0.48055556416511536
intersection:8, mean_episode_reward:-0.8802773356437683, mean_queue:0.980555534362793
intersection:9, mean_episode_reward:-0.7894443273544312, mean_queue:0.8916666507720947
intersection:10, mean_episode_reward:-0.6200000047683716, mean_queue:0.6777777671813965
intersection:11, mean_episode_reward:-0.5583333969116211, mean_queue:0.6722221970558167
intersection:12, mean_episode_reward:-0.6138889193534851, mean_queue:0.7333333492279053
intersection:13, mean_episode_reward:-0.7330555319786072, mean_queue:0.8611111044883728
intersection:14, mean_episode_reward:-0.3774999976158142, mean_queue:0.4722222089767456
intersection:15, mean_episode_reward:-0.48833343386650085, mean_queue:0.6166666746139526
intersection:16, mean_episode_reward:0.0, mean_queue:0.0
intersection:17, mean_episode_reward:0.0, mean_queue:0.0
intersection:18, mean_episode_reward:0.0, mean_queue:0.0
intersection:19, mean_episode_reward:0.0, mean_queue:0.0
intersection:20, mean_episode_reward:0.0, mean_queue:0.0
intersection:21, mean_episode_reward:0.0, mean_queue:0.0
intersection:22, mean_episode_reward:0.0, mean_queue:0.0
intersection:23, mean_episode_reward:0.0, mean_queue:0.0
intersection:24, mean_episode_reward:0.0, mean_queue:0.0
intersection:25, mean_episode_reward:0.0, mean_queue:0.0
intersection:26, mean_episode_reward:0.0, mean_queue:0.0
intersection:27, mean_episode_reward:0.0, mean_queue:0.0
intersection:28, mean_episode_reward:0.0, mean_queue:0.0
intersection:29, mean_episode_reward:0.0, mean_queue:0.0
intersection:30, mean_episode_reward:0.0, mean_queue:0.0
intersection:31, mean_episode_reward:0.0, mean_queue:0.0
Test step:28/200, travel time :170.6703372333104, rewards:-9.9272216796875, queue:0.35711805555555554, delay:0.02474731339348687, throughput:1453
step:3600/3600, q_loss:0.27260735630989075, rewards:-9.457776557074652, queue:0.3472222222222222, delay:0.024533512857225208, throughput:1454
episode:29/200, real avg travel time:170.79436038514442
intersection:0, mean_episode_reward:-0.5858332514762878, mean_queue:0.6972222328186035
intersection:1, mean_episode_reward:-0.7163887023925781, mean_queue:0.8166666626930237
intersection:2, mean_episode_reward:-0.5647220015525818, mean_queue:0.6722221970558167
intersection:3, mean_episode_reward:-0.45027780532836914, mean_queue:0.5694444179534912
intersection:4, mean_episode_reward:-0.6388888955116272, mean_queue:0.7666666507720947
intersection:5, mean_episode_reward:-0.6347222328186035, mean_queue:0.7444444298744202
intersection:6, mean_episode_reward:-0.5063888430595398, mean_queue:0.5916666388511658
intersection:7, mean_episode_reward:-0.4069443941116333, mean_queue:0.4722222089767456
intersection:8, mean_episode_reward:-0.7444445490837097, mean_queue:0.8583333492279053
intersection:9, mean_episode_reward:-0.6072221398353577, mean_queue:0.6805555820465088
intersection:10, mean_episode_reward:-0.6074997782707214, mean_queue:0.6805555820465088
intersection:11, mean_episode_reward:-0.6158333420753479, mean_queue:0.7277777791023254
intersection:12, mean_episode_reward:-0.7105554938316345, mean_queue:0.8138889074325562
intersection:13, mean_episode_reward:-0.6197221279144287, mean_queue:0.7555555701255798
intersection:14, mean_episode_reward:-0.5147222280502319, mean_queue:0.6027777791023254
intersection:15, mean_episode_reward:-0.5336111187934875, mean_queue:0.6611111164093018
intersection:16, mean_episode_reward:0.0, mean_queue:0.0
intersection:17, mean_episode_reward:0.0, mean_queue:0.0
intersection:18, mean_episode_reward:0.0, mean_queue:0.0
intersection:19, mean_episode_reward:0.0, mean_queue:0.0
intersection:20, mean_episode_reward:0.0, mean_queue:0.0
intersection:21, mean_episode_reward:0.0, mean_queue:0.0
intersection:22, mean_episode_reward:0.0, mean_queue:0.0
intersection:23, mean_episode_reward:0.0, mean_queue:0.0
intersection:24, mean_episode_reward:0.0, mean_queue:0.0
intersection:25, mean_episode_reward:0.0, mean_queue:0.0
intersection:26, mean_episode_reward:0.0, mean_queue:0.0
intersection:27, mean_episode_reward:0.0, mean_queue:0.0
intersection:28, mean_episode_reward:0.0, mean_queue:0.0
intersection:29, mean_episode_reward:0.0, mean_queue:0.0
intersection:30, mean_episode_reward:0.0, mean_queue:0.0
intersection:31, mean_episode_reward:0.0, mean_queue:0.0
Test step:29/200, travel time :171.2973158981418, rewards:-9.587221950954861, queue:0.3480034722222222, delay:0.02529099252488878, throughput:1453
early_stop at episode 29/200 (best ATT=171.00 at episode 9, patience=20)
saved final checkpoint from best episode 9 (ATT=171.00) as episode 200
Final Travel Time is 171.5988, mean rewards: -10.2242, queue: 0.3693, delay: 0.0262, throughput: 1453
Total time taken: 704.154748916626
