dqn	TRAIN	0	209.5	0.0	-30.16	1.00	0.05	678
dqn	HELDOUT	0	450.9	100.0	-241.86	7.60	0.12	241
dqn	HELDOUT	0	457.0	100.0	-255.99	8.05	0.13	250
dqn	HELDOUT	0	448.4	100.0	-247.97	7.79	0.13	248
dqn	HELDOUT_MEAN	0	452.1	100.0	0.00	0.00	0.00	0
dqn	TRAIN	1	218.1	0.0	-34.55	1.14	0.05	718
dqn	TRAIN	2	205.2	0.0	-30.63	1.02	0.05	732
dqn	TRAIN	3	216.5	0.0	-37.12	1.22	0.06	783
dqn	TRAIN	4	206.5	0.0	-29.76	0.99	0.05	689
dqn	TRAIN	5	252.1	0.7	-82.49	2.63	0.08	566
dqn	TRAIN	6	409.5	1.0	-144.03	4.53	0.11	546
dqn	TRAIN	7	403.7	2.2	-143.89	4.53	0.10	571
dqn	TRAIN	8	284.3	5.2	-82.69	2.63	0.09	668
dqn	TRAIN	9	301.7	7.4	-89.12	2.82	0.09	621
dqn	TRAIN	10	270.4	7.7	-64.94	2.07	0.07	625
dqn	HELDOUT	10	284.2	100.0	-158.39	5.00	0.09	405
dqn	HELDOUT	10	303.4	100.0	-161.44	5.09	0.09	443
dqn	HELDOUT	10	291.5	100.0	-160.06	5.05	0.09	421
dqn	HELDOUT_MEAN	10	293.1	100.0	0.00	0.00	0.00	0
dqn	TRAIN	11	251.1	7.5	-60.02	1.92	0.07	664
dqn	TRAIN	12	237.4	7.4	-55.47	1.78	0.07	677
dqn	TRAIN	13	252.0	7.0	-74.49	2.38	0.07	693
dqn	TRAIN	14	226.1	6.6	-43.45	1.40	0.06	664
dqn	TRAIN	15	226.9	6.4	-49.49	1.59	0.06	683
dqn	TRAIN	16	225.5	6.0	-38.42	1.25	0.05	728
dqn	TRAIN	17	207.8	5.6	-36.15	1.17	0.05	723
dqn	TRAIN	18	199.6	5.2	-32.11	1.05	0.05	745
dqn	TRAIN	19	197.1	5.0	-28.95	0.96	0.04	714
dqn	TRAIN	20	197.6	4.5	-30.27	0.99	0.04	667
dqn	HELDOUT	20	195.3	100.0	-82.51	2.63	0.05	562
dqn	HELDOUT	20	217.8	100.0	-85.66	2.73	0.05	605
dqn	HELDOUT	20	208.8	100.0	-83.26	2.65	0.05	590
dqn	HELDOUT_MEAN	20	207.3	100.0	0.00	0.00	0.00	0
dqn	TRAIN	21	191.2	4.2	-24.08	0.80	0.04	714
dqn	TRAIN	22	189.7	3.9	-27.32	0.91	0.04	715
dqn	TRAIN	23	186.7	3.7	-25.68	0.85	0.04	775
dqn	TRAIN	24	200.6	3.4	-27.54	0.91	0.04	696
dqn	TRAIN	25	182.0	3.2	-20.23	0.68	0.04	734
dqn	TRAIN	26	181.7	3.0	-19.57	0.66	0.04	730
dqn	TRAIN	27	173.2	2.7	-18.59	0.63	0.04	742
dqn	TRAIN	28	168.8	2.4	-17.03	0.58	0.03	763
dqn	TRAIN	29	180.3	2.2	-17.84	0.61	0.03	738
dqn	TRAIN	30	168.3	2.2	-14.42	0.50	0.03	686
dqn	HELDOUT	30	166.3	100.0	-16.30	0.56	0.03	715
dqn	HELDOUT	30	168.8	100.0	-16.77	0.57	0.03	751
dqn	HELDOUT	30	166.5	100.0	-16.54	0.57	0.03	731
dqn	HELDOUT_MEAN	30	167.2	100.0	0.00	0.00	0.00	0
dqn	TRAIN	31	165.9	1.8	-12.70	0.45	0.03	726
dqn	TRAIN	32	165.1	1.6	-12.43	0.44	0.03	746
dqn	TRAIN	33	167.8	1.4	-13.49	0.48	0.03	800
dqn	TRAIN	34	163.8	1.2	-12.10	0.43	0.03	703
dqn	TRAIN	35	167.5	1.0	-12.65	0.44	0.03	744
dqn	TRAIN	36	165.2	0.9	-12.00	0.43	0.03	744
dqn	TRAIN	37	160.5	0.7	-11.72	0.42	0.03	753
dqn	TRAIN	38	162.2	0.5	-12.51	0.44	0.03	772
dqn	TRAIN	39	164.1	0.5	-11.34	0.41	0.03	738
dqn	TRAIN	40	160.0	0.4	-11.21	0.40	0.03	686
dqn	HELDOUT	40	160.9	100.0	-12.50	0.44	0.03	717
dqn	HELDOUT	40	160.8	100.0	-10.67	0.38	0.03	767
dqn	HELDOUT	40	158.3	100.0	-10.48	0.38	0.03	742
dqn	HELDOUT_MEAN	40	160.0	100.0	0.00	0.00	0.00	0
dqn	TRAIN	41	161.0	0.4	-9.26	0.33	0.03	733
dqn	TRAIN	42	160.2	0.4	-9.41	0.34	0.03	750
dqn	TRAIN	43	162.0	0.4	-10.35	0.38	0.03	802
dqn	TRAIN	44	156.5	0.4	-7.18	0.27	0.02	712
dqn	TRAIN	45	160.3	0.3	-8.54	0.31	0.03	749
dqn	TRAIN	46	161.6	0.3	-9.19	0.34	0.03	748
dqn	TRAIN	47	157.3	0.3	-8.23	0.30	0.02	761
dqn	TRAIN	48	158.4	0.3	-8.94	0.33	0.03	778
dqn	TRAIN	49	161.1	0.3	-8.82	0.32	0.03	739
dqn	TRAIN	50	158.7	0.2	-7.88	0.29	0.02	697
dqn	HELDOUT	50	159.0	100.0	-9.21	0.33	0.03	732
dqn	HELDOUT	50	159.6	100.0	-8.78	0.32	0.03	771
dqn	HELDOUT	50	160.1	100.0	-8.93	0.33	0.03	753
dqn	HELDOUT_MEAN	50	159.6	100.0	0.00	0.00	0.00	0
dqn	TRAIN	51	158.0	0.2	-7.78	0.29	0.02	737
dqn	TRAIN	52	158.4	0.2	-8.35	0.31	0.02	750
dqn	TRAIN	53	159.8	0.2	-9.38	0.35	0.03	801
dqn	TRAIN	54	157.2	0.2	-7.23	0.27	0.02	713
dqn	TRAIN	55	158.1	0.2	-7.53	0.28	0.02	751
dqn	TRAIN	56	158.3	0.2	-7.79	0.29	0.02	749
dqn	TRAIN	57	157.2	0.2	-7.99	0.29	0.02	761
dqn	TRAIN	58	156.3	0.2	-7.95	0.29	0.02	774
dqn	TRAIN	59	159.6	0.2	-8.01	0.30	0.03	744
dqn	TRAIN	60	158.3	0.2	-7.99	0.29	0.02	695
dqn	HELDOUT	60	158.2	100.0	-8.54	0.31	0.02	733
dqn	HELDOUT	60	157.9	100.0	-8.31	0.31	0.03	769
dqn	HELDOUT	60	157.0	100.0	-7.74	0.29	0.02	752
dqn	HELDOUT_MEAN	60	157.7	100.0	0.00	0.00	0.00	0
dqn	TRAIN	61	156.4	0.2	-6.86	0.25	0.02	737
dqn	TRAIN	62	156.5	0.2	-7.66	0.28	0.02	752
dqn	TRAIN	63	158.6	0.2	-8.75	0.32	0.03	802
dqn	TRAIN	64	156.5	0.2	-7.09	0.26	0.02	711
dqn	TRAIN	65	157.6	0.2	-7.72	0.29	0.02	749
dqn	TRAIN	66	158.3	0.2	-7.81	0.29	0.02	748
dqn	TRAIN	67	156.6	0.2	-7.79	0.28	0.02	762
dqn	TRAIN	68	156.5	0.2	-8.20	0.30	0.02	778
dqn	TRAIN	69	158.2	0.2	-7.39	0.28	0.02	745
dqn	HELDOUT	500	157.2	100.0	-8.07	0.30	0.02	736
dqn	HELDOUT	500	157.6	100.0	-8.32	0.31	0.03	769
dqn	HELDOUT	500	157.4	100.0	-8.03	0.30	0.02	752
dqn	HELDOUT_MEAN	500	157.4	100.0	0.00	0.00	0.00	0
dqn	HELDOUT	60	157.2	100.0	-8.07	0.30	0.02	736
dqn	HELDOUT	60	157.6	100.0	-8.32	0.31	0.03	769
dqn	HELDOUT	60	157.4	100.0	-8.03	0.30	0.02	752
dqn	HELDOUT_MEAN	60	157.4	100.0	0.00	0.00	0.00	0
