colight	TRAIN	0	307.4	0.0	-147.05	3.83	0.24	3966
colight	TEST	0	1190.9	100.0	-586.37	13.28	0.51	371
colight	TRAIN	1	332.2	0.0	-162.33	4.23	0.24	3913
colight	TEST	1	1190.9	100.0	-586.37	13.28	0.51	371
colight	TRAIN	2	345.7	14.3	-162.21	4.26	0.24	3827
colight	TEST	2	657.7	100.0	-556.98	13.28	0.42	1198
colight	TRAIN	3	299.3	10.0	-126.25	3.29	0.21	3937
colight	TEST	3	580.1	100.0	-436.86	10.43	0.33	1536
colight	TRAIN	4	306.1	14.0	-134.77	3.43	0.20	3887
colight	TEST	4	556.0	100.0	-477.80	11.29	0.34	1579
colight	TRAIN	5	288.5	10.8	-120.40	3.17	0.20	4000
colight	TEST	5	643.7	100.0	-434.03	10.81	0.34	1940
colight	TRAIN	6	290.4	10.9	-118.10	3.27	0.20	3963
colight	TEST	6	470.8	100.0	-336.19	8.71	0.30	2482
colight	TRAIN	7	341.5	10.0	-160.18	4.29	0.22	3804
colight	TEST	7	430.9	100.0	-331.10	8.61	0.29	2607
colight	TRAIN	8	353.3	9.0	-149.10	4.12	0.21	3784
colight	TEST	8	464.6	100.0	-445.57	11.90	0.30	2007
colight	TRAIN	9	345.0	7.8	-150.68	4.15	0.21	3621
colight	TEST	9	494.6	100.0	-396.44	10.79	0.29	2027
colight	TRAIN	10	325.4	6.5	-145.83	4.13	0.21	3801
colight	TEST	10	430.7	100.0	-227.39	6.50	0.25	2874
colight	TRAIN	11	350.0	6.4	-157.29	4.36	0.21	3534
colight	TEST	11	412.7	100.0	-263.31	6.87	0.27	2569
colight	TRAIN	12	361.7	7.1	-144.17	4.05	0.21	3461
colight	TEST	12	417.0	100.0	-284.95	7.37	0.28	2457
colight	TRAIN	13	358.0	6.8	-144.49	4.02	0.20	3466
colight	TEST	13	359.6	100.0	-195.99	5.25	0.23	2949
colight	TRAIN	14	333.6	6.0	-132.93	3.54	0.19	3558
colight	TEST	14	422.4	100.0	-243.38	5.94	0.25	2716
colight	TRAIN	15	337.2	5.7	-135.18	3.63	0.18	3494
colight	TEST	15	491.8	100.0	-247.53	6.60	0.26	2608
colight	TRAIN	16	345.1	5.8	-136.16	3.62	0.18	3527
colight	TEST	16	402.9	100.0	-224.15	6.04	0.23	2998
colight	TRAIN	17	389.6	4.9	-169.65	4.62	0.20	3327
colight	TEST	17	448.5	100.0	-243.93	5.86	0.25	2766
colight	TRAIN	18	385.8	4.7	-153.52	4.17	0.19	3200
colight	TEST	18	366.4	100.0	-233.45	5.47	0.24	2897
colight	TRAIN	19	344.9	4.9	-146.66	3.91	0.19	3442
colight	TEST	19	355.7	100.0	-228.07	5.60	0.21	2759
colight	TRAIN	20	438.0	4.4	-333.63	8.91	0.29	2476
colight	TEST	20	478.1	100.0	-463.93	11.84	0.35	1655
colight	TRAIN	21	706.0	4.6	-354.70	9.33	0.33	2773
colight	TEST	21	356.6	100.0	-238.77	6.32	0.22	2886
colight	TRAIN	22	613.4	4.8	-269.42	6.66	0.26	2999
colight	TEST	22	406.9	100.0	-231.22	6.03	0.23	2755
colight	TRAIN	23	340.9	4.9	-160.69	4.29	0.20	3416
colight	TEST	23	339.7	100.0	-240.52	6.29	0.22	2828
colight	TRAIN	24	345.9	4.7	-180.57	4.91	0.20	3309
colight	TEST	24	358.3	100.0	-277.74	7.11	0.22	2752
colight	TRAIN	25	371.3	4.7	-196.52	5.21	0.21	3052
colight	TEST	25	345.4	100.0	-208.20	5.57	0.21	2837
colight	TRAIN	26	336.3	4.4	-168.28	4.46	0.19	3361
colight	TEST	26	397.6	100.0	-218.57	5.35	0.24	2508
colight	TRAIN	27	346.6	3.8	-151.42	4.18	0.20	3338
colight	TEST	27	363.1	100.0	-195.55	5.07	0.22	3064
colight	TRAIN	28	335.0	3.8	-192.31	5.23	0.21	3309
colight	TEST	28	346.1	100.0	-274.09	7.04	0.22	2868
colight	TRAIN	29	357.6	3.6	-162.30	4.38	0.20	3310
colight	TEST	29	377.7	100.0	-207.24	5.28	0.21	3167
colight	TRAIN	30	351.4	3.5	-163.97	4.49	0.19	3198
colight	TEST	30	402.9	100.0	-203.26	5.41	0.23	3154
colight	TRAIN	31	380.3	3.7	-184.00	4.99	0.20	3282
colight	TEST	31	385.6	100.0	-219.85	5.73	0.24	2815
colight	TRAIN	32	347.7	3.5	-163.22	4.43	0.20	3277
colight	TEST	32	375.7	100.0	-205.39	5.55	0.22	3101
colight	TRAIN	33	316.2	3.3	-150.34	4.17	0.19	3396
colight	TEST	33	311.3	100.0	-194.47	5.42	0.21	3149
colight	TRAIN	34	313.6	3.4	-139.05	3.81	0.18	3460
colight	TEST	34	368.0	100.0	-204.50	5.48	0.22	3073
colight	TRAIN	35	328.7	3.6	-186.01	4.89	0.21	2930
colight	TEST	35	336.0	100.0	-180.64	4.56	0.22	3112
colight	TRAIN	36	322.7	3.4	-175.85	4.72	0.20	3348
colight	TEST	36	315.1	100.0	-195.75	5.29	0.21	3158
colight	TRAIN	37	356.5	2.8	-155.97	4.00	0.19	3288
colight	TEST	37	332.6	100.0	-181.91	4.79	0.21	3181
colight	TRAIN	38	327.6	2.9	-158.80	4.36	0.19	3306
colight	TEST	38	292.6	100.0	-172.88	4.70	0.19	3334
colight	TRAIN	39	316.7	2.9	-157.25	4.40	0.19	3378
colight	TEST	39	335.9	100.0	-214.87	5.23	0.21	3002
colight	TRAIN	40	305.4	2.8	-148.32	4.11	0.18	3312
colight	TEST	40	330.2	100.0	-205.48	5.46	0.20	2919
colight	TRAIN	41	285.9	2.8	-158.33	4.18	0.19	3311
colight	TEST	41	424.5	100.0	-235.37	5.63	0.24	2793
colight	TRAIN	42	323.3	2.8	-177.18	4.83	0.19	3308
colight	TEST	42	310.7	100.0	-219.85	5.40	0.22	2849
colight	TRAIN	43	350.3	2.9	-157.98	4.01	0.20	3243
colight	TEST	43	350.9	100.0	-182.83	4.97	0.21	3088
colight	TRAIN	44	342.3	3.2	-190.61	5.16	0.19	3105
colight	TEST	44	345.9	100.0	-189.85	5.06	0.20	3080
colight	TRAIN	45	337.8	5.2	-163.28	4.33	0.19	3286
colight	TEST	45	348.3	100.0	-203.90	5.50	0.21	3022
colight	TRAIN	46	344.0	4.1	-157.64	4.17	0.19	3415
colight	TEST	46	331.8	100.0	-201.43	5.24	0.22	2777
colight	TRAIN	47	329.9	3.8	-174.07	4.79	0.20	3368
colight	TEST	47	326.9	100.0	-171.12	4.48	0.20	3207
colight	TRAIN	48	300.6	3.2	-153.05	4.17	0.19	3312
colight	TEST	48	315.0	100.0	-180.11	4.87	0.21	3213
colight	TRAIN	49	274.1	3.0	-152.78	4.18	0.17	3370
colight	TEST	49	410.0	100.0	-198.41	5.32	0.22	2826
colight	TRAIN	50	374.1	3.4	-182.04	4.76	0.20	3293
colight	TEST	50	368.8	100.0	-225.11	5.77	0.23	2763
colight	TRAIN	51	321.9	2.9	-169.11	4.64	0.20	3234
colight	TEST	51	313.3	100.0	-184.88	5.11	0.20	3310
colight	TRAIN	52	321.3	2.7	-137.88	3.81	0.19	3318
colight	TEST	52	314.5	100.0	-165.42	4.48	0.19	3256
colight	TRAIN	53	325.6	2.8	-164.76	4.45	0.20	3184
colight	TEST	53	351.4	100.0	-187.23	4.93	0.22	3220
colight	TRAIN	54	326.3	2.7	-158.86	4.27	0.18	3404
colight	TEST	54	345.7	100.0	-176.52	4.78	0.19	3137
colight	TRAIN	55	317.1	2.9	-146.09	3.96	0.19	3491
colight	TEST	55	353.2	100.0	-214.30	5.95	0.22	2970
colight	TRAIN	56	329.5	2.9	-160.59	4.32	0.19	3314
colight	TEST	56	353.9	100.0	-223.96	6.14	0.22	3006
colight	TRAIN	57	265.2	2.8	-149.04	4.07	0.18	3302
colight	TEST	57	339.4	100.0	-230.75	5.82	0.23	2869
colight	TRAIN	58	345.8	2.6	-207.42	5.52	0.20	3164
colight	TEST	58	278.4	100.0	-175.59	4.78	0.20	3357
colight	TRAIN	59	343.0	2.5	-177.65	4.82	0.20	3250
colight	TEST	59	360.8	100.0	-186.78	4.85	0.21	3311
colight	TRAIN	60	323.6	2.4	-159.23	4.33	0.19	3241
colight	TEST	60	414.5	100.0	-189.26	4.96	0.21	3067
colight	TRAIN	61	429.9	2.5	-181.38	4.60	0.22	3203
colight	TEST	61	385.8	100.0	-200.92	5.46	0.20	3083
colight	TRAIN	62	299.3	2.9	-165.25	4.51	0.19	3317
colight	TEST	62	384.2	100.0	-192.52	5.09	0.22	3034
colight	TRAIN	63	345.3	3.1	-177.66	4.60	0.21	2956
colight	TEST	63	354.6	100.0	-193.21	5.35	0.22	3186
colight	TRAIN	64	348.2	2.6	-184.07	4.89	0.20	3118
colight	TEST	64	367.4	100.0	-207.70	5.66	0.22	3119
colight	TRAIN	65	333.9	2.8	-158.17	4.25	0.18	3154
colight	TEST	65	346.8	100.0	-185.03	4.95	0.20	3339
colight	TRAIN	66	364.8	2.8	-184.71	4.76	0.22	2865
colight	TEST	66	369.4	100.0	-198.04	5.35	0.22	3053
colight	TRAIN	67	385.9	2.7	-192.19	5.14	0.20	3146
colight	TEST	67	345.7	100.0	-196.44	5.33	0.21	3054
colight	TRAIN	68	331.2	2.8	-144.72	3.99	0.18	3392
colight	TEST	68	321.9	100.0	-182.08	4.89	0.20	3202
colight	TRAIN	69	326.6	2.7	-169.20	4.55	0.19	3516
colight	TEST	69	360.7	100.0	-199.83	5.33	0.22	3243
colight	TRAIN	70	367.8	2.7	-179.86	4.84	0.20	3337
colight	TEST	70	289.4	100.0	-178.80	4.88	0.19	3244
colight	TRAIN	71	338.2	2.9	-162.54	4.51	0.20	3247
colight	TEST	71	318.0	100.0	-188.62	5.12	0.21	3250
colight	TRAIN	72	330.2	2.9	-156.08	4.21	0.18	3425
colight	TEST	72	328.0	100.0	-193.37	5.08	0.22	3114
colight	TRAIN	73	338.7	2.6	-174.66	4.77	0.19	3253
colight	TEST	73	361.1	100.0	-208.35	5.47	0.22	3090
colight	TRAIN	74	345.1	3.2	-157.57	4.24	0.18	3471
colight	TEST	74	337.2	100.0	-182.08	4.75	0.20	3095
colight	TRAIN	75	326.0	2.9	-160.43	4.41	0.19	3315
colight	TEST	75	364.4	100.0	-191.78	4.95	0.22	3174
colight	TRAIN	76	359.5	2.6	-171.89	4.39	0.20	3328
colight	TEST	76	342.8	100.0	-211.08	5.55	0.21	2996
colight	TRAIN	77	369.7	2.5	-139.53	3.71	0.20	3361
colight	TEST	77	315.1	100.0	-183.79	4.82	0.21	3237
colight	TRAIN	78	313.6	2.6	-134.53	3.67	0.18	3471
colight	TEST	78	368.5	100.0	-198.45	5.34	0.23	3097
colight	TRAIN	79	317.7	2.6	-181.09	4.88	0.20	3245
colight	TEST	79	292.2	100.0	-181.32	4.89	0.20	3182
colight	TRAIN	80	327.1	2.5	-185.37	5.12	0.20	3269
colight	TEST	80	328.6	100.0	-195.13	5.17	0.21	2846
colight	TRAIN	81	325.9	2.5	-166.98	4.62	0.19	3281
colight	TEST	81	351.6	100.0	-196.16	5.30	0.21	3108
colight	TRAIN	82	329.2	2.5	-173.33	4.72	0.20	3121
colight	TEST	82	337.9	100.0	-183.64	4.90	0.21	3221
colight	TRAIN	83	332.5	2.5	-137.74	3.79	0.18	3450
colight	TEST	83	336.5	100.0	-188.72	5.18	0.20	3083
colight	TRAIN	84	316.0	2.4	-167.17	4.34	0.19	3253
colight	TEST	84	370.1	100.0	-220.95	5.83	0.23	2892
colight	TRAIN	85	305.5	2.4	-146.49	4.04	0.18	3287
colight	TEST	85	356.0	100.0	-185.56	4.74	0.22	3059
colight	TRAIN	86	310.1	2.4	-143.35	3.97	0.19	3348
colight	TEST	86	339.5	100.0	-186.52	5.08	0.20	3154
colight	TRAIN	87	350.8	2.4	-198.77	5.33	0.20	2935
colight	TEST	87	356.1	100.0	-209.63	5.62	0.21	2898
colight	TRAIN	88	301.4	2.4	-169.08	4.59	0.19	3275
colight	TEST	88	284.6	100.0	-174.65	4.79	0.20	3185
colight	TRAIN	89	296.7	2.4	-163.91	4.46	0.19	3300
colight	TEST	89	306.7	100.0	-173.67	4.50	0.20	3396
colight	TRAIN	90	305.0	2.2	-147.18	4.02	0.18	3360
colight	TEST	90	325.8	100.0	-174.32	4.57	0.20	3356
colight	TRAIN	91	330.8	2.3	-169.31	4.64	0.19	3273
colight	TEST	91	344.9	100.0	-188.55	5.03	0.21	3274
colight	TRAIN	92	306.0	2.3	-158.69	4.31	0.19	3363
colight	TEST	92	319.4	100.0	-188.01	5.16	0.20	3245
colight	TRAIN	93	316.8	2.5	-164.82	4.42	0.19	3428
colight	TEST	93	289.4	100.0	-170.77	4.65	0.20	3350
colight	TRAIN	94	290.1	2.4	-159.14	4.40	0.18	3359
colight	TEST	94	343.2	100.0	-172.78	4.58	0.20	3371
colight	TRAIN	95	283.1	2.5	-164.67	4.56	0.19	3346
colight	TEST	95	320.3	100.0	-165.94	4.34	0.21	3331
colight	TRAIN	96	305.8	2.3	-129.32	3.60	0.18	3419
colight	TEST	96	351.7	100.0	-188.98	5.10	0.21	3273
colight	TRAIN	97	339.9	2.4	-194.39	5.20	0.20	3175
colight	TEST	97	357.6	100.0	-170.02	4.48	0.21	3293
colight	TRAIN	98	308.9	2.3	-164.56	4.56	0.19	3360
colight	TEST	98	321.9	100.0	-189.27	5.13	0.21	3254
colight	TRAIN	99	354.2	2.7	-181.98	4.77	0.20	3400
colight	TEST	99	281.3	100.0	-175.54	4.78	0.18	3262
colight	TRAIN	100	303.3	2.8	-213.01	5.74	0.24	3151
colight	TEST	100	565.1	100.0	-475.19	12.48	0.37	2029
colight	TRAIN	101	578.2	3.1	-343.86	8.75	0.29	2591
colight	TEST	101	352.5	100.0	-201.62	5.60	0.22	3243
colight	TRAIN	102	336.4	4.7	-185.97	4.96	0.20	2975
colight	TEST	102	360.6	100.0	-191.48	4.99	0.23	2904
colight	TRAIN	103	336.4	4.8	-186.76	5.10	0.20	3100
colight	TEST	103	341.5	100.0	-185.83	5.06	0.19	3187
colight	TRAIN	104	357.6	4.5	-174.88	4.80	0.19	3237
colight	TEST	104	329.2	100.0	-201.51	5.46	0.21	2927
colight	TRAIN	105	366.6	5.4	-173.57	4.73	0.20	3167
colight	TEST	105	366.7	100.0	-199.57	5.03	0.21	2875
colight	TRAIN	106	313.8	4.8	-162.36	4.42	0.19	3309
colight	TEST	106	326.5	100.0	-170.65	4.50	0.20	3119
colight	TRAIN	107	333.0	5.4	-157.24	4.24	0.20	3364
colight	TEST	107	327.1	100.0	-168.26	4.50	0.19	3224
colight	TRAIN	108	326.3	5.0	-161.44	4.25	0.19	3237
colight	TEST	108	381.1	100.0	-202.25	5.40	0.21	2891
colight	TRAIN	109	399.7	5.7	-172.98	4.52	0.21	3135
colight	TEST	109	317.1	100.0	-168.58	4.46	0.20	3287
colight	TRAIN	110	363.4	5.5	-172.62	4.63	0.20	3087
colight	TEST	110	361.8	100.0	-206.16	5.58	0.21	2933
colight	TRAIN	111	306.5	4.7	-164.05	4.58	0.19	3333
colight	TEST	111	361.0	100.0	-182.69	4.98	0.20	3154
colight	TRAIN	112	347.0	4.7	-148.77	4.02	0.20	3185
colight	TEST	112	307.6	100.0	-172.93	4.61	0.20	3099
colight	TRAIN	113	331.8	4.9	-158.65	4.31	0.20	3283
colight	TEST	113	346.0	100.0	-184.53	5.04	0.21	3135
colight	TRAIN	114	365.9	4.9	-177.29	4.94	0.20	3149
colight	TEST	114	396.4	100.0	-213.03	5.60	0.22	3138
colight	TRAIN	115	348.1	5.7	-159.25	4.32	0.19	3354
colight	TEST	115	334.6	100.0	-187.31	4.92	0.22	3290
colight	TRAIN	116	315.2	3.9	-154.34	4.24	0.20	3218
colight	TEST	116	338.8	100.0	-167.31	4.52	0.19	3310
colight	TRAIN	117	335.3	3.8	-181.98	4.89	0.19	3268
colight	TEST	117	339.8	100.0	-190.36	5.07	0.20	3092
colight	TRAIN	118	319.6	3.6	-176.53	4.87	0.20	3367
colight	TEST	118	325.4	100.0	-160.19	4.30	0.19	3338
colight	TRAIN	119	347.5	3.0	-164.00	4.49	0.20	3291
colight	TEST	119	316.2	100.0	-188.08	5.04	0.20	3134
colight	TRAIN	120	354.5	3.2	-177.71	4.81	0.20	3174
colight	TEST	120	358.9	100.0	-202.11	5.41	0.22	3061
colight	TRAIN	121	309.3	3.4	-170.49	4.65	0.19	3233
colight	TEST	121	307.0	100.0	-157.78	4.16	0.20	3424
colight	TRAIN	122	340.9	3.5	-164.17	4.43	0.20	3267
colight	TEST	122	426.5	100.0	-216.81	5.73	0.24	3070
colight	TRAIN	123	380.7	3.6	-185.02	4.83	0.20	2983
colight	TEST	123	407.7	100.0	-218.15	5.64	0.23	2727
colight	TRAIN	124	334.5	3.6	-185.13	4.99	0.20	3351
colight	TEST	124	297.4	100.0	-173.66	4.79	0.20	3282
colight	TRAIN	125	351.4	3.2	-158.37	4.26	0.19	3424
colight	TEST	125	405.6	100.0	-192.64	5.10	0.22	3235
colight	TRAIN	126	393.6	3.8	-165.35	4.47	0.22	3126
colight	TEST	126	350.0	100.0	-205.45	5.46	0.22	2763
colight	TRAIN	127	369.5	3.6	-150.42	3.99	0.20	3332
colight	TEST	127	324.2	100.0	-182.76	4.99	0.20	3251
colight	TRAIN	128	366.5	3.5	-166.61	4.53	0.20	3251
colight	TEST	128	371.5	100.0	-188.31	5.07	0.21	3122
colight	TRAIN	129	377.3	3.0	-179.80	4.67	0.20	2891
colight	TEST	129	381.5	100.0	-206.82	5.56	0.22	3037
colight	TRAIN	130	302.9	2.9	-147.52	3.90	0.19	3352
colight	TEST	130	329.5	100.0	-182.90	5.00	0.20	3260
colight	TRAIN	131	363.5	3.0	-173.58	4.73	0.20	3389
colight	TEST	131	363.7	100.0	-199.06	5.39	0.22	3192
colight	TRAIN	132	337.1	3.1	-178.29	4.78	0.20	3176
colight	TEST	132	332.5	100.0	-178.16	4.89	0.20	3176
colight	TRAIN	133	346.2	3.4	-163.36	4.41	0.19	3282
colight	TEST	133	406.2	100.0	-197.45	5.26	0.23	3109
colight	TRAIN	134	294.6	3.3	-138.63	3.76	0.18	3429
colight	TEST	134	352.7	100.0	-187.22	5.04	0.20	3142
colight	TRAIN	135	362.4	3.0	-160.20	4.37	0.19	3104
colight	TEST	135	343.8	100.0	-212.41	5.51	0.22	3059
colight	TRAIN	136	335.8	2.8	-138.78	3.75	0.18	3536
colight	TEST	136	340.4	100.0	-192.23	4.84	0.21	3064
colight	TRAIN	137	307.4	3.0	-145.77	4.10	0.19	3246
colight	TEST	137	381.2	100.0	-217.34	5.58	0.22	2824
colight	TRAIN	138	346.7	3.3	-146.73	3.83	0.19	3299
colight	TEST	138	351.6	100.0	-187.69	5.06	0.21	3216
colight	TRAIN	139	341.8	3.8	-161.98	4.39	0.19	3302
colight	TEST	139	294.1	100.0	-181.65	4.88	0.18	3008
colight	TRAIN	140	310.4	3.6	-145.80	3.94	0.19	3312
colight	TEST	140	394.2	100.0	-232.93	5.77	0.22	2901
colight	TRAIN	141	341.0	2.9	-147.68	4.02	0.19	3367
colight	TEST	141	345.9	100.0	-193.43	5.29	0.20	3255
colight	TRAIN	142	275.5	3.3	-136.88	3.91	0.19	3340
colight	TEST	142	374.4	100.0	-207.42	5.58	0.20	2846
colight	TRAIN	143	293.5	3.0	-152.51	4.11	0.19	3365
colight	TEST	143	371.9	100.0	-203.05	5.41	0.23	3014
colight	TRAIN	144	342.6	3.1	-156.94	4.27	0.19	3238
colight	TEST	144	301.6	100.0	-167.74	4.56	0.19	3296
colight	TRAIN	145	356.2	3.3	-167.77	4.54	0.20	3281
colight	TEST	145	363.7	100.0	-199.12	5.27	0.22	2877
colight	TRAIN	146	342.5	2.8	-156.38	4.31	0.20	3376
colight	TEST	146	330.9	100.0	-174.76	4.71	0.20	3289
colight	TRAIN	147	317.0	2.4	-153.95	4.15	0.19	3337
colight	TEST	147	368.9	100.0	-200.33	5.43	0.22	3183
colight	TRAIN	148	329.9	2.5	-169.59	4.74	0.19	3377
colight	TEST	148	330.3	100.0	-196.08	5.28	0.22	3112
colight	TRAIN	149	367.8	2.6	-162.18	4.10	0.20	3187
colight	TEST	149	329.0	100.0	-191.26	4.81	0.23	3225
colight	TRAIN	150	352.2	2.8	-166.68	4.54	0.20	3357
colight	TEST	150	360.5	100.0	-193.23	5.20	0.21	3190
colight	TRAIN	151	308.2	3.2	-160.70	4.42	0.19	3367
colight	TEST	151	309.2	100.0	-163.77	4.46	0.20	3337
colight	TRAIN	152	320.2	2.8	-164.05	4.33	0.20	3166
colight	TEST	152	319.2	100.0	-175.60	4.67	0.21	3137
colight	TRAIN	153	336.6	3.1	-185.54	5.16	0.20	3129
colight	TEST	153	338.0	100.0	-168.70	4.44	0.21	3296
colight	TRAIN	154	373.4	2.8	-174.07	4.67	0.21	3187
colight	TEST	154	312.1	100.0	-168.62	4.36	0.20	3265
colight	TRAIN	155	366.4	3.4	-163.39	4.43	0.19	3307
colight	TEST	155	411.3	100.0	-193.51	5.14	0.21	3007
colight	TRAIN	156	354.4	3.5	-179.20	4.87	0.20	3269
colight	TEST	156	341.0	100.0	-178.03	4.79	0.20	3142
colight	TRAIN	157	336.2	4.0	-176.53	4.89	0.20	3331
colight	TEST	157	318.8	100.0	-176.58	4.76	0.20	3270
colight	TRAIN	158	375.3	4.7	-191.33	5.02	0.21	3212
colight	TEST	158	278.5	100.0	-160.83	4.23	0.20	3194
colight	TRAIN	159	347.5	4.9	-195.03	5.26	0.21	3092
colight	TEST	159	366.8	100.0	-199.61	5.21	0.22	3093
colight	TRAIN	160	404.5	4.3	-207.09	5.29	0.21	3069
colight	TEST	160	364.3	100.0	-195.98	5.15	0.22	2934
colight	TRAIN	161	344.6	4.4	-203.01	5.32	0.22	2944
colight	TEST	161	472.1	100.0	-381.99	9.59	0.33	1980
colight	TRAIN	162	330.1	4.1	-170.82	4.65	0.20	3255
colight	TEST	162	360.1	100.0	-192.57	5.24	0.21	3102
colight	TRAIN	163	307.9	4.3	-151.73	4.20	0.18	3403
colight	TEST	163	273.3	100.0	-174.80	4.73	0.19	3228
colight	TRAIN	164	329.6	3.8	-139.12	3.85	0.18	3288
colight	TEST	164	392.1	100.0	-199.52	5.39	0.21	2997
colight	TRAIN	165	355.0	3.7	-162.73	4.46	0.20	3140
colight	TEST	165	381.5	100.0	-206.19	5.40	0.22	2914
colight	TRAIN	166	378.4	3.7	-160.84	4.27	0.19	3106
colight	TEST	166	329.5	100.0	-174.73	4.61	0.20	3241
colight	TRAIN	167	317.1	4.3	-150.62	4.08	0.19	3252
colight	TEST	167	355.7	100.0	-178.11	4.83	0.21	3110
colight	TRAIN	168	303.9	4.4	-172.77	4.74	0.19	3203
colight	TEST	168	418.4	100.0	-191.18	4.88	0.22	3129
colight	TRAIN	169	308.4	3.5	-165.41	4.47	0.19	3258
colight	TEST	169	355.1	100.0	-186.16	4.96	0.22	3156
colight	TRAIN	170	321.8	3.3	-171.80	4.70	0.19	3383
colight	TEST	170	349.0	100.0	-198.70	5.29	0.23	3063
colight	TRAIN	171	295.4	2.9	-166.36	4.60	0.19	3289
colight	TEST	171	385.8	100.0	-212.17	5.72	0.23	3016
colight	TRAIN	172	359.3	2.7	-156.68	4.28	0.21	3268
colight	TEST	172	313.3	100.0	-178.47	4.86	0.20	3263
colight	TRAIN	173	335.5	3.0	-145.82	3.99	0.20	3399
colight	TEST	173	301.8	100.0	-177.56	4.96	0.20	3216
colight	TRAIN	174	328.8	2.9	-171.03	4.62	0.20	3306
colight	TEST	174	312.4	100.0	-172.37	4.73	0.20	3228
colight	TRAIN	175	313.6	2.7	-173.14	4.71	0.20	3218
colight	TEST	175	324.7	100.0	-187.89	4.99	0.21	3177
colight	TRAIN	176	300.2	2.5	-141.05	3.83	0.19	3304
colight	TEST	176	328.8	100.0	-184.87	4.99	0.20	3106
colight	TRAIN	177	368.3	2.6	-158.72	4.35	0.19	3290
colight	TEST	177	342.0	100.0	-204.23	5.49	0.23	2957
colight	TRAIN	178	357.4	2.8	-199.01	5.09	0.20	3074
colight	TEST	178	340.6	100.0	-175.57	4.70	0.20	3121
colight	TRAIN	179	347.3	2.6	-206.70	5.30	0.21	3135
colight	TEST	179	347.1	100.0	-175.30	4.70	0.21	3348
colight	TRAIN	180	359.2	2.8	-177.57	4.90	0.20	3172
colight	TEST	180	338.6	100.0	-189.67	5.12	0.22	3119
colight	TRAIN	181	372.6	2.6	-169.22	4.59	0.20	3155
colight	TEST	181	353.1	100.0	-182.84	4.90	0.21	3295
colight	TRAIN	182	366.0	2.6	-141.01	3.75	0.18	3319
colight	TEST	182	381.3	100.0	-181.83	4.83	0.21	3224
colight	TRAIN	183	346.6	2.6	-161.47	4.44	0.20	3277
colight	TEST	183	345.1	100.0	-188.20	5.06	0.20	3052
colight	TRAIN	184	386.7	2.9	-167.91	4.57	0.19	3316
colight	TEST	184	354.1	100.0	-175.97	4.73	0.21	3215
colight	TRAIN	185	354.3	2.9	-165.91	4.55	0.19	3239
colight	TEST	185	427.9	100.0	-207.53	5.51	0.22	2931
colight	TRAIN	186	329.9	2.8	-136.51	3.73	0.18	3405
colight	TEST	186	361.4	100.0	-201.52	5.30	0.23	3123
colight	TRAIN	187	350.4	2.6	-153.91	4.15	0.19	3465
colight	TEST	187	337.5	100.0	-201.73	5.06	0.22	3121
colight	TRAIN	188	406.7	2.6	-194.41	5.24	0.21	3085
colight	TEST	188	468.3	100.0	-248.18	6.73	0.24	2825
colight	TRAIN	189	363.6	3.3	-205.88	5.26	0.21	2850
colight	TEST	189	435.4	100.0	-220.48	5.60	0.22	2717
colight	TRAIN	190	356.0	3.3	-173.42	4.69	0.20	3254
colight	TEST	190	312.4	100.0	-182.83	5.01	0.20	2985
colight	TRAIN	191	355.3	3.5	-167.84	4.51	0.19	3197
colight	TEST	191	312.3	100.0	-182.09	4.80	0.20	3146
colight	TRAIN	192	383.9	3.7	-191.53	5.02	0.21	2981
colight	TEST	192	319.5	100.0	-191.03	5.06	0.21	2986
colight	TRAIN	193	365.0	4.2	-163.08	4.22	0.20	3239
colight	TEST	193	371.2	100.0	-193.06	5.08	0.21	3018
colight	TRAIN	194	325.6	4.1	-148.39	4.04	0.20	3347
colight	TEST	194	348.2	100.0	-189.19	5.07	0.20	3098
colight	TRAIN	195	383.9	4.2	-171.82	4.67	0.20	3385
colight	TEST	195	434.1	100.0	-228.20	5.56	0.23	2695
colight	TRAIN	196	297.2	3.5	-137.02	3.76	0.18	3361
colight	TEST	196	350.3	100.0	-267.10	6.38	0.23	2760
colight	TRAIN	197	346.8	4.0	-156.15	4.17	0.19	3260
colight	TEST	197	399.3	100.0	-272.12	6.85	0.22	2672
colight	TRAIN	198	325.5	4.4	-145.13	4.02	0.19	3329
colight	TEST	198	320.5	100.0	-184.52	4.93	0.20	3264
colight	TRAIN	199	337.2	3.9	-192.16	4.98	0.20	3146
colight	TEST	199	394.8	100.0	-251.10	6.61	0.22	2855
