colight	TRAIN	0	252.0	0.0	-46.30	1.51	0.06	1431
colight	TEST	0	764.6	100.0	-419.13	13.13	0.17	598
colight	TRAIN	1	251.4	0.0	-46.14	1.51	0.06	1427
colight	TEST	1	764.6	100.0	-419.13	13.13	0.17	598
colight	TRAIN	2	253.4	0.5	-46.76	1.53	0.06	1433
colight	TEST	2	683.7	100.0	-422.88	13.24	0.17	546
colight	TRAIN	3	230.5	0.9	-36.74	1.22	0.06	1437
colight	TEST	3	501.4	100.0	-241.74	7.59	0.15	1020
colight	TRAIN	4	221.2	1.4	-32.20	1.07	0.06	1439
colight	TEST	4	460.0	100.0	-244.45	7.68	0.14	982
colight	TRAIN	5	205.8	2.1	-25.54	0.87	0.05	1444
colight	TEST	5	187.5	100.0	-17.27	0.60	0.04	1450
colight	TRAIN	6	189.2	1.4	-18.33	0.64	0.04	1453
colight	TEST	6	177.2	100.0	-12.86	0.45	0.03	1452
colight	TRAIN	7	183.6	0.6	-16.06	0.56	0.04	1450
colight	TEST	7	172.6	100.0	-11.03	0.39	0.03	1451
colight	TRAIN	8	178.1	0.6	-13.61	0.48	0.03	1449
colight	TEST	8	171.5	100.0	-10.37	0.37	0.03	1453
colight	TRAIN	9	176.2	0.4	-12.61	0.45	0.03	1449
colight	TEST	9	169.8	100.0	-9.55	0.35	0.03	1453
colight	TRAIN	10	175.1	0.5	-12.11	0.44	0.03	1451
colight	TEST	10	170.7	100.0	-9.92	0.36	0.03	1453
colight	TRAIN	11	173.1	0.4	-10.99	0.40	0.03	1454
colight	TEST	11	170.3	100.0	-9.80	0.36	0.03	1453
colight	TRAIN	12	171.9	0.4	-10.63	0.38	0.03	1452
colight	TEST	12	170.1	100.0	-9.59	0.35	0.03	1451
colight	TRAIN	13	172.8	0.3	-10.98	0.40	0.03	1450
colight	TEST	13	170.2	100.0	-9.95	0.36	0.03	1452
colight	TRAIN	14	172.2	0.4	-10.77	0.39	0.03	1449
colight	TEST	14	170.3	100.0	-9.83	0.36	0.03	1452
colight	TRAIN	15	171.6	0.4	-10.52	0.38	0.03	1450
colight	TEST	15	169.6	100.0	-9.49	0.34	0.02	1451
colight	TRAIN	16	171.7	0.3	-10.65	0.38	0.03	1449
colight	TEST	16	169.9	100.0	-9.68	0.35	0.02	1452
colight	TRAIN	17	171.5	0.4	-10.42	0.38	0.03	1451
colight	TEST	17	169.4	100.0	-9.17	0.34	0.02	1453
colight	TRAIN	18	170.9	0.3	-10.13	0.37	0.03	1450
colight	TEST	18	169.7	100.0	-9.68	0.35	0.02	1450
colight	TRAIN	19	171.6	0.3	-10.37	0.37	0.03	1451
colight	TEST	19	170.8	100.0	-9.92	0.36	0.03	1452
colight	TRAIN	20	170.4	0.3	-9.78	0.36	0.03	1451
colight	TEST	20	169.9	100.0	-9.61	0.35	0.03	1452
colight	TRAIN	21	171.9	0.4	-10.52	0.38	0.03	1452
colight	TEST	21	170.2	100.0	-9.64	0.35	0.02	1452
colight	TRAIN	22	169.8	0.3	-9.78	0.36	0.02	1452
colight	TEST	22	169.0	100.0	-9.18	0.33	0.02	1452
colight	TRAIN	23	170.7	0.4	-10.11	0.37	0.02	1450
colight	TEST	23	171.1	100.0	-10.13	0.36	0.03	1451
colight	TRAIN	24	171.2	0.4	-10.18	0.37	0.03	1453
colight	TEST	24	171.7	100.0	-10.27	0.37	0.03	1452
colight	TRAIN	25	171.4	0.4	-10.24	0.37	0.03	1453
colight	TEST	25	169.8	100.0	-9.89	0.36	0.02	1451
colight	TRAIN	26	170.0	0.4	-9.90	0.36	0.02	1451
colight	TEST	26	170.4	100.0	-9.89	0.36	0.03	1452
colight	TRAIN	27	169.7	0.5	-9.67	0.35	0.02	1452
colight	TEST	27	170.7	100.0	-9.94	0.36	0.03	1452
colight	TRAIN	28	170.6	0.4	-9.93	0.36	0.02	1451
colight	TEST	28	169.6	100.0	-9.66	0.35	0.02	1452
colight	TRAIN	29	170.8	0.4	-9.99	0.36	0.02	1453
colight	TEST	29	169.9	100.0	-9.58	0.35	0.02	1453
colight	TRAIN	30	170.3	0.3	-9.90	0.36	0.02	1453
colight	TEST	30	170.1	100.0	-9.69	0.35	0.02	1451
colight	TRAIN	31	170.2	0.4	-9.80	0.36	0.02	1451
colight	TEST	31	169.5	100.0	-9.57	0.35	0.02	1451
colight	TRAIN	32	171.4	0.4	-10.40	0.37	0.03	1453
colight	TEST	32	170.1	100.0	-9.86	0.35	0.02	1452
colight	TRAIN	33	170.8	0.3	-10.14	0.37	0.03	1452
colight	TEST	33	170.8	100.0	-9.96	0.36	0.02	1454
colight	TRAIN	34	170.5	0.4	-9.92	0.36	0.02	1451
colight	TEST	34	169.6	100.0	-9.60	0.35	0.02	1451
colight	TRAIN	35	170.0	0.4	-9.84	0.36	0.02	1452
colight	TEST	35	169.5	100.0	-9.43	0.34	0.02	1452
colight	TRAIN	36	170.3	0.3	-9.87	0.36	0.02	1453
colight	TEST	36	170.1	100.0	-9.67	0.35	0.02	1453
colight	TRAIN	37	171.1	0.4	-10.21	0.37	0.03	1453
colight	TEST	37	170.3	100.0	-9.99	0.36	0.02	1453
colight	TRAIN	38	171.2	0.5	-10.25	0.37	0.02	1454
colight	TEST	38	170.1	100.0	-9.73	0.35	0.02	1452
colight	TRAIN	39	170.8	0.3	-9.84	0.36	0.03	1453
colight	TEST	39	170.8	100.0	-9.98	0.36	0.03	1452
colight	TRAIN	40	169.5	0.4	-9.38	0.34	0.02	1452
colight	TEST	40	170.1	100.0	-9.87	0.36	0.02	1452
colight	TRAIN	41	170.3	0.3	-9.79	0.36	0.02	1450
colight	TEST	41	170.1	100.0	-9.61	0.35	0.02	1452
colight	TRAIN	42	170.0	0.4	-9.66	0.35	0.02	1452
colight	TEST	42	169.9	100.0	-9.59	0.35	0.02	1453
colight	TRAIN	43	169.8	0.3	-9.50	0.34	0.02	1451
colight	TEST	43	170.7	100.0	-10.07	0.36	0.03	1453
colight	TRAIN	44	170.1	0.4	-9.92	0.36	0.02	1453
colight	TEST	44	170.5	100.0	-9.96	0.36	0.02	1453
colight	TRAIN	45	171.2	0.4	-10.11	0.37	0.02	1452
colight	TEST	45	169.4	100.0	-9.53	0.35	0.02	1452
colight	TRAIN	46	169.8	0.3	-9.61	0.35	0.02	1454
colight	TEST	46	170.2	100.0	-9.62	0.35	0.02	1454
colight	TRAIN	47	170.6	0.4	-10.03	0.36	0.02	1453
colight	TEST	47	169.9	100.0	-9.84	0.36	0.02	1453
colight	TRAIN	48	170.7	0.4	-9.99	0.36	0.02	1452
colight	TEST	48	170.2	100.0	-9.78	0.35	0.02	1453
colight	TRAIN	49	170.2	0.3	-9.90	0.36	0.02	1453
colight	TEST	49	170.6	100.0	-10.02	0.36	0.02	1451
colight	TRAIN	50	169.8	0.3	-9.78	0.35	0.02	1452
colight	TEST	50	170.6	100.0	-9.98	0.36	0.02	1451
colight	TRAIN	51	169.6	0.3	-9.60	0.35	0.02	1453
colight	TEST	51	171.2	100.0	-10.07	0.36	0.02	1452
colight	TRAIN	52	170.8	0.4	-10.13	0.37	0.02	1455
colight	TEST	52	170.6	100.0	-10.06	0.36	0.03	1454
colight	TRAIN	53	170.3	0.4	-10.09	0.37	0.02	1449
colight	TEST	53	170.6	100.0	-9.99	0.36	0.02	1453
colight	TRAIN	54	170.6	0.4	-9.91	0.36	0.02	1451
colight	TEST	54	169.8	100.0	-9.56	0.35	0.02	1452
colight	TRAIN	55	170.3	0.3	-9.82	0.36	0.02	1451
colight	TEST	55	170.0	100.0	-9.75	0.35	0.02	1452
colight	TRAIN	56	171.1	0.4	-10.06	0.36	0.02	1452
colight	TEST	56	170.8	100.0	-10.11	0.36	0.02	1452
colight	TRAIN	57	170.5	0.4	-9.97	0.36	0.02	1453
colight	TEST	57	170.7	100.0	-9.94	0.36	0.02	1452
colight	TRAIN	58	169.7	0.4	-9.78	0.35	0.02	1452
colight	TEST	58	169.5	100.0	-9.41	0.34	0.02	1454
colight	TRAIN	59	170.2	0.4	-9.63	0.35	0.02	1451
colight	TEST	59	169.8	100.0	-9.59	0.35	0.02	1451
colight	TRAIN	60	170.4	0.4	-10.00	0.36	0.02	1452
colight	TEST	60	170.9	100.0	-10.09	0.37	0.02	1451
colight	TRAIN	61	170.9	0.3	-10.02	0.36	0.02	1453
colight	TEST	61	170.3	100.0	-10.04	0.36	0.02	1450
colight	TRAIN	62	170.4	0.4	-9.72	0.35	0.02	1452
colight	TEST	62	170.5	100.0	-9.89	0.36	0.02	1454
colight	TRAIN	63	169.6	0.3	-9.58	0.35	0.02	1454
colight	TEST	63	171.1	100.0	-10.08	0.36	0.02	1451
colight	TRAIN	64	171.1	0.3	-10.04	0.36	0.02	1455
colight	TEST	64	170.3	100.0	-9.88	0.36	0.02	1452
colight	TRAIN	65	170.9	0.4	-10.16	0.37	0.02	1452
colight	TEST	65	171.1	100.0	-10.17	0.37	0.02	1453
colight	TRAIN	66	169.8	0.4	-9.48	0.34	0.02	1454
colight	TEST	66	170.6	100.0	-10.00	0.36	0.02	1452
colight	TRAIN	67	170.4	0.3	-9.85	0.36	0.02	1453
colight	TEST	67	170.7	100.0	-9.93	0.36	0.02	1453
colight	TRAIN	68	170.4	0.3	-9.68	0.35	0.02	1452
colight	TEST	68	170.8	100.0	-10.33	0.37	0.02	1453
colight	TRAIN	69	170.4	0.3	-9.76	0.35	0.02	1454
colight	TEST	69	171.0	100.0	-10.39	0.37	0.02	1451
colight	TRAIN	70	170.9	0.3	-10.12	0.37	0.02	1453
colight	TEST	70	168.9	100.0	-9.03	0.33	0.02	1454
colight	TRAIN	71	170.6	0.4	-10.03	0.36	0.02	1451
colight	TEST	71	171.4	100.0	-10.12	0.37	0.02	1453
colight	TRAIN	72	171.8	0.4	-10.73	0.38	0.02	1453
colight	TEST	72	170.4	100.0	-9.83	0.35	0.02	1451
colight	TRAIN	73	172.0	0.4	-10.59	0.38	0.03	1453
colight	TEST	73	170.2	100.0	-9.79	0.35	0.02	1451
colight	TRAIN	74	171.0	0.4	-10.18	0.37	0.02	1454
colight	TEST	74	170.1	100.0	-9.70	0.35	0.02	1454
colight	TRAIN	75	170.3	0.3	-9.70	0.35	0.02	1454
colight	TEST	75	170.5	100.0	-10.08	0.36	0.02	1452
colight	TRAIN	76	171.2	0.4	-10.30	0.37	0.02	1452
colight	TEST	76	170.1	100.0	-9.78	0.35	0.02	1453
colight	TRAIN	77	171.1	0.3	-10.21	0.37	0.02	1451
colight	TEST	77	170.6	100.0	-10.14	0.37	0.02	1453
colight	TRAIN	78	170.4	0.4	-10.24	0.37	0.02	1449
colight	TEST	78	171.2	100.0	-10.42	0.38	0.02	1452
colight	TRAIN	79	171.0	0.3	-10.31	0.37	0.02	1452
colight	TEST	79	170.7	100.0	-10.22	0.37	0.02	1454
colight	TRAIN	80	171.4	0.3	-10.37	0.37	0.02	1451
colight	TEST	80	171.0	100.0	-10.20	0.37	0.02	1452
colight	TRAIN	81	171.0	0.4	-10.27	0.37	0.02	1452
colight	TEST	81	170.6	100.0	-9.98	0.36	0.02	1452
colight	TRAIN	82	171.4	0.3	-10.39	0.38	0.02	1451
colight	TEST	82	170.0	100.0	-9.62	0.35	0.02	1451
colight	TRAIN	83	171.0	0.4	-10.34	0.37	0.02	1450
colight	TEST	83	172.7	100.0	-11.07	0.40	0.03	1451
colight	TRAIN	84	170.7	0.4	-10.02	0.37	0.02	1451
colight	TEST	84	170.8	100.0	-10.28	0.37	0.02	1453
colight	TRAIN	85	170.9	0.4	-10.14	0.37	0.02	1455
colight	TEST	85	171.2	100.0	-10.17	0.36	0.02	1454
colight	TRAIN	86	171.1	0.3	-10.10	0.37	0.02	1452
colight	TEST	86	170.7	100.0	-10.35	0.37	0.02	1455
colight	TRAIN	87	171.3	0.4	-10.41	0.37	0.02	1452
colight	TEST	87	171.3	100.0	-10.34	0.37	0.02	1452
colight	TRAIN	88	170.8	0.3	-10.12	0.37	0.02	1452
colight	TEST	88	170.6	100.0	-9.78	0.36	0.02	1454
colight	TRAIN	89	171.0	0.3	-10.12	0.36	0.02	1452
colight	TEST	89	169.8	100.0	-9.59	0.35	0.02	1451
colight	TRAIN	90	171.6	0.3	-10.45	0.38	0.02	1450
colight	TEST	90	170.3	100.0	-9.80	0.36	0.02	1452
colight	TRAIN	91	171.9	0.3	-10.67	0.39	0.03	1450
colight	TEST	91	171.3	100.0	-10.11	0.37	0.02	1452
colight	TRAIN	92	170.5	0.3	-9.93	0.36	0.02	1453
colight	TEST	92	170.0	100.0	-9.68	0.35	0.02	1453
colight	TRAIN	93	171.1	0.3	-10.33	0.37	0.02	1453
colight	TEST	93	170.8	100.0	-10.08	0.36	0.02	1452
colight	TRAIN	94	170.8	0.3	-9.96	0.36	0.02	1452
colight	TEST	94	170.7	100.0	-9.95	0.36	0.02	1453
colight	TRAIN	95	170.5	0.3	-9.92	0.36	0.02	1452
colight	TEST	95	171.0	100.0	-10.23	0.37	0.02	1451
colight	TRAIN	96	170.5	0.3	-10.09	0.37	0.02	1451
colight	TEST	96	170.8	100.0	-10.20	0.37	0.02	1449
colight	TRAIN	97	170.5	0.4	-9.78	0.35	0.02	1455
colight	TEST	97	170.5	100.0	-10.15	0.37	0.02	1454
colight	TRAIN	98	171.3	0.3	-10.23	0.37	0.02	1452
colight	TEST	98	170.4	100.0	-9.85	0.36	0.02	1451
colight	TRAIN	99	172.1	0.3	-10.55	0.38	0.03	1453
colight	TEST	99	171.3	100.0	-10.59	0.38	0.02	1454
colight	TRAIN	100	170.7	0.4	-10.06	0.37	0.02	1452
colight	TEST	100	171.1	100.0	-10.26	0.37	0.02	1453
colight	TRAIN	101	170.7	0.3	-9.94	0.36	0.02	1453
colight	TEST	101	171.0	100.0	-10.09	0.36	0.02	1453
colight	TRAIN	102	170.8	0.3	-10.08	0.36	0.02	1450
colight	TEST	102	171.1	100.0	-10.12	0.37	0.02	1450
colight	TRAIN	103	170.8	0.3	-10.27	0.37	0.02	1451
colight	TEST	103	171.8	100.0	-10.63	0.38	0.02	1451
colight	TRAIN	104	171.8	0.3	-10.55	0.38	0.03	1452
colight	TEST	104	171.3	100.0	-10.15	0.37	0.02	1453
colight	TRAIN	105	171.5	0.3	-10.49	0.38	0.02	1452
colight	TEST	105	171.6	100.0	-10.45	0.38	0.02	1451
colight	TRAIN	106	170.9	0.3	-10.19	0.37	0.02	1452
colight	TEST	106	170.8	100.0	-10.31	0.37	0.02	1451
colight	TRAIN	107	172.2	0.3	-10.78	0.39	0.03	1452
colight	TEST	107	171.0	100.0	-10.11	0.37	0.02	1453
colight	TRAIN	108	171.3	0.3	-10.41	0.37	0.02	1452
colight	TEST	108	172.3	100.0	-11.02	0.39	0.02	1452
colight	TRAIN	109	171.0	0.3	-10.22	0.37	0.02	1454
colight	TEST	109	171.4	100.0	-10.41	0.38	0.02	1452
colight	TRAIN	110	172.0	0.3	-10.71	0.39	0.03	1451
colight	TEST	110	171.2	100.0	-10.55	0.38	0.02	1452
colight	TRAIN	111	171.5	0.3	-10.44	0.37	0.02	1453
colight	TEST	111	170.7	100.0	-10.37	0.37	0.02	1453
colight	TRAIN	112	171.7	0.3	-10.61	0.38	0.03	1453
colight	TEST	112	171.4	100.0	-10.47	0.38	0.02	1453
colight	TRAIN	113	171.5	0.3	-10.32	0.37	0.02	1452
colight	TEST	113	172.4	100.0	-10.76	0.39	0.03	1452
colight	TRAIN	114	170.5	0.3	-10.03	0.36	0.02	1453
colight	TEST	114	170.5	100.0	-9.90	0.36	0.02	1454
colight	TRAIN	115	171.3	0.3	-10.41	0.38	0.03	1452
colight	TEST	115	170.7	100.0	-10.04	0.36	0.02	1453
colight	TRAIN	116	170.6	0.3	-9.97	0.36	0.02	1454
colight	TEST	116	172.2	100.0	-10.55	0.38	0.02	1453
colight	TRAIN	117	170.8	0.3	-10.35	0.38	0.02	1453
colight	TEST	117	172.2	100.0	-10.85	0.39	0.03	1451
colight	TRAIN	118	171.9	0.3	-10.54	0.38	0.02	1452
colight	TEST	118	171.8	100.0	-10.46	0.38	0.02	1453
colight	TRAIN	119	171.9	0.3	-10.64	0.38	0.02	1451
colight	TEST	119	171.8	100.0	-10.46	0.38	0.02	1452
colight	TRAIN	120	171.5	0.3	-10.33	0.37	0.02	1452
colight	TEST	120	170.8	100.0	-9.97	0.36	0.02	1451
colight	TRAIN	121	170.5	0.3	-9.93	0.36	0.02	1453
colight	TEST	121	171.3	100.0	-10.34	0.37	0.02	1453
colight	TRAIN	122	171.1	0.3	-10.37	0.37	0.02	1453
colight	TEST	122	171.1	100.0	-9.99	0.36	0.02	1451
colight	TRAIN	123	171.8	0.3	-10.42	0.38	0.02	1451
colight	TEST	123	171.1	100.0	-10.15	0.37	0.02	1451
colight	TRAIN	124	170.8	0.3	-10.19	0.37	0.02	1450
colight	TEST	124	172.1	100.0	-10.61	0.38	0.03	1454
colight	TRAIN	125	172.3	0.4	-10.80	0.39	0.03	1452
colight	TEST	125	170.7	100.0	-9.95	0.36	0.02	1450
colight	TRAIN	126	170.6	0.3	-9.99	0.36	0.02	1452
colight	TEST	126	171.8	100.0	-10.63	0.38	0.02	1452
colight	TRAIN	127	171.9	0.3	-10.85	0.39	0.02	1454
colight	TEST	127	171.1	100.0	-10.21	0.37	0.02	1453
colight	TRAIN	128	172.2	0.3	-10.62	0.38	0.02	1450
colight	TEST	128	171.7	100.0	-10.43	0.38	0.03	1454
colight	TRAIN	129	173.1	0.3	-11.13	0.40	0.03	1452
colight	TEST	129	171.7	100.0	-10.51	0.38	0.03	1453
colight	TRAIN	130	171.8	0.3	-10.76	0.39	0.03	1452
colight	TEST	130	171.3	100.0	-10.32	0.37	0.02	1454
colight	TRAIN	131	170.4	0.3	-9.92	0.36	0.02	1453
colight	TEST	131	171.1	100.0	-10.27	0.37	0.02	1452
colight	TRAIN	132	172.4	0.3	-10.91	0.39	0.03	1449
colight	TEST	132	171.6	100.0	-10.43	0.37	0.02	1452
colight	TRAIN	133	171.9	0.3	-10.63	0.38	0.03	1451
colight	TEST	133	170.6	100.0	-10.11	0.36	0.02	1453
colight	TRAIN	134	171.2	0.3	-10.20	0.37	0.02	1452
colight	TEST	134	171.0	100.0	-10.08	0.36	0.02	1451
colight	TRAIN	135	171.6	0.3	-10.47	0.38	0.02	1452
colight	TEST	135	171.3	100.0	-10.51	0.38	0.02	1454
colight	TRAIN	136	171.2	0.3	-10.25	0.37	0.02	1451
colight	TEST	136	170.5	100.0	-9.86	0.36	0.02	1454
colight	TRAIN	137	170.6	0.3	-10.26	0.37	0.02	1449
colight	TEST	137	171.4	100.0	-10.62	0.38	0.02	1450
colight	TRAIN	138	171.7	0.3	-10.55	0.38	0.02	1452
colight	TEST	138	172.2	100.0	-10.78	0.39	0.02	1453
colight	TRAIN	139	172.4	0.3	-11.00	0.39	0.03	1454
colight	TEST	139	171.3	100.0	-10.62	0.38	0.02	1451
colight	TRAIN	140	171.4	0.3	-10.39	0.37	0.02	1453
colight	TEST	140	171.3	100.0	-10.21	0.37	0.02	1452
colight	TRAIN	141	171.5	0.3	-10.47	0.38	0.02	1453
colight	TEST	141	172.2	100.0	-10.54	0.38	0.02	1454
colight	TRAIN	142	171.8	0.3	-10.62	0.38	0.02	1452
colight	TEST	142	172.1	100.0	-10.74	0.39	0.02	1454
colight	TRAIN	143	172.0	0.3	-10.67	0.38	0.03	1453
colight	TEST	143	171.6	100.0	-10.59	0.38	0.02	1451
colight	TRAIN	144	172.5	0.3	-10.83	0.39	0.03	1452
colight	TEST	144	171.7	100.0	-10.46	0.38	0.02	1454
colight	TRAIN	145	171.9	0.3	-10.75	0.38	0.02	1453
colight	TEST	145	171.2	100.0	-10.34	0.37	0.02	1453
colight	TRAIN	146	171.7	0.3	-10.66	0.38	0.02	1452
colight	TEST	146	171.0	100.0	-10.04	0.36	0.02	1454
colight	TRAIN	147	171.3	0.3	-10.24	0.37	0.02	1454
colight	TEST	147	171.2	100.0	-10.16	0.37	0.02	1453
colight	TRAIN	148	171.4	0.3	-10.31	0.37	0.02	1454
colight	TEST	148	171.9	100.0	-10.49	0.38	0.02	1454
colight	TRAIN	149	172.2	0.3	-10.70	0.38	0.03	1454
colight	TEST	149	172.6	100.0	-10.73	0.38	0.02	1452
colight	TRAIN	150	170.7	0.3	-10.12	0.36	0.02	1452
colight	TEST	150	171.0	100.0	-10.24	0.37	0.02	1454
colight	TRAIN	151	172.4	0.3	-10.89	0.39	0.02	1451
colight	TEST	151	172.5	100.0	-10.83	0.39	0.02	1454
colight	TRAIN	152	171.3	0.3	-10.42	0.37	0.02	1454
colight	TEST	152	171.2	100.0	-10.35	0.37	0.02	1454
colight	TRAIN	153	172.2	0.3	-10.86	0.39	0.02	1451
colight	TEST	153	172.2	100.0	-10.82	0.39	0.03	1452
colight	TRAIN	154	171.9	0.3	-10.63	0.38	0.02	1453
colight	TEST	154	171.1	100.0	-10.18	0.37	0.02	1453
colight	TRAIN	155	172.3	0.3	-10.80	0.39	0.02	1450
colight	TEST	155	173.7	100.0	-11.33	0.40	0.03	1450
colight	TRAIN	156	172.1	0.3	-10.63	0.38	0.02	1453
colight	TEST	156	172.3	100.0	-10.65	0.38	0.03	1451
colight	TRAIN	157	171.3	0.3	-10.18	0.36	0.02	1450
colight	TEST	157	171.3	100.0	-10.28	0.37	0.02	1452
colight	TRAIN	158	172.8	0.3	-11.01	0.40	0.03	1454
colight	TEST	158	171.5	100.0	-10.50	0.38	0.02	1452
colight	TRAIN	159	171.3	0.3	-10.16	0.37	0.02	1450
colight	TEST	159	172.3	100.0	-10.67	0.38	0.03	1453
colight	TRAIN	160	172.6	0.3	-10.87	0.39	0.02	1454
colight	TEST	160	172.1	100.0	-10.69	0.38	0.02	1450
colight	TRAIN	161	171.1	0.3	-10.19	0.37	0.02	1450
colight	TEST	161	172.4	100.0	-10.93	0.39	0.03	1451
colight	TRAIN	162	171.5	0.3	-10.47	0.38	0.02	1451
colight	TEST	162	172.1	100.0	-10.70	0.38	0.02	1452
colight	TRAIN	163	172.0	0.3	-10.82	0.39	0.02	1451
colight	TEST	163	172.1	100.0	-10.85	0.39	0.02	1452
colight	TRAIN	164	171.7	0.3	-10.58	0.38	0.02	1452
colight	TEST	164	171.8	100.0	-10.60	0.38	0.02	1450
colight	TRAIN	165	172.5	0.3	-10.85	0.39	0.02	1452
colight	TEST	165	172.0	100.0	-10.74	0.38	0.02	1452
colight	TRAIN	166	172.0	0.3	-10.70	0.38	0.03	1451
colight	TEST	166	171.8	100.0	-10.55	0.38	0.02	1454
colight	TRAIN	167	173.2	0.3	-11.08	0.40	0.03	1453
colight	TEST	167	171.5	100.0	-10.44	0.38	0.02	1453
colight	TRAIN	168	171.8	0.3	-10.47	0.38	0.02	1454
colight	TEST	168	172.0	100.0	-10.64	0.38	0.02	1454
colight	TRAIN	169	172.4	0.3	-11.03	0.40	0.03	1454
colight	TEST	169	171.6	100.0	-10.64	0.38	0.02	1453
colight	TRAIN	170	172.8	0.3	-11.04	0.39	0.03	1453
colight	TEST	170	172.0	100.0	-10.56	0.38	0.02	1452
colight	TRAIN	171	171.8	0.3	-10.49	0.38	0.02	1452
colight	TEST	171	173.7	100.0	-11.37	0.41	0.03	1453
colight	TRAIN	172	172.0	0.3	-10.66	0.38	0.02	1451
colight	TEST	172	172.0	100.0	-10.80	0.38	0.02	1453
colight	TRAIN	173	173.6	0.3	-11.24	0.40	0.03	1453
colight	TEST	173	170.8	100.0	-10.27	0.37	0.02	1453
colight	TRAIN	174	173.2	0.3	-11.10	0.40	0.03	1454
colight	TEST	174	172.2	100.0	-10.71	0.39	0.02	1453
colight	TRAIN	175	171.4	0.3	-10.54	0.38	0.02	1453
colight	TEST	175	171.5	100.0	-10.52	0.38	0.02	1454
colight	TRAIN	176	173.1	0.3	-11.14	0.40	0.03	1454
colight	TEST	176	173.6	100.0	-11.40	0.41	0.03	1453
colight	TRAIN	177	172.7	0.3	-11.05	0.40	0.03	1453
colight	TEST	177	171.2	100.0	-10.46	0.38	0.02	1453
colight	TRAIN	178	172.5	0.3	-10.83	0.39	0.03	1454
colight	TEST	178	172.7	100.0	-11.03	0.40	0.03	1454
colight	TRAIN	179	172.8	0.3	-10.98	0.40	0.03	1452
colight	TEST	179	172.3	100.0	-10.68	0.38	0.03	1453
colight	TRAIN	180	173.6	0.3	-11.39	0.41	0.03	1454
colight	TEST	180	171.6	100.0	-10.56	0.38	0.02	1453
colight	TRAIN	181	171.4	0.3	-10.18	0.37	0.02	1454
colight	TEST	181	171.4	100.0	-10.40	0.38	0.02	1453
colight	TRAIN	182	173.1	0.3	-11.01	0.40	0.03	1452
colight	TEST	182	172.2	100.0	-10.82	0.39	0.02	1453
colight	TRAIN	183	173.1	0.3	-11.02	0.39	0.03	1453
colight	TEST	183	172.7	100.0	-10.91	0.39	0.03	1453
colight	TRAIN	184	172.1	0.3	-10.62	0.39	0.03	1452
colight	TEST	184	172.6	100.0	-11.17	0.40	0.03	1453
colight	TRAIN	185	172.2	0.3	-11.04	0.39	0.02	1454
colight	TEST	185	170.6	100.0	-10.12	0.36	0.02	1453
colight	TRAIN	186	171.3	0.3	-10.48	0.38	0.02	1452
colight	TEST	186	171.3	100.0	-10.44	0.38	0.02	1451
colight	TRAIN	187	172.5	0.3	-11.03	0.40	0.03	1451
colight	TEST	187	170.8	100.0	-10.42	0.37	0.02	1455
colight	TRAIN	188	173.6	0.3	-11.37	0.41	0.03	1454
colight	TEST	188	172.4	100.0	-10.90	0.39	0.03	1452
colight	TRAIN	189	171.6	0.3	-10.51	0.38	0.02	1452
colight	TEST	189	171.4	100.0	-10.61	0.38	0.02	1451
colight	TRAIN	190	172.6	0.3	-10.86	0.39	0.02	1452
colight	TEST	190	171.1	100.0	-10.34	0.37	0.02	1455
colight	TRAIN	191	172.6	0.3	-11.06	0.40	0.02	1452
colight	TEST	191	171.8	100.0	-10.67	0.38	0.02	1454
colight	TRAIN	192	171.7	0.3	-10.61	0.38	0.02	1451
colight	TEST	192	171.8	100.0	-10.77	0.39	0.03	1452
colight	TRAIN	193	172.6	0.3	-10.85	0.39	0.02	1452
colight	TEST	193	172.5	100.0	-10.93	0.39	0.03	1452
colight	TRAIN	194	172.2	0.3	-10.64	0.38	0.03	1453
colight	TEST	194	172.1	100.0	-10.90	0.39	0.03	1453
colight	TRAIN	195	171.6	0.3	-10.39	0.37	0.02	1453
colight	TEST	195	171.9	100.0	-10.75	0.39	0.02	1454
colight	TRAIN	196	172.1	0.3	-10.86	0.39	0.02	1454
colight	TEST	196	171.7	100.0	-10.83	0.39	0.02	1450
colight	TRAIN	197	172.5	0.3	-11.04	0.40	0.03	1451
colight	TEST	197	172.8	100.0	-10.97	0.39	0.03	1452
colight	TRAIN	198	172.6	0.3	-10.95	0.39	0.02	1452
colight	TEST	198	172.3	100.0	-10.87	0.39	0.03	1453
colight	TRAIN	199	171.4	0.3	-10.62	0.38	0.02	1451
colight	TEST	199	173.1	100.0	-11.24	0.40	0.03	1453
