colight	TRAIN	0	370.2	0.0	-22.43	0.57	0.07	3653
colight	TEST	0	1257.6	100.0	-50.74	1.14	0.14	332
colight	TRAIN	1	371.7	0.0	-20.66	0.53	0.07	3639
colight	TEST	1	1257.6	100.0	-50.74	1.14	0.14	332
colight	TRAIN	2	385.5	0.6	-23.06	0.58	0.07	3658
colight	TEST	2	634.9	100.0	-53.73	1.21	0.13	1018
colight	TRAIN	3	343.3	0.8	-15.44	0.36	0.05	3617
colight	TEST	3	890.4	100.0	-47.53	1.09	0.12	1026
colight	TRAIN	4	332.9	0.7	-13.84	0.31	0.05	3602
colight	TEST	4	669.9	100.0	-46.75	1.03	0.11	1259
colight	TRAIN	5	311.3	0.6	-15.55	0.34	0.05	3774
colight	TEST	5	640.0	100.0	-48.02	1.04	0.11	1206
colight	TRAIN	6	345.2	0.6	-18.93	0.46	0.06	3860
colight	TEST	6	708.2	100.0	-42.85	0.93	0.11	1281
colight	TRAIN	7	354.0	0.7	-17.25	0.40	0.06	3733
colight	TEST	7	582.5	100.0	-44.54	1.09	0.12	1145
colight	TRAIN	8	335.3	0.6	-14.97	0.37	0.05	3532
colight	TEST	8	896.9	100.0	-45.65	1.04	0.11	1428
colight	TRAIN	9	370.7	0.5	-19.13	0.48	0.06	3508
colight	TEST	9	600.3	100.0	-44.97	1.00	0.11	1366
colight	TRAIN	10	425.0	0.5	-22.95	0.58	0.07	3479
colight	TEST	10	593.0	100.0	-43.72	0.99	0.12	1285
colight	TRAIN	11	433.5	0.4	-23.22	0.58	0.06	3149
colight	TEST	11	602.1	100.0	-38.69	0.88	0.10	1362
colight	TRAIN	12	488.4	0.4	-25.65	0.60	0.07	2900
colight	TEST	12	1040.7	100.0	-39.96	0.97	0.12	562
colight	TRAIN	13	667.9	0.4	-40.94	0.97	0.10	2767
colight	TEST	13	748.3	100.0	-43.46	1.14	0.13	813
colight	TRAIN	14	498.6	0.4	-48.09	1.20	0.13	1796
colight	TEST	14	715.7	100.0	-50.58	1.32	0.14	963
colight	TRAIN	15	677.3	0.4	-47.11	1.21	0.12	2209
colight	TEST	15	1197.6	100.0	-44.58	0.98	0.12	587
colight	TRAIN	16	537.0	0.6	-30.82	0.74	0.09	3170
colight	TEST	16	672.3	100.0	-35.54	0.85	0.10	1275
colight	TRAIN	17	522.6	0.6	-27.64	0.68	0.08	2499
colight	TEST	17	670.7	100.0	-36.52	0.88	0.10	1439
colight	TRAIN	18	433.3	0.7	-24.65	0.61	0.06	2641
colight	TEST	18	963.9	100.0	-44.12	1.11	0.12	800
colight	TRAIN	19	510.9	0.5	-27.21	0.68	0.07	2581
colight	TEST	19	614.9	100.0	-30.80	0.77	0.09	1603
colight	TRAIN	20	457.4	0.4	-32.14	0.79	0.08	2273
colight	TEST	20	614.1	100.0	-45.26	0.95	0.10	1240
colight	TRAIN	21	511.2	0.5	-29.08	0.72	0.08	2413
colight	TEST	21	927.2	100.0	-35.86	0.91	0.09	1108
colight	TRAIN	22	495.9	0.5	-28.41	0.70	0.07	2118
colight	TEST	22	723.4	100.0	-39.01	0.91	0.10	1426
colight	TRAIN	23	504.0	0.5	-23.52	0.60	0.07	2289
colight	TEST	23	591.3	100.0	-50.54	1.06	0.12	1210
colight	TRAIN	24	457.4	0.4	-25.65	0.67	0.07	2283
colight	TEST	24	690.2	100.0	-39.07	0.92	0.10	1411
colight	TRAIN	25	428.2	0.4	-28.35	0.73	0.08	2241
colight	TEST	25	891.8	100.0	-37.46	0.84	0.10	1084
colight	TRAIN	26	498.7	0.6	-28.30	0.74	0.08	2328
colight	TEST	26	562.9	100.0	-43.93	1.00	0.12	1225
colight	TRAIN	27	514.1	0.7	-24.65	0.65	0.08	2392
colight	TEST	27	918.2	100.0	-38.15	0.89	0.10	1114
colight	TRAIN	28	502.2	0.7	-26.72	0.70	0.08	2093
colight	TEST	28	583.5	100.0	-42.75	0.97	0.11	1273
colight	TRAIN	29	457.7	0.6	-31.76	0.78	0.10	2177
colight	TEST	29	1097.8	100.0	-33.11	0.84	0.11	851
colight	TRAIN	30	553.5	0.7	-30.46	0.76	0.09	2117
colight	TEST	30	1020.4	100.0	-38.57	0.88	0.10	975
colight	TRAIN	31	440.3	0.5	-25.64	0.66	0.08	2244
colight	TEST	31	606.6	100.0	-45.20	1.11	0.11	1356
colight	TRAIN	32	518.4	0.5	-28.69	0.72	0.08	2146
colight	TEST	32	565.8	100.0	-39.45	0.93	0.11	1298
colight	TRAIN	33	497.5	0.6	-26.87	0.71	0.08	2257
colight	TEST	33	610.6	100.0	-36.72	0.90	0.10	1341
colight	TRAIN	34	527.6	0.7	-25.64	0.69	0.07	2156
colight	TEST	34	577.6	100.0	-38.79	0.96	0.10	1394
colight	TRAIN	35	485.7	0.6	-27.71	0.67	0.08	2150
colight	TEST	35	530.2	100.0	-40.98	0.95	0.11	1351
colight	TRAIN	36	472.7	0.6	-28.59	0.71	0.08	2143
colight	TEST	36	551.6	100.0	-42.81	0.96	0.11	1271
colight	TRAIN	37	477.2	0.7	-25.82	0.69	0.07	2444
colight	TEST	37	591.5	100.0	-39.98	0.95	0.11	1310
colight	TRAIN	38	512.5	0.6	-27.53	0.68	0.09	2142
colight	TEST	38	1156.7	100.0	-37.91	1.00	0.10	849
colight	TRAIN	39	445.0	0.7	-28.52	0.74	0.08	2154
colight	TEST	39	546.2	100.0	-41.17	0.94	0.10	1310
colight	TRAIN	40	441.8	0.5	-23.37	0.62	0.07	2318
colight	TEST	40	905.0	100.0	-36.40	0.89	0.10	1209
colight	TRAIN	41	436.7	0.5	-29.56	0.72	0.08	2197
colight	TEST	41	885.9	100.0	-35.10	0.96	0.10	866
colight	TRAIN	42	456.3	0.5	-26.10	0.69	0.08	2273
colight	TEST	42	629.2	100.0	-38.04	0.88	0.10	1443
colight	TRAIN	43	489.8	0.3	-27.01	0.70	0.08	2111
colight	TEST	43	945.0	100.0	-41.93	1.05	0.10	973
colight	TRAIN	44	456.5	0.3	-31.88	0.81	0.09	2235
colight	TEST	44	595.9	100.0	-42.64	0.97	0.11	1280
colight	TRAIN	45	527.9	0.4	-36.27	0.80	0.09	2142
colight	TEST	45	751.6	100.0	-35.91	0.87	0.11	1365
colight	TRAIN	46	479.8	0.4	-24.15	0.63	0.07	2296
colight	TEST	46	554.5	100.0	-37.06	0.90	0.10	1384
colight	TRAIN	47	459.4	0.4	-27.98	0.69	0.08	2227
colight	TEST	47	906.8	100.0	-41.11	1.06	0.11	1081
colight	TRAIN	48	447.7	0.4	-23.84	0.64	0.07	2300
colight	TEST	48	1071.8	100.0	-37.48	0.97	0.11	956
colight	TRAIN	49	420.4	0.5	-27.73	0.72	0.08	2341
colight	TEST	49	737.1	100.0	-33.63	0.85	0.09	1299
colight	TRAIN	50	454.4	0.6	-27.03	0.69	0.07	2331
colight	TEST	50	581.0	100.0	-41.27	0.94	0.10	1439
colight	TRAIN	51	423.7	0.5	-28.72	0.71	0.08	2141
colight	TEST	51	998.6	100.0	-41.13	1.06	0.12	788
colight	TRAIN	52	487.3	0.5	-34.68	0.86	0.08	2162
colight	TEST	52	670.6	100.0	-40.55	0.96	0.10	1581
colight	TRAIN	53	479.8	0.5	-29.48	0.79	0.09	2084
colight	TEST	53	682.1	100.0	-40.17	0.89	0.10	1469
colight	TRAIN	54	489.7	0.5	-28.35	0.74	0.08	2213
colight	TEST	54	883.5	100.0	-39.34	0.98	0.12	1007
colight	TRAIN	55	449.6	0.5	-28.38	0.74	0.08	2400
colight	TEST	55	731.8	100.0	-37.12	0.85	0.11	1600
