colight	TRAIN	0	276.7	0.0	-53.14	1.70	0.05	1432
colight	TEST	0	515.4	100.0	-370.97	11.62	0.15	674
colight	TRAIN	1	289.4	0.0	-58.80	1.88	0.06	1425
colight	TEST	1	515.4	100.0	-370.97	11.62	0.15	674
colight	TRAIN	2	267.0	1.0	-49.16	1.58	0.05	1439
colight	TEST	2	189.8	100.0	-18.18	0.59	0.03	1437
colight	TRAIN	3	176.0	0.4	-10.90	0.38	0.02	1447
colight	TEST	3	152.8	100.0	-0.12	0.00	0.01	1457
colight	TRAIN	4	168.4	0.2	-7.57	0.27	0.02	1450
colight	TEST	4	153.0	100.0	-0.30	0.01	0.01	1457
colight	TRAIN	5	165.6	0.2	-6.11	0.22	0.02	1452
colight	TEST	5	153.0	100.0	-0.21	0.01	0.01	1456
colight	TRAIN	6	161.3	0.1	-4.00	0.15	0.01	1453
colight	TEST	6	152.7	100.0	-0.10	0.00	0.01	1457
colight	TRAIN	7	158.8	0.1	-3.03	0.12	0.01	1453
colight	TEST	7	152.8	100.0	-0.15	0.00	0.01	1456
colight	TRAIN	8	157.6	0.1	-2.61	0.10	0.01	1453
colight	TEST	8	152.8	100.0	-0.12	0.00	0.01	1457
colight	TRAIN	9	156.2	0.1	-1.80	0.07	0.01	1454
colight	TEST	9	152.8	100.0	-0.13	0.00	0.01	1457
colight	TRAIN	10	155.8	0.1	-1.61	0.06	0.01	1451
colight	TEST	10	152.8	100.0	-0.12	0.00	0.01	1457
colight	TRAIN	11	155.5	0.1	-1.32	0.05	0.01	1456
colight	TEST	11	152.8	100.0	-0.12	0.00	0.01	1457
colight	TRAIN	12	154.9	0.1	-1.19	0.05	0.01	1457
colight	TEST	12	152.7	100.0	-0.13	0.00	0.01	1456
colight	TRAIN	13	154.7	0.1	-0.97	0.04	0.01	1456
colight	TEST	13	152.8	100.0	-0.12	0.00	0.01	1457
colight	TRAIN	14	154.8	0.0	-1.06	0.04	0.01	1456
colight	TEST	14	152.9	100.0	-0.13	0.00	0.01	1457
colight	TRAIN	15	153.7	0.0	-0.56	0.02	0.01	1453
colight	TEST	15	152.7	100.0	-0.15	0.00	0.01	1457
colight	TRAIN	16	153.4	0.0	-0.45	0.02	0.01	1454
colight	TEST	16	152.8	100.0	-0.12	0.00	0.01	1457
colight	TRAIN	17	153.8	0.0	-0.51	0.02	0.01	1458
colight	TEST	17	152.9	100.0	-0.13	0.00	0.01	1458
colight	TRAIN	18	153.8	0.0	-0.59	0.02	0.01	1456
colight	TEST	18	152.8	100.0	-0.16	0.01	0.01	1457
colight	TRAIN	19	153.9	0.0	-0.60	0.02	0.01	1457
colight	TEST	19	152.8	100.0	-0.09	0.00	0.01	1457
colight	TRAIN	20	153.1	0.0	-0.27	0.01	0.01	1458
colight	TEST	20	152.8	100.0	-0.14	0.00	0.01	1458
colight	TRAIN	21	153.3	0.0	-0.41	0.02	0.01	1457
colight	TEST	21	152.9	100.0	-0.16	0.01	0.01	1457
colight	TRAIN	22	153.6	0.0	-0.48	0.02	0.01	1456
colight	TEST	22	152.7	100.0	-0.14	0.00	0.01	1457
colight	TRAIN	23	153.4	0.0	-0.34	0.01	0.01	1457
colight	TEST	23	152.9	100.0	-0.15	0.01	0.01	1455
colight	TRAIN	24	153.3	0.0	-0.33	0.01	0.01	1457
colight	TEST	24	152.9	100.0	-0.16	0.01	0.01	1457
colight	TRAIN	25	153.0	0.0	-0.19	0.01	0.01	1457
colight	TEST	25	152.9	100.0	-0.20	0.01	0.01	1457
colight	TRAIN	26	153.2	0.0	-0.36	0.01	0.01	1456
colight	TEST	26	152.8	100.0	-0.13	0.00	0.01	1457
colight	TRAIN	27	153.1	0.0	-0.25	0.01	0.01	1457
colight	TEST	27	152.9	100.0	-0.19	0.01	0.01	1457
colight	TRAIN	28	153.2	0.0	-0.23	0.01	0.01	1457
colight	TEST	28	153.2	100.0	-0.31	0.01	0.01	1457
colight	TRAIN	29	153.3	0.0	-0.42	0.02	0.01	1455
colight	TEST	29	153.3	100.0	-0.34	0.01	0.01	1457
colight	TRAIN	30	153.1	0.0	-0.26	0.01	0.01	1457
colight	TEST	30	153.1	100.0	-0.25	0.01	0.01	1457
colight	TRAIN	31	175.9	0.1	-28.77	0.91	0.02	1348
colight	TEST	31	157.1	100.0	-2.61	0.09	0.01	1455
colight	TRAIN	32	154.7	0.1	-1.09	0.04	0.01	1458
colight	TEST	32	153.0	100.0	-0.30	0.01	0.01	1457
colight	TRAIN	33	153.4	0.0	-0.37	0.02	0.01	1456
colight	TEST	33	153.0	100.0	-0.22	0.01	0.01	1456
colight	TRAIN	34	153.3	0.0	-0.27	0.01	0.01	1458
colight	TEST	34	165.9	100.0	-4.73	0.15	0.01	1457
colight	TRAIN	35	153.2	0.0	-0.28	0.01	0.01	1458
colight	TEST	35	153.0	100.0	-0.16	0.01	0.01	1457
colight	TRAIN	36	153.2	0.0	-0.23	0.01	0.01	1457
colight	TEST	36	153.2	100.0	-0.31	0.01	0.01	1457
colight	TRAIN	37	153.2	0.0	-0.33	0.01	0.01	1457
colight	TEST	37	153.0	100.0	-0.23	0.01	0.01	1457
colight	TRAIN	38	152.9	0.0	-0.21	0.01	0.01	1457
colight	TEST	38	152.9	100.0	-0.14	0.00	0.01	1457
colight	TRAIN	39	153.2	0.0	-0.29	0.01	0.01	1457
colight	TEST	39	153.2	100.0	-0.22	0.01	0.01	1456
colight	TRAIN	40	153.2	0.0	-0.29	0.01	0.01	1458
colight	TEST	40	152.9	100.0	-0.16	0.01	0.01	1458
colight	TRAIN	41	153.3	0.0	-0.28	0.01	0.01	1457
colight	TEST	41	152.9	100.0	-0.20	0.01	0.01	1458
colight	TRAIN	42	153.0	0.0	-0.19	0.01	0.01	1458
colight	TEST	42	153.1	100.0	-0.25	0.01	0.01	1457
colight	TRAIN	43	152.9	0.0	-0.18	0.01	0.01	1456
colight	TEST	43	153.3	100.0	-0.23	0.01	0.01	1457
colight	TRAIN	44	153.2	0.0	-0.26	0.01	0.01	1457
colight	TEST	44	152.9	100.0	-0.17	0.01	0.01	1457
colight	TRAIN	45	153.2	0.0	-0.33	0.01	0.01	1457
colight	TEST	45	153.1	100.0	-0.18	0.01	0.01	1456
colight	TRAIN	46	153.4	0.0	-0.36	0.01	0.01	1456
colight	TEST	46	152.8	100.0	-0.09	0.00	0.01	1457
colight	TRAIN	47	153.0	0.0	-0.24	0.01	0.01	1456
colight	TEST	47	153.1	100.0	-0.21	0.01	0.01	1457
colight	TRAIN	48	192.8	0.0	-20.71	0.65	0.01	1412
colight	TEST	48	153.5	100.0	-0.39	0.01	0.01	1457
colight	TRAIN	49	155.0	0.1	-1.21	0.05	0.01	1456
colight	TEST	49	153.5	100.0	-0.60	0.02	0.01	1456
colight	TRAIN	50	153.5	0.1	-0.50	0.02	0.01	1456
colight	TEST	50	153.0	100.0	-0.16	0.01	0.01	1455
colight	TRAIN	51	153.2	0.1	-0.32	0.01	0.01	1456
colight	TEST	51	152.8	100.0	-0.13	0.00	0.01	1457
colight	TRAIN	52	153.1	0.0	-0.24	0.01	0.01	1457
colight	TEST	52	153.0	100.0	-0.19	0.01	0.01	1457
colight	TRAIN	53	153.3	0.0	-0.28	0.01	0.01	1457
colight	TEST	53	152.8	100.0	-0.18	0.01	0.01	1457
colight	TRAIN	54	164.2	0.1	-3.95	0.13	0.01	1457
colight	TEST	54	154.4	100.0	-0.85	0.03	0.01	1456
colight	TRAIN	55	155.0	0.2	-1.15	0.05	0.01	1452
colight	TEST	55	153.8	100.0	-0.51	0.02	0.01	1457
colight	TRAIN	56	155.4	0.3	-1.16	0.05	0.01	1456
colight	TEST	56	153.9	100.0	-0.47	0.02	0.01	1457
colight	TRAIN	57	154.9	0.3	-0.94	0.04	0.01	1457
colight	TEST	57	154.6	100.0	-0.85	0.03	0.01	1458
colight	TRAIN	58	154.2	0.2	-0.78	0.03	0.01	1456
colight	TEST	58	154.4	100.0	-0.78	0.03	0.01	1457
colight	TRAIN	59	153.9	0.2	-0.71	0.03	0.01	1457
colight	TEST	59	153.7	100.0	-0.62	0.02	0.01	1457
colight	TRAIN	60	153.7	0.1	-0.44	0.02	0.01	1458
colight	TEST	60	153.2	100.0	-0.21	0.01	0.01	1457
colight	TRAIN	61	153.2	0.1	-0.37	0.01	0.01	1456
colight	TEST	61	153.2	100.0	-0.17	0.01	0.01	1456
colight	TRAIN	62	153.5	0.0	-0.42	0.02	0.01	1456
colight	TEST	62	153.0	100.0	-0.21	0.01	0.01	1457
colight	TRAIN	63	153.4	0.0	-0.38	0.01	0.01	1457
colight	TEST	63	153.7	100.0	-0.72	0.03	0.01	1458
colight	TRAIN	64	153.2	0.0	-0.37	0.01	0.01	1457
colight	TEST	64	192.9	100.0	-22.36	0.70	0.01	1422
colight	TRAIN	65	153.0	0.0	-0.23	0.01	0.01	1457
colight	TEST	65	153.2	100.0	-0.35	0.01	0.01	1456
colight	TRAIN	66	153.4	0.0	-0.39	0.01	0.01	1458
colight	TEST	66	165.5	100.0	-4.38	0.14	0.01	1456
colight	TRAIN	67	153.0	0.0	-0.24	0.01	0.01	1457
colight	TEST	67	152.9	100.0	-0.17	0.01	0.01	1457
colight	TRAIN	68	152.8	0.0	-0.15	0.01	0.01	1458
colight	TEST	68	153.1	100.0	-0.21	0.01	0.01	1456
colight	TRAIN	69	153.2	0.0	-0.28	0.01	0.01	1457
colight	TEST	69	153.2	100.0	-0.25	0.01	0.01	1457
colight	TRAIN	70	153.0	0.0	-0.19	0.01	0.01	1457
colight	TEST	70	152.7	100.0	-0.12	0.00	0.01	1457
colight	TRAIN	71	181.4	0.0	-25.92	0.82	0.01	1367
colight	TEST	71	153.6	100.0	-0.48	0.02	0.01	1457
colight	TRAIN	72	154.0	0.1	-0.63	0.02	0.01	1455
colight	TEST	72	153.0	100.0	-0.17	0.01	0.01	1457
colight	TRAIN	73	153.4	0.1	-0.38	0.01	0.01	1457
colight	TEST	73	153.0	100.0	-0.24	0.01	0.01	1457
colight	TRAIN	74	153.6	0.1	-0.35	0.01	0.01	1458
colight	TEST	74	152.9	100.0	-0.16	0.01	0.01	1457
colight	TRAIN	75	181.0	0.1	-9.54	0.30	0.01	1456
colight	TEST	75	154.0	100.0	-0.55	0.02	0.01	1457
colight	TRAIN	76	154.8	0.3	-1.08	0.04	0.01	1455
colight	TEST	76	153.3	100.0	-0.39	0.01	0.01	1457
colight	TRAIN	77	154.4	0.4	-0.87	0.03	0.01	1457
colight	TEST	77	153.3	100.0	-0.28	0.01	0.01	1457
colight	TRAIN	78	154.0	0.3	-0.70	0.03	0.01	1457
colight	TEST	78	155.2	100.0	-1.24	0.05	0.01	1455
colight	TRAIN	79	154.1	0.4	-0.65	0.03	0.01	1457
colight	TEST	79	153.8	100.0	-0.51	0.02	0.01	1457
colight	TRAIN	80	153.4	0.3	-0.35	0.01	0.01	1456
colight	TEST	80	153.4	100.0	-0.30	0.01	0.01	1457
colight	TRAIN	81	153.7	0.2	-0.57	0.02	0.01	1456
colight	TEST	81	154.2	100.0	-0.73	0.03	0.01	1456
colight	TRAIN	82	153.7	0.3	-0.43	0.02	0.01	1457
colight	TEST	82	153.2	100.0	-0.31	0.01	0.01	1457
colight	TRAIN	83	154.0	0.3	-0.67	0.03	0.01	1457
colight	TEST	83	153.4	100.0	-0.34	0.01	0.01	1457
colight	TRAIN	84	153.4	0.3	-0.35	0.01	0.01	1457
colight	TEST	84	154.2	100.0	-0.80	0.03	0.01	1457
colight	TRAIN	85	153.5	0.2	-0.52	0.02	0.01	1457
colight	TEST	85	153.4	100.0	-0.36	0.01	0.01	1457
colight	TRAIN	86	153.4	0.1	-0.42	0.02	0.01	1457
colight	TEST	86	153.0	100.0	-0.16	0.01	0.01	1457
colight	TRAIN	87	153.3	0.1	-0.33	0.01	0.01	1457
colight	TEST	87	152.9	100.0	-0.17	0.01	0.01	1457
colight	TRAIN	88	153.2	0.1	-0.30	0.01	0.01	1456
colight	TEST	88	152.9	100.0	-0.15	0.00	0.01	1457
colight	TRAIN	89	153.2	0.0	-0.33	0.01	0.01	1457
colight	TEST	89	153.0	100.0	-0.19	0.01	0.01	1457
colight	TRAIN	90	153.1	0.0	-0.24	0.01	0.01	1456
colight	TEST	90	152.9	100.0	-0.09	0.00	0.01	1457
colight	TRAIN	91	153.0	0.0	-0.21	0.01	0.01	1456
colight	TEST	91	152.9	100.0	-0.14	0.00	0.01	1457
colight	TRAIN	92	153.3	0.0	-0.35	0.01	0.01	1456
colight	TEST	92	152.8	100.0	-0.14	0.01	0.01	1456
colight	TRAIN	93	153.0	0.0	-0.24	0.01	0.01	1457
colight	TEST	93	153.0	100.0	-0.15	0.01	0.01	1457
colight	TRAIN	94	153.1	0.0	-0.25	0.01	0.01	1457
colight	TEST	94	153.1	100.0	-0.23	0.01	0.01	1456
colight	TRAIN	95	209.1	0.1	-20.34	0.64	0.01	1457
colight	TEST	95	153.8	100.0	-0.50	0.02	0.01	1456
colight	TRAIN	96	154.1	0.1	-0.72	0.03	0.01	1456
colight	TEST	96	153.2	100.0	-0.25	0.01	0.01	1457
colight	TRAIN	97	153.9	0.0	-0.60	0.02	0.01	1456
colight	TEST	97	153.3	100.0	-0.33	0.01	0.01	1457
colight	TRAIN	98	153.7	0.0	-0.55	0.02	0.01	1456
colight	TEST	98	153.2	100.0	-0.34	0.01	0.01	1456
colight	TRAIN	99	153.4	0.0	-0.34	0.01	0.01	1456
colight	TEST	99	153.5	100.0	-0.45	0.02	0.01	1458
colight	TRAIN	100	153.4	0.0	-0.39	0.01	0.01	1455
colight	TEST	100	153.0	100.0	-0.28	0.01	0.01	1457
colight	TRAIN	101	153.7	0.0	-0.46	0.02	0.01	1457
colight	TEST	101	153.1	100.0	-0.20	0.01	0.01	1457
colight	TRAIN	102	153.3	0.0	-0.31	0.01	0.01	1457
colight	TEST	102	153.1	100.0	-0.20	0.01	0.01	1457
colight	TRAIN	103	153.2	0.0	-0.29	0.01	0.01	1457
colight	TEST	103	153.1	100.0	-0.28	0.01	0.01	1456
colight	TRAIN	104	153.3	0.0	-0.37	0.01	0.01	1456
colight	TEST	104	153.2	100.0	-0.29	0.01	0.01	1457
colight	TRAIN	105	153.3	0.0	-0.34	0.01	0.01	1457
colight	TEST	105	153.1	100.0	-0.29	0.01	0.01	1457
colight	TRAIN	106	153.1	0.0	-0.24	0.01	0.01	1457
colight	TEST	106	153.6	100.0	-0.54	0.02	0.01	1455
colight	TRAIN	107	153.3	0.0	-0.35	0.01	0.01	1456
colight	TEST	107	153.1	100.0	-0.31	0.01	0.01	1456
colight	TRAIN	108	153.4	0.0	-0.37	0.01	0.01	1457
colight	TEST	108	153.5	100.0	-0.55	0.02	0.01	1455
colight	TRAIN	109	153.3	0.0	-0.35	0.01	0.01	1457
colight	TEST	109	153.0	100.0	-0.29	0.01	0.01	1456
colight	TRAIN	110	153.2	0.0	-0.30	0.01	0.01	1457
colight	TEST	110	153.2	100.0	-0.37	0.01	0.01	1458
colight	TRAIN	111	153.2	0.0	-0.27	0.01	0.01	1458
colight	TEST	111	153.2	100.0	-0.22	0.01	0.01	1456
colight	TRAIN	112	153.2	0.0	-0.32	0.01	0.01	1457
colight	TEST	112	153.1	100.0	-0.28	0.01	0.01	1457
colight	TRAIN	113	153.2	0.0	-0.29	0.01	0.01	1457
colight	TEST	113	179.8	100.0	-8.67	0.27	0.01	1457
colight	TRAIN	114	153.2	0.0	-0.31	0.01	0.01	1457
colight	TEST	114	154.2	100.0	-0.64	0.03	0.01	1454
colight	TRAIN	115	153.0	0.0	-0.19	0.01	0.01	1457
colight	TEST	115	153.0	100.0	-0.19	0.01	0.01	1457
colight	TRAIN	116	153.2	0.0	-0.26	0.01	0.01	1457
colight	TEST	116	152.9	100.0	-0.24	0.01	0.01	1457
colight	TRAIN	117	153.5	0.0	-0.39	0.01	0.01	1458
colight	TEST	117	153.0	100.0	-0.18	0.01	0.01	1456
colight	TRAIN	118	153.2	0.0	-0.24	0.01	0.01	1457
colight	TEST	118	153.0	100.0	-0.16	0.01	0.01	1458
colight	TRAIN	119	153.0	0.0	-0.21	0.01	0.01	1457
colight	TEST	119	152.8	100.0	-0.16	0.01	0.01	1457
colight	TRAIN	120	153.2	0.0	-0.26	0.01	0.01	1456
colight	TEST	120	153.1	100.0	-0.22	0.01	0.01	1457
colight	TRAIN	121	153.1	0.0	-0.32	0.01	0.01	1457
colight	TEST	121	153.0	100.0	-0.27	0.01	0.01	1457
colight	TRAIN	122	153.4	0.0	-0.36	0.01	0.01	1458
colight	TEST	122	153.0	100.0	-0.21	0.01	0.01	1457
colight	TRAIN	123	153.1	0.0	-0.23	0.01	0.01	1457
colight	TEST	123	153.2	100.0	-0.21	0.01	0.01	1458
colight	TRAIN	124	153.3	0.0	-0.31	0.01	0.01	1457
colight	TEST	124	153.0	100.0	-0.25	0.01	0.01	1457
colight	TRAIN	125	153.2	0.0	-0.25	0.01	0.01	1457
colight	TEST	125	153.3	100.0	-0.37	0.01	0.01	1458
colight	TRAIN	126	153.5	0.0	-0.44	0.02	0.01	1457
colight	TEST	126	152.9	100.0	-0.22	0.01	0.01	1457
colight	TRAIN	127	153.1	0.0	-0.30	0.01	0.01	1456
colight	TEST	127	153.3	100.0	-0.17	0.01	0.01	1456
colight	TRAIN	128	153.3	0.0	-0.32	0.01	0.01	1458
colight	TEST	128	153.0	100.0	-0.14	0.01	0.01	1458
colight	TRAIN	129	153.6	0.0	-0.46	0.02	0.01	1456
colight	TEST	129	152.9	100.0	-0.18	0.01	0.01	1457
colight	TRAIN	130	153.3	0.0	-0.25	0.01	0.01	1458
colight	TEST	130	153.5	100.0	-0.39	0.02	0.01	1457
colight	TRAIN	131	153.5	0.0	-0.35	0.01	0.01	1457
colight	TEST	131	153.2	100.0	-0.32	0.01	0.01	1456
colight	TRAIN	132	206.3	0.1	-19.24	0.61	0.01	1454
colight	TEST	132	153.6	100.0	-0.55	0.02	0.01	1456
colight	TRAIN	133	155.0	0.1	-1.43	0.05	0.01	1457
colight	TEST	133	153.5	100.0	-0.53	0.02	0.01	1457
colight	TRAIN	134	153.6	0.0	-0.48	0.02	0.01	1457
colight	TEST	134	153.5	100.0	-0.34	0.01	0.01	1457
colight	TRAIN	135	153.3	0.0	-0.27	0.01	0.01	1458
colight	TEST	135	153.2	100.0	-0.25	0.01	0.01	1457
colight	TRAIN	136	153.5	0.0	-0.52	0.02	0.01	1456
colight	TEST	136	153.4	100.0	-0.31	0.01	0.01	1456
colight	TRAIN	137	153.2	0.0	-0.32	0.01	0.01	1457
colight	TEST	137	153.1	100.0	-0.19	0.01	0.01	1456
colight	TRAIN	138	153.5	0.0	-0.40	0.02	0.01	1457
colight	TEST	138	153.4	100.0	-0.40	0.02	0.01	1457
colight	TRAIN	139	153.4	0.0	-0.46	0.02	0.01	1457
colight	TEST	139	153.3	100.0	-0.36	0.01	0.01	1457
colight	TRAIN	140	153.3	0.0	-0.31	0.01	0.01	1457
colight	TEST	140	153.4	100.0	-0.34	0.01	0.01	1457
colight	TRAIN	141	153.3	0.0	-0.37	0.01	0.01	1457
colight	TEST	141	152.9	100.0	-0.20	0.01	0.01	1457
colight	TRAIN	142	153.2	0.0	-0.33	0.01	0.01	1457
colight	TEST	142	153.1	100.0	-0.18	0.01	0.01	1458
colight	TRAIN	143	153.6	0.0	-0.44	0.02	0.01	1456
colight	TEST	143	153.3	100.0	-0.25	0.01	0.01	1458
colight	TRAIN	144	153.1	0.0	-0.22	0.01	0.01	1457
colight	TEST	144	153.2	100.0	-0.33	0.01	0.01	1457
colight	TRAIN	145	153.2	0.0	-0.29	0.01	0.01	1457
colight	TEST	145	153.0	100.0	-0.23	0.01	0.01	1457
colight	TRAIN	146	153.2	0.0	-0.28	0.01	0.01	1456
colight	TEST	146	153.3	100.0	-0.24	0.01	0.01	1457
colight	TRAIN	147	153.3	0.0	-0.31	0.01	0.01	1457
colight	TEST	147	153.3	100.0	-0.33	0.01	0.01	1457
colight	TRAIN	148	153.3	0.0	-0.38	0.01	0.01	1456
colight	TEST	148	153.2	100.0	-0.25	0.01	0.01	1458
colight	TRAIN	149	153.6	0.0	-0.43	0.02	0.01	1456
colight	TEST	149	153.0	100.0	-0.18	0.01	0.01	1457
colight	TRAIN	150	153.2	0.0	-0.29	0.01	0.01	1457
colight	TEST	150	152.9	100.0	-0.17	0.01	0.01	1457
colight	TRAIN	151	153.3	0.0	-0.24	0.01	0.01	1456
colight	TEST	151	153.0	100.0	-0.26	0.01	0.01	1457
colight	TRAIN	152	153.1	0.0	-0.26	0.01	0.01	1455
colight	TEST	152	153.3	100.0	-0.21	0.01	0.01	1456
colight	TRAIN	153	153.5	0.0	-0.44	0.02	0.01	1457
colight	TEST	153	153.3	100.0	-0.27	0.01	0.01	1457
colight	TRAIN	154	153.3	0.0	-0.33	0.01	0.01	1457
colight	TEST	154	153.1	100.0	-0.26	0.01	0.01	1457
colight	TRAIN	155	153.5	0.0	-0.35	0.01	0.01	1457
colight	TEST	155	152.8	100.0	-0.14	0.00	0.01	1456
colight	TRAIN	156	153.3	0.0	-0.29	0.01	0.01	1456
colight	TEST	156	183.0	100.0	-9.49	0.30	0.01	1457
colight	TRAIN	157	153.4	0.0	-0.40	0.02	0.01	1456
colight	TEST	157	153.4	100.0	-0.45	0.02	0.01	1458
colight	TRAIN	158	153.1	0.0	-0.31	0.01	0.01	1457
colight	TEST	158	153.1	100.0	-0.21	0.01	0.01	1457
colight	TRAIN	159	153.3	0.0	-0.29	0.01	0.01	1457
colight	TEST	159	153.3	100.0	-0.31	0.01	0.01	1456
colight	TRAIN	160	153.4	0.0	-0.43	0.02	0.01	1457
colight	TEST	160	153.2	100.0	-0.26	0.01	0.01	1457
colight	TRAIN	161	216.7	0.1	-22.50	0.71	0.01	1452
colight	TEST	161	160.2	100.0	-3.84	0.14	0.01	1451
colight	TRAIN	162	158.4	0.1	-2.88	0.10	0.01	1457
colight	TEST	162	153.3	100.0	-0.39	0.01	0.01	1457
colight	TRAIN	163	154.0	0.1	-0.51	0.02	0.01	1457
colight	TEST	163	153.2	100.0	-0.33	0.01	0.01	1457
colight	TRAIN	164	153.7	0.1	-0.60	0.02	0.01	1457
colight	TEST	164	153.3	100.0	-0.41	0.01	0.01	1457
colight	TRAIN	165	153.6	0.1	-0.53	0.02	0.01	1456
colight	TEST	165	153.7	100.0	-0.57	0.02	0.01	1456
colight	TRAIN	166	153.8	0.1	-0.51	0.02	0.01	1456
colight	TEST	166	153.7	100.0	-0.46	0.02	0.01	1456
colight	TRAIN	167	153.7	0.1	-0.50	0.02	0.01	1456
colight	TEST	167	153.6	100.0	-0.41	0.02	0.01	1457
colight	TRAIN	168	153.6	0.1	-0.59	0.02	0.01	1457
colight	TEST	168	153.7	100.0	-0.55	0.02	0.01	1456
colight	TRAIN	169	153.3	0.1	-0.42	0.02	0.01	1457
colight	TEST	169	167.4	100.0	-5.21	0.17	0.01	1456
colight	TRAIN	170	153.7	0.1	-0.51	0.02	0.01	1457
colight	TEST	170	153.3	100.0	-0.36	0.01	0.01	1455
colight	TRAIN	171	207.0	0.1	-19.42	0.61	0.01	1457
colight	TEST	171	153.4	100.0	-0.48	0.02	0.01	1457
colight	TRAIN	172	153.9	0.3	-0.85	0.03	0.01	1455
colight	TEST	172	153.4	100.0	-0.45	0.02	0.01	1458
colight	TRAIN	173	154.1	0.3	-0.81	0.03	0.01	1457
colight	TEST	173	154.4	100.0	-0.90	0.03	0.01	1456
colight	TRAIN	174	176.8	0.5	-8.08	0.26	0.01	1455
colight	TEST	174	153.4	100.0	-0.55	0.02	0.01	1457
colight	TRAIN	175	154.2	0.8	-0.90	0.03	0.01	1456
colight	TEST	175	153.3	100.0	-0.35	0.01	0.01	1457
colight	TRAIN	176	155.6	0.4	-1.70	0.06	0.01	1454
colight	TEST	176	154.0	100.0	-0.95	0.03	0.01	1457
colight	TRAIN	177	156.0	0.3	-1.83	0.07	0.01	1457
colight	TEST	177	154.2	100.0	-1.03	0.04	0.01	1457
colight	TRAIN	178	155.1	0.2	-1.43	0.05	0.01	1456
colight	TEST	178	153.8	100.0	-0.73	0.03	0.01	1457
colight	TRAIN	179	154.4	0.3	-0.91	0.03	0.01	1457
colight	TEST	179	153.7	100.0	-0.61	0.02	0.01	1457
colight	TRAIN	180	154.2	0.4	-0.92	0.03	0.01	1457
colight	TEST	180	165.7	100.0	-4.27	0.13	0.01	1457
colight	TRAIN	181	153.8	0.3	-0.66	0.03	0.01	1456
colight	TEST	181	153.3	100.0	-0.37	0.01	0.01	1457
colight	TRAIN	182	153.5	0.1	-0.49	0.02	0.01	1454
colight	TEST	182	194.2	100.0	-19.06	0.60	0.01	1423
colight	TRAIN	183	154.2	0.2	-0.69	0.03	0.01	1457
colight	TEST	183	153.1	100.0	-0.28	0.01	0.01	1457
colight	TRAIN	184	153.7	0.2	-0.46	0.02	0.01	1456
colight	TEST	184	162.1	100.0	-2.92	0.10	0.01	1457
colight	TRAIN	185	153.9	0.1	-0.57	0.02	0.01	1456
colight	TEST	185	153.2	100.0	-0.24	0.01	0.01	1456
colight	TRAIN	186	153.5	0.0	-0.32	0.01	0.01	1457
colight	TEST	186	152.9	100.0	-0.13	0.00	0.01	1457
colight	TRAIN	187	153.5	0.0	-0.32	0.01	0.01	1458
colight	TEST	187	152.8	100.0	-0.17	0.01	0.01	1457
colight	TRAIN	188	153.3	0.0	-0.33	0.01	0.01	1456
colight	TEST	188	153.2	100.0	-0.29	0.01	0.01	1457
colight	TRAIN	189	161.3	0.0	-2.71	0.09	0.01	1456
colight	TEST	189	153.0	100.0	-0.22	0.01	0.01	1457
colight	TRAIN	190	153.2	0.0	-0.30	0.01	0.01	1457
colight	TEST	190	153.0	100.0	-0.19	0.01	0.01	1457
colight	TRAIN	191	153.4	0.0	-0.41	0.02	0.01	1456
colight	TEST	191	153.3	100.0	-0.25	0.01	0.01	1458
colight	TRAIN	192	153.1	0.0	-0.30	0.01	0.01	1457
colight	TEST	192	153.0	100.0	-0.22	0.01	0.01	1458
colight	TRAIN	193	153.8	0.0	-0.58	0.02	0.01	1455
colight	TEST	193	153.1	100.0	-0.20	0.01	0.01	1457
colight	TRAIN	194	153.6	0.0	-0.44	0.02	0.01	1456
colight	TEST	194	153.4	100.0	-0.31	0.01	0.01	1456
colight	TRAIN	195	161.9	0.0	-2.99	0.10	0.01	1457
colight	TEST	195	152.8	100.0	-0.16	0.01	0.01	1457
colight	TRAIN	196	153.9	0.1	-0.81	0.03	0.01	1455
colight	TEST	196	153.5	100.0	-0.46	0.02	0.01	1455
colight	TRAIN	197	153.7	0.2	-0.49	0.02	0.01	1457
colight	TEST	197	153.2	100.0	-0.37	0.01	0.01	1457
colight	TRAIN	198	153.6	0.1	-0.50	0.02	0.01	1457
colight	TEST	198	153.7	100.0	-0.67	0.02	0.01	1456
colight	TRAIN	199	153.9	0.0	-0.71	0.03	0.01	1456
colight	TEST	199	154.1	100.0	-0.77	0.03	0.01	1458
