dqn	TRAIN	0	392.7	0.0	-285.66	7.86	0.22	955
dqn	HELDOUT	0	337.2	100.0	-392.92	10.43	0.31	506
dqn	HELDOUT	0	338.9	100.0	-394.47	10.41	0.31	489
dqn	HELDOUT	0	363.7	100.0	-418.58	10.92	0.34	495
dqn	HELDOUT_MEAN	0	346.6	100.0	0.00	0.00	0.00	0
dqn	TRAIN	1	384.0	0.0	-291.40	8.14	0.23	895
dqn	TRAIN	2	387.3	0.0	-276.82	7.73	0.22	960
dqn	TRAIN	3	402.2	0.0	-271.57	7.67	0.22	1061
dqn	TRAIN	4	397.0	0.0	-282.14	7.89	0.23	947
dqn	TRAIN	5	346.2	78.4	-314.07	8.60	0.23	874
dqn	TRAIN	6	473.5	91.4	-401.23	10.64	0.33	352
dqn	TRAIN	7	400.0	277.8	-355.68	9.49	0.31	425
dqn	TRAIN	8	416.8	406.9	-339.36	9.18	0.31	490
dqn	TRAIN	9	444.7	457.3	-337.37	8.81	0.28	514
dqn	TRAIN	10	478.7	444.3	-349.04	9.27	0.30	450
dqn	HELDOUT	10	396.0	100.0	-414.77	10.88	0.33	364
dqn	HELDOUT	10	376.3	100.0	-401.54	10.57	0.32	383
dqn	HELDOUT	10	398.1	100.0	-404.33	10.43	0.32	400
dqn	HELDOUT_MEAN	10	390.1	100.0	0.00	0.00	0.00	0
dqn	TRAIN	11	378.1	415.5	-334.42	8.95	0.27	598
dqn	TRAIN	12	412.6	373.4	-343.45	9.61	0.28	872
dqn	TRAIN	13	412.1	316.0	-326.41	8.91	0.26	752
dqn	TRAIN	14	378.1	267.9	-312.91	8.76	0.24	838
dqn	TRAIN	15	371.5	226.1	-312.29	8.48	0.24	803
dqn	TRAIN	16	421.7	191.9	-324.30	8.69	0.24	875
dqn	TRAIN	17	356.7	187.0	-297.54	8.24	0.24	825
dqn	TRAIN	18	400.6	172.1	-297.82	8.28	0.23	792
dqn	TRAIN	19	396.1	148.4	-303.65	8.15	0.23	799
dqn	TRAIN	20	415.7	142.6	-269.61	7.53	0.21	849
dqn	HELDOUT	20	343.1	100.0	-329.34	9.02	0.25	895
dqn	HELDOUT	20	341.0	100.0	-331.31	9.16	0.26	850
dqn	HELDOUT	20	327.1	100.0	-327.70	9.15	0.26	879
dqn	HELDOUT_MEAN	20	337.1	100.0	0.00	0.00	0.00	0
dqn	TRAIN	21	374.6	140.2	-293.45	8.15	0.24	835
dqn	TRAIN	22	349.5	133.6	-298.52	8.12	0.22	868
dqn	TRAIN	23	369.8	138.1	-281.53	7.84	0.22	918
dqn	TRAIN	24	340.1	139.8	-272.10	7.65	0.20	914
dqn	TRAIN	25	393.4	129.3	-270.96	7.55	0.20	877
dqn	TRAIN	26	371.6	132.2	-281.91	7.76	0.21	844
dqn	TRAIN	27	368.3	124.4	-280.85	7.81	0.20	923
dqn	TRAIN	28	352.3	120.1	-272.59	7.61	0.21	862
dqn	TRAIN	29	367.0	119.2	-266.94	7.50	0.19	837
dqn	TRAIN	30	417.3	118.7	-269.92	7.41	0.20	825
dqn	HELDOUT	30	345.3	100.0	-336.75	9.19	0.25	622
dqn	HELDOUT	30	324.3	100.0	-321.73	8.87	0.24	622
dqn	HELDOUT	30	344.4	100.0	-328.58	8.95	0.24	701
dqn	HELDOUT_MEAN	30	338.0	100.0	0.00	0.00	0.00	0
dqn	TRAIN	31	368.4	120.2	-298.46	8.11	0.22	770
dqn	TRAIN	32	367.5	118.8	-284.21	7.79	0.22	886
dqn	TRAIN	33	343.5	116.6	-270.35	7.50	0.20	888
dqn	TRAIN	34	375.7	119.6	-270.88	7.49	0.20	864
dqn	TRAIN	35	342.3	105.8	-288.74	7.92	0.21	859
dqn	TRAIN	36	360.6	108.9	-271.95	7.54	0.19	1012
dqn	TRAIN	37	335.5	111.8	-278.79	7.83	0.21	815
dqn	TRAIN	38	355.8	108.4	-271.01	7.48	0.19	912
dqn	TRAIN	39	323.6	108.9	-267.11	7.51	0.19	912
dqn	TRAIN	40	360.8	99.3	-269.56	7.42	0.19	967
dqn	HELDOUT	40	346.3	100.0	-287.50	7.82	0.21	630
dqn	HELDOUT	40	347.4	100.0	-289.68	8.06	0.21	647
dqn	HELDOUT	40	358.8	100.0	-284.19	7.85	0.21	651
dqn	HELDOUT_MEAN	40	350.8	100.0	0.00	0.00	0.00	0
dqn	TRAIN	41	378.7	103.5	-251.79	7.12	0.19	1023
dqn	TRAIN	42	360.5	98.2	-253.57	7.19	0.19	1074
dqn	TRAIN	43	362.4	89.8	-270.75	7.55	0.18	964
dqn	TRAIN	44	321.3	90.0	-253.90	7.17	0.18	993
dqn	TRAIN	45	361.5	84.9	-275.42	7.57	0.19	898
dqn	TRAIN	46	363.9	92.7	-267.33	7.47	0.18	1107
dqn	TRAIN	47	374.9	95.1	-265.68	7.31	0.17	955
dqn	TRAIN	48	342.0	95.7	-257.71	7.26	0.18	1026
dqn	TRAIN	49	328.6	100.6	-257.88	7.39	0.17	995
dqn	TRAIN	50	357.4	94.0	-261.09	7.19	0.18	949
dqn	HELDOUT	50	327.2	100.0	-288.22	7.73	0.19	797
dqn	HELDOUT	50	334.0	100.0	-279.84	7.53	0.18	825
dqn	HELDOUT	50	337.8	100.0	-291.14	7.69	0.19	759
dqn	HELDOUT_MEAN	50	333.0	100.0	0.00	0.00	0.00	0
dqn	TRAIN	51	340.7	87.1	-266.74	7.44	0.19	959
dqn	TRAIN	52	351.4	86.8	-263.50	7.41	0.18	1037
dqn	TRAIN	53	338.0	90.3	-265.23	7.28	0.18	947
dqn	TRAIN	54	357.3	90.7	-251.25	6.99	0.17	975
dqn	TRAIN	55	352.9	85.7	-257.44	7.27	0.17	1027
dqn	TRAIN	56	330.7	87.9	-265.01	7.33	0.18	1052
dqn	TRAIN	57	346.4	94.7	-249.37	7.11	0.18	1080
dqn	TRAIN	58	320.4	89.2	-249.37	7.11	0.17	1009
dqn	TRAIN	59	332.0	89.6	-259.11	7.25	0.17	983
dqn	TRAIN	60	334.5	89.0	-266.68	7.48	0.17	962
dqn	HELDOUT	60	313.4	100.0	-274.41	7.62	0.19	812
dqn	HELDOUT	60	336.9	100.0	-277.45	7.77	0.19	776
dqn	HELDOUT	60	319.9	100.0	-285.08	7.92	0.19	720
dqn	HELDOUT_MEAN	60	323.4	100.0	0.00	0.00	0.00	0
dqn	TRAIN	61	369.7	82.4	-261.88	7.31	0.18	1012
dqn	TRAIN	62	343.1	83.8	-265.67	7.36	0.18	1001
dqn	TRAIN	63	346.4	81.9	-262.25	7.46	0.18	966
dqn	TRAIN	64	337.0	82.1	-262.89	7.29	0.17	947
dqn	TRAIN	65	336.5	79.8	-254.38	7.17	0.17	1037
dqn	TRAIN	66	306.0	85.3	-256.77	7.29	0.17	1008
dqn	TRAIN	67	341.2	82.5	-258.55	7.25	0.17	1051
dqn	TRAIN	68	362.6	83.1	-263.07	7.32	0.17	1029
dqn	TRAIN	69	348.2	83.2	-255.02	7.28	0.17	1064
dqn	TRAIN	70	334.0	82.5	-240.57	6.89	0.16	1044
dqn	HELDOUT	70	305.8	100.0	-286.92	7.74	0.20	826
dqn	HELDOUT	70	325.7	100.0	-300.73	8.10	0.22	758
dqn	HELDOUT	70	316.9	100.0	-292.64	7.92	0.21	828
dqn	HELDOUT_MEAN	70	316.1	100.0	0.00	0.00	0.00	0
dqn	TRAIN	71	332.8	79.1	-245.27	6.97	0.17	1042
dqn	TRAIN	72	321.3	82.2	-247.56	7.14	0.17	1097
dqn	TRAIN	73	338.1	81.7	-280.10	7.71	0.18	955
dqn	TRAIN	74	320.9	84.0	-253.38	7.11	0.17	1043
dqn	TRAIN	75	336.1	77.4	-239.96	6.91	0.15	1156
dqn	TRAIN	76	309.8	79.7	-252.76	7.08	0.17	1051
dqn	TRAIN	77	322.4	80.9	-255.43	7.21	0.17	1058
dqn	TRAIN	78	339.0	81.7	-253.25	7.16	0.17	997
dqn	TRAIN	79	333.0	81.6	-247.79	7.14	0.17	1052
dqn	TRAIN	80	325.8	76.8	-250.43	7.17	0.16	958
dqn	HELDOUT	80	330.7	100.0	-267.91	7.64	0.19	914
dqn	HELDOUT	80	331.0	100.0	-249.77	7.29	0.17	1021
dqn	HELDOUT	80	346.1	100.0	-263.61	7.53	0.18	947
dqn	HELDOUT_MEAN	80	335.9	100.0	0.00	0.00	0.00	0
dqn	TRAIN	81	320.5	76.4	-246.90	7.05	0.17	1039
dqn	TRAIN	82	346.2	76.0	-251.72	7.11	0.18	1091
dqn	TRAIN	83	348.9	71.5	-253.95	7.15	0.18	1058
dqn	TRAIN	84	343.8	68.7	-253.39	7.23	0.17	1002
dqn	TRAIN	85	329.1	70.1	-244.73	6.95	0.17	1066
dqn	TRAIN	86	338.5	73.3	-258.83	7.30	0.17	1114
dqn	TRAIN	87	325.2	74.6	-277.06	7.65	0.18	940
dqn	TRAIN	88	358.9	74.8	-266.39	7.37	0.17	1049
dqn	TRAIN	89	336.8	79.1	-254.17	7.30	0.17	1083
dqn	TRAIN	90	347.6	72.5	-247.87	7.02	0.16	1062
dqn	HELDOUT	90	316.3	100.0	-249.11	7.23	0.17	920
dqn	HELDOUT	90	307.2	100.0	-249.62	7.21	0.16	944
dqn	HELDOUT	90	334.9	100.0	-250.80	7.24	0.18	979
dqn	HELDOUT_MEAN	90	319.5	100.0	0.00	0.00	0.00	0
dqn	TRAIN	91	353.3	71.9	-242.49	6.96	0.17	1087
dqn	TRAIN	92	340.9	73.5	-276.68	7.65	0.19	949
dqn	TRAIN	93	385.7	77.7	-253.94	7.01	0.17	1071
dqn	TRAIN	94	338.6	77.7	-263.63	7.31	0.17	969
dqn	TRAIN	95	358.0	83.2	-256.80	7.16	0.17	998
dqn	TRAIN	96	320.3	75.6	-244.60	6.95	0.17	1161
dqn	TRAIN	97	346.5	69.5	-251.25	7.17	0.17	1104
dqn	TRAIN	98	311.4	69.8	-251.87	7.13	0.16	1011
dqn	TRAIN	99	353.1	72.3	-275.42	7.61	0.18	868
dqn	TRAIN	100	329.6	79.2	-254.02	7.12	0.16	998
dqn	HELDOUT	100	319.1	100.0	-261.11	7.48	0.19	883
dqn	HELDOUT	100	318.5	100.0	-268.42	7.65	0.19	887
dqn	HELDOUT	100	326.9	100.0	-280.41	7.84	0.20	854
dqn	HELDOUT_MEAN	100	321.5	100.0	0.00	0.00	0.00	0
dqn	TRAIN	101	324.7	77.7	-252.37	7.20	0.17	1018
dqn	TRAIN	102	334.2	72.1	-257.67	7.26	0.17	1054
dqn	TRAIN	103	327.0	72.3	-266.28	7.50	0.18	1030
dqn	TRAIN	104	328.9	74.3	-257.61	7.32	0.17	1119
dqn	TRAIN	105	327.3	74.7	-253.41	7.16	0.17	1013
dqn	TRAIN	106	344.7	73.6	-268.45	7.38	0.17	1089
dqn	TRAIN	107	385.2	74.4	-266.39	7.40	0.17	985
dqn	TRAIN	108	331.4	78.0	-249.78	7.07	0.17	1005
dqn	TRAIN	109	320.4	81.2	-264.00	7.38	0.18	1049
dqn	TRAIN	110	334.0	82.1	-252.11	7.02	0.17	959
dqn	HELDOUT	110	301.0	100.0	-257.37	7.44	0.18	987
dqn	HELDOUT	110	318.4	100.0	-262.36	7.64	0.17	1063
dqn	HELDOUT	110	314.8	100.0	-261.25	7.60	0.17	1142
dqn	HELDOUT_MEAN	110	311.4	100.0	0.00	0.00	0.00	0
dqn	TRAIN	111	350.8	85.2	-260.35	7.32	0.18	1019
dqn	TRAIN	112	318.7	85.8	-248.43	7.08	0.18	1033
dqn	TRAIN	113	338.6	81.3	-271.81	7.43	0.18	986
dqn	TRAIN	114	327.1	87.0	-254.87	7.13	0.17	1008
dqn	TRAIN	115	333.1	81.7	-246.45	7.07	0.16	999
dqn	TRAIN	116	318.7	80.5	-239.85	6.95	0.16	1190
dqn	TRAIN	117	334.1	79.3	-267.65	7.39	0.18	983
dqn	TRAIN	118	336.3	77.5	-255.58	7.30	0.17	1094
dqn	TRAIN	119	334.6	79.1	-253.60	7.21	0.16	1095
dqn	TRAIN	120	345.6	81.4	-258.78	7.17	0.17	964
dqn	HELDOUT	120	312.7	100.0	-254.55	7.41	0.19	1083
dqn	HELDOUT	120	314.7	100.0	-262.32	7.46	0.18	977
dqn	HELDOUT	120	301.2	100.0	-265.63	7.56	0.19	1010
dqn	HELDOUT_MEAN	120	309.5	100.0	0.00	0.00	0.00	0
dqn	TRAIN	121	334.6	85.9	-247.96	7.07	0.17	1051
dqn	TRAIN	122	330.7	90.1	-252.80	7.20	0.17	1099
dqn	TRAIN	123	356.0	84.8	-247.90	7.05	0.17	1119
dqn	TRAIN	124	340.6	81.8	-262.65	7.27	0.17	968
dqn	TRAIN	125	320.2	79.0	-248.06	7.15	0.17	1009
dqn	TRAIN	126	368.4	83.7	-257.22	7.19	0.17	1062
dqn	TRAIN	127	325.6	87.6	-241.62	6.89	0.17	1113
dqn	TRAIN	128	316.1	81.5	-257.93	7.28	0.17	992
dqn	TRAIN	129	323.0	80.9	-266.88	7.39	0.17	986
dqn	TRAIN	130	332.0	85.9	-255.35	7.11	0.17	1001
dqn	HELDOUT	130	290.2	100.0	-243.84	7.16	0.15	952
dqn	HELDOUT	130	319.1	100.0	-261.87	7.54	0.16	873
dqn	HELDOUT	130	302.3	100.0	-260.78	7.58	0.16	879
dqn	HELDOUT_MEAN	130	303.9	100.0	0.00	0.00	0.00	0
dqn	TRAIN	131	331.3	82.9	-247.79	7.09	0.17	1025
dqn	TRAIN	132	333.3	81.1	-262.49	7.43	0.18	1042
dqn	TRAIN	133	357.6	86.2	-243.82	7.01	0.16	1107
dqn	TRAIN	134	326.1	84.9	-248.85	6.97	0.17	1075
dqn	TRAIN	135	303.2	85.4	-247.98	7.08	0.16	1014
dqn	TRAIN	136	335.3	80.9	-247.31	6.99	0.16	1140
dqn	TRAIN	137	319.7	76.4	-237.45	6.83	0.16	1140
dqn	TRAIN	138	302.8	75.6	-259.28	7.33	0.17	990
dqn	TRAIN	139	322.2	78.9	-269.27	7.43	0.17	977
dqn	TRAIN	140	318.3	78.8	-243.41	7.01	0.15	1141
dqn	HELDOUT	140	298.9	100.0	-274.94	7.89	0.18	1100
dqn	HELDOUT	140	298.3	100.0	-270.56	7.79	0.17	1113
dqn	HELDOUT	140	323.6	100.0	-280.61	7.93	0.19	1093
dqn	HELDOUT_MEAN	140	307.0	100.0	0.00	0.00	0.00	0
dqn	TRAIN	141	347.6	89.0	-247.97	7.10	0.17	1048
dqn	TRAIN	142	310.6	89.7	-276.49	7.53	0.18	981
dqn	TRAIN	143	324.8	89.7	-253.67	7.18	0.17	1005
dqn	TRAIN	144	321.3	87.4	-243.57	6.97	0.16	1094
dqn	TRAIN	145	348.8	87.7	-258.48	7.25	0.17	990
dqn	TRAIN	146	327.4	96.6	-248.27	7.02	0.17	1129
dqn	TRAIN	147	371.5	88.5	-257.82	7.20	0.17	1046
dqn	TRAIN	148	330.4	83.7	-249.11	7.12	0.16	1090
dqn	TRAIN	149	323.3	90.8	-264.49	7.41	0.17	986
dqn	TRAIN	150	322.2	98.0	-246.88	7.08	0.16	1091
dqn	HELDOUT	150	313.3	100.0	-259.67	7.32	0.17	1116
dqn	HELDOUT	150	320.1	100.0	-254.28	7.21	0.17	1048
dqn	HELDOUT	150	339.1	100.0	-254.85	7.26	0.18	1110
dqn	HELDOUT_MEAN	150	324.2	100.0	0.00	0.00	0.00	0
dqn	TRAIN	151	323.5	96.7	-237.52	6.88	0.16	1218
dqn	TRAIN	152	301.4	98.9	-265.26	7.41	0.17	1055
dqn	TRAIN	153	354.5	98.5	-266.75	7.50	0.18	1045
dqn	TRAIN	154	351.7	95.8	-243.52	6.93	0.16	1099
dqn	TRAIN	155	337.5	95.0	-251.78	7.20	0.17	1057
dqn	TRAIN	156	326.7	103.5	-255.90	7.15	0.16	1166
dqn	TRAIN	157	313.0	97.3	-250.13	7.09	0.16	1106
dqn	TRAIN	158	327.4	100.6	-252.93	7.19	0.16	1140
dqn	TRAIN	159	339.5	94.7	-250.33	7.17	0.17	1019
dqn	TRAIN	160	317.4	98.8	-250.43	7.05	0.16	1010
dqn	HELDOUT	160	314.2	100.0	-241.50	6.93	0.16	1072
dqn	HELDOUT	160	326.1	100.0	-238.22	6.93	0.15	1086
dqn	HELDOUT	160	319.6	100.0	-261.33	7.28	0.17	1024
dqn	HELDOUT_MEAN	160	320.0	100.0	0.00	0.00	0.00	0
dqn	TRAIN	161	341.4	98.6	-242.07	6.99	0.16	1128
dqn	TRAIN	162	330.2	102.0	-259.82	7.25	0.17	1119
dqn	TRAIN	163	332.6	105.4	-261.43	7.33	0.17	1052
dqn	TRAIN	164	335.3	108.0	-235.22	6.81	0.16	1182
dqn	TRAIN	165	348.0	110.0	-273.92	7.60	0.17	1070
dqn	TRAIN	166	315.7	110.6	-242.61	6.98	0.17	1149
dqn	TRAIN	167	316.7	100.8	-250.00	7.07	0.16	1129
dqn	TRAIN	168	317.2	101.3	-252.09	7.17	0.16	1086
dqn	TRAIN	169	345.6	107.3	-265.38	7.42	0.17	1010
dqn	TRAIN	170	347.8	100.8	-240.66	6.99	0.16	1134
dqn	HELDOUT	170	320.6	100.0	-239.91	7.02	0.16	1142
dqn	HELDOUT	170	331.6	100.0	-249.76	7.17	0.16	1070
dqn	HELDOUT	170	331.4	100.0	-250.43	7.26	0.16	1135
dqn	HELDOUT_MEAN	170	327.9	100.0	0.00	0.00	0.00	0
dqn	TRAIN	171	330.6	96.4	-241.28	6.95	0.17	1125
dqn	TRAIN	172	321.6	94.6	-242.30	6.99	0.17	1133
dqn	TRAIN	173	316.0	101.1	-255.32	7.24	0.17	1094
dqn	TRAIN	174	349.8	104.0	-255.39	7.22	0.17	1085
dqn	TRAIN	175	325.2	97.4	-237.55	6.87	0.16	1139
dqn	TRAIN	176	342.4	93.4	-247.60	7.08	0.17	1136
dqn	TRAIN	177	321.7	87.1	-243.91	7.03	0.15	1132
dqn	TRAIN	178	332.7	83.5	-238.49	6.84	0.15	1148
dqn	TRAIN	179	341.4	83.9	-248.71	7.18	0.16	1102
dqn	TRAIN	180	331.6	84.1	-241.13	6.83	0.16	1053
dqn	HELDOUT	180	320.6	100.0	-250.86	7.05	0.16	970
dqn	HELDOUT	180	330.0	100.0	-268.42	7.46	0.18	924
dqn	HELDOUT	180	324.2	100.0	-269.63	7.38	0.17	922
dqn	HELDOUT_MEAN	180	324.9	100.0	0.00	0.00	0.00	0
dqn	TRAIN	181	325.9	80.9	-243.82	7.02	0.17	1111
dqn	TRAIN	182	313.3	75.0	-247.83	7.10	0.16	1117
dqn	TRAIN	183	338.1	76.9	-242.82	7.01	0.16	1149
dqn	TRAIN	184	318.9	80.3	-250.15	6.99	0.16	1081
dqn	TRAIN	185	318.5	80.8	-267.19	7.39	0.16	1002
dqn	TRAIN	186	348.3	80.2	-242.89	6.96	0.16	1097
dqn	TRAIN	187	312.8	79.7	-246.03	7.01	0.16	1147
dqn	TRAIN	188	317.9	83.6	-248.38	7.10	0.16	1095
dqn	TRAIN	189	330.6	84.3	-250.79	7.25	0.17	1098
dqn	HELDOUT	500	310.4	100.0	-253.32	7.22	0.18	1013
dqn	HELDOUT	500	322.1	100.0	-248.85	7.28	0.16	1034
dqn	HELDOUT	500	335.7	100.0	-248.35	7.22	0.17	1092
dqn	HELDOUT_MEAN	500	322.7	100.0	0.00	0.00	0.00	0
dqn	HELDOUT	130	309.9	100.0	-248.22	7.12	0.17	1045
dqn	HELDOUT	130	331.4	100.0	-248.92	7.29	0.17	1088
dqn	HELDOUT	130	312.8	100.0	-246.83	7.17	0.17	1015
dqn	HELDOUT_MEAN	130	318.0	100.0	0.00	0.00	0.00	0
