colight	TRAIN	0	274.7	0.0	-50.28	1.65	0.07	1429
colight	TEST	0	772.7	100.0	-424.52	13.30	0.17	613
colight	TRAIN	1	273.7	0.0	-50.21	1.64	0.07	1423
colight	TEST	1	772.7	100.0	-424.52	13.30	0.17	613
colight	TRAIN	2	275.9	0.6	-50.71	1.66	0.07	1421
colight	TEST	2	740.9	100.0	-446.15	13.97	0.18	514
colight	TRAIN	3	255.7	0.8	-41.89	1.39	0.07	1433
colight	TEST	3	526.7	100.0	-298.36	9.37	0.15	857
colight	TRAIN	4	241.0	0.8	-34.98	1.17	0.06	1435
colight	TEST	4	459.1	100.0	-224.37	7.06	0.14	1021
colight	TRAIN	5	222.4	0.8	-27.00	0.92	0.05	1437
colight	TEST	5	204.4	100.0	-18.27	0.64	0.04	1443
colight	TRAIN	6	205.6	0.8	-19.49	0.69	0.04	1446
colight	TEST	6	194.7	100.0	-14.40	0.51	0.04	1449
colight	TRAIN	7	202.6	0.7	-18.13	0.64	0.04	1445
colight	TEST	7	192.1	100.0	-13.34	0.48	0.04	1448
colight	TRAIN	8	198.9	0.8	-16.67	0.59	0.04	1445
colight	TEST	8	192.2	100.0	-13.49	0.48	0.04	1448
colight	TRAIN	9	196.5	0.6	-15.10	0.54	0.04	1446
colight	TEST	9	189.8	100.0	-12.21	0.44	0.03	1449
colight	TRAIN	10	192.9	0.6	-13.76	0.50	0.04	1447
colight	TEST	10	188.8	100.0	-11.75	0.43	0.03	1450
colight	TRAIN	11	192.4	0.5	-13.56	0.49	0.04	1450
colight	TEST	11	188.1	100.0	-11.70	0.43	0.03	1448
colight	TRAIN	12	190.6	0.6	-12.51	0.46	0.03	1446
colight	TEST	12	189.1	100.0	-12.00	0.44	0.03	1451
colight	TRAIN	13	191.2	0.5	-12.94	0.47	0.03	1448
colight	TEST	13	187.5	100.0	-11.38	0.42	0.03	1446
colight	TRAIN	14	189.5	0.5	-12.23	0.44	0.03	1447
colight	TEST	14	187.3	100.0	-10.99	0.40	0.03	1450
colight	TRAIN	15	190.5	0.4	-12.83	0.47	0.03	1448
colight	TEST	15	187.8	100.0	-11.35	0.42	0.03	1449
colight	TRAIN	16	190.4	0.4	-12.37	0.45	0.03	1449
colight	TEST	16	189.5	100.0	-12.09	0.44	0.03	1447
colight	TRAIN	17	189.2	0.5	-11.85	0.43	0.03	1451
colight	TEST	17	188.3	100.0	-11.92	0.43	0.03	1451
colight	TRAIN	18	189.2	0.5	-12.01	0.44	0.03	1449
colight	TEST	18	187.9	100.0	-11.60	0.42	0.03	1448
colight	TRAIN	19	190.0	0.5	-12.16	0.44	0.03	1452
colight	TEST	19	187.3	100.0	-11.23	0.41	0.03	1447
colight	TRAIN	20	189.1	0.5	-11.88	0.43	0.03	1452
colight	TEST	20	189.5	100.0	-11.38	0.41	0.03	1451
colight	TRAIN	21	187.8	0.5	-11.41	0.42	0.03	1449
colight	TEST	21	189.3	100.0	-11.72	0.43	0.03	1450
colight	TRAIN	22	187.6	0.4	-11.28	0.41	0.03	1447
colight	TEST	22	190.3	100.0	-12.21	0.44	0.03	1451
colight	TRAIN	23	187.7	0.5	-11.37	0.42	0.03	1452
colight	TEST	23	189.7	100.0	-11.89	0.43	0.03	1450
colight	TRAIN	24	187.6	0.5	-11.12	0.41	0.03	1449
colight	TEST	24	188.4	100.0	-11.34	0.42	0.03	1450
colight	TRAIN	25	189.2	0.5	-11.94	0.43	0.03	1448
colight	TEST	25	188.2	100.0	-11.27	0.41	0.03	1449
colight	TRAIN	26	188.7	0.6	-11.71	0.42	0.03	1450
colight	TEST	26	190.0	100.0	-12.36	0.45	0.03	1450
colight	TRAIN	27	188.4	0.4	-11.56	0.42	0.03	1451
colight	TEST	27	188.8	100.0	-11.72	0.43	0.03	1447
colight	TRAIN	28	187.9	0.5	-11.52	0.42	0.03	1447
colight	TEST	28	188.8	100.0	-11.43	0.41	0.03	1451
colight	TRAIN	29	187.8	0.5	-11.24	0.41	0.03	1451
colight	TEST	29	189.2	100.0	-12.06	0.44	0.03	1448
colight	TRAIN	30	188.3	0.4	-11.45	0.42	0.03	1451
colight	TEST	30	188.7	100.0	-11.82	0.43	0.03	1448
colight	TRAIN	31	189.7	0.5	-12.11	0.44	0.03	1454
colight	TEST	31	189.0	100.0	-11.92	0.43	0.03	1447
colight	TRAIN	32	187.9	0.4	-11.18	0.41	0.03	1450
colight	TEST	32	188.6	100.0	-11.75	0.43	0.03	1451
colight	TRAIN	33	187.7	0.4	-11.22	0.41	0.03	1448
colight	TEST	33	189.3	100.0	-12.17	0.44	0.03	1448
colight	TRAIN	34	188.4	0.4	-11.43	0.42	0.03	1449
colight	TEST	34	188.7	100.0	-11.89	0.43	0.03	1448
colight	TRAIN	35	189.0	0.5	-11.84	0.43	0.03	1450
colight	TEST	35	188.5	100.0	-11.91	0.43	0.03	1451
colight	TRAIN	36	188.5	0.5	-11.50	0.42	0.03	1450
colight	TEST	36	189.2	100.0	-11.78	0.43	0.03	1451
colight	TRAIN	37	188.7	0.4	-11.89	0.43	0.03	1449
colight	TEST	37	188.8	100.0	-11.58	0.42	0.03	1452
colight	TRAIN	38	189.1	0.4	-11.91	0.43	0.03	1449
colight	TEST	38	190.4	100.0	-12.49	0.45	0.03	1448
colight	TRAIN	39	188.3	0.5	-11.48	0.42	0.03	1450
colight	TEST	39	188.9	100.0	-11.62	0.42	0.03	1450
colight	TRAIN	40	188.0	0.5	-11.40	0.42	0.03	1448
colight	TEST	40	188.2	100.0	-11.37	0.42	0.03	1448
colight	TRAIN	41	189.1	0.6	-11.69	0.42	0.03	1451
colight	TEST	41	188.9	100.0	-11.64	0.42	0.03	1448
colight	TRAIN	42	187.9	0.5	-11.40	0.42	0.03	1447
colight	TEST	42	186.5	100.0	-10.68	0.39	0.03	1452
colight	TRAIN	43	189.0	0.5	-12.01	0.44	0.03	1449
colight	TEST	43	188.9	100.0	-11.83	0.43	0.03	1452
colight	TRAIN	44	189.5	0.6	-12.07	0.44	0.03	1450
colight	TEST	44	188.3	100.0	-11.53	0.42	0.03	1447
colight	TRAIN	45	187.6	0.4	-11.17	0.41	0.03	1448
colight	TEST	45	187.1	100.0	-11.06	0.41	0.03	1449
colight	TRAIN	46	187.8	0.4	-11.25	0.41	0.03	1449
colight	TEST	46	188.3	100.0	-11.66	0.43	0.03	1450
colight	TRAIN	47	189.3	0.4	-11.90	0.43	0.03	1447
colight	TEST	47	189.2	100.0	-11.76	0.43	0.03	1450
colight	TRAIN	48	187.9	0.6	-11.55	0.42	0.03	1450
colight	TEST	48	188.5	100.0	-11.25	0.41	0.03	1449
colight	TRAIN	49	188.8	0.6	-11.60	0.42	0.03	1454
colight	TEST	49	188.4	100.0	-11.60	0.42	0.03	1451
colight	TRAIN	50	188.9	0.5	-11.80	0.43	0.03	1452
colight	TEST	50	188.0	100.0	-11.25	0.41	0.03	1450
colight	TRAIN	51	189.4	0.5	-12.21	0.44	0.03	1448
colight	TEST	51	188.5	100.0	-11.61	0.42	0.03	1450
colight	TRAIN	52	187.6	0.4	-11.30	0.41	0.03	1448
colight	TEST	52	189.1	100.0	-11.69	0.43	0.03	1448
colight	TRAIN	53	189.1	0.5	-11.97	0.44	0.03	1448
colight	TEST	53	189.2	100.0	-11.84	0.43	0.03	1447
colight	TRAIN	54	188.3	0.4	-11.61	0.43	0.03	1448
colight	TEST	54	188.3	100.0	-11.57	0.42	0.03	1447
colight	TRAIN	55	187.5	0.4	-11.40	0.42	0.03	1449
colight	TEST	55	187.3	100.0	-11.13	0.41	0.03	1450
colight	TRAIN	56	188.0	0.4	-11.39	0.42	0.03	1447
colight	TEST	56	188.6	100.0	-11.63	0.42	0.03	1447
colight	TRAIN	57	188.0	0.5	-11.37	0.42	0.03	1448
colight	TEST	57	188.4	100.0	-11.61	0.43	0.03	1449
colight	TRAIN	58	188.6	0.4	-11.62	0.42	0.03	1450
colight	TEST	58	188.3	100.0	-11.69	0.43	0.03	1449
colight	TRAIN	59	188.7	0.5	-11.88	0.43	0.03	1450
colight	TEST	59	187.8	100.0	-11.27	0.41	0.03	1452
colight	TRAIN	60	188.2	0.4	-11.62	0.42	0.03	1450
colight	TEST	60	188.4	100.0	-11.52	0.42	0.03	1448
colight	TRAIN	61	187.7	0.4	-11.32	0.41	0.03	1449
colight	TEST	61	188.0	100.0	-11.44	0.42	0.03	1450
colight	TRAIN	62	187.7	0.4	-11.41	0.42	0.03	1450
colight	TEST	62	188.2	100.0	-11.35	0.41	0.03	1450
colight	TRAIN	63	188.7	0.5	-11.72	0.43	0.03	1450
colight	TEST	63	189.2	100.0	-12.00	0.43	0.03	1449
colight	TRAIN	64	189.0	0.4	-11.93	0.44	0.03	1451
colight	TEST	64	189.1	100.0	-12.01	0.44	0.03	1449
colight	TRAIN	65	188.6	0.5	-11.91	0.43	0.03	1452
colight	TEST	65	188.6	100.0	-11.47	0.42	0.03	1450
colight	TRAIN	66	188.9	0.4	-11.92	0.43	0.03	1447
colight	TEST	66	188.8	100.0	-11.99	0.44	0.03	1450
colight	TRAIN	67	189.4	0.4	-12.17	0.44	0.03	1449
colight	TEST	67	189.2	100.0	-12.04	0.44	0.03	1450
colight	TRAIN	68	189.2	0.4	-12.10	0.44	0.03	1449
colight	TEST	68	188.4	100.0	-11.54	0.42	0.03	1451
colight	TRAIN	69	189.1	0.4	-11.98	0.44	0.03	1450
colight	TEST	69	188.9	100.0	-12.13	0.44	0.03	1449
colight	TRAIN	70	188.9	0.5	-12.07	0.44	0.03	1447
colight	TEST	70	188.5	100.0	-11.77	0.42	0.03	1449
colight	TRAIN	71	188.8	0.6	-11.87	0.43	0.03	1446
colight	TEST	71	188.2	100.0	-11.74	0.43	0.03	1449
colight	TRAIN	72	189.4	0.4	-12.07	0.44	0.03	1452
colight	TEST	72	189.7	100.0	-12.13	0.44	0.03	1451
colight	TRAIN	73	189.7	0.4	-12.33	0.45	0.03	1450
colight	TEST	73	189.3	100.0	-12.10	0.44	0.03	1451
colight	TRAIN	74	187.8	0.4	-11.49	0.42	0.03	1450
colight	TEST	74	189.0	100.0	-11.70	0.42	0.03	1450
colight	TRAIN	75	188.9	0.4	-11.90	0.43	0.03	1453
colight	TEST	75	189.9	100.0	-12.11	0.44	0.03	1451
colight	TRAIN	76	188.6	0.4	-11.74	0.43	0.03	1451
colight	TEST	76	189.7	100.0	-12.54	0.45	0.03	1451
colight	TRAIN	77	189.6	0.4	-12.08	0.44	0.03	1453
colight	TEST	77	189.7	100.0	-12.11	0.44	0.03	1452
colight	TRAIN	78	189.0	0.5	-11.79	0.43	0.03	1451
colight	TEST	78	189.4	100.0	-12.07	0.44	0.03	1451
colight	TRAIN	79	188.8	0.4	-11.82	0.43	0.03	1448
colight	TEST	79	189.6	100.0	-12.42	0.45	0.03	1449
colight	TRAIN	80	188.4	0.4	-11.61	0.42	0.03	1448
colight	TEST	80	188.9	100.0	-11.91	0.43	0.03	1453
colight	TRAIN	81	189.6	0.4	-12.12	0.44	0.03	1452
colight	TEST	81	189.5	100.0	-12.18	0.44	0.03	1449
colight	TRAIN	82	189.5	0.4	-12.17	0.44	0.03	1452
colight	TEST	82	188.9	100.0	-12.03	0.44	0.03	1449
colight	TRAIN	83	189.5	0.4	-12.35	0.45	0.03	1451
colight	TEST	83	189.0	100.0	-11.95	0.43	0.03	1451
colight	TRAIN	84	189.5	0.5	-12.13	0.44	0.03	1452
colight	TEST	84	188.6	100.0	-11.80	0.43	0.03	1452
colight	TRAIN	85	190.0	0.4	-12.16	0.44	0.03	1448
colight	TEST	85	188.7	100.0	-11.54	0.42	0.03	1451
colight	TRAIN	86	188.8	0.4	-11.85	0.43	0.03	1447
colight	TEST	86	189.6	100.0	-11.87	0.43	0.03	1451
colight	TRAIN	87	190.2	0.4	-12.39	0.45	0.03	1451
colight	TEST	87	188.2	100.0	-11.40	0.42	0.03	1452
colight	TRAIN	88	189.0	0.5	-12.01	0.43	0.03	1450
colight	TEST	88	188.8	100.0	-11.78	0.43	0.03	1450
colight	TRAIN	89	189.3	0.4	-11.76	0.43	0.03	1449
colight	TEST	89	188.9	100.0	-11.78	0.43	0.03	1450
colight	TRAIN	90	189.9	0.4	-12.57	0.45	0.03	1448
colight	TEST	90	188.8	100.0	-11.73	0.43	0.03	1448
colight	TRAIN	91	190.7	0.4	-12.92	0.47	0.03	1449
colight	TEST	91	190.8	100.0	-12.69	0.46	0.03	1451
colight	TRAIN	92	188.7	0.4	-11.61	0.42	0.03	1450
colight	TEST	92	188.9	100.0	-11.83	0.43	0.03	1450
colight	TRAIN	93	190.4	0.4	-12.39	0.45	0.03	1452
colight	TEST	93	187.9	100.0	-11.31	0.41	0.03	1452
colight	TRAIN	94	188.6	0.4	-11.75	0.43	0.03	1450
colight	TEST	94	188.0	100.0	-11.37	0.41	0.03	1450
colight	TRAIN	95	190.8	0.4	-12.48	0.45	0.03	1452
colight	TEST	95	189.0	100.0	-11.73	0.43	0.03	1451
colight	TRAIN	96	189.8	0.4	-12.19	0.44	0.03	1451
colight	TEST	96	189.1	100.0	-12.02	0.44	0.03	1450
colight	TRAIN	97	189.7	0.4	-12.38	0.45	0.03	1451
colight	TEST	97	189.7	100.0	-12.15	0.44	0.03	1452
colight	TRAIN	98	190.1	0.5	-12.53	0.45	0.03	1451
colight	TEST	98	192.6	100.0	-13.25	0.47	0.03	1451
colight	TRAIN	99	190.0	0.5	-12.57	0.45	0.03	1453
colight	TEST	99	191.1	100.0	-12.86	0.46	0.03	1451
colight	TRAIN	100	190.1	0.4	-12.33	0.45	0.03	1452
colight	TEST	100	189.5	100.0	-12.39	0.45	0.03	1449
colight	TRAIN	101	189.1	0.4	-11.98	0.43	0.03	1449
colight	TEST	101	191.1	100.0	-12.93	0.46	0.03	1451
colight	TRAIN	102	189.3	0.5	-12.07	0.43	0.03	1451
colight	TEST	102	190.9	100.0	-12.87	0.47	0.03	1451
colight	TRAIN	103	189.7	0.4	-12.27	0.44	0.03	1451
colight	TEST	103	189.0	100.0	-11.86	0.43	0.03	1449
colight	TRAIN	104	189.5	0.4	-12.40	0.45	0.03	1452
colight	TEST	104	188.9	100.0	-11.97	0.44	0.03	1450
colight	TRAIN	105	189.5	0.4	-12.30	0.45	0.03	1448
colight	TEST	105	188.6	100.0	-12.05	0.44	0.03	1447
colight	TRAIN	106	188.9	0.4	-12.02	0.44	0.03	1450
colight	TEST	106	189.0	100.0	-12.12	0.44	0.03	1451
colight	TRAIN	107	190.6	0.4	-12.82	0.46	0.03	1451
colight	TEST	107	188.0	100.0	-11.50	0.42	0.03	1451
colight	TRAIN	108	191.0	0.4	-12.82	0.46	0.03	1451
colight	TEST	108	189.9	100.0	-12.40	0.45	0.03	1451
colight	TRAIN	109	190.4	0.4	-12.74	0.46	0.03	1451
colight	TEST	109	190.5	100.0	-12.61	0.46	0.03	1451
colight	TRAIN	110	190.3	0.5	-12.44	0.45	0.03	1451
colight	TEST	110	190.3	100.0	-12.67	0.46	0.03	1451
colight	TRAIN	111	191.4	0.5	-13.16	0.48	0.03	1449
colight	TEST	111	190.0	100.0	-12.51	0.45	0.03	1451
colight	TRAIN	112	190.1	0.5	-12.61	0.45	0.03	1451
colight	TEST	112	189.2	100.0	-11.97	0.43	0.03	1451
colight	TRAIN	113	190.5	0.4	-12.94	0.47	0.03	1447
colight	TEST	113	189.2	100.0	-12.19	0.44	0.03	1450
colight	TRAIN	114	189.7	0.4	-12.23	0.44	0.03	1450
colight	TEST	114	190.7	100.0	-12.61	0.46	0.03	1450
colight	TRAIN	115	188.5	0.4	-11.77	0.43	0.03	1451
colight	TEST	115	188.4	100.0	-11.95	0.43	0.03	1448
colight	TRAIN	116	189.6	0.4	-12.49	0.45	0.03	1451
colight	TEST	116	189.0	100.0	-12.18	0.44	0.03	1450
colight	TRAIN	117	189.4	0.4	-12.38	0.45	0.03	1450
colight	TEST	117	189.2	100.0	-11.97	0.43	0.03	1450
colight	TRAIN	118	188.8	0.4	-11.97	0.43	0.03	1449
colight	TEST	118	189.4	100.0	-11.94	0.44	0.03	1450
colight	TRAIN	119	189.4	0.4	-12.11	0.44	0.03	1451
colight	TEST	119	188.8	100.0	-11.83	0.43	0.03	1450
colight	TRAIN	120	189.0	0.4	-11.86	0.43	0.03	1449
colight	TEST	120	188.6	100.0	-11.60	0.42	0.03	1451
colight	TRAIN	121	189.7	0.4	-12.16	0.44	0.03	1448
colight	TEST	121	189.1	100.0	-12.04	0.44	0.03	1449
colight	TRAIN	122	189.8	0.4	-12.33	0.45	0.03	1449
colight	TEST	122	190.2	100.0	-12.64	0.46	0.03	1449
colight	TRAIN	123	189.7	0.4	-12.36	0.45	0.03	1450
colight	TEST	123	190.2	100.0	-12.53	0.45	0.03	1449
colight	TRAIN	124	189.5	0.4	-12.33	0.45	0.03	1451
colight	TEST	124	188.4	100.0	-11.70	0.42	0.03	1449
colight	TRAIN	125	189.5	0.4	-12.22	0.44	0.03	1451
colight	TEST	125	189.7	100.0	-12.45	0.45	0.03	1450
colight	TRAIN	126	190.4	0.4	-12.50	0.45	0.03	1450
colight	TEST	126	190.2	100.0	-12.57	0.45	0.03	1452
colight	TRAIN	127	188.6	0.3	-11.75	0.43	0.03	1451
colight	TEST	127	191.0	100.0	-12.78	0.46	0.03	1451
colight	TRAIN	128	188.8	0.4	-11.88	0.43	0.03	1450
colight	TEST	128	189.8	100.0	-12.30	0.45	0.03	1450
colight	TRAIN	129	189.5	0.4	-12.30	0.45	0.03	1452
colight	TEST	129	190.8	100.0	-12.85	0.46	0.03	1451
colight	TRAIN	130	191.1	0.4	-12.80	0.46	0.03	1453
colight	TEST	130	189.5	100.0	-12.35	0.44	0.03	1450
colight	TRAIN	131	190.1	0.4	-12.38	0.45	0.03	1451
colight	TEST	131	190.3	100.0	-12.45	0.45	0.03	1451
colight	TRAIN	132	190.8	0.3	-12.77	0.46	0.03	1450
colight	TEST	132	190.2	100.0	-12.39	0.45	0.03	1452
colight	TRAIN	133	189.5	0.4	-12.13	0.44	0.03	1450
colight	TEST	133	188.8	100.0	-11.96	0.43	0.03	1451
colight	TRAIN	134	190.9	0.4	-12.68	0.46	0.03	1451
colight	TEST	134	189.7	100.0	-12.24	0.44	0.03	1449
colight	TRAIN	135	188.9	0.4	-12.19	0.44	0.03	1448
colight	TEST	135	189.6	100.0	-12.21	0.44	0.03	1451
colight	TRAIN	136	190.4	0.3	-12.64	0.45	0.03	1449
colight	TEST	136	190.3	100.0	-12.48	0.45	0.03	1449
colight	TRAIN	137	188.9	0.4	-12.11	0.44	0.03	1450
colight	TEST	137	189.0	100.0	-12.00	0.43	0.03	1451
colight	TRAIN	138	190.5	0.4	-12.72	0.46	0.03	1450
colight	TEST	138	189.1	100.0	-12.22	0.44	0.03	1451
colight	TRAIN	139	190.4	0.4	-12.75	0.46	0.03	1449
colight	TEST	139	190.0	100.0	-12.60	0.45	0.03	1451
colight	TRAIN	140	189.3	0.4	-12.19	0.44	0.03	1450
colight	TEST	140	189.9	100.0	-12.45	0.45	0.03	1450
colight	TRAIN	141	189.9	0.4	-12.41	0.45	0.03	1450
colight	TEST	141	190.1	100.0	-12.74	0.46	0.03	1451
colight	TRAIN	142	188.7	0.4	-11.93	0.43	0.03	1449
colight	TEST	142	191.1	100.0	-12.83	0.46	0.03	1450
colight	TRAIN	143	190.1	0.4	-12.14	0.44	0.03	1451
colight	TEST	143	189.9	100.0	-12.48	0.45	0.03	1449
colight	TRAIN	144	189.8	0.3	-12.22	0.44	0.03	1449
colight	TEST	144	189.1	100.0	-12.07	0.44	0.03	1452
colight	TRAIN	145	191.0	0.4	-12.93	0.47	0.03	1450
colight	TEST	145	189.9	100.0	-12.51	0.45	0.03	1449
colight	TRAIN	146	189.7	0.4	-12.27	0.45	0.03	1448
colight	TEST	146	190.2	100.0	-12.57	0.45	0.03	1450
colight	TRAIN	147	189.7	0.4	-12.18	0.44	0.03	1449
colight	TEST	147	188.2	100.0	-11.78	0.43	0.03	1448
colight	TRAIN	148	189.4	0.4	-11.97	0.43	0.03	1449
colight	TEST	148	188.7	100.0	-11.73	0.43	0.03	1451
colight	TRAIN	149	190.8	0.4	-12.54	0.45	0.03	1451
colight	TEST	149	189.1	100.0	-11.94	0.44	0.03	1450
colight	TRAIN	150	189.7	0.4	-12.35	0.45	0.03	1450
colight	TEST	150	189.9	100.0	-12.21	0.44	0.03	1451
colight	TRAIN	151	189.4	0.4	-12.31	0.45	0.03	1450
colight	TEST	151	190.8	100.0	-12.68	0.46	0.03	1451
colight	TRAIN	152	191.5	0.4	-12.87	0.46	0.03	1451
colight	TEST	152	192.1	100.0	-13.21	0.47	0.03	1448
colight	TRAIN	153	190.0	0.4	-12.42	0.45	0.03	1450
colight	TEST	153	191.1	100.0	-12.83	0.46	0.03	1448
colight	TRAIN	154	191.4	0.4	-12.95	0.46	0.03	1448
colight	TEST	154	191.0	100.0	-13.01	0.47	0.03	1451
colight	TRAIN	155	190.8	0.4	-12.76	0.46	0.03	1449
colight	TEST	155	191.0	100.0	-12.78	0.46	0.03	1449
colight	TRAIN	156	189.9	0.4	-12.29	0.45	0.03	1451
colight	TEST	156	190.5	100.0	-12.55	0.45	0.03	1451
colight	TRAIN	157	191.0	0.4	-12.99	0.47	0.03	1448
colight	TEST	157	189.9	100.0	-12.49	0.45	0.03	1449
colight	TRAIN	158	190.5	0.4	-12.62	0.46	0.03	1450
colight	TEST	158	191.8	100.0	-13.00	0.47	0.03	1451
colight	TRAIN	159	190.6	0.4	-12.60	0.45	0.03	1452
colight	TEST	159	190.8	100.0	-12.76	0.46	0.03	1452
colight	TRAIN	160	190.6	0.4	-12.71	0.46	0.03	1451
colight	TEST	160	189.0	100.0	-12.01	0.43	0.03	1450
colight	TRAIN	161	190.6	0.4	-12.63	0.46	0.03	1452
colight	TEST	161	191.3	100.0	-12.89	0.46	0.03	1452
colight	TRAIN	162	190.7	0.4	-12.58	0.45	0.03	1448
colight	TEST	162	190.6	100.0	-12.48	0.45	0.03	1451
colight	TRAIN	163	191.1	0.4	-12.87	0.46	0.03	1449
colight	TEST	163	190.9	100.0	-12.59	0.45	0.03	1452
colight	TRAIN	164	190.7	0.4	-12.77	0.46	0.03	1450
colight	TEST	164	190.5	100.0	-12.52	0.45	0.03	1448
colight	TRAIN	165	190.3	0.4	-12.46	0.45	0.03	1450
colight	TEST	165	189.7	100.0	-12.13	0.44	0.03	1452
colight	TRAIN	166	192.8	0.4	-13.73	0.49	0.03	1449
colight	TEST	166	191.2	100.0	-12.95	0.47	0.03	1450
colight	TRAIN	167	190.5	0.4	-12.41	0.45	0.03	1450
colight	TEST	167	189.9	100.0	-12.36	0.45	0.03	1448
colight	TRAIN	168	190.0	0.4	-12.27	0.44	0.03	1451
colight	TEST	168	192.1	100.0	-13.31	0.48	0.03	1452
colight	TRAIN	169	189.9	0.4	-12.36	0.45	0.03	1450
colight	TEST	169	191.7	100.0	-13.34	0.48	0.03	1452
colight	TRAIN	170	190.8	0.4	-12.80	0.46	0.03	1450
colight	TEST	170	190.7	100.0	-12.65	0.46	0.03	1451
colight	TRAIN	171	192.0	0.4	-13.15	0.48	0.03	1451
colight	TEST	171	192.7	100.0	-13.67	0.49	0.03	1451
colight	TRAIN	172	191.7	0.3	-13.27	0.48	0.03	1450
colight	TEST	172	190.1	100.0	-12.59	0.45	0.03	1450
colight	TRAIN	173	192.1	0.4	-13.30	0.48	0.03	1449
colight	TEST	173	189.8	100.0	-12.27	0.45	0.03	1451
colight	TRAIN	174	190.0	0.4	-12.38	0.45	0.03	1450
colight	TEST	174	192.3	100.0	-13.22	0.47	0.03	1449
colight	TRAIN	175	191.3	0.4	-12.90	0.47	0.03	1450
colight	TEST	175	190.6	100.0	-12.81	0.46	0.03	1452
colight	TRAIN	176	190.4	0.4	-12.38	0.45	0.03	1450
colight	TEST	176	190.4	100.0	-12.24	0.44	0.03	1451
colight	TRAIN	177	191.2	0.4	-12.86	0.46	0.03	1452
colight	TEST	177	190.5	100.0	-12.73	0.46	0.03	1452
colight	TRAIN	178	190.5	0.3	-12.50	0.45	0.03	1449
colight	TEST	178	190.8	100.0	-12.56	0.45	0.03	1450
colight	TRAIN	179	191.7	0.4	-13.02	0.47	0.03	1451
colight	TEST	179	192.2	100.0	-13.23	0.47	0.03	1450
colight	TRAIN	180	190.9	0.4	-12.80	0.46	0.03	1451
colight	TEST	180	193.1	100.0	-13.96	0.50	0.03	1450
colight	TRAIN	181	191.5	0.4	-13.08	0.47	0.03	1448
colight	TEST	181	190.6	100.0	-12.51	0.45	0.03	1450
colight	TRAIN	182	192.5	0.4	-13.64	0.49	0.03	1448
colight	TEST	182	192.4	100.0	-13.36	0.48	0.03	1451
colight	TRAIN	183	192.9	0.4	-13.65	0.49	0.03	1448
colight	TEST	183	190.3	100.0	-12.42	0.45	0.03	1450
colight	TRAIN	184	191.1	0.4	-12.94	0.47	0.03	1449
colight	TEST	184	191.0	100.0	-13.07	0.47	0.03	1451
colight	TRAIN	185	190.9	0.4	-12.65	0.46	0.03	1452
colight	TEST	185	190.0	100.0	-12.34	0.45	0.03	1453
colight	TRAIN	186	191.2	0.4	-12.76	0.46	0.03	1449
colight	TEST	186	191.9	100.0	-13.19	0.47	0.03	1452
colight	TRAIN	187	193.3	0.4	-13.63	0.49	0.03	1449
colight	TEST	187	191.4	100.0	-12.98	0.47	0.03	1453
colight	TRAIN	188	189.8	0.4	-12.24	0.44	0.03	1451
colight	TEST	188	190.4	100.0	-12.50	0.45	0.03	1449
colight	TRAIN	189	191.1	0.4	-12.94	0.47	0.03	1448
colight	TEST	189	189.9	100.0	-12.33	0.45	0.03	1452
colight	TRAIN	190	191.8	0.4	-13.04	0.47	0.03	1450
colight	TEST	190	190.7	100.0	-12.56	0.45	0.03	1449
colight	TRAIN	191	191.1	0.4	-12.92	0.47	0.03	1453
colight	TEST	191	192.3	100.0	-13.17	0.47	0.03	1452
colight	TRAIN	192	191.8	0.4	-13.34	0.48	0.03	1451
colight	TEST	192	192.5	100.0	-13.63	0.49	0.03	1453
colight	TRAIN	193	192.9	0.4	-13.86	0.50	0.03	1450
colight	TEST	193	192.0	100.0	-13.12	0.47	0.03	1451
colight	TRAIN	194	192.2	0.4	-13.29	0.48	0.03	1448
colight	TEST	194	191.9	100.0	-13.13	0.47	0.03	1448
colight	TRAIN	195	192.4	0.4	-13.43	0.48	0.03	1450
colight	TEST	195	192.3	100.0	-13.41	0.48	0.03	1450
colight	TRAIN	196	192.4	0.4	-13.50	0.49	0.03	1450
colight	TEST	196	190.4	100.0	-12.70	0.46	0.03	1450
colight	TRAIN	197	192.0	0.4	-13.41	0.48	0.03	1448
colight	TEST	197	190.9	100.0	-12.58	0.45	0.03	1450
colight	TRAIN	198	192.4	0.4	-13.45	0.48	0.03	1450
colight	TEST	198	189.3	100.0	-11.93	0.43	0.03	1453
colight	TRAIN	199	191.2	0.4	-12.76	0.46	0.03	1450
colight	TEST	199	191.7	100.0	-13.28	0.48	0.03	1447
