dqn	TRAIN	0	251.3	0.0	-46.14	1.51	0.06	1429
dqn	TEST	0	855.8	100.0	-467.13	14.63	0.16	410
dqn	TRAIN	1	254.4	0.0	-47.80	1.56	0.06	1429
dqn	TEST	1	855.8	100.0	-467.13	14.63	0.16	410
dqn	TRAIN	2	257.8	1.0	-60.36	1.95	0.08	1330
dqn	TEST	2	840.6	100.0	-455.76	14.27	0.16	439
dqn	TRAIN	3	569.4	2.7	-195.23	6.13	0.13	1270
dqn	TEST	3	729.4	100.0	-418.26	13.10	0.16	551
dqn	TRAIN	4	500.3	10.2	-153.93	4.84	0.13	1346
dqn	TEST	4	677.6	100.0	-381.13	11.95	0.15	632
dqn	TRAIN	5	372.7	12.3	-98.79	3.13	0.11	1381
dqn	TEST	5	491.5	100.0	-292.36	9.18	0.14	813
dqn	TRAIN	6	319.5	9.6	-73.53	2.34	0.09	1419
dqn	TEST	6	339.3	100.0	-143.37	4.52	0.11	1189
dqn	TRAIN	7	268.1	7.0	-53.24	1.71	0.08	1420
dqn	TEST	7	304.1	100.0	-100.64	3.19	0.09	1287
dqn	TRAIN	8	249.0	4.9	-43.60	1.41	0.07	1435
dqn	TEST	8	275.1	100.0	-111.49	3.53	0.08	1236
dqn	TRAIN	9	223.0	3.3	-32.64	1.07	0.06	1439
dqn	TEST	9	232.1	100.0	-61.02	1.96	0.06	1345
dqn	TRAIN	10	210.8	2.6	-27.74	0.92	0.05	1445
dqn	TEST	10	209.4	100.0	-28.65	0.94	0.05	1437
dqn	TRAIN	11	195.1	2.1	-20.99	0.71	0.04	1448
dqn	TEST	11	211.8	100.0	-29.22	0.96	0.05	1439
dqn	TRAIN	12	188.2	1.7	-17.58	0.60	0.04	1450
dqn	TEST	12	202.4	100.0	-23.62	0.79	0.04	1450
dqn	TRAIN	13	186.3	1.4	-16.97	0.58	0.04	1448
dqn	TEST	13	181.6	100.0	-14.74	0.51	0.04	1453
dqn	TRAIN	14	183.5	1.2	-15.63	0.54	0.04	1450
dqn	TEST	14	186.4	100.0	-17.89	0.61	0.04	1445
dqn	TRAIN	15	181.0	1.1	-14.35	0.50	0.03	1451
dqn	TEST	15	195.4	100.0	-54.29	1.74	0.04	1327
dqn	TRAIN	16	179.3	1.0	-13.74	0.48	0.03	1449
dqn	TEST	16	200.7	100.0	-70.96	2.27	0.04	1289
dqn	TRAIN	17	177.1	0.9	-12.86	0.45	0.03	1449
dqn	TEST	17	176.9	100.0	-12.70	0.45	0.03	1450
dqn	TRAIN	18	176.9	0.8	-12.70	0.45	0.03	1449
dqn	TEST	18	175.6	100.0	-12.23	0.43	0.03	1449
dqn	TRAIN	19	178.4	0.6	-13.32	0.47	0.03	1453
dqn	TEST	19	176.7	100.0	-12.73	0.45	0.03	1449
dqn	TRAIN	20	175.8	0.6	-12.22	0.43	0.03	1451
dqn	TEST	20	176.6	100.0	-12.72	0.45	0.03	1450
dqn	TRAIN	21	172.7	0.5	-11.13	0.40	0.03	1451
dqn	TEST	21	173.8	100.0	-11.32	0.40	0.03	1451
dqn	TRAIN	22	174.2	0.4	-11.64	0.42	0.03	1451
dqn	TEST	22	172.8	100.0	-11.00	0.39	0.03	1453
dqn	TRAIN	23	172.6	0.4	-10.76	0.38	0.03	1452
dqn	TEST	23	171.9	100.0	-10.69	0.38	0.03	1452
dqn	TRAIN	24	172.2	0.4	-10.79	0.39	0.03	1452
dqn	TEST	24	171.3	100.0	-10.38	0.37	0.03	1451
dqn	TRAIN	25	172.0	0.4	-10.58	0.38	0.03	1452
dqn	TEST	25	171.9	100.0	-10.74	0.38	0.03	1451
dqn	TRAIN	26	171.1	0.3	-10.47	0.38	0.03	1452
dqn	TEST	26	170.6	100.0	-10.07	0.36	0.03	1452
dqn	TRAIN	27	171.4	0.3	-10.54	0.38	0.03	1453
dqn	TEST	27	172.7	100.0	-11.12	0.40	0.03	1451
dqn	TRAIN	28	172.2	0.3	-10.76	0.39	0.03	1452
dqn	TEST	28	170.5	100.0	-9.90	0.36	0.03	1452
dqn	TRAIN	29	170.4	0.3	-9.69	0.35	0.03	1453
dqn	TEST	29	170.2	100.0	-10.12	0.36	0.03	1453
dqn	TRAIN	30	169.7	0.3	-9.74	0.35	0.02	1452
dqn	TEST	30	170.7	100.0	-10.22	0.37	0.03	1452
dqn	TRAIN	31	170.8	0.3	-10.16	0.37	0.03	1451
dqn	TEST	31	169.7	100.0	-9.82	0.35	0.02	1452
dqn	TRAIN	32	169.8	0.3	-9.78	0.35	0.02	1452
dqn	TEST	32	170.2	100.0	-10.00	0.36	0.03	1451
dqn	TRAIN	33	171.2	0.3	-10.40	0.37	0.03	1451
dqn	TEST	33	170.5	100.0	-10.07	0.36	0.03	1452
dqn	TRAIN	34	170.8	0.3	-10.35	0.37	0.03	1453
dqn	TEST	34	170.6	100.0	-9.99	0.36	0.03	1451
dqn	TRAIN	35	171.1	0.3	-10.45	0.38	0.03	1450
dqn	TEST	35	170.2	100.0	-9.92	0.36	0.02	1452
dqn	TRAIN	36	169.7	0.3	-9.72	0.35	0.02	1452
dqn	TEST	36	170.0	100.0	-9.95	0.36	0.02	1451
dqn	TRAIN	37	170.4	0.3	-10.16	0.37	0.02	1451
dqn	TEST	37	171.0	100.0	-10.12	0.36	0.03	1451
dqn	TRAIN	38	170.1	0.3	-9.84	0.36	0.02	1452
dqn	TEST	38	170.7	100.0	-10.14	0.36	0.03	1451
dqn	TRAIN	39	170.7	0.3	-10.12	0.36	0.02	1452
dqn	TEST	39	169.9	100.0	-9.76	0.35	0.02	1450
dqn	TRAIN	40	170.9	0.3	-10.15	0.37	0.03	1450
dqn	TEST	40	170.6	100.0	-9.91	0.36	0.03	1453
dqn	TRAIN	41	169.5	0.3	-9.37	0.34	0.02	1451
dqn	TEST	41	170.3	100.0	-9.78	0.35	0.02	1451
dqn	TRAIN	42	169.4	0.2	-9.49	0.34	0.02	1451
dqn	TEST	42	170.4	100.0	-9.82	0.35	0.02	1451
dqn	TRAIN	43	170.5	0.2	-10.07	0.36	0.03	1450
dqn	TEST	43	169.9	100.0	-9.82	0.35	0.02	1452
dqn	TRAIN	44	170.9	0.2	-10.29	0.37	0.02	1452
dqn	TEST	44	170.2	100.0	-9.93	0.36	0.02	1452
dqn	TRAIN	45	170.2	0.3	-9.97	0.36	0.02	1452
dqn	TEST	45	170.8	100.0	-10.14	0.36	0.02	1451
dqn	TRAIN	46	170.5	0.2	-10.14	0.36	0.02	1451
dqn	TEST	46	169.9	100.0	-9.80	0.35	0.02	1450
dqn	TRAIN	47	169.3	0.2	-9.60	0.35	0.02	1450
dqn	TEST	47	170.0	100.0	-9.90	0.36	0.02	1450
dqn	TRAIN	48	169.9	0.2	-9.79	0.35	0.02	1452
dqn	TEST	48	169.4	100.0	-9.55	0.35	0.02	1452
dqn	TRAIN	49	169.6	0.2	-9.70	0.35	0.02	1452
dqn	TEST	49	169.9	100.0	-9.83	0.36	0.02	1453
dqn	TRAIN	50	169.8	0.2	-9.72	0.35	0.02	1452
dqn	TEST	50	170.0	100.0	-9.75	0.35	0.02	1452
dqn	TRAIN	51	169.9	0.2	-10.01	0.36	0.02	1451
dqn	TEST	51	169.7	100.0	-9.73	0.35	0.02	1452
dqn	TRAIN	52	170.0	0.2	-9.95	0.36	0.02	1452
dqn	TEST	52	169.7	100.0	-9.72	0.35	0.02	1452
dqn	TRAIN	53	170.0	0.2	-9.66	0.35	0.02	1452
dqn	TEST	53	170.3	100.0	-9.86	0.36	0.02	1452
dqn	TRAIN	54	169.9	0.2	-9.84	0.36	0.02	1452
dqn	TEST	54	170.4	100.0	-9.84	0.35	0.02	1453
dqn	TRAIN	55	170.2	0.2	-9.86	0.36	0.02	1453
dqn	TEST	55	170.5	100.0	-10.26	0.37	0.02	1452
dqn	TRAIN	56	169.6	0.2	-9.76	0.35	0.02	1450
dqn	TEST	56	168.7	100.0	-9.23	0.33	0.02	1452
dqn	TRAIN	57	171.4	0.2	-10.42	0.37	0.03	1452
dqn	TEST	57	169.5	100.0	-9.56	0.34	0.02	1451
dqn	TRAIN	58	170.5	0.2	-9.98	0.36	0.02	1450
dqn	TEST	58	169.6	100.0	-9.75	0.35	0.02	1451
dqn	TRAIN	59	170.9	0.2	-10.22	0.37	0.03	1452
dqn	TEST	59	169.6	100.0	-9.70	0.35	0.02	1450
dqn	TRAIN	60	170.0	0.2	-9.64	0.35	0.02	1452
dqn	TEST	60	170.0	100.0	-9.94	0.36	0.02	1452
dqn	TRAIN	61	170.1	0.2	-9.94	0.36	0.02	1451
dqn	TEST	61	170.4	100.0	-9.83	0.36	0.02	1451
dqn	TRAIN	62	170.4	0.2	-9.92	0.36	0.02	1451
dqn	TEST	62	171.1	100.0	-10.16	0.36	0.02	1452
dqn	TRAIN	63	170.5	0.2	-10.14	0.36	0.02	1451
dqn	TEST	63	169.1	100.0	-9.48	0.34	0.02	1452
dqn	TRAIN	64	169.5	0.2	-9.54	0.35	0.02	1453
dqn	TEST	64	171.0	100.0	-10.24	0.37	0.02	1452
dqn	TRAIN	65	170.4	0.2	-9.82	0.35	0.02	1453
dqn	TEST	65	169.1	100.0	-9.47	0.34	0.02	1453
dqn	TRAIN	66	170.5	0.3	-9.95	0.36	0.02	1453
dqn	TEST	66	169.9	100.0	-9.95	0.36	0.02	1453
dqn	TRAIN	67	171.0	0.3	-10.08	0.36	0.02	1452
dqn	TEST	67	169.6	100.0	-9.70	0.35	0.02	1452
dqn	TRAIN	68	169.6	0.2	-9.49	0.34	0.02	1452
dqn	TEST	68	168.4	100.0	-9.10	0.33	0.02	1452
dqn	TRAIN	69	169.8	0.3	-9.73	0.35	0.02	1452
dqn	TEST	69	168.8	100.0	-9.19	0.33	0.02	1452
dqn	TRAIN	70	169.9	0.2	-9.66	0.35	0.02	1453
dqn	TEST	70	170.4	100.0	-9.83	0.35	0.02	1451
dqn	TRAIN	71	169.9	0.2	-9.76	0.35	0.02	1453
dqn	TEST	71	169.3	100.0	-9.43	0.34	0.02	1452
dqn	TRAIN	72	170.5	0.2	-10.02	0.36	0.02	1452
dqn	TEST	72	170.3	100.0	-9.91	0.36	0.02	1452
dqn	TRAIN	73	169.2	0.2	-9.37	0.34	0.02	1451
dqn	TEST	73	169.4	100.0	-9.47	0.34	0.02	1451
dqn	TRAIN	74	170.7	0.2	-10.11	0.36	0.02	1452
dqn	TEST	74	169.4	100.0	-9.50	0.34	0.02	1453
dqn	TRAIN	75	170.8	0.2	-10.02	0.36	0.02	1452
dqn	TEST	75	169.1	100.0	-9.31	0.34	0.02	1451
dqn	TRAIN	76	170.3	0.2	-9.86	0.35	0.02	1451
dqn	TEST	76	169.2	100.0	-9.31	0.34	0.02	1452
dqn	TRAIN	77	169.8	0.3	-9.59	0.35	0.02	1453
dqn	TEST	77	169.8	100.0	-9.65	0.35	0.02	1453
dqn	TRAIN	78	169.9	0.2	-9.69	0.35	0.02	1452
dqn	TEST	78	169.0	100.0	-9.35	0.34	0.02	1452
dqn	TRAIN	79	170.2	0.2	-10.00	0.36	0.02	1452
dqn	TEST	79	169.9	100.0	-9.82	0.36	0.02	1452
dqn	TRAIN	80	169.8	0.2	-9.88	0.36	0.02	1452
dqn	TEST	80	170.7	100.0	-10.13	0.36	0.02	1452
dqn	TRAIN	81	170.2	0.2	-9.83	0.36	0.02	1452
dqn	TEST	81	169.3	100.0	-9.32	0.34	0.02	1452
dqn	TRAIN	82	169.5	0.2	-9.53	0.35	0.02	1452
dqn	TEST	82	169.3	100.0	-9.62	0.35	0.02	1451
dqn	TRAIN	83	170.3	0.2	-9.80	0.36	0.02	1452
dqn	TEST	83	170.1	100.0	-9.86	0.35	0.02	1452
dqn	TRAIN	84	169.5	0.2	-9.65	0.35	0.02	1452
dqn	TEST	84	170.9	100.0	-10.19	0.37	0.02	1451
dqn	TRAIN	85	170.6	0.2	-10.13	0.36	0.02	1453
dqn	TEST	85	169.3	100.0	-9.65	0.35	0.02	1451
dqn	TRAIN	86	170.7	0.3	-10.15	0.37	0.02	1451
dqn	TEST	86	170.2	100.0	-9.96	0.36	0.02	1452
dqn	TRAIN	87	170.0	0.3	-9.84	0.35	0.02	1451
dqn	TEST	87	169.9	100.0	-9.93	0.36	0.02	1451
dqn	TRAIN	88	170.6	0.3	-10.04	0.36	0.02	1453
dqn	TEST	88	170.8	100.0	-9.96	0.36	0.02	1452
dqn	TRAIN	89	170.2	0.3	-9.88	0.36	0.02	1451
dqn	TEST	89	170.3	100.0	-10.03	0.36	0.02	1452
dqn	TRAIN	90	169.5	0.2	-9.52	0.34	0.02	1453
dqn	TEST	90	168.8	100.0	-9.42	0.34	0.02	1453
dqn	TRAIN	91	170.0	0.2	-9.67	0.35	0.02	1452
dqn	TEST	91	169.7	100.0	-9.50	0.34	0.02	1452
dqn	TRAIN	92	170.2	0.2	-9.89	0.36	0.02	1451
dqn	TEST	92	169.9	100.0	-9.82	0.35	0.02	1452
dqn	TRAIN	93	169.4	0.2	-9.43	0.34	0.02	1451
dqn	TEST	93	169.6	100.0	-9.50	0.34	0.02	1453
dqn	TRAIN	94	169.8	0.2	-9.66	0.35	0.02	1452
dqn	TEST	94	169.9	100.0	-9.69	0.35	0.02	1452
dqn	TRAIN	95	169.8	0.2	-9.53	0.34	0.02	1451
dqn	TEST	95	169.7	100.0	-9.59	0.34	0.02	1451
dqn	TRAIN	96	170.5	0.2	-9.90	0.36	0.02	1450
dqn	TEST	96	169.5	100.0	-9.58	0.35	0.02	1452
dqn	TRAIN	97	169.6	0.2	-9.58	0.34	0.02	1452
dqn	TEST	97	169.0	100.0	-9.13	0.33	0.02	1451
dqn	TRAIN	98	170.2	0.2	-9.83	0.35	0.02	1453
dqn	TEST	98	169.2	100.0	-9.40	0.34	0.02	1451
dqn	TRAIN	99	169.4	0.2	-9.49	0.34	0.02	1451
dqn	TEST	99	170.2	100.0	-9.74	0.35	0.02	1450
dqn	TRAIN	100	170.5	0.2	-9.96	0.36	0.02	1451
dqn	TEST	100	169.2	100.0	-9.33	0.34	0.02	1451
dqn	TRAIN	101	169.7	0.2	-9.60	0.35	0.02	1453
dqn	TEST	101	170.0	100.0	-9.88	0.36	0.02	1450
dqn	TRAIN	102	169.5	0.2	-9.65	0.35	0.02	1451
dqn	TEST	102	170.5	100.0	-10.09	0.36	0.02	1451
dqn	TRAIN	103	169.8	0.2	-9.83	0.35	0.02	1453
dqn	TEST	103	169.6	100.0	-9.69	0.35	0.02	1451
dqn	TRAIN	104	170.1	0.2	-9.85	0.35	0.02	1451
dqn	TEST	104	169.4	100.0	-9.45	0.34	0.02	1450
dqn	TRAIN	105	169.7	0.2	-9.75	0.35	0.02	1450
dqn	TEST	105	169.7	100.0	-9.71	0.35	0.02	1449
dqn	TRAIN	106	169.8	0.2	-9.85	0.35	0.02	1451
dqn	TEST	106	170.1	100.0	-9.76	0.35	0.02	1452
dqn	TRAIN	107	170.0	0.2	-9.83	0.35	0.02	1452
dqn	TEST	107	170.0	100.0	-9.95	0.36	0.02	1450
dqn	TRAIN	108	169.6	0.2	-9.74	0.35	0.02	1452
dqn	TEST	108	169.6	100.0	-9.75	0.35	0.02	1451
dqn	TRAIN	109	169.3	0.2	-9.69	0.35	0.02	1451
dqn	TEST	109	170.0	100.0	-9.86	0.36	0.02	1450
dqn	TRAIN	110	171.0	0.2	-10.19	0.37	0.02	1450
dqn	TEST	110	169.4	100.0	-9.54	0.35	0.02	1451
dqn	TRAIN	111	169.8	0.3	-9.67	0.35	0.02	1451
dqn	TEST	111	169.0	100.0	-9.26	0.34	0.02	1451
dqn	TRAIN	112	169.4	0.3	-9.55	0.35	0.02	1452
dqn	TEST	112	170.1	100.0	-9.97	0.36	0.02	1452
dqn	TRAIN	113	170.1	0.3	-10.01	0.36	0.02	1451
dqn	TEST	113	169.9	100.0	-10.03	0.36	0.02	1452
dqn	TRAIN	114	169.8	0.3	-9.58	0.35	0.02	1452
dqn	TEST	114	169.3	100.0	-9.49	0.34	0.02	1451
dqn	TRAIN	115	170.4	0.3	-10.00	0.36	0.02	1451
dqn	TEST	115	169.8	100.0	-9.77	0.35	0.02	1452
dqn	TRAIN	116	170.9	0.3	-10.22	0.37	0.02	1451
dqn	TEST	116	169.5	100.0	-9.60	0.35	0.02	1452
dqn	TRAIN	117	169.5	0.3	-9.65	0.35	0.02	1452
dqn	TEST	117	169.7	100.0	-9.75	0.35	0.02	1451
dqn	TRAIN	118	169.5	0.3	-9.54	0.34	0.02	1453
dqn	TEST	118	170.0	100.0	-9.81	0.35	0.02	1452
dqn	TRAIN	119	169.3	0.3	-9.54	0.35	0.02	1453
dqn	TEST	119	169.5	100.0	-9.65	0.35	0.02	1452
dqn	TRAIN	120	169.6	0.3	-9.65	0.35	0.02	1452
dqn	TEST	120	169.9	100.0	-9.75	0.35	0.02	1452
dqn	TRAIN	121	170.4	0.3	-10.06	0.36	0.02	1452
dqn	TEST	121	169.2	100.0	-9.61	0.34	0.02	1452
dqn	TRAIN	122	169.5	0.3	-9.54	0.34	0.02	1454
dqn	TEST	122	169.5	100.0	-9.55	0.35	0.02	1451
dqn	TRAIN	123	169.6	0.3	-9.72	0.35	0.02	1452
dqn	TEST	123	169.8	100.0	-9.78	0.35	0.02	1452
dqn	TRAIN	124	170.9	0.3	-10.13	0.36	0.02	1454
dqn	TEST	124	169.8	100.0	-9.76	0.35	0.02	1452
dqn	TRAIN	125	169.8	0.3	-9.83	0.35	0.02	1452
dqn	TEST	125	169.5	100.0	-9.74	0.35	0.02	1450
dqn	TRAIN	126	169.6	0.3	-9.90	0.35	0.02	1450
dqn	TEST	126	169.9	100.0	-9.67	0.35	0.02	1453
dqn	TRAIN	127	170.3	0.3	-9.93	0.36	0.02	1452
dqn	TEST	127	169.2	100.0	-9.58	0.35	0.02	1452
dqn	TRAIN	128	168.8	0.3	-9.31	0.34	0.02	1451
dqn	TEST	128	169.5	100.0	-9.69	0.35	0.02	1452
dqn	TRAIN	129	170.0	0.3	-10.03	0.36	0.02	1452
dqn	TEST	129	169.0	100.0	-9.51	0.34	0.02	1452
dqn	TRAIN	130	169.1	0.3	-9.58	0.35	0.02	1453
dqn	TEST	130	168.6	100.0	-9.17	0.33	0.02	1451
dqn	TRAIN	131	169.9	0.3	-9.73	0.35	0.02	1453
dqn	TEST	131	170.4	100.0	-9.82	0.35	0.02	1452
dqn	TRAIN	132	169.0	0.3	-9.29	0.34	0.02	1452
dqn	TEST	132	169.6	100.0	-9.51	0.34	0.02	1453
dqn	TRAIN	133	169.5	0.3	-9.63	0.35	0.02	1454
dqn	TEST	133	169.4	100.0	-9.34	0.34	0.02	1449
dqn	TRAIN	134	171.0	0.3	-10.19	0.37	0.02	1450
dqn	TEST	134	169.0	100.0	-9.35	0.34	0.02	1451
dqn	TRAIN	135	169.9	0.3	-9.71	0.35	0.02	1454
dqn	TEST	135	169.6	100.0	-9.72	0.35	0.02	1452
dqn	TRAIN	136	169.4	0.3	-9.54	0.35	0.02	1451
dqn	TEST	136	172.2	100.0	-10.70	0.38	0.02	1452
dqn	TRAIN	137	169.5	0.3	-9.62	0.35	0.02	1454
dqn	TEST	137	168.7	100.0	-9.21	0.33	0.02	1454
dqn	TRAIN	138	170.3	0.3	-9.96	0.36	0.02	1453
dqn	TEST	138	170.2	100.0	-9.87	0.35	0.02	1452
dqn	TRAIN	139	170.3	0.3	-10.09	0.36	0.02	1452
dqn	TEST	139	172.0	100.0	-10.57	0.38	0.02	1452
dqn	TRAIN	140	169.7	0.3	-9.73	0.35	0.02	1450
dqn	TEST	140	169.6	100.0	-9.68	0.35	0.02	1452
dqn	TRAIN	141	169.7	0.3	-9.57	0.34	0.02	1453
dqn	TEST	141	169.6	100.0	-9.59	0.34	0.02	1451
dqn	TRAIN	142	170.3	0.3	-10.16	0.37	0.02	1451
dqn	TEST	142	169.3	100.0	-9.41	0.34	0.02	1452
dqn	TRAIN	143	168.8	0.3	-9.25	0.34	0.02	1453
dqn	TEST	143	169.8	100.0	-9.97	0.36	0.02	1450
dqn	TRAIN	144	169.6	0.3	-9.67	0.35	0.02	1451
dqn	TEST	144	169.9	100.0	-9.85	0.36	0.02	1452
dqn	TRAIN	145	169.8	0.3	-9.89	0.36	0.02	1450
dqn	TEST	145	169.6	100.0	-9.70	0.35	0.02	1450
dqn	TRAIN	146	169.9	0.3	-9.90	0.35	0.02	1452
dqn	TEST	146	171.0	100.0	-10.35	0.37	0.02	1452
dqn	TRAIN	147	169.2	0.3	-9.65	0.35	0.02	1451
dqn	TEST	147	169.5	100.0	-9.75	0.35	0.02	1451
dqn	TRAIN	148	169.6	0.3	-9.46	0.34	0.02	1449
dqn	TEST	148	169.4	100.0	-9.67	0.35	0.02	1454
dqn	TRAIN	149	169.7	0.3	-9.78	0.35	0.02	1453
dqn	TEST	149	169.1	100.0	-9.60	0.35	0.02	1451
dqn	TRAIN	150	170.5	0.3	-10.03	0.36	0.02	1452
dqn	TEST	150	170.1	100.0	-10.07	0.36	0.02	1453
dqn	TRAIN	151	168.8	0.3	-9.34	0.34	0.02	1452
dqn	TEST	151	169.2	100.0	-9.54	0.35	0.02	1451
dqn	TRAIN	152	170.0	0.2	-9.80	0.35	0.02	1452
dqn	TEST	152	169.4	100.0	-9.61	0.35	0.02	1452
dqn	TRAIN	153	169.5	0.3	-9.57	0.34	0.02	1452
dqn	TEST	153	169.3	100.0	-9.54	0.34	0.02	1451
dqn	TRAIN	154	169.6	0.3	-9.41	0.34	0.02	1452
dqn	TEST	154	169.6	100.0	-9.55	0.34	0.02	1452
dqn	TRAIN	155	168.7	0.2	-9.25	0.34	0.02	1451
dqn	TEST	155	169.5	100.0	-9.71	0.35	0.02	1451
dqn	TRAIN	156	170.1	0.2	-9.81	0.35	0.02	1452
dqn	TEST	156	170.1	100.0	-9.67	0.35	0.02	1452
dqn	TRAIN	157	169.2	0.2	-9.55	0.34	0.02	1452
dqn	TEST	157	169.7	100.0	-9.68	0.35	0.02	1451
dqn	TRAIN	158	169.9	0.2	-9.97	0.36	0.02	1451
dqn	TEST	158	169.1	100.0	-9.34	0.34	0.02	1451
dqn	TRAIN	159	169.6	0.2	-9.62	0.35	0.02	1452
dqn	TEST	159	169.9	100.0	-9.87	0.36	0.02	1452
dqn	TRAIN	160	169.3	0.2	-9.50	0.34	0.02	1452
dqn	TEST	160	169.2	100.0	-9.45	0.34	0.02	1452
dqn	TRAIN	161	169.4	0.3	-9.46	0.34	0.02	1453
dqn	TEST	161	169.4	100.0	-9.79	0.35	0.02	1452
dqn	TRAIN	162	169.1	0.2	-9.48	0.34	0.02	1450
dqn	TEST	162	170.1	100.0	-9.86	0.36	0.02	1451
dqn	TRAIN	163	169.4	0.2	-9.54	0.35	0.02	1453
dqn	TEST	163	169.6	100.0	-9.65	0.35	0.02	1452
dqn	TRAIN	164	168.7	0.2	-9.28	0.34	0.02	1450
dqn	TEST	164	168.7	100.0	-9.42	0.34	0.02	1449
dqn	TRAIN	165	168.6	0.2	-9.32	0.34	0.02	1450
dqn	TEST	165	170.9	100.0	-10.31	0.37	0.02	1451
dqn	TRAIN	166	170.1	0.2	-10.05	0.36	0.02	1451
dqn	TEST	166	168.8	100.0	-9.42	0.34	0.02	1452
dqn	TRAIN	167	169.4	0.2	-9.37	0.34	0.02	1454
dqn	TEST	167	169.7	100.0	-9.74	0.35	0.02	1451
dqn	TRAIN	168	168.3	0.2	-9.02	0.33	0.02	1453
dqn	TEST	168	168.9	100.0	-9.59	0.35	0.02	1449
dqn	TRAIN	169	169.9	0.2	-9.75	0.35	0.02	1451
dqn	TEST	169	168.5	100.0	-9.05	0.33	0.02	1454
dqn	TRAIN	170	168.5	0.2	-9.08	0.33	0.02	1453
dqn	TEST	170	168.8	100.0	-9.29	0.34	0.02	1453
dqn	TRAIN	171	168.8	0.2	-9.35	0.34	0.02	1452
dqn	TEST	171	169.1	100.0	-9.42	0.34	0.02	1452
dqn	TRAIN	172	169.7	0.2	-9.69	0.35	0.02	1450
dqn	TEST	172	169.5	100.0	-9.54	0.34	0.02	1451
dqn	TRAIN	173	169.2	0.2	-9.48	0.34	0.02	1454
dqn	TEST	173	169.8	100.0	-9.51	0.34	0.02	1453
dqn	TRAIN	174	169.5	0.2	-9.62	0.35	0.02	1450
dqn	TEST	174	168.8	100.0	-9.14	0.33	0.02	1454
dqn	TRAIN	175	169.6	0.2	-9.57	0.35	0.02	1450
dqn	TEST	175	168.3	100.0	-8.92	0.32	0.02	1452
dqn	TRAIN	176	169.1	0.2	-9.28	0.34	0.02	1453
dqn	TEST	176	168.3	100.0	-9.03	0.33	0.02	1453
dqn	TRAIN	177	170.3	0.2	-9.94	0.36	0.02	1453
dqn	TEST	177	169.4	100.0	-9.47	0.34	0.02	1453
dqn	TRAIN	178	170.3	0.2	-9.93	0.36	0.02	1452
dqn	TEST	178	169.3	100.0	-9.48	0.34	0.02	1454
dqn	TRAIN	179	169.7	0.2	-9.35	0.34	0.02	1454
dqn	TEST	179	168.4	100.0	-8.98	0.33	0.02	1455
dqn	TRAIN	180	169.4	0.2	-9.46	0.34	0.02	1451
dqn	TEST	180	169.0	100.0	-9.46	0.34	0.02	1451
dqn	TRAIN	181	169.4	0.2	-9.60	0.35	0.02	1453
dqn	TEST	181	168.8	100.0	-9.23	0.33	0.02	1451
dqn	TRAIN	182	168.6	0.2	-9.10	0.33	0.02	1454
dqn	TEST	182	168.4	100.0	-9.13	0.33	0.02	1451
dqn	TRAIN	183	170.3	0.2	-9.71	0.35	0.02	1454
dqn	TEST	183	167.8	100.0	-8.78	0.32	0.02	1451
dqn	TRAIN	184	169.9	0.2	-9.78	0.35	0.02	1453
dqn	TEST	184	169.2	100.0	-9.51	0.34	0.02	1452
dqn	TRAIN	185	169.0	0.2	-9.21	0.34	0.02	1454
dqn	TEST	185	168.8	100.0	-9.36	0.34	0.02	1451
dqn	TRAIN	186	168.9	0.2	-9.32	0.34	0.02	1452
dqn	TEST	186	168.6	100.0	-9.12	0.33	0.02	1453
dqn	TRAIN	187	169.4	0.2	-9.35	0.34	0.02	1455
dqn	TEST	187	168.1	100.0	-8.92	0.32	0.02	1452
dqn	TRAIN	188	169.0	0.2	-9.31	0.34	0.02	1450
dqn	TEST	188	167.9	100.0	-8.86	0.32	0.02	1454
dqn	TRAIN	189	167.8	0.2	-8.68	0.32	0.02	1453
dqn	TEST	189	169.5	100.0	-9.60	0.35	0.02	1450
dqn	TRAIN	190	169.5	0.2	-9.48	0.34	0.02	1452
dqn	TEST	190	169.1	100.0	-9.36	0.34	0.02	1453
dqn	TRAIN	191	169.3	0.2	-9.37	0.34	0.02	1451
dqn	TEST	191	168.7	100.0	-9.22	0.33	0.02	1450
dqn	TRAIN	192	169.1	0.2	-9.32	0.33	0.02	1452
dqn	TEST	192	169.1	100.0	-9.49	0.34	0.02	1452
dqn	TRAIN	193	169.0	0.2	-9.36	0.34	0.02	1452
dqn	TEST	193	169.2	100.0	-9.56	0.35	0.02	1450
dqn	TRAIN	194	168.7	0.2	-9.40	0.34	0.02	1450
dqn	TEST	194	169.6	100.0	-9.62	0.35	0.02	1451
dqn	TRAIN	195	169.5	0.2	-9.58	0.35	0.02	1451
dqn	TEST	195	168.5	100.0	-9.26	0.34	0.02	1453
dqn	TRAIN	196	168.4	0.2	-9.04	0.33	0.02	1455
dqn	TEST	196	168.9	100.0	-9.23	0.33	0.02	1455
dqn	TRAIN	197	169.3	0.2	-9.42	0.34	0.02	1450
dqn	TEST	197	168.8	100.0	-9.30	0.34	0.02	1453
dqn	TRAIN	198	169.9	0.2	-9.75	0.35	0.02	1453
dqn	TEST	198	169.1	100.0	-9.35	0.34	0.02	1453
dqn	TRAIN	199	169.1	0.2	-9.61	0.35	0.02	1451
dqn	TEST	199	167.9	100.0	-8.84	0.32	0.02	1452
