colight	TRAIN	0	352.8	0.0	-281.87	7.94	0.20	1161
colight	HELDOUT	0	564.9	100.0	-485.80	12.34	0.43	111
colight	HELDOUT	0	526.2	100.0	-483.09	12.42	0.44	116
colight	HELDOUT	0	572.6	100.0	-506.43	12.84	0.44	106
colight	HELDOUT_MEAN	0	554.6	100.0	0.00	0.00	0.00	0
colight	TRAIN	1	341.4	0.0	-306.53	8.53	0.21	1069
colight	TRAIN	2	349.8	0.0	-286.06	8.09	0.21	1197
colight	TRAIN	3	382.6	0.0	-293.70	8.23	0.21	1134
colight	TRAIN	4	364.1	0.0	-277.49	7.87	0.19	1160
colight	TRAIN	5	346.1	24.9	-289.03	8.04	0.21	1268
colight	TRAIN	6	357.6	15.3	-285.66	7.87	0.21	1279
colight	TRAIN	7	381.6	16.5	-302.28	8.21	0.22	1297
colight	TRAIN	8	371.9	18.9	-275.02	7.68	0.21	1271
colight	TRAIN	9	346.3	16.9	-283.82	7.91	0.21	1133
colight	TRAIN	10	356.5	16.6	-260.54	7.55	0.18	1084
colight	HELDOUT	10	367.4	100.0	-384.77	11.26	0.30	402
colight	HELDOUT	10	347.3	100.0	-380.41	11.18	0.29	413
colight	HELDOUT	10	380.0	100.0	-393.80	11.51	0.31	397
colight	HELDOUT_MEAN	10	364.9	100.0	0.00	0.00	0.00	0
colight	TRAIN	11	354.4	18.7	-276.44	8.00	0.20	1069
colight	TRAIN	12	343.8	21.4	-279.08	8.02	0.20	1015
colight	TRAIN	13	333.3	24.1	-289.96	8.39	0.22	898
colight	TRAIN	14	345.4	21.7	-323.08	8.63	0.23	860
colight	TRAIN	15	406.3	27.9	-325.16	8.77	0.24	921
colight	TRAIN	16	361.5	31.1	-334.62	8.83	0.23	873
colight	TRAIN	17	361.2	32.2	-353.20	9.25	0.25	896
colight	TRAIN	18	381.1	33.7	-313.56	8.72	0.21	955
colight	TRAIN	19	396.7	37.3	-335.59	9.03	0.23	938
colight	TRAIN	20	337.8	38.5	-311.86	8.55	0.21	962
colight	HELDOUT	20	321.4	100.0	-399.32	11.26	0.26	413
colight	HELDOUT	20	342.9	100.0	-384.00	10.89	0.26	414
colight	HELDOUT	20	378.8	100.0	-434.19	11.83	0.26	340
colight	HELDOUT_MEAN	20	347.7	100.0	0.00	0.00	0.00	0
colight	TRAIN	21	398.1	36.6	-347.49	9.38	0.22	815
colight	TRAIN	22	435.0	33.9	-358.09	9.61	0.25	757
colight	TRAIN	23	394.7	36.1	-352.51	9.72	0.24	774
colight	TRAIN	24	406.7	35.5	-315.48	8.97	0.20	859
colight	TRAIN	25	406.7	40.9	-342.03	9.14	0.25	735
colight	TRAIN	26	372.8	30.2	-329.54	9.12	0.26	883
colight	TRAIN	27	374.1	29.4	-367.86	9.73	0.26	788
colight	TRAIN	28	392.5	42.4	-332.09	9.24	0.24	824
colight	TRAIN	29	340.3	42.5	-356.99	9.95	0.23	722
colight	TRAIN	30	380.0	41.4	-343.56	9.82	0.23	662
colight	HELDOUT	30	299.8	100.0	-424.04	11.45	0.24	444
colight	HELDOUT	30	320.1	100.0	-421.65	11.38	0.24	426
colight	HELDOUT	30	358.8	100.0	-428.14	11.66	0.25	418
colight	HELDOUT_MEAN	30	326.2	100.0	0.00	0.00	0.00	0
colight	TRAIN	31	379.9	31.4	-369.80	10.66	0.24	635
colight	TRAIN	32	437.0	36.1	-387.49	10.82	0.25	615
colight	TRAIN	33	392.2	37.2	-374.51	10.59	0.23	611
colight	TRAIN	34	398.4	52.1	-354.60	10.06	0.24	683
colight	TRAIN	35	386.3	35.3	-335.23	9.34	0.22	747
colight	TRAIN	36	336.1	54.4	-366.78	9.66	0.26	775
colight	TRAIN	37	388.8	40.6	-380.35	9.83	0.27	673
colight	TRAIN	38	340.9	49.2	-386.57	9.95	0.27	690
colight	TRAIN	39	409.5	44.1	-390.14	10.08	0.28	619
colight	TRAIN	40	339.7	32.3	-376.97	9.85	0.27	558
colight	HELDOUT	40	345.8	100.0	-388.72	10.09	0.28	500
colight	HELDOUT	40	346.4	100.0	-385.29	10.07	0.29	498
colight	HELDOUT	40	358.9	100.0	-411.26	10.60	0.29	495
colight	HELDOUT_MEAN	40	350.4	100.0	0.00	0.00	0.00	0
colight	TRAIN	41	331.8	43.5	-376.98	9.80	0.27	645
colight	TRAIN	42	378.2	43.8	-378.59	10.01	0.28	719
colight	TRAIN	43	409.6	40.1	-417.26	10.78	0.30	565
colight	TRAIN	44	403.5	44.1	-403.42	10.25	0.28	604
colight	TRAIN	45	315.3	43.8	-366.42	9.84	0.28	648
colight	TRAIN	46	350.1	44.4	-396.12	10.14	0.27	601
colight	TRAIN	47	331.4	50.0	-383.68	10.05	0.29	484
colight	TRAIN	48	371.9	46.5	-406.37	10.45	0.28	566
colight	TRAIN	49	435.5	54.1	-407.31	10.32	0.29	515
colight	TRAIN	50	353.2	51.3	-391.84	10.16	0.30	446
colight	HELDOUT	50	355.0	100.0	-411.94	10.59	0.28	532
colight	HELDOUT	50	357.2	100.0	-399.34	10.32	0.29	574
colight	HELDOUT	50	344.7	100.0	-415.89	10.64	0.29	568
colight	HELDOUT_MEAN	50	352.3	100.0	0.00	0.00	0.00	0
colight	TRAIN	51	398.7	48.6	-382.69	9.94	0.27	587
colight	TRAIN	52	333.9	50.0	-403.72	10.36	0.30	480
colight	TRAIN	53	392.0	47.6	-393.81	10.21	0.29	611
colight	TRAIN	54	421.0	54.8	-406.57	10.46	0.29	555
colight	TRAIN	55	377.5	62.8	-391.23	10.28	0.29	578
colight	TRAIN	56	351.5	58.3	-409.45	10.39	0.30	431
colight	TRAIN	57	373.1	45.7	-403.09	10.40	0.29	560
colight	TRAIN	58	380.8	47.6	-395.69	10.08	0.28	608
colight	TRAIN	59	402.0	49.0	-400.56	10.24	0.30	485
colight	TRAIN	60	353.6	62.1	-394.09	10.29	0.29	555
colight	HELDOUT	60	319.9	100.0	-404.88	10.43	0.28	529
colight	HELDOUT	60	323.8	100.0	-402.97	10.45	0.29	604
colight	HELDOUT	60	349.4	100.0	-420.12	10.68	0.29	588
colight	HELDOUT_MEAN	60	331.0	100.0	0.00	0.00	0.00	0
colight	TRAIN	61	347.3	59.9	-392.44	10.18	0.27	547
colight	TRAIN	62	348.0	55.6	-395.38	10.35	0.28	659
colight	TRAIN	63	355.6	49.5	-396.16	10.35	0.29	658
colight	TRAIN	64	370.2	48.0	-406.77	10.45	0.27	579
colight	TRAIN	65	343.6	67.7	-384.31	10.27	0.28	592
colight	TRAIN	66	353.3	62.2	-405.11	10.55	0.28	531
colight	TRAIN	67	354.5	68.4	-389.55	10.18	0.28	656
colight	TRAIN	68	365.4	56.8	-412.29	10.66	0.29	660
colight	TRAIN	69	345.5	65.5	-397.58	10.24	0.28	657
colight	TRAIN	70	421.6	65.2	-375.46	9.87	0.29	566
colight	HELDOUT	70	369.4	100.0	-400.64	10.37	0.28	664
colight	HELDOUT	70	333.2	100.0	-403.22	10.44	0.29	622
colight	HELDOUT	70	324.6	100.0	-417.83	10.70	0.29	567
colight	HELDOUT_MEAN	70	342.4	100.0	0.00	0.00	0.00	0
colight	TRAIN	71	447.8	67.8	-392.46	10.58	0.28	492
colight	TRAIN	72	388.3	65.2	-369.99	9.89	0.28	595
colight	TRAIN	73	375.3	63.8	-390.31	10.55	0.29	409
colight	TRAIN	74	415.1	74.1	-389.75	10.21	0.27	384
colight	TRAIN	75	398.2	72.0	-373.05	9.98	0.29	718
colight	TRAIN	76	437.6	73.9	-401.52	10.28	0.28	533
colight	TRAIN	77	375.4	70.1	-364.91	9.55	0.27	738
colight	TRAIN	78	422.3	67.4	-402.14	10.51	0.28	655
colight	TRAIN	79	362.4	64.3	-389.64	10.00	0.29	496
colight	TRAIN	80	366.5	67.7	-404.97	10.61	0.27	530
colight	HELDOUT	80	387.6	100.0	-405.14	10.35	0.28	533
colight	HELDOUT	80	351.6	100.0	-391.82	10.15	0.29	568
colight	HELDOUT	80	381.0	100.0	-410.76	10.57	0.29	559
colight	HELDOUT_MEAN	80	373.4	100.0	0.00	0.00	0.00	0
colight	TRAIN	81	345.2	72.9	-394.45	10.27	0.27	652
colight	TRAIN	82	320.4	74.2	-380.89	9.95	0.28	590
colight	TRAIN	83	355.0	79.4	-395.07	10.36	0.29	568
colight	TRAIN	84	344.1	72.5	-390.17	10.10	0.27	491
colight	TRAIN	85	375.6	75.5	-377.96	9.93	0.28	624
colight	TRAIN	86	339.8	58.1	-382.45	9.89	0.27	553
colight	TRAIN	87	307.3	50.1	-389.49	10.08	0.28	485
colight	TRAIN	88	338.6	58.5	-393.50	10.15	0.27	530
colight	TRAIN	89	365.7	48.0	-384.99	10.00	0.29	499
colight	TRAIN	90	363.9	52.4	-390.23	10.12	0.28	703
colight	HELDOUT	90	301.4	100.0	-405.57	10.48	0.28	452
colight	HELDOUT	90	342.4	100.0	-394.19	10.19	0.28	602
colight	HELDOUT	90	312.0	100.0	-408.36	10.48	0.28	517
colight	HELDOUT_MEAN	90	318.6	100.0	0.00	0.00	0.00	0
colight	TRAIN	91	344.9	52.0	-396.19	10.20	0.27	524
colight	TRAIN	92	333.2	45.6	-396.92	10.42	0.29	507
colight	TRAIN	93	368.4	55.2	-384.49	9.99	0.28	719
colight	TRAIN	94	391.1	44.8	-406.59	10.42	0.28	529
colight	TRAIN	95	381.6	41.1	-387.70	10.06	0.28	631
colight	TRAIN	96	378.6	48.6	-396.26	10.21	0.27	606
colight	TRAIN	97	317.9	45.6	-395.27	10.25	0.29	478
colight	TRAIN	98	356.6	54.8	-395.49	10.32	0.27	590
colight	TRAIN	99	410.1	53.8	-399.56	10.13	0.28	556
colight	TRAIN	100	399.6	45.8	-397.44	10.31	0.29	486
colight	HELDOUT	100	330.6	100.0	-395.66	10.40	0.28	399
colight	HELDOUT	100	344.6	100.0	-400.42	10.41	0.29	417
colight	HELDOUT	100	332.8	100.0	-411.97	10.67	0.28	400
colight	HELDOUT_MEAN	100	336.0	100.0	0.00	0.00	0.00	0
colight	TRAIN	101	393.9	66.9	-395.87	10.26	0.28	464
colight	TRAIN	102	347.8	58.7	-383.76	10.09	0.28	593
colight	TRAIN	103	395.6	52.2	-400.15	10.38	0.29	596
colight	TRAIN	104	313.9	54.2	-397.75	10.32	0.27	511
colight	TRAIN	105	319.3	64.0	-378.58	10.09	0.27	498
colight	TRAIN	106	315.5	55.4	-388.68	9.95	0.27	497
colight	TRAIN	107	341.1	65.7	-388.82	10.20	0.28	539
colight	TRAIN	108	344.5	73.0	-387.16	10.08	0.26	667
colight	TRAIN	109	353.7	70.0	-397.32	10.27	0.29	483
colight	TRAIN	110	354.6	59.8	-374.41	9.78	0.28	555
colight	HELDOUT	110	367.8	100.0	-405.64	10.48	0.29	524
colight	HELDOUT	110	329.5	100.0	-398.68	10.31	0.29	602
colight	HELDOUT	110	326.7	100.0	-401.61	10.38	0.29	553
colight	HELDOUT_MEAN	110	341.3	100.0	0.00	0.00	0.00	0
colight	TRAIN	111	304.0	59.2	-385.71	10.03	0.27	612
colight	TRAIN	112	306.1	66.3	-389.34	10.19	0.28	572
colight	TRAIN	113	331.7	75.8	-396.05	10.42	0.29	569
colight	TRAIN	114	357.8	70.0	-383.90	9.91	0.26	589
colight	TRAIN	115	353.8	76.7	-385.05	10.14	0.28	652
colight	TRAIN	116	358.6	65.1	-366.66	9.53	0.26	616
colight	TRAIN	117	385.1	57.3	-385.39	10.01	0.28	586
colight	TRAIN	118	315.3	47.9	-383.20	9.93	0.27	523
colight	TRAIN	119	380.9	66.4	-397.81	10.23	0.29	519
colight	TRAIN	120	352.4	71.9	-388.96	10.16	0.28	607
colight	HELDOUT	120	332.0	100.0	-397.88	10.24	0.27	559
colight	HELDOUT	120	361.1	100.0	-401.34	10.38	0.28	590
colight	HELDOUT	120	331.3	100.0	-415.91	10.58	0.28	544
colight	HELDOUT_MEAN	120	341.5	100.0	0.00	0.00	0.00	0
colight	TRAIN	121	371.1	69.1	-388.69	10.11	0.27	546
colight	TRAIN	122	356.6	68.4	-390.03	10.14	0.28	600
colight	TRAIN	123	338.4	73.2	-375.86	9.95	0.29	559
colight	TRAIN	124	342.2	52.7	-389.39	10.10	0.27	473
colight	TRAIN	125	387.0	73.7	-372.01	9.84	0.28	566
colight	TRAIN	126	356.3	77.0	-373.14	9.67	0.26	645
colight	TRAIN	127	315.6	80.6	-382.56	9.98	0.27	564
colight	TRAIN	128	340.6	70.5	-398.60	10.41	0.27	592
colight	TRAIN	129	345.8	82.4	-385.62	9.99	0.29	541
colight	TRAIN	130	354.6	65.8	-381.87	9.90	0.27	627
colight	HELDOUT	130	365.2	100.0	-411.51	10.42	0.29	532
colight	HELDOUT	130	377.3	100.0	-381.97	9.90	0.29	637
colight	HELDOUT	130	370.7	100.0	-393.22	10.11	0.28	627
colight	HELDOUT_MEAN	130	371.1	100.0	0.00	0.00	0.00	0
colight	TRAIN	131	340.1	65.1	-371.03	9.66	0.26	625
colight	TRAIN	132	335.3	81.1	-360.98	9.51	0.27	651
colight	TRAIN	133	365.3	70.9	-378.70	10.04	0.28	665
colight	TRAIN	134	356.5	69.4	-369.66	9.81	0.25	649
colight	TRAIN	135	346.7	58.5	-377.16	9.76	0.28	668
colight	TRAIN	136	377.2	60.3	-376.29	9.88	0.27	591
colight	TRAIN	137	341.4	64.8	-383.44	9.97	0.28	575
colight	TRAIN	138	349.2	68.7	-401.40	10.41	0.27	672
colight	TRAIN	139	384.6	61.1	-389.97	10.04	0.28	674
colight	HELDOUT	500	339.0	100.0	-403.05	10.33	0.28	546
colight	HELDOUT	500	347.9	100.0	-412.53	10.50	0.29	548
colight	HELDOUT	500	319.5	100.0	-433.61	10.90	0.29	457
colight	HELDOUT_MEAN	500	335.5	100.0	0.00	0.00	0.00	0
colight	HELDOUT	90	337.0	100.0	-400.91	10.29	0.28	545
colight	HELDOUT	90	325.1	100.0	-397.28	10.21	0.29	555
colight	HELDOUT	90	330.0	100.0	-415.41	10.61	0.29	521
colight	HELDOUT_MEAN	90	330.7	100.0	0.00	0.00	0.00	0
